CNF written.
CNF written.
CNF written.
CNF written.
CNF written.
CNF written.
CNF written.
CNF written.
CNF written.
CNF written.
CNF written.
CNF written.
CNF written.
CNF written.
CNF written.
CNF written.
CNF written.
CNF written.
CNF written.
CNF written.
CNF written.
CNF written.
CNF written.
CNF written.
CNF written.
CNF written.
CNF written.
CNF written.
CNF written.
CNF written.
CNF written.
CNF written.
CNF written.
CNF written.
CNF written.
CNF written.
CNF written.
CNF written.
CNF written.
CNF written.
CNF written.
CNF written.
CNF written.
CNF written.
CNF written.
CNF written.
CNF written.
CNF written.
CNF written.
CNF written.
CNF written.
CNF written.
CNF written.
CNF written.
CNF written.
CNF written.
CNF written.
CNF written.
CNF written.
CNF written.
CNF written.
CNF written.
CNF written.
CNF written.
CNF written.
CNF written.
CNF written.
CNF written.
CNF written.
CNF written.
CNF written.
CNF written.
CNF written.
CNF written.
CNF written.
CNF written.
CNF written.
CNF written.
CNF written.
CNF written.
CNF written.
CNF written.
CNF written.
CNF written.
CNF written.
CNF written.
CNF written.
CNF written.
CNF written.
CNF written.
CNF written.
CNF written.
CNF written.
CNF written.
CNF written.
CNF written.
CNF written.
CNF written.
CNF written.
CNF written.
CNF written.
CNF written.
CNF written.
CNF written.
CNF written.
CNF written.
CNF written.
CNF written.
CNF written.
CNF written.
CNF written.
CNF written.
CNF written.
CNF written.
CNF written.
CNF written.
CNF written.
CNF written.
CNF written.
CNF written.
CNF written.
CNF written.
CNF written.
CNF written.
CNF written.
CNF written.
CNF written.
CNF written.
CNF written.
CNF written.
CNF written.
CNF written.
CNF written.
CNF written.
CNF written.
CNF written.
CNF written.
CNF written.
CNF written.
CNF written.
CNF written.
CNF written.
CNF written.
CNF written.
CNF written.
CNF written.
CNF written.
CNF written.
CNF written.
CNF written.
CNF written.
CNF written.
CNF written.
CNF written.
CNF written.
CNF written.
CNF written.
CNF written.
CNF written.
CNF written.
CNF written.
CNF written.
CNF written.
CNF written.
CNF written.
CNF written.
CNF written.
CNF written.
CNF written.
CNF written.
CNF written.
CNF written.
CNF written.
CNF written.
CNF written.
CNF written.
CNF written.
CNF written.
CNF written.
CNF written.
CNF written.
CNF written.
CNF written.
CNF written.
CNF written.
CNF written.
CNF written.
CNF written.
CNF written.
CNF written.
CNF written.
CNF written.
CNF written.
CNF written.
CNF written.
CNF written.
CNF written.
CNF written.
CNF written.
CNF written.
CNF written.
CNF written.
CNF written.
CNF written.
CNF written.
CNF written.
CNF written.
CNF written.
CNF written.
CNF written.
CNF written.
CNF written.
CNF written.
CNF written.
CNF written.
CNF written.
CNF written.
CNF written.
CNF written.
CNF written.
CNF written.
CNF written.
CNF written.
CNF written.
CNF written.
CNF written.
CNF written.
CNF written.
CNF written.
CNF written.
CNF written.
CNF written.
CNF written.
CNF written.
CNF written.
CNF written.
CNF written.
[2025-12-12 07:57:05] [generate_and_run_up_to_limit] Generating and running 139444p22 with K<=500 up to limit 1600
[2025-12-12 07:57:05] [generate_cnf] Generating formula 139444p22 with K=1
[2025-12-12 07:57:05] [run_formula] Running formula 139444p22 with K=1 up to limit 1600
[2025-12-12 07:57:05] [generate_cnf] Generating formula 139444p22 with K=2
[2025-12-12 07:57:05] [run_formula] Running formula 139444p22 with K=2 up to limit 1600
[2025-12-12 07:57:05] [generate_cnf] Generating formula 139444p22 with K=3
[2025-12-12 07:57:06] [run_formula] Running formula 139444p22 with K=3 up to limit 1600
[2025-12-12 07:57:06] [generate_cnf] Generating formula 139444p22 with K=4
[2025-12-12 07:57:06] [run_formula] Running formula 139444p22 with K=4 up to limit 1600
[2025-12-12 07:57:06] [generate_cnf] Generating formula 139444p22 with K=5
[2025-12-12 07:57:06] [run_formula] Running formula 139444p22 with K=5 up to limit 1600
[2025-12-12 07:57:06] [generate_cnf] Generating formula 139444p22 with K=6
[2025-12-12 07:57:06] [run_formula] Running formula 139444p22 with K=6 up to limit 1600
[2025-12-12 07:57:06] [generate_cnf] Generating formula 139444p22 with K=7
[2025-12-12 07:57:07] [run_formula] Running formula 139444p22 with K=7 up to limit 1600
[2025-12-12 07:57:07] [generate_cnf] Generating formula 139444p22 with K=8
[2025-12-12 07:57:07] [run_formula] Running formula 139444p22 with K=8 up to limit 1600
[2025-12-12 07:57:07] [generate_cnf] Generating formula 139444p22 with K=9
[2025-12-12 07:57:07] [run_formula] Running formula 139444p22 with K=9 up to limit 1600
[2025-12-12 07:57:07] [generate_cnf] Generating formula 139444p22 with K=10
[2025-12-12 07:57:08] [run_formula] Running formula 139444p22 with K=10 up to limit 1600
[2025-12-12 07:57:08] [generate_cnf] Generating formula 139444p22 with K=11
[2025-12-12 07:57:08] [run_formula] Running formula 139444p22 with K=11 up to limit 1600
[2025-12-12 07:57:09] [generate_cnf] Generating formula 139444p22 with K=12
[2025-12-12 07:57:09] [run_formula] Running formula 139444p22 with K=12 up to limit 1600
[2025-12-12 07:57:09] [generate_cnf] Generating formula 139444p22 with K=13
[2025-12-12 07:57:09] [run_formula] Running formula 139444p22 with K=13 up to limit 1600
[2025-12-12 07:57:10] [generate_cnf] Generating formula 139444p22 with K=14
[2025-12-12 07:57:10] [run_formula] Running formula 139444p22 with K=14 up to limit 1600
[2025-12-12 07:57:10] [generate_cnf] Generating formula 139444p22 with K=15
[2025-12-12 07:57:11] [run_formula] Running formula 139444p22 with K=15 up to limit 1600
[2025-12-12 07:57:11] [generate_cnf] Generating formula 139444p22 with K=16
[2025-12-12 07:57:11] [run_formula] Running formula 139444p22 with K=16 up to limit 1600
[2025-12-12 07:57:12] [generate_cnf] Generating formula 139444p22 with K=17
[2025-12-12 07:57:12] [run_formula] Running formula 139444p22 with K=17 up to limit 1600
[2025-12-12 07:57:13] [generate_cnf] Generating formula 139444p22 with K=18
[2025-12-12 07:57:13] [run_formula] Running formula 139444p22 with K=18 up to limit 1600
[2025-12-12 07:57:14] [generate_cnf] Generating formula 139444p22 with K=19
[2025-12-12 07:57:14] [run_formula] Running formula 139444p22 with K=19 up to limit 1600
[2025-12-12 07:57:15] [generate_cnf] Generating formula 139444p22 with K=20
[2025-12-12 07:57:15] [run_formula] Running formula 139444p22 with K=20 up to limit 1600
[2025-12-12 07:57:15] [generate_cnf] Generating formula 139444p22 with K=21
[2025-12-12 07:57:16] [run_formula] Running formula 139444p22 with K=21 up to limit 1600
[2025-12-12 07:57:16] [generate_cnf] Generating formula 139444p22 with K=22
[2025-12-12 07:57:17] [run_formula] Running formula 139444p22 with K=22 up to limit 1600
[2025-12-12 07:57:17] [generate_cnf] Generating formula 139444p22 with K=23
[2025-12-12 07:57:18] [run_formula] Running formula 139444p22 with K=23 up to limit 1600
[2025-12-12 07:57:18] [generate_cnf] Generating formula 139444p22 with K=24
[2025-12-12 07:57:19] [run_formula] Running formula 139444p22 with K=24 up to limit 1600
[2025-12-12 07:57:19] [generate_cnf] Generating formula 139444p22 with K=25
[2025-12-12 07:57:20] [run_formula] Running formula 139444p22 with K=25 up to limit 1600
[2025-12-12 07:57:20] [generate_cnf] Generating formula 139444p22 with K=26
[2025-12-12 07:57:21] [run_formula] Running formula 139444p22 with K=26 up to limit 1600
[2025-12-12 07:57:22] [generate_cnf] Generating formula 139444p22 with K=27
[2025-12-12 07:57:22] [run_formula] Running formula 139444p22 with K=27 up to limit 1600
[2025-12-12 07:57:23] [generate_cnf] Generating formula 139444p22 with K=28
[2025-12-12 07:57:24] [run_formula] Running formula 139444p22 with K=28 up to limit 1600
[2025-12-12 07:57:24] [generate_cnf] Generating formula 139444p22 with K=29
[2025-12-12 07:57:25] [run_formula] Running formula 139444p22 with K=29 up to limit 1600
[2025-12-12 07:57:26] [generate_cnf] Generating formula 139444p22 with K=30
[2025-12-12 07:57:27] [run_formula] Running formula 139444p22 with K=30 up to limit 1600
[2025-12-12 07:57:27] [generate_cnf] Generating formula 139444p22 with K=31
[2025-12-12 07:57:28] [run_formula] Running formula 139444p22 with K=31 up to limit 1600
[2025-12-12 07:57:29] [generate_cnf] Generating formula 139444p22 with K=32
[2025-12-12 07:57:29] [run_formula] Running formula 139444p22 with K=32 up to limit 1600
[2025-12-12 07:57:30] [generate_cnf] Generating formula 139444p22 with K=33
[2025-12-12 07:57:31] [run_formula] Running formula 139444p22 with K=33 up to limit 1600
[2025-12-12 07:57:32] [generate_cnf] Generating formula 139444p22 with K=34
[2025-12-12 07:57:32] [run_formula] Running formula 139444p22 with K=34 up to limit 1600
[2025-12-12 07:57:33] [generate_cnf] Generating formula 139444p22 with K=35
[2025-12-12 07:57:34] [run_formula] Running formula 139444p22 with K=35 up to limit 1600
[2025-12-12 07:57:34] [generate_cnf] Generating formula 139444p22 with K=36
[2025-12-12 07:57:35] [run_formula] Running formula 139444p22 with K=36 up to limit 1600
[2025-12-12 07:57:36] [generate_cnf] Generating formula 139444p22 with K=37
[2025-12-12 07:57:37] [run_formula] Running formula 139444p22 with K=37 up to limit 1600
[2025-12-12 07:57:37] [generate_cnf] Generating formula 139444p22 with K=38
[2025-12-12 07:57:38] [run_formula] Running formula 139444p22 with K=38 up to limit 1600
[2025-12-12 07:57:39] [generate_cnf] Generating formula 139444p22 with K=39
[2025-12-12 07:57:40] [run_formula] Running formula 139444p22 with K=39 up to limit 1600
[2025-12-12 07:57:41] [generate_cnf] Generating formula 139444p22 with K=40
[2025-12-12 07:57:41] [run_formula] Running formula 139444p22 with K=40 up to limit 1600
[2025-12-12 07:57:42] [generate_cnf] Generating formula 139444p22 with K=41
[2025-12-12 07:57:43] [run_formula] Running formula 139444p22 with K=41 up to limit 1600
[2025-12-12 07:57:44] [generate_cnf] Generating formula 139444p22 with K=42
[2025-12-12 07:57:45] [run_formula] Running formula 139444p22 with K=42 up to limit 1600
[2025-12-12 07:57:46] [generate_cnf] Generating formula 139444p22 with K=43
[2025-12-12 07:57:47] [run_formula] Running formula 139444p22 with K=43 up to limit 1600
[2025-12-12 07:57:48] [generate_cnf] Generating formula 139444p22 with K=44
[2025-12-12 07:57:49] [run_formula] Running formula 139444p22 with K=44 up to limit 1600
[2025-12-12 07:57:50] [generate_cnf] Generating formula 139444p22 with K=45
[2025-12-12 07:57:51] [run_formula] Running formula 139444p22 with K=45 up to limit 1600
[2025-12-12 07:57:52] [generate_cnf] Generating formula 139444p22 with K=46
[2025-12-12 07:57:53] [run_formula] Running formula 139444p22 with K=46 up to limit 1600
[2025-12-12 07:57:54] [generate_cnf] Generating formula 139444p22 with K=47
[2025-12-12 07:57:55] [run_formula] Running formula 139444p22 with K=47 up to limit 1600
[2025-12-12 07:57:57] [generate_cnf] Generating formula 139444p22 with K=48
[2025-12-12 07:57:58] [run_formula] Running formula 139444p22 with K=48 up to limit 1600
[2025-12-12 07:57:59] [generate_cnf] Generating formula 139444p22 with K=49
[2025-12-12 07:58:00] [run_formula] Running formula 139444p22 with K=49 up to limit 1600
[2025-12-12 07:58:01] [generate_cnf] Generating formula 139444p22 with K=50
[2025-12-12 07:58:03] [run_formula] Running formula 139444p22 with K=50 up to limit 1600
[2025-12-12 07:58:04] [generate_cnf] Generating formula 139444p22 with K=51
[2025-12-12 07:58:05] [run_formula] Running formula 139444p22 with K=51 up to limit 1600
[2025-12-12 07:58:06] [generate_cnf] Generating formula 139444p22 with K=52
[2025-12-12 07:58:07] [run_formula] Running formula 139444p22 with K=52 up to limit 1600
[2025-12-12 07:58:08] [generate_cnf] Generating formula 139444p22 with K=53
[2025-12-12 07:58:09] [run_formula] Running formula 139444p22 with K=53 up to limit 1600
[2025-12-12 07:58:11] [generate_cnf] Generating formula 139444p22 with K=54
[2025-12-12 07:58:12] [run_formula] Running formula 139444p22 with K=54 up to limit 1600
[2025-12-12 07:58:13] [generate_cnf] Generating formula 139444p22 with K=55
[2025-12-12 07:58:14] [run_formula] Running formula 139444p22 with K=55 up to limit 1600
[2025-12-12 07:58:15] [generate_cnf] Generating formula 139444p22 with K=56
[2025-12-12 07:58:17] [run_formula] Running formula 139444p22 with K=56 up to limit 1600
[2025-12-12 07:58:18] [generate_cnf] Generating formula 139444p22 with K=57
[2025-12-12 07:58:19] [run_formula] Running formula 139444p22 with K=57 up to limit 1600
[2025-12-12 07:58:21] [generate_cnf] Generating formula 139444p22 with K=58
[2025-12-12 07:58:23] [run_formula] Running formula 139444p22 with K=58 up to limit 1600
[2025-12-12 07:58:24] [generate_cnf] Generating formula 139444p22 with K=59
[2025-12-12 07:58:25] [run_formula] Running formula 139444p22 with K=59 up to limit 1600
[2025-12-12 07:58:27] [generate_cnf] Generating formula 139444p22 with K=60
[2025-12-12 07:58:28] [run_formula] Running formula 139444p22 with K=60 up to limit 1600
[2025-12-12 07:58:30] [generate_cnf] Generating formula 139444p22 with K=61
[2025-12-12 07:58:31] [run_formula] Running formula 139444p22 with K=61 up to limit 1600
[2025-12-12 07:58:33] [generate_cnf] Generating formula 139444p22 with K=62
[2025-12-12 07:58:35] [run_formula] Running formula 139444p22 with K=62 up to limit 1600
[2025-12-12 07:58:37] [generate_cnf] Generating formula 139444p22 with K=63
[2025-12-12 07:58:38] [run_formula] Running formula 139444p22 with K=63 up to limit 1600
[2025-12-12 07:58:41] [generate_cnf] Generating formula 139444p22 with K=64
[2025-12-12 07:58:42] [run_formula] Running formula 139444p22 with K=64 up to limit 1600
[2025-12-12 07:58:45] [generate_cnf] Generating formula 139444p22 with K=65
[2025-12-12 07:58:46] [run_formula] Running formula 139444p22 with K=65 up to limit 1600
[2025-12-12 07:58:47] [generate_cnf] Generating formula 139444p22 with K=66
[2025-12-12 07:58:49] [run_formula] Running formula 139444p22 with K=66 up to limit 1600
[2025-12-12 07:58:52] [generate_cnf] Generating formula 139444p22 with K=67
[2025-12-12 07:58:54] [run_formula] Running formula 139444p22 with K=67 up to limit 1600
[2025-12-12 07:58:56] [generate_cnf] Generating formula 139444p22 with K=68
[2025-12-12 07:58:57] [run_formula] Running formula 139444p22 with K=68 up to limit 1600
[2025-12-12 07:58:59] [generate_cnf] Generating formula 139444p22 with K=69
[2025-12-12 07:59:00] [run_formula] Running formula 139444p22 with K=69 up to limit 1600
[2025-12-12 07:59:02] [generate_cnf] Generating formula 139444p22 with K=70
[2025-12-12 07:59:03] [run_formula] Running formula 139444p22 with K=70 up to limit 1600
[2025-12-12 07:59:05] [generate_cnf] Generating formula 139444p22 with K=71
[2025-12-12 07:59:07] [run_formula] Running formula 139444p22 with K=71 up to limit 1600
[2025-12-12 07:59:09] [generate_cnf] Generating formula 139444p22 with K=72
[2025-12-12 07:59:10] [run_formula] Running formula 139444p22 with K=72 up to limit 1600
[2025-12-12 07:59:12] [generate_cnf] Generating formula 139444p22 with K=73
[2025-12-12 07:59:14] [run_formula] Running formula 139444p22 with K=73 up to limit 1600
[2025-12-12 07:59:15] [generate_cnf] Generating formula 139444p22 with K=74
[2025-12-12 07:59:17] [run_formula] Running formula 139444p22 with K=74 up to limit 1600
[2025-12-12 07:59:18] [generate_cnf] Generating formula 139444p22 with K=75
[2025-12-12 07:59:20] [run_formula] Running formula 139444p22 with K=75 up to limit 1600
[2025-12-12 07:59:22] [generate_cnf] Generating formula 139444p22 with K=76
[2025-12-12 07:59:23] [run_formula] Running formula 139444p22 with K=76 up to limit 1600
[2025-12-12 07:59:25] [generate_cnf] Generating formula 139444p22 with K=77
[2025-12-12 07:59:27] [run_formula] Running formula 139444p22 with K=77 up to limit 1600
[2025-12-12 07:59:28] [generate_cnf] Generating formula 139444p22 with K=78
[2025-12-12 07:59:30] [run_formula] Running formula 139444p22 with K=78 up to limit 1600
[2025-12-12 07:59:32] [generate_cnf] Generating formula 139444p22 with K=79
[2025-12-12 07:59:34] [run_formula] Running formula 139444p22 with K=79 up to limit 1600
[2025-12-12 07:59:36] [generate_cnf] Generating formula 139444p22 with K=80
[2025-12-12 07:59:37] [run_formula] Running formula 139444p22 with K=80 up to limit 1600
[2025-12-12 07:59:39] [generate_cnf] Generating formula 139444p22 with K=81
[2025-12-12 07:59:41] [run_formula] Running formula 139444p22 with K=81 up to limit 1600
[2025-12-12 07:59:43] [generate_cnf] Generating formula 139444p22 with K=82
[2025-12-12 07:59:45] [run_formula] Running formula 139444p22 with K=82 up to limit 1600
[2025-12-12 07:59:47] [generate_cnf] Generating formula 139444p22 with K=83
[2025-12-12 07:59:49] [run_formula] Running formula 139444p22 with K=83 up to limit 1600
[2025-12-12 07:59:50] [generate_cnf] Generating formula 139444p22 with K=84
[2025-12-12 07:59:52] [run_formula] Running formula 139444p22 with K=84 up to limit 1600
[2025-12-12 07:59:54] [generate_cnf] Generating formula 139444p22 with K=85
[2025-12-12 07:59:56] [run_formula] Running formula 139444p22 with K=85 up to limit 1600
[2025-12-12 07:59:58] [generate_cnf] Generating formula 139444p22 with K=86
[2025-12-12 08:00:00] [run_formula] Running formula 139444p22 with K=86 up to limit 1600
[2025-12-12 08:00:02] [generate_cnf] Generating formula 139444p22 with K=87
[2025-12-12 08:00:04] [run_formula] Running formula 139444p22 with K=87 up to limit 1600
[2025-12-12 08:00:05] [generate_cnf] Generating formula 139444p22 with K=88
[2025-12-12 08:00:07] [run_formula] Running formula 139444p22 with K=88 up to limit 1600
[2025-12-12 08:00:09] [generate_cnf] Generating formula 139444p22 with K=89
[2025-12-12 08:00:11] [run_formula] Running formula 139444p22 with K=89 up to limit 1600
[2025-12-12 08:00:13] [generate_cnf] Generating formula 139444p22 with K=90
[2025-12-12 08:00:15] [run_formula] Running formula 139444p22 with K=90 up to limit 1600
[2025-12-12 08:00:18] [generate_cnf] Generating formula 139444p22 with K=91
[2025-12-12 08:00:20] [run_formula] Running formula 139444p22 with K=91 up to limit 1600
[2025-12-12 08:00:22] [generate_cnf] Generating formula 139444p22 with K=92
[2025-12-12 08:00:24] [run_formula] Running formula 139444p22 with K=92 up to limit 1600
[2025-12-12 08:00:27] [generate_cnf] Generating formula 139444p22 with K=93
[2025-12-12 08:00:29] [run_formula] Running formula 139444p22 with K=93 up to limit 1600
[2025-12-12 08:00:31] [generate_cnf] Generating formula 139444p22 with K=94
[2025-12-12 08:00:33] [run_formula] Running formula 139444p22 with K=94 up to limit 1600
[2025-12-12 08:00:35] [generate_cnf] Generating formula 139444p22 with K=95
[2025-12-12 08:00:37] [run_formula] Running formula 139444p22 with K=95 up to limit 1600
[2025-12-12 08:00:39] [generate_cnf] Generating formula 139444p22 with K=96
[2025-12-12 08:00:41] [run_formula] Running formula 139444p22 with K=96 up to limit 1600
[2025-12-12 08:00:44] [generate_cnf] Generating formula 139444p22 with K=97
[2025-12-12 08:00:46] [run_formula] Running formula 139444p22 with K=97 up to limit 1600
[2025-12-12 08:00:48] [generate_cnf] Generating formula 139444p22 with K=98
[2025-12-12 08:00:50] [run_formula] Running formula 139444p22 with K=98 up to limit 1600
[2025-12-12 08:00:53] [generate_cnf] Generating formula 139444p22 with K=99
[2025-12-12 08:00:55] [run_formula] Running formula 139444p22 with K=99 up to limit 1600
[2025-12-12 08:01:00] [generate_cnf] Generating formula 139444p22 with K=100
[2025-12-12 08:01:03] [run_formula] Running formula 139444p22 with K=100 up to limit 1600
[2025-12-12 08:01:07] [generate_cnf] Generating formula 139444p22 with K=101
[2025-12-12 08:01:09] [run_formula] Running formula 139444p22 with K=101 up to limit 1600
[2025-12-12 08:01:14] [generate_cnf] Generating formula 139444p22 with K=102
[2025-12-12 08:01:17] [run_formula] Running formula 139444p22 with K=102 up to limit 1600
[2025-12-12 08:01:19] [generate_cnf] Generating formula 139444p22 with K=103
[2025-12-12 08:01:22] [run_formula] Running formula 139444p22 with K=103 up to limit 1600
[2025-12-12 08:01:25] [generate_cnf] Generating formula 139444p22 with K=104
[2025-12-12 08:01:27] [run_formula] Running formula 139444p22 with K=104 up to limit 1600
[2025-12-12 08:01:33] [generate_cnf] Generating formula 139444p22 with K=105
[2025-12-12 08:01:35] [run_formula] Running formula 139444p22 with K=105 up to limit 1600
[2025-12-12 08:01:39] [generate_cnf] Generating formula 139444p22 with K=106
[2025-12-12 08:01:41] [run_formula] Running formula 139444p22 with K=106 up to limit 1600
[2025-12-12 08:01:43] [generate_cnf] Generating formula 139444p22 with K=107
[2025-12-12 08:01:45] [run_formula] Running formula 139444p22 with K=107 up to limit 1600
[2025-12-12 08:01:49] [generate_cnf] Generating formula 139444p22 with K=108
[2025-12-12 08:01:51] [run_formula] Running formula 139444p22 with K=108 up to limit 1600
[2025-12-12 08:01:57] [generate_cnf] Generating formula 139444p22 with K=109
[2025-12-12 08:01:59] [run_formula] Running formula 139444p22 with K=109 up to limit 1600
[2025-12-12 08:02:03] [generate_cnf] Generating formula 139444p22 with K=110
[2025-12-12 08:02:05] [run_formula] Running formula 139444p22 with K=110 up to limit 1600
[2025-12-12 08:02:08] [generate_cnf] Generating formula 139444p22 with K=111
[2025-12-12 08:02:10] [run_formula] Running formula 139444p22 with K=111 up to limit 1600
[2025-12-12 08:02:14] [generate_cnf] Generating formula 139444p22 with K=112
[2025-12-12 08:02:16] [run_formula] Running formula 139444p22 with K=112 up to limit 1600
[2025-12-12 08:02:19] [generate_cnf] Generating formula 139444p22 with K=113
[2025-12-12 08:02:21] [run_formula] Running formula 139444p22 with K=113 up to limit 1600
[2025-12-12 08:02:25] [generate_cnf] Generating formula 139444p22 with K=114
[2025-12-12 08:02:27] [run_formula] Running formula 139444p22 with K=114 up to limit 1600
[2025-12-12 08:02:33] [generate_cnf] Generating formula 139444p22 with K=115
[2025-12-12 08:02:36] [run_formula] Running formula 139444p22 with K=115 up to limit 1600
[2025-12-12 08:02:39] [generate_cnf] Generating formula 139444p22 with K=116
[2025-12-12 08:02:42] [run_formula] Running formula 139444p22 with K=116 up to limit 1600
[2025-12-12 08:02:45] [generate_cnf] Generating formula 139444p22 with K=117
[2025-12-12 08:02:47] [run_formula] Running formula 139444p22 with K=117 up to limit 1600
[2025-12-12 08:02:51] [generate_cnf] Generating formula 139444p22 with K=118
[2025-12-12 08:02:54] [run_formula] Running formula 139444p22 with K=118 up to limit 1600
[2025-12-12 08:02:57] [generate_cnf] Generating formula 139444p22 with K=119
[2025-12-12 08:03:00] [run_formula] Running formula 139444p22 with K=119 up to limit 1600
[2025-12-12 08:03:04] [generate_cnf] Generating formula 139444p22 with K=120
[2025-12-12 08:03:06] [run_formula] Running formula 139444p22 with K=120 up to limit 1600
[2025-12-12 08:03:12] [generate_cnf] Generating formula 139444p22 with K=121
[2025-12-12 08:03:15] [run_formula] Running formula 139444p22 with K=121 up to limit 1600
[2025-12-12 08:03:19] [generate_cnf] Generating formula 139444p22 with K=122
[2025-12-12 08:03:22] [run_formula] Running formula 139444p22 with K=122 up to limit 1600
[2025-12-12 08:03:26] [generate_cnf] Generating formula 139444p22 with K=123
[2025-12-12 08:03:28] [run_formula] Running formula 139444p22 with K=123 up to limit 1600
[2025-12-12 08:03:33] [generate_cnf] Generating formula 139444p22 with K=124
[2025-12-12 08:03:36] [run_formula] Running formula 139444p22 with K=124 up to limit 1600
[2025-12-12 08:03:39] [generate_cnf] Generating formula 139444p22 with K=125
[2025-12-12 08:03:42] [run_formula] Running formula 139444p22 with K=125 up to limit 1600
[2025-12-12 08:03:49] [generate_cnf] Generating formula 139444p22 with K=126
[2025-12-12 08:03:52] [run_formula] Running formula 139444p22 with K=126 up to limit 1600
[2025-12-12 08:03:59] [generate_cnf] Generating formula 139444p22 with K=127
[2025-12-12 08:04:02] [run_formula] Running formula 139444p22 with K=127 up to limit 1600
[2025-12-12 08:04:06] [generate_cnf] Generating formula 139444p22 with K=128
[2025-12-12 08:04:09] [run_formula] Running formula 139444p22 with K=128 up to limit 1600
[2025-12-12 08:04:13] [generate_cnf] Generating formula 139444p22 with K=129
[2025-12-12 08:04:15] [run_formula] Running formula 139444p22 with K=129 up to limit 1600
[2025-12-12 08:04:20] [generate_cnf] Generating formula 139444p22 with K=130
[2025-12-12 08:04:22] [run_formula] Running formula 139444p22 with K=130 up to limit 1600
[2025-12-12 08:04:26] [generate_cnf] Generating formula 139444p22 with K=131
[2025-12-12 08:04:29] [run_formula] Running formula 139444p22 with K=131 up to limit 1600
[2025-12-12 08:04:33] [generate_cnf] Generating formula 139444p22 with K=132
[2025-12-12 08:04:35] [run_formula] Running formula 139444p22 with K=132 up to limit 1600
[2025-12-12 08:04:43] [generate_cnf] Generating formula 139444p22 with K=133
[2025-12-12 08:04:46] [run_formula] Running formula 139444p22 with K=133 up to limit 1600
[2025-12-12 08:04:51] [generate_cnf] Generating formula 139444p22 with K=134
[2025-12-12 08:04:53] [run_formula] Running formula 139444p22 with K=134 up to limit 1600
[2025-12-12 08:04:57] [generate_cnf] Generating formula 139444p22 with K=135
[2025-12-12 08:05:00] [run_formula] Running formula 139444p22 with K=135 up to limit 1600
[2025-12-12 08:05:04] [generate_cnf] Generating formula 139444p22 with K=136
[2025-12-12 08:05:07] [run_formula] Running formula 139444p22 with K=136 up to limit 1600
[2025-12-12 08:05:11] [generate_cnf] Generating formula 139444p22 with K=137
[2025-12-12 08:05:17] [run_formula] Running formula 139444p22 with K=137 up to limit 1600
[2025-12-12 08:05:22] [generate_cnf] Generating formula 139444p22 with K=138
[2025-12-12 08:05:25] [run_formula] Running formula 139444p22 with K=138 up to limit 1600
[2025-12-12 08:05:32] [generate_cnf] Generating formula 139444p22 with K=139
[2025-12-12 08:05:35] [run_formula] Running formula 139444p22 with K=139 up to limit 1600
[2025-12-12 08:05:40] [generate_cnf] Generating formula 139444p22 with K=140
[2025-12-12 08:05:43] [run_formula] Running formula 139444p22 with K=140 up to limit 1600
[2025-12-12 08:05:46] [generate_cnf] Generating formula 139444p22 with K=141
[2025-12-12 08:05:49] [run_formula] Running formula 139444p22 with K=141 up to limit 1600
[2025-12-12 08:05:54] [generate_cnf] Generating formula 139444p22 with K=142
[2025-12-12 08:05:57] [run_formula] Running formula 139444p22 with K=142 up to limit 1600
[2025-12-12 08:06:01] [generate_cnf] Generating formula 139444p22 with K=143
[2025-12-12 08:06:04] [run_formula] Running formula 139444p22 with K=143 up to limit 1600
[2025-12-12 08:06:08] [generate_cnf] Generating formula 139444p22 with K=144
[2025-12-12 08:06:12] [run_formula] Running formula 139444p22 with K=144 up to limit 1600
[2025-12-12 08:06:19] [generate_cnf] Generating formula 139444p22 with K=145
[2025-12-12 08:06:22] [run_formula] Running formula 139444p22 with K=145 up to limit 1600
[2025-12-12 08:06:27] [generate_cnf] Generating formula 139444p22 with K=146
[2025-12-12 08:06:31] [run_formula] Running formula 139444p22 with K=146 up to limit 1600
[2025-12-12 08:06:39] [generate_cnf] Generating formula 139444p22 with K=147
[2025-12-12 08:06:42] [run_formula] Running formula 139444p22 with K=147 up to limit 1600
[2025-12-12 08:06:47] [generate_cnf] Generating formula 139444p22 with K=148
[2025-12-12 08:06:50] [run_formula] Running formula 139444p22 with K=148 up to limit 1600
[2025-12-12 08:06:54] [generate_cnf] Generating formula 139444p22 with K=149
[2025-12-12 08:06:57] [run_formula] Running formula 139444p22 with K=149 up to limit 1600
[2025-12-12 08:07:02] [generate_cnf] Generating formula 139444p22 with K=150
[2025-12-12 08:07:05] [run_formula] Running formula 139444p22 with K=150 up to limit 1600
[2025-12-12 08:07:13] [generate_cnf] Generating formula 139444p22 with K=151
[2025-12-12 08:07:16] [run_formula] Running formula 139444p22 with K=151 up to limit 1600
[2025-12-12 08:07:21] [generate_cnf] Generating formula 139444p22 with K=152
[2025-12-12 08:07:24] [run_formula] Running formula 139444p22 with K=152 up to limit 1600
[2025-12-12 08:07:32] [generate_cnf] Generating formula 139444p22 with K=153
[2025-12-12 08:07:36] [run_formula] Running formula 139444p22 with K=153 up to limit 1600
[2025-12-12 08:07:41] [generate_cnf] Generating formula 139444p22 with K=154
[2025-12-12 08:07:44] [run_formula] Running formula 139444p22 with K=154 up to limit 1600
[2025-12-12 08:07:48] [generate_cnf] Generating formula 139444p22 with K=155
[2025-12-12 08:07:51] [run_formula] Running formula 139444p22 with K=155 up to limit 1600
[2025-12-12 08:07:56] [generate_cnf] Generating formula 139444p22 with K=156
[2025-12-12 08:08:00] [run_formula] Running formula 139444p22 with K=156 up to limit 1600
[2025-12-12 08:08:09] [generate_cnf] Generating formula 139444p22 with K=157
[2025-12-12 08:08:12] [run_formula] Running formula 139444p22 with K=157 up to limit 1600
[2025-12-12 08:08:17] [generate_cnf] Generating formula 139444p22 with K=158
[2025-12-12 08:08:20] [run_formula] Running formula 139444p22 with K=158 up to limit 1600
[2025-12-12 08:08:29] [generate_cnf] Generating formula 139444p22 with K=159
[2025-12-12 08:08:32] [run_formula] Running formula 139444p22 with K=159 up to limit 1600
[2025-12-12 08:08:38] [generate_cnf] Generating formula 139444p22 with K=160
[2025-12-12 08:08:41] [run_formula] Running formula 139444p22 with K=160 up to limit 1600
[2025-12-12 08:08:45] [generate_cnf] Generating formula 139444p22 with K=161
[2025-12-12 08:08:49] [run_formula] Running formula 139444p22 with K=161 up to limit 1600
[2025-12-12 08:08:54] [generate_cnf] Generating formula 139444p22 with K=162
[2025-12-12 08:08:58] [run_formula] Running formula 139444p22 with K=162 up to limit 1600
[2025-12-12 08:09:07] [generate_cnf] Generating formula 139444p22 with K=163
[2025-12-12 08:09:10] [run_formula] Running formula 139444p22 with K=163 up to limit 1600
[2025-12-12 08:09:16] [generate_cnf] Generating formula 139444p22 with K=164
[2025-12-12 08:09:19] [run_formula] Running formula 139444p22 with K=164 up to limit 1600
[2025-12-12 08:09:28] [generate_cnf] Generating formula 139444p22 with K=165
[2025-12-12 08:09:31] [run_formula] Running formula 139444p22 with K=165 up to limit 1600
[2025-12-12 08:09:37] [generate_cnf] Generating formula 139444p22 with K=166
[2025-12-12 08:09:40] [run_formula] Running formula 139444p22 with K=166 up to limit 1600
[2025-12-12 08:09:48] [generate_cnf] Generating formula 139444p22 with K=167
[2025-12-12 08:09:52] [run_formula] Running formula 139444p22 with K=167 up to limit 1600
[2025-12-12 08:09:58] [generate_cnf] Generating formula 139444p22 with K=168
[2025-12-12 08:10:02] [run_formula] Running formula 139444p22 with K=168 up to limit 1600
[2025-12-12 08:10:11] [generate_cnf] Generating formula 139444p22 with K=169
[2025-12-12 08:10:15] [run_formula] Running formula 139444p22 with K=169 up to limit 1600
[2025-12-12 08:10:24] [generate_cnf] Generating formula 139444p22 with K=170
[2025-12-12 08:10:28] [run_formula] Running formula 139444p22 with K=170 up to limit 1600
[2025-12-12 08:10:32] [generate_cnf] Generating formula 139444p22 with K=171
[2025-12-12 08:10:36] [run_formula] Running formula 139444p22 with K=171 up to limit 1600
[2025-12-12 08:10:43] [generate_cnf] Generating formula 139444p22 with K=172
[2025-12-12 08:10:47] [run_formula] Running formula 139444p22 with K=172 up to limit 1600
[2025-12-12 08:10:52] [generate_cnf] Generating formula 139444p22 with K=173
[2025-12-12 08:10:56] [run_formula] Running formula 139444p22 with K=173 up to limit 1600
[2025-12-12 08:11:04] [generate_cnf] Generating formula 139444p22 with K=174
[2025-12-12 08:11:08] [run_formula] Running formula 139444p22 with K=174 up to limit 1600
[2025-12-12 08:11:18] [generate_cnf] Generating formula 139444p22 with K=175
[2025-12-12 08:11:22] [run_formula] Running formula 139444p22 with K=175 up to limit 1600
[2025-12-12 08:11:30] [generate_cnf] Generating formula 139444p22 with K=176
[2025-12-12 08:11:34] [run_formula] Running formula 139444p22 with K=176 up to limit 1600
[2025-12-12 08:11:39] [generate_cnf] Generating formula 139444p22 with K=177
[2025-12-12 08:11:43] [run_formula] Running formula 139444p22 with K=177 up to limit 1600
[2025-12-12 08:11:51] [generate_cnf] Generating formula 139444p22 with K=178
[2025-12-12 08:11:55] [run_formula] Running formula 139444p22 with K=178 up to limit 1600
[2025-12-12 08:11:59] [generate_cnf] Generating formula 139444p22 with K=179
[2025-12-12 08:12:03] [run_formula] Running formula 139444p22 with K=179 up to limit 1600
[2025-12-12 08:12:11] [generate_cnf] Generating formula 139444p22 with K=180
[2025-12-12 08:12:15] [run_formula] Running formula 139444p22 with K=180 up to limit 1600
[2025-12-12 08:12:25] [generate_cnf] Generating formula 139444p22 with K=181
[2025-12-12 08:12:29] [run_formula] Running formula 139444p22 with K=181 up to limit 1600
[2025-12-12 08:12:37] [generate_cnf] Generating formula 139444p22 with K=182
[2025-12-12 08:12:41] [run_formula] Running formula 139444p22 with K=182 up to limit 1600
[2025-12-12 08:12:46] [generate_cnf] Generating formula 139444p22 with K=183
[2025-12-12 08:12:50] [run_formula] Running formula 139444p22 with K=183 up to limit 1600
[2025-12-12 08:12:58] [generate_cnf] Generating formula 139444p22 with K=184
[2025-12-12 08:13:02] [run_formula] Running formula 139444p22 with K=184 up to limit 1600
[2025-12-12 08:13:07] [generate_cnf] Generating formula 139444p22 with K=185
[2025-12-12 08:13:11] [run_formula] Running formula 139444p22 with K=185 up to limit 1600
[2025-12-12 08:13:22] [generate_cnf] Generating formula 139444p22 with K=186
[2025-12-12 08:13:26] [run_formula] Running formula 139444p22 with K=186 up to limit 1600
[2025-12-12 08:13:38] [generate_cnf] Generating formula 139444p22 with K=187
[2025-12-12 08:13:42] [run_formula] Running formula 139444p22 with K=187 up to limit 1600
[2025-12-12 08:13:49] [generate_cnf] Generating formula 139444p22 with K=188
[2025-12-12 08:13:54] [run_formula] Running formula 139444p22 with K=188 up to limit 1600
[2025-12-12 08:13:59] [generate_cnf] Generating formula 139444p22 with K=189
[2025-12-12 08:14:03] [run_formula] Running formula 139444p22 with K=189 up to limit 1600
[2025-12-12 08:14:12] [generate_cnf] Generating formula 139444p22 with K=190
[2025-12-12 08:14:16] [run_formula] Running formula 139444p22 with K=190 up to limit 1600
[2025-12-12 08:14:21] [generate_cnf] Generating formula 139444p22 with K=191
[2025-12-12 08:14:25] [run_formula] Running formula 139444p22 with K=191 up to limit 1600
[2025-12-12 08:14:41] [generate_cnf] Generating formula 139444p22 with K=192
[2025-12-12 08:14:45] [run_formula] Running formula 139444p22 with K=192 up to limit 1600
[2025-12-12 08:14:56] [generate_cnf] Generating formula 139444p22 with K=193
[2025-12-12 08:15:01] [run_formula] Running formula 139444p22 with K=193 up to limit 1600
[2025-12-12 08:15:10] [generate_cnf] Generating formula 139444p22 with K=194
[2025-12-12 08:15:14] [run_formula] Running formula 139444p22 with K=194 up to limit 1600
[2025-12-12 08:15:25] [generate_cnf] Generating formula 139444p22 with K=195
[2025-12-12 08:15:29] [run_formula] Running formula 139444p22 with K=195 up to limit 1600
[2025-12-12 08:15:46] [generate_cnf] Generating formula 139444p22 with K=196
[2025-12-12 08:15:51] [run_formula] Running formula 139444p22 with K=196 up to limit 1600
[2025-12-12 08:15:56] [generate_cnf] Generating formula 139444p22 with K=197
[2025-12-12 08:16:02] [run_formula] Running formula 139444p22 with K=197 up to limit 1600
[2025-12-12 08:16:06] [generate_cnf] Generating formula 139444p22 with K=198
[2025-12-12 08:16:10] [run_formula] Running formula 139444p22 with K=198 up to limit 1600
[2025-12-12 08:16:22] [generate_cnf] Generating formula 139444p22 with K=199
[2025-12-12 08:16:26] [run_formula] Running formula 139444p22 with K=199 up to limit 1600
[2025-12-12 08:16:31] [generate_cnf] Generating formula 139444p22 with K=200
[2025-12-12 08:16:35] [run_formula] Running formula 139444p22 with K=200 up to limit 1600
[2025-12-12 08:16:47] [generate_cnf] Generating formula 139444p22 with K=201
[2025-12-12 08:16:51] [run_formula] Running formula 139444p22 with K=201 up to limit 1600
[2025-12-12 08:16:55] [generate_cnf] Generating formula 139444p22 with K=202
[2025-12-12 08:17:00] [run_formula] Running formula 139444p22 with K=202 up to limit 1600
[2025-12-12 08:17:05] [generate_cnf] Generating formula 139444p22 with K=203
[2025-12-12 08:17:10] [run_formula] Running formula 139444p22 with K=203 up to limit 1600
[2025-12-12 08:17:14] [generate_cnf] Generating formula 139444p22 with K=204
[2025-12-12 08:17:19] [run_formula] Running formula 139444p22 with K=204 up to limit 1600
[2025-12-12 08:17:30] [generate_cnf] Generating formula 139444p22 with K=205
[2025-12-12 08:17:35] [run_formula] Running formula 139444p22 with K=205 up to limit 1600
[2025-12-12 08:17:45] [generate_cnf] Generating formula 139444p22 with K=206
[2025-12-12 08:17:50] [run_formula] Running formula 139444p22 with K=206 up to limit 1600
[2025-12-12 08:18:02] [generate_cnf] Generating formula 139444p22 with K=207
[2025-12-12 08:18:06] [run_formula] Running formula 139444p22 with K=207 up to limit 1600
[2025-12-12 08:18:20] [generate_cnf] Generating formula 139444p22 with K=208
[2025-12-12 08:18:24] [run_formula] Running formula 139444p22 with K=208 up to limit 1600
[2025-12-12 08:18:30] [generate_cnf] Generating formula 139444p22 with K=209
[2025-12-12 08:18:35] [run_formula] Running formula 139444p22 with K=209 up to limit 1600
[2025-12-12 08:18:48] [generate_cnf] Generating formula 139444p22 with K=210
[2025-12-12 08:18:53] [run_formula] Running formula 139444p22 with K=210 up to limit 1600
[2025-12-12 08:19:05] [generate_cnf] Generating formula 139444p22 with K=211
[2025-12-12 08:19:10] [run_formula] Running formula 139444p22 with K=211 up to limit 1600
[2025-12-12 08:19:23] [generate_cnf] Generating formula 139444p22 with K=212
[2025-12-12 08:19:27] [run_formula] Running formula 139444p22 with K=212 up to limit 1600
[2025-12-12 08:19:39] [generate_cnf] Generating formula 139444p22 with K=213
[2025-12-12 08:19:44] [run_formula] Running formula 139444p22 with K=213 up to limit 1600
[2025-12-12 08:19:55] [generate_cnf] Generating formula 139444p22 with K=214
[2025-12-12 08:20:00] [run_formula] Running formula 139444p22 with K=214 up to limit 1600
[2025-12-12 08:20:06] [generate_cnf] Generating formula 139444p22 with K=215
[2025-12-12 08:20:11] [run_formula] Running formula 139444p22 with K=215 up to limit 1600
[2025-12-12 08:20:22] [generate_cnf] Generating formula 139444p22 with K=216
[2025-12-12 08:20:27] [run_formula] Running formula 139444p22 with K=216 up to limit 1600
[2025-12-12 08:20:39] [generate_cnf] Generating formula 139444p22 with K=217
[2025-12-12 08:20:44] [run_formula] Running formula 139444p22 with K=217 up to limit 1600
[2025-12-12 08:20:55] [generate_cnf] Generating formula 139444p22 with K=218
[2025-12-12 08:21:00] [run_formula] Running formula 139444p22 with K=218 up to limit 1600
[2025-12-12 08:21:12] [generate_cnf] Generating formula 139444p22 with K=219
[2025-12-12 08:21:17] [run_formula] Running formula 139444p22 with K=219 up to limit 1600
[2025-12-12 08:21:58] [generate_cnf] Generating formula 139444p22 with K=220
[2025-12-12 08:22:03] [run_formula] Running formula 139444p22 with K=220 up to limit 1600
[2025-12-12 08:22:09] [generate_cnf] Generating formula 139444p22 with K=221
[2025-12-12 08:22:14] [run_formula] Running formula 139444p22 with K=221 up to limit 1600
[2025-12-12 08:22:38] [generate_cnf] Generating formula 139444p22 with K=222
[2025-12-12 08:22:43] [run_formula] Running formula 139444p22 with K=222 up to limit 1600
[2025-12-12 08:22:55] [generate_cnf] Generating formula 139444p22 with K=223
[2025-12-12 08:23:00] [run_formula] Running formula 139444p22 with K=223 up to limit 1600
[2025-12-12 08:23:19] [generate_cnf] Generating formula 139444p22 with K=224
[2025-12-12 08:23:24] [run_formula] Running formula 139444p22 with K=224 up to limit 1600
[2025-12-12 08:23:30] [generate_cnf] Generating formula 139444p22 with K=225
[2025-12-12 08:23:35] [run_formula] Running formula 139444p22 with K=225 up to limit 1600
[2025-12-12 08:24:01] [generate_cnf] Generating formula 139444p22 with K=226
[2025-12-12 08:24:06] [run_formula] Running formula 139444p22 with K=226 up to limit 1600
[2025-12-12 08:24:18] [generate_cnf] Generating formula 139444p22 with K=227
[2025-12-12 08:24:23] [run_formula] Running formula 139444p22 with K=227 up to limit 1600
[2025-12-12 08:24:35] [generate_cnf] Generating formula 139444p22 with K=228
[2025-12-12 08:24:40] [run_formula] Running formula 139444p22 with K=228 up to limit 1600
[2025-12-12 08:24:52] [generate_cnf] Generating formula 139444p22 with K=229
[2025-12-12 08:24:57] [run_formula] Running formula 139444p22 with K=229 up to limit 1600
[2025-12-12 08:25:24] [generate_cnf] Generating formula 139444p22 with K=230
[2025-12-12 08:25:29] [run_formula] Running formula 139444p22 with K=230 up to limit 1600
[2025-12-12 08:25:41] [generate_cnf] Generating formula 139444p22 with K=231
[2025-12-12 08:25:46] [run_formula] Running formula 139444p22 with K=231 up to limit 1600
[2025-12-12 08:26:15] [generate_cnf] Generating formula 139444p22 with K=232
[2025-12-12 08:26:20] [run_formula] Running formula 139444p22 with K=232 up to limit 1600
[2025-12-12 08:26:27] [generate_cnf] Generating formula 139444p22 with K=233
[2025-12-12 08:26:32] [run_formula] Running formula 139444p22 with K=233 up to limit 1600
[2025-12-12 08:26:54] [generate_cnf] Generating formula 139444p22 with K=234
[2025-12-12 08:26:59] [run_formula] Running formula 139444p22 with K=234 up to limit 1600
[2025-12-12 08:27:13] [generate_cnf] Generating formula 139444p22 with K=235
[2025-12-12 08:27:18] [run_formula] Running formula 139444p22 with K=235 up to limit 1600
[2025-12-12 08:27:42] [generate_cnf] Generating formula 139444p22 with K=236
[2025-12-12 08:27:47] [run_formula] Running formula 139444p22 with K=236 up to limit 1600
[2025-12-12 08:27:54] [generate_cnf] Generating formula 139444p22 with K=237
[2025-12-12 08:27:59] [run_formula] Running formula 139444p22 with K=237 up to limit 1600
[2025-12-12 08:28:10] [run_formula] Error running formula 139444p22 with K=237: [Errno 122] Disk quota exceeded: './results/solving_logs/139444p22//139444p22.237.log'
[2025-12-12 08:28:10] [generate_and_run_up_to_limit] Failed to run formula 139444p22 with K=237, halting
