CNF written.
CNF written.
CNF written.
CNF written.
CNF written.
CNF written.
CNF written.
CNF written.
CNF written.
CNF written.
CNF written.
CNF written.
CNF written.
CNF written.
CNF written.
CNF written.
CNF written.
CNF written.
CNF written.
CNF written.
CNF written.
CNF written.
CNF written.
CNF written.
CNF written.
CNF written.
CNF written.
CNF written.
[2025-12-12 06:57:21] [generate_and_run_up_to_limit] Generating and running 6s109 with K<=500 up to limit 1600
[2025-12-12 06:57:21] [generate_cnf] Generating formula 6s109 with K=1
[2025-12-12 06:57:21] [run_formula] Running formula 6s109 with K=1 up to limit 1600
[2025-12-12 06:57:21] [generate_cnf] Generating formula 6s109 with K=2
[2025-12-12 06:57:22] [run_formula] Running formula 6s109 with K=2 up to limit 1600
[2025-12-12 06:57:22] [generate_cnf] Generating formula 6s109 with K=3
[2025-12-12 06:57:22] [run_formula] Running formula 6s109 with K=3 up to limit 1600
[2025-12-12 06:57:22] [generate_cnf] Generating formula 6s109 with K=4
[2025-12-12 06:57:22] [run_formula] Running formula 6s109 with K=4 up to limit 1600
[2025-12-12 06:57:22] [generate_cnf] Generating formula 6s109 with K=5
[2025-12-12 06:57:22] [run_formula] Running formula 6s109 with K=5 up to limit 1600
[2025-12-12 06:57:22] [generate_cnf] Generating formula 6s109 with K=6
[2025-12-12 06:57:22] [run_formula] Running formula 6s109 with K=6 up to limit 1600
[2025-12-12 06:57:22] [generate_cnf] Generating formula 6s109 with K=7
[2025-12-12 06:57:23] [run_formula] Running formula 6s109 with K=7 up to limit 1600
[2025-12-12 06:57:23] [generate_cnf] Generating formula 6s109 with K=8
[2025-12-12 06:57:23] [run_formula] Running formula 6s109 with K=8 up to limit 1600
[2025-12-12 06:57:23] [generate_cnf] Generating formula 6s109 with K=9
[2025-12-12 06:57:24] [run_formula] Running formula 6s109 with K=9 up to limit 1600
[2025-12-12 06:57:24] [generate_cnf] Generating formula 6s109 with K=10
[2025-12-12 06:57:25] [run_formula] Running formula 6s109 with K=10 up to limit 1600
[2025-12-12 06:57:26] [generate_cnf] Generating formula 6s109 with K=11
[2025-12-12 06:57:26] [run_formula] Running formula 6s109 with K=11 up to limit 1600
[2025-12-12 06:57:29] [generate_cnf] Generating formula 6s109 with K=12
[2025-12-12 06:57:29] [run_formula] Running formula 6s109 with K=12 up to limit 1600
[2025-12-12 06:57:32] [generate_cnf] Generating formula 6s109 with K=13
[2025-12-12 06:57:32] [run_formula] Running formula 6s109 with K=13 up to limit 1600
[2025-12-12 06:57:37] [generate_cnf] Generating formula 6s109 with K=14
[2025-12-12 06:57:38] [run_formula] Running formula 6s109 with K=14 up to limit 1600
[2025-12-12 06:57:44] [generate_cnf] Generating formula 6s109 with K=15
[2025-12-12 06:57:45] [run_formula] Running formula 6s109 with K=15 up to limit 1600
[2025-12-12 06:57:54] [generate_cnf] Generating formula 6s109 with K=16
[2025-12-12 06:57:54] [run_formula] Running formula 6s109 with K=16 up to limit 1600
[2025-12-12 06:58:04] [generate_cnf] Generating formula 6s109 with K=17
[2025-12-12 06:58:05] [run_formula] Running formula 6s109 with K=17 up to limit 1600
[2025-12-12 06:58:31] [generate_cnf] Generating formula 6s109 with K=18
[2025-12-12 06:58:31] [run_formula] Running formula 6s109 with K=18 up to limit 1600
[2025-12-12 06:59:02] [generate_cnf] Generating formula 6s109 with K=19
[2025-12-12 06:59:03] [run_formula] Running formula 6s109 with K=19 up to limit 1600
[2025-12-12 07:00:16] [generate_cnf] Generating formula 6s109 with K=20
[2025-12-12 07:00:16] [run_formula] Running formula 6s109 with K=20 up to limit 1600
[2025-12-12 07:02:31] [generate_cnf] Generating formula 6s109 with K=21
[2025-12-12 07:02:32] [run_formula] Running formula 6s109 with K=21 up to limit 1600
[2025-12-12 07:06:33] [generate_cnf] Generating formula 6s109 with K=22
[2025-12-12 07:06:33] [run_formula] Running formula 6s109 with K=22 up to limit 1600
[2025-12-12 07:11:47] [generate_cnf] Generating formula 6s109 with K=23
[2025-12-12 07:11:48] [run_formula] Running formula 6s109 with K=23 up to limit 1600
[2025-12-12 07:18:30] [generate_cnf] Generating formula 6s109 with K=24
[2025-12-12 07:18:30] [run_formula] Running formula 6s109 with K=24 up to limit 1600
[2025-12-12 07:29:32] [generate_cnf] Generating formula 6s109 with K=25
[2025-12-12 07:29:33] [run_formula] Running formula 6s109 with K=25 up to limit 1600
[2025-12-12 07:44:50] [generate_cnf] Generating formula 6s109 with K=26
[2025-12-12 07:44:51] [run_formula] Running formula 6s109 with K=26 up to limit 1600
[2025-12-12 08:03:21] [generate_cnf] Generating formula 6s109 with K=27
[2025-12-12 08:03:22] [run_formula] Running formula 6s109 with K=27 up to limit 1600
[2025-12-12 08:25:42] [generate_cnf] Generating formula 6s109 with K=28
[2025-12-12 08:25:43] [run_formula] Running formula 6s109 with K=28 up to limit 1600
[2025-12-12 08:52:06] [run_formula] Error running formula 6s109 with K=28: [Errno 122] Disk quota exceeded: './results/solving_logs/6s109//6s109.28.log'
[2025-12-12 08:52:06] [generate_and_run_up_to_limit] Failed to run formula 6s109 with K=28, halting
