CNF written.
CNF written.
CNF written.
CNF written.
CNF written.
CNF written.
CNF written.
CNF written.
CNF written.
CNF written.
CNF written.
CNF written.
CNF written.
CNF written.
CNF written.
CNF written.
CNF written.
CNF written.
CNF written.
CNF written.
CNF written.
CNF written.
CNF written.
CNF written.
CNF written.
CNF written.
CNF written.
CNF written.
CNF written.
CNF written.
CNF written.
CNF written.
CNF written.
CNF written.
CNF written.
CNF written.
CNF written.
CNF written.
CNF written.
CNF written.
CNF written.
CNF written.
CNF written.
CNF written.
CNF written.
CNF written.
CNF written.
CNF written.
[2025-12-12 07:20:17] [generate_and_run_up_to_limit] Generating and running 6s119 with K<=500 up to limit 1600
[2025-12-12 07:20:17] [generate_cnf] Generating formula 6s119 with K=1
[2025-12-12 07:20:18] [run_formula] Running formula 6s119 with K=1 up to limit 1600
[2025-12-12 07:20:18] [generate_cnf] Generating formula 6s119 with K=2
[2025-12-12 07:20:20] [run_formula] Running formula 6s119 with K=2 up to limit 1600
[2025-12-12 07:20:20] [generate_cnf] Generating formula 6s119 with K=3
[2025-12-12 07:20:21] [run_formula] Running formula 6s119 with K=3 up to limit 1600
[2025-12-12 07:20:22] [generate_cnf] Generating formula 6s119 with K=4
[2025-12-12 07:20:23] [run_formula] Running formula 6s119 with K=4 up to limit 1600
[2025-12-12 07:20:24] [generate_cnf] Generating formula 6s119 with K=5
[2025-12-12 07:20:26] [run_formula] Running formula 6s119 with K=5 up to limit 1600
[2025-12-12 07:20:26] [generate_cnf] Generating formula 6s119 with K=6
[2025-12-12 07:20:29] [run_formula] Running formula 6s119 with K=6 up to limit 1600
[2025-12-12 07:20:29] [generate_cnf] Generating formula 6s119 with K=7
[2025-12-12 07:20:32] [run_formula] Running formula 6s119 with K=7 up to limit 1600
[2025-12-12 07:20:32] [generate_cnf] Generating formula 6s119 with K=8
[2025-12-12 07:20:35] [run_formula] Running formula 6s119 with K=8 up to limit 1600
[2025-12-12 07:20:35] [generate_cnf] Generating formula 6s119 with K=9
[2025-12-12 07:20:39] [run_formula] Running formula 6s119 with K=9 up to limit 1600
[2025-12-12 07:20:39] [generate_cnf] Generating formula 6s119 with K=10
[2025-12-12 07:20:43] [run_formula] Running formula 6s119 with K=10 up to limit 1600
[2025-12-12 07:20:44] [generate_cnf] Generating formula 6s119 with K=11
[2025-12-12 07:20:48] [run_formula] Running formula 6s119 with K=11 up to limit 1600
[2025-12-12 07:20:48] [generate_cnf] Generating formula 6s119 with K=12
[2025-12-12 07:20:53] [run_formula] Running formula 6s119 with K=12 up to limit 1600
[2025-12-12 07:20:54] [generate_cnf] Generating formula 6s119 with K=13
[2025-12-12 07:20:59] [run_formula] Running formula 6s119 with K=13 up to limit 1600
[2025-12-12 07:21:00] [generate_cnf] Generating formula 6s119 with K=14
[2025-12-12 07:21:05] [run_formula] Running formula 6s119 with K=14 up to limit 1600
[2025-12-12 07:21:06] [generate_cnf] Generating formula 6s119 with K=15
[2025-12-12 07:21:12] [run_formula] Running formula 6s119 with K=15 up to limit 1600
[2025-12-12 07:21:13] [generate_cnf] Generating formula 6s119 with K=16
[2025-12-12 07:21:19] [run_formula] Running formula 6s119 with K=16 up to limit 1600
[2025-12-12 07:21:20] [generate_cnf] Generating formula 6s119 with K=17
[2025-12-12 07:21:26] [run_formula] Running formula 6s119 with K=17 up to limit 1600
[2025-12-12 07:21:27] [generate_cnf] Generating formula 6s119 with K=18
[2025-12-12 07:21:34] [run_formula] Running formula 6s119 with K=18 up to limit 1600
[2025-12-12 07:21:35] [generate_cnf] Generating formula 6s119 with K=19
[2025-12-12 07:21:42] [run_formula] Running formula 6s119 with K=19 up to limit 1600
[2025-12-12 07:21:43] [generate_cnf] Generating formula 6s119 with K=20
[2025-12-12 07:21:51] [run_formula] Running formula 6s119 with K=20 up to limit 1600
[2025-12-12 07:21:52] [generate_cnf] Generating formula 6s119 with K=21
[2025-12-12 07:21:59] [run_formula] Running formula 6s119 with K=21 up to limit 1600
[2025-12-12 07:22:00] [generate_cnf] Generating formula 6s119 with K=22
[2025-12-12 07:22:07] [run_formula] Running formula 6s119 with K=22 up to limit 1600
[2025-12-12 07:22:09] [generate_cnf] Generating formula 6s119 with K=23
[2025-12-12 07:22:17] [run_formula] Running formula 6s119 with K=23 up to limit 1600
[2025-12-12 07:22:18] [generate_cnf] Generating formula 6s119 with K=24
[2025-12-12 07:22:27] [run_formula] Running formula 6s119 with K=24 up to limit 1600
[2025-12-12 07:22:29] [generate_cnf] Generating formula 6s119 with K=25
[2025-12-12 07:22:38] [run_formula] Running formula 6s119 with K=25 up to limit 1600
[2025-12-12 07:22:40] [generate_cnf] Generating formula 6s119 with K=26
[2025-12-12 07:22:49] [run_formula] Running formula 6s119 with K=26 up to limit 1600
[2025-12-12 07:22:51] [generate_cnf] Generating formula 6s119 with K=27
[2025-12-12 07:23:00] [run_formula] Running formula 6s119 with K=27 up to limit 1600
[2025-12-12 07:23:02] [generate_cnf] Generating formula 6s119 with K=28
[2025-12-12 07:23:12] [run_formula] Running formula 6s119 with K=28 up to limit 1600
[2025-12-12 07:23:14] [generate_cnf] Generating formula 6s119 with K=29
[2025-12-12 07:23:24] [run_formula] Running formula 6s119 with K=29 up to limit 1600
[2025-12-12 07:23:26] [generate_cnf] Generating formula 6s119 with K=30
[2025-12-12 07:23:36] [run_formula] Running formula 6s119 with K=30 up to limit 1600
[2025-12-12 07:23:37] [generate_cnf] Generating formula 6s119 with K=31
[2025-12-12 07:23:48] [run_formula] Running formula 6s119 with K=31 up to limit 1600
[2025-12-12 07:23:50] [generate_cnf] Generating formula 6s119 with K=32
[2025-12-12 07:24:02] [run_formula] Running formula 6s119 with K=32 up to limit 1600
[2025-12-12 07:24:04] [generate_cnf] Generating formula 6s119 with K=33
[2025-12-12 07:24:16] [run_formula] Running formula 6s119 with K=33 up to limit 1600
[2025-12-12 07:24:18] [generate_cnf] Generating formula 6s119 with K=34
[2025-12-12 07:24:30] [run_formula] Running formula 6s119 with K=34 up to limit 1600
[2025-12-12 07:24:33] [generate_cnf] Generating formula 6s119 with K=35
[2025-12-12 07:24:45] [run_formula] Running formula 6s119 with K=35 up to limit 1600
[2025-12-12 07:24:47] [generate_cnf] Generating formula 6s119 with K=36
[2025-12-12 07:24:59] [run_formula] Running formula 6s119 with K=36 up to limit 1600
[2025-12-12 07:25:01] [generate_cnf] Generating formula 6s119 with K=37
[2025-12-12 07:25:14] [run_formula] Running formula 6s119 with K=37 up to limit 1600
[2025-12-12 07:25:16] [generate_cnf] Generating formula 6s119 with K=38
[2025-12-12 07:25:30] [run_formula] Running formula 6s119 with K=38 up to limit 1600
[2025-12-12 07:25:34] [generate_cnf] Generating formula 6s119 with K=39
[2025-12-12 07:25:48] [run_formula] Running formula 6s119 with K=39 up to limit 1600
[2025-12-12 07:25:59] [generate_cnf] Generating formula 6s119 with K=40
[2025-12-12 07:26:14] [run_formula] Running formula 6s119 with K=40 up to limit 1600
[2025-12-12 07:26:32] [generate_cnf] Generating formula 6s119 with K=41
[2025-12-12 07:26:46] [run_formula] Running formula 6s119 with K=41 up to limit 1600
[2025-12-12 07:27:57] [generate_cnf] Generating formula 6s119 with K=42
[2025-12-12 07:28:11] [run_formula] Running formula 6s119 with K=42 up to limit 1600
[2025-12-12 07:29:49] [generate_cnf] Generating formula 6s119 with K=43
[2025-12-12 07:30:06] [run_formula] Running formula 6s119 with K=43 up to limit 1600
[2025-12-12 07:32:12] [generate_cnf] Generating formula 6s119 with K=44
[2025-12-12 07:32:27] [run_formula] Running formula 6s119 with K=44 up to limit 1600
[2025-12-12 07:35:21] [generate_cnf] Generating formula 6s119 with K=45
[2025-12-12 07:35:37] [run_formula] Running formula 6s119 with K=45 up to limit 1600
[2025-12-12 07:42:49] [generate_cnf] Generating formula 6s119 with K=46
[2025-12-12 07:43:05] [run_formula] Running formula 6s119 with K=46 up to limit 1600
[2025-12-12 07:55:35] [generate_cnf] Generating formula 6s119 with K=47
[2025-12-12 07:55:51] [run_formula] Running formula 6s119 with K=47 up to limit 1600
[2025-12-12 08:05:36] [generate_cnf] Generating formula 6s119 with K=48
[2025-12-12 08:05:53] [run_formula] Running formula 6s119 with K=48 up to limit 1600
[2025-12-12 08:30:27] [run_formula] Error running formula 6s119 with K=48: [Errno 122] Disk quota exceeded: './results/solving_logs/6s119//6s119.48.log'
[2025-12-12 08:30:27] [generate_and_run_up_to_limit] Failed to run formula 6s119 with K=48, halting
