CNF written.
CNF written.
CNF written.
CNF written.
CNF written.
CNF written.
CNF written.
CNF written.
[2025-12-12 08:03:58] [generate_and_run_up_to_limit] Generating and running 6s13 with K<=500 up to limit 1600
[2025-12-12 08:03:58] [generate_cnf] Generating formula 6s13 with K=1
[2025-12-12 08:03:58] [run_formula] Running formula 6s13 with K=1 up to limit 1600
[2025-12-12 08:03:58] [generate_cnf] Generating formula 6s13 with K=2
[2025-12-12 08:03:58] [run_formula] Running formula 6s13 with K=2 up to limit 1600
[2025-12-12 08:03:59] [generate_cnf] Generating formula 6s13 with K=3
[2025-12-12 08:03:59] [run_formula] Running formula 6s13 with K=3 up to limit 1600
[2025-12-12 08:04:02] [generate_cnf] Generating formula 6s13 with K=4
[2025-12-12 08:04:03] [run_formula] Running formula 6s13 with K=4 up to limit 1600
[2025-12-12 08:04:19] [generate_cnf] Generating formula 6s13 with K=5
[2025-12-12 08:04:20] [run_formula] Running formula 6s13 with K=5 up to limit 1600
[2025-12-12 08:05:06] [generate_cnf] Generating formula 6s13 with K=6
[2025-12-12 08:05:06] [run_formula] Running formula 6s13 with K=6 up to limit 1600
[2025-12-12 08:07:45] [generate_cnf] Generating formula 6s13 with K=7
[2025-12-12 08:07:46] [run_formula] Running formula 6s13 with K=7 up to limit 1600
[2025-12-12 08:18:19] [generate_cnf] Generating formula 6s13 with K=8
[2025-12-12 08:18:19] [run_formula] Running formula 6s13 with K=8 up to limit 1600
[2025-12-12 08:44:59] [run_formula] Formula 6s13 with K=8 timed out after 1600 seconds
[2025-12-12 08:44:59] [generate_and_run_up_to_limit] Failed to run formula 6s13 with K=8, halting
