CNF written.
CNF written.
CNF written.
CNF written.
CNF written.
CNF written.
CNF written.
CNF written.
CNF written.
CNF written.
CNF written.
CNF written.
CNF written.
CNF written.
[2025-12-12 07:07:11] [generate_and_run_up_to_limit] Generating and running 6s184 with K<=500 up to limit 1600
[2025-12-12 07:07:11] [generate_cnf] Generating formula 6s184 with K=1
[2025-12-12 07:07:11] [run_formula] Running formula 6s184 with K=1 up to limit 1600
[2025-12-12 07:07:11] [generate_cnf] Generating formula 6s184 with K=2
[2025-12-12 07:07:11] [run_formula] Running formula 6s184 with K=2 up to limit 1600
[2025-12-12 07:07:11] [generate_cnf] Generating formula 6s184 with K=3
[2025-12-12 07:07:12] [run_formula] Running formula 6s184 with K=3 up to limit 1600
[2025-12-12 07:07:12] [generate_cnf] Generating formula 6s184 with K=4
[2025-12-12 07:07:12] [run_formula] Running formula 6s184 with K=4 up to limit 1600
[2025-12-12 07:07:14] [generate_cnf] Generating formula 6s184 with K=5
[2025-12-12 07:07:14] [run_formula] Running formula 6s184 with K=5 up to limit 1600
[2025-12-12 07:07:21] [generate_cnf] Generating formula 6s184 with K=6
[2025-12-12 07:07:21] [run_formula] Running formula 6s184 with K=6 up to limit 1600
[2025-12-12 07:07:47] [generate_cnf] Generating formula 6s184 with K=7
[2025-12-12 07:07:48] [run_formula] Running formula 6s184 with K=7 up to limit 1600
[2025-12-12 07:09:12] [generate_cnf] Generating formula 6s184 with K=8
[2025-12-12 07:09:13] [run_formula] Running formula 6s184 with K=8 up to limit 1600
[2025-12-12 07:14:39] [generate_cnf] Generating formula 6s184 with K=9
[2025-12-12 07:14:40] [run_formula] Running formula 6s184 with K=9 up to limit 1600
[2025-12-12 07:28:53] [generate_cnf] Generating formula 6s184 with K=10
[2025-12-12 07:28:53] [run_formula] Running formula 6s184 with K=10 up to limit 1600
[2025-12-12 07:38:04] [generate_cnf] Generating formula 6s184 with K=11
[2025-12-12 07:38:05] [run_formula] Running formula 6s184 with K=11 up to limit 1600
[2025-12-12 07:46:59] [generate_cnf] Generating formula 6s184 with K=12
[2025-12-12 07:47:00] [run_formula] Running formula 6s184 with K=12 up to limit 1600
[2025-12-12 08:05:39] [generate_cnf] Generating formula 6s184 with K=13
[2025-12-12 08:05:40] [run_formula] Running formula 6s184 with K=13 up to limit 1600
[2025-12-12 08:12:53] [generate_cnf] Generating formula 6s184 with K=14
[2025-12-12 08:12:54] [run_formula] Running formula 6s184 with K=14 up to limit 1600
[2025-12-12 08:39:34] [run_formula] Formula 6s184 with K=14 timed out after 1600 seconds
[2025-12-12 08:39:34] [generate_and_run_up_to_limit] Failed to run formula 6s184 with K=14, halting
