CNF written.
CNF written.
CNF written.
CNF written.
CNF written.
CNF written.
CNF written.
CNF written.
CNF written.
CNF written.
CNF written.
CNF written.
CNF written.
CNF written.
CNF written.
CNF written.
CNF written.
CNF written.
CNF written.
CNF written.
CNF written.
CNF written.
CNF written.
CNF written.
CNF written.
CNF written.
CNF written.
CNF written.
CNF written.
CNF written.
CNF written.
CNF written.
CNF written.
CNF written.
CNF written.
CNF written.
CNF written.
CNF written.
CNF written.
CNF written.
CNF written.
CNF written.
CNF written.
CNF written.
CNF written.
CNF written.
CNF written.
CNF written.
CNF written.
CNF written.
CNF written.
CNF written.
CNF written.
CNF written.
CNF written.
CNF written.
CNF written.
CNF written.
CNF written.
CNF written.
CNF written.
CNF written.
CNF written.
CNF written.
CNF written.
CNF written.
CNF written.
CNF written.
CNF written.
CNF written.
CNF written.
CNF written.
CNF written.
CNF written.
CNF written.
CNF written.
CNF written.
CNF written.
CNF written.
CNF written.
CNF written.
CNF written.
CNF written.
CNF written.
CNF written.
CNF written.
CNF written.
CNF written.
CNF written.
CNF written.
CNF written.
CNF written.
CNF written.
CNF written.
CNF written.
CNF written.
CNF written.
[2025-12-12 07:50:06] [generate_and_run_up_to_limit] Generating and running 6s206rb103 with K<=500 up to limit 1600
[2025-12-12 07:50:06] [generate_cnf] Generating formula 6s206rb103 with K=1
[2025-12-12 07:50:07] [run_formula] Running formula 6s206rb103 with K=1 up to limit 1600
[2025-12-12 07:50:07] [generate_cnf] Generating formula 6s206rb103 with K=2
[2025-12-12 07:50:09] [run_formula] Running formula 6s206rb103 with K=2 up to limit 1600
[2025-12-12 07:50:09] [generate_cnf] Generating formula 6s206rb103 with K=3
[2025-12-12 07:50:11] [run_formula] Running formula 6s206rb103 with K=3 up to limit 1600
[2025-12-12 07:50:11] [generate_cnf] Generating formula 6s206rb103 with K=4
[2025-12-12 07:50:14] [run_formula] Running formula 6s206rb103 with K=4 up to limit 1600
[2025-12-12 07:50:14] [generate_cnf] Generating formula 6s206rb103 with K=5
[2025-12-12 07:50:16] [run_formula] Running formula 6s206rb103 with K=5 up to limit 1600
[2025-12-12 07:50:17] [generate_cnf] Generating formula 6s206rb103 with K=6
[2025-12-12 07:50:20] [run_formula] Running formula 6s206rb103 with K=6 up to limit 1600
[2025-12-12 07:50:20] [generate_cnf] Generating formula 6s206rb103 with K=7
[2025-12-12 07:50:24] [run_formula] Running formula 6s206rb103 with K=7 up to limit 1600
[2025-12-12 07:50:25] [generate_cnf] Generating formula 6s206rb103 with K=8
[2025-12-12 07:50:28] [run_formula] Running formula 6s206rb103 with K=8 up to limit 1600
[2025-12-12 07:50:29] [generate_cnf] Generating formula 6s206rb103 with K=9
[2025-12-12 07:50:33] [run_formula] Running formula 6s206rb103 with K=9 up to limit 1600
[2025-12-12 07:50:34] [generate_cnf] Generating formula 6s206rb103 with K=10
[2025-12-12 07:50:38] [run_formula] Running formula 6s206rb103 with K=10 up to limit 1600
[2025-12-12 07:50:39] [generate_cnf] Generating formula 6s206rb103 with K=11
[2025-12-12 07:50:44] [run_formula] Running formula 6s206rb103 with K=11 up to limit 1600
[2025-12-12 07:50:45] [generate_cnf] Generating formula 6s206rb103 with K=12
[2025-12-12 07:50:50] [run_formula] Running formula 6s206rb103 with K=12 up to limit 1600
[2025-12-12 07:50:51] [generate_cnf] Generating formula 6s206rb103 with K=13
[2025-12-12 07:50:57] [run_formula] Running formula 6s206rb103 with K=13 up to limit 1600
[2025-12-12 07:50:58] [generate_cnf] Generating formula 6s206rb103 with K=14
[2025-12-12 07:51:04] [run_formula] Running formula 6s206rb103 with K=14 up to limit 1600
[2025-12-12 07:51:05] [generate_cnf] Generating formula 6s206rb103 with K=15
[2025-12-12 07:51:11] [run_formula] Running formula 6s206rb103 with K=15 up to limit 1600
[2025-12-12 07:51:12] [generate_cnf] Generating formula 6s206rb103 with K=16
[2025-12-12 07:51:19] [run_formula] Running formula 6s206rb103 with K=16 up to limit 1600
[2025-12-12 07:51:20] [generate_cnf] Generating formula 6s206rb103 with K=17
[2025-12-12 07:51:27] [run_formula] Running formula 6s206rb103 with K=17 up to limit 1600
[2025-12-12 07:51:29] [generate_cnf] Generating formula 6s206rb103 with K=18
[2025-12-12 07:51:36] [run_formula] Running formula 6s206rb103 with K=18 up to limit 1600
[2025-12-12 07:51:37] [generate_cnf] Generating formula 6s206rb103 with K=19
[2025-12-12 07:51:45] [run_formula] Running formula 6s206rb103 with K=19 up to limit 1600
[2025-12-12 07:51:47] [generate_cnf] Generating formula 6s206rb103 with K=20
[2025-12-12 07:51:55] [run_formula] Running formula 6s206rb103 with K=20 up to limit 1600
[2025-12-12 07:51:56] [generate_cnf] Generating formula 6s206rb103 with K=21
[2025-12-12 07:52:05] [run_formula] Running formula 6s206rb103 with K=21 up to limit 1600
[2025-12-12 07:52:07] [generate_cnf] Generating formula 6s206rb103 with K=22
[2025-12-12 07:52:16] [run_formula] Running formula 6s206rb103 with K=22 up to limit 1600
[2025-12-12 07:52:18] [generate_cnf] Generating formula 6s206rb103 with K=23
[2025-12-12 07:52:27] [run_formula] Running formula 6s206rb103 with K=23 up to limit 1600
[2025-12-12 07:52:29] [generate_cnf] Generating formula 6s206rb103 with K=24
[2025-12-12 07:52:38] [run_formula] Running formula 6s206rb103 with K=24 up to limit 1600
[2025-12-12 07:52:40] [generate_cnf] Generating formula 6s206rb103 with K=25
[2025-12-12 07:52:50] [run_formula] Running formula 6s206rb103 with K=25 up to limit 1600
[2025-12-12 07:52:52] [generate_cnf] Generating formula 6s206rb103 with K=26
[2025-12-12 07:53:02] [run_formula] Running formula 6s206rb103 with K=26 up to limit 1600
[2025-12-12 07:53:04] [generate_cnf] Generating formula 6s206rb103 with K=27
[2025-12-12 07:53:15] [run_formula] Running formula 6s206rb103 with K=27 up to limit 1600
[2025-12-12 07:53:17] [generate_cnf] Generating formula 6s206rb103 with K=28
[2025-12-12 07:53:27] [run_formula] Running formula 6s206rb103 with K=28 up to limit 1600
[2025-12-12 07:53:29] [generate_cnf] Generating formula 6s206rb103 with K=29
[2025-12-12 07:53:41] [run_formula] Running formula 6s206rb103 with K=29 up to limit 1600
[2025-12-12 07:53:43] [generate_cnf] Generating formula 6s206rb103 with K=30
[2025-12-12 07:53:55] [run_formula] Running formula 6s206rb103 with K=30 up to limit 1600
[2025-12-12 07:53:57] [generate_cnf] Generating formula 6s206rb103 with K=31
[2025-12-12 07:54:09] [run_formula] Running formula 6s206rb103 with K=31 up to limit 1600
[2025-12-12 07:54:12] [generate_cnf] Generating formula 6s206rb103 with K=32
[2025-12-12 07:54:25] [run_formula] Running formula 6s206rb103 with K=32 up to limit 1600
[2025-12-12 07:54:27] [generate_cnf] Generating formula 6s206rb103 with K=33
[2025-12-12 07:54:41] [run_formula] Running formula 6s206rb103 with K=33 up to limit 1600
[2025-12-12 07:54:44] [generate_cnf] Generating formula 6s206rb103 with K=34
[2025-12-12 07:54:57] [run_formula] Running formula 6s206rb103 with K=34 up to limit 1600
[2025-12-12 07:54:59] [generate_cnf] Generating formula 6s206rb103 with K=35
[2025-12-12 07:55:13] [run_formula] Running formula 6s206rb103 with K=35 up to limit 1600
[2025-12-12 07:55:16] [generate_cnf] Generating formula 6s206rb103 with K=36
[2025-12-12 07:55:30] [run_formula] Running formula 6s206rb103 with K=36 up to limit 1600
[2025-12-12 07:55:33] [generate_cnf] Generating formula 6s206rb103 with K=37
[2025-12-12 07:55:48] [run_formula] Running formula 6s206rb103 with K=37 up to limit 1600
[2025-12-12 07:55:51] [generate_cnf] Generating formula 6s206rb103 with K=38
[2025-12-12 07:56:06] [run_formula] Running formula 6s206rb103 with K=38 up to limit 1600
[2025-12-12 07:56:09] [generate_cnf] Generating formula 6s206rb103 with K=39
[2025-12-12 07:56:25] [run_formula] Running formula 6s206rb103 with K=39 up to limit 1600
[2025-12-12 07:56:28] [generate_cnf] Generating formula 6s206rb103 with K=40
[2025-12-12 07:56:43] [run_formula] Running formula 6s206rb103 with K=40 up to limit 1600
[2025-12-12 07:56:47] [generate_cnf] Generating formula 6s206rb103 with K=41
[2025-12-12 07:57:03] [run_formula] Running formula 6s206rb103 with K=41 up to limit 1600
[2025-12-12 07:57:06] [generate_cnf] Generating formula 6s206rb103 with K=42
[2025-12-12 07:57:23] [run_formula] Running formula 6s206rb103 with K=42 up to limit 1600
[2025-12-12 07:57:26] [generate_cnf] Generating formula 6s206rb103 with K=43
[2025-12-12 07:57:43] [run_formula] Running formula 6s206rb103 with K=43 up to limit 1600
[2025-12-12 07:57:47] [generate_cnf] Generating formula 6s206rb103 with K=44
[2025-12-12 07:58:04] [run_formula] Running formula 6s206rb103 with K=44 up to limit 1600
[2025-12-12 07:58:07] [generate_cnf] Generating formula 6s206rb103 with K=45
[2025-12-12 07:58:25] [run_formula] Running formula 6s206rb103 with K=45 up to limit 1600
[2025-12-12 07:58:29] [generate_cnf] Generating formula 6s206rb103 with K=46
[2025-12-12 07:58:47] [run_formula] Running formula 6s206rb103 with K=46 up to limit 1600
[2025-12-12 07:58:51] [generate_cnf] Generating formula 6s206rb103 with K=47
[2025-12-12 07:59:09] [run_formula] Running formula 6s206rb103 with K=47 up to limit 1600
[2025-12-12 07:59:13] [generate_cnf] Generating formula 6s206rb103 with K=48
[2025-12-12 07:59:31] [run_formula] Running formula 6s206rb103 with K=48 up to limit 1600
[2025-12-12 07:59:35] [generate_cnf] Generating formula 6s206rb103 with K=49
[2025-12-12 07:59:54] [run_formula] Running formula 6s206rb103 with K=49 up to limit 1600
[2025-12-12 07:59:58] [generate_cnf] Generating formula 6s206rb103 with K=50
[2025-12-12 08:00:16] [run_formula] Running formula 6s206rb103 with K=50 up to limit 1600
[2025-12-12 08:00:20] [generate_cnf] Generating formula 6s206rb103 with K=51
[2025-12-12 08:00:40] [run_formula] Running formula 6s206rb103 with K=51 up to limit 1600
[2025-12-12 08:00:44] [generate_cnf] Generating formula 6s206rb103 with K=52
[2025-12-12 08:01:05] [run_formula] Running formula 6s206rb103 with K=52 up to limit 1600
[2025-12-12 08:01:09] [generate_cnf] Generating formula 6s206rb103 with K=53
[2025-12-12 08:01:28] [run_formula] Running formula 6s206rb103 with K=53 up to limit 1600
[2025-12-12 08:01:32] [generate_cnf] Generating formula 6s206rb103 with K=54
[2025-12-12 08:01:53] [run_formula] Running formula 6s206rb103 with K=54 up to limit 1600
[2025-12-12 08:01:57] [generate_cnf] Generating formula 6s206rb103 with K=55
[2025-12-12 08:02:17] [run_formula] Running formula 6s206rb103 with K=55 up to limit 1600
[2025-12-12 08:02:22] [generate_cnf] Generating formula 6s206rb103 with K=56
[2025-12-12 08:02:44] [run_formula] Running formula 6s206rb103 with K=56 up to limit 1600
[2025-12-12 08:02:48] [generate_cnf] Generating formula 6s206rb103 with K=57
[2025-12-12 08:03:10] [run_formula] Running formula 6s206rb103 with K=57 up to limit 1600
[2025-12-12 08:03:14] [generate_cnf] Generating formula 6s206rb103 with K=58
[2025-12-12 08:03:37] [run_formula] Running formula 6s206rb103 with K=58 up to limit 1600
[2025-12-12 08:03:41] [generate_cnf] Generating formula 6s206rb103 with K=59
[2025-12-12 08:04:04] [run_formula] Running formula 6s206rb103 with K=59 up to limit 1600
[2025-12-12 08:04:08] [generate_cnf] Generating formula 6s206rb103 with K=60
[2025-12-12 08:04:31] [run_formula] Running formula 6s206rb103 with K=60 up to limit 1600
[2025-12-12 08:04:36] [generate_cnf] Generating formula 6s206rb103 with K=61
[2025-12-12 08:04:59] [run_formula] Running formula 6s206rb103 with K=61 up to limit 1600
[2025-12-12 08:05:04] [generate_cnf] Generating formula 6s206rb103 with K=62
[2025-12-12 08:05:28] [run_formula] Running formula 6s206rb103 with K=62 up to limit 1600
[2025-12-12 08:05:33] [generate_cnf] Generating formula 6s206rb103 with K=63
[2025-12-12 08:05:57] [run_formula] Running formula 6s206rb103 with K=63 up to limit 1600
[2025-12-12 08:06:02] [generate_cnf] Generating formula 6s206rb103 with K=64
[2025-12-12 08:06:26] [run_formula] Running formula 6s206rb103 with K=64 up to limit 1600
[2025-12-12 08:06:32] [generate_cnf] Generating formula 6s206rb103 with K=65
[2025-12-12 08:06:56] [run_formula] Running formula 6s206rb103 with K=65 up to limit 1600
[2025-12-12 08:07:02] [generate_cnf] Generating formula 6s206rb103 with K=66
[2025-12-12 08:07:27] [run_formula] Running formula 6s206rb103 with K=66 up to limit 1600
[2025-12-12 08:07:32] [generate_cnf] Generating formula 6s206rb103 with K=67
[2025-12-12 08:07:58] [run_formula] Running formula 6s206rb103 with K=67 up to limit 1600
[2025-12-12 08:08:04] [generate_cnf] Generating formula 6s206rb103 with K=68
[2025-12-12 08:08:30] [run_formula] Running formula 6s206rb103 with K=68 up to limit 1600
[2025-12-12 08:08:36] [generate_cnf] Generating formula 6s206rb103 with K=69
[2025-12-12 08:09:03] [run_formula] Running formula 6s206rb103 with K=69 up to limit 1600
[2025-12-12 08:09:09] [generate_cnf] Generating formula 6s206rb103 with K=70
[2025-12-12 08:09:37] [run_formula] Running formula 6s206rb103 with K=70 up to limit 1600
[2025-12-12 08:09:42] [generate_cnf] Generating formula 6s206rb103 with K=71
[2025-12-12 08:10:11] [run_formula] Running formula 6s206rb103 with K=71 up to limit 1600
[2025-12-12 08:10:16] [generate_cnf] Generating formula 6s206rb103 with K=72
[2025-12-12 08:10:44] [run_formula] Running formula 6s206rb103 with K=72 up to limit 1600
[2025-12-12 08:10:49] [generate_cnf] Generating formula 6s206rb103 with K=73
[2025-12-12 08:11:16] [run_formula] Running formula 6s206rb103 with K=73 up to limit 1600
[2025-12-12 08:11:22] [generate_cnf] Generating formula 6s206rb103 with K=74
[2025-12-12 08:11:51] [run_formula] Running formula 6s206rb103 with K=74 up to limit 1600
[2025-12-12 08:11:56] [generate_cnf] Generating formula 6s206rb103 with K=75
[2025-12-12 08:12:24] [run_formula] Running formula 6s206rb103 with K=75 up to limit 1600
[2025-12-12 08:12:29] [generate_cnf] Generating formula 6s206rb103 with K=76
[2025-12-12 08:12:57] [run_formula] Running formula 6s206rb103 with K=76 up to limit 1600
[2025-12-12 08:13:04] [generate_cnf] Generating formula 6s206rb103 with K=77
[2025-12-12 08:13:31] [run_formula] Running formula 6s206rb103 with K=77 up to limit 1600
[2025-12-12 08:13:38] [generate_cnf] Generating formula 6s206rb103 with K=78
[2025-12-12 08:14:09] [run_formula] Running formula 6s206rb103 with K=78 up to limit 1600
[2025-12-12 08:14:16] [generate_cnf] Generating formula 6s206rb103 with K=79
[2025-12-12 08:14:48] [run_formula] Running formula 6s206rb103 with K=79 up to limit 1600
[2025-12-12 08:14:54] [generate_cnf] Generating formula 6s206rb103 with K=80
[2025-12-12 08:15:27] [run_formula] Running formula 6s206rb103 with K=80 up to limit 1600
[2025-12-12 08:15:34] [generate_cnf] Generating formula 6s206rb103 with K=81
[2025-12-12 08:16:06] [run_formula] Running formula 6s206rb103 with K=81 up to limit 1600
[2025-12-12 08:16:13] [generate_cnf] Generating formula 6s206rb103 with K=82
[2025-12-12 08:16:47] [run_formula] Running formula 6s206rb103 with K=82 up to limit 1600
[2025-12-12 08:16:54] [generate_cnf] Generating formula 6s206rb103 with K=83
[2025-12-12 08:17:27] [run_formula] Running formula 6s206rb103 with K=83 up to limit 1600
[2025-12-12 08:17:34] [generate_cnf] Generating formula 6s206rb103 with K=84
[2025-12-12 08:18:09] [run_formula] Running formula 6s206rb103 with K=84 up to limit 1600
[2025-12-12 08:18:16] [generate_cnf] Generating formula 6s206rb103 with K=85
[2025-12-12 08:18:50] [run_formula] Running formula 6s206rb103 with K=85 up to limit 1600
[2025-12-12 08:18:57] [generate_cnf] Generating formula 6s206rb103 with K=86
[2025-12-12 08:19:32] [run_formula] Running formula 6s206rb103 with K=86 up to limit 1600
[2025-12-12 08:19:40] [generate_cnf] Generating formula 6s206rb103 with K=87
[2025-12-12 08:20:15] [run_formula] Running formula 6s206rb103 with K=87 up to limit 1600
[2025-12-12 08:20:22] [generate_cnf] Generating formula 6s206rb103 with K=88
[2025-12-12 08:20:58] [run_formula] Running formula 6s206rb103 with K=88 up to limit 1600
[2025-12-12 08:21:05] [generate_cnf] Generating formula 6s206rb103 with K=89
[2025-12-12 08:21:41] [run_formula] Running formula 6s206rb103 with K=89 up to limit 1600
[2025-12-12 08:21:49] [generate_cnf] Generating formula 6s206rb103 with K=90
[2025-12-12 08:22:25] [run_formula] Running formula 6s206rb103 with K=90 up to limit 1600
[2025-12-12 08:22:33] [generate_cnf] Generating formula 6s206rb103 with K=91
[2025-12-12 08:23:10] [run_formula] Running formula 6s206rb103 with K=91 up to limit 1600
[2025-12-12 08:23:17] [generate_cnf] Generating formula 6s206rb103 with K=92
[2025-12-12 08:23:55] [run_formula] Running formula 6s206rb103 with K=92 up to limit 1600
[2025-12-12 08:24:02] [generate_cnf] Generating formula 6s206rb103 with K=93
[2025-12-12 08:24:40] [run_formula] Running formula 6s206rb103 with K=93 up to limit 1600
[2025-12-12 08:24:48] [generate_cnf] Generating formula 6s206rb103 with K=94
[2025-12-12 08:25:27] [run_formula] Running formula 6s206rb103 with K=94 up to limit 1600
[2025-12-12 08:25:35] [generate_cnf] Generating formula 6s206rb103 with K=95
[2025-12-12 08:26:14] [run_formula] Running formula 6s206rb103 with K=95 up to limit 1600
[2025-12-12 08:26:22] [generate_cnf] Generating formula 6s206rb103 with K=96
[2025-12-12 08:27:02] [run_formula] Running formula 6s206rb103 with K=96 up to limit 1600
[2025-12-12 08:27:11] [generate_cnf] Generating formula 6s206rb103 with K=97
[2025-12-12 08:27:51] [run_formula] Running formula 6s206rb103 with K=97 up to limit 1600
[2025-12-12 08:28:00] [run_formula] Error running formula 6s206rb103 with K=97: [Errno 122] Disk quota exceeded: './results/solving_logs/6s206rb103//6s206rb103.97.log'
[2025-12-12 08:28:00] [generate_and_run_up_to_limit] Failed to run formula 6s206rb103 with K=97, halting
