CNF written.
CNF written.
CNF written.
CNF written.
CNF written.
CNF written.
CNF written.
CNF written.
CNF written.
CNF written.
CNF written.
CNF written.
CNF written.
CNF written.
CNF written.
CNF written.
CNF written.
CNF written.
CNF written.
CNF written.
CNF written.
CNF written.
CNF written.
CNF written.
CNF written.
CNF written.
CNF written.
CNF written.
CNF written.
CNF written.
CNF written.
CNF written.
CNF written.
CNF written.
CNF written.
CNF written.
CNF written.
CNF written.
CNF written.
CNF written.
CNF written.
CNF written.
CNF written.
CNF written.
CNF written.
CNF written.
CNF written.
CNF written.
CNF written.
CNF written.
CNF written.
CNF written.
CNF written.
CNF written.
CNF written.
CNF written.
CNF written.
CNF written.
CNF written.
CNF written.
CNF written.
CNF written.
CNF written.
CNF written.
CNF written.
CNF written.
CNF written.
CNF written.
CNF written.
CNF written.
CNF written.
CNF written.
CNF written.
CNF written.
CNF written.
CNF written.
CNF written.
CNF written.
CNF written.
CNF written.
CNF written.
CNF written.
CNF written.
CNF written.
CNF written.
CNF written.
CNF written.
CNF written.
CNF written.
CNF written.
CNF written.
CNF written.
CNF written.
CNF written.
CNF written.
CNF written.
CNF written.
CNF written.
CNF written.
CNF written.
CNF written.
CNF written.
CNF written.
CNF written.
CNF written.
CNF written.
CNF written.
CNF written.
CNF written.
CNF written.
CNF written.
CNF written.
CNF written.
CNF written.
CNF written.
CNF written.
CNF written.
CNF written.
CNF written.
CNF written.
CNF written.
CNF written.
CNF written.
CNF written.
CNF written.
CNF written.
CNF written.
CNF written.
CNF written.
CNF written.
CNF written.
CNF written.
CNF written.
CNF written.
CNF written.
CNF written.
CNF written.
CNF written.
CNF written.
CNF written.
CNF written.
CNF written.
CNF written.
CNF written.
CNF written.
CNF written.
CNF written.
CNF written.
CNF written.
CNF written.
CNF written.
CNF written.
CNF written.
CNF written.
CNF written.
CNF written.
CNF written.
CNF written.
CNF written.
CNF written.
CNF written.
CNF written.
CNF written.
CNF written.
CNF written.
CNF written.
CNF written.
CNF written.
CNF written.
CNF written.
CNF written.
CNF written.
CNF written.
CNF written.
CNF written.
CNF written.
CNF written.
CNF written.
CNF written.
CNF written.
CNF written.
CNF written.
CNF written.
CNF written.
CNF written.
CNF written.
CNF written.
CNF written.
CNF written.
CNF written.
CNF written.
CNF written.
CNF written.
CNF written.
CNF written.
CNF written.
CNF written.
CNF written.
CNF written.
CNF written.
CNF written.
CNF written.
CNF written.
CNF written.
CNF written.
CNF written.
CNF written.
CNF written.
CNF written.
CNF written.
CNF written.
CNF written.
CNF written.
CNF written.
CNF written.
CNF written.
CNF written.
CNF written.
CNF written.
CNF written.
CNF written.
CNF written.
CNF written.
CNF written.
CNF written.
CNF written.
CNF written.
[2025-12-12 07:50:06] [generate_and_run_up_to_limit] Generating and running 6s209b0 with K<=500 up to limit 1600
[2025-12-12 07:50:06] [generate_cnf] Generating formula 6s209b0 with K=1
[2025-12-12 07:50:06] [run_formula] Running formula 6s209b0 with K=1 up to limit 1600
[2025-12-12 07:50:06] [generate_cnf] Generating formula 6s209b0 with K=2
[2025-12-12 07:50:07] [run_formula] Running formula 6s209b0 with K=2 up to limit 1600
[2025-12-12 07:50:07] [generate_cnf] Generating formula 6s209b0 with K=3
[2025-12-12 07:50:07] [run_formula] Running formula 6s209b0 with K=3 up to limit 1600
[2025-12-12 07:50:07] [generate_cnf] Generating formula 6s209b0 with K=4
[2025-12-12 07:50:08] [run_formula] Running formula 6s209b0 with K=4 up to limit 1600
[2025-12-12 07:50:08] [generate_cnf] Generating formula 6s209b0 with K=5
[2025-12-12 07:50:08] [run_formula] Running formula 6s209b0 with K=5 up to limit 1600
[2025-12-12 07:50:08] [generate_cnf] Generating formula 6s209b0 with K=6
[2025-12-12 07:50:09] [run_formula] Running formula 6s209b0 with K=6 up to limit 1600
[2025-12-12 07:50:09] [generate_cnf] Generating formula 6s209b0 with K=7
[2025-12-12 07:50:09] [run_formula] Running formula 6s209b0 with K=7 up to limit 1600
[2025-12-12 07:50:10] [generate_cnf] Generating formula 6s209b0 with K=8
[2025-12-12 07:50:10] [run_formula] Running formula 6s209b0 with K=8 up to limit 1600
[2025-12-12 07:50:10] [generate_cnf] Generating formula 6s209b0 with K=9
[2025-12-12 07:50:11] [run_formula] Running formula 6s209b0 with K=9 up to limit 1600
[2025-12-12 07:50:11] [generate_cnf] Generating formula 6s209b0 with K=10
[2025-12-12 07:50:12] [run_formula] Running formula 6s209b0 with K=10 up to limit 1600
[2025-12-12 07:50:12] [generate_cnf] Generating formula 6s209b0 with K=11
[2025-12-12 07:50:13] [run_formula] Running formula 6s209b0 with K=11 up to limit 1600
[2025-12-12 07:50:13] [generate_cnf] Generating formula 6s209b0 with K=12
[2025-12-12 07:50:14] [run_formula] Running formula 6s209b0 with K=12 up to limit 1600
[2025-12-12 07:50:14] [generate_cnf] Generating formula 6s209b0 with K=13
[2025-12-12 07:50:15] [run_formula] Running formula 6s209b0 with K=13 up to limit 1600
[2025-12-12 07:50:16] [generate_cnf] Generating formula 6s209b0 with K=14
[2025-12-12 07:50:17] [run_formula] Running formula 6s209b0 with K=14 up to limit 1600
[2025-12-12 07:50:17] [generate_cnf] Generating formula 6s209b0 with K=15
[2025-12-12 07:50:18] [run_formula] Running formula 6s209b0 with K=15 up to limit 1600
[2025-12-12 07:50:18] [generate_cnf] Generating formula 6s209b0 with K=16
[2025-12-12 07:50:19] [run_formula] Running formula 6s209b0 with K=16 up to limit 1600
[2025-12-12 07:50:20] [generate_cnf] Generating formula 6s209b0 with K=17
[2025-12-12 07:50:21] [run_formula] Running formula 6s209b0 with K=17 up to limit 1600
[2025-12-12 07:50:21] [generate_cnf] Generating formula 6s209b0 with K=18
[2025-12-12 07:50:22] [run_formula] Running formula 6s209b0 with K=18 up to limit 1600
[2025-12-12 07:50:23] [generate_cnf] Generating formula 6s209b0 with K=19
[2025-12-12 07:50:24] [run_formula] Running formula 6s209b0 with K=19 up to limit 1600
[2025-12-12 07:50:24] [generate_cnf] Generating formula 6s209b0 with K=20
[2025-12-12 07:50:26] [run_formula] Running formula 6s209b0 with K=20 up to limit 1600
[2025-12-12 07:50:26] [generate_cnf] Generating formula 6s209b0 with K=21
[2025-12-12 07:50:27] [run_formula] Running formula 6s209b0 with K=21 up to limit 1600
[2025-12-12 07:50:28] [generate_cnf] Generating formula 6s209b0 with K=22
[2025-12-12 07:50:29] [run_formula] Running formula 6s209b0 with K=22 up to limit 1600
[2025-12-12 07:50:30] [generate_cnf] Generating formula 6s209b0 with K=23
[2025-12-12 07:50:31] [run_formula] Running formula 6s209b0 with K=23 up to limit 1600
[2025-12-12 07:50:32] [generate_cnf] Generating formula 6s209b0 with K=24
[2025-12-12 07:50:33] [run_formula] Running formula 6s209b0 with K=24 up to limit 1600
[2025-12-12 07:50:34] [generate_cnf] Generating formula 6s209b0 with K=25
[2025-12-12 07:50:35] [run_formula] Running formula 6s209b0 with K=25 up to limit 1600
[2025-12-12 07:50:36] [generate_cnf] Generating formula 6s209b0 with K=26
[2025-12-12 07:50:37] [run_formula] Running formula 6s209b0 with K=26 up to limit 1600
[2025-12-12 07:50:38] [generate_cnf] Generating formula 6s209b0 with K=27
[2025-12-12 07:50:40] [run_formula] Running formula 6s209b0 with K=27 up to limit 1600
[2025-12-12 07:50:40] [generate_cnf] Generating formula 6s209b0 with K=28
[2025-12-12 07:50:42] [run_formula] Running formula 6s209b0 with K=28 up to limit 1600
[2025-12-12 07:50:42] [generate_cnf] Generating formula 6s209b0 with K=29
[2025-12-12 07:50:44] [run_formula] Running formula 6s209b0 with K=29 up to limit 1600
[2025-12-12 07:50:45] [generate_cnf] Generating formula 6s209b0 with K=30
[2025-12-12 07:50:47] [run_formula] Running formula 6s209b0 with K=30 up to limit 1600
[2025-12-12 07:50:47] [generate_cnf] Generating formula 6s209b0 with K=31
[2025-12-12 07:50:49] [run_formula] Running formula 6s209b0 with K=31 up to limit 1600
[2025-12-12 07:50:50] [generate_cnf] Generating formula 6s209b0 with K=32
[2025-12-12 07:50:52] [run_formula] Running formula 6s209b0 with K=32 up to limit 1600
[2025-12-12 07:50:53] [generate_cnf] Generating formula 6s209b0 with K=33
[2025-12-12 07:50:55] [run_formula] Running formula 6s209b0 with K=33 up to limit 1600
[2025-12-12 07:50:55] [generate_cnf] Generating formula 6s209b0 with K=34
[2025-12-12 07:50:58] [run_formula] Running formula 6s209b0 with K=34 up to limit 1600
[2025-12-12 07:50:58] [generate_cnf] Generating formula 6s209b0 with K=35
[2025-12-12 07:51:00] [run_formula] Running formula 6s209b0 with K=35 up to limit 1600
[2025-12-12 07:51:01] [generate_cnf] Generating formula 6s209b0 with K=36
[2025-12-12 07:51:03] [run_formula] Running formula 6s209b0 with K=36 up to limit 1600
[2025-12-12 07:51:04] [generate_cnf] Generating formula 6s209b0 with K=37
[2025-12-12 07:51:06] [run_formula] Running formula 6s209b0 with K=37 up to limit 1600
[2025-12-12 07:51:07] [generate_cnf] Generating formula 6s209b0 with K=38
[2025-12-12 07:51:10] [run_formula] Running formula 6s209b0 with K=38 up to limit 1600
[2025-12-12 07:51:10] [generate_cnf] Generating formula 6s209b0 with K=39
[2025-12-12 07:51:13] [run_formula] Running formula 6s209b0 with K=39 up to limit 1600
[2025-12-12 07:51:13] [generate_cnf] Generating formula 6s209b0 with K=40
[2025-12-12 07:51:16] [run_formula] Running formula 6s209b0 with K=40 up to limit 1600
[2025-12-12 07:51:17] [generate_cnf] Generating formula 6s209b0 with K=41
[2025-12-12 07:51:19] [run_formula] Running formula 6s209b0 with K=41 up to limit 1600
[2025-12-12 07:51:20] [generate_cnf] Generating formula 6s209b0 with K=42
[2025-12-12 07:51:23] [run_formula] Running formula 6s209b0 with K=42 up to limit 1600
[2025-12-12 07:51:24] [generate_cnf] Generating formula 6s209b0 with K=43
[2025-12-12 07:51:27] [run_formula] Running formula 6s209b0 with K=43 up to limit 1600
[2025-12-12 07:51:27] [generate_cnf] Generating formula 6s209b0 with K=44
[2025-12-12 07:51:30] [run_formula] Running formula 6s209b0 with K=44 up to limit 1600
[2025-12-12 07:51:31] [generate_cnf] Generating formula 6s209b0 with K=45
[2025-12-12 07:51:34] [run_formula] Running formula 6s209b0 with K=45 up to limit 1600
[2025-12-12 07:51:35] [generate_cnf] Generating formula 6s209b0 with K=46
[2025-12-12 07:51:38] [run_formula] Running formula 6s209b0 with K=46 up to limit 1600
[2025-12-12 07:51:39] [generate_cnf] Generating formula 6s209b0 with K=47
[2025-12-12 07:51:42] [run_formula] Running formula 6s209b0 with K=47 up to limit 1600
[2025-12-12 07:51:43] [generate_cnf] Generating formula 6s209b0 with K=48
[2025-12-12 07:51:46] [run_formula] Running formula 6s209b0 with K=48 up to limit 1600
[2025-12-12 07:51:47] [generate_cnf] Generating formula 6s209b0 with K=49
[2025-12-12 07:51:51] [run_formula] Running formula 6s209b0 with K=49 up to limit 1600
[2025-12-12 07:51:51] [generate_cnf] Generating formula 6s209b0 with K=50
[2025-12-12 07:51:56] [run_formula] Running formula 6s209b0 with K=50 up to limit 1600
[2025-12-12 07:51:57] [generate_cnf] Generating formula 6s209b0 with K=51
[2025-12-12 07:52:01] [run_formula] Running formula 6s209b0 with K=51 up to limit 1600
[2025-12-12 07:52:02] [generate_cnf] Generating formula 6s209b0 with K=52
[2025-12-12 07:52:06] [run_formula] Running formula 6s209b0 with K=52 up to limit 1600
[2025-12-12 07:52:07] [generate_cnf] Generating formula 6s209b0 with K=53
[2025-12-12 07:52:11] [run_formula] Running formula 6s209b0 with K=53 up to limit 1600
[2025-12-12 07:52:11] [generate_cnf] Generating formula 6s209b0 with K=54
[2025-12-12 07:52:15] [run_formula] Running formula 6s209b0 with K=54 up to limit 1600
[2025-12-12 07:52:16] [generate_cnf] Generating formula 6s209b0 with K=55
[2025-12-12 07:52:19] [run_formula] Running formula 6s209b0 with K=55 up to limit 1600
[2025-12-12 07:52:20] [generate_cnf] Generating formula 6s209b0 with K=56
[2025-12-12 07:52:24] [run_formula] Running formula 6s209b0 with K=56 up to limit 1600
[2025-12-12 07:52:25] [generate_cnf] Generating formula 6s209b0 with K=57
[2025-12-12 07:52:29] [run_formula] Running formula 6s209b0 with K=57 up to limit 1600
[2025-12-12 07:52:30] [generate_cnf] Generating formula 6s209b0 with K=58
[2025-12-12 07:52:33] [run_formula] Running formula 6s209b0 with K=58 up to limit 1600
[2025-12-12 07:52:34] [generate_cnf] Generating formula 6s209b0 with K=59
[2025-12-12 07:52:38] [run_formula] Running formula 6s209b0 with K=59 up to limit 1600
[2025-12-12 07:52:39] [generate_cnf] Generating formula 6s209b0 with K=60
[2025-12-12 07:52:43] [run_formula] Running formula 6s209b0 with K=60 up to limit 1600
[2025-12-12 07:52:44] [generate_cnf] Generating formula 6s209b0 with K=61
[2025-12-12 07:52:48] [run_formula] Running formula 6s209b0 with K=61 up to limit 1600
[2025-12-12 07:52:49] [generate_cnf] Generating formula 6s209b0 with K=62
[2025-12-12 07:52:53] [run_formula] Running formula 6s209b0 with K=62 up to limit 1600
[2025-12-12 07:52:54] [generate_cnf] Generating formula 6s209b0 with K=63
[2025-12-12 07:52:58] [run_formula] Running formula 6s209b0 with K=63 up to limit 1600
[2025-12-12 07:52:59] [generate_cnf] Generating formula 6s209b0 with K=64
[2025-12-12 07:53:03] [run_formula] Running formula 6s209b0 with K=64 up to limit 1600
[2025-12-12 07:53:04] [generate_cnf] Generating formula 6s209b0 with K=65
[2025-12-12 07:53:08] [run_formula] Running formula 6s209b0 with K=65 up to limit 1600
[2025-12-12 07:53:10] [generate_cnf] Generating formula 6s209b0 with K=66
[2025-12-12 07:53:14] [run_formula] Running formula 6s209b0 with K=66 up to limit 1600
[2025-12-12 07:53:15] [generate_cnf] Generating formula 6s209b0 with K=67
[2025-12-12 07:53:19] [run_formula] Running formula 6s209b0 with K=67 up to limit 1600
[2025-12-12 07:53:20] [generate_cnf] Generating formula 6s209b0 with K=68
[2025-12-12 07:53:25] [run_formula] Running formula 6s209b0 with K=68 up to limit 1600
[2025-12-12 07:53:26] [generate_cnf] Generating formula 6s209b0 with K=69
[2025-12-12 07:53:30] [run_formula] Running formula 6s209b0 with K=69 up to limit 1600
[2025-12-12 07:53:31] [generate_cnf] Generating formula 6s209b0 with K=70
[2025-12-12 07:53:36] [run_formula] Running formula 6s209b0 with K=70 up to limit 1600
[2025-12-12 07:53:37] [generate_cnf] Generating formula 6s209b0 with K=71
[2025-12-12 07:53:42] [run_formula] Running formula 6s209b0 with K=71 up to limit 1600
[2025-12-12 07:53:43] [generate_cnf] Generating formula 6s209b0 with K=72
[2025-12-12 07:53:47] [run_formula] Running formula 6s209b0 with K=72 up to limit 1600
[2025-12-12 07:53:49] [generate_cnf] Generating formula 6s209b0 with K=73
[2025-12-12 07:53:53] [run_formula] Running formula 6s209b0 with K=73 up to limit 1600
[2025-12-12 07:53:54] [generate_cnf] Generating formula 6s209b0 with K=74
[2025-12-12 07:53:59] [run_formula] Running formula 6s209b0 with K=74 up to limit 1600
[2025-12-12 07:54:01] [generate_cnf] Generating formula 6s209b0 with K=75
[2025-12-12 07:54:05] [run_formula] Running formula 6s209b0 with K=75 up to limit 1600
[2025-12-12 07:54:07] [generate_cnf] Generating formula 6s209b0 with K=76
[2025-12-12 07:54:11] [run_formula] Running formula 6s209b0 with K=76 up to limit 1600
[2025-12-12 07:54:13] [generate_cnf] Generating formula 6s209b0 with K=77
[2025-12-12 07:54:18] [run_formula] Running formula 6s209b0 with K=77 up to limit 1600
[2025-12-12 07:54:19] [generate_cnf] Generating formula 6s209b0 with K=78
[2025-12-12 07:54:24] [run_formula] Running formula 6s209b0 with K=78 up to limit 1600
[2025-12-12 07:54:25] [generate_cnf] Generating formula 6s209b0 with K=79
[2025-12-12 07:54:30] [run_formula] Running formula 6s209b0 with K=79 up to limit 1600
[2025-12-12 07:54:32] [generate_cnf] Generating formula 6s209b0 with K=80
[2025-12-12 07:54:37] [run_formula] Running formula 6s209b0 with K=80 up to limit 1600
[2025-12-12 07:54:38] [generate_cnf] Generating formula 6s209b0 with K=81
[2025-12-12 07:54:44] [run_formula] Running formula 6s209b0 with K=81 up to limit 1600
[2025-12-12 07:54:45] [generate_cnf] Generating formula 6s209b0 with K=82
[2025-12-12 07:54:50] [run_formula] Running formula 6s209b0 with K=82 up to limit 1600
[2025-12-12 07:54:52] [generate_cnf] Generating formula 6s209b0 with K=83
[2025-12-12 07:54:57] [run_formula] Running formula 6s209b0 with K=83 up to limit 1600
[2025-12-12 07:54:58] [generate_cnf] Generating formula 6s209b0 with K=84
[2025-12-12 07:55:04] [run_formula] Running formula 6s209b0 with K=84 up to limit 1600
[2025-12-12 07:55:05] [generate_cnf] Generating formula 6s209b0 with K=85
[2025-12-12 07:55:11] [run_formula] Running formula 6s209b0 with K=85 up to limit 1600
[2025-12-12 07:55:12] [generate_cnf] Generating formula 6s209b0 with K=86
[2025-12-12 07:55:18] [run_formula] Running formula 6s209b0 with K=86 up to limit 1600
[2025-12-12 07:55:19] [generate_cnf] Generating formula 6s209b0 with K=87
[2025-12-12 07:55:25] [run_formula] Running formula 6s209b0 with K=87 up to limit 1600
[2025-12-12 07:55:26] [generate_cnf] Generating formula 6s209b0 with K=88
[2025-12-12 07:55:32] [run_formula] Running formula 6s209b0 with K=88 up to limit 1600
[2025-12-12 07:55:33] [generate_cnf] Generating formula 6s209b0 with K=89
[2025-12-12 07:55:39] [run_formula] Running formula 6s209b0 with K=89 up to limit 1600
[2025-12-12 07:55:41] [generate_cnf] Generating formula 6s209b0 with K=90
[2025-12-12 07:55:46] [run_formula] Running formula 6s209b0 with K=90 up to limit 1600
[2025-12-12 07:55:48] [generate_cnf] Generating formula 6s209b0 with K=91
[2025-12-12 07:55:54] [run_formula] Running formula 6s209b0 with K=91 up to limit 1600
[2025-12-12 07:55:55] [generate_cnf] Generating formula 6s209b0 with K=92
[2025-12-12 07:56:01] [run_formula] Running formula 6s209b0 with K=92 up to limit 1600
[2025-12-12 07:56:03] [generate_cnf] Generating formula 6s209b0 with K=93
[2025-12-12 07:56:09] [run_formula] Running formula 6s209b0 with K=93 up to limit 1600
[2025-12-12 07:56:10] [generate_cnf] Generating formula 6s209b0 with K=94
[2025-12-12 07:56:17] [run_formula] Running formula 6s209b0 with K=94 up to limit 1600
[2025-12-12 07:56:18] [generate_cnf] Generating formula 6s209b0 with K=95
[2025-12-12 07:56:24] [run_formula] Running formula 6s209b0 with K=95 up to limit 1600
[2025-12-12 07:56:26] [generate_cnf] Generating formula 6s209b0 with K=96
[2025-12-12 07:56:32] [run_formula] Running formula 6s209b0 with K=96 up to limit 1600
[2025-12-12 07:56:34] [generate_cnf] Generating formula 6s209b0 with K=97
[2025-12-12 07:56:40] [run_formula] Running formula 6s209b0 with K=97 up to limit 1600
[2025-12-12 07:56:42] [generate_cnf] Generating formula 6s209b0 with K=98
[2025-12-12 07:56:48] [run_formula] Running formula 6s209b0 with K=98 up to limit 1600
[2025-12-12 07:56:49] [generate_cnf] Generating formula 6s209b0 with K=99
[2025-12-12 07:56:56] [run_formula] Running formula 6s209b0 with K=99 up to limit 1600
[2025-12-12 07:56:58] [generate_cnf] Generating formula 6s209b0 with K=100
[2025-12-12 07:57:04] [run_formula] Running formula 6s209b0 with K=100 up to limit 1600
[2025-12-12 07:57:06] [generate_cnf] Generating formula 6s209b0 with K=101
[2025-12-12 07:57:12] [run_formula] Running formula 6s209b0 with K=101 up to limit 1600
[2025-12-12 07:57:14] [generate_cnf] Generating formula 6s209b0 with K=102
[2025-12-12 07:57:21] [run_formula] Running formula 6s209b0 with K=102 up to limit 1600
[2025-12-12 07:57:22] [generate_cnf] Generating formula 6s209b0 with K=103
[2025-12-12 07:57:29] [run_formula] Running formula 6s209b0 with K=103 up to limit 1600
[2025-12-12 07:57:31] [generate_cnf] Generating formula 6s209b0 with K=104
[2025-12-12 07:57:38] [run_formula] Running formula 6s209b0 with K=104 up to limit 1600
[2025-12-12 07:57:39] [generate_cnf] Generating formula 6s209b0 with K=105
[2025-12-12 07:57:46] [run_formula] Running formula 6s209b0 with K=105 up to limit 1600
[2025-12-12 07:57:48] [generate_cnf] Generating formula 6s209b0 with K=106
[2025-12-12 07:57:55] [run_formula] Running formula 6s209b0 with K=106 up to limit 1600
[2025-12-12 07:57:57] [generate_cnf] Generating formula 6s209b0 with K=107
[2025-12-12 07:58:04] [run_formula] Running formula 6s209b0 with K=107 up to limit 1600
[2025-12-12 07:58:05] [generate_cnf] Generating formula 6s209b0 with K=108
[2025-12-12 07:58:13] [run_formula] Running formula 6s209b0 with K=108 up to limit 1600
[2025-12-12 07:58:14] [generate_cnf] Generating formula 6s209b0 with K=109
[2025-12-12 07:58:21] [run_formula] Running formula 6s209b0 with K=109 up to limit 1600
[2025-12-12 07:58:23] [generate_cnf] Generating formula 6s209b0 with K=110
[2025-12-12 07:58:30] [run_formula] Running formula 6s209b0 with K=110 up to limit 1600
[2025-12-12 07:58:32] [generate_cnf] Generating formula 6s209b0 with K=111
[2025-12-12 07:58:39] [run_formula] Running formula 6s209b0 with K=111 up to limit 1600
[2025-12-12 07:58:41] [generate_cnf] Generating formula 6s209b0 with K=112
[2025-12-12 07:58:49] [run_formula] Running formula 6s209b0 with K=112 up to limit 1600
[2025-12-12 07:58:51] [generate_cnf] Generating formula 6s209b0 with K=113
[2025-12-12 07:58:58] [run_formula] Running formula 6s209b0 with K=113 up to limit 1600
[2025-12-12 07:59:00] [generate_cnf] Generating formula 6s209b0 with K=114
[2025-12-12 07:59:07] [run_formula] Running formula 6s209b0 with K=114 up to limit 1600
[2025-12-12 07:59:09] [generate_cnf] Generating formula 6s209b0 with K=115
[2025-12-12 07:59:17] [run_formula] Running formula 6s209b0 with K=115 up to limit 1600
[2025-12-12 07:59:19] [generate_cnf] Generating formula 6s209b0 with K=116
[2025-12-12 07:59:26] [run_formula] Running formula 6s209b0 with K=116 up to limit 1600
[2025-12-12 07:59:28] [generate_cnf] Generating formula 6s209b0 with K=117
[2025-12-12 07:59:36] [run_formula] Running formula 6s209b0 with K=117 up to limit 1600
[2025-12-12 07:59:38] [generate_cnf] Generating formula 6s209b0 with K=118
[2025-12-12 07:59:46] [run_formula] Running formula 6s209b0 with K=118 up to limit 1600
[2025-12-12 07:59:48] [generate_cnf] Generating formula 6s209b0 with K=119
[2025-12-12 07:59:55] [run_formula] Running formula 6s209b0 with K=119 up to limit 1600
[2025-12-12 07:59:57] [generate_cnf] Generating formula 6s209b0 with K=120
[2025-12-12 08:00:05] [run_formula] Running formula 6s209b0 with K=120 up to limit 1600
[2025-12-12 08:00:07] [generate_cnf] Generating formula 6s209b0 with K=121
[2025-12-12 08:00:15] [run_formula] Running formula 6s209b0 with K=121 up to limit 1600
[2025-12-12 08:00:17] [generate_cnf] Generating formula 6s209b0 with K=122
[2025-12-12 08:00:26] [run_formula] Running formula 6s209b0 with K=122 up to limit 1600
[2025-12-12 08:00:28] [generate_cnf] Generating formula 6s209b0 with K=123
[2025-12-12 08:00:36] [run_formula] Running formula 6s209b0 with K=123 up to limit 1600
[2025-12-12 08:00:38] [generate_cnf] Generating formula 6s209b0 with K=124
[2025-12-12 08:00:47] [run_formula] Running formula 6s209b0 with K=124 up to limit 1600
[2025-12-12 08:00:49] [generate_cnf] Generating formula 6s209b0 with K=125
[2025-12-12 08:00:58] [run_formula] Running formula 6s209b0 with K=125 up to limit 1600
[2025-12-12 08:01:00] [generate_cnf] Generating formula 6s209b0 with K=126
[2025-12-12 08:01:09] [run_formula] Running formula 6s209b0 with K=126 up to limit 1600
[2025-12-12 08:01:11] [generate_cnf] Generating formula 6s209b0 with K=127
[2025-12-12 08:01:20] [run_formula] Running formula 6s209b0 with K=127 up to limit 1600
[2025-12-12 08:01:22] [generate_cnf] Generating formula 6s209b0 with K=128
[2025-12-12 08:01:31] [run_formula] Running formula 6s209b0 with K=128 up to limit 1600
[2025-12-12 08:01:34] [generate_cnf] Generating formula 6s209b0 with K=129
[2025-12-12 08:01:43] [run_formula] Running formula 6s209b0 with K=129 up to limit 1600
[2025-12-12 08:01:45] [generate_cnf] Generating formula 6s209b0 with K=130
[2025-12-12 08:01:54] [run_formula] Running formula 6s209b0 with K=130 up to limit 1600
[2025-12-12 08:01:56] [generate_cnf] Generating formula 6s209b0 with K=131
[2025-12-12 08:02:05] [run_formula] Running formula 6s209b0 with K=131 up to limit 1600
[2025-12-12 08:02:08] [generate_cnf] Generating formula 6s209b0 with K=132
[2025-12-12 08:02:17] [run_formula] Running formula 6s209b0 with K=132 up to limit 1600
[2025-12-12 08:02:19] [generate_cnf] Generating formula 6s209b0 with K=133
[2025-12-12 08:02:29] [run_formula] Running formula 6s209b0 with K=133 up to limit 1600
[2025-12-12 08:02:31] [generate_cnf] Generating formula 6s209b0 with K=134
[2025-12-12 08:02:41] [run_formula] Running formula 6s209b0 with K=134 up to limit 1600
[2025-12-12 08:02:43] [generate_cnf] Generating formula 6s209b0 with K=135
[2025-12-12 08:02:52] [run_formula] Running formula 6s209b0 with K=135 up to limit 1600
[2025-12-12 08:02:55] [generate_cnf] Generating formula 6s209b0 with K=136
[2025-12-12 08:03:04] [run_formula] Running formula 6s209b0 with K=136 up to limit 1600
[2025-12-12 08:03:06] [generate_cnf] Generating formula 6s209b0 with K=137
[2025-12-12 08:03:16] [run_formula] Running formula 6s209b0 with K=137 up to limit 1600
[2025-12-12 08:03:18] [generate_cnf] Generating formula 6s209b0 with K=138
[2025-12-12 08:03:28] [run_formula] Running formula 6s209b0 with K=138 up to limit 1600
[2025-12-12 08:03:30] [generate_cnf] Generating formula 6s209b0 with K=139
[2025-12-12 08:03:40] [run_formula] Running formula 6s209b0 with K=139 up to limit 1600
[2025-12-12 08:03:42] [generate_cnf] Generating formula 6s209b0 with K=140
[2025-12-12 08:03:52] [run_formula] Running formula 6s209b0 with K=140 up to limit 1600
[2025-12-12 08:03:55] [generate_cnf] Generating formula 6s209b0 with K=141
[2025-12-12 08:04:05] [run_formula] Running formula 6s209b0 with K=141 up to limit 1600
[2025-12-12 08:04:07] [generate_cnf] Generating formula 6s209b0 with K=142
[2025-12-12 08:04:17] [run_formula] Running formula 6s209b0 with K=142 up to limit 1600
[2025-12-12 08:04:20] [generate_cnf] Generating formula 6s209b0 with K=143
[2025-12-12 08:04:30] [run_formula] Running formula 6s209b0 with K=143 up to limit 1600
[2025-12-12 08:04:33] [generate_cnf] Generating formula 6s209b0 with K=144
[2025-12-12 08:04:43] [run_formula] Running formula 6s209b0 with K=144 up to limit 1600
[2025-12-12 08:04:46] [generate_cnf] Generating formula 6s209b0 with K=145
[2025-12-12 08:04:56] [run_formula] Running formula 6s209b0 with K=145 up to limit 1600
[2025-12-12 08:04:59] [generate_cnf] Generating formula 6s209b0 with K=146
[2025-12-12 08:05:09] [run_formula] Running formula 6s209b0 with K=146 up to limit 1600
[2025-12-12 08:05:12] [generate_cnf] Generating formula 6s209b0 with K=147
[2025-12-12 08:05:22] [run_formula] Running formula 6s209b0 with K=147 up to limit 1600
[2025-12-12 08:05:25] [generate_cnf] Generating formula 6s209b0 with K=148
[2025-12-12 08:05:36] [run_formula] Running formula 6s209b0 with K=148 up to limit 1600
[2025-12-12 08:05:38] [generate_cnf] Generating formula 6s209b0 with K=149
[2025-12-12 08:05:49] [run_formula] Running formula 6s209b0 with K=149 up to limit 1600
[2025-12-12 08:05:52] [generate_cnf] Generating formula 6s209b0 with K=150
[2025-12-12 08:06:03] [run_formula] Running formula 6s209b0 with K=150 up to limit 1600
[2025-12-12 08:06:05] [generate_cnf] Generating formula 6s209b0 with K=151
[2025-12-12 08:06:16] [run_formula] Running formula 6s209b0 with K=151 up to limit 1600
[2025-12-12 08:06:19] [generate_cnf] Generating formula 6s209b0 with K=152
[2025-12-12 08:06:30] [run_formula] Running formula 6s209b0 with K=152 up to limit 1600
[2025-12-12 08:06:33] [generate_cnf] Generating formula 6s209b0 with K=153
[2025-12-12 08:06:44] [run_formula] Running formula 6s209b0 with K=153 up to limit 1600
[2025-12-12 08:06:47] [generate_cnf] Generating formula 6s209b0 with K=154
[2025-12-12 08:06:58] [run_formula] Running formula 6s209b0 with K=154 up to limit 1600
[2025-12-12 08:07:00] [generate_cnf] Generating formula 6s209b0 with K=155
[2025-12-12 08:07:12] [run_formula] Running formula 6s209b0 with K=155 up to limit 1600
[2025-12-12 08:07:14] [generate_cnf] Generating formula 6s209b0 with K=156
[2025-12-12 08:07:26] [run_formula] Running formula 6s209b0 with K=156 up to limit 1600
[2025-12-12 08:07:29] [generate_cnf] Generating formula 6s209b0 with K=157
[2025-12-12 08:07:40] [run_formula] Running formula 6s209b0 with K=157 up to limit 1600
[2025-12-12 08:07:43] [generate_cnf] Generating formula 6s209b0 with K=158
[2025-12-12 08:07:54] [run_formula] Running formula 6s209b0 with K=158 up to limit 1600
[2025-12-12 08:07:57] [generate_cnf] Generating formula 6s209b0 with K=159
[2025-12-12 08:08:09] [run_formula] Running formula 6s209b0 with K=159 up to limit 1600
[2025-12-12 08:08:12] [generate_cnf] Generating formula 6s209b0 with K=160
[2025-12-12 08:08:23] [run_formula] Running formula 6s209b0 with K=160 up to limit 1600
[2025-12-12 08:08:26] [generate_cnf] Generating formula 6s209b0 with K=161
[2025-12-12 08:08:45] [run_formula] Running formula 6s209b0 with K=161 up to limit 1600
[2025-12-12 08:08:48] [generate_cnf] Generating formula 6s209b0 with K=162
[2025-12-12 08:08:59] [run_formula] Running formula 6s209b0 with K=162 up to limit 1600
[2025-12-12 08:09:02] [generate_cnf] Generating formula 6s209b0 with K=163
[2025-12-12 08:09:14] [run_formula] Running formula 6s209b0 with K=163 up to limit 1600
[2025-12-12 08:09:17] [generate_cnf] Generating formula 6s209b0 with K=164
[2025-12-12 08:09:29] [run_formula] Running formula 6s209b0 with K=164 up to limit 1600
[2025-12-12 08:09:32] [generate_cnf] Generating formula 6s209b0 with K=165
[2025-12-12 08:09:44] [run_formula] Running formula 6s209b0 with K=165 up to limit 1600
[2025-12-12 08:09:47] [generate_cnf] Generating formula 6s209b0 with K=166
[2025-12-12 08:09:59] [run_formula] Running formula 6s209b0 with K=166 up to limit 1600
[2025-12-12 08:10:02] [generate_cnf] Generating formula 6s209b0 with K=167
[2025-12-12 08:10:14] [run_formula] Running formula 6s209b0 with K=167 up to limit 1600
[2025-12-12 08:10:17] [generate_cnf] Generating formula 6s209b0 with K=168
[2025-12-12 08:10:29] [run_formula] Running formula 6s209b0 with K=168 up to limit 1600
[2025-12-12 08:10:32] [generate_cnf] Generating formula 6s209b0 with K=169
[2025-12-12 08:10:44] [run_formula] Running formula 6s209b0 with K=169 up to limit 1600
[2025-12-12 08:10:48] [generate_cnf] Generating formula 6s209b0 with K=170
[2025-12-12 08:11:00] [run_formula] Running formula 6s209b0 with K=170 up to limit 1600
[2025-12-12 08:11:03] [generate_cnf] Generating formula 6s209b0 with K=171
[2025-12-12 08:11:15] [run_formula] Running formula 6s209b0 with K=171 up to limit 1600
[2025-12-12 08:11:18] [generate_cnf] Generating formula 6s209b0 with K=172
[2025-12-12 08:11:31] [run_formula] Running formula 6s209b0 with K=172 up to limit 1600
[2025-12-12 08:11:34] [generate_cnf] Generating formula 6s209b0 with K=173
[2025-12-12 08:11:47] [run_formula] Running formula 6s209b0 with K=173 up to limit 1600
[2025-12-12 08:11:50] [generate_cnf] Generating formula 6s209b0 with K=174
[2025-12-12 08:12:03] [run_formula] Running formula 6s209b0 with K=174 up to limit 1600
[2025-12-12 08:12:06] [generate_cnf] Generating formula 6s209b0 with K=175
[2025-12-12 08:12:18] [run_formula] Running formula 6s209b0 with K=175 up to limit 1600
[2025-12-12 08:12:22] [generate_cnf] Generating formula 6s209b0 with K=176
[2025-12-12 08:12:34] [run_formula] Running formula 6s209b0 with K=176 up to limit 1600
[2025-12-12 08:12:37] [generate_cnf] Generating formula 6s209b0 with K=177
[2025-12-12 08:12:50] [run_formula] Running formula 6s209b0 with K=177 up to limit 1600
[2025-12-12 08:12:53] [generate_cnf] Generating formula 6s209b0 with K=178
[2025-12-12 08:13:06] [run_formula] Running formula 6s209b0 with K=178 up to limit 1600
[2025-12-12 08:13:09] [generate_cnf] Generating formula 6s209b0 with K=179
[2025-12-12 08:13:22] [run_formula] Running formula 6s209b0 with K=179 up to limit 1600
[2025-12-12 08:13:25] [generate_cnf] Generating formula 6s209b0 with K=180
[2025-12-12 08:13:38] [run_formula] Running formula 6s209b0 with K=180 up to limit 1600
[2025-12-12 08:13:41] [generate_cnf] Generating formula 6s209b0 with K=181
[2025-12-12 08:13:55] [run_formula] Running formula 6s209b0 with K=181 up to limit 1600
[2025-12-12 08:13:58] [generate_cnf] Generating formula 6s209b0 with K=182
[2025-12-12 08:14:11] [run_formula] Running formula 6s209b0 with K=182 up to limit 1600
[2025-12-12 08:14:14] [generate_cnf] Generating formula 6s209b0 with K=183
[2025-12-12 08:14:28] [run_formula] Running formula 6s209b0 with K=183 up to limit 1600
[2025-12-12 08:14:31] [generate_cnf] Generating formula 6s209b0 with K=184
[2025-12-12 08:14:44] [run_formula] Running formula 6s209b0 with K=184 up to limit 1600
[2025-12-12 08:14:47] [generate_cnf] Generating formula 6s209b0 with K=185
[2025-12-12 08:15:01] [run_formula] Running formula 6s209b0 with K=185 up to limit 1600
[2025-12-12 08:15:04] [generate_cnf] Generating formula 6s209b0 with K=186
[2025-12-12 08:15:17] [run_formula] Running formula 6s209b0 with K=186 up to limit 1600
[2025-12-12 08:15:21] [generate_cnf] Generating formula 6s209b0 with K=187
[2025-12-12 08:15:34] [run_formula] Running formula 6s209b0 with K=187 up to limit 1600
[2025-12-12 08:15:38] [generate_cnf] Generating formula 6s209b0 with K=188
[2025-12-12 08:15:51] [run_formula] Running formula 6s209b0 with K=188 up to limit 1600
[2025-12-12 08:15:55] [generate_cnf] Generating formula 6s209b0 with K=189
[2025-12-12 08:16:08] [run_formula] Running formula 6s209b0 with K=189 up to limit 1600
[2025-12-12 08:16:12] [generate_cnf] Generating formula 6s209b0 with K=190
[2025-12-12 08:16:25] [run_formula] Running formula 6s209b0 with K=190 up to limit 1600
[2025-12-12 08:16:29] [generate_cnf] Generating formula 6s209b0 with K=191
[2025-12-12 08:16:42] [run_formula] Running formula 6s209b0 with K=191 up to limit 1600
[2025-12-12 08:16:46] [generate_cnf] Generating formula 6s209b0 with K=192
[2025-12-12 08:17:00] [run_formula] Running formula 6s209b0 with K=192 up to limit 1600
[2025-12-12 08:17:03] [generate_cnf] Generating formula 6s209b0 with K=193
[2025-12-12 08:17:18] [run_formula] Running formula 6s209b0 with K=193 up to limit 1600
[2025-12-12 08:17:21] [generate_cnf] Generating formula 6s209b0 with K=194
[2025-12-12 08:17:35] [run_formula] Running formula 6s209b0 with K=194 up to limit 1600
[2025-12-12 08:17:39] [generate_cnf] Generating formula 6s209b0 with K=195
[2025-12-12 08:17:53] [run_formula] Running formula 6s209b0 with K=195 up to limit 1600
[2025-12-12 08:17:57] [generate_cnf] Generating formula 6s209b0 with K=196
[2025-12-12 08:18:11] [run_formula] Running formula 6s209b0 with K=196 up to limit 1600
[2025-12-12 08:18:14] [generate_cnf] Generating formula 6s209b0 with K=197
[2025-12-12 08:18:29] [run_formula] Running formula 6s209b0 with K=197 up to limit 1600
[2025-12-12 08:18:32] [generate_cnf] Generating formula 6s209b0 with K=198
[2025-12-12 08:18:47] [run_formula] Running formula 6s209b0 with K=198 up to limit 1600
[2025-12-12 08:18:50] [generate_cnf] Generating formula 6s209b0 with K=199
[2025-12-12 08:19:05] [run_formula] Running formula 6s209b0 with K=199 up to limit 1600
[2025-12-12 08:19:09] [generate_cnf] Generating formula 6s209b0 with K=200
[2025-12-12 08:19:23] [run_formula] Running formula 6s209b0 with K=200 up to limit 1600
[2025-12-12 08:19:27] [generate_cnf] Generating formula 6s209b0 with K=201
[2025-12-12 08:19:41] [run_formula] Running formula 6s209b0 with K=201 up to limit 1600
[2025-12-12 08:19:45] [generate_cnf] Generating formula 6s209b0 with K=202
[2025-12-12 08:20:00] [run_formula] Running formula 6s209b0 with K=202 up to limit 1600
[2025-12-12 08:20:04] [generate_cnf] Generating formula 6s209b0 with K=203
[2025-12-12 08:20:18] [run_formula] Running formula 6s209b0 with K=203 up to limit 1600
[2025-12-12 08:20:22] [generate_cnf] Generating formula 6s209b0 with K=204
[2025-12-12 08:20:37] [run_formula] Running formula 6s209b0 with K=204 up to limit 1600
[2025-12-12 08:20:41] [generate_cnf] Generating formula 6s209b0 with K=205
[2025-12-12 08:20:56] [run_formula] Running formula 6s209b0 with K=205 up to limit 1600
[2025-12-12 08:20:59] [generate_cnf] Generating formula 6s209b0 with K=206
[2025-12-12 08:21:14] [run_formula] Running formula 6s209b0 with K=206 up to limit 1600
[2025-12-12 08:21:18] [generate_cnf] Generating formula 6s209b0 with K=207
[2025-12-12 08:21:33] [run_formula] Running formula 6s209b0 with K=207 up to limit 1600
[2025-12-12 08:21:37] [generate_cnf] Generating formula 6s209b0 with K=208
[2025-12-12 08:21:52] [run_formula] Running formula 6s209b0 with K=208 up to limit 1600
[2025-12-12 08:21:56] [generate_cnf] Generating formula 6s209b0 with K=209
[2025-12-12 08:22:11] [run_formula] Running formula 6s209b0 with K=209 up to limit 1600
[2025-12-12 08:22:15] [generate_cnf] Generating formula 6s209b0 with K=210
[2025-12-12 08:22:31] [run_formula] Running formula 6s209b0 with K=210 up to limit 1600
[2025-12-12 08:22:35] [generate_cnf] Generating formula 6s209b0 with K=211
[2025-12-12 08:22:50] [run_formula] Running formula 6s209b0 with K=211 up to limit 1600
[2025-12-12 08:22:54] [generate_cnf] Generating formula 6s209b0 with K=212
[2025-12-12 08:23:10] [run_formula] Running formula 6s209b0 with K=212 up to limit 1600
[2025-12-12 08:23:14] [generate_cnf] Generating formula 6s209b0 with K=213
[2025-12-12 08:23:29] [run_formula] Running formula 6s209b0 with K=213 up to limit 1600
[2025-12-12 08:23:33] [generate_cnf] Generating formula 6s209b0 with K=214
[2025-12-12 08:23:49] [run_formula] Running formula 6s209b0 with K=214 up to limit 1600
[2025-12-12 08:23:53] [generate_cnf] Generating formula 6s209b0 with K=215
[2025-12-12 08:24:09] [run_formula] Running formula 6s209b0 with K=215 up to limit 1600
[2025-12-12 08:24:13] [generate_cnf] Generating formula 6s209b0 with K=216
[2025-12-12 08:24:28] [run_formula] Running formula 6s209b0 with K=216 up to limit 1600
[2025-12-12 08:24:33] [generate_cnf] Generating formula 6s209b0 with K=217
[2025-12-12 08:24:48] [run_formula] Running formula 6s209b0 with K=217 up to limit 1600
[2025-12-12 08:24:52] [generate_cnf] Generating formula 6s209b0 with K=218
[2025-12-12 08:25:08] [run_formula] Running formula 6s209b0 with K=218 up to limit 1600
[2025-12-12 08:25:12] [generate_cnf] Generating formula 6s209b0 with K=219
[2025-12-12 08:25:28] [run_formula] Running formula 6s209b0 with K=219 up to limit 1600
[2025-12-12 08:25:32] [generate_cnf] Generating formula 6s209b0 with K=220
[2025-12-12 08:25:48] [run_formula] Running formula 6s209b0 with K=220 up to limit 1600
[2025-12-12 08:25:52] [generate_cnf] Generating formula 6s209b0 with K=221
[2025-12-12 08:26:08] [run_formula] Running formula 6s209b0 with K=221 up to limit 1600
[2025-12-12 08:26:13] [generate_cnf] Generating formula 6s209b0 with K=222
[2025-12-12 08:26:28] [run_formula] Running formula 6s209b0 with K=222 up to limit 1600
[2025-12-12 08:26:33] [generate_cnf] Generating formula 6s209b0 with K=223
[2025-12-12 08:26:49] [run_formula] Running formula 6s209b0 with K=223 up to limit 1600
[2025-12-12 08:26:53] [generate_cnf] Generating formula 6s209b0 with K=224
[2025-12-12 08:27:10] [run_formula] Running formula 6s209b0 with K=224 up to limit 1600
[2025-12-12 08:27:14] [generate_cnf] Generating formula 6s209b0 with K=225
[2025-12-12 08:27:31] [run_formula] Running formula 6s209b0 with K=225 up to limit 1600
[2025-12-12 08:27:35] [generate_cnf] Generating formula 6s209b0 with K=226
[2025-12-12 08:27:51] [run_formula] Running formula 6s209b0 with K=226 up to limit 1600
[2025-12-12 08:27:56] [generate_cnf] Generating formula 6s209b0 with K=227
[2025-12-12 08:28:04] [generate_and_run_up_to_limit] Failed to generate CNF for 6s209b0 with K=227, halting
