CNF written.
CNF written.
CNF written.
CNF written.
CNF written.
CNF written.
CNF written.
CNF written.
CNF written.
CNF written.
CNF written.
CNF written.
CNF written.
CNF written.
CNF written.
CNF written.
CNF written.
CNF written.
CNF written.
CNF written.
CNF written.
CNF written.
CNF written.
CNF written.
CNF written.
CNF written.
CNF written.
CNF written.
CNF written.
CNF written.
CNF written.
CNF written.
CNF written.
CNF written.
CNF written.
CNF written.
CNF written.
CNF written.
CNF written.
CNF written.
CNF written.
CNF written.
CNF written.
CNF written.
CNF written.
CNF written.
CNF written.
CNF written.
CNF written.
CNF written.
CNF written.
CNF written.
CNF written.
CNF written.
CNF written.
CNF written.
CNF written.
CNF written.
CNF written.
CNF written.
CNF written.
CNF written.
CNF written.
CNF written.
CNF written.
CNF written.
CNF written.
CNF written.
CNF written.
CNF written.
CNF written.
CNF written.
CNF written.
CNF written.
CNF written.
CNF written.
CNF written.
CNF written.
CNF written.
CNF written.
CNF written.
CNF written.
CNF written.
CNF written.
CNF written.
CNF written.
CNF written.
CNF written.
[2025-12-12 07:36:48] [generate_and_run_up_to_limit] Generating and running 6s204b19 with K<=500 up to limit 1600
[2025-12-12 07:36:48] [generate_cnf] Generating formula 6s204b19 with K=1
[2025-12-12 07:36:50] [run_formula] Running formula 6s204b19 with K=1 up to limit 1600
[2025-12-12 07:36:50] [generate_cnf] Generating formula 6s204b19 with K=2
[2025-12-12 07:36:52] [run_formula] Running formula 6s204b19 with K=2 up to limit 1600
[2025-12-12 07:36:52] [generate_cnf] Generating formula 6s204b19 with K=3
[2025-12-12 07:36:55] [run_formula] Running formula 6s204b19 with K=3 up to limit 1600
[2025-12-12 07:36:55] [generate_cnf] Generating formula 6s204b19 with K=4
[2025-12-12 07:36:58] [run_formula] Running formula 6s204b19 with K=4 up to limit 1600
[2025-12-12 07:36:59] [generate_cnf] Generating formula 6s204b19 with K=5
[2025-12-12 07:37:02] [run_formula] Running formula 6s204b19 with K=5 up to limit 1600
[2025-12-12 07:37:03] [generate_cnf] Generating formula 6s204b19 with K=6
[2025-12-12 07:37:07] [run_formula] Running formula 6s204b19 with K=6 up to limit 1600
[2025-12-12 07:37:08] [generate_cnf] Generating formula 6s204b19 with K=7
[2025-12-12 07:37:13] [run_formula] Running formula 6s204b19 with K=7 up to limit 1600
[2025-12-12 07:37:14] [generate_cnf] Generating formula 6s204b19 with K=8
[2025-12-12 07:37:19] [run_formula] Running formula 6s204b19 with K=8 up to limit 1600
[2025-12-12 07:37:20] [generate_cnf] Generating formula 6s204b19 with K=9
[2025-12-12 07:37:26] [run_formula] Running formula 6s204b19 with K=9 up to limit 1600
[2025-12-12 07:37:27] [generate_cnf] Generating formula 6s204b19 with K=10
[2025-12-12 07:37:33] [run_formula] Running formula 6s204b19 with K=10 up to limit 1600
[2025-12-12 07:37:34] [generate_cnf] Generating formula 6s204b19 with K=11
[2025-12-12 07:37:42] [run_formula] Running formula 6s204b19 with K=11 up to limit 1600
[2025-12-12 07:37:43] [generate_cnf] Generating formula 6s204b19 with K=12
[2025-12-12 07:37:51] [run_formula] Running formula 6s204b19 with K=12 up to limit 1600
[2025-12-12 07:37:53] [generate_cnf] Generating formula 6s204b19 with K=13
[2025-12-12 07:38:01] [run_formula] Running formula 6s204b19 with K=13 up to limit 1600
[2025-12-12 07:38:03] [generate_cnf] Generating formula 6s204b19 with K=14
[2025-12-12 07:38:12] [run_formula] Running formula 6s204b19 with K=14 up to limit 1600
[2025-12-12 07:38:14] [generate_cnf] Generating formula 6s204b19 with K=15
[2025-12-12 07:38:23] [run_formula] Running formula 6s204b19 with K=15 up to limit 1600
[2025-12-12 07:38:25] [generate_cnf] Generating formula 6s204b19 with K=16
[2025-12-12 07:38:35] [run_formula] Running formula 6s204b19 with K=16 up to limit 1600
[2025-12-12 07:38:37] [generate_cnf] Generating formula 6s204b19 with K=17
[2025-12-12 07:38:48] [run_formula] Running formula 6s204b19 with K=17 up to limit 1600
[2025-12-12 07:38:50] [generate_cnf] Generating formula 6s204b19 with K=18
[2025-12-12 07:39:02] [run_formula] Running formula 6s204b19 with K=18 up to limit 1600
[2025-12-12 07:39:04] [generate_cnf] Generating formula 6s204b19 with K=19
[2025-12-12 07:39:16] [run_formula] Running formula 6s204b19 with K=19 up to limit 1600
[2025-12-12 07:39:18] [generate_cnf] Generating formula 6s204b19 with K=20
[2025-12-12 07:39:31] [run_formula] Running formula 6s204b19 with K=20 up to limit 1600
[2025-12-12 07:39:34] [generate_cnf] Generating formula 6s204b19 with K=21
[2025-12-12 07:39:47] [run_formula] Running formula 6s204b19 with K=21 up to limit 1600
[2025-12-12 07:39:49] [generate_cnf] Generating formula 6s204b19 with K=22
[2025-12-12 07:40:02] [run_formula] Running formula 6s204b19 with K=22 up to limit 1600
[2025-12-12 07:40:05] [generate_cnf] Generating formula 6s204b19 with K=23
[2025-12-12 07:40:19] [run_formula] Running formula 6s204b19 with K=23 up to limit 1600
[2025-12-12 07:40:21] [generate_cnf] Generating formula 6s204b19 with K=24
[2025-12-12 07:40:36] [run_formula] Running formula 6s204b19 with K=24 up to limit 1600
[2025-12-12 07:40:39] [generate_cnf] Generating formula 6s204b19 with K=25
[2025-12-12 07:40:54] [run_formula] Running formula 6s204b19 with K=25 up to limit 1600
[2025-12-12 07:40:57] [generate_cnf] Generating formula 6s204b19 with K=26
[2025-12-12 07:41:12] [run_formula] Running formula 6s204b19 with K=26 up to limit 1600
[2025-12-12 07:41:15] [generate_cnf] Generating formula 6s204b19 with K=27
[2025-12-12 07:41:32] [run_formula] Running formula 6s204b19 with K=27 up to limit 1600
[2025-12-12 07:41:35] [generate_cnf] Generating formula 6s204b19 with K=28
[2025-12-12 07:41:52] [run_formula] Running formula 6s204b19 with K=28 up to limit 1600
[2025-12-12 07:41:57] [generate_cnf] Generating formula 6s204b19 with K=29
[2025-12-12 07:42:15] [run_formula] Running formula 6s204b19 with K=29 up to limit 1600
[2025-12-12 07:42:18] [generate_cnf] Generating formula 6s204b19 with K=30
[2025-12-12 07:42:36] [run_formula] Running formula 6s204b19 with K=30 up to limit 1600
[2025-12-12 07:42:41] [generate_cnf] Generating formula 6s204b19 with K=31
[2025-12-12 07:43:00] [run_formula] Running formula 6s204b19 with K=31 up to limit 1600
[2025-12-12 07:43:03] [generate_cnf] Generating formula 6s204b19 with K=32
[2025-12-12 07:43:23] [run_formula] Running formula 6s204b19 with K=32 up to limit 1600
[2025-12-12 07:43:28] [generate_cnf] Generating formula 6s204b19 with K=33
[2025-12-12 07:43:48] [run_formula] Running formula 6s204b19 with K=33 up to limit 1600
[2025-12-12 07:43:51] [generate_cnf] Generating formula 6s204b19 with K=34
[2025-12-12 07:44:11] [run_formula] Running formula 6s204b19 with K=34 up to limit 1600
[2025-12-12 07:44:16] [generate_cnf] Generating formula 6s204b19 with K=35
[2025-12-12 07:44:37] [run_formula] Running formula 6s204b19 with K=35 up to limit 1600
[2025-12-12 07:44:41] [generate_cnf] Generating formula 6s204b19 with K=36
[2025-12-12 07:45:02] [run_formula] Running formula 6s204b19 with K=36 up to limit 1600
[2025-12-12 07:45:09] [generate_cnf] Generating formula 6s204b19 with K=37
[2025-12-12 07:45:31] [run_formula] Running formula 6s204b19 with K=37 up to limit 1600
[2025-12-12 07:45:35] [generate_cnf] Generating formula 6s204b19 with K=38
[2025-12-12 07:45:57] [run_formula] Running formula 6s204b19 with K=38 up to limit 1600
[2025-12-12 07:46:03] [generate_cnf] Generating formula 6s204b19 with K=39
[2025-12-12 07:46:27] [run_formula] Running formula 6s204b19 with K=39 up to limit 1600
[2025-12-12 07:46:31] [generate_cnf] Generating formula 6s204b19 with K=40
[2025-12-12 07:46:56] [run_formula] Running formula 6s204b19 with K=40 up to limit 1600
[2025-12-12 07:47:02] [generate_cnf] Generating formula 6s204b19 with K=41
[2025-12-12 07:47:28] [run_formula] Running formula 6s204b19 with K=41 up to limit 1600
[2025-12-12 07:47:32] [generate_cnf] Generating formula 6s204b19 with K=42
[2025-12-12 07:47:58] [run_formula] Running formula 6s204b19 with K=42 up to limit 1600
[2025-12-12 07:48:04] [generate_cnf] Generating formula 6s204b19 with K=43
[2025-12-12 07:48:31] [run_formula] Running formula 6s204b19 with K=43 up to limit 1600
[2025-12-12 07:48:36] [generate_cnf] Generating formula 6s204b19 with K=44
[2025-12-12 07:49:03] [run_formula] Running formula 6s204b19 with K=44 up to limit 1600
[2025-12-12 07:49:10] [generate_cnf] Generating formula 6s204b19 with K=45
[2025-12-12 07:49:38] [run_formula] Running formula 6s204b19 with K=45 up to limit 1600
[2025-12-12 07:49:43] [generate_cnf] Generating formula 6s204b19 with K=46
[2025-12-12 07:50:10] [run_formula] Running formula 6s204b19 with K=46 up to limit 1600
[2025-12-12 07:50:17] [generate_cnf] Generating formula 6s204b19 with K=47
[2025-12-12 07:50:46] [run_formula] Running formula 6s204b19 with K=47 up to limit 1600
[2025-12-12 07:50:51] [generate_cnf] Generating formula 6s204b19 with K=48
[2025-12-12 07:51:21] [run_formula] Running formula 6s204b19 with K=48 up to limit 1600
[2025-12-12 07:51:33] [generate_cnf] Generating formula 6s204b19 with K=49
[2025-12-12 07:52:03] [run_formula] Running formula 6s204b19 with K=49 up to limit 1600
[2025-12-12 07:52:08] [generate_cnf] Generating formula 6s204b19 with K=50
[2025-12-12 07:52:39] [run_formula] Running formula 6s204b19 with K=50 up to limit 1600
[2025-12-12 07:52:50] [generate_cnf] Generating formula 6s204b19 with K=51
[2025-12-12 07:53:20] [run_formula] Running formula 6s204b19 with K=51 up to limit 1600
[2025-12-12 07:53:26] [generate_cnf] Generating formula 6s204b19 with K=52
[2025-12-12 07:53:58] [run_formula] Running formula 6s204b19 with K=52 up to limit 1600
[2025-12-12 07:54:08] [generate_cnf] Generating formula 6s204b19 with K=53
[2025-12-12 07:54:40] [run_formula] Running formula 6s204b19 with K=53 up to limit 1600
[2025-12-12 07:54:47] [generate_cnf] Generating formula 6s204b19 with K=54
[2025-12-12 07:55:20] [run_formula] Running formula 6s204b19 with K=54 up to limit 1600
[2025-12-12 07:55:31] [generate_cnf] Generating formula 6s204b19 with K=55
[2025-12-12 07:56:05] [run_formula] Running formula 6s204b19 with K=55 up to limit 1600
[2025-12-12 07:56:12] [generate_cnf] Generating formula 6s204b19 with K=56
[2025-12-12 07:56:46] [run_formula] Running formula 6s204b19 with K=56 up to limit 1600
[2025-12-12 07:56:59] [generate_cnf] Generating formula 6s204b19 with K=57
[2025-12-12 07:57:33] [run_formula] Running formula 6s204b19 with K=57 up to limit 1600
[2025-12-12 07:57:40] [generate_cnf] Generating formula 6s204b19 with K=58
[2025-12-12 07:58:17] [run_formula] Running formula 6s204b19 with K=58 up to limit 1600
[2025-12-12 07:58:26] [generate_cnf] Generating formula 6s204b19 with K=59
[2025-12-12 07:59:02] [run_formula] Running formula 6s204b19 with K=59 up to limit 1600
[2025-12-12 07:59:09] [generate_cnf] Generating formula 6s204b19 with K=60
[2025-12-12 07:59:48] [run_formula] Running formula 6s204b19 with K=60 up to limit 1600
[2025-12-12 08:00:00] [generate_cnf] Generating formula 6s204b19 with K=61
[2025-12-12 08:00:38] [run_formula] Running formula 6s204b19 with K=61 up to limit 1600
[2025-12-12 08:00:46] [generate_cnf] Generating formula 6s204b19 with K=62
[2025-12-12 08:01:24] [run_formula] Running formula 6s204b19 with K=62 up to limit 1600
[2025-12-12 08:01:37] [generate_cnf] Generating formula 6s204b19 with K=63
[2025-12-12 08:02:17] [run_formula] Running formula 6s204b19 with K=63 up to limit 1600
[2025-12-12 08:02:25] [generate_cnf] Generating formula 6s204b19 with K=64
[2025-12-12 08:03:04] [run_formula] Running formula 6s204b19 with K=64 up to limit 1600
[2025-12-12 08:03:17] [generate_cnf] Generating formula 6s204b19 with K=65
[2025-12-12 08:03:57] [run_formula] Running formula 6s204b19 with K=65 up to limit 1600
[2025-12-12 08:04:06] [generate_cnf] Generating formula 6s204b19 with K=66
[2025-12-12 08:04:48] [run_formula] Running formula 6s204b19 with K=66 up to limit 1600
[2025-12-12 08:05:05] [generate_cnf] Generating formula 6s204b19 with K=67
[2025-12-12 08:05:46] [run_formula] Running formula 6s204b19 with K=67 up to limit 1600
[2025-12-12 08:05:55] [generate_cnf] Generating formula 6s204b19 with K=68
[2025-12-12 08:06:38] [run_formula] Running formula 6s204b19 with K=68 up to limit 1600
[2025-12-12 08:06:55] [generate_cnf] Generating formula 6s204b19 with K=69
[2025-12-12 08:07:39] [run_formula] Running formula 6s204b19 with K=69 up to limit 1600
[2025-12-12 08:07:48] [generate_cnf] Generating formula 6s204b19 with K=70
[2025-12-12 08:08:32] [run_formula] Running formula 6s204b19 with K=70 up to limit 1600
[2025-12-12 08:08:46] [generate_cnf] Generating formula 6s204b19 with K=71
[2025-12-12 08:09:31] [run_formula] Running formula 6s204b19 with K=71 up to limit 1600
[2025-12-12 08:09:40] [generate_cnf] Generating formula 6s204b19 with K=72
[2025-12-12 08:10:25] [run_formula] Running formula 6s204b19 with K=72 up to limit 1600
[2025-12-12 08:10:43] [generate_cnf] Generating formula 6s204b19 with K=73
[2025-12-12 08:11:30] [run_formula] Running formula 6s204b19 with K=73 up to limit 1600
[2025-12-12 08:11:40] [generate_cnf] Generating formula 6s204b19 with K=74
[2025-12-12 08:12:27] [run_formula] Running formula 6s204b19 with K=74 up to limit 1600
[2025-12-12 08:12:43] [generate_cnf] Generating formula 6s204b19 with K=75
[2025-12-12 08:13:31] [run_formula] Running formula 6s204b19 with K=75 up to limit 1600
[2025-12-12 08:13:40] [generate_cnf] Generating formula 6s204b19 with K=76
[2025-12-12 08:14:30] [run_formula] Running formula 6s204b19 with K=76 up to limit 1600
[2025-12-12 08:14:45] [generate_cnf] Generating formula 6s204b19 with K=77
[2025-12-12 08:15:35] [run_formula] Running formula 6s204b19 with K=77 up to limit 1600
[2025-12-12 08:15:44] [generate_cnf] Generating formula 6s204b19 with K=78
[2025-12-12 08:16:34] [run_formula] Running formula 6s204b19 with K=78 up to limit 1600
[2025-12-12 08:16:52] [generate_cnf] Generating formula 6s204b19 with K=79
[2025-12-12 08:17:42] [run_formula] Running formula 6s204b19 with K=79 up to limit 1600
[2025-12-12 08:17:53] [generate_cnf] Generating formula 6s204b19 with K=80
[2025-12-12 08:18:43] [run_formula] Running formula 6s204b19 with K=80 up to limit 1600
[2025-12-12 08:19:03] [generate_cnf] Generating formula 6s204b19 with K=81
[2025-12-12 08:19:54] [run_formula] Running formula 6s204b19 with K=81 up to limit 1600
[2025-12-12 08:20:05] [generate_cnf] Generating formula 6s204b19 with K=82
[2025-12-12 08:20:57] [run_formula] Running formula 6s204b19 with K=82 up to limit 1600
[2025-12-12 08:21:12] [generate_cnf] Generating formula 6s204b19 with K=83
[2025-12-12 08:22:02] [run_formula] Running formula 6s204b19 with K=83 up to limit 1600
[2025-12-12 08:22:12] [generate_cnf] Generating formula 6s204b19 with K=84
[2025-12-12 08:23:04] [run_formula] Running formula 6s204b19 with K=84 up to limit 1600
[2025-12-12 08:23:25] [generate_cnf] Generating formula 6s204b19 with K=85
[2025-12-12 08:24:18] [run_formula] Running formula 6s204b19 with K=85 up to limit 1600
[2025-12-12 08:24:28] [generate_cnf] Generating formula 6s204b19 with K=86
[2025-12-12 08:25:23] [run_formula] Running formula 6s204b19 with K=86 up to limit 1600
[2025-12-12 08:25:42] [generate_cnf] Generating formula 6s204b19 with K=87
[2025-12-12 08:26:36] [run_formula] Running formula 6s204b19 with K=87 up to limit 1600
[2025-12-12 08:26:47] [generate_cnf] Generating formula 6s204b19 with K=88
[2025-12-12 08:27:44] [run_formula] Running formula 6s204b19 with K=88 up to limit 1600
[2025-12-12 08:28:02] [run_formula] Error running formula 6s204b19 with K=88: [Errno 122] Disk quota exceeded: './results/solving_logs/6s204b19//6s204b19.88.log'
[2025-12-12 08:28:02] [generate_and_run_up_to_limit] Failed to run formula 6s204b19 with K=88, halting
