CNF written.
CNF written.
CNF written.
CNF written.
CNF written.
CNF written.
CNF written.
CNF written.
CNF written.
CNF written.
CNF written.
CNF written.
CNF written.
CNF written.
CNF written.
CNF written.
CNF written.
CNF written.
CNF written.
CNF written.
CNF written.
CNF written.
CNF written.
CNF written.
CNF written.
CNF written.
CNF written.
CNF written.
CNF written.
CNF written.
CNF written.
CNF written.
CNF written.
CNF written.
CNF written.
CNF written.
CNF written.
CNF written.
CNF written.
CNF written.
CNF written.
CNF written.
[2025-12-12 07:53:29] [generate_and_run_up_to_limit] Generating and running 6s205b20 with K<=500 up to limit 1600
[2025-12-12 07:53:29] [generate_cnf] Generating formula 6s205b20 with K=1
[2025-12-12 07:53:34] [run_formula] Running formula 6s205b20 with K=1 up to limit 1600
[2025-12-12 07:53:35] [generate_cnf] Generating formula 6s205b20 with K=2
[2025-12-12 07:53:41] [run_formula] Running formula 6s205b20 with K=2 up to limit 1600
[2025-12-12 07:53:42] [generate_cnf] Generating formula 6s205b20 with K=3
[2025-12-12 07:53:51] [run_formula] Running formula 6s205b20 with K=3 up to limit 1600
[2025-12-12 07:53:52] [generate_cnf] Generating formula 6s205b20 with K=4
[2025-12-12 07:54:01] [run_formula] Running formula 6s205b20 with K=4 up to limit 1600
[2025-12-12 07:54:03] [generate_cnf] Generating formula 6s205b20 with K=5
[2025-12-12 07:54:14] [run_formula] Running formula 6s205b20 with K=5 up to limit 1600
[2025-12-12 07:54:16] [generate_cnf] Generating formula 6s205b20 with K=6
[2025-12-12 07:54:30] [run_formula] Running formula 6s205b20 with K=6 up to limit 1600
[2025-12-12 07:54:32] [generate_cnf] Generating formula 6s205b20 with K=7
[2025-12-12 07:54:49] [run_formula] Running formula 6s205b20 with K=7 up to limit 1600
[2025-12-12 07:54:51] [generate_cnf] Generating formula 6s205b20 with K=8
[2025-12-12 07:55:08] [run_formula] Running formula 6s205b20 with K=8 up to limit 1600
[2025-12-12 07:55:10] [generate_cnf] Generating formula 6s205b20 with K=9
[2025-12-12 07:55:28] [run_formula] Running formula 6s205b20 with K=9 up to limit 1600
[2025-12-12 07:55:31] [generate_cnf] Generating formula 6s205b20 with K=10
[2025-12-12 07:55:51] [run_formula] Running formula 6s205b20 with K=10 up to limit 1600
[2025-12-12 07:55:54] [generate_cnf] Generating formula 6s205b20 with K=11
[2025-12-12 07:56:18] [run_formula] Running formula 6s205b20 with K=11 up to limit 1600
[2025-12-12 07:56:22] [generate_cnf] Generating formula 6s205b20 with K=12
[2025-12-12 07:56:45] [run_formula] Running formula 6s205b20 with K=12 up to limit 1600
[2025-12-12 07:56:49] [generate_cnf] Generating formula 6s205b20 with K=13
[2025-12-12 07:57:13] [run_formula] Running formula 6s205b20 with K=13 up to limit 1600
[2025-12-12 07:57:18] [generate_cnf] Generating formula 6s205b20 with K=14
[2025-12-12 07:57:48] [run_formula] Running formula 6s205b20 with K=14 up to limit 1600
[2025-12-12 07:57:52] [generate_cnf] Generating formula 6s205b20 with K=15
[2025-12-12 07:58:22] [run_formula] Running formula 6s205b20 with K=15 up to limit 1600
[2025-12-12 07:58:27] [generate_cnf] Generating formula 6s205b20 with K=16
[2025-12-12 07:58:57] [run_formula] Running formula 6s205b20 with K=16 up to limit 1600
[2025-12-12 07:59:02] [generate_cnf] Generating formula 6s205b20 with K=17
[2025-12-12 07:59:34] [run_formula] Running formula 6s205b20 with K=17 up to limit 1600
[2025-12-12 07:59:40] [generate_cnf] Generating formula 6s205b20 with K=18
[2025-12-12 08:00:21] [run_formula] Running formula 6s205b20 with K=18 up to limit 1600
[2025-12-12 08:00:27] [generate_cnf] Generating formula 6s205b20 with K=19
[2025-12-12 08:01:01] [run_formula] Running formula 6s205b20 with K=19 up to limit 1600
[2025-12-12 08:01:08] [generate_cnf] Generating formula 6s205b20 with K=20
[2025-12-12 08:01:44] [run_formula] Running formula 6s205b20 with K=20 up to limit 1600
[2025-12-12 08:01:50] [generate_cnf] Generating formula 6s205b20 with K=21
[2025-12-12 08:02:29] [run_formula] Running formula 6s205b20 with K=21 up to limit 1600
[2025-12-12 08:02:35] [generate_cnf] Generating formula 6s205b20 with K=22
[2025-12-12 08:03:15] [run_formula] Running formula 6s205b20 with K=22 up to limit 1600
[2025-12-12 08:03:22] [generate_cnf] Generating formula 6s205b20 with K=23
[2025-12-12 08:04:04] [run_formula] Running formula 6s205b20 with K=23 up to limit 1600
[2025-12-12 08:04:11] [generate_cnf] Generating formula 6s205b20 with K=24
[2025-12-12 08:04:58] [run_formula] Running formula 6s205b20 with K=24 up to limit 1600
[2025-12-12 08:05:06] [generate_cnf] Generating formula 6s205b20 with K=25
[2025-12-12 08:05:58] [run_formula] Running formula 6s205b20 with K=25 up to limit 1600
[2025-12-12 08:06:06] [generate_cnf] Generating formula 6s205b20 with K=26
[2025-12-12 08:06:52] [run_formula] Running formula 6s205b20 with K=26 up to limit 1600
[2025-12-12 08:07:01] [generate_cnf] Generating formula 6s205b20 with K=27
[2025-12-12 08:07:49] [run_formula] Running formula 6s205b20 with K=27 up to limit 1600
[2025-12-12 08:07:58] [generate_cnf] Generating formula 6s205b20 with K=28
[2025-12-12 08:08:52] [run_formula] Running formula 6s205b20 with K=28 up to limit 1600
[2025-12-12 08:09:02] [generate_cnf] Generating formula 6s205b20 with K=29
[2025-12-12 08:09:55] [run_formula] Running formula 6s205b20 with K=29 up to limit 1600
[2025-12-12 08:10:05] [generate_cnf] Generating formula 6s205b20 with K=30
[2025-12-12 08:11:00] [run_formula] Running formula 6s205b20 with K=30 up to limit 1600
[2025-12-12 08:11:10] [generate_cnf] Generating formula 6s205b20 with K=31
[2025-12-12 08:12:18] [run_formula] Running formula 6s205b20 with K=31 up to limit 1600
[2025-12-12 08:12:28] [generate_cnf] Generating formula 6s205b20 with K=32
[2025-12-12 08:13:25] [run_formula] Running formula 6s205b20 with K=32 up to limit 1600
[2025-12-12 08:13:36] [generate_cnf] Generating formula 6s205b20 with K=33
[2025-12-12 08:14:35] [run_formula] Running formula 6s205b20 with K=33 up to limit 1600
[2025-12-12 08:14:46] [generate_cnf] Generating formula 6s205b20 with K=34
[2025-12-12 08:15:47] [run_formula] Running formula 6s205b20 with K=34 up to limit 1600
[2025-12-12 08:15:59] [generate_cnf] Generating formula 6s205b20 with K=35
[2025-12-12 08:17:02] [run_formula] Running formula 6s205b20 with K=35 up to limit 1600
[2025-12-12 08:17:14] [generate_cnf] Generating formula 6s205b20 with K=36
[2025-12-12 08:18:20] [run_formula] Running formula 6s205b20 with K=36 up to limit 1600
[2025-12-12 08:18:33] [generate_cnf] Generating formula 6s205b20 with K=37
[2025-12-12 08:19:43] [run_formula] Running formula 6s205b20 with K=37 up to limit 1600
[2025-12-12 08:19:56] [generate_cnf] Generating formula 6s205b20 with K=38
[2025-12-12 08:21:04] [run_formula] Running formula 6s205b20 with K=38 up to limit 1600
[2025-12-12 08:21:17] [generate_cnf] Generating formula 6s205b20 with K=39
[2025-12-12 08:22:32] [run_formula] Running formula 6s205b20 with K=39 up to limit 1600
[2025-12-12 08:22:45] [generate_cnf] Generating formula 6s205b20 with K=40
[2025-12-12 08:24:12] [run_formula] Running formula 6s205b20 with K=40 up to limit 1600
[2025-12-12 08:24:26] [generate_cnf] Generating formula 6s205b20 with K=41
[2025-12-12 08:26:00] [run_formula] Running formula 6s205b20 with K=41 up to limit 1600
[2025-12-12 08:26:15] [generate_cnf] Generating formula 6s205b20 with K=42
[2025-12-12 08:27:54] [run_formula] Running formula 6s205b20 with K=42 up to limit 1600
[2025-12-12 08:28:09] [run_formula] Error running formula 6s205b20 with K=42: [Errno 122] Disk quota exceeded: './results/solving_logs/6s205b20//6s205b20.42.log'
[2025-12-12 08:28:09] [generate_and_run_up_to_limit] Failed to run formula 6s205b20 with K=42, halting
