CNF written.
CNF written.
CNF written.
CNF written.
CNF written.
CNF written.
CNF written.
CNF written.
CNF written.
CNF written.
CNF written.
CNF written.
CNF written.
CNF written.
CNF written.
CNF written.
CNF written.
CNF written.
CNF written.
CNF written.
CNF written.
CNF written.
CNF written.
CNF written.
CNF written.
CNF written.
CNF written.
CNF written.
CNF written.
CNF written.
CNF written.
CNF written.
CNF written.
CNF written.
CNF written.
CNF written.
CNF written.
CNF written.
CNF written.
CNF written.
CNF written.
CNF written.
CNF written.
CNF written.
CNF written.
CNF written.
CNF written.
CNF written.
CNF written.
CNF written.
CNF written.
CNF written.
CNF written.
CNF written.
CNF written.
CNF written.
CNF written.
CNF written.
CNF written.
CNF written.
CNF written.
CNF written.
CNF written.
CNF written.
CNF written.
CNF written.
CNF written.
CNF written.
CNF written.
CNF written.
CNF written.
CNF written.
CNF written.
CNF written.
CNF written.
CNF written.
CNF written.
CNF written.
CNF written.
CNF written.
CNF written.
CNF written.
CNF written.
CNF written.
CNF written.
CNF written.
CNF written.
CNF written.
CNF written.
CNF written.
CNF written.
CNF written.
CNF written.
CNF written.
CNF written.
CNF written.
CNF written.
CNF written.
CNF written.
CNF written.
CNF written.
CNF written.
CNF written.
CNF written.
CNF written.
CNF written.
CNF written.
CNF written.
CNF written.
CNF written.
CNF written.
CNF written.
CNF written.
CNF written.
CNF written.
CNF written.
CNF written.
CNF written.
CNF written.
CNF written.
CNF written.
CNF written.
CNF written.
CNF written.
CNF written.
CNF written.
CNF written.
CNF written.
CNF written.
CNF written.
CNF written.
CNF written.
CNF written.
CNF written.
CNF written.
CNF written.
CNF written.
CNF written.
CNF written.
CNF written.
CNF written.
CNF written.
CNF written.
CNF written.
CNF written.
CNF written.
CNF written.
CNF written.
CNF written.
CNF written.
CNF written.
CNF written.
CNF written.
CNF written.
CNF written.
CNF written.
CNF written.
CNF written.
CNF written.
CNF written.
CNF written.
CNF written.
CNF written.
CNF written.
CNF written.
CNF written.
CNF written.
CNF written.
CNF written.
CNF written.
CNF written.
CNF written.
CNF written.
CNF written.
CNF written.
CNF written.
CNF written.
CNF written.
CNF written.
CNF written.
CNF written.
CNF written.
CNF written.
CNF written.
CNF written.
CNF written.
CNF written.
CNF written.
CNF written.
CNF written.
CNF written.
CNF written.
CNF written.
CNF written.
CNF written.
CNF written.
CNF written.
CNF written.
CNF written.
CNF written.
CNF written.
CNF written.
CNF written.
CNF written.
CNF written.
CNF written.
CNF written.
CNF written.
CNF written.
CNF written.
CNF written.
CNF written.
CNF written.
CNF written.
CNF written.
CNF written.
CNF written.
CNF written.
CNF written.
CNF written.
CNF written.
CNF written.
CNF written.
CNF written.
CNF written.
CNF written.
CNF written.
CNF written.
CNF written.
CNF written.
CNF written.
CNF written.
[2025-12-12 07:26:52] [generate_and_run_up_to_limit] Generating and running 6s276rb342 with K<=500 up to limit 1600
[2025-12-12 07:26:52] [generate_cnf] Generating formula 6s276rb342 with K=1
[2025-12-12 07:26:52] [run_formula] Running formula 6s276rb342 with K=1 up to limit 1600
[2025-12-12 07:26:52] [generate_cnf] Generating formula 6s276rb342 with K=2
[2025-12-12 07:26:52] [run_formula] Running formula 6s276rb342 with K=2 up to limit 1600
[2025-12-12 07:26:52] [generate_cnf] Generating formula 6s276rb342 with K=3
[2025-12-12 07:26:53] [run_formula] Running formula 6s276rb342 with K=3 up to limit 1600
[2025-12-12 07:26:53] [generate_cnf] Generating formula 6s276rb342 with K=4
[2025-12-12 07:26:53] [run_formula] Running formula 6s276rb342 with K=4 up to limit 1600
[2025-12-12 07:26:53] [generate_cnf] Generating formula 6s276rb342 with K=5
[2025-12-12 07:26:53] [run_formula] Running formula 6s276rb342 with K=5 up to limit 1600
[2025-12-12 07:26:53] [generate_cnf] Generating formula 6s276rb342 with K=6
[2025-12-12 07:26:54] [run_formula] Running formula 6s276rb342 with K=6 up to limit 1600
[2025-12-12 07:26:54] [generate_cnf] Generating formula 6s276rb342 with K=7
[2025-12-12 07:26:54] [run_formula] Running formula 6s276rb342 with K=7 up to limit 1600
[2025-12-12 07:26:55] [generate_cnf] Generating formula 6s276rb342 with K=8
[2025-12-12 07:26:55] [run_formula] Running formula 6s276rb342 with K=8 up to limit 1600
[2025-12-12 07:26:55] [generate_cnf] Generating formula 6s276rb342 with K=9
[2025-12-12 07:26:56] [run_formula] Running formula 6s276rb342 with K=9 up to limit 1600
[2025-12-12 07:26:56] [generate_cnf] Generating formula 6s276rb342 with K=10
[2025-12-12 07:26:56] [run_formula] Running formula 6s276rb342 with K=10 up to limit 1600
[2025-12-12 07:26:57] [generate_cnf] Generating formula 6s276rb342 with K=11
[2025-12-12 07:26:57] [run_formula] Running formula 6s276rb342 with K=11 up to limit 1600
[2025-12-12 07:26:57] [generate_cnf] Generating formula 6s276rb342 with K=12
[2025-12-12 07:26:58] [run_formula] Running formula 6s276rb342 with K=12 up to limit 1600
[2025-12-12 07:26:58] [generate_cnf] Generating formula 6s276rb342 with K=13
[2025-12-12 07:26:59] [run_formula] Running formula 6s276rb342 with K=13 up to limit 1600
[2025-12-12 07:26:59] [generate_cnf] Generating formula 6s276rb342 with K=14
[2025-12-12 07:27:00] [run_formula] Running formula 6s276rb342 with K=14 up to limit 1600
[2025-12-12 07:27:00] [generate_cnf] Generating formula 6s276rb342 with K=15
[2025-12-12 07:27:01] [run_formula] Running formula 6s276rb342 with K=15 up to limit 1600
[2025-12-12 07:27:01] [generate_cnf] Generating formula 6s276rb342 with K=16
[2025-12-12 07:27:02] [run_formula] Running formula 6s276rb342 with K=16 up to limit 1600
[2025-12-12 07:27:02] [generate_cnf] Generating formula 6s276rb342 with K=17
[2025-12-12 07:27:03] [run_formula] Running formula 6s276rb342 with K=17 up to limit 1600
[2025-12-12 07:27:04] [generate_cnf] Generating formula 6s276rb342 with K=18
[2025-12-12 07:27:05] [run_formula] Running formula 6s276rb342 with K=18 up to limit 1600
[2025-12-12 07:27:05] [generate_cnf] Generating formula 6s276rb342 with K=19
[2025-12-12 07:27:06] [run_formula] Running formula 6s276rb342 with K=19 up to limit 1600
[2025-12-12 07:27:06] [generate_cnf] Generating formula 6s276rb342 with K=20
[2025-12-12 07:27:07] [run_formula] Running formula 6s276rb342 with K=20 up to limit 1600
[2025-12-12 07:27:08] [generate_cnf] Generating formula 6s276rb342 with K=21
[2025-12-12 07:27:09] [run_formula] Running formula 6s276rb342 with K=21 up to limit 1600
[2025-12-12 07:27:09] [generate_cnf] Generating formula 6s276rb342 with K=22
[2025-12-12 07:27:11] [run_formula] Running formula 6s276rb342 with K=22 up to limit 1600
[2025-12-12 07:27:11] [generate_cnf] Generating formula 6s276rb342 with K=23
[2025-12-12 07:27:13] [run_formula] Running formula 6s276rb342 with K=23 up to limit 1600
[2025-12-12 07:27:13] [generate_cnf] Generating formula 6s276rb342 with K=24
[2025-12-12 07:27:14] [run_formula] Running formula 6s276rb342 with K=24 up to limit 1600
[2025-12-12 07:27:15] [generate_cnf] Generating formula 6s276rb342 with K=25
[2025-12-12 07:27:16] [run_formula] Running formula 6s276rb342 with K=25 up to limit 1600
[2025-12-12 07:27:17] [generate_cnf] Generating formula 6s276rb342 with K=26
[2025-12-12 07:27:18] [run_formula] Running formula 6s276rb342 with K=26 up to limit 1600
[2025-12-12 07:27:19] [generate_cnf] Generating formula 6s276rb342 with K=27
[2025-12-12 07:27:20] [run_formula] Running formula 6s276rb342 with K=27 up to limit 1600
[2025-12-12 07:27:21] [generate_cnf] Generating formula 6s276rb342 with K=28
[2025-12-12 07:27:22] [run_formula] Running formula 6s276rb342 with K=28 up to limit 1600
[2025-12-12 07:27:23] [generate_cnf] Generating formula 6s276rb342 with K=29
[2025-12-12 07:27:25] [run_formula] Running formula 6s276rb342 with K=29 up to limit 1600
[2025-12-12 07:27:25] [generate_cnf] Generating formula 6s276rb342 with K=30
[2025-12-12 07:27:27] [run_formula] Running formula 6s276rb342 with K=30 up to limit 1600
[2025-12-12 07:27:28] [generate_cnf] Generating formula 6s276rb342 with K=31
[2025-12-12 07:27:29] [run_formula] Running formula 6s276rb342 with K=31 up to limit 1600
[2025-12-12 07:27:30] [generate_cnf] Generating formula 6s276rb342 with K=32
[2025-12-12 07:27:31] [run_formula] Running formula 6s276rb342 with K=32 up to limit 1600
[2025-12-12 07:27:32] [generate_cnf] Generating formula 6s276rb342 with K=33
[2025-12-12 07:27:34] [run_formula] Running formula 6s276rb342 with K=33 up to limit 1600
[2025-12-12 07:27:35] [generate_cnf] Generating formula 6s276rb342 with K=34
[2025-12-12 07:27:36] [run_formula] Running formula 6s276rb342 with K=34 up to limit 1600
[2025-12-12 07:27:37] [generate_cnf] Generating formula 6s276rb342 with K=35
[2025-12-12 07:27:39] [run_formula] Running formula 6s276rb342 with K=35 up to limit 1600
[2025-12-12 07:27:40] [generate_cnf] Generating formula 6s276rb342 with K=36
[2025-12-12 07:27:42] [run_formula] Running formula 6s276rb342 with K=36 up to limit 1600
[2025-12-12 07:27:43] [generate_cnf] Generating formula 6s276rb342 with K=37
[2025-12-12 07:27:45] [run_formula] Running formula 6s276rb342 with K=37 up to limit 1600
[2025-12-12 07:27:45] [generate_cnf] Generating formula 6s276rb342 with K=38
[2025-12-12 07:27:47] [run_formula] Running formula 6s276rb342 with K=38 up to limit 1600
[2025-12-12 07:27:49] [generate_cnf] Generating formula 6s276rb342 with K=39
[2025-12-12 07:27:51] [run_formula] Running formula 6s276rb342 with K=39 up to limit 1600
[2025-12-12 07:27:51] [generate_cnf] Generating formula 6s276rb342 with K=40
[2025-12-12 07:27:54] [run_formula] Running formula 6s276rb342 with K=40 up to limit 1600
[2025-12-12 07:27:55] [generate_cnf] Generating formula 6s276rb342 with K=41
[2025-12-12 07:27:58] [run_formula] Running formula 6s276rb342 with K=41 up to limit 1600
[2025-12-12 07:27:58] [generate_cnf] Generating formula 6s276rb342 with K=42
[2025-12-12 07:28:00] [run_formula] Running formula 6s276rb342 with K=42 up to limit 1600
[2025-12-12 07:28:02] [generate_cnf] Generating formula 6s276rb342 with K=43
[2025-12-12 07:28:04] [run_formula] Running formula 6s276rb342 with K=43 up to limit 1600
[2025-12-12 07:28:05] [generate_cnf] Generating formula 6s276rb342 with K=44
[2025-12-12 07:28:07] [run_formula] Running formula 6s276rb342 with K=44 up to limit 1600
[2025-12-12 07:28:08] [generate_cnf] Generating formula 6s276rb342 with K=45
[2025-12-12 07:28:11] [run_formula] Running formula 6s276rb342 with K=45 up to limit 1600
[2025-12-12 07:28:11] [generate_cnf] Generating formula 6s276rb342 with K=46
[2025-12-12 07:28:14] [run_formula] Running formula 6s276rb342 with K=46 up to limit 1600
[2025-12-12 07:28:16] [generate_cnf] Generating formula 6s276rb342 with K=47
[2025-12-12 07:28:18] [run_formula] Running formula 6s276rb342 with K=47 up to limit 1600
[2025-12-12 07:28:19] [generate_cnf] Generating formula 6s276rb342 with K=48
[2025-12-12 07:28:21] [run_formula] Running formula 6s276rb342 with K=48 up to limit 1600
[2025-12-12 07:28:23] [generate_cnf] Generating formula 6s276rb342 with K=49
[2025-12-12 07:28:26] [run_formula] Running formula 6s276rb342 with K=49 up to limit 1600
[2025-12-12 07:28:27] [generate_cnf] Generating formula 6s276rb342 with K=50
[2025-12-12 07:28:29] [run_formula] Running formula 6s276rb342 with K=50 up to limit 1600
[2025-12-12 07:28:31] [generate_cnf] Generating formula 6s276rb342 with K=51
[2025-12-12 07:28:34] [run_formula] Running formula 6s276rb342 with K=51 up to limit 1600
[2025-12-12 07:28:35] [generate_cnf] Generating formula 6s276rb342 with K=52
[2025-12-12 07:28:37] [run_formula] Running formula 6s276rb342 with K=52 up to limit 1600
[2025-12-12 07:28:39] [generate_cnf] Generating formula 6s276rb342 with K=53
[2025-12-12 07:28:42] [run_formula] Running formula 6s276rb342 with K=53 up to limit 1600
[2025-12-12 07:28:43] [generate_cnf] Generating formula 6s276rb342 with K=54
[2025-12-12 07:28:45] [run_formula] Running formula 6s276rb342 with K=54 up to limit 1600
[2025-12-12 07:28:48] [generate_cnf] Generating formula 6s276rb342 with K=55
[2025-12-12 07:28:51] [run_formula] Running formula 6s276rb342 with K=55 up to limit 1600
[2025-12-12 07:28:51] [generate_cnf] Generating formula 6s276rb342 with K=56
[2025-12-12 07:28:54] [run_formula] Running formula 6s276rb342 with K=56 up to limit 1600
[2025-12-12 07:28:56] [generate_cnf] Generating formula 6s276rb342 with K=57
[2025-12-12 07:29:00] [run_formula] Running formula 6s276rb342 with K=57 up to limit 1600
[2025-12-12 07:29:00] [generate_cnf] Generating formula 6s276rb342 with K=58
[2025-12-12 07:29:03] [run_formula] Running formula 6s276rb342 with K=58 up to limit 1600
[2025-12-12 07:29:06] [generate_cnf] Generating formula 6s276rb342 with K=59
[2025-12-12 07:29:09] [run_formula] Running formula 6s276rb342 with K=59 up to limit 1600
[2025-12-12 07:29:10] [generate_cnf] Generating formula 6s276rb342 with K=60
[2025-12-12 07:29:13] [run_formula] Running formula 6s276rb342 with K=60 up to limit 1600
[2025-12-12 07:29:15] [generate_cnf] Generating formula 6s276rb342 with K=61
[2025-12-12 07:29:18] [run_formula] Running formula 6s276rb342 with K=61 up to limit 1600
[2025-12-12 07:29:19] [generate_cnf] Generating formula 6s276rb342 with K=62
[2025-12-12 07:29:23] [run_formula] Running formula 6s276rb342 with K=62 up to limit 1600
[2025-12-12 07:29:26] [generate_cnf] Generating formula 6s276rb342 with K=63
[2025-12-12 07:29:29] [run_formula] Running formula 6s276rb342 with K=63 up to limit 1600
[2025-12-12 07:29:30] [generate_cnf] Generating formula 6s276rb342 with K=64
[2025-12-12 07:29:34] [run_formula] Running formula 6s276rb342 with K=64 up to limit 1600
[2025-12-12 07:29:37] [generate_cnf] Generating formula 6s276rb342 with K=65
[2025-12-12 07:29:40] [run_formula] Running formula 6s276rb342 with K=65 up to limit 1600
[2025-12-12 07:29:41] [generate_cnf] Generating formula 6s276rb342 with K=66
[2025-12-12 07:29:45] [run_formula] Running formula 6s276rb342 with K=66 up to limit 1600
[2025-12-12 07:29:48] [generate_cnf] Generating formula 6s276rb342 with K=67
[2025-12-12 07:29:51] [run_formula] Running formula 6s276rb342 with K=67 up to limit 1600
[2025-12-12 07:29:52] [generate_cnf] Generating formula 6s276rb342 with K=68
[2025-12-12 07:29:56] [run_formula] Running formula 6s276rb342 with K=68 up to limit 1600
[2025-12-12 07:29:59] [generate_cnf] Generating formula 6s276rb342 with K=69
[2025-12-12 07:30:03] [run_formula] Running formula 6s276rb342 with K=69 up to limit 1600
[2025-12-12 07:30:04] [generate_cnf] Generating formula 6s276rb342 with K=70
[2025-12-12 07:30:07] [run_formula] Running formula 6s276rb342 with K=70 up to limit 1600
[2025-12-12 07:30:12] [generate_cnf] Generating formula 6s276rb342 with K=71
[2025-12-12 07:30:15] [run_formula] Running formula 6s276rb342 with K=71 up to limit 1600
[2025-12-12 07:30:17] [generate_cnf] Generating formula 6s276rb342 with K=72
[2025-12-12 07:30:20] [run_formula] Running formula 6s276rb342 with K=72 up to limit 1600
[2025-12-12 07:30:24] [generate_cnf] Generating formula 6s276rb342 with K=73
[2025-12-12 07:30:28] [run_formula] Running formula 6s276rb342 with K=73 up to limit 1600
[2025-12-12 07:30:29] [generate_cnf] Generating formula 6s276rb342 with K=74
[2025-12-12 07:30:33] [run_formula] Running formula 6s276rb342 with K=74 up to limit 1600
[2025-12-12 07:30:37] [generate_cnf] Generating formula 6s276rb342 with K=75
[2025-12-12 07:30:41] [run_formula] Running formula 6s276rb342 with K=75 up to limit 1600
[2025-12-12 07:30:42] [generate_cnf] Generating formula 6s276rb342 with K=76
[2025-12-12 07:30:46] [run_formula] Running formula 6s276rb342 with K=76 up to limit 1600
[2025-12-12 07:30:50] [generate_cnf] Generating formula 6s276rb342 with K=77
[2025-12-12 07:30:54] [run_formula] Running formula 6s276rb342 with K=77 up to limit 1600
[2025-12-12 07:30:56] [generate_cnf] Generating formula 6s276rb342 with K=78
[2025-12-12 07:30:59] [run_formula] Running formula 6s276rb342 with K=78 up to limit 1600
[2025-12-12 07:31:04] [generate_cnf] Generating formula 6s276rb342 with K=79
[2025-12-12 07:31:08] [run_formula] Running formula 6s276rb342 with K=79 up to limit 1600
[2025-12-12 07:31:10] [generate_cnf] Generating formula 6s276rb342 with K=80
[2025-12-12 07:31:14] [run_formula] Running formula 6s276rb342 with K=80 up to limit 1600
[2025-12-12 07:31:20] [generate_cnf] Generating formula 6s276rb342 with K=81
[2025-12-12 07:31:24] [run_formula] Running formula 6s276rb342 with K=81 up to limit 1600
[2025-12-12 07:31:25] [generate_cnf] Generating formula 6s276rb342 with K=82
[2025-12-12 07:31:30] [run_formula] Running formula 6s276rb342 with K=82 up to limit 1600
[2025-12-12 07:31:36] [generate_cnf] Generating formula 6s276rb342 with K=83
[2025-12-12 07:31:40] [run_formula] Running formula 6s276rb342 with K=83 up to limit 1600
[2025-12-12 07:31:42] [generate_cnf] Generating formula 6s276rb342 with K=84
[2025-12-12 07:31:46] [run_formula] Running formula 6s276rb342 with K=84 up to limit 1600
[2025-12-12 07:31:53] [generate_cnf] Generating formula 6s276rb342 with K=85
[2025-12-12 07:31:57] [run_formula] Running formula 6s276rb342 with K=85 up to limit 1600
[2025-12-12 07:31:58] [generate_cnf] Generating formula 6s276rb342 with K=86
[2025-12-12 07:32:03] [run_formula] Running formula 6s276rb342 with K=86 up to limit 1600
[2025-12-12 07:32:08] [generate_cnf] Generating formula 6s276rb342 with K=87
[2025-12-12 07:32:12] [run_formula] Running formula 6s276rb342 with K=87 up to limit 1600
[2025-12-12 07:32:13] [generate_cnf] Generating formula 6s276rb342 with K=88
[2025-12-12 07:32:18] [run_formula] Running formula 6s276rb342 with K=88 up to limit 1600
[2025-12-12 07:32:27] [generate_cnf] Generating formula 6s276rb342 with K=89
[2025-12-12 07:32:32] [run_formula] Running formula 6s276rb342 with K=89 up to limit 1600
[2025-12-12 07:32:33] [generate_cnf] Generating formula 6s276rb342 with K=90
[2025-12-12 07:32:38] [run_formula] Running formula 6s276rb342 with K=90 up to limit 1600
[2025-12-12 07:32:45] [generate_cnf] Generating formula 6s276rb342 with K=91
[2025-12-12 07:32:50] [run_formula] Running formula 6s276rb342 with K=91 up to limit 1600
[2025-12-12 07:32:51] [generate_cnf] Generating formula 6s276rb342 with K=92
[2025-12-12 07:32:56] [run_formula] Running formula 6s276rb342 with K=92 up to limit 1600
[2025-12-12 07:33:02] [generate_cnf] Generating formula 6s276rb342 with K=93
[2025-12-12 07:33:06] [run_formula] Running formula 6s276rb342 with K=93 up to limit 1600
[2025-12-12 07:33:08] [generate_cnf] Generating formula 6s276rb342 with K=94
[2025-12-12 07:33:12] [run_formula] Running formula 6s276rb342 with K=94 up to limit 1600
[2025-12-12 07:33:19] [generate_cnf] Generating formula 6s276rb342 with K=95
[2025-12-12 07:33:23] [run_formula] Running formula 6s276rb342 with K=95 up to limit 1600
[2025-12-12 07:33:25] [generate_cnf] Generating formula 6s276rb342 with K=96
[2025-12-12 07:33:30] [run_formula] Running formula 6s276rb342 with K=96 up to limit 1600
[2025-12-12 07:33:37] [generate_cnf] Generating formula 6s276rb342 with K=97
[2025-12-12 07:33:42] [run_formula] Running formula 6s276rb342 with K=97 up to limit 1600
[2025-12-12 07:33:44] [generate_cnf] Generating formula 6s276rb342 with K=98
[2025-12-12 07:33:48] [run_formula] Running formula 6s276rb342 with K=98 up to limit 1600
[2025-12-12 07:33:56] [generate_cnf] Generating formula 6s276rb342 with K=99
[2025-12-12 07:34:00] [run_formula] Running formula 6s276rb342 with K=99 up to limit 1600
[2025-12-12 07:34:02] [generate_cnf] Generating formula 6s276rb342 with K=100
[2025-12-12 07:34:07] [run_formula] Running formula 6s276rb342 with K=100 up to limit 1600
[2025-12-12 07:34:15] [generate_cnf] Generating formula 6s276rb342 with K=101
[2025-12-12 07:34:20] [run_formula] Running formula 6s276rb342 with K=101 up to limit 1600
[2025-12-12 07:34:21] [generate_cnf] Generating formula 6s276rb342 with K=102
[2025-12-12 07:34:27] [run_formula] Running formula 6s276rb342 with K=102 up to limit 1600
[2025-12-12 07:34:36] [generate_cnf] Generating formula 6s276rb342 with K=103
[2025-12-12 07:34:41] [run_formula] Running formula 6s276rb342 with K=103 up to limit 1600
[2025-12-12 07:34:43] [generate_cnf] Generating formula 6s276rb342 with K=104
[2025-12-12 07:34:48] [run_formula] Running formula 6s276rb342 with K=104 up to limit 1600
[2025-12-12 07:34:57] [generate_cnf] Generating formula 6s276rb342 with K=105
[2025-12-12 07:35:03] [run_formula] Running formula 6s276rb342 with K=105 up to limit 1600
[2025-12-12 07:35:04] [generate_cnf] Generating formula 6s276rb342 with K=106
[2025-12-12 07:35:10] [run_formula] Running formula 6s276rb342 with K=106 up to limit 1600
[2025-12-12 07:35:21] [generate_cnf] Generating formula 6s276rb342 with K=107
[2025-12-12 07:35:27] [run_formula] Running formula 6s276rb342 with K=107 up to limit 1600
[2025-12-12 07:35:28] [generate_cnf] Generating formula 6s276rb342 with K=108
[2025-12-12 07:35:34] [run_formula] Running formula 6s276rb342 with K=108 up to limit 1600
[2025-12-12 07:35:43] [generate_cnf] Generating formula 6s276rb342 with K=109
[2025-12-12 07:35:49] [run_formula] Running formula 6s276rb342 with K=109 up to limit 1600
[2025-12-12 07:35:51] [generate_cnf] Generating formula 6s276rb342 with K=110
[2025-12-12 07:35:56] [run_formula] Running formula 6s276rb342 with K=110 up to limit 1600
[2025-12-12 07:36:09] [generate_cnf] Generating formula 6s276rb342 with K=111
[2025-12-12 07:36:15] [run_formula] Running formula 6s276rb342 with K=111 up to limit 1600
[2025-12-12 07:36:17] [generate_cnf] Generating formula 6s276rb342 with K=112
[2025-12-12 07:36:22] [run_formula] Running formula 6s276rb342 with K=112 up to limit 1600
[2025-12-12 07:36:33] [generate_cnf] Generating formula 6s276rb342 with K=113
[2025-12-12 07:36:39] [run_formula] Running formula 6s276rb342 with K=113 up to limit 1600
[2025-12-12 07:36:41] [generate_cnf] Generating formula 6s276rb342 with K=114
[2025-12-12 07:36:46] [run_formula] Running formula 6s276rb342 with K=114 up to limit 1600
[2025-12-12 07:36:59] [generate_cnf] Generating formula 6s276rb342 with K=115
[2025-12-12 07:37:05] [run_formula] Running formula 6s276rb342 with K=115 up to limit 1600
[2025-12-12 07:37:06] [generate_cnf] Generating formula 6s276rb342 with K=116
[2025-12-12 07:37:12] [run_formula] Running formula 6s276rb342 with K=116 up to limit 1600
[2025-12-12 07:37:23] [generate_cnf] Generating formula 6s276rb342 with K=117
[2025-12-12 07:37:29] [run_formula] Running formula 6s276rb342 with K=117 up to limit 1600
[2025-12-12 07:37:31] [generate_cnf] Generating formula 6s276rb342 with K=118
[2025-12-12 07:37:37] [run_formula] Running formula 6s276rb342 with K=118 up to limit 1600
[2025-12-12 07:37:48] [generate_cnf] Generating formula 6s276rb342 with K=119
[2025-12-12 07:37:54] [run_formula] Running formula 6s276rb342 with K=119 up to limit 1600
[2025-12-12 07:37:56] [generate_cnf] Generating formula 6s276rb342 with K=120
[2025-12-12 07:38:02] [run_formula] Running formula 6s276rb342 with K=120 up to limit 1600
[2025-12-12 07:38:19] [generate_cnf] Generating formula 6s276rb342 with K=121
[2025-12-12 07:38:25] [run_formula] Running formula 6s276rb342 with K=121 up to limit 1600
[2025-12-12 07:38:27] [generate_cnf] Generating formula 6s276rb342 with K=122
[2025-12-12 07:38:33] [run_formula] Running formula 6s276rb342 with K=122 up to limit 1600
[2025-12-12 07:38:46] [generate_cnf] Generating formula 6s276rb342 with K=123
[2025-12-12 07:38:52] [run_formula] Running formula 6s276rb342 with K=123 up to limit 1600
[2025-12-12 07:38:54] [generate_cnf] Generating formula 6s276rb342 with K=124
[2025-12-12 07:39:01] [run_formula] Running formula 6s276rb342 with K=124 up to limit 1600
[2025-12-12 07:39:19] [generate_cnf] Generating formula 6s276rb342 with K=125
[2025-12-12 07:39:25] [run_formula] Running formula 6s276rb342 with K=125 up to limit 1600
[2025-12-12 07:39:27] [generate_cnf] Generating formula 6s276rb342 with K=126
[2025-12-12 07:39:34] [run_formula] Running formula 6s276rb342 with K=126 up to limit 1600
[2025-12-12 07:39:50] [generate_cnf] Generating formula 6s276rb342 with K=127
[2025-12-12 07:39:57] [run_formula] Running formula 6s276rb342 with K=127 up to limit 1600
[2025-12-12 07:39:59] [generate_cnf] Generating formula 6s276rb342 with K=128
[2025-12-12 07:40:05] [run_formula] Running formula 6s276rb342 with K=128 up to limit 1600
[2025-12-12 07:40:22] [generate_cnf] Generating formula 6s276rb342 with K=129
[2025-12-12 07:40:28] [run_formula] Running formula 6s276rb342 with K=129 up to limit 1600
[2025-12-12 07:40:30] [generate_cnf] Generating formula 6s276rb342 with K=130
[2025-12-12 07:40:37] [run_formula] Running formula 6s276rb342 with K=130 up to limit 1600
[2025-12-12 07:40:52] [generate_cnf] Generating formula 6s276rb342 with K=131
[2025-12-12 07:40:58] [run_formula] Running formula 6s276rb342 with K=131 up to limit 1600
[2025-12-12 07:41:00] [generate_cnf] Generating formula 6s276rb342 with K=132
[2025-12-12 07:41:07] [run_formula] Running formula 6s276rb342 with K=132 up to limit 1600
[2025-12-12 07:41:21] [generate_cnf] Generating formula 6s276rb342 with K=133
[2025-12-12 07:41:28] [run_formula] Running formula 6s276rb342 with K=133 up to limit 1600
[2025-12-12 07:41:30] [generate_cnf] Generating formula 6s276rb342 with K=134
[2025-12-12 07:41:37] [run_formula] Running formula 6s276rb342 with K=134 up to limit 1600
[2025-12-12 07:41:51] [generate_cnf] Generating formula 6s276rb342 with K=135
[2025-12-12 07:41:58] [run_formula] Running formula 6s276rb342 with K=135 up to limit 1600
[2025-12-12 07:42:00] [generate_cnf] Generating formula 6s276rb342 with K=136
[2025-12-12 07:42:07] [run_formula] Running formula 6s276rb342 with K=136 up to limit 1600
[2025-12-12 07:42:22] [generate_cnf] Generating formula 6s276rb342 with K=137
[2025-12-12 07:42:30] [run_formula] Running formula 6s276rb342 with K=137 up to limit 1600
[2025-12-12 07:42:32] [generate_cnf] Generating formula 6s276rb342 with K=138
[2025-12-12 07:42:39] [run_formula] Running formula 6s276rb342 with K=138 up to limit 1600
[2025-12-12 07:42:54] [generate_cnf] Generating formula 6s276rb342 with K=139
[2025-12-12 07:43:01] [run_formula] Running formula 6s276rb342 with K=139 up to limit 1600
[2025-12-12 07:43:04] [generate_cnf] Generating formula 6s276rb342 with K=140
[2025-12-12 07:43:11] [run_formula] Running formula 6s276rb342 with K=140 up to limit 1600
[2025-12-12 07:43:33] [generate_cnf] Generating formula 6s276rb342 with K=141
[2025-12-12 07:43:41] [run_formula] Running formula 6s276rb342 with K=141 up to limit 1600
[2025-12-12 07:43:43] [generate_cnf] Generating formula 6s276rb342 with K=142
[2025-12-12 07:43:50] [run_formula] Running formula 6s276rb342 with K=142 up to limit 1600
[2025-12-12 07:44:09] [generate_cnf] Generating formula 6s276rb342 with K=143
[2025-12-12 07:44:16] [run_formula] Running formula 6s276rb342 with K=143 up to limit 1600
[2025-12-12 07:44:18] [generate_cnf] Generating formula 6s276rb342 with K=144
[2025-12-12 07:44:26] [run_formula] Running formula 6s276rb342 with K=144 up to limit 1600
[2025-12-12 07:44:49] [generate_cnf] Generating formula 6s276rb342 with K=145
[2025-12-12 07:44:58] [run_formula] Running formula 6s276rb342 with K=145 up to limit 1600
[2025-12-12 07:45:00] [generate_cnf] Generating formula 6s276rb342 with K=146
[2025-12-12 07:45:08] [run_formula] Running formula 6s276rb342 with K=146 up to limit 1600
[2025-12-12 07:45:26] [generate_cnf] Generating formula 6s276rb342 with K=147
[2025-12-12 07:45:34] [run_formula] Running formula 6s276rb342 with K=147 up to limit 1600
[2025-12-12 07:45:36] [generate_cnf] Generating formula 6s276rb342 with K=148
[2025-12-12 07:45:43] [run_formula] Running formula 6s276rb342 with K=148 up to limit 1600
[2025-12-12 07:46:08] [generate_cnf] Generating formula 6s276rb342 with K=149
[2025-12-12 07:46:16] [run_formula] Running formula 6s276rb342 with K=149 up to limit 1600
[2025-12-12 07:46:18] [generate_cnf] Generating formula 6s276rb342 with K=150
[2025-12-12 07:46:26] [run_formula] Running formula 6s276rb342 with K=150 up to limit 1600
[2025-12-12 07:46:49] [generate_cnf] Generating formula 6s276rb342 with K=151
[2025-12-12 07:46:57] [run_formula] Running formula 6s276rb342 with K=151 up to limit 1600
[2025-12-12 07:46:59] [generate_cnf] Generating formula 6s276rb342 with K=152
[2025-12-12 07:47:07] [run_formula] Running formula 6s276rb342 with K=152 up to limit 1600
[2025-12-12 07:47:32] [generate_cnf] Generating formula 6s276rb342 with K=153
[2025-12-12 07:47:40] [run_formula] Running formula 6s276rb342 with K=153 up to limit 1600
[2025-12-12 07:47:43] [generate_cnf] Generating formula 6s276rb342 with K=154
[2025-12-12 07:47:50] [run_formula] Running formula 6s276rb342 with K=154 up to limit 1600
[2025-12-12 07:48:10] [generate_cnf] Generating formula 6s276rb342 with K=155
[2025-12-12 07:48:17] [run_formula] Running formula 6s276rb342 with K=155 up to limit 1600
[2025-12-12 07:48:20] [generate_cnf] Generating formula 6s276rb342 with K=156
[2025-12-12 07:48:28] [run_formula] Running formula 6s276rb342 with K=156 up to limit 1600
[2025-12-12 07:48:50] [generate_cnf] Generating formula 6s276rb342 with K=157
[2025-12-12 07:48:58] [run_formula] Running formula 6s276rb342 with K=157 up to limit 1600
[2025-12-12 07:49:01] [generate_cnf] Generating formula 6s276rb342 with K=158
[2025-12-12 07:49:09] [run_formula] Running formula 6s276rb342 with K=158 up to limit 1600
[2025-12-12 07:49:28] [generate_cnf] Generating formula 6s276rb342 with K=159
[2025-12-12 07:49:36] [run_formula] Running formula 6s276rb342 with K=159 up to limit 1600
[2025-12-12 07:49:39] [generate_cnf] Generating formula 6s276rb342 with K=160
[2025-12-12 07:49:47] [run_formula] Running formula 6s276rb342 with K=160 up to limit 1600
[2025-12-12 07:50:10] [generate_cnf] Generating formula 6s276rb342 with K=161
[2025-12-12 07:50:18] [run_formula] Running formula 6s276rb342 with K=161 up to limit 1600
[2025-12-12 07:50:20] [generate_cnf] Generating formula 6s276rb342 with K=162
[2025-12-12 07:50:29] [run_formula] Running formula 6s276rb342 with K=162 up to limit 1600
[2025-12-12 07:50:53] [generate_cnf] Generating formula 6s276rb342 with K=163
[2025-12-12 07:51:01] [run_formula] Running formula 6s276rb342 with K=163 up to limit 1600
[2025-12-12 07:51:04] [generate_cnf] Generating formula 6s276rb342 with K=164
[2025-12-12 07:51:13] [run_formula] Running formula 6s276rb342 with K=164 up to limit 1600
[2025-12-12 07:51:38] [generate_cnf] Generating formula 6s276rb342 with K=165
[2025-12-12 07:51:47] [run_formula] Running formula 6s276rb342 with K=165 up to limit 1600
[2025-12-12 07:51:49] [generate_cnf] Generating formula 6s276rb342 with K=166
[2025-12-12 07:51:57] [run_formula] Running formula 6s276rb342 with K=166 up to limit 1600
[2025-12-12 07:52:28] [generate_cnf] Generating formula 6s276rb342 with K=167
[2025-12-12 07:52:36] [run_formula] Running formula 6s276rb342 with K=167 up to limit 1600
[2025-12-12 07:52:39] [generate_cnf] Generating formula 6s276rb342 with K=168
[2025-12-12 07:52:48] [run_formula] Running formula 6s276rb342 with K=168 up to limit 1600
[2025-12-12 07:53:06] [generate_cnf] Generating formula 6s276rb342 with K=169
[2025-12-12 07:53:15] [run_formula] Running formula 6s276rb342 with K=169 up to limit 1600
[2025-12-12 07:53:18] [generate_cnf] Generating formula 6s276rb342 with K=170
[2025-12-12 07:53:26] [run_formula] Running formula 6s276rb342 with K=170 up to limit 1600
[2025-12-12 07:53:52] [generate_cnf] Generating formula 6s276rb342 with K=171
[2025-12-12 07:54:01] [run_formula] Running formula 6s276rb342 with K=171 up to limit 1600
[2025-12-12 07:54:04] [generate_cnf] Generating formula 6s276rb342 with K=172
[2025-12-12 07:54:13] [run_formula] Running formula 6s276rb342 with K=172 up to limit 1600
[2025-12-12 07:54:39] [generate_cnf] Generating formula 6s276rb342 with K=173
[2025-12-12 07:54:48] [run_formula] Running formula 6s276rb342 with K=173 up to limit 1600
[2025-12-12 07:54:51] [generate_cnf] Generating formula 6s276rb342 with K=174
[2025-12-12 07:55:00] [run_formula] Running formula 6s276rb342 with K=174 up to limit 1600
[2025-12-12 07:55:28] [generate_cnf] Generating formula 6s276rb342 with K=175
[2025-12-12 07:55:37] [run_formula] Running formula 6s276rb342 with K=175 up to limit 1600
[2025-12-12 07:55:40] [generate_cnf] Generating formula 6s276rb342 with K=176
[2025-12-12 07:55:48] [run_formula] Running formula 6s276rb342 with K=176 up to limit 1600
[2025-12-12 07:56:14] [generate_cnf] Generating formula 6s276rb342 with K=177
[2025-12-12 07:56:23] [run_formula] Running formula 6s276rb342 with K=177 up to limit 1600
[2025-12-12 07:56:26] [generate_cnf] Generating formula 6s276rb342 with K=178
[2025-12-12 07:56:35] [run_formula] Running formula 6s276rb342 with K=178 up to limit 1600
[2025-12-12 07:57:02] [generate_cnf] Generating formula 6s276rb342 with K=179
[2025-12-12 07:57:11] [run_formula] Running formula 6s276rb342 with K=179 up to limit 1600
[2025-12-12 07:57:14] [generate_cnf] Generating formula 6s276rb342 with K=180
[2025-12-12 07:57:23] [run_formula] Running formula 6s276rb342 with K=180 up to limit 1600
[2025-12-12 07:57:55] [generate_cnf] Generating formula 6s276rb342 with K=181
[2025-12-12 07:58:04] [run_formula] Running formula 6s276rb342 with K=181 up to limit 1600
[2025-12-12 07:58:07] [generate_cnf] Generating formula 6s276rb342 with K=182
[2025-12-12 07:58:17] [run_formula] Running formula 6s276rb342 with K=182 up to limit 1600
[2025-12-12 07:58:42] [generate_cnf] Generating formula 6s276rb342 with K=183
[2025-12-12 07:58:51] [run_formula] Running formula 6s276rb342 with K=183 up to limit 1600
[2025-12-12 07:58:54] [generate_cnf] Generating formula 6s276rb342 with K=184
[2025-12-12 07:59:03] [run_formula] Running formula 6s276rb342 with K=184 up to limit 1600
[2025-12-12 07:59:31] [generate_cnf] Generating formula 6s276rb342 with K=185
[2025-12-12 07:59:40] [run_formula] Running formula 6s276rb342 with K=185 up to limit 1600
[2025-12-12 07:59:43] [generate_cnf] Generating formula 6s276rb342 with K=186
[2025-12-12 07:59:52] [run_formula] Running formula 6s276rb342 with K=186 up to limit 1600
[2025-12-12 08:00:23] [generate_cnf] Generating formula 6s276rb342 with K=187
[2025-12-12 08:00:39] [run_formula] Running formula 6s276rb342 with K=187 up to limit 1600
[2025-12-12 08:00:44] [generate_cnf] Generating formula 6s276rb342 with K=188
[2025-12-12 08:00:56] [run_formula] Running formula 6s276rb342 with K=188 up to limit 1600
[2025-12-12 08:01:25] [generate_cnf] Generating formula 6s276rb342 with K=189
[2025-12-12 08:01:35] [run_formula] Running formula 6s276rb342 with K=189 up to limit 1600
[2025-12-12 08:01:39] [generate_cnf] Generating formula 6s276rb342 with K=190
[2025-12-12 08:01:51] [run_formula] Running formula 6s276rb342 with K=190 up to limit 1600
[2025-12-12 08:02:23] [generate_cnf] Generating formula 6s276rb342 with K=191
[2025-12-12 08:02:34] [run_formula] Running formula 6s276rb342 with K=191 up to limit 1600
[2025-12-12 08:02:37] [generate_cnf] Generating formula 6s276rb342 with K=192
[2025-12-12 08:02:47] [run_formula] Running formula 6s276rb342 with K=192 up to limit 1600
[2025-12-12 08:03:20] [generate_cnf] Generating formula 6s276rb342 with K=193
[2025-12-12 08:03:33] [run_formula] Running formula 6s276rb342 with K=193 up to limit 1600
[2025-12-12 08:03:36] [generate_cnf] Generating formula 6s276rb342 with K=194
[2025-12-12 08:03:46] [run_formula] Running formula 6s276rb342 with K=194 up to limit 1600
[2025-12-12 08:04:22] [generate_cnf] Generating formula 6s276rb342 with K=195
[2025-12-12 08:04:32] [run_formula] Running formula 6s276rb342 with K=195 up to limit 1600
[2025-12-12 08:04:35] [generate_cnf] Generating formula 6s276rb342 with K=196
[2025-12-12 08:04:45] [run_formula] Running formula 6s276rb342 with K=196 up to limit 1600
[2025-12-12 08:05:21] [generate_cnf] Generating formula 6s276rb342 with K=197
[2025-12-12 08:05:35] [run_formula] Running formula 6s276rb342 with K=197 up to limit 1600
[2025-12-12 08:05:40] [generate_cnf] Generating formula 6s276rb342 with K=198
[2025-12-12 08:05:53] [run_formula] Running formula 6s276rb342 with K=198 up to limit 1600
[2025-12-12 08:06:33] [generate_cnf] Generating formula 6s276rb342 with K=199
[2025-12-12 08:06:48] [run_formula] Running formula 6s276rb342 with K=199 up to limit 1600
[2025-12-12 08:06:52] [generate_cnf] Generating formula 6s276rb342 with K=200
[2025-12-12 08:07:04] [run_formula] Running formula 6s276rb342 with K=200 up to limit 1600
[2025-12-12 08:07:44] [generate_cnf] Generating formula 6s276rb342 with K=201
[2025-12-12 08:08:00] [run_formula] Running formula 6s276rb342 with K=201 up to limit 1600
[2025-12-12 08:08:06] [generate_cnf] Generating formula 6s276rb342 with K=202
[2025-12-12 08:08:20] [run_formula] Running formula 6s276rb342 with K=202 up to limit 1600
[2025-12-12 08:09:06] [generate_cnf] Generating formula 6s276rb342 with K=203
[2025-12-12 08:09:18] [run_formula] Running formula 6s276rb342 with K=203 up to limit 1600
[2025-12-12 08:09:21] [generate_cnf] Generating formula 6s276rb342 with K=204
[2025-12-12 08:09:34] [run_formula] Running formula 6s276rb342 with K=204 up to limit 1600
[2025-12-12 08:10:15] [generate_cnf] Generating formula 6s276rb342 with K=205
[2025-12-12 08:10:33] [run_formula] Running formula 6s276rb342 with K=205 up to limit 1600
[2025-12-12 08:10:37] [generate_cnf] Generating formula 6s276rb342 with K=206
[2025-12-12 08:10:48] [run_formula] Running formula 6s276rb342 with K=206 up to limit 1600
[2025-12-12 08:11:30] [generate_cnf] Generating formula 6s276rb342 with K=207
[2025-12-12 08:11:42] [run_formula] Running formula 6s276rb342 with K=207 up to limit 1600
[2025-12-12 08:11:45] [generate_cnf] Generating formula 6s276rb342 with K=208
[2025-12-12 08:11:57] [run_formula] Running formula 6s276rb342 with K=208 up to limit 1600
[2025-12-12 08:12:37] [generate_cnf] Generating formula 6s276rb342 with K=209
[2025-12-12 08:12:50] [run_formula] Running formula 6s276rb342 with K=209 up to limit 1600
[2025-12-12 08:12:55] [generate_cnf] Generating formula 6s276rb342 with K=210
[2025-12-12 08:13:12] [run_formula] Running formula 6s276rb342 with K=210 up to limit 1600
[2025-12-12 08:13:56] [generate_cnf] Generating formula 6s276rb342 with K=211
[2025-12-12 08:14:13] [run_formula] Running formula 6s276rb342 with K=211 up to limit 1600
[2025-12-12 08:14:17] [generate_cnf] Generating formula 6s276rb342 with K=212
[2025-12-12 08:14:31] [run_formula] Running formula 6s276rb342 with K=212 up to limit 1600
[2025-12-12 08:15:14] [generate_cnf] Generating formula 6s276rb342 with K=213
[2025-12-12 08:15:29] [run_formula] Running formula 6s276rb342 with K=213 up to limit 1600
[2025-12-12 08:15:37] [generate_cnf] Generating formula 6s276rb342 with K=214
[2025-12-12 08:15:58] [run_formula] Running formula 6s276rb342 with K=214 up to limit 1600
[2025-12-12 08:16:38] [generate_cnf] Generating formula 6s276rb342 with K=215
[2025-12-12 08:16:54] [run_formula] Running formula 6s276rb342 with K=215 up to limit 1600
[2025-12-12 08:16:59] [generate_cnf] Generating formula 6s276rb342 with K=216
[2025-12-12 08:17:15] [run_formula] Running formula 6s276rb342 with K=216 up to limit 1600
[2025-12-12 08:18:05] [generate_cnf] Generating formula 6s276rb342 with K=217
[2025-12-12 08:18:17] [run_formula] Running formula 6s276rb342 with K=217 up to limit 1600
[2025-12-12 08:18:21] [generate_cnf] Generating formula 6s276rb342 with K=218
[2025-12-12 08:18:33] [run_formula] Running formula 6s276rb342 with K=218 up to limit 1600
[2025-12-12 08:19:18] [generate_cnf] Generating formula 6s276rb342 with K=219
[2025-12-12 08:19:31] [run_formula] Running formula 6s276rb342 with K=219 up to limit 1600
[2025-12-12 08:19:37] [generate_cnf] Generating formula 6s276rb342 with K=220
[2025-12-12 08:19:59] [run_formula] Running formula 6s276rb342 with K=220 up to limit 1600
[2025-12-12 08:20:51] [generate_cnf] Generating formula 6s276rb342 with K=221
[2025-12-12 08:21:02] [run_formula] Running formula 6s276rb342 with K=221 up to limit 1600
[2025-12-12 08:21:05] [generate_cnf] Generating formula 6s276rb342 with K=222
[2025-12-12 08:21:17] [run_formula] Running formula 6s276rb342 with K=222 up to limit 1600
[2025-12-12 08:22:05] [generate_cnf] Generating formula 6s276rb342 with K=223
[2025-12-12 08:22:16] [run_formula] Running formula 6s276rb342 with K=223 up to limit 1600
[2025-12-12 08:22:20] [generate_cnf] Generating formula 6s276rb342 with K=224
[2025-12-12 08:22:32] [run_formula] Running formula 6s276rb342 with K=224 up to limit 1600
[2025-12-12 08:23:31] [generate_cnf] Generating formula 6s276rb342 with K=225
[2025-12-12 08:23:43] [run_formula] Running formula 6s276rb342 with K=225 up to limit 1600
[2025-12-12 08:23:47] [generate_cnf] Generating formula 6s276rb342 with K=226
[2025-12-12 08:23:59] [run_formula] Running formula 6s276rb342 with K=226 up to limit 1600
[2025-12-12 08:24:43] [generate_cnf] Generating formula 6s276rb342 with K=227
[2025-12-12 08:24:55] [run_formula] Running formula 6s276rb342 with K=227 up to limit 1600
[2025-12-12 08:24:59] [generate_cnf] Generating formula 6s276rb342 with K=228
[2025-12-12 08:25:11] [run_formula] Running formula 6s276rb342 with K=228 up to limit 1600
[2025-12-12 08:25:53] [generate_cnf] Generating formula 6s276rb342 with K=229
[2025-12-12 08:26:05] [run_formula] Running formula 6s276rb342 with K=229 up to limit 1600
[2025-12-12 08:26:09] [generate_cnf] Generating formula 6s276rb342 with K=230
[2025-12-12 08:26:21] [run_formula] Running formula 6s276rb342 with K=230 up to limit 1600
[2025-12-12 08:27:06] [generate_cnf] Generating formula 6s276rb342 with K=231
[2025-12-12 08:27:18] [run_formula] Running formula 6s276rb342 with K=231 up to limit 1600
[2025-12-12 08:27:22] [generate_cnf] Generating formula 6s276rb342 with K=232
[2025-12-12 08:27:33] [run_formula] Running formula 6s276rb342 with K=232 up to limit 1600
[2025-12-12 08:28:18] [run_formula] Error running formula 6s276rb342 with K=232: [Errno 122] Disk quota exceeded: './results/solving_logs/6s276rb342//6s276rb342.232.log'
[2025-12-12 08:28:18] [generate_and_run_up_to_limit] Failed to run formula 6s276rb342 with K=232, halting
