CNF written.
CNF written.
CNF written.
CNF written.
CNF written.
CNF written.
CNF written.
CNF written.
CNF written.
CNF written.
CNF written.
CNF written.
CNF written.
CNF written.
CNF written.
CNF written.
CNF written.
CNF written.
CNF written.
CNF written.
CNF written.
CNF written.
CNF written.
CNF written.
CNF written.
CNF written.
CNF written.
CNF written.
CNF written.
CNF written.
CNF written.
CNF written.
CNF written.
CNF written.
CNF written.
CNF written.
CNF written.
CNF written.
CNF written.
CNF written.
CNF written.
CNF written.
CNF written.
CNF written.
CNF written.
CNF written.
CNF written.
CNF written.
CNF written.
CNF written.
CNF written.
CNF written.
CNF written.
CNF written.
CNF written.
CNF written.
CNF written.
CNF written.
CNF written.
CNF written.
CNF written.
CNF written.
CNF written.
CNF written.
CNF written.
CNF written.
CNF written.
CNF written.
CNF written.
CNF written.
CNF written.
CNF written.
CNF written.
CNF written.
CNF written.
CNF written.
CNF written.
CNF written.
CNF written.
CNF written.
CNF written.
CNF written.
CNF written.
CNF written.
CNF written.
CNF written.
CNF written.
CNF written.
CNF written.
CNF written.
CNF written.
CNF written.
CNF written.
CNF written.
CNF written.
CNF written.
CNF written.
CNF written.
CNF written.
CNF written.
CNF written.
CNF written.
CNF written.
CNF written.
CNF written.
CNF written.
CNF written.
CNF written.
CNF written.
CNF written.
CNF written.
CNF written.
CNF written.
CNF written.
CNF written.
CNF written.
CNF written.
CNF written.
CNF written.
CNF written.
CNF written.
CNF written.
CNF written.
CNF written.
CNF written.
CNF written.
CNF written.
CNF written.
CNF written.
CNF written.
CNF written.
CNF written.
CNF written.
CNF written.
CNF written.
CNF written.
CNF written.
CNF written.
CNF written.
CNF written.
CNF written.
CNF written.
CNF written.
CNF written.
CNF written.
CNF written.
CNF written.
CNF written.
CNF written.
CNF written.
CNF written.
CNF written.
CNF written.
CNF written.
CNF written.
CNF written.
CNF written.
CNF written.
CNF written.
CNF written.
CNF written.
CNF written.
CNF written.
CNF written.
CNF written.
CNF written.
CNF written.
CNF written.
CNF written.
CNF written.
CNF written.
CNF written.
CNF written.
[2025-12-12 07:07:11] [generate_and_run_up_to_limit] Generating and running 6s273b37 with K<=500 up to limit 1600
[2025-12-12 07:07:11] [generate_cnf] Generating formula 6s273b37 with K=1
[2025-12-12 07:07:12] [run_formula] Running formula 6s273b37 with K=1 up to limit 1600
[2025-12-12 07:07:12] [generate_cnf] Generating formula 6s273b37 with K=2
[2025-12-12 07:07:13] [run_formula] Running formula 6s273b37 with K=2 up to limit 1600
[2025-12-12 07:07:13] [generate_cnf] Generating formula 6s273b37 with K=3
[2025-12-12 07:07:14] [run_formula] Running formula 6s273b37 with K=3 up to limit 1600
[2025-12-12 07:07:14] [generate_cnf] Generating formula 6s273b37 with K=4
[2025-12-12 07:07:15] [run_formula] Running formula 6s273b37 with K=4 up to limit 1600
[2025-12-12 07:07:16] [generate_cnf] Generating formula 6s273b37 with K=5
[2025-12-12 07:07:17] [run_formula] Running formula 6s273b37 with K=5 up to limit 1600
[2025-12-12 07:07:17] [generate_cnf] Generating formula 6s273b37 with K=6
[2025-12-12 07:07:19] [run_formula] Running formula 6s273b37 with K=6 up to limit 1600
[2025-12-12 07:07:19] [generate_cnf] Generating formula 6s273b37 with K=7
[2025-12-12 07:07:21] [run_formula] Running formula 6s273b37 with K=7 up to limit 1600
[2025-12-12 07:07:22] [generate_cnf] Generating formula 6s273b37 with K=8
[2025-12-12 07:07:24] [run_formula] Running formula 6s273b37 with K=8 up to limit 1600
[2025-12-12 07:07:24] [generate_cnf] Generating formula 6s273b37 with K=9
[2025-12-12 07:07:27] [run_formula] Running formula 6s273b37 with K=9 up to limit 1600
[2025-12-12 07:07:27] [generate_cnf] Generating formula 6s273b37 with K=10
[2025-12-12 07:07:30] [run_formula] Running formula 6s273b37 with K=10 up to limit 1600
[2025-12-12 07:07:30] [generate_cnf] Generating formula 6s273b37 with K=11
[2025-12-12 07:07:33] [run_formula] Running formula 6s273b37 with K=11 up to limit 1600
[2025-12-12 07:07:34] [generate_cnf] Generating formula 6s273b37 with K=12
[2025-12-12 07:07:37] [run_formula] Running formula 6s273b37 with K=12 up to limit 1600
[2025-12-12 07:07:38] [generate_cnf] Generating formula 6s273b37 with K=13
[2025-12-12 07:07:41] [run_formula] Running formula 6s273b37 with K=13 up to limit 1600
[2025-12-12 07:07:42] [generate_cnf] Generating formula 6s273b37 with K=14
[2025-12-12 07:07:45] [run_formula] Running formula 6s273b37 with K=14 up to limit 1600
[2025-12-12 07:07:46] [generate_cnf] Generating formula 6s273b37 with K=15
[2025-12-12 07:07:50] [run_formula] Running formula 6s273b37 with K=15 up to limit 1600
[2025-12-12 07:07:50] [generate_cnf] Generating formula 6s273b37 with K=16
[2025-12-12 07:07:55] [run_formula] Running formula 6s273b37 with K=16 up to limit 1600
[2025-12-12 07:07:55] [generate_cnf] Generating formula 6s273b37 with K=17
[2025-12-12 07:08:00] [run_formula] Running formula 6s273b37 with K=17 up to limit 1600
[2025-12-12 07:08:00] [generate_cnf] Generating formula 6s273b37 with K=18
[2025-12-12 07:08:05] [run_formula] Running formula 6s273b37 with K=18 up to limit 1600
[2025-12-12 07:08:06] [generate_cnf] Generating formula 6s273b37 with K=19
[2025-12-12 07:08:11] [run_formula] Running formula 6s273b37 with K=19 up to limit 1600
[2025-12-12 07:08:12] [generate_cnf] Generating formula 6s273b37 with K=20
[2025-12-12 07:08:17] [run_formula] Running formula 6s273b37 with K=20 up to limit 1600
[2025-12-12 07:08:18] [generate_cnf] Generating formula 6s273b37 with K=21
[2025-12-12 07:08:23] [run_formula] Running formula 6s273b37 with K=21 up to limit 1600
[2025-12-12 07:08:24] [generate_cnf] Generating formula 6s273b37 with K=22
[2025-12-12 07:08:29] [run_formula] Running formula 6s273b37 with K=22 up to limit 1600
[2025-12-12 07:08:31] [generate_cnf] Generating formula 6s273b37 with K=23
[2025-12-12 07:08:36] [run_formula] Running formula 6s273b37 with K=23 up to limit 1600
[2025-12-12 07:08:37] [generate_cnf] Generating formula 6s273b37 with K=24
[2025-12-12 07:08:44] [run_formula] Running formula 6s273b37 with K=24 up to limit 1600
[2025-12-12 07:08:45] [generate_cnf] Generating formula 6s273b37 with K=25
[2025-12-12 07:08:51] [run_formula] Running formula 6s273b37 with K=25 up to limit 1600
[2025-12-12 07:08:52] [generate_cnf] Generating formula 6s273b37 with K=26
[2025-12-12 07:08:58] [run_formula] Running formula 6s273b37 with K=26 up to limit 1600
[2025-12-12 07:09:00] [generate_cnf] Generating formula 6s273b37 with K=27
[2025-12-12 07:09:06] [run_formula] Running formula 6s273b37 with K=27 up to limit 1600
[2025-12-12 07:09:08] [generate_cnf] Generating formula 6s273b37 with K=28
[2025-12-12 07:09:15] [run_formula] Running formula 6s273b37 with K=28 up to limit 1600
[2025-12-12 07:09:16] [generate_cnf] Generating formula 6s273b37 with K=29
[2025-12-12 07:09:23] [run_formula] Running formula 6s273b37 with K=29 up to limit 1600
[2025-12-12 07:09:25] [generate_cnf] Generating formula 6s273b37 with K=30
[2025-12-12 07:09:32] [run_formula] Running formula 6s273b37 with K=30 up to limit 1600
[2025-12-12 07:09:34] [generate_cnf] Generating formula 6s273b37 with K=31
[2025-12-12 07:09:41] [run_formula] Running formula 6s273b37 with K=31 up to limit 1600
[2025-12-12 07:09:43] [generate_cnf] Generating formula 6s273b37 with K=32
[2025-12-12 07:09:51] [run_formula] Running formula 6s273b37 with K=32 up to limit 1600
[2025-12-12 07:09:52] [generate_cnf] Generating formula 6s273b37 with K=33
[2025-12-12 07:10:00] [run_formula] Running formula 6s273b37 with K=33 up to limit 1600
[2025-12-12 07:10:02] [generate_cnf] Generating formula 6s273b37 with K=34
[2025-12-12 07:10:11] [run_formula] Running formula 6s273b37 with K=34 up to limit 1600
[2025-12-12 07:10:12] [generate_cnf] Generating formula 6s273b37 with K=35
[2025-12-12 07:10:21] [run_formula] Running formula 6s273b37 with K=35 up to limit 1600
[2025-12-12 07:10:23] [generate_cnf] Generating formula 6s273b37 with K=36
[2025-12-12 07:10:31] [run_formula] Running formula 6s273b37 with K=36 up to limit 1600
[2025-12-12 07:10:33] [generate_cnf] Generating formula 6s273b37 with K=37
[2025-12-12 07:10:43] [run_formula] Running formula 6s273b37 with K=37 up to limit 1600
[2025-12-12 07:10:45] [generate_cnf] Generating formula 6s273b37 with K=38
[2025-12-12 07:10:55] [run_formula] Running formula 6s273b37 with K=38 up to limit 1600
[2025-12-12 07:10:57] [generate_cnf] Generating formula 6s273b37 with K=39
[2025-12-12 07:11:07] [run_formula] Running formula 6s273b37 with K=39 up to limit 1600
[2025-12-12 07:11:09] [generate_cnf] Generating formula 6s273b37 with K=40
[2025-12-12 07:11:19] [run_formula] Running formula 6s273b37 with K=40 up to limit 1600
[2025-12-12 07:11:21] [generate_cnf] Generating formula 6s273b37 with K=41
[2025-12-12 07:11:31] [run_formula] Running formula 6s273b37 with K=41 up to limit 1600
[2025-12-12 07:11:33] [generate_cnf] Generating formula 6s273b37 with K=42
[2025-12-12 07:11:43] [run_formula] Running formula 6s273b37 with K=42 up to limit 1600
[2025-12-12 07:11:45] [generate_cnf] Generating formula 6s273b37 with K=43
[2025-12-12 07:11:56] [run_formula] Running formula 6s273b37 with K=43 up to limit 1600
[2025-12-12 07:11:59] [generate_cnf] Generating formula 6s273b37 with K=44
[2025-12-12 07:12:10] [run_formula] Running formula 6s273b37 with K=44 up to limit 1600
[2025-12-12 07:12:12] [generate_cnf] Generating formula 6s273b37 with K=45
[2025-12-12 07:12:23] [run_formula] Running formula 6s273b37 with K=45 up to limit 1600
[2025-12-12 07:12:27] [generate_cnf] Generating formula 6s273b37 with K=46
[2025-12-12 07:12:38] [run_formula] Running formula 6s273b37 with K=46 up to limit 1600
[2025-12-12 07:12:40] [generate_cnf] Generating formula 6s273b37 with K=47
[2025-12-12 07:12:52] [run_formula] Running formula 6s273b37 with K=47 up to limit 1600
[2025-12-12 07:12:56] [generate_cnf] Generating formula 6s273b37 with K=48
[2025-12-12 07:13:07] [run_formula] Running formula 6s273b37 with K=48 up to limit 1600
[2025-12-12 07:13:10] [generate_cnf] Generating formula 6s273b37 with K=49
[2025-12-12 07:13:22] [run_formula] Running formula 6s273b37 with K=49 up to limit 1600
[2025-12-12 07:13:26] [generate_cnf] Generating formula 6s273b37 with K=50
[2025-12-12 07:13:38] [run_formula] Running formula 6s273b37 with K=50 up to limit 1600
[2025-12-12 07:13:41] [generate_cnf] Generating formula 6s273b37 with K=51
[2025-12-12 07:13:53] [run_formula] Running formula 6s273b37 with K=51 up to limit 1600
[2025-12-12 07:13:57] [generate_cnf] Generating formula 6s273b37 with K=52
[2025-12-12 07:14:09] [run_formula] Running formula 6s273b37 with K=52 up to limit 1600
[2025-12-12 07:14:12] [generate_cnf] Generating formula 6s273b37 with K=53
[2025-12-12 07:14:25] [run_formula] Running formula 6s273b37 with K=53 up to limit 1600
[2025-12-12 07:14:28] [generate_cnf] Generating formula 6s273b37 with K=54
[2025-12-12 07:14:41] [run_formula] Running formula 6s273b37 with K=54 up to limit 1600
[2025-12-12 07:14:44] [generate_cnf] Generating formula 6s273b37 with K=55
[2025-12-12 07:14:58] [run_formula] Running formula 6s273b37 with K=55 up to limit 1600
[2025-12-12 07:15:01] [generate_cnf] Generating formula 6s273b37 with K=56
[2025-12-12 07:15:15] [run_formula] Running formula 6s273b37 with K=56 up to limit 1600
[2025-12-12 07:15:18] [generate_cnf] Generating formula 6s273b37 with K=57
[2025-12-12 07:15:32] [run_formula] Running formula 6s273b37 with K=57 up to limit 1600
[2025-12-12 07:15:37] [generate_cnf] Generating formula 6s273b37 with K=58
[2025-12-12 07:15:51] [run_formula] Running formula 6s273b37 with K=58 up to limit 1600
[2025-12-12 07:15:54] [generate_cnf] Generating formula 6s273b37 with K=59
[2025-12-12 07:16:09] [run_formula] Running formula 6s273b37 with K=59 up to limit 1600
[2025-12-12 07:16:13] [generate_cnf] Generating formula 6s273b37 with K=60
[2025-12-12 07:16:28] [run_formula] Running formula 6s273b37 with K=60 up to limit 1600
[2025-12-12 07:16:31] [generate_cnf] Generating formula 6s273b37 with K=61
[2025-12-12 07:16:46] [run_formula] Running formula 6s273b37 with K=61 up to limit 1600
[2025-12-12 07:16:50] [generate_cnf] Generating formula 6s273b37 with K=62
[2025-12-12 07:17:06] [run_formula] Running formula 6s273b37 with K=62 up to limit 1600
[2025-12-12 07:17:09] [generate_cnf] Generating formula 6s273b37 with K=63
[2025-12-12 07:17:25] [run_formula] Running formula 6s273b37 with K=63 up to limit 1600
[2025-12-12 07:17:29] [generate_cnf] Generating formula 6s273b37 with K=64
[2025-12-12 07:17:45] [run_formula] Running formula 6s273b37 with K=64 up to limit 1600
[2025-12-12 07:17:48] [generate_cnf] Generating formula 6s273b37 with K=65
[2025-12-12 07:18:04] [run_formula] Running formula 6s273b37 with K=65 up to limit 1600
[2025-12-12 07:18:09] [generate_cnf] Generating formula 6s273b37 with K=66
[2025-12-12 07:18:25] [run_formula] Running formula 6s273b37 with K=66 up to limit 1600
[2025-12-12 07:18:29] [generate_cnf] Generating formula 6s273b37 with K=67
[2025-12-12 07:18:45] [run_formula] Running formula 6s273b37 with K=67 up to limit 1600
[2025-12-12 07:18:51] [generate_cnf] Generating formula 6s273b37 with K=68
[2025-12-12 07:19:08] [run_formula] Running formula 6s273b37 with K=68 up to limit 1600
[2025-12-12 07:19:12] [generate_cnf] Generating formula 6s273b37 with K=69
[2025-12-12 07:19:30] [run_formula] Running formula 6s273b37 with K=69 up to limit 1600
[2025-12-12 07:19:38] [generate_cnf] Generating formula 6s273b37 with K=70
[2025-12-12 07:19:55] [run_formula] Running formula 6s273b37 with K=70 up to limit 1600
[2025-12-12 07:19:58] [generate_cnf] Generating formula 6s273b37 with K=71
[2025-12-12 07:20:15] [run_formula] Running formula 6s273b37 with K=71 up to limit 1600
[2025-12-12 07:20:22] [generate_cnf] Generating formula 6s273b37 with K=72
[2025-12-12 07:20:39] [run_formula] Running formula 6s273b37 with K=72 up to limit 1600
[2025-12-12 07:20:43] [generate_cnf] Generating formula 6s273b37 with K=73
[2025-12-12 07:21:00] [run_formula] Running formula 6s273b37 with K=73 up to limit 1600
[2025-12-12 07:21:06] [generate_cnf] Generating formula 6s273b37 with K=74
[2025-12-12 07:21:23] [run_formula] Running formula 6s273b37 with K=74 up to limit 1600
[2025-12-12 07:21:26] [generate_cnf] Generating formula 6s273b37 with K=75
[2025-12-12 07:21:44] [run_formula] Running formula 6s273b37 with K=75 up to limit 1600
[2025-12-12 07:21:49] [generate_cnf] Generating formula 6s273b37 with K=76
[2025-12-12 07:22:07] [run_formula] Running formula 6s273b37 with K=76 up to limit 1600
[2025-12-12 07:22:11] [generate_cnf] Generating formula 6s273b37 with K=77
[2025-12-12 07:22:29] [run_formula] Running formula 6s273b37 with K=77 up to limit 1600
[2025-12-12 07:22:38] [generate_cnf] Generating formula 6s273b37 with K=78
[2025-12-12 07:22:56] [run_formula] Running formula 6s273b37 with K=78 up to limit 1600
[2025-12-12 07:23:00] [generate_cnf] Generating formula 6s273b37 with K=79
[2025-12-12 07:23:19] [run_formula] Running formula 6s273b37 with K=79 up to limit 1600
[2025-12-12 07:23:26] [generate_cnf] Generating formula 6s273b37 with K=80
[2025-12-12 07:23:45] [run_formula] Running formula 6s273b37 with K=80 up to limit 1600
[2025-12-12 07:23:49] [generate_cnf] Generating formula 6s273b37 with K=81
[2025-12-12 07:24:07] [run_formula] Running formula 6s273b37 with K=81 up to limit 1600
[2025-12-12 07:24:15] [generate_cnf] Generating formula 6s273b37 with K=82
[2025-12-12 07:24:34] [run_formula] Running formula 6s273b37 with K=82 up to limit 1600
[2025-12-12 07:24:38] [generate_cnf] Generating formula 6s273b37 with K=83
[2025-12-12 07:24:57] [run_formula] Running formula 6s273b37 with K=83 up to limit 1600
[2025-12-12 07:25:07] [generate_cnf] Generating formula 6s273b37 with K=84
[2025-12-12 07:25:27] [run_formula] Running formula 6s273b37 with K=84 up to limit 1600
[2025-12-12 07:25:31] [generate_cnf] Generating formula 6s273b37 with K=85
[2025-12-12 07:25:51] [run_formula] Running formula 6s273b37 with K=85 up to limit 1600
[2025-12-12 07:26:00] [generate_cnf] Generating formula 6s273b37 with K=86
[2025-12-12 07:26:20] [run_formula] Running formula 6s273b37 with K=86 up to limit 1600
[2025-12-12 07:26:25] [generate_cnf] Generating formula 6s273b37 with K=87
[2025-12-12 07:26:46] [run_formula] Running formula 6s273b37 with K=87 up to limit 1600
[2025-12-12 07:26:55] [generate_cnf] Generating formula 6s273b37 with K=88
[2025-12-12 07:27:16] [run_formula] Running formula 6s273b37 with K=88 up to limit 1600
[2025-12-12 07:27:20] [generate_cnf] Generating formula 6s273b37 with K=89
[2025-12-12 07:27:42] [run_formula] Running formula 6s273b37 with K=89 up to limit 1600
[2025-12-12 07:27:53] [generate_cnf] Generating formula 6s273b37 with K=90
[2025-12-12 07:28:15] [run_formula] Running formula 6s273b37 with K=90 up to limit 1600
[2025-12-12 07:28:19] [generate_cnf] Generating formula 6s273b37 with K=91
[2025-12-12 07:28:42] [run_formula] Running formula 6s273b37 with K=91 up to limit 1600
[2025-12-12 07:28:52] [generate_cnf] Generating formula 6s273b37 with K=92
[2025-12-12 07:29:15] [run_formula] Running formula 6s273b37 with K=92 up to limit 1600
[2025-12-12 07:29:19] [generate_cnf] Generating formula 6s273b37 with K=93
[2025-12-12 07:29:42] [run_formula] Running formula 6s273b37 with K=93 up to limit 1600
[2025-12-12 07:29:53] [generate_cnf] Generating formula 6s273b37 with K=94
[2025-12-12 07:30:16] [run_formula] Running formula 6s273b37 with K=94 up to limit 1600
[2025-12-12 07:30:21] [generate_cnf] Generating formula 6s273b37 with K=95
[2025-12-12 07:30:44] [run_formula] Running formula 6s273b37 with K=95 up to limit 1600
[2025-12-12 07:30:55] [generate_cnf] Generating formula 6s273b37 with K=96
[2025-12-12 07:31:18] [run_formula] Running formula 6s273b37 with K=96 up to limit 1600
[2025-12-12 07:31:23] [generate_cnf] Generating formula 6s273b37 with K=97
[2025-12-12 07:31:47] [run_formula] Running formula 6s273b37 with K=97 up to limit 1600
[2025-12-12 07:31:58] [generate_cnf] Generating formula 6s273b37 with K=98
[2025-12-12 07:32:21] [run_formula] Running formula 6s273b37 with K=98 up to limit 1600
[2025-12-12 07:32:27] [generate_cnf] Generating formula 6s273b37 with K=99
[2025-12-12 07:32:51] [run_formula] Running formula 6s273b37 with K=99 up to limit 1600
[2025-12-12 07:33:02] [generate_cnf] Generating formula 6s273b37 with K=100
[2025-12-12 07:33:27] [run_formula] Running formula 6s273b37 with K=100 up to limit 1600
[2025-12-12 07:33:33] [generate_cnf] Generating formula 6s273b37 with K=101
[2025-12-12 07:33:57] [run_formula] Running formula 6s273b37 with K=101 up to limit 1600
[2025-12-12 07:34:09] [generate_cnf] Generating formula 6s273b37 with K=102
[2025-12-12 07:34:34] [run_formula] Running formula 6s273b37 with K=102 up to limit 1600
[2025-12-12 07:34:39] [generate_cnf] Generating formula 6s273b37 with K=103
[2025-12-12 07:35:04] [run_formula] Running formula 6s273b37 with K=103 up to limit 1600
[2025-12-12 07:35:16] [generate_cnf] Generating formula 6s273b37 with K=104
[2025-12-12 07:35:41] [run_formula] Running formula 6s273b37 with K=104 up to limit 1600
[2025-12-12 07:35:47] [generate_cnf] Generating formula 6s273b37 with K=105
[2025-12-12 07:36:13] [run_formula] Running formula 6s273b37 with K=105 up to limit 1600
[2025-12-12 07:36:24] [generate_cnf] Generating formula 6s273b37 with K=106
[2025-12-12 07:36:50] [run_formula] Running formula 6s273b37 with K=106 up to limit 1600
[2025-12-12 07:36:56] [generate_cnf] Generating formula 6s273b37 with K=107
[2025-12-12 07:37:22] [run_formula] Running formula 6s273b37 with K=107 up to limit 1600
[2025-12-12 07:37:34] [generate_cnf] Generating formula 6s273b37 with K=108
[2025-12-12 07:38:00] [run_formula] Running formula 6s273b37 with K=108 up to limit 1600
[2025-12-12 07:38:05] [generate_cnf] Generating formula 6s273b37 with K=109
[2025-12-12 07:38:32] [run_formula] Running formula 6s273b37 with K=109 up to limit 1600
[2025-12-12 07:38:44] [generate_cnf] Generating formula 6s273b37 with K=110
[2025-12-12 07:39:10] [run_formula] Running formula 6s273b37 with K=110 up to limit 1600
[2025-12-12 07:39:16] [generate_cnf] Generating formula 6s273b37 with K=111
[2025-12-12 07:39:43] [run_formula] Running formula 6s273b37 with K=111 up to limit 1600
[2025-12-12 07:39:56] [generate_cnf] Generating formula 6s273b37 with K=112
[2025-12-12 07:40:23] [run_formula] Running formula 6s273b37 with K=112 up to limit 1600
[2025-12-12 07:40:29] [generate_cnf] Generating formula 6s273b37 with K=113
[2025-12-12 07:40:57] [run_formula] Running formula 6s273b37 with K=113 up to limit 1600
[2025-12-12 07:41:10] [generate_cnf] Generating formula 6s273b37 with K=114
[2025-12-12 07:41:37] [run_formula] Running formula 6s273b37 with K=114 up to limit 1600
[2025-12-12 07:41:43] [generate_cnf] Generating formula 6s273b37 with K=115
[2025-12-12 07:42:12] [run_formula] Running formula 6s273b37 with K=115 up to limit 1600
[2025-12-12 07:42:26] [generate_cnf] Generating formula 6s273b37 with K=116
[2025-12-12 07:42:54] [run_formula] Running formula 6s273b37 with K=116 up to limit 1600
[2025-12-12 07:43:00] [generate_cnf] Generating formula 6s273b37 with K=117
[2025-12-12 07:43:29] [run_formula] Running formula 6s273b37 with K=117 up to limit 1600
[2025-12-12 07:43:42] [generate_cnf] Generating formula 6s273b37 with K=118
[2025-12-12 07:44:11] [run_formula] Running formula 6s273b37 with K=118 up to limit 1600
[2025-12-12 07:44:18] [generate_cnf] Generating formula 6s273b37 with K=119
[2025-12-12 07:44:47] [run_formula] Running formula 6s273b37 with K=119 up to limit 1600
[2025-12-12 07:45:00] [generate_cnf] Generating formula 6s273b37 with K=120
[2025-12-12 07:45:29] [run_formula] Running formula 6s273b37 with K=120 up to limit 1600
[2025-12-12 07:45:36] [generate_cnf] Generating formula 6s273b37 with K=121
[2025-12-12 07:46:05] [run_formula] Running formula 6s273b37 with K=121 up to limit 1600
[2025-12-12 07:46:18] [generate_cnf] Generating formula 6s273b37 with K=122
[2025-12-12 07:46:47] [run_formula] Running formula 6s273b37 with K=122 up to limit 1600
[2025-12-12 07:46:54] [generate_cnf] Generating formula 6s273b37 with K=123
[2025-12-12 07:47:24] [run_formula] Running formula 6s273b37 with K=123 up to limit 1600
[2025-12-12 07:47:38] [generate_cnf] Generating formula 6s273b37 with K=124
[2025-12-12 07:48:07] [run_formula] Running formula 6s273b37 with K=124 up to limit 1600
[2025-12-12 07:48:14] [generate_cnf] Generating formula 6s273b37 with K=125
[2025-12-12 07:48:44] [run_formula] Running formula 6s273b37 with K=125 up to limit 1600
[2025-12-12 07:48:58] [generate_cnf] Generating formula 6s273b37 with K=126
[2025-12-12 07:49:29] [run_formula] Running formula 6s273b37 with K=126 up to limit 1600
[2025-12-12 07:49:36] [generate_cnf] Generating formula 6s273b37 with K=127
[2025-12-12 07:50:07] [run_formula] Running formula 6s273b37 with K=127 up to limit 1600
[2025-12-12 07:50:21] [generate_cnf] Generating formula 6s273b37 with K=128
[2025-12-12 07:50:52] [run_formula] Running formula 6s273b37 with K=128 up to limit 1600
[2025-12-12 07:50:59] [generate_cnf] Generating formula 6s273b37 with K=129
[2025-12-12 07:51:31] [run_formula] Running formula 6s273b37 with K=129 up to limit 1600
[2025-12-12 07:51:45] [generate_cnf] Generating formula 6s273b37 with K=130
[2025-12-12 07:52:18] [run_formula] Running formula 6s273b37 with K=130 up to limit 1600
[2025-12-12 07:52:24] [generate_cnf] Generating formula 6s273b37 with K=131
[2025-12-12 07:52:56] [run_formula] Running formula 6s273b37 with K=131 up to limit 1600
[2025-12-12 07:53:11] [generate_cnf] Generating formula 6s273b37 with K=132
[2025-12-12 07:53:43] [run_formula] Running formula 6s273b37 with K=132 up to limit 1600
[2025-12-12 07:53:51] [generate_cnf] Generating formula 6s273b37 with K=133
[2025-12-12 07:54:23] [run_formula] Running formula 6s273b37 with K=133 up to limit 1600
[2025-12-12 07:54:38] [generate_cnf] Generating formula 6s273b37 with K=134
[2025-12-12 07:55:11] [run_formula] Running formula 6s273b37 with K=134 up to limit 1600
[2025-12-12 07:55:18] [generate_cnf] Generating formula 6s273b37 with K=135
[2025-12-12 07:55:51] [run_formula] Running formula 6s273b37 with K=135 up to limit 1600
[2025-12-12 07:56:07] [generate_cnf] Generating formula 6s273b37 with K=136
[2025-12-12 07:56:41] [run_formula] Running formula 6s273b37 with K=136 up to limit 1600
[2025-12-12 07:56:48] [generate_cnf] Generating formula 6s273b37 with K=137
[2025-12-12 07:57:21] [run_formula] Running formula 6s273b37 with K=137 up to limit 1600
[2025-12-12 07:57:37] [generate_cnf] Generating formula 6s273b37 with K=138
[2025-12-12 07:58:11] [run_formula] Running formula 6s273b37 with K=138 up to limit 1600
[2025-12-12 07:58:19] [generate_cnf] Generating formula 6s273b37 with K=139
[2025-12-12 07:58:52] [run_formula] Running formula 6s273b37 with K=139 up to limit 1600
[2025-12-12 07:59:08] [generate_cnf] Generating formula 6s273b37 with K=140
[2025-12-12 07:59:42] [run_formula] Running formula 6s273b37 with K=140 up to limit 1600
[2025-12-12 07:59:50] [generate_cnf] Generating formula 6s273b37 with K=141
[2025-12-12 08:00:25] [run_formula] Running formula 6s273b37 with K=141 up to limit 1600
[2025-12-12 08:00:41] [generate_cnf] Generating formula 6s273b37 with K=142
[2025-12-12 08:01:17] [run_formula] Running formula 6s273b37 with K=142 up to limit 1600
[2025-12-12 08:01:24] [generate_cnf] Generating formula 6s273b37 with K=143
[2025-12-12 08:01:59] [run_formula] Running formula 6s273b37 with K=143 up to limit 1600
[2025-12-12 08:02:17] [generate_cnf] Generating formula 6s273b37 with K=144
[2025-12-12 08:02:53] [run_formula] Running formula 6s273b37 with K=144 up to limit 1600
[2025-12-12 08:03:00] [generate_cnf] Generating formula 6s273b37 with K=145
[2025-12-12 08:03:36] [run_formula] Running formula 6s273b37 with K=145 up to limit 1600
[2025-12-12 08:03:53] [generate_cnf] Generating formula 6s273b37 with K=146
[2025-12-12 08:04:28] [run_formula] Running formula 6s273b37 with K=146 up to limit 1600
[2025-12-12 08:04:36] [generate_cnf] Generating formula 6s273b37 with K=147
[2025-12-12 08:05:12] [run_formula] Running formula 6s273b37 with K=147 up to limit 1600
[2025-12-12 08:05:29] [generate_cnf] Generating formula 6s273b37 with K=148
[2025-12-12 08:06:05] [run_formula] Running formula 6s273b37 with K=148 up to limit 1600
[2025-12-12 08:06:13] [generate_cnf] Generating formula 6s273b37 with K=149
[2025-12-12 08:06:49] [run_formula] Running formula 6s273b37 with K=149 up to limit 1600
[2025-12-12 08:07:06] [generate_cnf] Generating formula 6s273b37 with K=150
[2025-12-12 08:07:43] [run_formula] Running formula 6s273b37 with K=150 up to limit 1600
[2025-12-12 08:07:51] [generate_cnf] Generating formula 6s273b37 with K=151
[2025-12-12 08:08:28] [run_formula] Running formula 6s273b37 with K=151 up to limit 1600
[2025-12-12 08:08:46] [generate_cnf] Generating formula 6s273b37 with K=152
[2025-12-12 08:09:23] [run_formula] Running formula 6s273b37 with K=152 up to limit 1600
[2025-12-12 08:09:31] [generate_cnf] Generating formula 6s273b37 with K=153
[2025-12-12 08:10:10] [run_formula] Running formula 6s273b37 with K=153 up to limit 1600
[2025-12-12 08:10:28] [generate_cnf] Generating formula 6s273b37 with K=154
[2025-12-12 08:11:06] [run_formula] Running formula 6s273b37 with K=154 up to limit 1600
[2025-12-12 08:11:14] [generate_cnf] Generating formula 6s273b37 with K=155
[2025-12-12 08:11:52] [run_formula] Running formula 6s273b37 with K=155 up to limit 1600
[2025-12-12 08:12:11] [generate_cnf] Generating formula 6s273b37 with K=156
[2025-12-12 08:12:49] [run_formula] Running formula 6s273b37 with K=156 up to limit 1600
[2025-12-12 08:12:57] [generate_cnf] Generating formula 6s273b37 with K=157
[2025-12-12 08:13:37] [run_formula] Running formula 6s273b37 with K=157 up to limit 1600
[2025-12-12 08:13:55] [generate_cnf] Generating formula 6s273b37 with K=158
[2025-12-12 08:14:34] [run_formula] Running formula 6s273b37 with K=158 up to limit 1600
[2025-12-12 08:14:42] [generate_cnf] Generating formula 6s273b37 with K=159
[2025-12-12 08:15:22] [run_formula] Running formula 6s273b37 with K=159 up to limit 1600
[2025-12-12 08:15:40] [generate_cnf] Generating formula 6s273b37 with K=160
[2025-12-12 08:16:19] [run_formula] Running formula 6s273b37 with K=160 up to limit 1600
[2025-12-12 08:16:28] [generate_cnf] Generating formula 6s273b37 with K=161
[2025-12-12 08:17:07] [run_formula] Running formula 6s273b37 with K=161 up to limit 1600
[2025-12-12 08:17:25] [generate_cnf] Generating formula 6s273b37 with K=162
[2025-12-12 08:18:05] [run_formula] Running formula 6s273b37 with K=162 up to limit 1600
[2025-12-12 08:18:14] [generate_cnf] Generating formula 6s273b37 with K=163
[2025-12-12 08:18:54] [run_formula] Running formula 6s273b37 with K=163 up to limit 1600
[2025-12-12 08:19:12] [generate_cnf] Generating formula 6s273b37 with K=164
[2025-12-12 08:19:53] [run_formula] Running formula 6s273b37 with K=164 up to limit 1600
[2025-12-12 08:20:02] [generate_cnf] Generating formula 6s273b37 with K=165
[2025-12-12 08:20:42] [run_formula] Running formula 6s273b37 with K=165 up to limit 1600
[2025-12-12 08:21:01] [generate_cnf] Generating formula 6s273b37 with K=166
[2025-12-12 08:21:41] [run_formula] Running formula 6s273b37 with K=166 up to limit 1600
[2025-12-12 08:21:50] [generate_cnf] Generating formula 6s273b37 with K=167
[2025-12-12 08:22:31] [run_formula] Running formula 6s273b37 with K=167 up to limit 1600
[2025-12-12 08:22:50] [generate_cnf] Generating formula 6s273b37 with K=168
[2025-12-12 08:23:30] [run_formula] Running formula 6s273b37 with K=168 up to limit 1600
[2025-12-12 08:23:39] [generate_cnf] Generating formula 6s273b37 with K=169
[2025-12-12 08:24:21] [run_formula] Running formula 6s273b37 with K=169 up to limit 1600
[2025-12-12 08:24:41] [generate_cnf] Generating formula 6s273b37 with K=170
[2025-12-12 08:25:22] [run_formula] Running formula 6s273b37 with K=170 up to limit 1600
[2025-12-12 08:25:31] [generate_cnf] Generating formula 6s273b37 with K=171
[2025-12-12 08:26:10] [run_formula] Running formula 6s273b37 with K=171 up to limit 1600
[2025-12-12 08:26:29] [generate_cnf] Generating formula 6s273b37 with K=172
[2025-12-12 08:27:09] [run_formula] Running formula 6s273b37 with K=172 up to limit 1600
[2025-12-12 08:27:18] [generate_cnf] Generating formula 6s273b37 with K=173
[2025-12-12 08:27:58] [run_formula] Running formula 6s273b37 with K=173 up to limit 1600
[2025-12-12 08:28:16] [run_formula] Error running formula 6s273b37 with K=173: [Errno 122] Disk quota exceeded: './results/solving_logs/6s273b37//6s273b37.173.log'
[2025-12-12 08:28:16] [generate_and_run_up_to_limit] Failed to run formula 6s273b37 with K=173, halting
