CNF written.
CNF written.
CNF written.
CNF written.
CNF written.
CNF written.
CNF written.
CNF written.
CNF written.
CNF written.
CNF written.
CNF written.
CNF written.
CNF written.
CNF written.
CNF written.
CNF written.
CNF written.
CNF written.
CNF written.
CNF written.
CNF written.
CNF written.
CNF written.
CNF written.
CNF written.
CNF written.
CNF written.
CNF written.
CNF written.
CNF written.
CNF written.
CNF written.
CNF written.
CNF written.
CNF written.
CNF written.
CNF written.
CNF written.
CNF written.
CNF written.
CNF written.
CNF written.
CNF written.
CNF written.
CNF written.
CNF written.
CNF written.
CNF written.
CNF written.
CNF written.
[2025-12-12 08:17:07] [generate_and_run_up_to_limit] Generating and running 6s271rb079 with K<=500 up to limit 1600
[2025-12-12 08:17:07] [generate_cnf] Generating formula 6s271rb079 with K=1
[2025-12-12 08:17:08] [run_formula] Running formula 6s271rb079 with K=1 up to limit 1600
[2025-12-12 08:17:09] [generate_cnf] Generating formula 6s271rb079 with K=2
[2025-12-12 08:17:10] [run_formula] Running formula 6s271rb079 with K=2 up to limit 1600
[2025-12-12 08:17:10] [generate_cnf] Generating formula 6s271rb079 with K=3
[2025-12-12 08:17:11] [run_formula] Running formula 6s271rb079 with K=3 up to limit 1600
[2025-12-12 08:17:12] [generate_cnf] Generating formula 6s271rb079 with K=4
[2025-12-12 08:17:13] [run_formula] Running formula 6s271rb079 with K=4 up to limit 1600
[2025-12-12 08:17:14] [generate_cnf] Generating formula 6s271rb079 with K=5
[2025-12-12 08:17:16] [run_formula] Running formula 6s271rb079 with K=5 up to limit 1600
[2025-12-12 08:17:16] [generate_cnf] Generating formula 6s271rb079 with K=6
[2025-12-12 08:17:19] [run_formula] Running formula 6s271rb079 with K=6 up to limit 1600
[2025-12-12 08:17:19] [generate_cnf] Generating formula 6s271rb079 with K=7
[2025-12-12 08:17:22] [run_formula] Running formula 6s271rb079 with K=7 up to limit 1600
[2025-12-12 08:17:22] [generate_cnf] Generating formula 6s271rb079 with K=8
[2025-12-12 08:17:25] [run_formula] Running formula 6s271rb079 with K=8 up to limit 1600
[2025-12-12 08:17:26] [generate_cnf] Generating formula 6s271rb079 with K=9
[2025-12-12 08:17:29] [run_formula] Running formula 6s271rb079 with K=9 up to limit 1600
[2025-12-12 08:17:30] [generate_cnf] Generating formula 6s271rb079 with K=10
[2025-12-12 08:17:34] [run_formula] Running formula 6s271rb079 with K=10 up to limit 1600
[2025-12-12 08:17:35] [generate_cnf] Generating formula 6s271rb079 with K=11
[2025-12-12 08:17:39] [run_formula] Running formula 6s271rb079 with K=11 up to limit 1600
[2025-12-12 08:17:39] [generate_cnf] Generating formula 6s271rb079 with K=12
[2025-12-12 08:17:44] [run_formula] Running formula 6s271rb079 with K=12 up to limit 1600
[2025-12-12 08:17:45] [generate_cnf] Generating formula 6s271rb079 with K=13
[2025-12-12 08:17:49] [run_formula] Running formula 6s271rb079 with K=13 up to limit 1600
[2025-12-12 08:17:51] [generate_cnf] Generating formula 6s271rb079 with K=14
[2025-12-12 08:17:56] [run_formula] Running formula 6s271rb079 with K=14 up to limit 1600
[2025-12-12 08:17:57] [generate_cnf] Generating formula 6s271rb079 with K=15
[2025-12-12 08:18:02] [run_formula] Running formula 6s271rb079 with K=15 up to limit 1600
[2025-12-12 08:18:04] [generate_cnf] Generating formula 6s271rb079 with K=16
[2025-12-12 08:18:10] [run_formula] Running formula 6s271rb079 with K=16 up to limit 1600
[2025-12-12 08:18:11] [generate_cnf] Generating formula 6s271rb079 with K=17
[2025-12-12 08:18:17] [run_formula] Running formula 6s271rb079 with K=17 up to limit 1600
[2025-12-12 08:18:21] [generate_cnf] Generating formula 6s271rb079 with K=18
[2025-12-12 08:18:28] [run_formula] Running formula 6s271rb079 with K=18 up to limit 1600
[2025-12-12 08:18:29] [generate_cnf] Generating formula 6s271rb079 with K=19
[2025-12-12 08:18:36] [run_formula] Running formula 6s271rb079 with K=19 up to limit 1600
[2025-12-12 08:18:38] [generate_cnf] Generating formula 6s271rb079 with K=20
[2025-12-12 08:18:45] [run_formula] Running formula 6s271rb079 with K=20 up to limit 1600
[2025-12-12 08:18:46] [generate_cnf] Generating formula 6s271rb079 with K=21
[2025-12-12 08:18:54] [run_formula] Running formula 6s271rb079 with K=21 up to limit 1600
[2025-12-12 08:18:56] [generate_cnf] Generating formula 6s271rb079 with K=22
[2025-12-12 08:19:04] [run_formula] Running formula 6s271rb079 with K=22 up to limit 1600
[2025-12-12 08:19:05] [generate_cnf] Generating formula 6s271rb079 with K=23
[2025-12-12 08:19:13] [run_formula] Running formula 6s271rb079 with K=23 up to limit 1600
[2025-12-12 08:19:16] [generate_cnf] Generating formula 6s271rb079 with K=24
[2025-12-12 08:19:25] [run_formula] Running formula 6s271rb079 with K=24 up to limit 1600
[2025-12-12 08:19:27] [generate_cnf] Generating formula 6s271rb079 with K=25
[2025-12-12 08:19:36] [run_formula] Running formula 6s271rb079 with K=25 up to limit 1600
[2025-12-12 08:19:40] [generate_cnf] Generating formula 6s271rb079 with K=26
[2025-12-12 08:19:50] [run_formula] Running formula 6s271rb079 with K=26 up to limit 1600
[2025-12-12 08:19:52] [generate_cnf] Generating formula 6s271rb079 with K=27
[2025-12-12 08:20:01] [run_formula] Running formula 6s271rb079 with K=27 up to limit 1600
[2025-12-12 08:20:08] [generate_cnf] Generating formula 6s271rb079 with K=28
[2025-12-12 08:20:18] [run_formula] Running formula 6s271rb079 with K=28 up to limit 1600
[2025-12-12 08:20:20] [generate_cnf] Generating formula 6s271rb079 with K=29
[2025-12-12 08:20:31] [run_formula] Running formula 6s271rb079 with K=29 up to limit 1600
[2025-12-12 08:20:34] [generate_cnf] Generating formula 6s271rb079 with K=30
[2025-12-12 08:20:46] [run_formula] Running formula 6s271rb079 with K=30 up to limit 1600
[2025-12-12 08:20:48] [generate_cnf] Generating formula 6s271rb079 with K=31
[2025-12-12 08:20:59] [run_formula] Running formula 6s271rb079 with K=31 up to limit 1600
[2025-12-12 08:21:08] [generate_cnf] Generating formula 6s271rb079 with K=32
[2025-12-12 08:21:20] [run_formula] Running formula 6s271rb079 with K=32 up to limit 1600
[2025-12-12 08:21:23] [generate_cnf] Generating formula 6s271rb079 with K=33
[2025-12-12 08:21:37] [run_formula] Running formula 6s271rb079 with K=33 up to limit 1600
[2025-12-12 08:21:40] [generate_cnf] Generating formula 6s271rb079 with K=34
[2025-12-12 08:21:53] [run_formula] Running formula 6s271rb079 with K=34 up to limit 1600
[2025-12-12 08:21:56] [generate_cnf] Generating formula 6s271rb079 with K=35
[2025-12-12 08:22:08] [run_formula] Running formula 6s271rb079 with K=35 up to limit 1600
[2025-12-12 08:22:15] [generate_cnf] Generating formula 6s271rb079 with K=36
[2025-12-12 08:22:28] [run_formula] Running formula 6s271rb079 with K=36 up to limit 1600
[2025-12-12 08:22:31] [generate_cnf] Generating formula 6s271rb079 with K=37
[2025-12-12 08:22:45] [run_formula] Running formula 6s271rb079 with K=37 up to limit 1600
[2025-12-12 08:22:51] [generate_cnf] Generating formula 6s271rb079 with K=38
[2025-12-12 08:23:06] [run_formula] Running formula 6s271rb079 with K=38 up to limit 1600
[2025-12-12 08:23:10] [generate_cnf] Generating formula 6s271rb079 with K=39
[2025-12-12 08:23:25] [run_formula] Running formula 6s271rb079 with K=39 up to limit 1600
[2025-12-12 08:23:36] [generate_cnf] Generating formula 6s271rb079 with K=40
[2025-12-12 08:23:52] [run_formula] Running formula 6s271rb079 with K=40 up to limit 1600
[2025-12-12 08:23:58] [generate_cnf] Generating formula 6s271rb079 with K=41
[2025-12-12 08:24:15] [run_formula] Running formula 6s271rb079 with K=41 up to limit 1600
[2025-12-12 08:24:20] [generate_cnf] Generating formula 6s271rb079 with K=42
[2025-12-12 08:24:38] [run_formula] Running formula 6s271rb079 with K=42 up to limit 1600
[2025-12-12 08:24:43] [generate_cnf] Generating formula 6s271rb079 with K=43
[2025-12-12 08:25:00] [run_formula] Running formula 6s271rb079 with K=43 up to limit 1600
[2025-12-12 08:25:09] [generate_cnf] Generating formula 6s271rb079 with K=44
[2025-12-12 08:25:25] [run_formula] Running formula 6s271rb079 with K=44 up to limit 1600
[2025-12-12 08:25:28] [generate_cnf] Generating formula 6s271rb079 with K=45
[2025-12-12 08:25:44] [run_formula] Running formula 6s271rb079 with K=45 up to limit 1600
[2025-12-12 08:25:53] [generate_cnf] Generating formula 6s271rb079 with K=46
[2025-12-12 08:26:10] [run_formula] Running formula 6s271rb079 with K=46 up to limit 1600
[2025-12-12 08:26:13] [generate_cnf] Generating formula 6s271rb079 with K=47
[2025-12-12 08:26:30] [run_formula] Running formula 6s271rb079 with K=47 up to limit 1600
[2025-12-12 08:26:39] [generate_cnf] Generating formula 6s271rb079 with K=48
[2025-12-12 08:26:59] [run_formula] Running formula 6s271rb079 with K=48 up to limit 1600
[2025-12-12 08:27:03] [generate_cnf] Generating formula 6s271rb079 with K=49
[2025-12-12 08:27:22] [run_formula] Running formula 6s271rb079 with K=49 up to limit 1600
[2025-12-12 08:27:27] [generate_cnf] Generating formula 6s271rb079 with K=50
[2025-12-12 08:27:48] [run_formula] Running formula 6s271rb079 with K=50 up to limit 1600
[2025-12-12 08:27:53] [generate_cnf] Generating formula 6s271rb079 with K=51
[2025-12-12 08:28:04] [generate_and_run_up_to_limit] Failed to generate CNF for 6s271rb079 with K=51, halting
