CNF written.
CNF written.
CNF written.
CNF written.
CNF written.
CNF written.
CNF written.
CNF written.
CNF written.
CNF written.
CNF written.
CNF written.
CNF written.
CNF written.
CNF written.
CNF written.
CNF written.
CNF written.
CNF written.
CNF written.
CNF written.
CNF written.
CNF written.
CNF written.
CNF written.
CNF written.
CNF written.
CNF written.
CNF written.
CNF written.
CNF written.
CNF written.
CNF written.
CNF written.
CNF written.
CNF written.
CNF written.
CNF written.
CNF written.
CNF written.
CNF written.
CNF written.
CNF written.
CNF written.
CNF written.
CNF written.
CNF written.
CNF written.
CNF written.
CNF written.
CNF written.
CNF written.
CNF written.
CNF written.
CNF written.
CNF written.
CNF written.
CNF written.
CNF written.
CNF written.
CNF written.
CNF written.
CNF written.
CNF written.
CNF written.
CNF written.
CNF written.
CNF written.
CNF written.
CNF written.
[2025-12-12 07:33:29] [generate_and_run_up_to_limit] Generating and running 6s290 with K<=500 up to limit 1600
[2025-12-12 07:33:29] [generate_cnf] Generating formula 6s290 with K=1
[2025-12-12 07:33:30] [run_formula] Running formula 6s290 with K=1 up to limit 1600
[2025-12-12 07:33:30] [generate_cnf] Generating formula 6s290 with K=2
[2025-12-12 07:33:31] [run_formula] Running formula 6s290 with K=2 up to limit 1600
[2025-12-12 07:33:32] [generate_cnf] Generating formula 6s290 with K=3
[2025-12-12 07:33:34] [run_formula] Running formula 6s290 with K=3 up to limit 1600
[2025-12-12 07:33:34] [generate_cnf] Generating formula 6s290 with K=4
[2025-12-12 07:33:36] [run_formula] Running formula 6s290 with K=4 up to limit 1600
[2025-12-12 07:33:36] [generate_cnf] Generating formula 6s290 with K=5
[2025-12-12 07:33:39] [run_formula] Running formula 6s290 with K=5 up to limit 1600
[2025-12-12 07:33:40] [generate_cnf] Generating formula 6s290 with K=6
[2025-12-12 07:33:43] [run_formula] Running formula 6s290 with K=6 up to limit 1600
[2025-12-12 07:33:43] [generate_cnf] Generating formula 6s290 with K=7
[2025-12-12 07:33:47] [run_formula] Running formula 6s290 with K=7 up to limit 1600
[2025-12-12 07:33:47] [generate_cnf] Generating formula 6s290 with K=8
[2025-12-12 07:33:51] [run_formula] Running formula 6s290 with K=8 up to limit 1600
[2025-12-12 07:33:51] [generate_cnf] Generating formula 6s290 with K=9
[2025-12-12 07:33:56] [run_formula] Running formula 6s290 with K=9 up to limit 1600
[2025-12-12 07:33:56] [generate_cnf] Generating formula 6s290 with K=10
[2025-12-12 07:34:01] [run_formula] Running formula 6s290 with K=10 up to limit 1600
[2025-12-12 07:34:02] [generate_cnf] Generating formula 6s290 with K=11
[2025-12-12 07:34:07] [run_formula] Running formula 6s290 with K=11 up to limit 1600
[2025-12-12 07:34:08] [generate_cnf] Generating formula 6s290 with K=12
[2025-12-12 07:34:13] [run_formula] Running formula 6s290 with K=12 up to limit 1600
[2025-12-12 07:34:14] [generate_cnf] Generating formula 6s290 with K=13
[2025-12-12 07:34:19] [run_formula] Running formula 6s290 with K=13 up to limit 1600
[2025-12-12 07:34:20] [generate_cnf] Generating formula 6s290 with K=14
[2025-12-12 07:34:26] [run_formula] Running formula 6s290 with K=14 up to limit 1600
[2025-12-12 07:34:54] [generate_cnf] Generating formula 6s290 with K=15
[2025-12-12 07:35:01] [run_formula] Running formula 6s290 with K=15 up to limit 1600
[2025-12-12 07:35:02] [generate_cnf] Generating formula 6s290 with K=16
[2025-12-12 07:35:09] [run_formula] Running formula 6s290 with K=16 up to limit 1600
[2025-12-12 07:35:43] [generate_cnf] Generating formula 6s290 with K=17
[2025-12-12 07:35:50] [run_formula] Running formula 6s290 with K=17 up to limit 1600
[2025-12-12 07:35:53] [generate_cnf] Generating formula 6s290 with K=18
[2025-12-12 07:36:01] [run_formula] Running formula 6s290 with K=18 up to limit 1600
[2025-12-12 07:36:33] [generate_cnf] Generating formula 6s290 with K=19
[2025-12-12 07:36:42] [run_formula] Running formula 6s290 with K=19 up to limit 1600
[2025-12-12 07:36:47] [generate_cnf] Generating formula 6s290 with K=20
[2025-12-12 07:36:56] [run_formula] Running formula 6s290 with K=20 up to limit 1600
[2025-12-12 07:37:33] [generate_cnf] Generating formula 6s290 with K=21
[2025-12-12 07:37:42] [run_formula] Running formula 6s290 with K=21 up to limit 1600
[2025-12-12 07:37:46] [generate_cnf] Generating formula 6s290 with K=22
[2025-12-12 07:37:56] [run_formula] Running formula 6s290 with K=22 up to limit 1600
[2025-12-12 07:38:34] [generate_cnf] Generating formula 6s290 with K=23
[2025-12-12 07:38:44] [run_formula] Running formula 6s290 with K=23 up to limit 1600
[2025-12-12 07:38:49] [generate_cnf] Generating formula 6s290 with K=24
[2025-12-12 07:39:00] [run_formula] Running formula 6s290 with K=24 up to limit 1600
[2025-12-12 07:39:38] [generate_cnf] Generating formula 6s290 with K=25
[2025-12-12 07:39:49] [run_formula] Running formula 6s290 with K=25 up to limit 1600
[2025-12-12 07:39:55] [generate_cnf] Generating formula 6s290 with K=26
[2025-12-12 07:40:07] [run_formula] Running formula 6s290 with K=26 up to limit 1600
[2025-12-12 07:40:52] [generate_cnf] Generating formula 6s290 with K=27
[2025-12-12 07:41:04] [run_formula] Running formula 6s290 with K=27 up to limit 1600
[2025-12-12 07:41:13] [generate_cnf] Generating formula 6s290 with K=28
[2025-12-12 07:41:25] [run_formula] Running formula 6s290 with K=28 up to limit 1600
[2025-12-12 07:42:07] [generate_cnf] Generating formula 6s290 with K=29
[2025-12-12 07:42:22] [run_formula] Running formula 6s290 with K=29 up to limit 1600
[2025-12-12 07:42:30] [generate_cnf] Generating formula 6s290 with K=30
[2025-12-12 07:42:43] [run_formula] Running formula 6s290 with K=30 up to limit 1600
[2025-12-12 07:43:35] [generate_cnf] Generating formula 6s290 with K=31
[2025-12-12 07:43:49] [run_formula] Running formula 6s290 with K=31 up to limit 1600
[2025-12-12 07:43:57] [generate_cnf] Generating formula 6s290 with K=32
[2025-12-12 07:44:10] [run_formula] Running formula 6s290 with K=32 up to limit 1600
[2025-12-12 07:44:59] [generate_cnf] Generating formula 6s290 with K=33
[2025-12-12 07:45:13] [run_formula] Running formula 6s290 with K=33 up to limit 1600
[2025-12-12 07:45:22] [generate_cnf] Generating formula 6s290 with K=34
[2025-12-12 07:45:37] [run_formula] Running formula 6s290 with K=34 up to limit 1600
[2025-12-12 07:46:29] [generate_cnf] Generating formula 6s290 with K=35
[2025-12-12 07:46:44] [run_formula] Running formula 6s290 with K=35 up to limit 1600
[2025-12-12 07:46:53] [generate_cnf] Generating formula 6s290 with K=36
[2025-12-12 07:47:08] [run_formula] Running formula 6s290 with K=36 up to limit 1600
[2025-12-12 07:48:00] [generate_cnf] Generating formula 6s290 with K=37
[2025-12-12 07:48:16] [run_formula] Running formula 6s290 with K=37 up to limit 1600
[2025-12-12 07:48:25] [generate_cnf] Generating formula 6s290 with K=38
[2025-12-12 07:48:42] [run_formula] Running formula 6s290 with K=38 up to limit 1600
[2025-12-12 07:49:39] [generate_cnf] Generating formula 6s290 with K=39
[2025-12-12 07:49:56] [run_formula] Running formula 6s290 with K=39 up to limit 1600
[2025-12-12 07:50:11] [generate_cnf] Generating formula 6s290 with K=40
[2025-12-12 07:50:28] [run_formula] Running formula 6s290 with K=40 up to limit 1600
[2025-12-12 07:51:28] [generate_cnf] Generating formula 6s290 with K=41
[2025-12-12 07:51:46] [run_formula] Running formula 6s290 with K=41 up to limit 1600
[2025-12-12 07:51:58] [generate_cnf] Generating formula 6s290 with K=42
[2025-12-12 07:52:16] [run_formula] Running formula 6s290 with K=42 up to limit 1600
[2025-12-12 07:53:17] [generate_cnf] Generating formula 6s290 with K=43
[2025-12-12 07:53:35] [run_formula] Running formula 6s290 with K=43 up to limit 1600
[2025-12-12 07:53:46] [generate_cnf] Generating formula 6s290 with K=44
[2025-12-12 07:54:05] [run_formula] Running formula 6s290 with K=44 up to limit 1600
[2025-12-12 07:55:06] [generate_cnf] Generating formula 6s290 with K=45
[2025-12-12 07:55:25] [run_formula] Running formula 6s290 with K=45 up to limit 1600
[2025-12-12 07:55:37] [generate_cnf] Generating formula 6s290 with K=46
[2025-12-12 07:55:57] [run_formula] Running formula 6s290 with K=46 up to limit 1600
[2025-12-12 07:57:05] [generate_cnf] Generating formula 6s290 with K=47
[2025-12-12 07:57:26] [run_formula] Running formula 6s290 with K=47 up to limit 1600
[2025-12-12 07:57:39] [generate_cnf] Generating formula 6s290 with K=48
[2025-12-12 07:58:01] [run_formula] Running formula 6s290 with K=48 up to limit 1600
[2025-12-12 07:59:09] [generate_cnf] Generating formula 6s290 with K=49
[2025-12-12 07:59:31] [run_formula] Running formula 6s290 with K=49 up to limit 1600
[2025-12-12 07:59:50] [generate_cnf] Generating formula 6s290 with K=50
[2025-12-12 08:00:11] [run_formula] Running formula 6s290 with K=50 up to limit 1600
[2025-12-12 08:01:29] [generate_cnf] Generating formula 6s290 with K=51
[2025-12-12 08:01:50] [run_formula] Running formula 6s290 with K=51 up to limit 1600
[2025-12-12 08:02:05] [generate_cnf] Generating formula 6s290 with K=52
[2025-12-12 08:02:28] [run_formula] Running formula 6s290 with K=52 up to limit 1600
[2025-12-12 08:03:52] [generate_cnf] Generating formula 6s290 with K=53
[2025-12-12 08:04:16] [run_formula] Running formula 6s290 with K=53 up to limit 1600
[2025-12-12 08:04:31] [generate_cnf] Generating formula 6s290 with K=54
[2025-12-12 08:04:55] [run_formula] Running formula 6s290 with K=54 up to limit 1600
[2025-12-12 08:06:16] [generate_cnf] Generating formula 6s290 with K=55
[2025-12-12 08:06:39] [run_formula] Running formula 6s290 with K=55 up to limit 1600
[2025-12-12 08:06:55] [generate_cnf] Generating formula 6s290 with K=56
[2025-12-12 08:07:20] [run_formula] Running formula 6s290 with K=56 up to limit 1600
[2025-12-12 08:08:54] [generate_cnf] Generating formula 6s290 with K=57
[2025-12-12 08:09:20] [run_formula] Running formula 6s290 with K=57 up to limit 1600
[2025-12-12 08:09:36] [generate_cnf] Generating formula 6s290 with K=58
[2025-12-12 08:10:02] [run_formula] Running formula 6s290 with K=58 up to limit 1600
[2025-12-12 08:11:28] [generate_cnf] Generating formula 6s290 with K=59
[2025-12-12 08:11:54] [run_formula] Running formula 6s290 with K=59 up to limit 1600
[2025-12-12 08:12:11] [generate_cnf] Generating formula 6s290 with K=60
[2025-12-12 08:12:37] [run_formula] Running formula 6s290 with K=60 up to limit 1600
[2025-12-12 08:14:08] [generate_cnf] Generating formula 6s290 with K=61
[2025-12-12 08:14:34] [run_formula] Running formula 6s290 with K=61 up to limit 1600
[2025-12-12 08:14:51] [generate_cnf] Generating formula 6s290 with K=62
[2025-12-12 08:15:19] [run_formula] Running formula 6s290 with K=62 up to limit 1600
[2025-12-12 08:16:58] [generate_cnf] Generating formula 6s290 with K=63
[2025-12-12 08:17:25] [run_formula] Running formula 6s290 with K=63 up to limit 1600
[2025-12-12 08:17:43] [generate_cnf] Generating formula 6s290 with K=64
[2025-12-12 08:18:11] [run_formula] Running formula 6s290 with K=64 up to limit 1600
[2025-12-12 08:19:42] [generate_cnf] Generating formula 6s290 with K=65
[2025-12-12 08:20:11] [run_formula] Running formula 6s290 with K=65 up to limit 1600
[2025-12-12 08:20:30] [generate_cnf] Generating formula 6s290 with K=66
[2025-12-12 08:20:59] [run_formula] Running formula 6s290 with K=66 up to limit 1600
[2025-12-12 08:22:41] [generate_cnf] Generating formula 6s290 with K=67
[2025-12-12 08:23:12] [run_formula] Running formula 6s290 with K=67 up to limit 1600
[2025-12-12 08:23:32] [generate_cnf] Generating formula 6s290 with K=68
[2025-12-12 08:24:01] [run_formula] Running formula 6s290 with K=68 up to limit 1600
[2025-12-12 08:25:37] [generate_cnf] Generating formula 6s290 with K=69
[2025-12-12 08:26:09] [run_formula] Running formula 6s290 with K=69 up to limit 1600
[2025-12-12 08:26:33] [generate_cnf] Generating formula 6s290 with K=70
[2025-12-12 08:27:04] [run_formula] Running formula 6s290 with K=70 up to limit 1600
[2025-12-12 08:28:46] [run_formula] Error running formula 6s290 with K=70: [Errno 122] Disk quota exceeded: './results/solving_logs/6s290//6s290.70.log'
[2025-12-12 08:28:46] [generate_and_run_up_to_limit] Failed to run formula 6s290 with K=70, halting
