CNF written.
CNF written.
CNF written.
CNF written.
CNF written.
CNF written.
CNF written.
CNF written.
CNF written.
CNF written.
CNF written.
CNF written.
CNF written.
CNF written.
CNF written.
CNF written.
CNF written.
CNF written.
CNF written.
CNF written.
CNF written.
CNF written.
CNF written.
CNF written.
CNF written.
CNF written.
CNF written.
CNF written.
CNF written.
CNF written.
CNF written.
CNF written.
CNF written.
CNF written.
CNF written.
CNF written.
CNF written.
CNF written.
CNF written.
CNF written.
CNF written.
CNF written.
CNF written.
CNF written.
CNF written.
CNF written.
CNF written.
CNF written.
CNF written.
CNF written.
CNF written.
CNF written.
CNF written.
CNF written.
CNF written.
CNF written.
CNF written.
CNF written.
CNF written.
CNF written.
CNF written.
CNF written.
CNF written.
CNF written.
CNF written.
CNF written.
CNF written.
CNF written.
CNF written.
CNF written.
CNF written.
CNF written.
CNF written.
CNF written.
CNF written.
CNF written.
CNF written.
CNF written.
CNF written.
CNF written.
CNF written.
CNF written.
CNF written.
[2025-12-12 06:57:21] [generate_and_run_up_to_limit] Generating and running 6s301rb106 with K<=500 up to limit 1600
[2025-12-12 06:57:21] [generate_cnf] Generating formula 6s301rb106 with K=1
[2025-12-12 06:57:24] [run_formula] Running formula 6s301rb106 with K=1 up to limit 1600
[2025-12-12 06:57:24] [generate_cnf] Generating formula 6s301rb106 with K=2
[2025-12-12 06:57:27] [run_formula] Running formula 6s301rb106 with K=2 up to limit 1600
[2025-12-12 06:57:27] [generate_cnf] Generating formula 6s301rb106 with K=3
[2025-12-12 06:57:32] [run_formula] Running formula 6s301rb106 with K=3 up to limit 1600
[2025-12-12 06:57:32] [generate_cnf] Generating formula 6s301rb106 with K=4
[2025-12-12 06:57:38] [run_formula] Running formula 6s301rb106 with K=4 up to limit 1600
[2025-12-12 06:57:38] [generate_cnf] Generating formula 6s301rb106 with K=5
[2025-12-12 06:57:45] [run_formula] Running formula 6s301rb106 with K=5 up to limit 1600
[2025-12-12 06:57:46] [generate_cnf] Generating formula 6s301rb106 with K=6
[2025-12-12 06:57:53] [run_formula] Running formula 6s301rb106 with K=6 up to limit 1600
[2025-12-12 06:57:54] [generate_cnf] Generating formula 6s301rb106 with K=7
[2025-12-12 06:58:02] [run_formula] Running formula 6s301rb106 with K=7 up to limit 1600
[2025-12-12 06:58:04] [generate_cnf] Generating formula 6s301rb106 with K=8
[2025-12-12 06:58:13] [run_formula] Running formula 6s301rb106 with K=8 up to limit 1600
[2025-12-12 06:58:14] [generate_cnf] Generating formula 6s301rb106 with K=9
[2025-12-12 06:58:25] [run_formula] Running formula 6s301rb106 with K=9 up to limit 1600
[2025-12-12 06:58:27] [generate_cnf] Generating formula 6s301rb106 with K=10
[2025-12-12 06:58:37] [run_formula] Running formula 6s301rb106 with K=10 up to limit 1600
[2025-12-12 06:58:39] [generate_cnf] Generating formula 6s301rb106 with K=11
[2025-12-12 06:58:51] [run_formula] Running formula 6s301rb106 with K=11 up to limit 1600
[2025-12-12 06:58:54] [generate_cnf] Generating formula 6s301rb106 with K=12
[2025-12-12 06:59:08] [run_formula] Running formula 6s301rb106 with K=12 up to limit 1600
[2025-12-12 06:59:14] [generate_cnf] Generating formula 6s301rb106 with K=13
[2025-12-12 06:59:31] [run_formula] Running formula 6s301rb106 with K=13 up to limit 1600
[2025-12-12 07:00:01] [generate_cnf] Generating formula 6s301rb106 with K=14
[2025-12-12 07:00:17] [run_formula] Running formula 6s301rb106 with K=14 up to limit 1600
[2025-12-12 07:00:21] [generate_cnf] Generating formula 6s301rb106 with K=15
[2025-12-12 07:00:36] [run_formula] Running formula 6s301rb106 with K=15 up to limit 1600
[2025-12-12 07:00:39] [generate_cnf] Generating formula 6s301rb106 with K=16
[2025-12-12 07:00:55] [run_formula] Running formula 6s301rb106 with K=16 up to limit 1600
[2025-12-12 07:00:59] [generate_cnf] Generating formula 6s301rb106 with K=17
[2025-12-12 07:01:18] [run_formula] Running formula 6s301rb106 with K=17 up to limit 1600
[2025-12-12 07:01:21] [generate_cnf] Generating formula 6s301rb106 with K=18
[2025-12-12 07:01:40] [run_formula] Running formula 6s301rb106 with K=18 up to limit 1600
[2025-12-12 07:01:44] [generate_cnf] Generating formula 6s301rb106 with K=19
[2025-12-12 07:02:02] [run_formula] Running formula 6s301rb106 with K=19 up to limit 1600
[2025-12-12 07:02:06] [generate_cnf] Generating formula 6s301rb106 with K=20
[2025-12-12 07:02:27] [run_formula] Running formula 6s301rb106 with K=20 up to limit 1600
[2025-12-12 07:02:33] [generate_cnf] Generating formula 6s301rb106 with K=21
[2025-12-12 07:02:54] [run_formula] Running formula 6s301rb106 with K=21 up to limit 1600
[2025-12-12 07:03:00] [generate_cnf] Generating formula 6s301rb106 with K=22
[2025-12-12 07:03:22] [run_formula] Running formula 6s301rb106 with K=22 up to limit 1600
[2025-12-12 07:03:28] [generate_cnf] Generating formula 6s301rb106 with K=23
[2025-12-12 07:03:50] [run_formula] Running formula 6s301rb106 with K=23 up to limit 1600
[2025-12-12 07:03:56] [generate_cnf] Generating formula 6s301rb106 with K=24
[2025-12-12 07:04:21] [run_formula] Running formula 6s301rb106 with K=24 up to limit 1600
[2025-12-12 07:04:28] [generate_cnf] Generating formula 6s301rb106 with K=25
[2025-12-12 07:04:53] [run_formula] Running formula 6s301rb106 with K=25 up to limit 1600
[2025-12-12 07:05:01] [generate_cnf] Generating formula 6s301rb106 with K=26
[2025-12-12 07:05:27] [run_formula] Running formula 6s301rb106 with K=26 up to limit 1600
[2025-12-12 07:05:38] [generate_cnf] Generating formula 6s301rb106 with K=27
[2025-12-12 07:06:09] [run_formula] Running formula 6s301rb106 with K=27 up to limit 1600
[2025-12-12 07:06:20] [generate_cnf] Generating formula 6s301rb106 with K=28
[2025-12-12 07:06:51] [run_formula] Running formula 6s301rb106 with K=28 up to limit 1600
[2025-12-12 07:07:06] [generate_cnf] Generating formula 6s301rb106 with K=29
[2025-12-12 07:07:38] [run_formula] Running formula 6s301rb106 with K=29 up to limit 1600
[2025-12-12 07:07:52] [generate_cnf] Generating formula 6s301rb106 with K=30
[2025-12-12 07:08:26] [run_formula] Running formula 6s301rb106 with K=30 up to limit 1600
[2025-12-12 07:08:45] [generate_cnf] Generating formula 6s301rb106 with K=31
[2025-12-12 07:09:24] [run_formula] Running formula 6s301rb106 with K=31 up to limit 1600
[2025-12-12 07:09:42] [generate_cnf] Generating formula 6s301rb106 with K=32
[2025-12-12 07:10:17] [run_formula] Running formula 6s301rb106 with K=32 up to limit 1600
[2025-12-12 07:10:40] [generate_cnf] Generating formula 6s301rb106 with K=33
[2025-12-12 07:11:14] [run_formula] Running formula 6s301rb106 with K=33 up to limit 1600
[2025-12-12 07:11:30] [generate_cnf] Generating formula 6s301rb106 with K=34
[2025-12-12 07:12:05] [run_formula] Running formula 6s301rb106 with K=34 up to limit 1600
[2025-12-12 07:12:36] [generate_cnf] Generating formula 6s301rb106 with K=35
[2025-12-12 07:13:25] [run_formula] Running formula 6s301rb106 with K=35 up to limit 1600
[2025-12-12 07:13:47] [generate_cnf] Generating formula 6s301rb106 with K=36
[2025-12-12 07:14:27] [run_formula] Running formula 6s301rb106 with K=36 up to limit 1600
[2025-12-12 07:14:49] [generate_cnf] Generating formula 6s301rb106 with K=37
[2025-12-12 07:15:28] [run_formula] Running formula 6s301rb106 with K=37 up to limit 1600
[2025-12-12 07:15:50] [generate_cnf] Generating formula 6s301rb106 with K=38
[2025-12-12 07:16:29] [run_formula] Running formula 6s301rb106 with K=38 up to limit 1600
[2025-12-12 07:16:51] [generate_cnf] Generating formula 6s301rb106 with K=39
[2025-12-12 07:17:29] [run_formula] Running formula 6s301rb106 with K=39 up to limit 1600
[2025-12-12 07:17:45] [generate_cnf] Generating formula 6s301rb106 with K=40
[2025-12-12 07:18:36] [run_formula] Running formula 6s301rb106 with K=40 up to limit 1600
[2025-12-12 07:19:12] [generate_cnf] Generating formula 6s301rb106 with K=41
[2025-12-12 07:20:00] [run_formula] Running formula 6s301rb106 with K=41 up to limit 1600
[2025-12-12 07:20:27] [generate_cnf] Generating formula 6s301rb106 with K=42
[2025-12-12 07:21:18] [run_formula] Running formula 6s301rb106 with K=42 up to limit 1600
[2025-12-12 07:21:54] [generate_cnf] Generating formula 6s301rb106 with K=43
[2025-12-12 07:22:42] [run_formula] Running formula 6s301rb106 with K=43 up to limit 1600
[2025-12-12 07:23:05] [generate_cnf] Generating formula 6s301rb106 with K=44
[2025-12-12 07:23:52] [run_formula] Running formula 6s301rb106 with K=44 up to limit 1600
[2025-12-12 07:24:21] [generate_cnf] Generating formula 6s301rb106 with K=45
[2025-12-12 07:25:11] [run_formula] Running formula 6s301rb106 with K=45 up to limit 1600
[2025-12-12 07:25:41] [generate_cnf] Generating formula 6s301rb106 with K=46
[2025-12-12 07:26:29] [run_formula] Running formula 6s301rb106 with K=46 up to limit 1600
[2025-12-12 07:27:00] [generate_cnf] Generating formula 6s301rb106 with K=47
[2025-12-12 07:27:52] [run_formula] Running formula 6s301rb106 with K=47 up to limit 1600
[2025-12-12 07:28:24] [generate_cnf] Generating formula 6s301rb106 with K=48
[2025-12-12 07:29:16] [run_formula] Running formula 6s301rb106 with K=48 up to limit 1600
[2025-12-12 07:29:53] [generate_cnf] Generating formula 6s301rb106 with K=49
[2025-12-12 07:30:54] [run_formula] Running formula 6s301rb106 with K=49 up to limit 1600
[2025-12-12 07:31:25] [generate_cnf] Generating formula 6s301rb106 with K=50
[2025-12-12 07:32:26] [run_formula] Running formula 6s301rb106 with K=50 up to limit 1600
[2025-12-12 07:33:04] [generate_cnf] Generating formula 6s301rb106 with K=51
[2025-12-12 07:34:06] [run_formula] Running formula 6s301rb106 with K=51 up to limit 1600
[2025-12-12 07:34:39] [generate_cnf] Generating formula 6s301rb106 with K=52
[2025-12-12 07:35:39] [run_formula] Running formula 6s301rb106 with K=52 up to limit 1600
[2025-12-12 07:36:11] [generate_cnf] Generating formula 6s301rb106 with K=53
[2025-12-12 07:37:05] [run_formula] Running formula 6s301rb106 with K=53 up to limit 1600
[2025-12-12 07:37:35] [generate_cnf] Generating formula 6s301rb106 with K=54
[2025-12-12 07:38:30] [run_formula] Running formula 6s301rb106 with K=54 up to limit 1600
[2025-12-12 07:39:04] [generate_cnf] Generating formula 6s301rb106 with K=55
[2025-12-12 07:40:02] [run_formula] Running formula 6s301rb106 with K=55 up to limit 1600
[2025-12-12 07:40:33] [generate_cnf] Generating formula 6s301rb106 with K=56
[2025-12-12 07:41:36] [run_formula] Running formula 6s301rb106 with K=56 up to limit 1600
[2025-12-12 07:42:11] [generate_cnf] Generating formula 6s301rb106 with K=57
[2025-12-12 07:43:12] [run_formula] Running formula 6s301rb106 with K=57 up to limit 1600
[2025-12-12 07:43:38] [generate_cnf] Generating formula 6s301rb106 with K=58
[2025-12-12 07:44:41] [run_formula] Running formula 6s301rb106 with K=58 up to limit 1600
[2025-12-12 07:45:21] [generate_cnf] Generating formula 6s301rb106 with K=59
[2025-12-12 07:46:26] [run_formula] Running formula 6s301rb106 with K=59 up to limit 1600
[2025-12-12 07:47:04] [generate_cnf] Generating formula 6s301rb106 with K=60
[2025-12-12 07:48:11] [run_formula] Running formula 6s301rb106 with K=60 up to limit 1600
[2025-12-12 07:48:42] [generate_cnf] Generating formula 6s301rb106 with K=61
[2025-12-12 07:49:41] [run_formula] Running formula 6s301rb106 with K=61 up to limit 1600
[2025-12-12 07:50:06] [generate_cnf] Generating formula 6s301rb106 with K=62
[2025-12-12 07:51:07] [run_formula] Running formula 6s301rb106 with K=62 up to limit 1600
[2025-12-12 07:52:00] [generate_cnf] Generating formula 6s301rb106 with K=63
[2025-12-12 07:53:01] [run_formula] Running formula 6s301rb106 with K=63 up to limit 1600
[2025-12-12 07:53:34] [generate_cnf] Generating formula 6s301rb106 with K=64
[2025-12-12 07:54:41] [run_formula] Running formula 6s301rb106 with K=64 up to limit 1600
[2025-12-12 07:55:20] [generate_cnf] Generating formula 6s301rb106 with K=65
[2025-12-12 07:56:28] [run_formula] Running formula 6s301rb106 with K=65 up to limit 1600
[2025-12-12 07:57:00] [generate_cnf] Generating formula 6s301rb106 with K=66
[2025-12-12 07:58:05] [run_formula] Running formula 6s301rb106 with K=66 up to limit 1600
[2025-12-12 07:58:43] [generate_cnf] Generating formula 6s301rb106 with K=67
[2025-12-12 07:59:49] [run_formula] Running formula 6s301rb106 with K=67 up to limit 1600
[2025-12-12 08:00:10] [generate_cnf] Generating formula 6s301rb106 with K=68
[2025-12-12 08:01:14] [run_formula] Running formula 6s301rb106 with K=68 up to limit 1600
[2025-12-12 08:01:51] [generate_cnf] Generating formula 6s301rb106 with K=69
[2025-12-12 08:02:56] [run_formula] Running formula 6s301rb106 with K=69 up to limit 1600
[2025-12-12 08:03:23] [generate_cnf] Generating formula 6s301rb106 with K=70
[2025-12-12 08:04:31] [run_formula] Running formula 6s301rb106 with K=70 up to limit 1600
[2025-12-12 08:05:09] [generate_cnf] Generating formula 6s301rb106 with K=71
[2025-12-12 08:06:10] [run_formula] Running formula 6s301rb106 with K=71 up to limit 1600
[2025-12-12 08:06:31] [generate_cnf] Generating formula 6s301rb106 with K=72
[2025-12-12 08:07:46] [run_formula] Running formula 6s301rb106 with K=72 up to limit 1600
[2025-12-12 08:08:21] [generate_cnf] Generating formula 6s301rb106 with K=73
[2025-12-12 08:09:30] [run_formula] Running formula 6s301rb106 with K=73 up to limit 1600
[2025-12-12 08:10:15] [generate_cnf] Generating formula 6s301rb106 with K=74
[2025-12-12 08:11:43] [run_formula] Running formula 6s301rb106 with K=74 up to limit 1600
[2025-12-12 08:12:32] [generate_cnf] Generating formula 6s301rb106 with K=75
[2025-12-12 08:13:50] [run_formula] Running formula 6s301rb106 with K=75 up to limit 1600
[2025-12-12 08:14:21] [generate_cnf] Generating formula 6s301rb106 with K=76
[2025-12-12 08:15:48] [run_formula] Running formula 6s301rb106 with K=76 up to limit 1600
[2025-12-12 08:16:32] [generate_cnf] Generating formula 6s301rb106 with K=77
[2025-12-12 08:17:58] [run_formula] Running formula 6s301rb106 with K=77 up to limit 1600
[2025-12-12 08:18:44] [generate_cnf] Generating formula 6s301rb106 with K=78
[2025-12-12 08:20:01] [run_formula] Running formula 6s301rb106 with K=78 up to limit 1600
[2025-12-12 08:20:39] [generate_cnf] Generating formula 6s301rb106 with K=79
[2025-12-12 08:21:46] [run_formula] Running formula 6s301rb106 with K=79 up to limit 1600
[2025-12-12 08:22:22] [generate_cnf] Generating formula 6s301rb106 with K=80
[2025-12-12 08:23:30] [run_formula] Running formula 6s301rb106 with K=80 up to limit 1600
[2025-12-12 08:24:14] [generate_cnf] Generating formula 6s301rb106 with K=81
[2025-12-12 08:25:29] [run_formula] Running formula 6s301rb106 with K=81 up to limit 1600
[2025-12-12 08:25:58] [generate_cnf] Generating formula 6s301rb106 with K=82
[2025-12-12 08:27:11] [run_formula] Running formula 6s301rb106 with K=82 up to limit 1600
[2025-12-12 08:27:56] [generate_cnf] Generating formula 6s301rb106 with K=83
[2025-12-12 08:28:42] [generate_and_run_up_to_limit] Failed to generate CNF for 6s301rb106 with K=83, halting
