CNF written.
CNF written.
CNF written.
CNF written.
CNF written.
CNF written.
CNF written.
CNF written.
CNF written.
CNF written.
CNF written.
CNF written.
CNF written.
CNF written.
CNF written.
CNF written.
CNF written.
CNF written.
CNF written.
CNF written.
CNF written.
CNF written.
CNF written.
CNF written.
CNF written.
CNF written.
CNF written.
CNF written.
CNF written.
CNF written.
CNF written.
CNF written.
CNF written.
CNF written.
CNF written.
CNF written.
CNF written.
CNF written.
CNF written.
CNF written.
CNF written.
CNF written.
CNF written.
CNF written.
CNF written.
CNF written.
CNF written.
CNF written.
CNF written.
CNF written.
CNF written.
CNF written.
CNF written.
CNF written.
CNF written.
CNF written.
CNF written.
CNF written.
CNF written.
CNF written.
CNF written.
CNF written.
CNF written.
CNF written.
CNF written.
CNF written.
CNF written.
CNF written.
CNF written.
CNF written.
CNF written.
CNF written.
CNF written.
CNF written.
CNF written.
CNF written.
CNF written.
CNF written.
CNF written.
CNF written.
CNF written.
CNF written.
CNF written.
CNF written.
CNF written.
CNF written.
CNF written.
CNF written.
CNF written.
CNF written.
CNF written.
CNF written.
CNF written.
CNF written.
CNF written.
CNF written.
CNF written.
CNF written.
CNF written.
CNF written.
CNF written.
CNF written.
CNF written.
CNF written.
CNF written.
CNF written.
CNF written.
CNF written.
CNF written.
CNF written.
CNF written.
CNF written.
CNF written.
CNF written.
CNF written.
CNF written.
CNF written.
CNF written.
CNF written.
CNF written.
CNF written.
CNF written.
CNF written.
CNF written.
CNF written.
CNF written.
CNF written.
CNF written.
CNF written.
CNF written.
CNF written.
CNF written.
CNF written.
CNF written.
CNF written.
CNF written.
CNF written.
CNF written.
CNF written.
CNF written.
CNF written.
CNF written.
CNF written.
CNF written.
CNF written.
CNF written.
CNF written.
CNF written.
CNF written.
CNF written.
CNF written.
CNF written.
CNF written.
CNF written.
CNF written.
CNF written.
CNF written.
CNF written.
CNF written.
CNF written.
CNF written.
CNF written.
CNF written.
CNF written.
CNF written.
CNF written.
CNF written.
CNF written.
CNF written.
CNF written.
CNF written.
CNF written.
CNF written.
CNF written.
CNF written.
CNF written.
CNF written.
CNF written.
CNF written.
CNF written.
CNF written.
CNF written.
CNF written.
CNF written.
CNF written.
CNF written.
CNF written.
CNF written.
CNF written.
CNF written.
CNF written.
CNF written.
CNF written.
CNF written.
CNF written.
CNF written.
CNF written.
CNF written.
CNF written.
CNF written.
CNF written.
CNF written.
CNF written.
CNF written.
CNF written.
CNF written.
CNF written.
CNF written.
CNF written.
CNF written.
CNF written.
CNF written.
CNF written.
CNF written.
CNF written.
CNF written.
CNF written.
CNF written.
CNF written.
CNF written.
CNF written.
CNF written.
CNF written.
CNF written.
CNF written.
CNF written.
CNF written.
CNF written.
CNF written.
[2025-12-12 07:10:28] [generate_and_run_up_to_limit] Generating and running 6s306rb03 with K<=500 up to limit 1600
[2025-12-12 07:10:28] [generate_cnf] Generating formula 6s306rb03 with K=1
[2025-12-12 07:10:29] [run_formula] Running formula 6s306rb03 with K=1 up to limit 1600
[2025-12-12 07:10:29] [generate_cnf] Generating formula 6s306rb03 with K=2
[2025-12-12 07:10:29] [run_formula] Running formula 6s306rb03 with K=2 up to limit 1600
[2025-12-12 07:10:29] [generate_cnf] Generating formula 6s306rb03 with K=3
[2025-12-12 07:10:30] [run_formula] Running formula 6s306rb03 with K=3 up to limit 1600
[2025-12-12 07:10:30] [generate_cnf] Generating formula 6s306rb03 with K=4
[2025-12-12 07:10:31] [run_formula] Running formula 6s306rb03 with K=4 up to limit 1600
[2025-12-12 07:10:31] [generate_cnf] Generating formula 6s306rb03 with K=5
[2025-12-12 07:10:32] [run_formula] Running formula 6s306rb03 with K=5 up to limit 1600
[2025-12-12 07:10:32] [generate_cnf] Generating formula 6s306rb03 with K=6
[2025-12-12 07:10:33] [run_formula] Running formula 6s306rb03 with K=6 up to limit 1600
[2025-12-12 07:10:33] [generate_cnf] Generating formula 6s306rb03 with K=7
[2025-12-12 07:10:34] [run_formula] Running formula 6s306rb03 with K=7 up to limit 1600
[2025-12-12 07:10:34] [generate_cnf] Generating formula 6s306rb03 with K=8
[2025-12-12 07:10:36] [run_formula] Running formula 6s306rb03 with K=8 up to limit 1600
[2025-12-12 07:10:36] [generate_cnf] Generating formula 6s306rb03 with K=9
[2025-12-12 07:10:37] [run_formula] Running formula 6s306rb03 with K=9 up to limit 1600
[2025-12-12 07:10:37] [generate_cnf] Generating formula 6s306rb03 with K=10
[2025-12-12 07:10:39] [run_formula] Running formula 6s306rb03 with K=10 up to limit 1600
[2025-12-12 07:10:39] [generate_cnf] Generating formula 6s306rb03 with K=11
[2025-12-12 07:10:41] [run_formula] Running formula 6s306rb03 with K=11 up to limit 1600
[2025-12-12 07:10:41] [generate_cnf] Generating formula 6s306rb03 with K=12
[2025-12-12 07:10:43] [run_formula] Running formula 6s306rb03 with K=12 up to limit 1600
[2025-12-12 07:10:43] [generate_cnf] Generating formula 6s306rb03 with K=13
[2025-12-12 07:10:45] [run_formula] Running formula 6s306rb03 with K=13 up to limit 1600
[2025-12-12 07:10:45] [generate_cnf] Generating formula 6s306rb03 with K=14
[2025-12-12 07:10:47] [run_formula] Running formula 6s306rb03 with K=14 up to limit 1600
[2025-12-12 07:10:47] [generate_cnf] Generating formula 6s306rb03 with K=15
[2025-12-12 07:10:50] [run_formula] Running formula 6s306rb03 with K=15 up to limit 1600
[2025-12-12 07:10:50] [generate_cnf] Generating formula 6s306rb03 with K=16
[2025-12-12 07:10:52] [run_formula] Running formula 6s306rb03 with K=16 up to limit 1600
[2025-12-12 07:10:53] [generate_cnf] Generating formula 6s306rb03 with K=17
[2025-12-12 07:10:55] [run_formula] Running formula 6s306rb03 with K=17 up to limit 1600
[2025-12-12 07:10:55] [generate_cnf] Generating formula 6s306rb03 with K=18
[2025-12-12 07:10:58] [run_formula] Running formula 6s306rb03 with K=18 up to limit 1600
[2025-12-12 07:10:58] [generate_cnf] Generating formula 6s306rb03 with K=19
[2025-12-12 07:11:01] [run_formula] Running formula 6s306rb03 with K=19 up to limit 1600
[2025-12-12 07:11:01] [generate_cnf] Generating formula 6s306rb03 with K=20
[2025-12-12 07:11:04] [run_formula] Running formula 6s306rb03 with K=20 up to limit 1600
[2025-12-12 07:11:04] [generate_cnf] Generating formula 6s306rb03 with K=21
[2025-12-12 07:11:07] [run_formula] Running formula 6s306rb03 with K=21 up to limit 1600
[2025-12-12 07:11:08] [generate_cnf] Generating formula 6s306rb03 with K=22
[2025-12-12 07:11:11] [run_formula] Running formula 6s306rb03 with K=22 up to limit 1600
[2025-12-12 07:11:11] [generate_cnf] Generating formula 6s306rb03 with K=23
[2025-12-12 07:11:14] [run_formula] Running formula 6s306rb03 with K=23 up to limit 1600
[2025-12-12 07:11:15] [generate_cnf] Generating formula 6s306rb03 with K=24
[2025-12-12 07:11:18] [run_formula] Running formula 6s306rb03 with K=24 up to limit 1600
[2025-12-12 07:11:19] [generate_cnf] Generating formula 6s306rb03 with K=25
[2025-12-12 07:11:22] [run_formula] Running formula 6s306rb03 with K=25 up to limit 1600
[2025-12-12 07:11:23] [generate_cnf] Generating formula 6s306rb03 with K=26
[2025-12-12 07:11:26] [run_formula] Running formula 6s306rb03 with K=26 up to limit 1600
[2025-12-12 07:11:27] [generate_cnf] Generating formula 6s306rb03 with K=27
[2025-12-12 07:11:30] [run_formula] Running formula 6s306rb03 with K=27 up to limit 1600
[2025-12-12 07:11:31] [generate_cnf] Generating formula 6s306rb03 with K=28
[2025-12-12 07:11:35] [run_formula] Running formula 6s306rb03 with K=28 up to limit 1600
[2025-12-12 07:11:36] [generate_cnf] Generating formula 6s306rb03 with K=29
[2025-12-12 07:11:39] [run_formula] Running formula 6s306rb03 with K=29 up to limit 1600
[2025-12-12 07:11:40] [generate_cnf] Generating formula 6s306rb03 with K=30
[2025-12-12 07:11:44] [run_formula] Running formula 6s306rb03 with K=30 up to limit 1600
[2025-12-12 07:11:45] [generate_cnf] Generating formula 6s306rb03 with K=31
[2025-12-12 07:11:49] [run_formula] Running formula 6s306rb03 with K=31 up to limit 1600
[2025-12-12 07:11:50] [generate_cnf] Generating formula 6s306rb03 with K=32
[2025-12-12 07:11:54] [run_formula] Running formula 6s306rb03 with K=32 up to limit 1600
[2025-12-12 07:11:55] [generate_cnf] Generating formula 6s306rb03 with K=33
[2025-12-12 07:11:59] [run_formula] Running formula 6s306rb03 with K=33 up to limit 1600
[2025-12-12 07:12:00] [generate_cnf] Generating formula 6s306rb03 with K=34
[2025-12-12 07:12:05] [run_formula] Running formula 6s306rb03 with K=34 up to limit 1600
[2025-12-12 07:12:06] [generate_cnf] Generating formula 6s306rb03 with K=35
[2025-12-12 07:12:10] [run_formula] Running formula 6s306rb03 with K=35 up to limit 1600
[2025-12-12 07:12:11] [generate_cnf] Generating formula 6s306rb03 with K=36
[2025-12-12 07:12:16] [run_formula] Running formula 6s306rb03 with K=36 up to limit 1600
[2025-12-12 07:12:17] [generate_cnf] Generating formula 6s306rb03 with K=37
[2025-12-12 07:12:22] [run_formula] Running formula 6s306rb03 with K=37 up to limit 1600
[2025-12-12 07:12:23] [generate_cnf] Generating formula 6s306rb03 with K=38
[2025-12-12 07:12:30] [run_formula] Running formula 6s306rb03 with K=38 up to limit 1600
[2025-12-12 07:12:31] [generate_cnf] Generating formula 6s306rb03 with K=39
[2025-12-12 07:12:37] [run_formula] Running formula 6s306rb03 with K=39 up to limit 1600
[2025-12-12 07:12:38] [generate_cnf] Generating formula 6s306rb03 with K=40
[2025-12-12 07:12:45] [run_formula] Running formula 6s306rb03 with K=40 up to limit 1600
[2025-12-12 07:12:47] [generate_cnf] Generating formula 6s306rb03 with K=41
[2025-12-12 07:12:57] [run_formula] Running formula 6s306rb03 with K=41 up to limit 1600
[2025-12-12 07:13:02] [generate_cnf] Generating formula 6s306rb03 with K=42
[2025-12-12 07:13:09] [run_formula] Running formula 6s306rb03 with K=42 up to limit 1600
[2025-12-12 07:13:12] [generate_cnf] Generating formula 6s306rb03 with K=43
[2025-12-12 07:13:30] [run_formula] Running formula 6s306rb03 with K=43 up to limit 1600
[2025-12-12 07:13:33] [generate_cnf] Generating formula 6s306rb03 with K=44
[2025-12-12 07:13:51] [run_formula] Running formula 6s306rb03 with K=44 up to limit 1600
[2025-12-12 07:14:00] [generate_cnf] Generating formula 6s306rb03 with K=45
[2025-12-12 07:14:59] [run_formula] Running formula 6s306rb03 with K=45 up to limit 1600
[2025-12-12 07:15:12] [generate_cnf] Generating formula 6s306rb03 with K=46
[2025-12-12 07:15:28] [run_formula] Running formula 6s306rb03 with K=46 up to limit 1600
[2025-12-12 07:15:30] [generate_cnf] Generating formula 6s306rb03 with K=47
[2025-12-12 07:15:38] [run_formula] Running formula 6s306rb03 with K=47 up to limit 1600
[2025-12-12 07:15:40] [generate_cnf] Generating formula 6s306rb03 with K=48
[2025-12-12 07:15:46] [run_formula] Running formula 6s306rb03 with K=48 up to limit 1600
[2025-12-12 07:15:47] [generate_cnf] Generating formula 6s306rb03 with K=49
[2025-12-12 07:15:54] [run_formula] Running formula 6s306rb03 with K=49 up to limit 1600
[2025-12-12 07:15:55] [generate_cnf] Generating formula 6s306rb03 with K=50
[2025-12-12 07:16:02] [run_formula] Running formula 6s306rb03 with K=50 up to limit 1600
[2025-12-12 07:16:03] [generate_cnf] Generating formula 6s306rb03 with K=51
[2025-12-12 07:16:09] [run_formula] Running formula 6s306rb03 with K=51 up to limit 1600
[2025-12-12 07:16:11] [generate_cnf] Generating formula 6s306rb03 with K=52
[2025-12-12 07:16:17] [run_formula] Running formula 6s306rb03 with K=52 up to limit 1600
[2025-12-12 07:16:19] [generate_cnf] Generating formula 6s306rb03 with K=53
[2025-12-12 07:16:25] [run_formula] Running formula 6s306rb03 with K=53 up to limit 1600
[2025-12-12 07:16:27] [generate_cnf] Generating formula 6s306rb03 with K=54
[2025-12-12 07:16:34] [run_formula] Running formula 6s306rb03 with K=54 up to limit 1600
[2025-12-12 07:16:35] [generate_cnf] Generating formula 6s306rb03 with K=55
[2025-12-12 07:16:43] [run_formula] Running formula 6s306rb03 with K=55 up to limit 1600
[2025-12-12 07:16:44] [generate_cnf] Generating formula 6s306rb03 with K=56
[2025-12-12 07:16:52] [run_formula] Running formula 6s306rb03 with K=56 up to limit 1600
[2025-12-12 07:16:53] [generate_cnf] Generating formula 6s306rb03 with K=57
[2025-12-12 07:17:00] [run_formula] Running formula 6s306rb03 with K=57 up to limit 1600
[2025-12-12 07:17:02] [generate_cnf] Generating formula 6s306rb03 with K=58
[2025-12-12 07:17:09] [run_formula] Running formula 6s306rb03 with K=58 up to limit 1600
[2025-12-12 07:17:11] [generate_cnf] Generating formula 6s306rb03 with K=59
[2025-12-12 07:17:19] [run_formula] Running formula 6s306rb03 with K=59 up to limit 1600
[2025-12-12 07:17:21] [generate_cnf] Generating formula 6s306rb03 with K=60
[2025-12-12 07:17:28] [run_formula] Running formula 6s306rb03 with K=60 up to limit 1600
[2025-12-12 07:17:30] [generate_cnf] Generating formula 6s306rb03 with K=61
[2025-12-12 07:17:38] [run_formula] Running formula 6s306rb03 with K=61 up to limit 1600
[2025-12-12 07:17:40] [generate_cnf] Generating formula 6s306rb03 with K=62
[2025-12-12 07:17:48] [run_formula] Running formula 6s306rb03 with K=62 up to limit 1600
[2025-12-12 07:17:49] [generate_cnf] Generating formula 6s306rb03 with K=63
[2025-12-12 07:17:57] [run_formula] Running formula 6s306rb03 with K=63 up to limit 1600
[2025-12-12 07:17:59] [generate_cnf] Generating formula 6s306rb03 with K=64
[2025-12-12 07:18:08] [run_formula] Running formula 6s306rb03 with K=64 up to limit 1600
[2025-12-12 07:18:10] [generate_cnf] Generating formula 6s306rb03 with K=65
[2025-12-12 07:18:18] [run_formula] Running formula 6s306rb03 with K=65 up to limit 1600
[2025-12-12 07:18:20] [generate_cnf] Generating formula 6s306rb03 with K=66
[2025-12-12 07:18:28] [run_formula] Running formula 6s306rb03 with K=66 up to limit 1600
[2025-12-12 07:18:30] [generate_cnf] Generating formula 6s306rb03 with K=67
[2025-12-12 07:18:38] [run_formula] Running formula 6s306rb03 with K=67 up to limit 1600
[2025-12-12 07:18:40] [generate_cnf] Generating formula 6s306rb03 with K=68
[2025-12-12 07:18:48] [run_formula] Running formula 6s306rb03 with K=68 up to limit 1600
[2025-12-12 07:18:50] [generate_cnf] Generating formula 6s306rb03 with K=69
[2025-12-12 07:18:59] [run_formula] Running formula 6s306rb03 with K=69 up to limit 1600
[2025-12-12 07:19:01] [generate_cnf] Generating formula 6s306rb03 with K=70
[2025-12-12 07:19:10] [run_formula] Running formula 6s306rb03 with K=70 up to limit 1600
[2025-12-12 07:19:12] [generate_cnf] Generating formula 6s306rb03 with K=71
[2025-12-12 07:19:21] [run_formula] Running formula 6s306rb03 with K=71 up to limit 1600
[2025-12-12 07:19:24] [generate_cnf] Generating formula 6s306rb03 with K=72
[2025-12-12 07:19:33] [run_formula] Running formula 6s306rb03 with K=72 up to limit 1600
[2025-12-12 07:19:35] [generate_cnf] Generating formula 6s306rb03 with K=73
[2025-12-12 07:19:44] [run_formula] Running formula 6s306rb03 with K=73 up to limit 1600
[2025-12-12 07:19:46] [generate_cnf] Generating formula 6s306rb03 with K=74
[2025-12-12 07:19:55] [run_formula] Running formula 6s306rb03 with K=74 up to limit 1600
[2025-12-12 07:19:58] [generate_cnf] Generating formula 6s306rb03 with K=75
[2025-12-12 07:20:07] [run_formula] Running formula 6s306rb03 with K=75 up to limit 1600
[2025-12-12 07:20:10] [generate_cnf] Generating formula 6s306rb03 with K=76
[2025-12-12 07:20:19] [run_formula] Running formula 6s306rb03 with K=76 up to limit 1600
[2025-12-12 07:20:22] [generate_cnf] Generating formula 6s306rb03 with K=77
[2025-12-12 07:20:32] [run_formula] Running formula 6s306rb03 with K=77 up to limit 1600
[2025-12-12 07:20:34] [generate_cnf] Generating formula 6s306rb03 with K=78
[2025-12-12 07:20:44] [run_formula] Running formula 6s306rb03 with K=78 up to limit 1600
[2025-12-12 07:20:47] [generate_cnf] Generating formula 6s306rb03 with K=79
[2025-12-12 07:20:58] [run_formula] Running formula 6s306rb03 with K=79 up to limit 1600
[2025-12-12 07:21:00] [generate_cnf] Generating formula 6s306rb03 with K=80
[2025-12-12 07:21:11] [run_formula] Running formula 6s306rb03 with K=80 up to limit 1600
[2025-12-12 07:21:13] [generate_cnf] Generating formula 6s306rb03 with K=81
[2025-12-12 07:21:23] [run_formula] Running formula 6s306rb03 with K=81 up to limit 1600
[2025-12-12 07:21:26] [generate_cnf] Generating formula 6s306rb03 with K=82
[2025-12-12 07:21:36] [run_formula] Running formula 6s306rb03 with K=82 up to limit 1600
[2025-12-12 07:21:38] [generate_cnf] Generating formula 6s306rb03 with K=83
[2025-12-12 07:21:49] [run_formula] Running formula 6s306rb03 with K=83 up to limit 1600
[2025-12-12 07:21:52] [generate_cnf] Generating formula 6s306rb03 with K=84
[2025-12-12 07:22:12] [run_formula] Running formula 6s306rb03 with K=84 up to limit 1600
[2025-12-12 07:22:16] [generate_cnf] Generating formula 6s306rb03 with K=85
[2025-12-12 07:22:37] [run_formula] Running formula 6s306rb03 with K=85 up to limit 1600
[2025-12-12 07:22:41] [generate_cnf] Generating formula 6s306rb03 with K=86
[2025-12-12 07:22:57] [run_formula] Running formula 6s306rb03 with K=86 up to limit 1600
[2025-12-12 07:23:00] [generate_cnf] Generating formula 6s306rb03 with K=87
[2025-12-12 07:23:42] [run_formula] Running formula 6s306rb03 with K=87 up to limit 1600
[2025-12-12 07:23:49] [generate_cnf] Generating formula 6s306rb03 with K=88
[2025-12-12 07:24:00] [run_formula] Running formula 6s306rb03 with K=88 up to limit 1600
[2025-12-12 07:24:03] [generate_cnf] Generating formula 6s306rb03 with K=89
[2025-12-12 07:24:13] [run_formula] Running formula 6s306rb03 with K=89 up to limit 1600
[2025-12-12 07:24:16] [generate_cnf] Generating formula 6s306rb03 with K=90
[2025-12-12 07:24:27] [run_formula] Running formula 6s306rb03 with K=90 up to limit 1600
[2025-12-12 07:24:30] [generate_cnf] Generating formula 6s306rb03 with K=91
[2025-12-12 07:24:41] [run_formula] Running formula 6s306rb03 with K=91 up to limit 1600
[2025-12-12 07:24:44] [generate_cnf] Generating formula 6s306rb03 with K=92
[2025-12-12 07:24:54] [run_formula] Running formula 6s306rb03 with K=92 up to limit 1600
[2025-12-12 07:24:57] [generate_cnf] Generating formula 6s306rb03 with K=93
[2025-12-12 07:25:09] [run_formula] Running formula 6s306rb03 with K=93 up to limit 1600
[2025-12-12 07:25:11] [generate_cnf] Generating formula 6s306rb03 with K=94
[2025-12-12 07:25:23] [run_formula] Running formula 6s306rb03 with K=94 up to limit 1600
[2025-12-12 07:25:25] [generate_cnf] Generating formula 6s306rb03 with K=95
[2025-12-12 07:25:37] [run_formula] Running formula 6s306rb03 with K=95 up to limit 1600
[2025-12-12 07:25:40] [generate_cnf] Generating formula 6s306rb03 with K=96
[2025-12-12 07:25:52] [run_formula] Running formula 6s306rb03 with K=96 up to limit 1600
[2025-12-12 07:25:55] [generate_cnf] Generating formula 6s306rb03 with K=97
[2025-12-12 07:26:07] [run_formula] Running formula 6s306rb03 with K=97 up to limit 1600
[2025-12-12 07:26:10] [generate_cnf] Generating formula 6s306rb03 with K=98
[2025-12-12 07:26:23] [run_formula] Running formula 6s306rb03 with K=98 up to limit 1600
[2025-12-12 07:26:26] [generate_cnf] Generating formula 6s306rb03 with K=99
[2025-12-12 07:26:38] [run_formula] Running formula 6s306rb03 with K=99 up to limit 1600
[2025-12-12 07:26:41] [generate_cnf] Generating formula 6s306rb03 with K=100
[2025-12-12 07:26:53] [run_formula] Running formula 6s306rb03 with K=100 up to limit 1600
[2025-12-12 07:26:56] [generate_cnf] Generating formula 6s306rb03 with K=101
[2025-12-12 07:27:08] [run_formula] Running formula 6s306rb03 with K=101 up to limit 1600
[2025-12-12 07:27:11] [generate_cnf] Generating formula 6s306rb03 with K=102
[2025-12-12 07:27:24] [run_formula] Running formula 6s306rb03 with K=102 up to limit 1600
[2025-12-12 07:27:27] [generate_cnf] Generating formula 6s306rb03 with K=103
[2025-12-12 07:27:40] [run_formula] Running formula 6s306rb03 with K=103 up to limit 1600
[2025-12-12 07:27:43] [generate_cnf] Generating formula 6s306rb03 with K=104
[2025-12-12 07:27:56] [run_formula] Running formula 6s306rb03 with K=104 up to limit 1600
[2025-12-12 07:27:59] [generate_cnf] Generating formula 6s306rb03 with K=105
[2025-12-12 07:28:12] [run_formula] Running formula 6s306rb03 with K=105 up to limit 1600
[2025-12-12 07:28:15] [generate_cnf] Generating formula 6s306rb03 with K=106
[2025-12-12 07:28:28] [run_formula] Running formula 6s306rb03 with K=106 up to limit 1600
[2025-12-12 07:28:31] [generate_cnf] Generating formula 6s306rb03 with K=107
[2025-12-12 07:28:44] [run_formula] Running formula 6s306rb03 with K=107 up to limit 1600
[2025-12-12 07:28:47] [generate_cnf] Generating formula 6s306rb03 with K=108
[2025-12-12 07:29:00] [run_formula] Running formula 6s306rb03 with K=108 up to limit 1600
[2025-12-12 07:29:03] [generate_cnf] Generating formula 6s306rb03 with K=109
[2025-12-12 07:29:16] [run_formula] Running formula 6s306rb03 with K=109 up to limit 1600
[2025-12-12 07:29:20] [generate_cnf] Generating formula 6s306rb03 with K=110
[2025-12-12 07:29:34] [run_formula] Running formula 6s306rb03 with K=110 up to limit 1600
[2025-12-12 07:29:38] [generate_cnf] Generating formula 6s306rb03 with K=111
[2025-12-12 07:29:51] [run_formula] Running formula 6s306rb03 with K=111 up to limit 1600
[2025-12-12 07:29:55] [generate_cnf] Generating formula 6s306rb03 with K=112
[2025-12-12 07:30:08] [run_formula] Running formula 6s306rb03 with K=112 up to limit 1600
[2025-12-12 07:30:11] [generate_cnf] Generating formula 6s306rb03 with K=113
[2025-12-12 07:30:25] [run_formula] Running formula 6s306rb03 with K=113 up to limit 1600
[2025-12-12 07:30:29] [generate_cnf] Generating formula 6s306rb03 with K=114
[2025-12-12 07:30:43] [run_formula] Running formula 6s306rb03 with K=114 up to limit 1600
[2025-12-12 07:30:46] [generate_cnf] Generating formula 6s306rb03 with K=115
[2025-12-12 07:31:01] [run_formula] Running formula 6s306rb03 with K=115 up to limit 1600
[2025-12-12 07:31:04] [generate_cnf] Generating formula 6s306rb03 with K=116
[2025-12-12 07:31:19] [run_formula] Running formula 6s306rb03 with K=116 up to limit 1600
[2025-12-12 07:31:22] [generate_cnf] Generating formula 6s306rb03 with K=117
[2025-12-12 07:31:37] [run_formula] Running formula 6s306rb03 with K=117 up to limit 1600
[2025-12-12 07:31:40] [generate_cnf] Generating formula 6s306rb03 with K=118
[2025-12-12 07:31:54] [run_formula] Running formula 6s306rb03 with K=118 up to limit 1600
[2025-12-12 07:31:58] [generate_cnf] Generating formula 6s306rb03 with K=119
[2025-12-12 07:32:13] [run_formula] Running formula 6s306rb03 with K=119 up to limit 1600
[2025-12-12 07:32:16] [generate_cnf] Generating formula 6s306rb03 with K=120
[2025-12-12 07:32:30] [run_formula] Running formula 6s306rb03 with K=120 up to limit 1600
[2025-12-12 07:32:34] [generate_cnf] Generating formula 6s306rb03 with K=121
[2025-12-12 07:32:48] [run_formula] Running formula 6s306rb03 with K=121 up to limit 1600
[2025-12-12 07:32:51] [generate_cnf] Generating formula 6s306rb03 with K=122
[2025-12-12 07:33:06] [run_formula] Running formula 6s306rb03 with K=122 up to limit 1600
[2025-12-12 07:33:10] [generate_cnf] Generating formula 6s306rb03 with K=123
[2025-12-12 07:33:25] [run_formula] Running formula 6s306rb03 with K=123 up to limit 1600
[2025-12-12 07:33:29] [generate_cnf] Generating formula 6s306rb03 with K=124
[2025-12-12 07:33:45] [run_formula] Running formula 6s306rb03 with K=124 up to limit 1600
[2025-12-12 07:33:49] [generate_cnf] Generating formula 6s306rb03 with K=125
[2025-12-12 07:34:05] [run_formula] Running formula 6s306rb03 with K=125 up to limit 1600
[2025-12-12 07:34:08] [generate_cnf] Generating formula 6s306rb03 with K=126
[2025-12-12 07:34:25] [run_formula] Running formula 6s306rb03 with K=126 up to limit 1600
[2025-12-12 07:34:29] [generate_cnf] Generating formula 6s306rb03 with K=127
[2025-12-12 07:34:44] [run_formula] Running formula 6s306rb03 with K=127 up to limit 1600
[2025-12-12 07:34:48] [generate_cnf] Generating formula 6s306rb03 with K=128
[2025-12-12 07:35:04] [run_formula] Running formula 6s306rb03 with K=128 up to limit 1600
[2025-12-12 07:35:08] [generate_cnf] Generating formula 6s306rb03 with K=129
[2025-12-12 07:35:25] [run_formula] Running formula 6s306rb03 with K=129 up to limit 1600
[2025-12-12 07:35:29] [generate_cnf] Generating formula 6s306rb03 with K=130
[2025-12-12 07:35:45] [run_formula] Running formula 6s306rb03 with K=130 up to limit 1600
[2025-12-12 07:35:49] [generate_cnf] Generating formula 6s306rb03 with K=131
[2025-12-12 07:36:06] [run_formula] Running formula 6s306rb03 with K=131 up to limit 1600
[2025-12-12 07:36:10] [generate_cnf] Generating formula 6s306rb03 with K=132
[2025-12-12 07:36:26] [run_formula] Running formula 6s306rb03 with K=132 up to limit 1600
[2025-12-12 07:36:31] [generate_cnf] Generating formula 6s306rb03 with K=133
[2025-12-12 07:36:51] [run_formula] Running formula 6s306rb03 with K=133 up to limit 1600
[2025-12-12 07:36:55] [generate_cnf] Generating formula 6s306rb03 with K=134
[2025-12-12 07:37:12] [run_formula] Running formula 6s306rb03 with K=134 up to limit 1600
[2025-12-12 07:37:16] [generate_cnf] Generating formula 6s306rb03 with K=135
[2025-12-12 07:37:33] [run_formula] Running formula 6s306rb03 with K=135 up to limit 1600
[2025-12-12 07:37:38] [generate_cnf] Generating formula 6s306rb03 with K=136
[2025-12-12 07:37:55] [run_formula] Running formula 6s306rb03 with K=136 up to limit 1600
[2025-12-12 07:38:00] [generate_cnf] Generating formula 6s306rb03 with K=137
[2025-12-12 07:38:18] [run_formula] Running formula 6s306rb03 with K=137 up to limit 1600
[2025-12-12 07:38:22] [generate_cnf] Generating formula 6s306rb03 with K=138
[2025-12-12 07:38:39] [run_formula] Running formula 6s306rb03 with K=138 up to limit 1600
[2025-12-12 07:38:44] [generate_cnf] Generating formula 6s306rb03 with K=139
[2025-12-12 07:39:01] [run_formula] Running formula 6s306rb03 with K=139 up to limit 1600
[2025-12-12 07:39:05] [generate_cnf] Generating formula 6s306rb03 with K=140
[2025-12-12 07:39:23] [run_formula] Running formula 6s306rb03 with K=140 up to limit 1600
[2025-12-12 07:39:28] [generate_cnf] Generating formula 6s306rb03 with K=141
[2025-12-12 07:39:46] [run_formula] Running formula 6s306rb03 with K=141 up to limit 1600
[2025-12-12 07:39:50] [generate_cnf] Generating formula 6s306rb03 with K=142
[2025-12-12 07:40:08] [run_formula] Running formula 6s306rb03 with K=142 up to limit 1600
[2025-12-12 07:40:13] [generate_cnf] Generating formula 6s306rb03 with K=143
[2025-12-12 07:40:31] [run_formula] Running formula 6s306rb03 with K=143 up to limit 1600
[2025-12-12 07:40:36] [generate_cnf] Generating formula 6s306rb03 with K=144
[2025-12-12 07:40:54] [run_formula] Running formula 6s306rb03 with K=144 up to limit 1600
[2025-12-12 07:41:00] [generate_cnf] Generating formula 6s306rb03 with K=145
[2025-12-12 07:41:18] [run_formula] Running formula 6s306rb03 with K=145 up to limit 1600
[2025-12-12 07:41:23] [generate_cnf] Generating formula 6s306rb03 with K=146
[2025-12-12 07:41:42] [run_formula] Running formula 6s306rb03 with K=146 up to limit 1600
[2025-12-12 07:41:47] [generate_cnf] Generating formula 6s306rb03 with K=147
[2025-12-12 07:42:06] [run_formula] Running formula 6s306rb03 with K=147 up to limit 1600
[2025-12-12 07:42:11] [generate_cnf] Generating formula 6s306rb03 with K=148
[2025-12-12 07:42:30] [run_formula] Running formula 6s306rb03 with K=148 up to limit 1600
[2025-12-12 07:42:35] [generate_cnf] Generating formula 6s306rb03 with K=149
[2025-12-12 07:42:54] [run_formula] Running formula 6s306rb03 with K=149 up to limit 1600
[2025-12-12 07:42:59] [generate_cnf] Generating formula 6s306rb03 with K=150
[2025-12-12 07:43:21] [run_formula] Running formula 6s306rb03 with K=150 up to limit 1600
[2025-12-12 07:43:26] [generate_cnf] Generating formula 6s306rb03 with K=151
[2025-12-12 07:43:45] [run_formula] Running formula 6s306rb03 with K=151 up to limit 1600
[2025-12-12 07:43:49] [generate_cnf] Generating formula 6s306rb03 with K=152
[2025-12-12 07:44:08] [run_formula] Running formula 6s306rb03 with K=152 up to limit 1600
[2025-12-12 07:44:13] [generate_cnf] Generating formula 6s306rb03 with K=153
[2025-12-12 07:44:32] [run_formula] Running formula 6s306rb03 with K=153 up to limit 1600
[2025-12-12 07:44:37] [generate_cnf] Generating formula 6s306rb03 with K=154
[2025-12-12 07:44:56] [run_formula] Running formula 6s306rb03 with K=154 up to limit 1600
[2025-12-12 07:45:01] [generate_cnf] Generating formula 6s306rb03 with K=155
[2025-12-12 07:45:21] [run_formula] Running formula 6s306rb03 with K=155 up to limit 1600
[2025-12-12 07:45:27] [generate_cnf] Generating formula 6s306rb03 with K=156
[2025-12-12 07:45:46] [run_formula] Running formula 6s306rb03 with K=156 up to limit 1600
[2025-12-12 07:45:52] [generate_cnf] Generating formula 6s306rb03 with K=157
[2025-12-12 07:46:12] [run_formula] Running formula 6s306rb03 with K=157 up to limit 1600
[2025-12-12 07:46:16] [generate_cnf] Generating formula 6s306rb03 with K=158
[2025-12-12 07:46:36] [run_formula] Running formula 6s306rb03 with K=158 up to limit 1600
[2025-12-12 07:46:40] [generate_cnf] Generating formula 6s306rb03 with K=159
[2025-12-12 07:47:00] [run_formula] Running formula 6s306rb03 with K=159 up to limit 1600
[2025-12-12 07:47:05] [generate_cnf] Generating formula 6s306rb03 with K=160
[2025-12-12 07:47:25] [run_formula] Running formula 6s306rb03 with K=160 up to limit 1600
[2025-12-12 07:47:31] [generate_cnf] Generating formula 6s306rb03 with K=161
[2025-12-12 07:47:51] [run_formula] Running formula 6s306rb03 with K=161 up to limit 1600
[2025-12-12 07:47:55] [generate_cnf] Generating formula 6s306rb03 with K=162
[2025-12-12 07:48:15] [run_formula] Running formula 6s306rb03 with K=162 up to limit 1600
[2025-12-12 07:48:20] [generate_cnf] Generating formula 6s306rb03 with K=163
[2025-12-12 07:48:40] [run_formula] Running formula 6s306rb03 with K=163 up to limit 1600
[2025-12-12 07:48:45] [generate_cnf] Generating formula 6s306rb03 with K=164
[2025-12-12 07:49:04] [run_formula] Running formula 6s306rb03 with K=164 up to limit 1600
[2025-12-12 07:49:10] [generate_cnf] Generating formula 6s306rb03 with K=165
[2025-12-12 07:49:30] [run_formula] Running formula 6s306rb03 with K=165 up to limit 1600
[2025-12-12 07:49:36] [generate_cnf] Generating formula 6s306rb03 with K=166
[2025-12-12 07:49:57] [run_formula] Running formula 6s306rb03 with K=166 up to limit 1600
[2025-12-12 07:50:02] [generate_cnf] Generating formula 6s306rb03 with K=167
[2025-12-12 07:50:23] [run_formula] Running formula 6s306rb03 with K=167 up to limit 1600
[2025-12-12 07:50:28] [generate_cnf] Generating formula 6s306rb03 with K=168
[2025-12-12 07:50:48] [run_formula] Running formula 6s306rb03 with K=168 up to limit 1600
[2025-12-12 07:50:53] [generate_cnf] Generating formula 6s306rb03 with K=169
[2025-12-12 07:51:19] [run_formula] Running formula 6s306rb03 with K=169 up to limit 1600
[2025-12-12 07:51:24] [generate_cnf] Generating formula 6s306rb03 with K=170
[2025-12-12 07:51:45] [run_formula] Running formula 6s306rb03 with K=170 up to limit 1600
[2025-12-12 07:51:51] [generate_cnf] Generating formula 6s306rb03 with K=171
[2025-12-12 07:52:12] [run_formula] Running formula 6s306rb03 with K=171 up to limit 1600
[2025-12-12 07:52:20] [generate_cnf] Generating formula 6s306rb03 with K=172
[2025-12-12 07:52:51] [run_formula] Running formula 6s306rb03 with K=172 up to limit 1600
[2025-12-12 07:52:59] [generate_cnf] Generating formula 6s306rb03 with K=173
[2025-12-12 07:53:52] [run_formula] Running formula 6s306rb03 with K=173 up to limit 1600
[2025-12-12 07:53:59] [generate_cnf] Generating formula 6s306rb03 with K=174
[2025-12-12 07:54:21] [run_formula] Running formula 6s306rb03 with K=174 up to limit 1600
[2025-12-12 07:54:28] [generate_cnf] Generating formula 6s306rb03 with K=175
[2025-12-12 07:54:49] [run_formula] Running formula 6s306rb03 with K=175 up to limit 1600
[2025-12-12 07:54:54] [generate_cnf] Generating formula 6s306rb03 with K=176
[2025-12-12 07:55:16] [run_formula] Running formula 6s306rb03 with K=176 up to limit 1600
[2025-12-12 07:55:22] [generate_cnf] Generating formula 6s306rb03 with K=177
[2025-12-12 07:55:44] [run_formula] Running formula 6s306rb03 with K=177 up to limit 1600
[2025-12-12 07:55:50] [generate_cnf] Generating formula 6s306rb03 with K=178
[2025-12-12 07:56:12] [run_formula] Running formula 6s306rb03 with K=178 up to limit 1600
[2025-12-12 07:56:18] [generate_cnf] Generating formula 6s306rb03 with K=179
[2025-12-12 07:56:40] [run_formula] Running formula 6s306rb03 with K=179 up to limit 1600
[2025-12-12 07:56:45] [generate_cnf] Generating formula 6s306rb03 with K=180
[2025-12-12 07:57:07] [run_formula] Running formula 6s306rb03 with K=180 up to limit 1600
[2025-12-12 07:57:13] [generate_cnf] Generating formula 6s306rb03 with K=181
[2025-12-12 07:57:36] [run_formula] Running formula 6s306rb03 with K=181 up to limit 1600
[2025-12-12 07:57:42] [generate_cnf] Generating formula 6s306rb03 with K=182
[2025-12-12 07:58:06] [run_formula] Running formula 6s306rb03 with K=182 up to limit 1600
[2025-12-12 07:58:12] [generate_cnf] Generating formula 6s306rb03 with K=183
[2025-12-12 07:58:36] [run_formula] Running formula 6s306rb03 with K=183 up to limit 1600
[2025-12-12 07:58:42] [generate_cnf] Generating formula 6s306rb03 with K=184
[2025-12-12 07:59:05] [run_formula] Running formula 6s306rb03 with K=184 up to limit 1600
[2025-12-12 07:59:15] [generate_cnf] Generating formula 6s306rb03 with K=185
[2025-12-12 08:00:20] [run_formula] Running formula 6s306rb03 with K=185 up to limit 1600
[2025-12-12 08:00:38] [generate_cnf] Generating formula 6s306rb03 with K=186
[2025-12-12 08:01:18] [run_formula] Running formula 6s306rb03 with K=186 up to limit 1600
[2025-12-12 08:02:03] [generate_cnf] Generating formula 6s306rb03 with K=187
[2025-12-12 08:02:52] [run_formula] Running formula 6s306rb03 with K=187 up to limit 1600
[2025-12-12 08:02:59] [generate_cnf] Generating formula 6s306rb03 with K=188
[2025-12-12 08:03:22] [run_formula] Running formula 6s306rb03 with K=188 up to limit 1600
[2025-12-12 08:03:28] [generate_cnf] Generating formula 6s306rb03 with K=189
[2025-12-12 08:03:51] [run_formula] Running formula 6s306rb03 with K=189 up to limit 1600
[2025-12-12 08:03:57] [generate_cnf] Generating formula 6s306rb03 with K=190
[2025-12-12 08:04:21] [run_formula] Running formula 6s306rb03 with K=190 up to limit 1600
[2025-12-12 08:04:28] [generate_cnf] Generating formula 6s306rb03 with K=191
[2025-12-12 08:04:52] [run_formula] Running formula 6s306rb03 with K=191 up to limit 1600
[2025-12-12 08:04:58] [generate_cnf] Generating formula 6s306rb03 with K=192
[2025-12-12 08:05:22] [run_formula] Running formula 6s306rb03 with K=192 up to limit 1600
[2025-12-12 08:05:28] [generate_cnf] Generating formula 6s306rb03 with K=193
[2025-12-12 08:05:52] [run_formula] Running formula 6s306rb03 with K=193 up to limit 1600
[2025-12-12 08:05:58] [generate_cnf] Generating formula 6s306rb03 with K=194
[2025-12-12 08:06:23] [run_formula] Running formula 6s306rb03 with K=194 up to limit 1600
[2025-12-12 08:06:30] [generate_cnf] Generating formula 6s306rb03 with K=195
[2025-12-12 08:06:55] [run_formula] Running formula 6s306rb03 with K=195 up to limit 1600
[2025-12-12 08:07:01] [generate_cnf] Generating formula 6s306rb03 with K=196
[2025-12-12 08:07:35] [run_formula] Running formula 6s306rb03 with K=196 up to limit 1600
[2025-12-12 08:07:42] [generate_cnf] Generating formula 6s306rb03 with K=197
[2025-12-12 08:08:20] [run_formula] Running formula 6s306rb03 with K=197 up to limit 1600
[2025-12-12 08:08:29] [generate_cnf] Generating formula 6s306rb03 with K=198
[2025-12-12 08:09:05] [run_formula] Running formula 6s306rb03 with K=198 up to limit 1600
[2025-12-12 08:09:15] [generate_cnf] Generating formula 6s306rb03 with K=199
[2025-12-12 08:10:14] [run_formula] Running formula 6s306rb03 with K=199 up to limit 1600
[2025-12-12 08:10:27] [generate_cnf] Generating formula 6s306rb03 with K=200
[2025-12-12 08:11:31] [run_formula] Running formula 6s306rb03 with K=200 up to limit 1600
[2025-12-12 08:11:38] [generate_cnf] Generating formula 6s306rb03 with K=201
[2025-12-12 08:12:02] [run_formula] Running formula 6s306rb03 with K=201 up to limit 1600
[2025-12-12 08:12:09] [generate_cnf] Generating formula 6s306rb03 with K=202
[2025-12-12 08:12:34] [run_formula] Running formula 6s306rb03 with K=202 up to limit 1600
[2025-12-12 08:12:40] [generate_cnf] Generating formula 6s306rb03 with K=203
[2025-12-12 08:13:05] [run_formula] Running formula 6s306rb03 with K=203 up to limit 1600
[2025-12-12 08:13:12] [generate_cnf] Generating formula 6s306rb03 with K=204
[2025-12-12 08:13:37] [run_formula] Running formula 6s306rb03 with K=204 up to limit 1600
[2025-12-12 08:13:45] [generate_cnf] Generating formula 6s306rb03 with K=205
[2025-12-12 08:14:11] [run_formula] Running formula 6s306rb03 with K=205 up to limit 1600
[2025-12-12 08:14:17] [generate_cnf] Generating formula 6s306rb03 with K=206
[2025-12-12 08:14:42] [run_formula] Running formula 6s306rb03 with K=206 up to limit 1600
[2025-12-12 08:14:48] [generate_cnf] Generating formula 6s306rb03 with K=207
[2025-12-12 08:15:14] [run_formula] Running formula 6s306rb03 with K=207 up to limit 1600
[2025-12-12 08:15:21] [generate_cnf] Generating formula 6s306rb03 with K=208
[2025-12-12 08:15:48] [run_formula] Running formula 6s306rb03 with K=208 up to limit 1600
[2025-12-12 08:15:54] [generate_cnf] Generating formula 6s306rb03 with K=209
[2025-12-12 08:16:20] [run_formula] Running formula 6s306rb03 with K=209 up to limit 1600
[2025-12-12 08:16:26] [generate_cnf] Generating formula 6s306rb03 with K=210
[2025-12-12 08:16:52] [run_formula] Running formula 6s306rb03 with K=210 up to limit 1600
[2025-12-12 08:16:58] [generate_cnf] Generating formula 6s306rb03 with K=211
[2025-12-12 08:17:25] [run_formula] Running formula 6s306rb03 with K=211 up to limit 1600
[2025-12-12 08:17:31] [generate_cnf] Generating formula 6s306rb03 with K=212
[2025-12-12 08:17:59] [run_formula] Running formula 6s306rb03 with K=212 up to limit 1600
[2025-12-12 08:18:06] [generate_cnf] Generating formula 6s306rb03 with K=213
[2025-12-12 08:18:32] [run_formula] Running formula 6s306rb03 with K=213 up to limit 1600
[2025-12-12 08:18:39] [generate_cnf] Generating formula 6s306rb03 with K=214
[2025-12-12 08:19:08] [run_formula] Running formula 6s306rb03 with K=214 up to limit 1600
[2025-12-12 08:19:15] [generate_cnf] Generating formula 6s306rb03 with K=215
[2025-12-12 08:19:42] [run_formula] Running formula 6s306rb03 with K=215 up to limit 1600
[2025-12-12 08:19:49] [generate_cnf] Generating formula 6s306rb03 with K=216
[2025-12-12 08:20:15] [run_formula] Running formula 6s306rb03 with K=216 up to limit 1600
[2025-12-12 08:20:21] [generate_cnf] Generating formula 6s306rb03 with K=217
[2025-12-12 08:20:46] [run_formula] Running formula 6s306rb03 with K=217 up to limit 1600
[2025-12-12 08:20:53] [generate_cnf] Generating formula 6s306rb03 with K=218
[2025-12-12 08:21:18] [run_formula] Running formula 6s306rb03 with K=218 up to limit 1600
[2025-12-12 08:21:25] [generate_cnf] Generating formula 6s306rb03 with K=219
[2025-12-12 08:21:51] [run_formula] Running formula 6s306rb03 with K=219 up to limit 1600
[2025-12-12 08:21:58] [generate_cnf] Generating formula 6s306rb03 with K=220
[2025-12-12 08:22:25] [run_formula] Running formula 6s306rb03 with K=220 up to limit 1600
[2025-12-12 08:22:32] [generate_cnf] Generating formula 6s306rb03 with K=221
[2025-12-12 08:22:59] [run_formula] Running formula 6s306rb03 with K=221 up to limit 1600
[2025-12-12 08:23:06] [generate_cnf] Generating formula 6s306rb03 with K=222
[2025-12-12 08:23:34] [run_formula] Running formula 6s306rb03 with K=222 up to limit 1600
[2025-12-12 08:23:41] [generate_cnf] Generating formula 6s306rb03 with K=223
[2025-12-12 08:24:10] [run_formula] Running formula 6s306rb03 with K=223 up to limit 1600
[2025-12-12 08:24:18] [generate_cnf] Generating formula 6s306rb03 with K=224
[2025-12-12 08:24:49] [run_formula] Running formula 6s306rb03 with K=224 up to limit 1600
[2025-12-12 08:25:00] [generate_cnf] Generating formula 6s306rb03 with K=225
[2025-12-12 08:25:33] [run_formula] Running formula 6s306rb03 with K=225 up to limit 1600
[2025-12-12 08:25:41] [generate_cnf] Generating formula 6s306rb03 with K=226
[2025-12-12 08:26:13] [run_formula] Running formula 6s306rb03 with K=226 up to limit 1600
[2025-12-12 08:26:20] [generate_cnf] Generating formula 6s306rb03 with K=227
[2025-12-12 08:26:52] [run_formula] Running formula 6s306rb03 with K=227 up to limit 1600
[2025-12-12 08:27:00] [generate_cnf] Generating formula 6s306rb03 with K=228
[2025-12-12 08:27:34] [run_formula] Running formula 6s306rb03 with K=228 up to limit 1600
[2025-12-12 08:27:42] [generate_cnf] Generating formula 6s306rb03 with K=229
[2025-12-12 08:28:00] [generate_and_run_up_to_limit] Failed to generate CNF for 6s306rb03 with K=229, halting
