CNF written.
CNF written.
CNF written.
CNF written.
CNF written.
CNF written.
CNF written.
CNF written.
CNF written.
CNF written.
CNF written.
CNF written.
CNF written.
CNF written.
CNF written.
CNF written.
CNF written.
CNF written.
CNF written.
CNF written.
CNF written.
CNF written.
CNF written.
CNF written.
CNF written.
CNF written.
CNF written.
CNF written.
CNF written.
CNF written.
CNF written.
CNF written.
CNF written.
CNF written.
CNF written.
CNF written.
CNF written.
CNF written.
CNF written.
CNF written.
CNF written.
CNF written.
CNF written.
CNF written.
CNF written.
CNF written.
CNF written.
CNF written.
CNF written.
CNF written.
CNF written.
CNF written.
CNF written.
CNF written.
CNF written.
CNF written.
CNF written.
CNF written.
CNF written.
CNF written.
CNF written.
[2025-12-12 07:56:53] [generate_and_run_up_to_limit] Generating and running 6s309b034 with K<=500 up to limit 1600
[2025-12-12 07:56:53] [generate_cnf] Generating formula 6s309b034 with K=1
[2025-12-12 07:56:53] [run_formula] Running formula 6s309b034 with K=1 up to limit 1600
[2025-12-12 07:56:53] [generate_cnf] Generating formula 6s309b034 with K=2
[2025-12-12 07:56:54] [run_formula] Running formula 6s309b034 with K=2 up to limit 1600
[2025-12-12 07:56:54] [generate_cnf] Generating formula 6s309b034 with K=3
[2025-12-12 07:56:55] [run_formula] Running formula 6s309b034 with K=3 up to limit 1600
[2025-12-12 07:56:55] [generate_cnf] Generating formula 6s309b034 with K=4
[2025-12-12 07:56:56] [run_formula] Running formula 6s309b034 with K=4 up to limit 1600
[2025-12-12 07:56:56] [generate_cnf] Generating formula 6s309b034 with K=5
[2025-12-12 07:56:57] [run_formula] Running formula 6s309b034 with K=5 up to limit 1600
[2025-12-12 07:56:58] [generate_cnf] Generating formula 6s309b034 with K=6
[2025-12-12 07:56:59] [run_formula] Running formula 6s309b034 with K=6 up to limit 1600
[2025-12-12 07:56:59] [generate_cnf] Generating formula 6s309b034 with K=7
[2025-12-12 07:57:01] [run_formula] Running formula 6s309b034 with K=7 up to limit 1600
[2025-12-12 07:57:01] [generate_cnf] Generating formula 6s309b034 with K=8
[2025-12-12 07:57:02] [run_formula] Running formula 6s309b034 with K=8 up to limit 1600
[2025-12-12 07:57:03] [generate_cnf] Generating formula 6s309b034 with K=9
[2025-12-12 07:57:05] [run_formula] Running formula 6s309b034 with K=9 up to limit 1600
[2025-12-12 07:57:05] [generate_cnf] Generating formula 6s309b034 with K=10
[2025-12-12 07:57:07] [run_formula] Running formula 6s309b034 with K=10 up to limit 1600
[2025-12-12 07:57:07] [generate_cnf] Generating formula 6s309b034 with K=11
[2025-12-12 07:57:09] [run_formula] Running formula 6s309b034 with K=11 up to limit 1600
[2025-12-12 07:57:10] [generate_cnf] Generating formula 6s309b034 with K=12
[2025-12-12 07:57:12] [run_formula] Running formula 6s309b034 with K=12 up to limit 1600
[2025-12-12 07:57:12] [generate_cnf] Generating formula 6s309b034 with K=13
[2025-12-12 07:57:15] [run_formula] Running formula 6s309b034 with K=13 up to limit 1600
[2025-12-12 07:57:15] [generate_cnf] Generating formula 6s309b034 with K=14
[2025-12-12 07:57:18] [run_formula] Running formula 6s309b034 with K=14 up to limit 1600
[2025-12-12 07:57:19] [generate_cnf] Generating formula 6s309b034 with K=15
[2025-12-12 07:57:21] [run_formula] Running formula 6s309b034 with K=15 up to limit 1600
[2025-12-12 07:57:22] [generate_cnf] Generating formula 6s309b034 with K=16
[2025-12-12 07:57:25] [run_formula] Running formula 6s309b034 with K=16 up to limit 1600
[2025-12-12 07:57:25] [generate_cnf] Generating formula 6s309b034 with K=17
[2025-12-12 07:57:29] [run_formula] Running formula 6s309b034 with K=17 up to limit 1600
[2025-12-12 07:57:29] [generate_cnf] Generating formula 6s309b034 with K=18
[2025-12-12 07:57:33] [run_formula] Running formula 6s309b034 with K=18 up to limit 1600
[2025-12-12 07:57:33] [generate_cnf] Generating formula 6s309b034 with K=19
[2025-12-12 07:57:37] [run_formula] Running formula 6s309b034 with K=19 up to limit 1600
[2025-12-12 07:57:37] [generate_cnf] Generating formula 6s309b034 with K=20
[2025-12-12 07:57:41] [run_formula] Running formula 6s309b034 with K=20 up to limit 1600
[2025-12-12 07:57:42] [generate_cnf] Generating formula 6s309b034 with K=21
[2025-12-12 07:57:46] [run_formula] Running formula 6s309b034 with K=21 up to limit 1600
[2025-12-12 07:57:46] [generate_cnf] Generating formula 6s309b034 with K=22
[2025-12-12 07:57:51] [run_formula] Running formula 6s309b034 with K=22 up to limit 1600
[2025-12-12 07:57:51] [generate_cnf] Generating formula 6s309b034 with K=23
[2025-12-12 07:57:56] [run_formula] Running formula 6s309b034 with K=23 up to limit 1600
[2025-12-12 07:57:56] [generate_cnf] Generating formula 6s309b034 with K=24
[2025-12-12 07:58:01] [run_formula] Running formula 6s309b034 with K=24 up to limit 1600
[2025-12-12 07:58:02] [generate_cnf] Generating formula 6s309b034 with K=25
[2025-12-12 07:58:06] [run_formula] Running formula 6s309b034 with K=25 up to limit 1600
[2025-12-12 07:58:07] [generate_cnf] Generating formula 6s309b034 with K=26
[2025-12-12 07:58:12] [run_formula] Running formula 6s309b034 with K=26 up to limit 1600
[2025-12-12 07:58:12] [generate_cnf] Generating formula 6s309b034 with K=27
[2025-12-12 07:58:17] [run_formula] Running formula 6s309b034 with K=27 up to limit 1600
[2025-12-12 07:58:18] [generate_cnf] Generating formula 6s309b034 with K=28
[2025-12-12 07:58:24] [run_formula] Running formula 6s309b034 with K=28 up to limit 1600
[2025-12-12 07:58:25] [generate_cnf] Generating formula 6s309b034 with K=29
[2025-12-12 07:58:30] [run_formula] Running formula 6s309b034 with K=29 up to limit 1600
[2025-12-12 07:58:31] [generate_cnf] Generating formula 6s309b034 with K=30
[2025-12-12 07:58:36] [run_formula] Running formula 6s309b034 with K=30 up to limit 1600
[2025-12-12 07:58:37] [generate_cnf] Generating formula 6s309b034 with K=31
[2025-12-12 07:58:43] [run_formula] Running formula 6s309b034 with K=31 up to limit 1600
[2025-12-12 07:58:44] [generate_cnf] Generating formula 6s309b034 with K=32
[2025-12-12 07:58:50] [run_formula] Running formula 6s309b034 with K=32 up to limit 1600
[2025-12-12 07:58:51] [generate_cnf] Generating formula 6s309b034 with K=33
[2025-12-12 07:58:57] [run_formula] Running formula 6s309b034 with K=33 up to limit 1600
[2025-12-12 07:58:58] [generate_cnf] Generating formula 6s309b034 with K=34
[2025-12-12 07:59:04] [run_formula] Running formula 6s309b034 with K=34 up to limit 1600
[2025-12-12 07:59:05] [generate_cnf] Generating formula 6s309b034 with K=35
[2025-12-12 07:59:11] [run_formula] Running formula 6s309b034 with K=35 up to limit 1600
[2025-12-12 07:59:13] [generate_cnf] Generating formula 6s309b034 with K=36
[2025-12-12 07:59:19] [run_formula] Running formula 6s309b034 with K=36 up to limit 1600
[2025-12-12 07:59:20] [generate_cnf] Generating formula 6s309b034 with K=37
[2025-12-12 07:59:27] [run_formula] Running formula 6s309b034 with K=37 up to limit 1600
[2025-12-12 07:59:29] [generate_cnf] Generating formula 6s309b034 with K=38
[2025-12-12 07:59:36] [run_formula] Running formula 6s309b034 with K=38 up to limit 1600
[2025-12-12 07:59:38] [generate_cnf] Generating formula 6s309b034 with K=39
[2025-12-12 07:59:46] [run_formula] Running formula 6s309b034 with K=39 up to limit 1600
[2025-12-12 07:59:51] [generate_cnf] Generating formula 6s309b034 with K=40
[2025-12-12 07:59:59] [run_formula] Running formula 6s309b034 with K=40 up to limit 1600
[2025-12-12 08:00:04] [generate_cnf] Generating formula 6s309b034 with K=41
[2025-12-12 08:00:12] [run_formula] Running formula 6s309b034 with K=41 up to limit 1600
[2025-12-12 08:00:23] [generate_cnf] Generating formula 6s309b034 with K=42
[2025-12-12 08:00:30] [run_formula] Running formula 6s309b034 with K=42 up to limit 1600
[2025-12-12 08:00:46] [generate_cnf] Generating formula 6s309b034 with K=43
[2025-12-12 08:00:53] [run_formula] Running formula 6s309b034 with K=43 up to limit 1600
[2025-12-12 08:01:04] [generate_cnf] Generating formula 6s309b034 with K=44
[2025-12-12 08:01:12] [run_formula] Running formula 6s309b034 with K=44 up to limit 1600
[2025-12-12 08:01:27] [generate_cnf] Generating formula 6s309b034 with K=45
[2025-12-12 08:01:35] [run_formula] Running formula 6s309b034 with K=45 up to limit 1600
[2025-12-12 08:01:58] [generate_cnf] Generating formula 6s309b034 with K=46
[2025-12-12 08:02:07] [run_formula] Running formula 6s309b034 with K=46 up to limit 1600
[2025-12-12 08:02:25] [generate_cnf] Generating formula 6s309b034 with K=47
[2025-12-12 08:02:33] [run_formula] Running formula 6s309b034 with K=47 up to limit 1600
[2025-12-12 08:03:11] [generate_cnf] Generating formula 6s309b034 with K=48
[2025-12-12 08:03:20] [run_formula] Running formula 6s309b034 with K=48 up to limit 1600
[2025-12-12 08:03:51] [generate_cnf] Generating formula 6s309b034 with K=49
[2025-12-12 08:04:00] [run_formula] Running formula 6s309b034 with K=49 up to limit 1600
[2025-12-12 08:04:27] [generate_cnf] Generating formula 6s309b034 with K=50
[2025-12-12 08:04:36] [run_formula] Running formula 6s309b034 with K=50 up to limit 1600
[2025-12-12 08:05:31] [generate_cnf] Generating formula 6s309b034 with K=51
[2025-12-12 08:05:41] [run_formula] Running formula 6s309b034 with K=51 up to limit 1600
[2025-12-12 08:06:56] [generate_cnf] Generating formula 6s309b034 with K=52
[2025-12-12 08:07:06] [run_formula] Running formula 6s309b034 with K=52 up to limit 1600
[2025-12-12 08:09:24] [generate_cnf] Generating formula 6s309b034 with K=53
[2025-12-12 08:09:33] [run_formula] Running formula 6s309b034 with K=53 up to limit 1600
[2025-12-12 08:10:56] [generate_cnf] Generating formula 6s309b034 with K=54
[2025-12-12 08:11:06] [run_formula] Running formula 6s309b034 with K=54 up to limit 1600
[2025-12-12 08:12:49] [generate_cnf] Generating formula 6s309b034 with K=55
[2025-12-12 08:13:00] [run_formula] Running formula 6s309b034 with K=55 up to limit 1600
[2025-12-12 08:15:13] [generate_cnf] Generating formula 6s309b034 with K=56
[2025-12-12 08:15:23] [run_formula] Running formula 6s309b034 with K=56 up to limit 1600
[2025-12-12 08:17:44] [generate_cnf] Generating formula 6s309b034 with K=57
[2025-12-12 08:17:55] [run_formula] Running formula 6s309b034 with K=57 up to limit 1600
[2025-12-12 08:19:02] [generate_cnf] Generating formula 6s309b034 with K=58
[2025-12-12 08:19:12] [run_formula] Running formula 6s309b034 with K=58 up to limit 1600
[2025-12-12 08:21:20] [generate_cnf] Generating formula 6s309b034 with K=59
[2025-12-12 08:21:31] [run_formula] Running formula 6s309b034 with K=59 up to limit 1600
[2025-12-12 08:23:55] [generate_cnf] Generating formula 6s309b034 with K=60
[2025-12-12 08:24:05] [run_formula] Running formula 6s309b034 with K=60 up to limit 1600
[2025-12-12 08:27:40] [generate_cnf] Generating formula 6s309b034 with K=61
[2025-12-12 08:27:51] [run_formula] Running formula 6s309b034 with K=61 up to limit 1600
[2025-12-12 08:30:28] [run_formula] Error running formula 6s309b034 with K=61: [Errno 122] Disk quota exceeded: './results/solving_logs/6s309b034//6s309b034.61.log'
[2025-12-12 08:30:28] [generate_and_run_up_to_limit] Failed to run formula 6s309b034 with K=61, halting
