CNF written.
CNF written.
CNF written.
CNF written.
CNF written.
CNF written.
CNF written.
CNF written.
CNF written.
CNF written.
CNF written.
CNF written.
CNF written.
CNF written.
CNF written.
CNF written.
CNF written.
CNF written.
CNF written.
CNF written.
CNF written.
CNF written.
CNF written.
CNF written.
CNF written.
CNF written.
CNF written.
CNF written.
CNF written.
CNF written.
CNF written.
CNF written.
CNF written.
CNF written.
CNF written.
CNF written.
CNF written.
CNF written.
CNF written.
CNF written.
CNF written.
CNF written.
CNF written.
CNF written.
CNF written.
CNF written.
CNF written.
CNF written.
CNF written.
CNF written.
CNF written.
CNF written.
CNF written.
CNF written.
CNF written.
CNF written.
CNF written.
CNF written.
CNF written.
CNF written.
CNF written.
CNF written.
CNF written.
CNF written.
CNF written.
CNF written.
CNF written.
CNF written.
CNF written.
CNF written.
[2025-12-12 07:10:42] [generate_and_run_up_to_limit] Generating and running 6s317b14 with K<=500 up to limit 1600
[2025-12-12 07:10:42] [generate_cnf] Generating formula 6s317b14 with K=1
[2025-12-12 07:10:42] [run_formula] Running formula 6s317b14 with K=1 up to limit 1600
[2025-12-12 07:10:42] [generate_cnf] Generating formula 6s317b14 with K=2
[2025-12-12 07:10:42] [run_formula] Running formula 6s317b14 with K=2 up to limit 1600
[2025-12-12 07:10:42] [generate_cnf] Generating formula 6s317b14 with K=3
[2025-12-12 07:10:42] [run_formula] Running formula 6s317b14 with K=3 up to limit 1600
[2025-12-12 07:10:42] [generate_cnf] Generating formula 6s317b14 with K=4
[2025-12-12 07:10:42] [run_formula] Running formula 6s317b14 with K=4 up to limit 1600
[2025-12-12 07:10:42] [generate_cnf] Generating formula 6s317b14 with K=5
[2025-12-12 07:10:42] [run_formula] Running formula 6s317b14 with K=5 up to limit 1600
[2025-12-12 07:10:42] [generate_cnf] Generating formula 6s317b14 with K=6
[2025-12-12 07:10:42] [run_formula] Running formula 6s317b14 with K=6 up to limit 1600
[2025-12-12 07:10:42] [generate_cnf] Generating formula 6s317b14 with K=7
[2025-12-12 07:10:43] [run_formula] Running formula 6s317b14 with K=7 up to limit 1600
[2025-12-12 07:10:43] [generate_cnf] Generating formula 6s317b14 with K=8
[2025-12-12 07:10:43] [run_formula] Running formula 6s317b14 with K=8 up to limit 1600
[2025-12-12 07:10:43] [generate_cnf] Generating formula 6s317b14 with K=9
[2025-12-12 07:10:43] [run_formula] Running formula 6s317b14 with K=9 up to limit 1600
[2025-12-12 07:10:43] [generate_cnf] Generating formula 6s317b14 with K=10
[2025-12-12 07:10:43] [run_formula] Running formula 6s317b14 with K=10 up to limit 1600
[2025-12-12 07:10:43] [generate_cnf] Generating formula 6s317b14 with K=11
[2025-12-12 07:10:43] [run_formula] Running formula 6s317b14 with K=11 up to limit 1600
[2025-12-12 07:10:44] [generate_cnf] Generating formula 6s317b14 with K=12
[2025-12-12 07:10:44] [run_formula] Running formula 6s317b14 with K=12 up to limit 1600
[2025-12-12 07:10:46] [generate_cnf] Generating formula 6s317b14 with K=13
[2025-12-12 07:10:46] [run_formula] Running formula 6s317b14 with K=13 up to limit 1600
[2025-12-12 07:10:49] [generate_cnf] Generating formula 6s317b14 with K=14
[2025-12-12 07:10:49] [run_formula] Running formula 6s317b14 with K=14 up to limit 1600
[2025-12-12 07:10:53] [generate_cnf] Generating formula 6s317b14 with K=15
[2025-12-12 07:10:53] [run_formula] Running formula 6s317b14 with K=15 up to limit 1600
[2025-12-12 07:10:58] [generate_cnf] Generating formula 6s317b14 with K=16
[2025-12-12 07:10:58] [run_formula] Running formula 6s317b14 with K=16 up to limit 1600
[2025-12-12 07:11:05] [generate_cnf] Generating formula 6s317b14 with K=17
[2025-12-12 07:11:05] [run_formula] Running formula 6s317b14 with K=17 up to limit 1600
[2025-12-12 07:11:11] [generate_cnf] Generating formula 6s317b14 with K=18
[2025-12-12 07:11:11] [run_formula] Running formula 6s317b14 with K=18 up to limit 1600
[2025-12-12 07:11:21] [generate_cnf] Generating formula 6s317b14 with K=19
[2025-12-12 07:11:21] [run_formula] Running formula 6s317b14 with K=19 up to limit 1600
[2025-12-12 07:11:30] [generate_cnf] Generating formula 6s317b14 with K=20
[2025-12-12 07:11:30] [run_formula] Running formula 6s317b14 with K=20 up to limit 1600
[2025-12-12 07:11:38] [generate_cnf] Generating formula 6s317b14 with K=21
[2025-12-12 07:11:38] [run_formula] Running formula 6s317b14 with K=21 up to limit 1600
[2025-12-12 07:11:56] [generate_cnf] Generating formula 6s317b14 with K=22
[2025-12-12 07:11:56] [run_formula] Running formula 6s317b14 with K=22 up to limit 1600
[2025-12-12 07:12:11] [generate_cnf] Generating formula 6s317b14 with K=23
[2025-12-12 07:12:11] [run_formula] Running formula 6s317b14 with K=23 up to limit 1600
[2025-12-12 07:12:31] [generate_cnf] Generating formula 6s317b14 with K=24
[2025-12-12 07:12:31] [run_formula] Running formula 6s317b14 with K=24 up to limit 1600
[2025-12-12 07:12:45] [generate_cnf] Generating formula 6s317b14 with K=25
[2025-12-12 07:12:47] [run_formula] Running formula 6s317b14 with K=25 up to limit 1600
[2025-12-12 07:13:10] [generate_cnf] Generating formula 6s317b14 with K=26
[2025-12-12 07:13:10] [run_formula] Running formula 6s317b14 with K=26 up to limit 1600
[2025-12-12 07:13:32] [generate_cnf] Generating formula 6s317b14 with K=27
[2025-12-12 07:13:32] [run_formula] Running formula 6s317b14 with K=27 up to limit 1600
[2025-12-12 07:13:54] [generate_cnf] Generating formula 6s317b14 with K=28
[2025-12-12 07:13:55] [run_formula] Running formula 6s317b14 with K=28 up to limit 1600
[2025-12-12 07:14:23] [generate_cnf] Generating formula 6s317b14 with K=29
[2025-12-12 07:14:23] [run_formula] Running formula 6s317b14 with K=29 up to limit 1600
[2025-12-12 07:14:52] [generate_cnf] Generating formula 6s317b14 with K=30
[2025-12-12 07:14:53] [run_formula] Running formula 6s317b14 with K=30 up to limit 1600
[2025-12-12 07:15:13] [generate_cnf] Generating formula 6s317b14 with K=31
[2025-12-12 07:15:14] [run_formula] Running formula 6s317b14 with K=31 up to limit 1600
[2025-12-12 07:15:52] [generate_cnf] Generating formula 6s317b14 with K=32
[2025-12-12 07:15:52] [run_formula] Running formula 6s317b14 with K=32 up to limit 1600
[2025-12-12 07:16:33] [generate_cnf] Generating formula 6s317b14 with K=33
[2025-12-12 07:16:33] [run_formula] Running formula 6s317b14 with K=33 up to limit 1600
[2025-12-12 07:17:27] [generate_cnf] Generating formula 6s317b14 with K=34
[2025-12-12 07:17:28] [run_formula] Running formula 6s317b14 with K=34 up to limit 1600
[2025-12-12 07:18:09] [generate_cnf] Generating formula 6s317b14 with K=35
[2025-12-12 07:18:10] [run_formula] Running formula 6s317b14 with K=35 up to limit 1600
[2025-12-12 07:18:49] [generate_cnf] Generating formula 6s317b14 with K=36
[2025-12-12 07:18:49] [run_formula] Running formula 6s317b14 with K=36 up to limit 1600
[2025-12-12 07:19:51] [generate_cnf] Generating formula 6s317b14 with K=37
[2025-12-12 07:19:51] [run_formula] Running formula 6s317b14 with K=37 up to limit 1600
[2025-12-12 07:20:54] [generate_cnf] Generating formula 6s317b14 with K=38
[2025-12-12 07:20:54] [run_formula] Running formula 6s317b14 with K=38 up to limit 1600
[2025-12-12 07:21:48] [generate_cnf] Generating formula 6s317b14 with K=39
[2025-12-12 07:21:49] [run_formula] Running formula 6s317b14 with K=39 up to limit 1600
[2025-12-12 07:23:24] [generate_cnf] Generating formula 6s317b14 with K=40
[2025-12-12 07:23:24] [run_formula] Running formula 6s317b14 with K=40 up to limit 1600
[2025-12-12 07:24:28] [generate_cnf] Generating formula 6s317b14 with K=41
[2025-12-12 07:24:29] [run_formula] Running formula 6s317b14 with K=41 up to limit 1600
[2025-12-12 07:25:53] [generate_cnf] Generating formula 6s317b14 with K=42
[2025-12-12 07:25:54] [run_formula] Running formula 6s317b14 with K=42 up to limit 1600
[2025-12-12 07:27:11] [generate_cnf] Generating formula 6s317b14 with K=43
[2025-12-12 07:27:12] [run_formula] Running formula 6s317b14 with K=43 up to limit 1600
[2025-12-12 07:28:45] [generate_cnf] Generating formula 6s317b14 with K=44
[2025-12-12 07:28:46] [run_formula] Running formula 6s317b14 with K=44 up to limit 1600
[2025-12-12 07:30:16] [generate_cnf] Generating formula 6s317b14 with K=45
[2025-12-12 07:30:17] [run_formula] Running formula 6s317b14 with K=45 up to limit 1600
[2025-12-12 07:31:33] [generate_cnf] Generating formula 6s317b14 with K=46
[2025-12-12 07:31:34] [run_formula] Running formula 6s317b14 with K=46 up to limit 1600
[2025-12-12 07:33:05] [generate_cnf] Generating formula 6s317b14 with K=47
[2025-12-12 07:33:06] [run_formula] Running formula 6s317b14 with K=47 up to limit 1600
[2025-12-12 07:34:32] [generate_cnf] Generating formula 6s317b14 with K=48
[2025-12-12 07:34:33] [run_formula] Running formula 6s317b14 with K=48 up to limit 1600
[2025-12-12 07:35:53] [generate_cnf] Generating formula 6s317b14 with K=49
[2025-12-12 07:35:53] [run_formula] Running formula 6s317b14 with K=49 up to limit 1600
[2025-12-12 07:37:23] [generate_cnf] Generating formula 6s317b14 with K=50
[2025-12-12 07:37:23] [run_formula] Running formula 6s317b14 with K=50 up to limit 1600
[2025-12-12 07:38:41] [generate_cnf] Generating formula 6s317b14 with K=51
[2025-12-12 07:38:41] [run_formula] Running formula 6s317b14 with K=51 up to limit 1600
[2025-12-12 07:39:58] [generate_cnf] Generating formula 6s317b14 with K=52
[2025-12-12 07:39:59] [run_formula] Running formula 6s317b14 with K=52 up to limit 1600
[2025-12-12 07:41:48] [generate_cnf] Generating formula 6s317b14 with K=53
[2025-12-12 07:41:49] [run_formula] Running formula 6s317b14 with K=53 up to limit 1600
[2025-12-12 07:43:27] [generate_cnf] Generating formula 6s317b14 with K=54
[2025-12-12 07:43:28] [run_formula] Running formula 6s317b14 with K=54 up to limit 1600
[2025-12-12 07:44:52] [generate_cnf] Generating formula 6s317b14 with K=55
[2025-12-12 07:44:53] [run_formula] Running formula 6s317b14 with K=55 up to limit 1600
[2025-12-12 07:46:31] [generate_cnf] Generating formula 6s317b14 with K=56
[2025-12-12 07:46:31] [run_formula] Running formula 6s317b14 with K=56 up to limit 1600
[2025-12-12 07:48:07] [generate_cnf] Generating formula 6s317b14 with K=57
[2025-12-12 07:48:08] [run_formula] Running formula 6s317b14 with K=57 up to limit 1600
[2025-12-12 07:49:43] [generate_cnf] Generating formula 6s317b14 with K=58
[2025-12-12 07:49:44] [run_formula] Running formula 6s317b14 with K=58 up to limit 1600
[2025-12-12 07:51:30] [generate_cnf] Generating formula 6s317b14 with K=59
[2025-12-12 07:51:31] [run_formula] Running formula 6s317b14 with K=59 up to limit 1600
[2025-12-12 07:53:02] [generate_cnf] Generating formula 6s317b14 with K=60
[2025-12-12 07:53:03] [run_formula] Running formula 6s317b14 with K=60 up to limit 1600
[2025-12-12 07:54:55] [generate_cnf] Generating formula 6s317b14 with K=61
[2025-12-12 07:54:56] [run_formula] Running formula 6s317b14 with K=61 up to limit 1600
[2025-12-12 07:57:25] [generate_cnf] Generating formula 6s317b14 with K=62
[2025-12-12 07:57:26] [run_formula] Running formula 6s317b14 with K=62 up to limit 1600
[2025-12-12 08:01:03] [generate_cnf] Generating formula 6s317b14 with K=63
[2025-12-12 08:01:04] [run_formula] Running formula 6s317b14 with K=63 up to limit 1600
[2025-12-12 08:03:25] [generate_cnf] Generating formula 6s317b14 with K=64
[2025-12-12 08:03:25] [run_formula] Running formula 6s317b14 with K=64 up to limit 1600
[2025-12-12 08:05:02] [generate_cnf] Generating formula 6s317b14 with K=65
[2025-12-12 08:05:03] [run_formula] Running formula 6s317b14 with K=65 up to limit 1600
[2025-12-12 08:08:20] [generate_cnf] Generating formula 6s317b14 with K=66
[2025-12-12 08:08:21] [run_formula] Running formula 6s317b14 with K=66 up to limit 1600
[2025-12-12 08:11:45] [generate_cnf] Generating formula 6s317b14 with K=67
[2025-12-12 08:11:46] [run_formula] Running formula 6s317b14 with K=67 up to limit 1600
[2025-12-12 08:16:47] [generate_cnf] Generating formula 6s317b14 with K=68
[2025-12-12 08:16:47] [run_formula] Running formula 6s317b14 with K=68 up to limit 1600
[2025-12-12 08:20:30] [generate_cnf] Generating formula 6s317b14 with K=69
[2025-12-12 08:20:30] [run_formula] Running formula 6s317b14 with K=69 up to limit 1600
[2025-12-12 08:24:27] [generate_cnf] Generating formula 6s317b14 with K=70
[2025-12-12 08:24:27] [run_formula] Running formula 6s317b14 with K=70 up to limit 1600
[2025-12-12 08:30:07] [run_formula] Error running formula 6s317b14 with K=70: [Errno 122] Disk quota exceeded: './results/solving_logs/6s317b14//6s317b14.70.log'
[2025-12-12 08:30:07] [generate_and_run_up_to_limit] Failed to run formula 6s317b14 with K=70, halting
