CNF written.
CNF written.
CNF written.
CNF written.
CNF written.
CNF written.
CNF written.
CNF written.
CNF written.
CNF written.
CNF written.
CNF written.
CNF written.
[2025-12-12 07:07:11] [generate_and_run_up_to_limit] Generating and running 6s320rb0 with K<=500 up to limit 1600
[2025-12-12 07:07:11] [generate_cnf] Generating formula 6s320rb0 with K=1
[2025-12-12 07:07:11] [run_formula] Running formula 6s320rb0 with K=1 up to limit 1600
[2025-12-12 07:07:11] [generate_cnf] Generating formula 6s320rb0 with K=2
[2025-12-12 07:07:11] [run_formula] Running formula 6s320rb0 with K=2 up to limit 1600
[2025-12-12 07:07:12] [generate_cnf] Generating formula 6s320rb0 with K=3
[2025-12-12 07:07:12] [run_formula] Running formula 6s320rb0 with K=3 up to limit 1600
[2025-12-12 07:07:12] [generate_cnf] Generating formula 6s320rb0 with K=4
[2025-12-12 07:07:13] [run_formula] Running formula 6s320rb0 with K=4 up to limit 1600
[2025-12-12 07:07:14] [generate_cnf] Generating formula 6s320rb0 with K=5
[2025-12-12 07:07:15] [run_formula] Running formula 6s320rb0 with K=5 up to limit 1600
[2025-12-12 07:07:22] [generate_cnf] Generating formula 6s320rb0 with K=6
[2025-12-12 07:07:22] [run_formula] Running formula 6s320rb0 with K=6 up to limit 1600
[2025-12-12 07:08:01] [generate_cnf] Generating formula 6s320rb0 with K=7
[2025-12-12 07:08:02] [run_formula] Running formula 6s320rb0 with K=7 up to limit 1600
[2025-12-12 07:12:25] [generate_cnf] Generating formula 6s320rb0 with K=8
[2025-12-12 07:12:26] [run_formula] Running formula 6s320rb0 with K=8 up to limit 1600
[2025-12-12 07:30:54] [generate_cnf] Generating formula 6s320rb0 with K=9
[2025-12-12 07:30:55] [run_formula] Running formula 6s320rb0 with K=9 up to limit 1600
[2025-12-12 07:37:51] [generate_cnf] Generating formula 6s320rb0 with K=10
[2025-12-12 07:37:52] [run_formula] Running formula 6s320rb0 with K=10 up to limit 1600
[2025-12-12 07:44:23] [generate_cnf] Generating formula 6s320rb0 with K=11
[2025-12-12 07:44:24] [run_formula] Running formula 6s320rb0 with K=11 up to limit 1600
[2025-12-12 07:58:00] [generate_cnf] Generating formula 6s320rb0 with K=12
[2025-12-12 07:58:01] [run_formula] Running formula 6s320rb0 with K=12 up to limit 1600
[2025-12-12 08:04:46] [generate_cnf] Generating formula 6s320rb0 with K=13
[2025-12-12 08:04:48] [run_formula] Running formula 6s320rb0 with K=13 up to limit 1600
[2025-12-12 08:31:28] [run_formula] Formula 6s320rb0 with K=13 timed out after 1600 seconds
[2025-12-12 08:31:28] [generate_and_run_up_to_limit] Failed to run formula 6s320rb0 with K=13, halting
