CNF written.
CNF written.
CNF written.
CNF written.
CNF written.
CNF written.
CNF written.
CNF written.
CNF written.
CNF written.
CNF written.
CNF written.
CNF written.
CNF written.
CNF written.
CNF written.
CNF written.
CNF written.
CNF written.
CNF written.
CNF written.
CNF written.
CNF written.
CNF written.
CNF written.
CNF written.
CNF written.
CNF written.
CNF written.
CNF written.
CNF written.
CNF written.
CNF written.
CNF written.
CNF written.
CNF written.
CNF written.
CNF written.
CNF written.
CNF written.
CNF written.
CNF written.
CNF written.
CNF written.
CNF written.
CNF written.
CNF written.
CNF written.
CNF written.
CNF written.
CNF written.
CNF written.
CNF written.
[2025-12-12 07:56:53] [generate_and_run_up_to_limit] Generating and running 6s342rb131 with K<=500 up to limit 1600
[2025-12-12 07:56:53] [generate_cnf] Generating formula 6s342rb131 with K=1
[2025-12-12 07:56:56] [run_formula] Running formula 6s342rb131 with K=1 up to limit 1600
[2025-12-12 07:56:56] [generate_cnf] Generating formula 6s342rb131 with K=2
[2025-12-12 07:57:00] [run_formula] Running formula 6s342rb131 with K=2 up to limit 1600
[2025-12-12 07:57:00] [generate_cnf] Generating formula 6s342rb131 with K=3
[2025-12-12 07:57:05] [run_formula] Running formula 6s342rb131 with K=3 up to limit 1600
[2025-12-12 07:57:06] [generate_cnf] Generating formula 6s342rb131 with K=4
[2025-12-12 07:57:12] [run_formula] Running formula 6s342rb131 with K=4 up to limit 1600
[2025-12-12 07:57:12] [generate_cnf] Generating formula 6s342rb131 with K=5
[2025-12-12 07:57:19] [run_formula] Running formula 6s342rb131 with K=5 up to limit 1600
[2025-12-12 07:57:20] [generate_cnf] Generating formula 6s342rb131 with K=6
[2025-12-12 07:57:29] [run_formula] Running formula 6s342rb131 with K=6 up to limit 1600
[2025-12-12 07:57:30] [generate_cnf] Generating formula 6s342rb131 with K=7
[2025-12-12 07:57:40] [run_formula] Running formula 6s342rb131 with K=7 up to limit 1600
[2025-12-12 07:57:41] [generate_cnf] Generating formula 6s342rb131 with K=8
[2025-12-12 07:57:50] [run_formula] Running formula 6s342rb131 with K=8 up to limit 1600
[2025-12-12 07:57:52] [generate_cnf] Generating formula 6s342rb131 with K=9
[2025-12-12 07:58:03] [run_formula] Running formula 6s342rb131 with K=9 up to limit 1600
[2025-12-12 07:58:04] [generate_cnf] Generating formula 6s342rb131 with K=10
[2025-12-12 07:58:17] [run_formula] Running formula 6s342rb131 with K=10 up to limit 1600
[2025-12-12 07:58:19] [generate_cnf] Generating formula 6s342rb131 with K=11
[2025-12-12 07:58:32] [run_formula] Running formula 6s342rb131 with K=11 up to limit 1600
[2025-12-12 07:58:34] [generate_cnf] Generating formula 6s342rb131 with K=12
[2025-12-12 07:58:48] [run_formula] Running formula 6s342rb131 with K=12 up to limit 1600
[2025-12-12 07:58:50] [generate_cnf] Generating formula 6s342rb131 with K=13
[2025-12-12 07:59:04] [run_formula] Running formula 6s342rb131 with K=13 up to limit 1600
[2025-12-12 07:59:06] [generate_cnf] Generating formula 6s342rb131 with K=14
[2025-12-12 07:59:23] [run_formula] Running formula 6s342rb131 with K=14 up to limit 1600
[2025-12-12 07:59:26] [generate_cnf] Generating formula 6s342rb131 with K=15
[2025-12-12 07:59:43] [run_formula] Running formula 6s342rb131 with K=15 up to limit 1600
[2025-12-12 07:59:46] [generate_cnf] Generating formula 6s342rb131 with K=16
[2025-12-12 08:00:08] [run_formula] Running formula 6s342rb131 with K=16 up to limit 1600
[2025-12-12 08:00:10] [generate_cnf] Generating formula 6s342rb131 with K=17
[2025-12-12 08:00:31] [run_formula] Running formula 6s342rb131 with K=17 up to limit 1600
[2025-12-12 08:00:34] [generate_cnf] Generating formula 6s342rb131 with K=18
[2025-12-12 08:00:54] [run_formula] Running formula 6s342rb131 with K=18 up to limit 1600
[2025-12-12 08:00:57] [generate_cnf] Generating formula 6s342rb131 with K=19
[2025-12-12 08:01:17] [run_formula] Running formula 6s342rb131 with K=19 up to limit 1600
[2025-12-12 08:01:20] [generate_cnf] Generating formula 6s342rb131 with K=20
[2025-12-12 08:01:42] [run_formula] Running formula 6s342rb131 with K=20 up to limit 1600
[2025-12-12 08:01:46] [generate_cnf] Generating formula 6s342rb131 with K=21
[2025-12-12 08:02:09] [run_formula] Running formula 6s342rb131 with K=21 up to limit 1600
[2025-12-12 08:02:13] [generate_cnf] Generating formula 6s342rb131 with K=22
[2025-12-12 08:02:37] [run_formula] Running formula 6s342rb131 with K=22 up to limit 1600
[2025-12-12 08:02:41] [generate_cnf] Generating formula 6s342rb131 with K=23
[2025-12-12 08:03:06] [run_formula] Running formula 6s342rb131 with K=23 up to limit 1600
[2025-12-12 08:03:10] [generate_cnf] Generating formula 6s342rb131 with K=24
[2025-12-12 08:03:36] [run_formula] Running formula 6s342rb131 with K=24 up to limit 1600
[2025-12-12 08:03:40] [generate_cnf] Generating formula 6s342rb131 with K=25
[2025-12-12 08:04:07] [run_formula] Running formula 6s342rb131 with K=25 up to limit 1600
[2025-12-12 08:04:12] [generate_cnf] Generating formula 6s342rb131 with K=26
[2025-12-12 08:04:40] [run_formula] Running formula 6s342rb131 with K=26 up to limit 1600
[2025-12-12 08:04:45] [generate_cnf] Generating formula 6s342rb131 with K=27
[2025-12-12 08:05:20] [run_formula] Running formula 6s342rb131 with K=27 up to limit 1600
[2025-12-12 08:05:25] [generate_cnf] Generating formula 6s342rb131 with K=28
[2025-12-12 08:05:58] [run_formula] Running formula 6s342rb131 with K=28 up to limit 1600
[2025-12-12 08:06:03] [generate_cnf] Generating formula 6s342rb131 with K=29
[2025-12-12 08:06:35] [run_formula] Running formula 6s342rb131 with K=29 up to limit 1600
[2025-12-12 08:06:40] [generate_cnf] Generating formula 6s342rb131 with K=30
[2025-12-12 08:07:11] [run_formula] Running formula 6s342rb131 with K=30 up to limit 1600
[2025-12-12 08:07:17] [generate_cnf] Generating formula 6s342rb131 with K=31
[2025-12-12 08:07:49] [run_formula] Running formula 6s342rb131 with K=31 up to limit 1600
[2025-12-12 08:07:55] [generate_cnf] Generating formula 6s342rb131 with K=32
[2025-12-12 08:08:28] [run_formula] Running formula 6s342rb131 with K=32 up to limit 1600
[2025-12-12 08:08:33] [generate_cnf] Generating formula 6s342rb131 with K=33
[2025-12-12 08:09:10] [run_formula] Running formula 6s342rb131 with K=33 up to limit 1600
[2025-12-12 08:09:16] [generate_cnf] Generating formula 6s342rb131 with K=34
[2025-12-12 08:09:53] [run_formula] Running formula 6s342rb131 with K=34 up to limit 1600
[2025-12-12 08:09:59] [generate_cnf] Generating formula 6s342rb131 with K=35
[2025-12-12 08:10:36] [run_formula] Running formula 6s342rb131 with K=35 up to limit 1600
[2025-12-12 08:10:42] [generate_cnf] Generating formula 6s342rb131 with K=36
[2025-12-12 08:11:20] [run_formula] Running formula 6s342rb131 with K=36 up to limit 1600
[2025-12-12 08:11:27] [generate_cnf] Generating formula 6s342rb131 with K=37
[2025-12-12 08:12:13] [run_formula] Running formula 6s342rb131 with K=37 up to limit 1600
[2025-12-12 08:12:20] [generate_cnf] Generating formula 6s342rb131 with K=38
[2025-12-12 08:13:01] [run_formula] Running formula 6s342rb131 with K=38 up to limit 1600
[2025-12-12 08:13:08] [generate_cnf] Generating formula 6s342rb131 with K=39
[2025-12-12 08:13:49] [run_formula] Running formula 6s342rb131 with K=39 up to limit 1600
[2025-12-12 08:13:56] [generate_cnf] Generating formula 6s342rb131 with K=40
[2025-12-12 08:14:38] [run_formula] Running formula 6s342rb131 with K=40 up to limit 1600
[2025-12-12 08:14:45] [generate_cnf] Generating formula 6s342rb131 with K=41
[2025-12-12 08:15:29] [run_formula] Running formula 6s342rb131 with K=41 up to limit 1600
[2025-12-12 08:15:36] [generate_cnf] Generating formula 6s342rb131 with K=42
[2025-12-12 08:16:22] [run_formula] Running formula 6s342rb131 with K=42 up to limit 1600
[2025-12-12 08:16:30] [generate_cnf] Generating formula 6s342rb131 with K=43
[2025-12-12 08:17:15] [run_formula] Running formula 6s342rb131 with K=43 up to limit 1600
[2025-12-12 08:17:23] [generate_cnf] Generating formula 6s342rb131 with K=44
[2025-12-12 08:18:12] [run_formula] Running formula 6s342rb131 with K=44 up to limit 1600
[2025-12-12 08:18:20] [generate_cnf] Generating formula 6s342rb131 with K=45
[2025-12-12 08:19:16] [run_formula] Running formula 6s342rb131 with K=45 up to limit 1600
[2025-12-12 08:19:24] [generate_cnf] Generating formula 6s342rb131 with K=46
[2025-12-12 08:20:13] [run_formula] Running formula 6s342rb131 with K=46 up to limit 1600
[2025-12-12 08:20:21] [generate_cnf] Generating formula 6s342rb131 with K=47
[2025-12-12 08:21:11] [run_formula] Running formula 6s342rb131 with K=47 up to limit 1600
[2025-12-12 08:21:20] [generate_cnf] Generating formula 6s342rb131 with K=48
[2025-12-12 08:22:11] [run_formula] Running formula 6s342rb131 with K=48 up to limit 1600
[2025-12-12 08:22:20] [generate_cnf] Generating formula 6s342rb131 with K=49
[2025-12-12 08:23:13] [run_formula] Running formula 6s342rb131 with K=49 up to limit 1600
[2025-12-12 08:23:23] [generate_cnf] Generating formula 6s342rb131 with K=50
[2025-12-12 08:24:29] [run_formula] Running formula 6s342rb131 with K=50 up to limit 1600
[2025-12-12 08:24:39] [generate_cnf] Generating formula 6s342rb131 with K=51
[2025-12-12 08:25:49] [run_formula] Running formula 6s342rb131 with K=51 up to limit 1600
[2025-12-12 08:25:59] [generate_cnf] Generating formula 6s342rb131 with K=52
[2025-12-12 08:27:12] [run_formula] Running formula 6s342rb131 with K=52 up to limit 1600
[2025-12-12 08:27:22] [generate_cnf] Generating formula 6s342rb131 with K=53
[2025-12-12 08:28:26] [run_formula] Running formula 6s342rb131 with K=53 up to limit 1600
[2025-12-12 08:28:36] [run_formula] Error running formula 6s342rb131 with K=53: [Errno 122] Disk quota exceeded: './results/solving_logs/6s342rb131//6s342rb131.53.log'
[2025-12-12 08:28:36] [generate_and_run_up_to_limit] Failed to run formula 6s342rb131 with K=53, halting
