CNF written.
CNF written.
CNF written.
CNF written.
CNF written.
CNF written.
CNF written.
CNF written.
CNF written.
CNF written.
CNF written.
CNF written.
CNF written.
CNF written.
CNF written.
CNF written.
CNF written.
CNF written.
CNF written.
CNF written.
CNF written.
CNF written.
CNF written.
CNF written.
CNF written.
CNF written.
CNF written.
CNF written.
CNF written.
CNF written.
CNF written.
CNF written.
CNF written.
CNF written.
CNF written.
CNF written.
CNF written.
CNF written.
CNF written.
CNF written.
CNF written.
CNF written.
CNF written.
CNF written.
CNF written.
CNF written.
CNF written.
CNF written.
CNF written.
CNF written.
CNF written.
CNF written.
CNF written.
CNF written.
CNF written.
CNF written.
CNF written.
CNF written.
CNF written.
CNF written.
CNF written.
CNF written.
CNF written.
CNF written.
CNF written.
CNF written.
CNF written.
CNF written.
CNF written.
CNF written.
CNF written.
CNF written.
CNF written.
CNF written.
CNF written.
CNF written.
CNF written.
CNF written.
CNF written.
CNF written.
CNF written.
CNF written.
CNF written.
CNF written.
CNF written.
CNF written.
CNF written.
CNF written.
CNF written.
CNF written.
CNF written.
CNF written.
CNF written.
CNF written.
CNF written.
CNF written.
CNF written.
CNF written.
CNF written.
CNF written.
CNF written.
CNF written.
CNF written.
CNF written.
CNF written.
CNF written.
CNF written.
CNF written.
CNF written.
CNF written.
CNF written.
CNF written.
CNF written.
CNF written.
CNF written.
CNF written.
CNF written.
CNF written.
CNF written.
CNF written.
CNF written.
CNF written.
CNF written.
CNF written.
CNF written.
CNF written.
CNF written.
CNF written.
CNF written.
CNF written.
CNF written.
CNF written.
CNF written.
CNF written.
CNF written.
CNF written.
CNF written.
CNF written.
CNF written.
CNF written.
CNF written.
CNF written.
CNF written.
CNF written.
CNF written.
CNF written.
CNF written.
CNF written.
CNF written.
CNF written.
CNF written.
CNF written.
CNF written.
CNF written.
CNF written.
CNF written.
CNF written.
CNF written.
CNF written.
CNF written.
CNF written.
CNF written.
CNF written.
CNF written.
CNF written.
CNF written.
CNF written.
CNF written.
CNF written.
CNF written.
CNF written.
CNF written.
CNF written.
CNF written.
CNF written.
CNF written.
CNF written.
CNF written.
CNF written.
CNF written.
CNF written.
CNF written.
CNF written.
CNF written.
CNF written.
CNF written.
CNF written.
CNF written.
CNF written.
CNF written.
CNF written.
CNF written.
CNF written.
CNF written.
CNF written.
CNF written.
CNF written.
CNF written.
CNF written.
CNF written.
CNF written.
CNF written.
CNF written.
CNF written.
CNF written.
CNF written.
CNF written.
CNF written.
CNF written.
CNF written.
CNF written.
CNF written.
CNF written.
CNF written.
CNF written.
CNF written.
CNF written.
CNF written.
CNF written.
CNF written.
CNF written.
CNF written.
CNF written.
CNF written.
CNF written.
CNF written.
CNF written.
CNF written.
CNF written.
CNF written.
CNF written.
CNF written.
CNF written.
CNF written.
CNF written.
CNF written.
CNF written.
CNF written.
CNF written.
CNF written.
CNF written.
CNF written.
CNF written.
CNF written.
CNF written.
CNF written.
CNF written.
CNF written.
CNF written.
CNF written.
CNF written.
CNF written.
CNF written.
CNF written.
CNF written.
CNF written.
CNF written.
CNF written.
CNF written.
CNF written.
CNF written.
CNF written.
CNF written.
CNF written.
CNF written.
CNF written.
CNF written.
CNF written.
CNF written.
CNF written.
CNF written.
CNF written.
CNF written.
CNF written.
CNF written.
CNF written.
CNF written.
CNF written.
CNF written.
CNF written.
CNF written.
CNF written.
CNF written.
CNF written.
CNF written.
CNF written.
CNF written.
CNF written.
[2025-12-12 07:03:55] [generate_and_run_up_to_limit] Generating and running 6s389b02 with K<=500 up to limit 1600
[2025-12-12 07:03:55] [generate_cnf] Generating formula 6s389b02 with K=1
[2025-12-12 07:03:55] [run_formula] Running formula 6s389b02 with K=1 up to limit 1600
[2025-12-12 07:03:55] [generate_cnf] Generating formula 6s389b02 with K=2
[2025-12-12 07:03:56] [run_formula] Running formula 6s389b02 with K=2 up to limit 1600
[2025-12-12 07:03:56] [generate_cnf] Generating formula 6s389b02 with K=3
[2025-12-12 07:03:57] [run_formula] Running formula 6s389b02 with K=3 up to limit 1600
[2025-12-12 07:03:57] [generate_cnf] Generating formula 6s389b02 with K=4
[2025-12-12 07:03:57] [run_formula] Running formula 6s389b02 with K=4 up to limit 1600
[2025-12-12 07:03:57] [generate_cnf] Generating formula 6s389b02 with K=5
[2025-12-12 07:03:58] [run_formula] Running formula 6s389b02 with K=5 up to limit 1600
[2025-12-12 07:03:58] [generate_cnf] Generating formula 6s389b02 with K=6
[2025-12-12 07:03:59] [run_formula] Running formula 6s389b02 with K=6 up to limit 1600
[2025-12-12 07:03:59] [generate_cnf] Generating formula 6s389b02 with K=7
[2025-12-12 07:03:59] [run_formula] Running formula 6s389b02 with K=7 up to limit 1600
[2025-12-12 07:03:59] [generate_cnf] Generating formula 6s389b02 with K=8
[2025-12-12 07:04:00] [run_formula] Running formula 6s389b02 with K=8 up to limit 1600
[2025-12-12 07:04:00] [generate_cnf] Generating formula 6s389b02 with K=9
[2025-12-12 07:04:01] [run_formula] Running formula 6s389b02 with K=9 up to limit 1600
[2025-12-12 07:04:01] [generate_cnf] Generating formula 6s389b02 with K=10
[2025-12-12 07:04:02] [run_formula] Running formula 6s389b02 with K=10 up to limit 1600
[2025-12-12 07:04:02] [generate_cnf] Generating formula 6s389b02 with K=11
[2025-12-12 07:04:03] [run_formula] Running formula 6s389b02 with K=11 up to limit 1600
[2025-12-12 07:04:04] [generate_cnf] Generating formula 6s389b02 with K=12
[2025-12-12 07:04:05] [run_formula] Running formula 6s389b02 with K=12 up to limit 1600
[2025-12-12 07:04:05] [generate_cnf] Generating formula 6s389b02 with K=13
[2025-12-12 07:04:06] [run_formula] Running formula 6s389b02 with K=13 up to limit 1600
[2025-12-12 07:04:06] [generate_cnf] Generating formula 6s389b02 with K=14
[2025-12-12 07:04:07] [run_formula] Running formula 6s389b02 with K=14 up to limit 1600
[2025-12-12 07:04:08] [generate_cnf] Generating formula 6s389b02 with K=15
[2025-12-12 07:04:09] [run_formula] Running formula 6s389b02 with K=15 up to limit 1600
[2025-12-12 07:04:09] [generate_cnf] Generating formula 6s389b02 with K=16
[2025-12-12 07:04:11] [run_formula] Running formula 6s389b02 with K=16 up to limit 1600
[2025-12-12 07:04:11] [generate_cnf] Generating formula 6s389b02 with K=17
[2025-12-12 07:04:12] [run_formula] Running formula 6s389b02 with K=17 up to limit 1600
[2025-12-12 07:04:13] [generate_cnf] Generating formula 6s389b02 with K=18
[2025-12-12 07:04:14] [run_formula] Running formula 6s389b02 with K=18 up to limit 1600
[2025-12-12 07:04:14] [generate_cnf] Generating formula 6s389b02 with K=19
[2025-12-12 07:04:16] [run_formula] Running formula 6s389b02 with K=19 up to limit 1600
[2025-12-12 07:04:16] [generate_cnf] Generating formula 6s389b02 with K=20
[2025-12-12 07:04:18] [run_formula] Running formula 6s389b02 with K=20 up to limit 1600
[2025-12-12 07:04:18] [generate_cnf] Generating formula 6s389b02 with K=21
[2025-12-12 07:04:20] [run_formula] Running formula 6s389b02 with K=21 up to limit 1600
[2025-12-12 07:04:21] [generate_cnf] Generating formula 6s389b02 with K=22
[2025-12-12 07:04:22] [run_formula] Running formula 6s389b02 with K=22 up to limit 1600
[2025-12-12 07:04:23] [generate_cnf] Generating formula 6s389b02 with K=23
[2025-12-12 07:04:25] [run_formula] Running formula 6s389b02 with K=23 up to limit 1600
[2025-12-12 07:04:25] [generate_cnf] Generating formula 6s389b02 with K=24
[2025-12-12 07:04:27] [run_formula] Running formula 6s389b02 with K=24 up to limit 1600
[2025-12-12 07:04:28] [generate_cnf] Generating formula 6s389b02 with K=25
[2025-12-12 07:04:30] [run_formula] Running formula 6s389b02 with K=25 up to limit 1600
[2025-12-12 07:04:30] [generate_cnf] Generating formula 6s389b02 with K=26
[2025-12-12 07:04:33] [run_formula] Running formula 6s389b02 with K=26 up to limit 1600
[2025-12-12 07:04:33] [generate_cnf] Generating formula 6s389b02 with K=27
[2025-12-12 07:04:35] [run_formula] Running formula 6s389b02 with K=27 up to limit 1600
[2025-12-12 07:04:36] [generate_cnf] Generating formula 6s389b02 with K=28
[2025-12-12 07:04:38] [run_formula] Running formula 6s389b02 with K=28 up to limit 1600
[2025-12-12 07:04:39] [generate_cnf] Generating formula 6s389b02 with K=29
[2025-12-12 07:04:41] [run_formula] Running formula 6s389b02 with K=29 up to limit 1600
[2025-12-12 07:04:42] [generate_cnf] Generating formula 6s389b02 with K=30
[2025-12-12 07:04:44] [run_formula] Running formula 6s389b02 with K=30 up to limit 1600
[2025-12-12 07:04:45] [generate_cnf] Generating formula 6s389b02 with K=31
[2025-12-12 07:04:47] [run_formula] Running formula 6s389b02 with K=31 up to limit 1600
[2025-12-12 07:04:48] [generate_cnf] Generating formula 6s389b02 with K=32
[2025-12-12 07:04:51] [run_formula] Running formula 6s389b02 with K=32 up to limit 1600
[2025-12-12 07:04:52] [generate_cnf] Generating formula 6s389b02 with K=33
[2025-12-12 07:04:54] [run_formula] Running formula 6s389b02 with K=33 up to limit 1600
[2025-12-12 07:04:55] [generate_cnf] Generating formula 6s389b02 with K=34
[2025-12-12 07:04:58] [run_formula] Running formula 6s389b02 with K=34 up to limit 1600
[2025-12-12 07:04:58] [generate_cnf] Generating formula 6s389b02 with K=35
[2025-12-12 07:05:01] [run_formula] Running formula 6s389b02 with K=35 up to limit 1600
[2025-12-12 07:05:02] [generate_cnf] Generating formula 6s389b02 with K=36
[2025-12-12 07:05:05] [run_formula] Running formula 6s389b02 with K=36 up to limit 1600
[2025-12-12 07:05:06] [generate_cnf] Generating formula 6s389b02 with K=37
[2025-12-12 07:05:09] [run_formula] Running formula 6s389b02 with K=37 up to limit 1600
[2025-12-12 07:05:10] [generate_cnf] Generating formula 6s389b02 with K=38
[2025-12-12 07:05:13] [run_formula] Running formula 6s389b02 with K=38 up to limit 1600
[2025-12-12 07:05:14] [generate_cnf] Generating formula 6s389b02 with K=39
[2025-12-12 07:05:17] [run_formula] Running formula 6s389b02 with K=39 up to limit 1600
[2025-12-12 07:05:18] [generate_cnf] Generating formula 6s389b02 with K=40
[2025-12-12 07:05:21] [run_formula] Running formula 6s389b02 with K=40 up to limit 1600
[2025-12-12 07:05:22] [generate_cnf] Generating formula 6s389b02 with K=41
[2025-12-12 07:05:25] [run_formula] Running formula 6s389b02 with K=41 up to limit 1600
[2025-12-12 07:05:26] [generate_cnf] Generating formula 6s389b02 with K=42
[2025-12-12 07:05:29] [run_formula] Running formula 6s389b02 with K=42 up to limit 1600
[2025-12-12 07:05:30] [generate_cnf] Generating formula 6s389b02 with K=43
[2025-12-12 07:05:34] [run_formula] Running formula 6s389b02 with K=43 up to limit 1600
[2025-12-12 07:05:35] [generate_cnf] Generating formula 6s389b02 with K=44
[2025-12-12 07:05:38] [run_formula] Running formula 6s389b02 with K=44 up to limit 1600
[2025-12-12 07:05:39] [generate_cnf] Generating formula 6s389b02 with K=45
[2025-12-12 07:05:43] [run_formula] Running formula 6s389b02 with K=45 up to limit 1600
[2025-12-12 07:05:44] [generate_cnf] Generating formula 6s389b02 with K=46
[2025-12-12 07:05:48] [run_formula] Running formula 6s389b02 with K=46 up to limit 1600
[2025-12-12 07:05:49] [generate_cnf] Generating formula 6s389b02 with K=47
[2025-12-12 07:05:52] [run_formula] Running formula 6s389b02 with K=47 up to limit 1600
[2025-12-12 07:05:54] [generate_cnf] Generating formula 6s389b02 with K=48
[2025-12-12 07:05:57] [run_formula] Running formula 6s389b02 with K=48 up to limit 1600
[2025-12-12 07:05:59] [generate_cnf] Generating formula 6s389b02 with K=49
[2025-12-12 07:06:02] [run_formula] Running formula 6s389b02 with K=49 up to limit 1600
[2025-12-12 07:06:04] [generate_cnf] Generating formula 6s389b02 with K=50
[2025-12-12 07:06:08] [run_formula] Running formula 6s389b02 with K=50 up to limit 1600
[2025-12-12 07:06:09] [generate_cnf] Generating formula 6s389b02 with K=51
[2025-12-12 07:06:13] [run_formula] Running formula 6s389b02 with K=51 up to limit 1600
[2025-12-12 07:06:14] [generate_cnf] Generating formula 6s389b02 with K=52
[2025-12-12 07:06:18] [run_formula] Running formula 6s389b02 with K=52 up to limit 1600
[2025-12-12 07:06:19] [generate_cnf] Generating formula 6s389b02 with K=53
[2025-12-12 07:06:24] [run_formula] Running formula 6s389b02 with K=53 up to limit 1600
[2025-12-12 07:06:25] [generate_cnf] Generating formula 6s389b02 with K=54
[2025-12-12 07:06:29] [run_formula] Running formula 6s389b02 with K=54 up to limit 1600
[2025-12-12 07:06:31] [generate_cnf] Generating formula 6s389b02 with K=55
[2025-12-12 07:06:35] [run_formula] Running formula 6s389b02 with K=55 up to limit 1600
[2025-12-12 07:06:36] [generate_cnf] Generating formula 6s389b02 with K=56
[2025-12-12 07:06:41] [run_formula] Running formula 6s389b02 with K=56 up to limit 1600
[2025-12-12 07:06:42] [generate_cnf] Generating formula 6s389b02 with K=57
[2025-12-12 07:06:47] [run_formula] Running formula 6s389b02 with K=57 up to limit 1600
[2025-12-12 07:06:48] [generate_cnf] Generating formula 6s389b02 with K=58
[2025-12-12 07:06:53] [run_formula] Running formula 6s389b02 with K=58 up to limit 1600
[2025-12-12 07:06:54] [generate_cnf] Generating formula 6s389b02 with K=59
[2025-12-12 07:06:59] [run_formula] Running formula 6s389b02 with K=59 up to limit 1600
[2025-12-12 07:07:00] [generate_cnf] Generating formula 6s389b02 with K=60
[2025-12-12 07:07:05] [run_formula] Running formula 6s389b02 with K=60 up to limit 1600
[2025-12-12 07:07:07] [generate_cnf] Generating formula 6s389b02 with K=61
[2025-12-12 07:07:12] [run_formula] Running formula 6s389b02 with K=61 up to limit 1600
[2025-12-12 07:07:13] [generate_cnf] Generating formula 6s389b02 with K=62
[2025-12-12 07:07:19] [run_formula] Running formula 6s389b02 with K=62 up to limit 1600
[2025-12-12 07:07:21] [generate_cnf] Generating formula 6s389b02 with K=63
[2025-12-12 07:07:26] [run_formula] Running formula 6s389b02 with K=63 up to limit 1600
[2025-12-12 07:07:28] [generate_cnf] Generating formula 6s389b02 with K=64
[2025-12-12 07:07:34] [run_formula] Running formula 6s389b02 with K=64 up to limit 1600
[2025-12-12 07:07:36] [generate_cnf] Generating formula 6s389b02 with K=65
[2025-12-12 07:07:42] [run_formula] Running formula 6s389b02 with K=65 up to limit 1600
[2025-12-12 07:07:44] [generate_cnf] Generating formula 6s389b02 with K=66
[2025-12-12 07:07:50] [run_formula] Running formula 6s389b02 with K=66 up to limit 1600
[2025-12-12 07:07:52] [generate_cnf] Generating formula 6s389b02 with K=67
[2025-12-12 07:07:58] [run_formula] Running formula 6s389b02 with K=67 up to limit 1600
[2025-12-12 07:08:00] [generate_cnf] Generating formula 6s389b02 with K=68
[2025-12-12 07:08:06] [run_formula] Running formula 6s389b02 with K=68 up to limit 1600
[2025-12-12 07:08:08] [generate_cnf] Generating formula 6s389b02 with K=69
[2025-12-12 07:08:15] [run_formula] Running formula 6s389b02 with K=69 up to limit 1600
[2025-12-12 07:08:16] [generate_cnf] Generating formula 6s389b02 with K=70
[2025-12-12 07:08:23] [run_formula] Running formula 6s389b02 with K=70 up to limit 1600
[2025-12-12 07:08:25] [generate_cnf] Generating formula 6s389b02 with K=71
[2025-12-12 07:08:32] [run_formula] Running formula 6s389b02 with K=71 up to limit 1600
[2025-12-12 07:08:33] [generate_cnf] Generating formula 6s389b02 with K=72
[2025-12-12 07:08:40] [run_formula] Running formula 6s389b02 with K=72 up to limit 1600
[2025-12-12 07:08:42] [generate_cnf] Generating formula 6s389b02 with K=73
[2025-12-12 07:08:49] [run_formula] Running formula 6s389b02 with K=73 up to limit 1600
[2025-12-12 07:08:51] [generate_cnf] Generating formula 6s389b02 with K=74
[2025-12-12 07:08:58] [run_formula] Running formula 6s389b02 with K=74 up to limit 1600
[2025-12-12 07:09:00] [generate_cnf] Generating formula 6s389b02 with K=75
[2025-12-12 07:09:07] [run_formula] Running formula 6s389b02 with K=75 up to limit 1600
[2025-12-12 07:09:09] [generate_cnf] Generating formula 6s389b02 with K=76
[2025-12-12 07:09:16] [run_formula] Running formula 6s389b02 with K=76 up to limit 1600
[2025-12-12 07:09:18] [generate_cnf] Generating formula 6s389b02 with K=77
[2025-12-12 07:09:26] [run_formula] Running formula 6s389b02 with K=77 up to limit 1600
[2025-12-12 07:09:28] [generate_cnf] Generating formula 6s389b02 with K=78
[2025-12-12 07:09:35] [run_formula] Running formula 6s389b02 with K=78 up to limit 1600
[2025-12-12 07:09:37] [generate_cnf] Generating formula 6s389b02 with K=79
[2025-12-12 07:09:44] [run_formula] Running formula 6s389b02 with K=79 up to limit 1600
[2025-12-12 07:09:46] [generate_cnf] Generating formula 6s389b02 with K=80
[2025-12-12 07:09:54] [run_formula] Running formula 6s389b02 with K=80 up to limit 1600
[2025-12-12 07:09:56] [generate_cnf] Generating formula 6s389b02 with K=81
[2025-12-12 07:10:04] [run_formula] Running formula 6s389b02 with K=81 up to limit 1600
[2025-12-12 07:10:06] [generate_cnf] Generating formula 6s389b02 with K=82
[2025-12-12 07:10:14] [run_formula] Running formula 6s389b02 with K=82 up to limit 1600
[2025-12-12 07:10:16] [generate_cnf] Generating formula 6s389b02 with K=83
[2025-12-12 07:10:24] [run_formula] Running formula 6s389b02 with K=83 up to limit 1600
[2025-12-12 07:10:26] [generate_cnf] Generating formula 6s389b02 with K=84
[2025-12-12 07:10:34] [run_formula] Running formula 6s389b02 with K=84 up to limit 1600
[2025-12-12 07:10:36] [generate_cnf] Generating formula 6s389b02 with K=85
[2025-12-12 07:10:44] [run_formula] Running formula 6s389b02 with K=85 up to limit 1600
[2025-12-12 07:10:46] [generate_cnf] Generating formula 6s389b02 with K=86
[2025-12-12 07:10:54] [run_formula] Running formula 6s389b02 with K=86 up to limit 1600
[2025-12-12 07:10:57] [generate_cnf] Generating formula 6s389b02 with K=87
[2025-12-12 07:11:05] [run_formula] Running formula 6s389b02 with K=87 up to limit 1600
[2025-12-12 07:11:07] [generate_cnf] Generating formula 6s389b02 with K=88
[2025-12-12 07:11:16] [run_formula] Running formula 6s389b02 with K=88 up to limit 1600
[2025-12-12 07:11:18] [generate_cnf] Generating formula 6s389b02 with K=89
[2025-12-12 07:11:27] [run_formula] Running formula 6s389b02 with K=89 up to limit 1600
[2025-12-12 07:11:29] [generate_cnf] Generating formula 6s389b02 with K=90
[2025-12-12 07:11:38] [run_formula] Running formula 6s389b02 with K=90 up to limit 1600
[2025-12-12 07:11:40] [generate_cnf] Generating formula 6s389b02 with K=91
[2025-12-12 07:11:49] [run_formula] Running formula 6s389b02 with K=91 up to limit 1600
[2025-12-12 07:11:51] [generate_cnf] Generating formula 6s389b02 with K=92
[2025-12-12 07:12:01] [run_formula] Running formula 6s389b02 with K=92 up to limit 1600
[2025-12-12 07:12:03] [generate_cnf] Generating formula 6s389b02 with K=93
[2025-12-12 07:12:12] [run_formula] Running formula 6s389b02 with K=93 up to limit 1600
[2025-12-12 07:12:14] [generate_cnf] Generating formula 6s389b02 with K=94
[2025-12-12 07:12:23] [run_formula] Running formula 6s389b02 with K=94 up to limit 1600
[2025-12-12 07:12:25] [generate_cnf] Generating formula 6s389b02 with K=95
[2025-12-12 07:12:35] [run_formula] Running formula 6s389b02 with K=95 up to limit 1600
[2025-12-12 07:12:37] [generate_cnf] Generating formula 6s389b02 with K=96
[2025-12-12 07:12:46] [run_formula] Running formula 6s389b02 with K=96 up to limit 1600
[2025-12-12 07:12:49] [generate_cnf] Generating formula 6s389b02 with K=97
[2025-12-12 07:12:58] [run_formula] Running formula 6s389b02 with K=97 up to limit 1600
[2025-12-12 07:13:00] [generate_cnf] Generating formula 6s389b02 with K=98
[2025-12-12 07:13:10] [run_formula] Running formula 6s389b02 with K=98 up to limit 1600
[2025-12-12 07:13:13] [generate_cnf] Generating formula 6s389b02 with K=99
[2025-12-12 07:13:22] [run_formula] Running formula 6s389b02 with K=99 up to limit 1600
[2025-12-12 07:13:25] [generate_cnf] Generating formula 6s389b02 with K=100
[2025-12-12 07:13:35] [run_formula] Running formula 6s389b02 with K=100 up to limit 1600
[2025-12-12 07:13:37] [generate_cnf] Generating formula 6s389b02 with K=101
[2025-12-12 07:13:47] [run_formula] Running formula 6s389b02 with K=101 up to limit 1600
[2025-12-12 07:13:50] [generate_cnf] Generating formula 6s389b02 with K=102
[2025-12-12 07:14:00] [run_formula] Running formula 6s389b02 with K=102 up to limit 1600
[2025-12-12 07:14:03] [generate_cnf] Generating formula 6s389b02 with K=103
[2025-12-12 07:14:13] [run_formula] Running formula 6s389b02 with K=103 up to limit 1600
[2025-12-12 07:14:15] [generate_cnf] Generating formula 6s389b02 with K=104
[2025-12-12 07:14:25] [run_formula] Running formula 6s389b02 with K=104 up to limit 1600
[2025-12-12 07:14:28] [generate_cnf] Generating formula 6s389b02 with K=105
[2025-12-12 07:14:38] [run_formula] Running formula 6s389b02 with K=105 up to limit 1600
[2025-12-12 07:14:41] [generate_cnf] Generating formula 6s389b02 with K=106
[2025-12-12 07:14:51] [run_formula] Running formula 6s389b02 with K=106 up to limit 1600
[2025-12-12 07:14:54] [generate_cnf] Generating formula 6s389b02 with K=107
[2025-12-12 07:15:05] [run_formula] Running formula 6s389b02 with K=107 up to limit 1600
[2025-12-12 07:15:08] [generate_cnf] Generating formula 6s389b02 with K=108
[2025-12-12 07:15:18] [run_formula] Running formula 6s389b02 with K=108 up to limit 1600
[2025-12-12 07:15:21] [generate_cnf] Generating formula 6s389b02 with K=109
[2025-12-12 07:15:32] [run_formula] Running formula 6s389b02 with K=109 up to limit 1600
[2025-12-12 07:15:34] [generate_cnf] Generating formula 6s389b02 with K=110
[2025-12-12 07:15:45] [run_formula] Running formula 6s389b02 with K=110 up to limit 1600
[2025-12-12 07:15:48] [generate_cnf] Generating formula 6s389b02 with K=111
[2025-12-12 07:15:59] [run_formula] Running formula 6s389b02 with K=111 up to limit 1600
[2025-12-12 07:16:02] [generate_cnf] Generating formula 6s389b02 with K=112
[2025-12-12 07:16:13] [run_formula] Running formula 6s389b02 with K=112 up to limit 1600
[2025-12-12 07:16:16] [generate_cnf] Generating formula 6s389b02 with K=113
[2025-12-12 07:16:27] [run_formula] Running formula 6s389b02 with K=113 up to limit 1600
[2025-12-12 07:16:29] [generate_cnf] Generating formula 6s389b02 with K=114
[2025-12-12 07:16:41] [run_formula] Running formula 6s389b02 with K=114 up to limit 1600
[2025-12-12 07:16:44] [generate_cnf] Generating formula 6s389b02 with K=115
[2025-12-12 07:16:55] [run_formula] Running formula 6s389b02 with K=115 up to limit 1600
[2025-12-12 07:16:58] [generate_cnf] Generating formula 6s389b02 with K=116
[2025-12-12 07:17:09] [run_formula] Running formula 6s389b02 with K=116 up to limit 1600
[2025-12-12 07:17:12] [generate_cnf] Generating formula 6s389b02 with K=117
[2025-12-12 07:17:23] [run_formula] Running formula 6s389b02 with K=117 up to limit 1600
[2025-12-12 07:17:26] [generate_cnf] Generating formula 6s389b02 with K=118
[2025-12-12 07:17:38] [run_formula] Running formula 6s389b02 with K=118 up to limit 1600
[2025-12-12 07:17:41] [generate_cnf] Generating formula 6s389b02 with K=119
[2025-12-12 07:17:52] [run_formula] Running formula 6s389b02 with K=119 up to limit 1600
[2025-12-12 07:17:55] [generate_cnf] Generating formula 6s389b02 with K=120
[2025-12-12 07:18:07] [run_formula] Running formula 6s389b02 with K=120 up to limit 1600
[2025-12-12 07:18:10] [generate_cnf] Generating formula 6s389b02 with K=121
[2025-12-12 07:18:22] [run_formula] Running formula 6s389b02 with K=121 up to limit 1600
[2025-12-12 07:18:25] [generate_cnf] Generating formula 6s389b02 with K=122
[2025-12-12 07:18:36] [run_formula] Running formula 6s389b02 with K=122 up to limit 1600
[2025-12-12 07:18:39] [generate_cnf] Generating formula 6s389b02 with K=123
[2025-12-12 07:18:52] [run_formula] Running formula 6s389b02 with K=123 up to limit 1600
[2025-12-12 07:18:55] [generate_cnf] Generating formula 6s389b02 with K=124
[2025-12-12 07:19:08] [run_formula] Running formula 6s389b02 with K=124 up to limit 1600
[2025-12-12 07:19:12] [generate_cnf] Generating formula 6s389b02 with K=125
[2025-12-12 07:19:24] [run_formula] Running formula 6s389b02 with K=125 up to limit 1600
[2025-12-12 07:19:28] [generate_cnf] Generating formula 6s389b02 with K=126
[2025-12-12 07:19:40] [run_formula] Running formula 6s389b02 with K=126 up to limit 1600
[2025-12-12 07:19:43] [generate_cnf] Generating formula 6s389b02 with K=127
[2025-12-12 07:19:55] [run_formula] Running formula 6s389b02 with K=127 up to limit 1600
[2025-12-12 07:19:58] [generate_cnf] Generating formula 6s389b02 with K=128
[2025-12-12 07:20:10] [run_formula] Running formula 6s389b02 with K=128 up to limit 1600
[2025-12-12 07:20:14] [generate_cnf] Generating formula 6s389b02 with K=129
[2025-12-12 07:20:27] [run_formula] Running formula 6s389b02 with K=129 up to limit 1600
[2025-12-12 07:20:30] [generate_cnf] Generating formula 6s389b02 with K=130
[2025-12-12 07:20:43] [run_formula] Running formula 6s389b02 with K=130 up to limit 1600
[2025-12-12 07:20:46] [generate_cnf] Generating formula 6s389b02 with K=131
[2025-12-12 07:20:58] [run_formula] Running formula 6s389b02 with K=131 up to limit 1600
[2025-12-12 07:21:01] [generate_cnf] Generating formula 6s389b02 with K=132
[2025-12-12 07:21:13] [run_formula] Running formula 6s389b02 with K=132 up to limit 1600
[2025-12-12 07:21:17] [generate_cnf] Generating formula 6s389b02 with K=133
[2025-12-12 07:21:29] [run_formula] Running formula 6s389b02 with K=133 up to limit 1600
[2025-12-12 07:21:32] [generate_cnf] Generating formula 6s389b02 with K=134
[2025-12-12 07:21:44] [run_formula] Running formula 6s389b02 with K=134 up to limit 1600
[2025-12-12 07:21:48] [generate_cnf] Generating formula 6s389b02 with K=135
[2025-12-12 07:22:01] [run_formula] Running formula 6s389b02 with K=135 up to limit 1600
[2025-12-12 07:22:04] [generate_cnf] Generating formula 6s389b02 with K=136
[2025-12-12 07:22:17] [run_formula] Running formula 6s389b02 with K=136 up to limit 1600
[2025-12-12 07:22:20] [generate_cnf] Generating formula 6s389b02 with K=137
[2025-12-12 07:22:32] [run_formula] Running formula 6s389b02 with K=137 up to limit 1600
[2025-12-12 07:22:35] [generate_cnf] Generating formula 6s389b02 with K=138
[2025-12-12 07:22:48] [run_formula] Running formula 6s389b02 with K=138 up to limit 1600
[2025-12-12 07:22:52] [generate_cnf] Generating formula 6s389b02 with K=139
[2025-12-12 07:23:05] [run_formula] Running formula 6s389b02 with K=139 up to limit 1600
[2025-12-12 07:23:08] [generate_cnf] Generating formula 6s389b02 with K=140
[2025-12-12 07:23:20] [run_formula] Running formula 6s389b02 with K=140 up to limit 1600
[2025-12-12 07:23:24] [generate_cnf] Generating formula 6s389b02 with K=141
[2025-12-12 07:23:37] [run_formula] Running formula 6s389b02 with K=141 up to limit 1600
[2025-12-12 07:23:40] [generate_cnf] Generating formula 6s389b02 with K=142
[2025-12-12 07:23:54] [run_formula] Running formula 6s389b02 with K=142 up to limit 1600
[2025-12-12 07:23:57] [generate_cnf] Generating formula 6s389b02 with K=143
[2025-12-12 07:24:10] [run_formula] Running formula 6s389b02 with K=143 up to limit 1600
[2025-12-12 07:24:13] [generate_cnf] Generating formula 6s389b02 with K=144
[2025-12-12 07:24:26] [run_formula] Running formula 6s389b02 with K=144 up to limit 1600
[2025-12-12 07:24:30] [generate_cnf] Generating formula 6s389b02 with K=145
[2025-12-12 07:24:43] [run_formula] Running formula 6s389b02 with K=145 up to limit 1600
[2025-12-12 07:24:47] [generate_cnf] Generating formula 6s389b02 with K=146
[2025-12-12 07:25:01] [run_formula] Running formula 6s389b02 with K=146 up to limit 1600
[2025-12-12 07:25:05] [generate_cnf] Generating formula 6s389b02 with K=147
[2025-12-12 07:25:18] [run_formula] Running formula 6s389b02 with K=147 up to limit 1600
[2025-12-12 07:25:22] [generate_cnf] Generating formula 6s389b02 with K=148
[2025-12-12 07:25:36] [run_formula] Running formula 6s389b02 with K=148 up to limit 1600
[2025-12-12 07:25:40] [generate_cnf] Generating formula 6s389b02 with K=149
[2025-12-12 07:25:53] [run_formula] Running formula 6s389b02 with K=149 up to limit 1600
[2025-12-12 07:25:57] [generate_cnf] Generating formula 6s389b02 with K=150
[2025-12-12 07:26:11] [run_formula] Running formula 6s389b02 with K=150 up to limit 1600
[2025-12-12 07:26:15] [generate_cnf] Generating formula 6s389b02 with K=151
[2025-12-12 07:26:30] [run_formula] Running formula 6s389b02 with K=151 up to limit 1600
[2025-12-12 07:26:34] [generate_cnf] Generating formula 6s389b02 with K=152
[2025-12-12 07:26:48] [run_formula] Running formula 6s389b02 with K=152 up to limit 1600
[2025-12-12 07:26:52] [generate_cnf] Generating formula 6s389b02 with K=153
[2025-12-12 07:27:07] [run_formula] Running formula 6s389b02 with K=153 up to limit 1600
[2025-12-12 07:27:11] [generate_cnf] Generating formula 6s389b02 with K=154
[2025-12-12 07:27:26] [run_formula] Running formula 6s389b02 with K=154 up to limit 1600
[2025-12-12 07:27:30] [generate_cnf] Generating formula 6s389b02 with K=155
[2025-12-12 07:27:44] [run_formula] Running formula 6s389b02 with K=155 up to limit 1600
[2025-12-12 07:27:49] [generate_cnf] Generating formula 6s389b02 with K=156
[2025-12-12 07:28:04] [run_formula] Running formula 6s389b02 with K=156 up to limit 1600
[2025-12-12 07:28:08] [generate_cnf] Generating formula 6s389b02 with K=157
[2025-12-12 07:28:23] [run_formula] Running formula 6s389b02 with K=157 up to limit 1600
[2025-12-12 07:28:28] [generate_cnf] Generating formula 6s389b02 with K=158
[2025-12-12 07:28:43] [run_formula] Running formula 6s389b02 with K=158 up to limit 1600
[2025-12-12 07:28:47] [generate_cnf] Generating formula 6s389b02 with K=159
[2025-12-12 07:29:03] [run_formula] Running formula 6s389b02 with K=159 up to limit 1600
[2025-12-12 07:29:07] [generate_cnf] Generating formula 6s389b02 with K=160
[2025-12-12 07:29:22] [run_formula] Running formula 6s389b02 with K=160 up to limit 1600
[2025-12-12 07:29:26] [generate_cnf] Generating formula 6s389b02 with K=161
[2025-12-12 07:29:42] [run_formula] Running formula 6s389b02 with K=161 up to limit 1600
[2025-12-12 07:29:46] [generate_cnf] Generating formula 6s389b02 with K=162
[2025-12-12 07:30:02] [run_formula] Running formula 6s389b02 with K=162 up to limit 1600
[2025-12-12 07:30:06] [generate_cnf] Generating formula 6s389b02 with K=163
[2025-12-12 07:30:22] [run_formula] Running formula 6s389b02 with K=163 up to limit 1600
[2025-12-12 07:30:26] [generate_cnf] Generating formula 6s389b02 with K=164
[2025-12-12 07:30:42] [run_formula] Running formula 6s389b02 with K=164 up to limit 1600
[2025-12-12 07:30:47] [generate_cnf] Generating formula 6s389b02 with K=165
[2025-12-12 07:31:03] [run_formula] Running formula 6s389b02 with K=165 up to limit 1600
[2025-12-12 07:31:07] [generate_cnf] Generating formula 6s389b02 with K=166
[2025-12-12 07:31:22] [run_formula] Running formula 6s389b02 with K=166 up to limit 1600
[2025-12-12 07:31:27] [generate_cnf] Generating formula 6s389b02 with K=167
[2025-12-12 07:31:42] [run_formula] Running formula 6s389b02 with K=167 up to limit 1600
[2025-12-12 07:31:46] [generate_cnf] Generating formula 6s389b02 with K=168
[2025-12-12 07:32:03] [run_formula] Running formula 6s389b02 with K=168 up to limit 1600
[2025-12-12 07:32:07] [generate_cnf] Generating formula 6s389b02 with K=169
[2025-12-12 07:32:23] [run_formula] Running formula 6s389b02 with K=169 up to limit 1600
[2025-12-12 07:32:28] [generate_cnf] Generating formula 6s389b02 with K=170
[2025-12-12 07:32:44] [run_formula] Running formula 6s389b02 with K=170 up to limit 1600
[2025-12-12 07:32:48] [generate_cnf] Generating formula 6s389b02 with K=171
[2025-12-12 07:33:05] [run_formula] Running formula 6s389b02 with K=171 up to limit 1600
[2025-12-12 07:33:09] [generate_cnf] Generating formula 6s389b02 with K=172
[2025-12-12 07:33:26] [run_formula] Running formula 6s389b02 with K=172 up to limit 1600
[2025-12-12 07:33:30] [generate_cnf] Generating formula 6s389b02 with K=173
[2025-12-12 07:33:47] [run_formula] Running formula 6s389b02 with K=173 up to limit 1600
[2025-12-12 07:33:52] [generate_cnf] Generating formula 6s389b02 with K=174
[2025-12-12 07:34:09] [run_formula] Running formula 6s389b02 with K=174 up to limit 1600
[2025-12-12 07:34:14] [generate_cnf] Generating formula 6s389b02 with K=175
[2025-12-12 07:34:31] [run_formula] Running formula 6s389b02 with K=175 up to limit 1600
[2025-12-12 07:34:35] [generate_cnf] Generating formula 6s389b02 with K=176
[2025-12-12 07:34:51] [run_formula] Running formula 6s389b02 with K=176 up to limit 1600
[2025-12-12 07:34:56] [generate_cnf] Generating formula 6s389b02 with K=177
[2025-12-12 07:35:14] [run_formula] Running formula 6s389b02 with K=177 up to limit 1600
[2025-12-12 07:35:18] [generate_cnf] Generating formula 6s389b02 with K=178
[2025-12-12 07:35:36] [run_formula] Running formula 6s389b02 with K=178 up to limit 1600
[2025-12-12 07:35:40] [generate_cnf] Generating formula 6s389b02 with K=179
[2025-12-12 07:35:58] [run_formula] Running formula 6s389b02 with K=179 up to limit 1600
[2025-12-12 07:36:02] [generate_cnf] Generating formula 6s389b02 with K=180
[2025-12-12 07:36:19] [run_formula] Running formula 6s389b02 with K=180 up to limit 1600
[2025-12-12 07:36:24] [generate_cnf] Generating formula 6s389b02 with K=181
[2025-12-12 07:36:42] [run_formula] Running formula 6s389b02 with K=181 up to limit 1600
[2025-12-12 07:36:46] [generate_cnf] Generating formula 6s389b02 with K=182
[2025-12-12 07:37:04] [run_formula] Running formula 6s389b02 with K=182 up to limit 1600
[2025-12-12 07:37:08] [generate_cnf] Generating formula 6s389b02 with K=183
[2025-12-12 07:37:25] [run_formula] Running formula 6s389b02 with K=183 up to limit 1600
[2025-12-12 07:37:30] [generate_cnf] Generating formula 6s389b02 with K=184
[2025-12-12 07:37:48] [run_formula] Running formula 6s389b02 with K=184 up to limit 1600
[2025-12-12 07:37:53] [generate_cnf] Generating formula 6s389b02 with K=185
[2025-12-12 07:38:11] [run_formula] Running formula 6s389b02 with K=185 up to limit 1600
[2025-12-12 07:38:15] [generate_cnf] Generating formula 6s389b02 with K=186
[2025-12-12 07:38:33] [run_formula] Running formula 6s389b02 with K=186 up to limit 1600
[2025-12-12 07:38:38] [generate_cnf] Generating formula 6s389b02 with K=187
[2025-12-12 07:38:56] [run_formula] Running formula 6s389b02 with K=187 up to limit 1600
[2025-12-12 07:39:01] [generate_cnf] Generating formula 6s389b02 with K=188
[2025-12-12 07:39:19] [run_formula] Running formula 6s389b02 with K=188 up to limit 1600
[2025-12-12 07:39:24] [generate_cnf] Generating formula 6s389b02 with K=189
[2025-12-12 07:39:42] [run_formula] Running formula 6s389b02 with K=189 up to limit 1600
[2025-12-12 07:39:47] [generate_cnf] Generating formula 6s389b02 with K=190
[2025-12-12 07:40:07] [run_formula] Running formula 6s389b02 with K=190 up to limit 1600
[2025-12-12 07:40:12] [generate_cnf] Generating formula 6s389b02 with K=191
[2025-12-12 07:40:29] [run_formula] Running formula 6s389b02 with K=191 up to limit 1600
[2025-12-12 07:40:34] [generate_cnf] Generating formula 6s389b02 with K=192
[2025-12-12 07:40:53] [run_formula] Running formula 6s389b02 with K=192 up to limit 1600
[2025-12-12 07:40:58] [generate_cnf] Generating formula 6s389b02 with K=193
[2025-12-12 07:41:17] [run_formula] Running formula 6s389b02 with K=193 up to limit 1600
[2025-12-12 07:41:22] [generate_cnf] Generating formula 6s389b02 with K=194
[2025-12-12 07:41:40] [run_formula] Running formula 6s389b02 with K=194 up to limit 1600
[2025-12-12 07:41:46] [generate_cnf] Generating formula 6s389b02 with K=195
[2025-12-12 07:42:04] [run_formula] Running formula 6s389b02 with K=195 up to limit 1600
[2025-12-12 07:42:10] [generate_cnf] Generating formula 6s389b02 with K=196
[2025-12-12 07:42:29] [run_formula] Running formula 6s389b02 with K=196 up to limit 1600
[2025-12-12 07:42:35] [generate_cnf] Generating formula 6s389b02 with K=197
[2025-12-12 07:42:53] [run_formula] Running formula 6s389b02 with K=197 up to limit 1600
[2025-12-12 07:42:58] [generate_cnf] Generating formula 6s389b02 with K=198
[2025-12-12 07:43:18] [run_formula] Running formula 6s389b02 with K=198 up to limit 1600
[2025-12-12 07:43:23] [generate_cnf] Generating formula 6s389b02 with K=199
[2025-12-12 07:43:42] [run_formula] Running formula 6s389b02 with K=199 up to limit 1600
[2025-12-12 07:43:48] [generate_cnf] Generating formula 6s389b02 with K=200
[2025-12-12 07:44:07] [run_formula] Running formula 6s389b02 with K=200 up to limit 1600
[2025-12-12 07:44:13] [generate_cnf] Generating formula 6s389b02 with K=201
[2025-12-12 07:44:32] [run_formula] Running formula 6s389b02 with K=201 up to limit 1600
[2025-12-12 07:44:37] [generate_cnf] Generating formula 6s389b02 with K=202
[2025-12-12 07:44:56] [run_formula] Running formula 6s389b02 with K=202 up to limit 1600
[2025-12-12 07:45:02] [generate_cnf] Generating formula 6s389b02 with K=203
[2025-12-12 07:45:21] [run_formula] Running formula 6s389b02 with K=203 up to limit 1600
[2025-12-12 07:45:26] [generate_cnf] Generating formula 6s389b02 with K=204
[2025-12-12 07:45:46] [run_formula] Running formula 6s389b02 with K=204 up to limit 1600
[2025-12-12 07:45:52] [generate_cnf] Generating formula 6s389b02 with K=205
[2025-12-12 07:46:11] [run_formula] Running formula 6s389b02 with K=205 up to limit 1600
[2025-12-12 07:46:16] [generate_cnf] Generating formula 6s389b02 with K=206
[2025-12-12 07:46:36] [run_formula] Running formula 6s389b02 with K=206 up to limit 1600
[2025-12-12 07:46:42] [generate_cnf] Generating formula 6s389b02 with K=207
[2025-12-12 07:47:02] [run_formula] Running formula 6s389b02 with K=207 up to limit 1600
[2025-12-12 07:47:08] [generate_cnf] Generating formula 6s389b02 with K=208
[2025-12-12 07:47:27] [run_formula] Running formula 6s389b02 with K=208 up to limit 1600
[2025-12-12 07:47:33] [generate_cnf] Generating formula 6s389b02 with K=209
[2025-12-12 07:47:53] [run_formula] Running formula 6s389b02 with K=209 up to limit 1600
[2025-12-12 07:47:59] [generate_cnf] Generating formula 6s389b02 with K=210
[2025-12-12 07:48:18] [run_formula] Running formula 6s389b02 with K=210 up to limit 1600
[2025-12-12 07:48:24] [generate_cnf] Generating formula 6s389b02 with K=211
[2025-12-12 07:48:43] [run_formula] Running formula 6s389b02 with K=211 up to limit 1600
[2025-12-12 07:48:49] [generate_cnf] Generating formula 6s389b02 with K=212
[2025-12-12 07:49:10] [run_formula] Running formula 6s389b02 with K=212 up to limit 1600
[2025-12-12 07:49:16] [generate_cnf] Generating formula 6s389b02 with K=213
[2025-12-12 07:49:36] [run_formula] Running formula 6s389b02 with K=213 up to limit 1600
[2025-12-12 07:49:42] [generate_cnf] Generating formula 6s389b02 with K=214
[2025-12-12 07:50:02] [run_formula] Running formula 6s389b02 with K=214 up to limit 1600
[2025-12-12 07:50:08] [generate_cnf] Generating formula 6s389b02 with K=215
[2025-12-12 07:50:29] [run_formula] Running formula 6s389b02 with K=215 up to limit 1600
[2025-12-12 07:50:34] [generate_cnf] Generating formula 6s389b02 with K=216
[2025-12-12 07:50:55] [run_formula] Running formula 6s389b02 with K=216 up to limit 1600
[2025-12-12 07:51:01] [generate_cnf] Generating formula 6s389b02 with K=217
[2025-12-12 07:51:23] [run_formula] Running formula 6s389b02 with K=217 up to limit 1600
[2025-12-12 07:51:28] [generate_cnf] Generating formula 6s389b02 with K=218
[2025-12-12 07:51:50] [run_formula] Running formula 6s389b02 with K=218 up to limit 1600
[2025-12-12 07:51:56] [generate_cnf] Generating formula 6s389b02 with K=219
[2025-12-12 07:52:17] [run_formula] Running formula 6s389b02 with K=219 up to limit 1600
[2025-12-12 07:52:23] [generate_cnf] Generating formula 6s389b02 with K=220
[2025-12-12 07:52:45] [run_formula] Running formula 6s389b02 with K=220 up to limit 1600
[2025-12-12 07:52:50] [generate_cnf] Generating formula 6s389b02 with K=221
[2025-12-12 07:53:12] [run_formula] Running formula 6s389b02 with K=221 up to limit 1600
[2025-12-12 07:53:18] [generate_cnf] Generating formula 6s389b02 with K=222
[2025-12-12 07:53:39] [run_formula] Running formula 6s389b02 with K=222 up to limit 1600
[2025-12-12 07:53:45] [generate_cnf] Generating formula 6s389b02 with K=223
[2025-12-12 07:54:07] [run_formula] Running formula 6s389b02 with K=223 up to limit 1600
[2025-12-12 07:54:13] [generate_cnf] Generating formula 6s389b02 with K=224
[2025-12-12 07:54:36] [run_formula] Running formula 6s389b02 with K=224 up to limit 1600
[2025-12-12 07:54:42] [generate_cnf] Generating formula 6s389b02 with K=225
[2025-12-12 07:55:03] [run_formula] Running formula 6s389b02 with K=225 up to limit 1600
[2025-12-12 07:55:09] [generate_cnf] Generating formula 6s389b02 with K=226
[2025-12-12 07:55:32] [run_formula] Running formula 6s389b02 with K=226 up to limit 1600
[2025-12-12 07:55:38] [generate_cnf] Generating formula 6s389b02 with K=227
[2025-12-12 07:56:00] [run_formula] Running formula 6s389b02 with K=227 up to limit 1600
[2025-12-12 07:56:06] [generate_cnf] Generating formula 6s389b02 with K=228
[2025-12-12 07:56:28] [run_formula] Running formula 6s389b02 with K=228 up to limit 1600
[2025-12-12 07:56:34] [generate_cnf] Generating formula 6s389b02 with K=229
[2025-12-12 07:56:57] [run_formula] Running formula 6s389b02 with K=229 up to limit 1600
[2025-12-12 07:57:03] [generate_cnf] Generating formula 6s389b02 with K=230
[2025-12-12 07:57:24] [run_formula] Running formula 6s389b02 with K=230 up to limit 1600
[2025-12-12 07:57:30] [generate_cnf] Generating formula 6s389b02 with K=231
[2025-12-12 07:57:53] [run_formula] Running formula 6s389b02 with K=231 up to limit 1600
[2025-12-12 07:57:59] [generate_cnf] Generating formula 6s389b02 with K=232
[2025-12-12 07:58:22] [run_formula] Running formula 6s389b02 with K=232 up to limit 1600
[2025-12-12 07:58:28] [generate_cnf] Generating formula 6s389b02 with K=233
[2025-12-12 07:58:50] [run_formula] Running formula 6s389b02 with K=233 up to limit 1600
[2025-12-12 07:58:57] [generate_cnf] Generating formula 6s389b02 with K=234
[2025-12-12 07:59:20] [run_formula] Running formula 6s389b02 with K=234 up to limit 1600
[2025-12-12 07:59:26] [generate_cnf] Generating formula 6s389b02 with K=235
[2025-12-12 07:59:48] [run_formula] Running formula 6s389b02 with K=235 up to limit 1600
[2025-12-12 07:59:54] [generate_cnf] Generating formula 6s389b02 with K=236
[2025-12-12 08:00:18] [run_formula] Running formula 6s389b02 with K=236 up to limit 1600
[2025-12-12 08:00:24] [generate_cnf] Generating formula 6s389b02 with K=237
[2025-12-12 08:00:47] [run_formula] Running formula 6s389b02 with K=237 up to limit 1600
[2025-12-12 08:00:54] [generate_cnf] Generating formula 6s389b02 with K=238
[2025-12-12 08:01:17] [run_formula] Running formula 6s389b02 with K=238 up to limit 1600
[2025-12-12 08:01:24] [generate_cnf] Generating formula 6s389b02 with K=239
[2025-12-12 08:01:47] [run_formula] Running formula 6s389b02 with K=239 up to limit 1600
[2025-12-12 08:01:53] [generate_cnf] Generating formula 6s389b02 with K=240
[2025-12-12 08:02:17] [run_formula] Running formula 6s389b02 with K=240 up to limit 1600
[2025-12-12 08:02:24] [generate_cnf] Generating formula 6s389b02 with K=241
[2025-12-12 08:02:47] [run_formula] Running formula 6s389b02 with K=241 up to limit 1600
[2025-12-12 08:02:54] [generate_cnf] Generating formula 6s389b02 with K=242
[2025-12-12 08:03:18] [run_formula] Running formula 6s389b02 with K=242 up to limit 1600
[2025-12-12 08:03:24] [generate_cnf] Generating formula 6s389b02 with K=243
[2025-12-12 08:03:48] [run_formula] Running formula 6s389b02 with K=243 up to limit 1600
[2025-12-12 08:03:54] [generate_cnf] Generating formula 6s389b02 with K=244
[2025-12-12 08:04:17] [run_formula] Running formula 6s389b02 with K=244 up to limit 1600
[2025-12-12 08:04:24] [generate_cnf] Generating formula 6s389b02 with K=245
[2025-12-12 08:04:47] [run_formula] Running formula 6s389b02 with K=245 up to limit 1600
[2025-12-12 08:04:53] [generate_cnf] Generating formula 6s389b02 with K=246
[2025-12-12 08:05:18] [run_formula] Running formula 6s389b02 with K=246 up to limit 1600
[2025-12-12 08:05:25] [generate_cnf] Generating formula 6s389b02 with K=247
[2025-12-12 08:05:49] [run_formula] Running formula 6s389b02 with K=247 up to limit 1600
[2025-12-12 08:05:56] [generate_cnf] Generating formula 6s389b02 with K=248
[2025-12-12 08:06:20] [run_formula] Running formula 6s389b02 with K=248 up to limit 1600
[2025-12-12 08:06:26] [generate_cnf] Generating formula 6s389b02 with K=249
[2025-12-12 08:06:49] [run_formula] Running formula 6s389b02 with K=249 up to limit 1600
[2025-12-12 08:06:55] [generate_cnf] Generating formula 6s389b02 with K=250
[2025-12-12 08:07:20] [run_formula] Running formula 6s389b02 with K=250 up to limit 1600
[2025-12-12 08:07:27] [generate_cnf] Generating formula 6s389b02 with K=251
[2025-12-12 08:07:51] [run_formula] Running formula 6s389b02 with K=251 up to limit 1600
[2025-12-12 08:07:57] [generate_cnf] Generating formula 6s389b02 with K=252
[2025-12-12 08:08:21] [run_formula] Running formula 6s389b02 with K=252 up to limit 1600
[2025-12-12 08:08:28] [generate_cnf] Generating formula 6s389b02 with K=253
[2025-12-12 08:08:53] [run_formula] Running formula 6s389b02 with K=253 up to limit 1600
[2025-12-12 08:09:00] [generate_cnf] Generating formula 6s389b02 with K=254
[2025-12-12 08:09:24] [run_formula] Running formula 6s389b02 with K=254 up to limit 1600
[2025-12-12 08:09:31] [generate_cnf] Generating formula 6s389b02 with K=255
[2025-12-12 08:09:55] [run_formula] Running formula 6s389b02 with K=255 up to limit 1600
[2025-12-12 08:10:02] [generate_cnf] Generating formula 6s389b02 with K=256
[2025-12-12 08:10:27] [run_formula] Running formula 6s389b02 with K=256 up to limit 1600
[2025-12-12 08:10:34] [generate_cnf] Generating formula 6s389b02 with K=257
[2025-12-12 08:11:00] [run_formula] Running formula 6s389b02 with K=257 up to limit 1600
[2025-12-12 08:11:07] [generate_cnf] Generating formula 6s389b02 with K=258
[2025-12-12 08:11:31] [run_formula] Running formula 6s389b02 with K=258 up to limit 1600
[2025-12-12 08:11:38] [generate_cnf] Generating formula 6s389b02 with K=259
[2025-12-12 08:12:03] [run_formula] Running formula 6s389b02 with K=259 up to limit 1600
[2025-12-12 08:12:10] [generate_cnf] Generating formula 6s389b02 with K=260
[2025-12-12 08:12:35] [run_formula] Running formula 6s389b02 with K=260 up to limit 1600
[2025-12-12 08:12:42] [generate_cnf] Generating formula 6s389b02 with K=261
[2025-12-12 08:13:08] [run_formula] Running formula 6s389b02 with K=261 up to limit 1600
[2025-12-12 08:13:15] [generate_cnf] Generating formula 6s389b02 with K=262
[2025-12-12 08:13:40] [run_formula] Running formula 6s389b02 with K=262 up to limit 1600
[2025-12-12 08:13:47] [generate_cnf] Generating formula 6s389b02 with K=263
[2025-12-12 08:14:14] [run_formula] Running formula 6s389b02 with K=263 up to limit 1600
[2025-12-12 08:14:21] [generate_cnf] Generating formula 6s389b02 with K=264
[2025-12-12 08:14:47] [run_formula] Running formula 6s389b02 with K=264 up to limit 1600
[2025-12-12 08:14:54] [generate_cnf] Generating formula 6s389b02 with K=265
[2025-12-12 08:15:20] [run_formula] Running formula 6s389b02 with K=265 up to limit 1600
[2025-12-12 08:15:27] [generate_cnf] Generating formula 6s389b02 with K=266
[2025-12-12 08:15:53] [run_formula] Running formula 6s389b02 with K=266 up to limit 1600
[2025-12-12 08:16:00] [generate_cnf] Generating formula 6s389b02 with K=267
[2025-12-12 08:16:27] [run_formula] Running formula 6s389b02 with K=267 up to limit 1600
[2025-12-12 08:16:34] [generate_cnf] Generating formula 6s389b02 with K=268
[2025-12-12 08:17:00] [run_formula] Running formula 6s389b02 with K=268 up to limit 1600
[2025-12-12 08:17:07] [generate_cnf] Generating formula 6s389b02 with K=269
[2025-12-12 08:17:32] [run_formula] Running formula 6s389b02 with K=269 up to limit 1600
[2025-12-12 08:17:40] [generate_cnf] Generating formula 6s389b02 with K=270
[2025-12-12 08:18:07] [run_formula] Running formula 6s389b02 with K=270 up to limit 1600
[2025-12-12 08:18:14] [generate_cnf] Generating formula 6s389b02 with K=271
[2025-12-12 08:18:40] [run_formula] Running formula 6s389b02 with K=271 up to limit 1600
[2025-12-12 08:18:47] [generate_cnf] Generating formula 6s389b02 with K=272
[2025-12-12 08:19:14] [run_formula] Running formula 6s389b02 with K=272 up to limit 1600
[2025-12-12 08:19:21] [generate_cnf] Generating formula 6s389b02 with K=273
[2025-12-12 08:19:48] [run_formula] Running formula 6s389b02 with K=273 up to limit 1600
[2025-12-12 08:19:55] [generate_cnf] Generating formula 6s389b02 with K=274
[2025-12-12 08:20:23] [run_formula] Running formula 6s389b02 with K=274 up to limit 1600
[2025-12-12 08:20:30] [generate_cnf] Generating formula 6s389b02 with K=275
[2025-12-12 08:20:57] [run_formula] Running formula 6s389b02 with K=275 up to limit 1600
[2025-12-12 08:21:04] [generate_cnf] Generating formula 6s389b02 with K=276
[2025-12-12 08:21:31] [run_formula] Running formula 6s389b02 with K=276 up to limit 1600
[2025-12-12 08:21:38] [generate_cnf] Generating formula 6s389b02 with K=277
[2025-12-12 08:22:05] [run_formula] Running formula 6s389b02 with K=277 up to limit 1600
[2025-12-12 08:22:13] [generate_cnf] Generating formula 6s389b02 with K=278
[2025-12-12 08:22:40] [run_formula] Running formula 6s389b02 with K=278 up to limit 1600
[2025-12-12 08:22:48] [generate_cnf] Generating formula 6s389b02 with K=279
[2025-12-12 08:23:14] [run_formula] Running formula 6s389b02 with K=279 up to limit 1600
[2025-12-12 08:23:21] [generate_cnf] Generating formula 6s389b02 with K=280
[2025-12-12 08:23:49] [run_formula] Running formula 6s389b02 with K=280 up to limit 1600
[2025-12-12 08:23:57] [generate_cnf] Generating formula 6s389b02 with K=281
[2025-12-12 08:24:24] [run_formula] Running formula 6s389b02 with K=281 up to limit 1600
[2025-12-12 08:24:32] [generate_cnf] Generating formula 6s389b02 with K=282
[2025-12-12 08:24:59] [run_formula] Running formula 6s389b02 with K=282 up to limit 1600
[2025-12-12 08:25:06] [generate_cnf] Generating formula 6s389b02 with K=283
[2025-12-12 08:25:33] [run_formula] Running formula 6s389b02 with K=283 up to limit 1600
[2025-12-12 08:25:40] [generate_cnf] Generating formula 6s389b02 with K=284
[2025-12-12 08:26:07] [run_formula] Running formula 6s389b02 with K=284 up to limit 1600
[2025-12-12 08:26:14] [generate_cnf] Generating formula 6s389b02 with K=285
[2025-12-12 08:26:40] [run_formula] Running formula 6s389b02 with K=285 up to limit 1600
[2025-12-12 08:26:47] [generate_cnf] Generating formula 6s389b02 with K=286
[2025-12-12 08:27:13] [run_formula] Running formula 6s389b02 with K=286 up to limit 1600
[2025-12-12 08:27:20] [generate_cnf] Generating formula 6s389b02 with K=287
[2025-12-12 08:27:46] [run_formula] Running formula 6s389b02 with K=287 up to limit 1600
[2025-12-12 08:27:54] [generate_cnf] Generating formula 6s389b02 with K=288
[2025-12-12 08:28:09] [generate_and_run_up_to_limit] Failed to generate CNF for 6s389b02 with K=288, halting
