CNF written.
CNF written.
CNF written.
CNF written.
CNF written.
CNF written.
CNF written.
CNF written.
CNF written.
CNF written.
CNF written.
CNF written.
CNF written.
CNF written.
CNF written.
CNF written.
CNF written.
CNF written.
CNF written.
CNF written.
CNF written.
CNF written.
CNF written.
CNF written.
CNF written.
[2025-12-12 07:50:08] [generate_and_run_up_to_limit] Generating and running 6s404rb1 with K<=500 up to limit 1600
[2025-12-12 07:50:08] [generate_cnf] Generating formula 6s404rb1 with K=1
[2025-12-12 07:50:09] [run_formula] Running formula 6s404rb1 with K=1 up to limit 1600
[2025-12-12 07:50:09] [generate_cnf] Generating formula 6s404rb1 with K=2
[2025-12-12 07:50:11] [run_formula] Running formula 6s404rb1 with K=2 up to limit 1600
[2025-12-12 07:50:11] [generate_cnf] Generating formula 6s404rb1 with K=3
[2025-12-12 07:50:12] [run_formula] Running formula 6s404rb1 with K=3 up to limit 1600
[2025-12-12 07:50:13] [generate_cnf] Generating formula 6s404rb1 with K=4
[2025-12-12 07:50:15] [run_formula] Running formula 6s404rb1 with K=4 up to limit 1600
[2025-12-12 07:50:16] [generate_cnf] Generating formula 6s404rb1 with K=5
[2025-12-12 07:50:18] [run_formula] Running formula 6s404rb1 with K=5 up to limit 1600
[2025-12-12 07:50:20] [generate_cnf] Generating formula 6s404rb1 with K=6
[2025-12-12 07:50:23] [run_formula] Running formula 6s404rb1 with K=6 up to limit 1600
[2025-12-12 07:50:26] [generate_cnf] Generating formula 6s404rb1 with K=7
[2025-12-12 07:50:29] [run_formula] Running formula 6s404rb1 with K=7 up to limit 1600
[2025-12-12 07:50:39] [generate_cnf] Generating formula 6s404rb1 with K=8
[2025-12-12 07:50:42] [run_formula] Running formula 6s404rb1 with K=8 up to limit 1600
[2025-12-12 07:50:56] [generate_cnf] Generating formula 6s404rb1 with K=9
[2025-12-12 07:51:00] [run_formula] Running formula 6s404rb1 with K=9 up to limit 1600
[2025-12-12 07:51:16] [generate_cnf] Generating formula 6s404rb1 with K=10
[2025-12-12 07:51:20] [run_formula] Running formula 6s404rb1 with K=10 up to limit 1600
[2025-12-12 07:51:47] [generate_cnf] Generating formula 6s404rb1 with K=11
[2025-12-12 07:51:52] [run_formula] Running formula 6s404rb1 with K=11 up to limit 1600
[2025-12-12 07:52:15] [generate_cnf] Generating formula 6s404rb1 with K=12
[2025-12-12 07:52:20] [run_formula] Running formula 6s404rb1 with K=12 up to limit 1600
[2025-12-12 07:52:53] [generate_cnf] Generating formula 6s404rb1 with K=13
[2025-12-12 07:52:59] [run_formula] Running formula 6s404rb1 with K=13 up to limit 1600
[2025-12-12 07:53:47] [generate_cnf] Generating formula 6s404rb1 with K=14
[2025-12-12 07:53:53] [run_formula] Running formula 6s404rb1 with K=14 up to limit 1600
[2025-12-12 07:54:40] [generate_cnf] Generating formula 6s404rb1 with K=15
[2025-12-12 07:54:46] [run_formula] Running formula 6s404rb1 with K=15 up to limit 1600
[2025-12-12 07:55:44] [generate_cnf] Generating formula 6s404rb1 with K=16
[2025-12-12 07:55:50] [run_formula] Running formula 6s404rb1 with K=16 up to limit 1600
[2025-12-12 07:57:21] [generate_cnf] Generating formula 6s404rb1 with K=17
[2025-12-12 07:57:29] [run_formula] Running formula 6s404rb1 with K=17 up to limit 1600
[2025-12-12 07:59:43] [generate_cnf] Generating formula 6s404rb1 with K=18
[2025-12-12 07:59:50] [run_formula] Running formula 6s404rb1 with K=18 up to limit 1600
[2025-12-12 08:01:48] [generate_cnf] Generating formula 6s404rb1 with K=19
[2025-12-12 08:01:56] [run_formula] Running formula 6s404rb1 with K=19 up to limit 1600
[2025-12-12 08:05:06] [generate_cnf] Generating formula 6s404rb1 with K=20
[2025-12-12 08:05:15] [run_formula] Running formula 6s404rb1 with K=20 up to limit 1600
[2025-12-12 08:08:01] [generate_cnf] Generating formula 6s404rb1 with K=21
[2025-12-12 08:08:10] [run_formula] Running formula 6s404rb1 with K=21 up to limit 1600
[2025-12-12 08:11:57] [generate_cnf] Generating formula 6s404rb1 with K=22
[2025-12-12 08:12:07] [run_formula] Running formula 6s404rb1 with K=22 up to limit 1600
[2025-12-12 08:16:03] [generate_cnf] Generating formula 6s404rb1 with K=23
[2025-12-12 08:16:12] [run_formula] Running formula 6s404rb1 with K=23 up to limit 1600
[2025-12-12 08:20:08] [generate_cnf] Generating formula 6s404rb1 with K=24
[2025-12-12 08:20:18] [run_formula] Running formula 6s404rb1 with K=24 up to limit 1600
[2025-12-12 08:25:27] [generate_cnf] Generating formula 6s404rb1 with K=25
[2025-12-12 08:25:37] [run_formula] Running formula 6s404rb1 with K=25 up to limit 1600
[2025-12-12 08:32:02] [run_formula] Error running formula 6s404rb1 with K=25: [Errno 122] Disk quota exceeded: './results/solving_logs/6s404rb1//6s404rb1.25.log'
[2025-12-12 08:32:02] [generate_and_run_up_to_limit] Failed to run formula 6s404rb1 with K=25, halting
