CNF written.
CNF written.
CNF written.
CNF written.
CNF written.
CNF written.
CNF written.
CNF written.
CNF written.
CNF written.
CNF written.
CNF written.
CNF written.
CNF written.
CNF written.
CNF written.
CNF written.
CNF written.
CNF written.
CNF written.
CNF written.
CNF written.
CNF written.
CNF written.
CNF written.
CNF written.
CNF written.
CNF written.
CNF written.
CNF written.
CNF written.
CNF written.
CNF written.
CNF written.
CNF written.
CNF written.
CNF written.
CNF written.
CNF written.
CNF written.
CNF written.
CNF written.
CNF written.
CNF written.
CNF written.
CNF written.
CNF written.
CNF written.
CNF written.
CNF written.
CNF written.
CNF written.
CNF written.
CNF written.
CNF written.
CNF written.
CNF written.
CNF written.
CNF written.
CNF written.
CNF written.
CNF written.
CNF written.
CNF written.
CNF written.
CNF written.
CNF written.
CNF written.
CNF written.
CNF written.
CNF written.
CNF written.
CNF written.
CNF written.
CNF written.
CNF written.
CNF written.
CNF written.
CNF written.
CNF written.
CNF written.
CNF written.
CNF written.
CNF written.
CNF written.
CNF written.
CNF written.
CNF written.
CNF written.
CNF written.
CNF written.
CNF written.
CNF written.
CNF written.
CNF written.
CNF written.
CNF written.
CNF written.
CNF written.
CNF written.
CNF written.
CNF written.
CNF written.
CNF written.
CNF written.
CNF written.
CNF written.
CNF written.
CNF written.
CNF written.
CNF written.
CNF written.
CNF written.
CNF written.
CNF written.
CNF written.
CNF written.
CNF written.
CNF written.
CNF written.
CNF written.
CNF written.
CNF written.
CNF written.
CNF written.
CNF written.
CNF written.
CNF written.
CNF written.
CNF written.
CNF written.
CNF written.
CNF written.
CNF written.
CNF written.
CNF written.
CNF written.
CNF written.
CNF written.
CNF written.
[2025-12-12 07:46:44] [generate_and_run_up_to_limit] Generating and running 6s400rb07819 with K<=500 up to limit 1600
[2025-12-12 07:46:44] [generate_cnf] Generating formula 6s400rb07819 with K=1
[2025-12-12 07:46:45] [run_formula] Running formula 6s400rb07819 with K=1 up to limit 1600
[2025-12-12 07:46:45] [generate_cnf] Generating formula 6s400rb07819 with K=2
[2025-12-12 07:46:46] [run_formula] Running formula 6s400rb07819 with K=2 up to limit 1600
[2025-12-12 07:46:46] [generate_cnf] Generating formula 6s400rb07819 with K=3
[2025-12-12 07:46:47] [run_formula] Running formula 6s400rb07819 with K=3 up to limit 1600
[2025-12-12 07:46:47] [generate_cnf] Generating formula 6s400rb07819 with K=4
[2025-12-12 07:46:48] [run_formula] Running formula 6s400rb07819 with K=4 up to limit 1600
[2025-12-12 07:46:48] [generate_cnf] Generating formula 6s400rb07819 with K=5
[2025-12-12 07:46:50] [run_formula] Running formula 6s400rb07819 with K=5 up to limit 1600
[2025-12-12 07:46:50] [generate_cnf] Generating formula 6s400rb07819 with K=6
[2025-12-12 07:46:51] [run_formula] Running formula 6s400rb07819 with K=6 up to limit 1600
[2025-12-12 07:46:51] [generate_cnf] Generating formula 6s400rb07819 with K=7
[2025-12-12 07:46:53] [run_formula] Running formula 6s400rb07819 with K=7 up to limit 1600
[2025-12-12 07:46:53] [generate_cnf] Generating formula 6s400rb07819 with K=8
[2025-12-12 07:46:55] [run_formula] Running formula 6s400rb07819 with K=8 up to limit 1600
[2025-12-12 07:46:56] [generate_cnf] Generating formula 6s400rb07819 with K=9
[2025-12-12 07:46:58] [run_formula] Running formula 6s400rb07819 with K=9 up to limit 1600
[2025-12-12 07:46:58] [generate_cnf] Generating formula 6s400rb07819 with K=10
[2025-12-12 07:47:00] [run_formula] Running formula 6s400rb07819 with K=10 up to limit 1600
[2025-12-12 07:47:01] [generate_cnf] Generating formula 6s400rb07819 with K=11
[2025-12-12 07:47:03] [run_formula] Running formula 6s400rb07819 with K=11 up to limit 1600
[2025-12-12 07:47:03] [generate_cnf] Generating formula 6s400rb07819 with K=12
[2025-12-12 07:47:06] [run_formula] Running formula 6s400rb07819 with K=12 up to limit 1600
[2025-12-12 07:47:07] [generate_cnf] Generating formula 6s400rb07819 with K=13
[2025-12-12 07:47:10] [run_formula] Running formula 6s400rb07819 with K=13 up to limit 1600
[2025-12-12 07:47:10] [generate_cnf] Generating formula 6s400rb07819 with K=14
[2025-12-12 07:47:13] [run_formula] Running formula 6s400rb07819 with K=14 up to limit 1600
[2025-12-12 07:47:13] [generate_cnf] Generating formula 6s400rb07819 with K=15
[2025-12-12 07:47:17] [run_formula] Running formula 6s400rb07819 with K=15 up to limit 1600
[2025-12-12 07:47:17] [generate_cnf] Generating formula 6s400rb07819 with K=16
[2025-12-12 07:47:21] [run_formula] Running formula 6s400rb07819 with K=16 up to limit 1600
[2025-12-12 07:47:22] [generate_cnf] Generating formula 6s400rb07819 with K=17
[2025-12-12 07:47:26] [run_formula] Running formula 6s400rb07819 with K=17 up to limit 1600
[2025-12-12 07:47:26] [generate_cnf] Generating formula 6s400rb07819 with K=18
[2025-12-12 07:47:30] [run_formula] Running formula 6s400rb07819 with K=18 up to limit 1600
[2025-12-12 07:47:31] [generate_cnf] Generating formula 6s400rb07819 with K=19
[2025-12-12 07:47:35] [run_formula] Running formula 6s400rb07819 with K=19 up to limit 1600
[2025-12-12 07:47:36] [generate_cnf] Generating formula 6s400rb07819 with K=20
[2025-12-12 07:47:40] [run_formula] Running formula 6s400rb07819 with K=20 up to limit 1600
[2025-12-12 07:47:41] [generate_cnf] Generating formula 6s400rb07819 with K=21
[2025-12-12 07:47:46] [run_formula] Running formula 6s400rb07819 with K=21 up to limit 1600
[2025-12-12 07:47:47] [generate_cnf] Generating formula 6s400rb07819 with K=22
[2025-12-12 07:47:52] [run_formula] Running formula 6s400rb07819 with K=22 up to limit 1600
[2025-12-12 07:47:52] [generate_cnf] Generating formula 6s400rb07819 with K=23
[2025-12-12 07:47:57] [run_formula] Running formula 6s400rb07819 with K=23 up to limit 1600
[2025-12-12 07:47:58] [generate_cnf] Generating formula 6s400rb07819 with K=24
[2025-12-12 07:48:03] [run_formula] Running formula 6s400rb07819 with K=24 up to limit 1600
[2025-12-12 07:48:04] [generate_cnf] Generating formula 6s400rb07819 with K=25
[2025-12-12 07:48:09] [run_formula] Running formula 6s400rb07819 with K=25 up to limit 1600
[2025-12-12 07:48:10] [generate_cnf] Generating formula 6s400rb07819 with K=26
[2025-12-12 07:48:15] [run_formula] Running formula 6s400rb07819 with K=26 up to limit 1600
[2025-12-12 07:48:16] [generate_cnf] Generating formula 6s400rb07819 with K=27
[2025-12-12 07:48:21] [run_formula] Running formula 6s400rb07819 with K=27 up to limit 1600
[2025-12-12 07:48:22] [generate_cnf] Generating formula 6s400rb07819 with K=28
[2025-12-12 07:48:28] [run_formula] Running formula 6s400rb07819 with K=28 up to limit 1600
[2025-12-12 07:48:29] [generate_cnf] Generating formula 6s400rb07819 with K=29
[2025-12-12 07:48:35] [run_formula] Running formula 6s400rb07819 with K=29 up to limit 1600
[2025-12-12 07:48:35] [generate_cnf] Generating formula 6s400rb07819 with K=30
[2025-12-12 07:48:42] [run_formula] Running formula 6s400rb07819 with K=30 up to limit 1600
[2025-12-12 07:48:43] [generate_cnf] Generating formula 6s400rb07819 with K=31
[2025-12-12 07:48:50] [run_formula] Running formula 6s400rb07819 with K=31 up to limit 1600
[2025-12-12 07:48:51] [generate_cnf] Generating formula 6s400rb07819 with K=32
[2025-12-12 07:48:58] [run_formula] Running formula 6s400rb07819 with K=32 up to limit 1600
[2025-12-12 07:48:59] [generate_cnf] Generating formula 6s400rb07819 with K=33
[2025-12-12 07:49:05] [run_formula] Running formula 6s400rb07819 with K=33 up to limit 1600
[2025-12-12 07:49:06] [generate_cnf] Generating formula 6s400rb07819 with K=34
[2025-12-12 07:49:14] [run_formula] Running formula 6s400rb07819 with K=34 up to limit 1600
[2025-12-12 07:49:15] [generate_cnf] Generating formula 6s400rb07819 with K=35
[2025-12-12 07:49:22] [run_formula] Running formula 6s400rb07819 with K=35 up to limit 1600
[2025-12-12 07:49:24] [generate_cnf] Generating formula 6s400rb07819 with K=36
[2025-12-12 07:49:31] [run_formula] Running formula 6s400rb07819 with K=36 up to limit 1600
[2025-12-12 07:49:33] [generate_cnf] Generating formula 6s400rb07819 with K=37
[2025-12-12 07:49:41] [run_formula] Running formula 6s400rb07819 with K=37 up to limit 1600
[2025-12-12 07:49:42] [generate_cnf] Generating formula 6s400rb07819 with K=38
[2025-12-12 07:49:50] [run_formula] Running formula 6s400rb07819 with K=38 up to limit 1600
[2025-12-12 07:49:51] [generate_cnf] Generating formula 6s400rb07819 with K=39
[2025-12-12 07:50:00] [run_formula] Running formula 6s400rb07819 with K=39 up to limit 1600
[2025-12-12 07:50:01] [generate_cnf] Generating formula 6s400rb07819 with K=40
[2025-12-12 07:50:09] [run_formula] Running formula 6s400rb07819 with K=40 up to limit 1600
[2025-12-12 07:50:10] [generate_cnf] Generating formula 6s400rb07819 with K=41
[2025-12-12 07:50:18] [run_formula] Running formula 6s400rb07819 with K=41 up to limit 1600
[2025-12-12 07:50:20] [generate_cnf] Generating formula 6s400rb07819 with K=42
[2025-12-12 07:50:28] [run_formula] Running formula 6s400rb07819 with K=42 up to limit 1600
[2025-12-12 07:50:30] [generate_cnf] Generating formula 6s400rb07819 with K=43
[2025-12-12 07:50:39] [run_formula] Running formula 6s400rb07819 with K=43 up to limit 1600
[2025-12-12 07:50:40] [generate_cnf] Generating formula 6s400rb07819 with K=44
[2025-12-12 07:50:49] [run_formula] Running formula 6s400rb07819 with K=44 up to limit 1600
[2025-12-12 07:50:51] [generate_cnf] Generating formula 6s400rb07819 with K=45
[2025-12-12 07:51:00] [run_formula] Running formula 6s400rb07819 with K=45 up to limit 1600
[2025-12-12 07:51:02] [generate_cnf] Generating formula 6s400rb07819 with K=46
[2025-12-12 07:51:12] [run_formula] Running formula 6s400rb07819 with K=46 up to limit 1600
[2025-12-12 07:51:13] [generate_cnf] Generating formula 6s400rb07819 with K=47
[2025-12-12 07:51:24] [run_formula] Running formula 6s400rb07819 with K=47 up to limit 1600
[2025-12-12 07:51:25] [generate_cnf] Generating formula 6s400rb07819 with K=48
[2025-12-12 07:51:36] [run_formula] Running formula 6s400rb07819 with K=48 up to limit 1600
[2025-12-12 07:51:38] [generate_cnf] Generating formula 6s400rb07819 with K=49
[2025-12-12 07:51:48] [run_formula] Running formula 6s400rb07819 with K=49 up to limit 1600
[2025-12-12 07:51:50] [generate_cnf] Generating formula 6s400rb07819 with K=50
[2025-12-12 07:52:01] [run_formula] Running formula 6s400rb07819 with K=50 up to limit 1600
[2025-12-12 07:52:03] [generate_cnf] Generating formula 6s400rb07819 with K=51
[2025-12-12 07:52:14] [run_formula] Running formula 6s400rb07819 with K=51 up to limit 1600
[2025-12-12 07:52:16] [generate_cnf] Generating formula 6s400rb07819 with K=52
[2025-12-12 07:52:27] [run_formula] Running formula 6s400rb07819 with K=52 up to limit 1600
[2025-12-12 07:52:28] [generate_cnf] Generating formula 6s400rb07819 with K=53
[2025-12-12 07:52:39] [run_formula] Running formula 6s400rb07819 with K=53 up to limit 1600
[2025-12-12 07:52:41] [generate_cnf] Generating formula 6s400rb07819 with K=54
[2025-12-12 07:52:52] [run_formula] Running formula 6s400rb07819 with K=54 up to limit 1600
[2025-12-12 07:52:54] [generate_cnf] Generating formula 6s400rb07819 with K=55
[2025-12-12 07:53:06] [run_formula] Running formula 6s400rb07819 with K=55 up to limit 1600
[2025-12-12 07:53:08] [generate_cnf] Generating formula 6s400rb07819 with K=56
[2025-12-12 07:53:20] [run_formula] Running formula 6s400rb07819 with K=56 up to limit 1600
[2025-12-12 07:53:22] [generate_cnf] Generating formula 6s400rb07819 with K=57
[2025-12-12 07:53:33] [run_formula] Running formula 6s400rb07819 with K=57 up to limit 1600
[2025-12-12 07:53:35] [generate_cnf] Generating formula 6s400rb07819 with K=58
[2025-12-12 07:53:47] [run_formula] Running formula 6s400rb07819 with K=58 up to limit 1600
[2025-12-12 07:53:49] [generate_cnf] Generating formula 6s400rb07819 with K=59
[2025-12-12 07:54:02] [run_formula] Running formula 6s400rb07819 with K=59 up to limit 1600
[2025-12-12 07:54:04] [generate_cnf] Generating formula 6s400rb07819 with K=60
[2025-12-12 07:54:17] [run_formula] Running formula 6s400rb07819 with K=60 up to limit 1600
[2025-12-12 07:54:19] [generate_cnf] Generating formula 6s400rb07819 with K=61
[2025-12-12 07:54:32] [run_formula] Running formula 6s400rb07819 with K=61 up to limit 1600
[2025-12-12 07:54:34] [generate_cnf] Generating formula 6s400rb07819 with K=62
[2025-12-12 07:54:47] [run_formula] Running formula 6s400rb07819 with K=62 up to limit 1600
[2025-12-12 07:54:49] [generate_cnf] Generating formula 6s400rb07819 with K=63
[2025-12-12 07:55:03] [run_formula] Running formula 6s400rb07819 with K=63 up to limit 1600
[2025-12-12 07:55:06] [generate_cnf] Generating formula 6s400rb07819 with K=64
[2025-12-12 07:55:19] [run_formula] Running formula 6s400rb07819 with K=64 up to limit 1600
[2025-12-12 07:55:21] [generate_cnf] Generating formula 6s400rb07819 with K=65
[2025-12-12 07:55:35] [run_formula] Running formula 6s400rb07819 with K=65 up to limit 1600
[2025-12-12 07:55:37] [generate_cnf] Generating formula 6s400rb07819 with K=66
[2025-12-12 07:55:51] [run_formula] Running formula 6s400rb07819 with K=66 up to limit 1600
[2025-12-12 07:55:53] [generate_cnf] Generating formula 6s400rb07819 with K=67
[2025-12-12 07:56:07] [run_formula] Running formula 6s400rb07819 with K=67 up to limit 1600
[2025-12-12 07:56:09] [generate_cnf] Generating formula 6s400rb07819 with K=68
[2025-12-12 07:56:24] [run_formula] Running formula 6s400rb07819 with K=68 up to limit 1600
[2025-12-12 07:56:26] [generate_cnf] Generating formula 6s400rb07819 with K=69
[2025-12-12 07:56:41] [run_formula] Running formula 6s400rb07819 with K=69 up to limit 1600
[2025-12-12 07:56:44] [generate_cnf] Generating formula 6s400rb07819 with K=70
[2025-12-12 07:56:59] [run_formula] Running formula 6s400rb07819 with K=70 up to limit 1600
[2025-12-12 07:57:01] [generate_cnf] Generating formula 6s400rb07819 with K=71
[2025-12-12 07:57:16] [run_formula] Running formula 6s400rb07819 with K=71 up to limit 1600
[2025-12-12 07:57:19] [generate_cnf] Generating formula 6s400rb07819 with K=72
[2025-12-12 07:57:34] [run_formula] Running formula 6s400rb07819 with K=72 up to limit 1600
[2025-12-12 07:57:36] [generate_cnf] Generating formula 6s400rb07819 with K=73
[2025-12-12 07:57:52] [run_formula] Running formula 6s400rb07819 with K=73 up to limit 1600
[2025-12-12 07:57:54] [generate_cnf] Generating formula 6s400rb07819 with K=74
[2025-12-12 07:58:10] [run_formula] Running formula 6s400rb07819 with K=74 up to limit 1600
[2025-12-12 07:58:12] [generate_cnf] Generating formula 6s400rb07819 with K=75
[2025-12-12 07:58:29] [run_formula] Running formula 6s400rb07819 with K=75 up to limit 1600
[2025-12-12 07:58:31] [generate_cnf] Generating formula 6s400rb07819 with K=76
[2025-12-12 07:58:47] [run_formula] Running formula 6s400rb07819 with K=76 up to limit 1600
[2025-12-12 07:58:50] [generate_cnf] Generating formula 6s400rb07819 with K=77
[2025-12-12 07:59:06] [run_formula] Running formula 6s400rb07819 with K=77 up to limit 1600
[2025-12-12 07:59:09] [generate_cnf] Generating formula 6s400rb07819 with K=78
[2025-12-12 07:59:25] [run_formula] Running formula 6s400rb07819 with K=78 up to limit 1600
[2025-12-12 07:59:28] [generate_cnf] Generating formula 6s400rb07819 with K=79
[2025-12-12 07:59:44] [run_formula] Running formula 6s400rb07819 with K=79 up to limit 1600
[2025-12-12 07:59:47] [generate_cnf] Generating formula 6s400rb07819 with K=80
[2025-12-12 08:00:05] [run_formula] Running formula 6s400rb07819 with K=80 up to limit 1600
[2025-12-12 08:00:07] [generate_cnf] Generating formula 6s400rb07819 with K=81
[2025-12-12 08:00:25] [run_formula] Running formula 6s400rb07819 with K=81 up to limit 1600
[2025-12-12 08:00:28] [generate_cnf] Generating formula 6s400rb07819 with K=82
[2025-12-12 08:00:45] [run_formula] Running formula 6s400rb07819 with K=82 up to limit 1600
[2025-12-12 08:00:48] [generate_cnf] Generating formula 6s400rb07819 with K=83
[2025-12-12 08:01:05] [run_formula] Running formula 6s400rb07819 with K=83 up to limit 1600
[2025-12-12 08:01:07] [generate_cnf] Generating formula 6s400rb07819 with K=84
[2025-12-12 08:01:25] [run_formula] Running formula 6s400rb07819 with K=84 up to limit 1600
[2025-12-12 08:01:28] [generate_cnf] Generating formula 6s400rb07819 with K=85
[2025-12-12 08:01:46] [run_formula] Running formula 6s400rb07819 with K=85 up to limit 1600
[2025-12-12 08:01:49] [generate_cnf] Generating formula 6s400rb07819 with K=86
[2025-12-12 08:02:08] [run_formula] Running formula 6s400rb07819 with K=86 up to limit 1600
[2025-12-12 08:02:11] [generate_cnf] Generating formula 6s400rb07819 with K=87
[2025-12-12 08:02:30] [run_formula] Running formula 6s400rb07819 with K=87 up to limit 1600
[2025-12-12 08:02:33] [generate_cnf] Generating formula 6s400rb07819 with K=88
[2025-12-12 08:02:53] [run_formula] Running formula 6s400rb07819 with K=88 up to limit 1600
[2025-12-12 08:02:55] [generate_cnf] Generating formula 6s400rb07819 with K=89
[2025-12-12 08:03:14] [run_formula] Running formula 6s400rb07819 with K=89 up to limit 1600
[2025-12-12 08:03:17] [generate_cnf] Generating formula 6s400rb07819 with K=90
[2025-12-12 08:03:36] [run_formula] Running formula 6s400rb07819 with K=90 up to limit 1600
[2025-12-12 08:03:39] [generate_cnf] Generating formula 6s400rb07819 with K=91
[2025-12-12 08:03:59] [run_formula] Running formula 6s400rb07819 with K=91 up to limit 1600
[2025-12-12 08:04:02] [generate_cnf] Generating formula 6s400rb07819 with K=92
[2025-12-12 08:04:23] [run_formula] Running formula 6s400rb07819 with K=92 up to limit 1600
[2025-12-12 08:04:25] [generate_cnf] Generating formula 6s400rb07819 with K=93
[2025-12-12 08:04:46] [run_formula] Running formula 6s400rb07819 with K=93 up to limit 1600
[2025-12-12 08:04:49] [generate_cnf] Generating formula 6s400rb07819 with K=94
[2025-12-12 08:05:09] [run_formula] Running formula 6s400rb07819 with K=94 up to limit 1600
[2025-12-12 08:05:12] [generate_cnf] Generating formula 6s400rb07819 with K=95
[2025-12-12 08:05:31] [run_formula] Running formula 6s400rb07819 with K=95 up to limit 1600
[2025-12-12 08:05:35] [generate_cnf] Generating formula 6s400rb07819 with K=96
[2025-12-12 08:05:55] [run_formula] Running formula 6s400rb07819 with K=96 up to limit 1600
[2025-12-12 08:05:59] [generate_cnf] Generating formula 6s400rb07819 with K=97
[2025-12-12 08:06:20] [run_formula] Running formula 6s400rb07819 with K=97 up to limit 1600
[2025-12-12 08:06:24] [generate_cnf] Generating formula 6s400rb07819 with K=98
[2025-12-12 08:06:45] [run_formula] Running formula 6s400rb07819 with K=98 up to limit 1600
[2025-12-12 08:06:48] [generate_cnf] Generating formula 6s400rb07819 with K=99
[2025-12-12 08:07:09] [run_formula] Running formula 6s400rb07819 with K=99 up to limit 1600
[2025-12-12 08:07:12] [generate_cnf] Generating formula 6s400rb07819 with K=100
[2025-12-12 08:07:34] [run_formula] Running formula 6s400rb07819 with K=100 up to limit 1600
[2025-12-12 08:07:37] [generate_cnf] Generating formula 6s400rb07819 with K=101
[2025-12-12 08:08:00] [run_formula] Running formula 6s400rb07819 with K=101 up to limit 1600
[2025-12-12 08:08:03] [generate_cnf] Generating formula 6s400rb07819 with K=102
[2025-12-12 08:08:26] [run_formula] Running formula 6s400rb07819 with K=102 up to limit 1600
[2025-12-12 08:08:30] [generate_cnf] Generating formula 6s400rb07819 with K=103
[2025-12-12 08:08:52] [run_formula] Running formula 6s400rb07819 with K=103 up to limit 1600
[2025-12-12 08:08:56] [generate_cnf] Generating formula 6s400rb07819 with K=104
[2025-12-12 08:09:19] [run_formula] Running formula 6s400rb07819 with K=104 up to limit 1600
[2025-12-12 08:09:22] [generate_cnf] Generating formula 6s400rb07819 with K=105
[2025-12-12 08:09:46] [run_formula] Running formula 6s400rb07819 with K=105 up to limit 1600
[2025-12-12 08:09:50] [generate_cnf] Generating formula 6s400rb07819 with K=106
[2025-12-12 08:10:14] [run_formula] Running formula 6s400rb07819 with K=106 up to limit 1600
[2025-12-12 08:10:17] [generate_cnf] Generating formula 6s400rb07819 with K=107
[2025-12-12 08:10:39] [run_formula] Running formula 6s400rb07819 with K=107 up to limit 1600
[2025-12-12 08:10:43] [generate_cnf] Generating formula 6s400rb07819 with K=108
[2025-12-12 08:11:05] [run_formula] Running formula 6s400rb07819 with K=108 up to limit 1600
[2025-12-12 08:11:09] [generate_cnf] Generating formula 6s400rb07819 with K=109
[2025-12-12 08:11:32] [run_formula] Running formula 6s400rb07819 with K=109 up to limit 1600
[2025-12-12 08:11:35] [generate_cnf] Generating formula 6s400rb07819 with K=110
[2025-12-12 08:11:59] [run_formula] Running formula 6s400rb07819 with K=110 up to limit 1600
[2025-12-12 08:12:03] [generate_cnf] Generating formula 6s400rb07819 with K=111
[2025-12-12 08:12:26] [run_formula] Running formula 6s400rb07819 with K=111 up to limit 1600
[2025-12-12 08:12:30] [generate_cnf] Generating formula 6s400rb07819 with K=112
[2025-12-12 08:12:52] [run_formula] Running formula 6s400rb07819 with K=112 up to limit 1600
[2025-12-12 08:12:56] [generate_cnf] Generating formula 6s400rb07819 with K=113
[2025-12-12 08:13:19] [run_formula] Running formula 6s400rb07819 with K=113 up to limit 1600
[2025-12-12 08:13:23] [generate_cnf] Generating formula 6s400rb07819 with K=114
[2025-12-12 08:13:47] [run_formula] Running formula 6s400rb07819 with K=114 up to limit 1600
[2025-12-12 08:13:51] [generate_cnf] Generating formula 6s400rb07819 with K=115
[2025-12-12 08:14:16] [run_formula] Running formula 6s400rb07819 with K=115 up to limit 1600
[2025-12-12 08:14:19] [generate_cnf] Generating formula 6s400rb07819 with K=116
[2025-12-12 08:14:44] [run_formula] Running formula 6s400rb07819 with K=116 up to limit 1600
[2025-12-12 08:14:48] [generate_cnf] Generating formula 6s400rb07819 with K=117
[2025-12-12 08:15:13] [run_formula] Running formula 6s400rb07819 with K=117 up to limit 1600
[2025-12-12 08:15:17] [generate_cnf] Generating formula 6s400rb07819 with K=118
[2025-12-12 08:15:41] [run_formula] Running formula 6s400rb07819 with K=118 up to limit 1600
[2025-12-12 08:15:46] [generate_cnf] Generating formula 6s400rb07819 with K=119
[2025-12-12 08:16:12] [run_formula] Running formula 6s400rb07819 with K=119 up to limit 1600
[2025-12-12 08:16:16] [generate_cnf] Generating formula 6s400rb07819 with K=120
[2025-12-12 08:16:42] [run_formula] Running formula 6s400rb07819 with K=120 up to limit 1600
[2025-12-12 08:16:46] [generate_cnf] Generating formula 6s400rb07819 with K=121
[2025-12-12 08:17:11] [run_formula] Running formula 6s400rb07819 with K=121 up to limit 1600
[2025-12-12 08:17:15] [generate_cnf] Generating formula 6s400rb07819 with K=122
[2025-12-12 08:17:42] [run_formula] Running formula 6s400rb07819 with K=122 up to limit 1600
[2025-12-12 08:17:46] [generate_cnf] Generating formula 6s400rb07819 with K=123
[2025-12-12 08:18:13] [run_formula] Running formula 6s400rb07819 with K=123 up to limit 1600
[2025-12-12 08:18:17] [generate_cnf] Generating formula 6s400rb07819 with K=124
[2025-12-12 08:18:43] [run_formula] Running formula 6s400rb07819 with K=124 up to limit 1600
[2025-12-12 08:18:47] [generate_cnf] Generating formula 6s400rb07819 with K=125
[2025-12-12 08:19:13] [run_formula] Running formula 6s400rb07819 with K=125 up to limit 1600
[2025-12-12 08:19:17] [generate_cnf] Generating formula 6s400rb07819 with K=126
[2025-12-12 08:19:44] [run_formula] Running formula 6s400rb07819 with K=126 up to limit 1600
[2025-12-12 08:19:49] [generate_cnf] Generating formula 6s400rb07819 with K=127
[2025-12-12 08:20:17] [run_formula] Running formula 6s400rb07819 with K=127 up to limit 1600
[2025-12-12 08:20:21] [generate_cnf] Generating formula 6s400rb07819 with K=128
[2025-12-12 08:20:48] [run_formula] Running formula 6s400rb07819 with K=128 up to limit 1600
[2025-12-12 08:20:52] [generate_cnf] Generating formula 6s400rb07819 with K=129
[2025-12-12 08:21:19] [run_formula] Running formula 6s400rb07819 with K=129 up to limit 1600
[2025-12-12 08:21:23] [generate_cnf] Generating formula 6s400rb07819 with K=130
[2025-12-12 08:21:51] [run_formula] Running formula 6s400rb07819 with K=130 up to limit 1600
[2025-12-12 08:21:55] [generate_cnf] Generating formula 6s400rb07819 with K=131
[2025-12-12 08:22:23] [run_formula] Running formula 6s400rb07819 with K=131 up to limit 1600
[2025-12-12 08:22:27] [generate_cnf] Generating formula 6s400rb07819 with K=132
[2025-12-12 08:22:55] [run_formula] Running formula 6s400rb07819 with K=132 up to limit 1600
[2025-12-12 08:23:00] [generate_cnf] Generating formula 6s400rb07819 with K=133
[2025-12-12 08:23:28] [run_formula] Running formula 6s400rb07819 with K=133 up to limit 1600
[2025-12-12 08:23:33] [generate_cnf] Generating formula 6s400rb07819 with K=134
[2025-12-12 08:24:03] [run_formula] Running formula 6s400rb07819 with K=134 up to limit 1600
[2025-12-12 08:24:07] [generate_cnf] Generating formula 6s400rb07819 with K=135
[2025-12-12 08:24:45] [run_formula] Running formula 6s400rb07819 with K=135 up to limit 1600
[2025-12-12 08:24:50] [generate_cnf] Generating formula 6s400rb07819 with K=136
[2025-12-12 08:25:25] [run_formula] Running formula 6s400rb07819 with K=136 up to limit 1600
[2025-12-12 08:25:30] [generate_cnf] Generating formula 6s400rb07819 with K=137
[2025-12-12 08:26:00] [run_formula] Running formula 6s400rb07819 with K=137 up to limit 1600
[2025-12-12 08:26:05] [generate_cnf] Generating formula 6s400rb07819 with K=138
[2025-12-12 08:26:40] [run_formula] Running formula 6s400rb07819 with K=138 up to limit 1600
[2025-12-12 08:26:48] [generate_cnf] Generating formula 6s400rb07819 with K=139
[2025-12-12 08:27:27] [run_formula] Running formula 6s400rb07819 with K=139 up to limit 1600
[2025-12-12 08:27:35] [generate_cnf] Generating formula 6s400rb07819 with K=140
[2025-12-12 08:28:02] [generate_and_run_up_to_limit] Failed to generate CNF for 6s400rb07819 with K=140, halting
