CNF written.
CNF written.
CNF written.
CNF written.
CNF written.
CNF written.
CNF written.
CNF written.
CNF written.
CNF written.
CNF written.
CNF written.
CNF written.
CNF written.
CNF written.
CNF written.
CNF written.
CNF written.
CNF written.
CNF written.
CNF written.
CNF written.
CNF written.
CNF written.
CNF written.
CNF written.
CNF written.
CNF written.
CNF written.
CNF written.
CNF written.
CNF written.
CNF written.
CNF written.
CNF written.
CNF written.
CNF written.
CNF written.
CNF written.
CNF written.
CNF written.
CNF written.
CNF written.
CNF written.
CNF written.
CNF written.
CNF written.
CNF written.
CNF written.
CNF written.
CNF written.
CNF written.
CNF written.
CNF written.
CNF written.
CNF written.
CNF written.
CNF written.
CNF written.
CNF written.
CNF written.
CNF written.
CNF written.
CNF written.
CNF written.
CNF written.
CNF written.
CNF written.
CNF written.
CNF written.
CNF written.
CNF written.
CNF written.
CNF written.
CNF written.
CNF written.
CNF written.
CNF written.
CNF written.
CNF written.
CNF written.
CNF written.
CNF written.
CNF written.
CNF written.
CNF written.
CNF written.
CNF written.
CNF written.
CNF written.
CNF written.
CNF written.
CNF written.
CNF written.
CNF written.
CNF written.
CNF written.
CNF written.
CNF written.
[2025-12-12 07:33:29] [generate_and_run_up_to_limit] Generating and running 6s41 with K<=500 up to limit 1600
[2025-12-12 07:33:29] [generate_cnf] Generating formula 6s41 with K=1
[2025-12-12 07:33:29] [run_formula] Running formula 6s41 with K=1 up to limit 1600
[2025-12-12 07:33:29] [generate_cnf] Generating formula 6s41 with K=2
[2025-12-12 07:33:29] [run_formula] Running formula 6s41 with K=2 up to limit 1600
[2025-12-12 07:33:29] [generate_cnf] Generating formula 6s41 with K=3
[2025-12-12 07:33:29] [run_formula] Running formula 6s41 with K=3 up to limit 1600
[2025-12-12 07:33:29] [generate_cnf] Generating formula 6s41 with K=4
[2025-12-12 07:33:29] [run_formula] Running formula 6s41 with K=4 up to limit 1600
[2025-12-12 07:33:29] [generate_cnf] Generating formula 6s41 with K=5
[2025-12-12 07:33:29] [run_formula] Running formula 6s41 with K=5 up to limit 1600
[2025-12-12 07:33:29] [generate_cnf] Generating formula 6s41 with K=6
[2025-12-12 07:33:29] [run_formula] Running formula 6s41 with K=6 up to limit 1600
[2025-12-12 07:33:29] [generate_cnf] Generating formula 6s41 with K=7
[2025-12-12 07:33:29] [run_formula] Running formula 6s41 with K=7 up to limit 1600
[2025-12-12 07:33:29] [generate_cnf] Generating formula 6s41 with K=8
[2025-12-12 07:33:30] [run_formula] Running formula 6s41 with K=8 up to limit 1600
[2025-12-12 07:33:30] [generate_cnf] Generating formula 6s41 with K=9
[2025-12-12 07:33:30] [run_formula] Running formula 6s41 with K=9 up to limit 1600
[2025-12-12 07:33:30] [generate_cnf] Generating formula 6s41 with K=10
[2025-12-12 07:33:30] [run_formula] Running formula 6s41 with K=10 up to limit 1600
[2025-12-12 07:33:30] [generate_cnf] Generating formula 6s41 with K=11
[2025-12-12 07:33:30] [run_formula] Running formula 6s41 with K=11 up to limit 1600
[2025-12-12 07:33:30] [generate_cnf] Generating formula 6s41 with K=12
[2025-12-12 07:33:30] [run_formula] Running formula 6s41 with K=12 up to limit 1600
[2025-12-12 07:33:30] [generate_cnf] Generating formula 6s41 with K=13
[2025-12-12 07:33:30] [run_formula] Running formula 6s41 with K=13 up to limit 1600
[2025-12-12 07:33:30] [generate_cnf] Generating formula 6s41 with K=14
[2025-12-12 07:33:30] [run_formula] Running formula 6s41 with K=14 up to limit 1600
[2025-12-12 07:33:31] [generate_cnf] Generating formula 6s41 with K=15
[2025-12-12 07:33:31] [run_formula] Running formula 6s41 with K=15 up to limit 1600
[2025-12-12 07:33:31] [generate_cnf] Generating formula 6s41 with K=16
[2025-12-12 07:33:31] [run_formula] Running formula 6s41 with K=16 up to limit 1600
[2025-12-12 07:33:31] [generate_cnf] Generating formula 6s41 with K=17
[2025-12-12 07:33:31] [run_formula] Running formula 6s41 with K=17 up to limit 1600
[2025-12-12 07:33:31] [generate_cnf] Generating formula 6s41 with K=18
[2025-12-12 07:33:31] [run_formula] Running formula 6s41 with K=18 up to limit 1600
[2025-12-12 07:33:31] [generate_cnf] Generating formula 6s41 with K=19
[2025-12-12 07:33:32] [run_formula] Running formula 6s41 with K=19 up to limit 1600
[2025-12-12 07:33:32] [generate_cnf] Generating formula 6s41 with K=20
[2025-12-12 07:33:32] [run_formula] Running formula 6s41 with K=20 up to limit 1600
[2025-12-12 07:33:32] [generate_cnf] Generating formula 6s41 with K=21
[2025-12-12 07:33:32] [run_formula] Running formula 6s41 with K=21 up to limit 1600
[2025-12-12 07:33:32] [generate_cnf] Generating formula 6s41 with K=22
[2025-12-12 07:33:32] [run_formula] Running formula 6s41 with K=22 up to limit 1600
[2025-12-12 07:33:32] [generate_cnf] Generating formula 6s41 with K=23
[2025-12-12 07:33:33] [run_formula] Running formula 6s41 with K=23 up to limit 1600
[2025-12-12 07:33:33] [generate_cnf] Generating formula 6s41 with K=24
[2025-12-12 07:33:34] [run_formula] Running formula 6s41 with K=24 up to limit 1600
[2025-12-12 07:33:34] [generate_cnf] Generating formula 6s41 with K=25
[2025-12-12 07:33:34] [run_formula] Running formula 6s41 with K=25 up to limit 1600
[2025-12-12 07:33:34] [generate_cnf] Generating formula 6s41 with K=26
[2025-12-12 07:33:34] [run_formula] Running formula 6s41 with K=26 up to limit 1600
[2025-12-12 07:33:34] [generate_cnf] Generating formula 6s41 with K=27
[2025-12-12 07:33:34] [run_formula] Running formula 6s41 with K=27 up to limit 1600
[2025-12-12 07:33:35] [generate_cnf] Generating formula 6s41 with K=28
[2025-12-12 07:33:35] [run_formula] Running formula 6s41 with K=28 up to limit 1600
[2025-12-12 07:33:35] [generate_cnf] Generating formula 6s41 with K=29
[2025-12-12 07:33:35] [run_formula] Running formula 6s41 with K=29 up to limit 1600
[2025-12-12 07:33:35] [generate_cnf] Generating formula 6s41 with K=30
[2025-12-12 07:33:35] [run_formula] Running formula 6s41 with K=30 up to limit 1600
[2025-12-12 07:33:36] [generate_cnf] Generating formula 6s41 with K=31
[2025-12-12 07:33:36] [run_formula] Running formula 6s41 with K=31 up to limit 1600
[2025-12-12 07:33:36] [generate_cnf] Generating formula 6s41 with K=32
[2025-12-12 07:33:36] [run_formula] Running formula 6s41 with K=32 up to limit 1600
[2025-12-12 07:33:36] [generate_cnf] Generating formula 6s41 with K=33
[2025-12-12 07:33:37] [run_formula] Running formula 6s41 with K=33 up to limit 1600
[2025-12-12 07:33:37] [generate_cnf] Generating formula 6s41 with K=34
[2025-12-12 07:33:37] [run_formula] Running formula 6s41 with K=34 up to limit 1600
[2025-12-12 07:33:37] [generate_cnf] Generating formula 6s41 with K=35
[2025-12-12 07:33:37] [run_formula] Running formula 6s41 with K=35 up to limit 1600
[2025-12-12 07:33:37] [generate_cnf] Generating formula 6s41 with K=36
[2025-12-12 07:33:38] [run_formula] Running formula 6s41 with K=36 up to limit 1600
[2025-12-12 07:33:38] [generate_cnf] Generating formula 6s41 with K=37
[2025-12-12 07:33:38] [run_formula] Running formula 6s41 with K=37 up to limit 1600
[2025-12-12 07:33:38] [generate_cnf] Generating formula 6s41 with K=38
[2025-12-12 07:33:39] [run_formula] Running formula 6s41 with K=38 up to limit 1600
[2025-12-12 07:33:39] [generate_cnf] Generating formula 6s41 with K=39
[2025-12-12 07:33:39] [run_formula] Running formula 6s41 with K=39 up to limit 1600
[2025-12-12 07:33:39] [generate_cnf] Generating formula 6s41 with K=40
[2025-12-12 07:33:40] [run_formula] Running formula 6s41 with K=40 up to limit 1600
[2025-12-12 07:33:40] [generate_cnf] Generating formula 6s41 with K=41
[2025-12-12 07:33:40] [run_formula] Running formula 6s41 with K=41 up to limit 1600
[2025-12-12 07:33:40] [generate_cnf] Generating formula 6s41 with K=42
[2025-12-12 07:33:41] [run_formula] Running formula 6s41 with K=42 up to limit 1600
[2025-12-12 07:33:41] [generate_cnf] Generating formula 6s41 with K=43
[2025-12-12 07:33:41] [run_formula] Running formula 6s41 with K=43 up to limit 1600
[2025-12-12 07:33:41] [generate_cnf] Generating formula 6s41 with K=44
[2025-12-12 07:33:42] [run_formula] Running formula 6s41 with K=44 up to limit 1600
[2025-12-12 07:33:42] [generate_cnf] Generating formula 6s41 with K=45
[2025-12-12 07:33:42] [run_formula] Running formula 6s41 with K=45 up to limit 1600
[2025-12-12 07:33:43] [generate_cnf] Generating formula 6s41 with K=46
[2025-12-12 07:33:43] [run_formula] Running formula 6s41 with K=46 up to limit 1600
[2025-12-12 07:33:43] [generate_cnf] Generating formula 6s41 with K=47
[2025-12-12 07:33:44] [run_formula] Running formula 6s41 with K=47 up to limit 1600
[2025-12-12 07:33:44] [generate_cnf] Generating formula 6s41 with K=48
[2025-12-12 07:33:45] [run_formula] Running formula 6s41 with K=48 up to limit 1600
[2025-12-12 07:33:45] [generate_cnf] Generating formula 6s41 with K=49
[2025-12-12 07:33:46] [run_formula] Running formula 6s41 with K=49 up to limit 1600
[2025-12-12 07:33:46] [generate_cnf] Generating formula 6s41 with K=50
[2025-12-12 07:33:47] [run_formula] Running formula 6s41 with K=50 up to limit 1600
[2025-12-12 07:33:48] [generate_cnf] Generating formula 6s41 with K=51
[2025-12-12 07:33:49] [run_formula] Running formula 6s41 with K=51 up to limit 1600
[2025-12-12 07:33:50] [generate_cnf] Generating formula 6s41 with K=52
[2025-12-12 07:33:50] [run_formula] Running formula 6s41 with K=52 up to limit 1600
[2025-12-12 07:33:51] [generate_cnf] Generating formula 6s41 with K=53
[2025-12-12 07:33:52] [run_formula] Running formula 6s41 with K=53 up to limit 1600
[2025-12-12 07:33:54] [generate_cnf] Generating formula 6s41 with K=54
[2025-12-12 07:33:54] [run_formula] Running formula 6s41 with K=54 up to limit 1600
[2025-12-12 07:33:56] [generate_cnf] Generating formula 6s41 with K=55
[2025-12-12 07:33:57] [run_formula] Running formula 6s41 with K=55 up to limit 1600
[2025-12-12 07:33:59] [generate_cnf] Generating formula 6s41 with K=56
[2025-12-12 07:33:59] [run_formula] Running formula 6s41 with K=56 up to limit 1600
[2025-12-12 07:34:01] [generate_cnf] Generating formula 6s41 with K=57
[2025-12-12 07:34:02] [run_formula] Running formula 6s41 with K=57 up to limit 1600
[2025-12-12 07:34:06] [generate_cnf] Generating formula 6s41 with K=58
[2025-12-12 07:34:07] [run_formula] Running formula 6s41 with K=58 up to limit 1600
[2025-12-12 07:34:10] [generate_cnf] Generating formula 6s41 with K=59
[2025-12-12 07:34:11] [run_formula] Running formula 6s41 with K=59 up to limit 1600
[2025-12-12 07:34:16] [generate_cnf] Generating formula 6s41 with K=60
[2025-12-12 07:34:17] [run_formula] Running formula 6s41 with K=60 up to limit 1600
[2025-12-12 07:34:24] [generate_cnf] Generating formula 6s41 with K=61
[2025-12-12 07:34:24] [run_formula] Running formula 6s41 with K=61 up to limit 1600
[2025-12-12 07:34:32] [generate_cnf] Generating formula 6s41 with K=62
[2025-12-12 07:34:33] [run_formula] Running formula 6s41 with K=62 up to limit 1600
[2025-12-12 07:34:43] [generate_cnf] Generating formula 6s41 with K=63
[2025-12-12 07:34:44] [run_formula] Running formula 6s41 with K=63 up to limit 1600
[2025-12-12 07:34:53] [generate_cnf] Generating formula 6s41 with K=64
[2025-12-12 07:34:54] [run_formula] Running formula 6s41 with K=64 up to limit 1600
[2025-12-12 07:35:05] [generate_cnf] Generating formula 6s41 with K=65
[2025-12-12 07:35:06] [run_formula] Running formula 6s41 with K=65 up to limit 1600
[2025-12-12 07:35:17] [generate_cnf] Generating formula 6s41 with K=66
[2025-12-12 07:35:17] [run_formula] Running formula 6s41 with K=66 up to limit 1600
[2025-12-12 07:35:29] [generate_cnf] Generating formula 6s41 with K=67
[2025-12-12 07:35:29] [run_formula] Running formula 6s41 with K=67 up to limit 1600
[2025-12-12 07:35:45] [generate_cnf] Generating formula 6s41 with K=68
[2025-12-12 07:35:45] [run_formula] Running formula 6s41 with K=68 up to limit 1600
[2025-12-12 07:36:05] [generate_cnf] Generating formula 6s41 with K=69
[2025-12-12 07:36:05] [run_formula] Running formula 6s41 with K=69 up to limit 1600
[2025-12-12 07:36:25] [generate_cnf] Generating formula 6s41 with K=70
[2025-12-12 07:36:26] [run_formula] Running formula 6s41 with K=70 up to limit 1600
[2025-12-12 07:36:50] [generate_cnf] Generating formula 6s41 with K=71
[2025-12-12 07:36:51] [run_formula] Running formula 6s41 with K=71 up to limit 1600
[2025-12-12 07:37:14] [generate_cnf] Generating formula 6s41 with K=72
[2025-12-12 07:37:14] [run_formula] Running formula 6s41 with K=72 up to limit 1600
[2025-12-12 07:37:48] [generate_cnf] Generating formula 6s41 with K=73
[2025-12-12 07:37:48] [run_formula] Running formula 6s41 with K=73 up to limit 1600
[2025-12-12 07:38:20] [generate_cnf] Generating formula 6s41 with K=74
[2025-12-12 07:38:21] [run_formula] Running formula 6s41 with K=74 up to limit 1600
[2025-12-12 07:38:56] [generate_cnf] Generating formula 6s41 with K=75
[2025-12-12 07:38:57] [run_formula] Running formula 6s41 with K=75 up to limit 1600
[2025-12-12 07:39:43] [generate_cnf] Generating formula 6s41 with K=76
[2025-12-12 07:39:43] [run_formula] Running formula 6s41 with K=76 up to limit 1600
[2025-12-12 07:40:29] [generate_cnf] Generating formula 6s41 with K=77
[2025-12-12 07:40:30] [run_formula] Running formula 6s41 with K=77 up to limit 1600
[2025-12-12 07:41:16] [generate_cnf] Generating formula 6s41 with K=78
[2025-12-12 07:41:17] [run_formula] Running formula 6s41 with K=78 up to limit 1600
[2025-12-12 07:42:09] [generate_cnf] Generating formula 6s41 with K=79
[2025-12-12 07:42:10] [run_formula] Running formula 6s41 with K=79 up to limit 1600
[2025-12-12 07:43:03] [generate_cnf] Generating formula 6s41 with K=80
[2025-12-12 07:43:04] [run_formula] Running formula 6s41 with K=80 up to limit 1600
[2025-12-12 07:44:02] [generate_cnf] Generating formula 6s41 with K=81
[2025-12-12 07:44:03] [run_formula] Running formula 6s41 with K=81 up to limit 1600
[2025-12-12 07:45:18] [generate_cnf] Generating formula 6s41 with K=82
[2025-12-12 07:45:19] [run_formula] Running formula 6s41 with K=82 up to limit 1600
[2025-12-12 07:46:18] [generate_cnf] Generating formula 6s41 with K=83
[2025-12-12 07:46:19] [run_formula] Running formula 6s41 with K=83 up to limit 1600
[2025-12-12 07:47:29] [generate_cnf] Generating formula 6s41 with K=84
[2025-12-12 07:47:30] [run_formula] Running formula 6s41 with K=84 up to limit 1600
[2025-12-12 07:49:36] [generate_cnf] Generating formula 6s41 with K=85
[2025-12-12 07:49:37] [run_formula] Running formula 6s41 with K=85 up to limit 1600
[2025-12-12 07:51:08] [generate_cnf] Generating formula 6s41 with K=86
[2025-12-12 07:51:09] [run_formula] Running formula 6s41 with K=86 up to limit 1600
[2025-12-12 07:52:21] [generate_cnf] Generating formula 6s41 with K=87
[2025-12-12 07:52:21] [run_formula] Running formula 6s41 with K=87 up to limit 1600
[2025-12-12 07:54:03] [generate_cnf] Generating formula 6s41 with K=88
[2025-12-12 07:54:04] [run_formula] Running formula 6s41 with K=88 up to limit 1600
[2025-12-12 07:56:57] [generate_cnf] Generating formula 6s41 with K=89
[2025-12-12 07:56:58] [run_formula] Running formula 6s41 with K=89 up to limit 1600
[2025-12-12 07:58:48] [generate_cnf] Generating formula 6s41 with K=90
[2025-12-12 07:58:49] [run_formula] Running formula 6s41 with K=90 up to limit 1600
[2025-12-12 08:00:35] [generate_cnf] Generating formula 6s41 with K=91
[2025-12-12 08:00:36] [run_formula] Running formula 6s41 with K=91 up to limit 1600
[2025-12-12 08:03:59] [generate_cnf] Generating formula 6s41 with K=92
[2025-12-12 08:04:00] [run_formula] Running formula 6s41 with K=92 up to limit 1600
[2025-12-12 08:06:52] [generate_cnf] Generating formula 6s41 with K=93
[2025-12-12 08:06:53] [run_formula] Running formula 6s41 with K=93 up to limit 1600
[2025-12-12 08:10:49] [generate_cnf] Generating formula 6s41 with K=94
[2025-12-12 08:10:49] [run_formula] Running formula 6s41 with K=94 up to limit 1600
[2025-12-12 08:14:52] [generate_cnf] Generating formula 6s41 with K=95
[2025-12-12 08:14:53] [run_formula] Running formula 6s41 with K=95 up to limit 1600
[2025-12-12 08:16:49] [generate_cnf] Generating formula 6s41 with K=96
[2025-12-12 08:16:50] [run_formula] Running formula 6s41 with K=96 up to limit 1600
[2025-12-12 08:18:57] [generate_cnf] Generating formula 6s41 with K=97
[2025-12-12 08:18:58] [run_formula] Running formula 6s41 with K=97 up to limit 1600
[2025-12-12 08:22:48] [generate_cnf] Generating formula 6s41 with K=98
[2025-12-12 08:22:49] [run_formula] Running formula 6s41 with K=98 up to limit 1600
[2025-12-12 08:26:49] [generate_cnf] Generating formula 6s41 with K=99
[2025-12-12 08:26:49] [run_formula] Running formula 6s41 with K=99 up to limit 1600
[2025-12-12 08:28:48] [run_formula] Error running formula 6s41 with K=99: [Errno 122] Disk quota exceeded: './results/solving_logs/6s41//6s41.99.log'
[2025-12-12 08:28:48] [generate_and_run_up_to_limit] Failed to run formula 6s41 with K=99, halting
