CNF written.
CNF written.
CNF written.
CNF written.
CNF written.
CNF written.
CNF written.
[2025-12-12 07:43:24] [generate_and_run_up_to_limit] Generating and running 6s428rb098 with K<=500 up to limit 1600
[2025-12-12 07:43:24] [generate_cnf] Generating formula 6s428rb098 with K=1
[2025-12-12 07:43:24] [run_formula] Running formula 6s428rb098 with K=1 up to limit 1600
[2025-12-12 07:43:24] [generate_cnf] Generating formula 6s428rb098 with K=2
[2025-12-12 07:43:25] [run_formula] Running formula 6s428rb098 with K=2 up to limit 1600
[2025-12-12 07:43:25] [generate_cnf] Generating formula 6s428rb098 with K=3
[2025-12-12 07:43:25] [run_formula] Running formula 6s428rb098 with K=3 up to limit 1600
[2025-12-12 07:43:25] [generate_cnf] Generating formula 6s428rb098 with K=4
[2025-12-12 07:43:26] [run_formula] Running formula 6s428rb098 with K=4 up to limit 1600
[2025-12-12 07:43:28] [generate_cnf] Generating formula 6s428rb098 with K=5
[2025-12-12 07:43:29] [run_formula] Running formula 6s428rb098 with K=5 up to limit 1600
[2025-12-12 07:44:05] [generate_cnf] Generating formula 6s428rb098 with K=6
[2025-12-12 07:44:06] [run_formula] Running formula 6s428rb098 with K=6 up to limit 1600
[2025-12-12 07:49:52] [generate_cnf] Generating formula 6s428rb098 with K=7
[2025-12-12 07:49:52] [run_formula] Running formula 6s428rb098 with K=7 up to limit 1600
[2025-12-12 08:16:32] [run_formula] Formula 6s428rb098 with K=7 timed out after 1600 seconds
[2025-12-12 08:16:32] [generate_and_run_up_to_limit] Failed to run formula 6s428rb098 with K=7, halting
