CNF written.
CNF written.
CNF written.
CNF written.
CNF written.
CNF written.
CNF written.
CNF written.
CNF written.
CNF written.
CNF written.
CNF written.
CNF written.
CNF written.
CNF written.
CNF written.
CNF written.
CNF written.
CNF written.
CNF written.
CNF written.
CNF written.
CNF written.
CNF written.
CNF written.
CNF written.
CNF written.
CNF written.
CNF written.
CNF written.
CNF written.
CNF written.
CNF written.
CNF written.
CNF written.
CNF written.
CNF written.
CNF written.
CNF written.
CNF written.
CNF written.
CNF written.
CNF written.
CNF written.
CNF written.
CNF written.
CNF written.
CNF written.
CNF written.
CNF written.
CNF written.
CNF written.
CNF written.
CNF written.
CNF written.
CNF written.
CNF written.
CNF written.
CNF written.
CNF written.
CNF written.
CNF written.
CNF written.
CNF written.
CNF written.
CNF written.
CNF written.
CNF written.
CNF written.
CNF written.
CNF written.
CNF written.
CNF written.
CNF written.
CNF written.
CNF written.
CNF written.
CNF written.
CNF written.
CNF written.
CNF written.
CNF written.
CNF written.
CNF written.
CNF written.
CNF written.
CNF written.
CNF written.
CNF written.
CNF written.
CNF written.
CNF written.
CNF written.
CNF written.
CNF written.
CNF written.
CNF written.
CNF written.
CNF written.
CNF written.
CNF written.
CNF written.
CNF written.
CNF written.
CNF written.
CNF written.
CNF written.
CNF written.
CNF written.
CNF written.
CNF written.
CNF written.
CNF written.
CNF written.
CNF written.
CNF written.
CNF written.
CNF written.
CNF written.
CNF written.
CNF written.
CNF written.
CNF written.
CNF written.
CNF written.
CNF written.
CNF written.
CNF written.
CNF written.
CNF written.
CNF written.
CNF written.
CNF written.
CNF written.
CNF written.
CNF written.
CNF written.
CNF written.
CNF written.
CNF written.
CNF written.
CNF written.
CNF written.
CNF written.
CNF written.
CNF written.
CNF written.
CNF written.
CNF written.
CNF written.
CNF written.
CNF written.
CNF written.
CNF written.
CNF written.
CNF written.
CNF written.
CNF written.
CNF written.
CNF written.
CNF written.
CNF written.
CNF written.
CNF written.
CNF written.
CNF written.
CNF written.
CNF written.
CNF written.
CNF written.
CNF written.
CNF written.
CNF written.
CNF written.
CNF written.
CNF written.
CNF written.
CNF written.
CNF written.
CNF written.
CNF written.
CNF written.
CNF written.
CNF written.
CNF written.
CNF written.
CNF written.
CNF written.
CNF written.
CNF written.
CNF written.
CNF written.
CNF written.
CNF written.
CNF written.
CNF written.
CNF written.
CNF written.
CNF written.
CNF written.
CNF written.
CNF written.
CNF written.
CNF written.
CNF written.
CNF written.
CNF written.
CNF written.
CNF written.
CNF written.
CNF written.
CNF written.
CNF written.
CNF written.
CNF written.
CNF written.
CNF written.
CNF written.
CNF written.
CNF written.
CNF written.
CNF written.
CNF written.
CNF written.
CNF written.
CNF written.
CNF written.
CNF written.
CNF written.
CNF written.
CNF written.
CNF written.
CNF written.
CNF written.
CNF written.
CNF written.
CNF written.
CNF written.
CNF written.
CNF written.
CNF written.
CNF written.
CNF written.
CNF written.
CNF written.
CNF written.
CNF written.
CNF written.
CNF written.
CNF written.
CNF written.
CNF written.
CNF written.
CNF written.
CNF written.
CNF written.
CNF written.
CNF written.
CNF written.
CNF written.
CNF written.
CNF written.
CNF written.
CNF written.
CNF written.
CNF written.
CNF written.
CNF written.
CNF written.
CNF written.
CNF written.
CNF written.
CNF written.
CNF written.
CNF written.
CNF written.
CNF written.
CNF written.
CNF written.
CNF written.
CNF written.
CNF written.
CNF written.
CNF written.
CNF written.
CNF written.
CNF written.
CNF written.
CNF written.
CNF written.
CNF written.
CNF written.
CNF written.
CNF written.
CNF written.
CNF written.
CNF written.
CNF written.
CNF written.
CNF written.
CNF written.
CNF written.
CNF written.
CNF written.
CNF written.
CNF written.
CNF written.
CNF written.
CNF written.
CNF written.
CNF written.
CNF written.
CNF written.
CNF written.
CNF written.
CNF written.
CNF written.
CNF written.
CNF written.
CNF written.
CNF written.
CNF written.
CNF written.
CNF written.
CNF written.
CNF written.
CNF written.
CNF written.
CNF written.
CNF written.
CNF written.
CNF written.
CNF written.
CNF written.
CNF written.
CNF written.
CNF written.
CNF written.
CNF written.
CNF written.
CNF written.
CNF written.
CNF written.
CNF written.
CNF written.
CNF written.
CNF written.
CNF written.
CNF written.
CNF written.
CNF written.
CNF written.
CNF written.
CNF written.
CNF written.
CNF written.
CNF written.
CNF written.
CNF written.
CNF written.
CNF written.
CNF written.
CNF written.
CNF written.
CNF written.
CNF written.
CNF written.
CNF written.
CNF written.
CNF written.
CNF written.
CNF written.
CNF written.
CNF written.
CNF written.
CNF written.
CNF written.
CNF written.
CNF written.
CNF written.
CNF written.
CNF written.
CNF written.
CNF written.
CNF written.
CNF written.
CNF written.
CNF written.
CNF written.
CNF written.
CNF written.
CNF written.
CNF written.
CNF written.
CNF written.
CNF written.
CNF written.
CNF written.
CNF written.
CNF written.
CNF written.
CNF written.
CNF written.
CNF written.
CNF written.
CNF written.
CNF written.
CNF written.
CNF written.
CNF written.
CNF written.
CNF written.
CNF written.
CNF written.
CNF written.
CNF written.
CNF written.
CNF written.
CNF written.
CNF written.
CNF written.
CNF written.
CNF written.
CNF written.
CNF written.
CNF written.
CNF written.
CNF written.
CNF written.
CNF written.
CNF written.
CNF written.
CNF written.
CNF written.
CNF written.
CNF written.
CNF written.
CNF written.
CNF written.
CNF written.
CNF written.
CNF written.
CNF written.
CNF written.
CNF written.
CNF written.
CNF written.
CNF written.
CNF written.
CNF written.
CNF written.
CNF written.
CNF written.
CNF written.
CNF written.
CNF written.
CNF written.
CNF written.
CNF written.
CNF written.
CNF written.
CNF written.
CNF written.
CNF written.
CNF written.
CNF written.
CNF written.
CNF written.
[2025-12-12 07:07:11] [generate_and_run_up_to_limit] Generating and running abp4p2ff with K<=500 up to limit 1600
[2025-12-12 07:07:11] [generate_cnf] Generating formula abp4p2ff with K=1
[2025-12-12 07:07:11] [run_formula] Running formula abp4p2ff with K=1 up to limit 1600
[2025-12-12 07:07:11] [generate_cnf] Generating formula abp4p2ff with K=2
[2025-12-12 07:07:11] [run_formula] Running formula abp4p2ff with K=2 up to limit 1600
[2025-12-12 07:07:11] [generate_cnf] Generating formula abp4p2ff with K=3
[2025-12-12 07:07:11] [run_formula] Running formula abp4p2ff with K=3 up to limit 1600
[2025-12-12 07:07:11] [generate_cnf] Generating formula abp4p2ff with K=4
[2025-12-12 07:07:11] [run_formula] Running formula abp4p2ff with K=4 up to limit 1600
[2025-12-12 07:07:11] [generate_cnf] Generating formula abp4p2ff with K=5
[2025-12-12 07:07:11] [run_formula] Running formula abp4p2ff with K=5 up to limit 1600
[2025-12-12 07:07:11] [generate_cnf] Generating formula abp4p2ff with K=6
[2025-12-12 07:07:11] [run_formula] Running formula abp4p2ff with K=6 up to limit 1600
[2025-12-12 07:07:11] [generate_cnf] Generating formula abp4p2ff with K=7
[2025-12-12 07:07:11] [run_formula] Running formula abp4p2ff with K=7 up to limit 1600
[2025-12-12 07:07:11] [generate_cnf] Generating formula abp4p2ff with K=8
[2025-12-12 07:07:11] [run_formula] Running formula abp4p2ff with K=8 up to limit 1600
[2025-12-12 07:07:11] [generate_cnf] Generating formula abp4p2ff with K=9
[2025-12-12 07:07:11] [run_formula] Running formula abp4p2ff with K=9 up to limit 1600
[2025-12-12 07:07:11] [generate_cnf] Generating formula abp4p2ff with K=10
[2025-12-12 07:07:11] [run_formula] Running formula abp4p2ff with K=10 up to limit 1600
[2025-12-12 07:07:11] [generate_cnf] Generating formula abp4p2ff with K=11
[2025-12-12 07:07:11] [run_formula] Running formula abp4p2ff with K=11 up to limit 1600
[2025-12-12 07:07:11] [generate_cnf] Generating formula abp4p2ff with K=12
[2025-12-12 07:07:11] [run_formula] Running formula abp4p2ff with K=12 up to limit 1600
[2025-12-12 07:07:11] [generate_cnf] Generating formula abp4p2ff with K=13
[2025-12-12 07:07:12] [run_formula] Running formula abp4p2ff with K=13 up to limit 1600
[2025-12-12 07:07:12] [generate_cnf] Generating formula abp4p2ff with K=14
[2025-12-12 07:07:12] [run_formula] Running formula abp4p2ff with K=14 up to limit 1600
[2025-12-12 07:07:12] [generate_cnf] Generating formula abp4p2ff with K=15
[2025-12-12 07:07:12] [run_formula] Running formula abp4p2ff with K=15 up to limit 1600
[2025-12-12 07:07:12] [generate_cnf] Generating formula abp4p2ff with K=16
[2025-12-12 07:07:12] [run_formula] Running formula abp4p2ff with K=16 up to limit 1600
[2025-12-12 07:07:13] [generate_cnf] Generating formula abp4p2ff with K=17
[2025-12-12 07:07:13] [run_formula] Running formula abp4p2ff with K=17 up to limit 1600
[2025-12-12 07:07:13] [generate_cnf] Generating formula abp4p2ff with K=18
[2025-12-12 07:07:13] [run_formula] Running formula abp4p2ff with K=18 up to limit 1600
[2025-12-12 07:07:13] [generate_cnf] Generating formula abp4p2ff with K=19
[2025-12-12 07:07:13] [run_formula] Running formula abp4p2ff with K=19 up to limit 1600
[2025-12-12 07:07:13] [generate_cnf] Generating formula abp4p2ff with K=20
[2025-12-12 07:07:13] [run_formula] Running formula abp4p2ff with K=20 up to limit 1600
[2025-12-12 07:07:13] [generate_cnf] Generating formula abp4p2ff with K=21
[2025-12-12 07:07:13] [run_formula] Running formula abp4p2ff with K=21 up to limit 1600
[2025-12-12 07:07:14] [generate_cnf] Generating formula abp4p2ff with K=22
[2025-12-12 07:07:14] [run_formula] Running formula abp4p2ff with K=22 up to limit 1600
[2025-12-12 07:07:14] [generate_cnf] Generating formula abp4p2ff with K=23
[2025-12-12 07:07:14] [run_formula] Running formula abp4p2ff with K=23 up to limit 1600
[2025-12-12 07:07:14] [generate_cnf] Generating formula abp4p2ff with K=24
[2025-12-12 07:07:14] [run_formula] Running formula abp4p2ff with K=24 up to limit 1600
[2025-12-12 07:07:14] [generate_cnf] Generating formula abp4p2ff with K=25
[2025-12-12 07:07:14] [run_formula] Running formula abp4p2ff with K=25 up to limit 1600
[2025-12-12 07:07:14] [generate_cnf] Generating formula abp4p2ff with K=26
[2025-12-12 07:07:14] [run_formula] Running formula abp4p2ff with K=26 up to limit 1600
[2025-12-12 07:07:14] [generate_cnf] Generating formula abp4p2ff with K=27
[2025-12-12 07:07:15] [run_formula] Running formula abp4p2ff with K=27 up to limit 1600
[2025-12-12 07:07:15] [generate_cnf] Generating formula abp4p2ff with K=28
[2025-12-12 07:07:15] [run_formula] Running formula abp4p2ff with K=28 up to limit 1600
[2025-12-12 07:07:15] [generate_cnf] Generating formula abp4p2ff with K=29
[2025-12-12 07:07:15] [run_formula] Running formula abp4p2ff with K=29 up to limit 1600
[2025-12-12 07:07:15] [generate_cnf] Generating formula abp4p2ff with K=30
[2025-12-12 07:07:15] [run_formula] Running formula abp4p2ff with K=30 up to limit 1600
[2025-12-12 07:07:16] [generate_cnf] Generating formula abp4p2ff with K=31
[2025-12-12 07:07:16] [run_formula] Running formula abp4p2ff with K=31 up to limit 1600
[2025-12-12 07:07:16] [generate_cnf] Generating formula abp4p2ff with K=32
[2025-12-12 07:07:16] [run_formula] Running formula abp4p2ff with K=32 up to limit 1600
[2025-12-12 07:07:16] [generate_cnf] Generating formula abp4p2ff with K=33
[2025-12-12 07:07:16] [run_formula] Running formula abp4p2ff with K=33 up to limit 1600
[2025-12-12 07:07:16] [generate_cnf] Generating formula abp4p2ff with K=34
[2025-12-12 07:07:16] [run_formula] Running formula abp4p2ff with K=34 up to limit 1600
[2025-12-12 07:07:17] [generate_cnf] Generating formula abp4p2ff with K=35
[2025-12-12 07:07:17] [run_formula] Running formula abp4p2ff with K=35 up to limit 1600
[2025-12-12 07:07:17] [generate_cnf] Generating formula abp4p2ff with K=36
[2025-12-12 07:07:17] [run_formula] Running formula abp4p2ff with K=36 up to limit 1600
[2025-12-12 07:07:17] [generate_cnf] Generating formula abp4p2ff with K=37
[2025-12-12 07:07:17] [run_formula] Running formula abp4p2ff with K=37 up to limit 1600
[2025-12-12 07:07:17] [generate_cnf] Generating formula abp4p2ff with K=38
[2025-12-12 07:07:17] [run_formula] Running formula abp4p2ff with K=38 up to limit 1600
[2025-12-12 07:07:18] [generate_cnf] Generating formula abp4p2ff with K=39
[2025-12-12 07:07:18] [run_formula] Running formula abp4p2ff with K=39 up to limit 1600
[2025-12-12 07:07:18] [generate_cnf] Generating formula abp4p2ff with K=40
[2025-12-12 07:07:18] [run_formula] Running formula abp4p2ff with K=40 up to limit 1600
[2025-12-12 07:07:18] [generate_cnf] Generating formula abp4p2ff with K=41
[2025-12-12 07:07:18] [run_formula] Running formula abp4p2ff with K=41 up to limit 1600
[2025-12-12 07:07:18] [generate_cnf] Generating formula abp4p2ff with K=42
[2025-12-12 07:07:18] [run_formula] Running formula abp4p2ff with K=42 up to limit 1600
[2025-12-12 07:07:19] [generate_cnf] Generating formula abp4p2ff with K=43
[2025-12-12 07:07:19] [run_formula] Running formula abp4p2ff with K=43 up to limit 1600
[2025-12-12 07:07:19] [generate_cnf] Generating formula abp4p2ff with K=44
[2025-12-12 07:07:19] [run_formula] Running formula abp4p2ff with K=44 up to limit 1600
[2025-12-12 07:07:19] [generate_cnf] Generating formula abp4p2ff with K=45
[2025-12-12 07:07:19] [run_formula] Running formula abp4p2ff with K=45 up to limit 1600
[2025-12-12 07:07:20] [generate_cnf] Generating formula abp4p2ff with K=46
[2025-12-12 07:07:20] [run_formula] Running formula abp4p2ff with K=46 up to limit 1600
[2025-12-12 07:07:21] [generate_cnf] Generating formula abp4p2ff with K=47
[2025-12-12 07:07:21] [run_formula] Running formula abp4p2ff with K=47 up to limit 1600
[2025-12-12 07:07:21] [generate_cnf] Generating formula abp4p2ff with K=48
[2025-12-12 07:07:21] [run_formula] Running formula abp4p2ff with K=48 up to limit 1600
[2025-12-12 07:07:22] [generate_cnf] Generating formula abp4p2ff with K=49
[2025-12-12 07:07:22] [run_formula] Running formula abp4p2ff with K=49 up to limit 1600
[2025-12-12 07:07:22] [generate_cnf] Generating formula abp4p2ff with K=50
[2025-12-12 07:07:22] [run_formula] Running formula abp4p2ff with K=50 up to limit 1600
[2025-12-12 07:07:22] [generate_cnf] Generating formula abp4p2ff with K=51
[2025-12-12 07:07:23] [run_formula] Running formula abp4p2ff with K=51 up to limit 1600
[2025-12-12 07:07:24] [generate_cnf] Generating formula abp4p2ff with K=52
[2025-12-12 07:07:24] [run_formula] Running formula abp4p2ff with K=52 up to limit 1600
[2025-12-12 07:07:24] [generate_cnf] Generating formula abp4p2ff with K=53
[2025-12-12 07:07:24] [run_formula] Running formula abp4p2ff with K=53 up to limit 1600
[2025-12-12 07:07:24] [generate_cnf] Generating formula abp4p2ff with K=54
[2025-12-12 07:07:25] [run_formula] Running formula abp4p2ff with K=54 up to limit 1600
[2025-12-12 07:07:25] [generate_cnf] Generating formula abp4p2ff with K=55
[2025-12-12 07:07:26] [run_formula] Running formula abp4p2ff with K=55 up to limit 1600
[2025-12-12 07:07:27] [generate_cnf] Generating formula abp4p2ff with K=56
[2025-12-12 07:07:27] [run_formula] Running formula abp4p2ff with K=56 up to limit 1600
[2025-12-12 07:07:28] [generate_cnf] Generating formula abp4p2ff with K=57
[2025-12-12 07:07:28] [run_formula] Running formula abp4p2ff with K=57 up to limit 1600
[2025-12-12 07:07:29] [generate_cnf] Generating formula abp4p2ff with K=58
[2025-12-12 07:07:29] [run_formula] Running formula abp4p2ff with K=58 up to limit 1600
[2025-12-12 07:07:30] [generate_cnf] Generating formula abp4p2ff with K=59
[2025-12-12 07:07:30] [run_formula] Running formula abp4p2ff with K=59 up to limit 1600
[2025-12-12 07:07:32] [generate_cnf] Generating formula abp4p2ff with K=60
[2025-12-12 07:07:32] [run_formula] Running formula abp4p2ff with K=60 up to limit 1600
[2025-12-12 07:07:33] [generate_cnf] Generating formula abp4p2ff with K=61
[2025-12-12 07:07:33] [run_formula] Running formula abp4p2ff with K=61 up to limit 1600
[2025-12-12 07:07:33] [generate_cnf] Generating formula abp4p2ff with K=62
[2025-12-12 07:07:33] [run_formula] Running formula abp4p2ff with K=62 up to limit 1600
[2025-12-12 07:07:34] [generate_cnf] Generating formula abp4p2ff with K=63
[2025-12-12 07:07:34] [run_formula] Running formula abp4p2ff with K=63 up to limit 1600
[2025-12-12 07:07:34] [generate_cnf] Generating formula abp4p2ff with K=64
[2025-12-12 07:07:34] [run_formula] Running formula abp4p2ff with K=64 up to limit 1600
[2025-12-12 07:07:35] [generate_cnf] Generating formula abp4p2ff with K=65
[2025-12-12 07:07:35] [run_formula] Running formula abp4p2ff with K=65 up to limit 1600
[2025-12-12 07:07:35] [generate_cnf] Generating formula abp4p2ff with K=66
[2025-12-12 07:07:35] [run_formula] Running formula abp4p2ff with K=66 up to limit 1600
[2025-12-12 07:07:35] [generate_cnf] Generating formula abp4p2ff with K=67
[2025-12-12 07:07:36] [run_formula] Running formula abp4p2ff with K=67 up to limit 1600
[2025-12-12 07:07:36] [generate_cnf] Generating formula abp4p2ff with K=68
[2025-12-12 07:07:36] [run_formula] Running formula abp4p2ff with K=68 up to limit 1600
[2025-12-12 07:07:37] [generate_cnf] Generating formula abp4p2ff with K=69
[2025-12-12 07:07:37] [run_formula] Running formula abp4p2ff with K=69 up to limit 1600
[2025-12-12 07:07:38] [generate_cnf] Generating formula abp4p2ff with K=70
[2025-12-12 07:07:38] [run_formula] Running formula abp4p2ff with K=70 up to limit 1600
[2025-12-12 07:07:39] [generate_cnf] Generating formula abp4p2ff with K=71
[2025-12-12 07:07:39] [run_formula] Running formula abp4p2ff with K=71 up to limit 1600
[2025-12-12 07:07:39] [generate_cnf] Generating formula abp4p2ff with K=72
[2025-12-12 07:07:40] [run_formula] Running formula abp4p2ff with K=72 up to limit 1600
[2025-12-12 07:07:40] [generate_cnf] Generating formula abp4p2ff with K=73
[2025-12-12 07:07:41] [run_formula] Running formula abp4p2ff with K=73 up to limit 1600
[2025-12-12 07:07:41] [generate_cnf] Generating formula abp4p2ff with K=74
[2025-12-12 07:07:41] [run_formula] Running formula abp4p2ff with K=74 up to limit 1600
[2025-12-12 07:07:42] [generate_cnf] Generating formula abp4p2ff with K=75
[2025-12-12 07:07:42] [run_formula] Running formula abp4p2ff with K=75 up to limit 1600
[2025-12-12 07:07:46] [generate_cnf] Generating formula abp4p2ff with K=76
[2025-12-12 07:07:46] [run_formula] Running formula abp4p2ff with K=76 up to limit 1600
[2025-12-12 07:07:47] [generate_cnf] Generating formula abp4p2ff with K=77
[2025-12-12 07:07:47] [run_formula] Running formula abp4p2ff with K=77 up to limit 1600
[2025-12-12 07:07:48] [generate_cnf] Generating formula abp4p2ff with K=78
[2025-12-12 07:07:49] [run_formula] Running formula abp4p2ff with K=78 up to limit 1600
[2025-12-12 07:07:51] [generate_cnf] Generating formula abp4p2ff with K=79
[2025-12-12 07:07:51] [run_formula] Running formula abp4p2ff with K=79 up to limit 1600
[2025-12-12 07:07:52] [generate_cnf] Generating formula abp4p2ff with K=80
[2025-12-12 07:07:53] [run_formula] Running formula abp4p2ff with K=80 up to limit 1600
[2025-12-12 07:07:53] [generate_cnf] Generating formula abp4p2ff with K=81
[2025-12-12 07:07:53] [run_formula] Running formula abp4p2ff with K=81 up to limit 1600
[2025-12-12 07:07:54] [generate_cnf] Generating formula abp4p2ff with K=82
[2025-12-12 07:07:54] [run_formula] Running formula abp4p2ff with K=82 up to limit 1600
[2025-12-12 07:07:56] [generate_cnf] Generating formula abp4p2ff with K=83
[2025-12-12 07:07:56] [run_formula] Running formula abp4p2ff with K=83 up to limit 1600
[2025-12-12 07:07:57] [generate_cnf] Generating formula abp4p2ff with K=84
[2025-12-12 07:07:57] [run_formula] Running formula abp4p2ff with K=84 up to limit 1600
[2025-12-12 07:08:00] [generate_cnf] Generating formula abp4p2ff with K=85
[2025-12-12 07:08:01] [run_formula] Running formula abp4p2ff with K=85 up to limit 1600
[2025-12-12 07:08:04] [generate_cnf] Generating formula abp4p2ff with K=86
[2025-12-12 07:08:04] [run_formula] Running formula abp4p2ff with K=86 up to limit 1600
[2025-12-12 07:08:06] [generate_cnf] Generating formula abp4p2ff with K=87
[2025-12-12 07:08:06] [run_formula] Running formula abp4p2ff with K=87 up to limit 1600
[2025-12-12 07:08:06] [generate_cnf] Generating formula abp4p2ff with K=88
[2025-12-12 07:08:06] [run_formula] Running formula abp4p2ff with K=88 up to limit 1600
[2025-12-12 07:08:07] [generate_cnf] Generating formula abp4p2ff with K=89
[2025-12-12 07:08:07] [run_formula] Running formula abp4p2ff with K=89 up to limit 1600
[2025-12-12 07:08:07] [generate_cnf] Generating formula abp4p2ff with K=90
[2025-12-12 07:08:08] [run_formula] Running formula abp4p2ff with K=90 up to limit 1600
[2025-12-12 07:08:08] [generate_cnf] Generating formula abp4p2ff with K=91
[2025-12-12 07:08:08] [run_formula] Running formula abp4p2ff with K=91 up to limit 1600
[2025-12-12 07:08:10] [generate_cnf] Generating formula abp4p2ff with K=92
[2025-12-12 07:08:10] [run_formula] Running formula abp4p2ff with K=92 up to limit 1600
[2025-12-12 07:08:12] [generate_cnf] Generating formula abp4p2ff with K=93
[2025-12-12 07:08:12] [run_formula] Running formula abp4p2ff with K=93 up to limit 1600
[2025-12-12 07:08:16] [generate_cnf] Generating formula abp4p2ff with K=94
[2025-12-12 07:08:16] [run_formula] Running formula abp4p2ff with K=94 up to limit 1600
[2025-12-12 07:08:16] [generate_cnf] Generating formula abp4p2ff with K=95
[2025-12-12 07:08:17] [run_formula] Running formula abp4p2ff with K=95 up to limit 1600
[2025-12-12 07:08:20] [generate_cnf] Generating formula abp4p2ff with K=96
[2025-12-12 07:08:20] [run_formula] Running formula abp4p2ff with K=96 up to limit 1600
[2025-12-12 07:08:21] [generate_cnf] Generating formula abp4p2ff with K=97
[2025-12-12 07:08:21] [run_formula] Running formula abp4p2ff with K=97 up to limit 1600
[2025-12-12 07:08:22] [generate_cnf] Generating formula abp4p2ff with K=98
[2025-12-12 07:08:22] [run_formula] Running formula abp4p2ff with K=98 up to limit 1600
[2025-12-12 07:08:23] [generate_cnf] Generating formula abp4p2ff with K=99
[2025-12-12 07:08:23] [run_formula] Running formula abp4p2ff with K=99 up to limit 1600
[2025-12-12 07:08:24] [generate_cnf] Generating formula abp4p2ff with K=100
[2025-12-12 07:08:24] [run_formula] Running formula abp4p2ff with K=100 up to limit 1600
[2025-12-12 07:08:27] [generate_cnf] Generating formula abp4p2ff with K=101
[2025-12-12 07:08:27] [run_formula] Running formula abp4p2ff with K=101 up to limit 1600
[2025-12-12 07:08:30] [generate_cnf] Generating formula abp4p2ff with K=102
[2025-12-12 07:08:30] [run_formula] Running formula abp4p2ff with K=102 up to limit 1600
[2025-12-12 07:08:34] [generate_cnf] Generating formula abp4p2ff with K=103
[2025-12-12 07:08:34] [run_formula] Running formula abp4p2ff with K=103 up to limit 1600
[2025-12-12 07:08:37] [generate_cnf] Generating formula abp4p2ff with K=104
[2025-12-12 07:08:37] [run_formula] Running formula abp4p2ff with K=104 up to limit 1600
[2025-12-12 07:08:38] [generate_cnf] Generating formula abp4p2ff with K=105
[2025-12-12 07:08:39] [run_formula] Running formula abp4p2ff with K=105 up to limit 1600
[2025-12-12 07:08:42] [generate_cnf] Generating formula abp4p2ff with K=106
[2025-12-12 07:08:42] [run_formula] Running formula abp4p2ff with K=106 up to limit 1600
[2025-12-12 07:08:44] [generate_cnf] Generating formula abp4p2ff with K=107
[2025-12-12 07:08:44] [run_formula] Running formula abp4p2ff with K=107 up to limit 1600
[2025-12-12 07:08:45] [generate_cnf] Generating formula abp4p2ff with K=108
[2025-12-12 07:08:45] [run_formula] Running formula abp4p2ff with K=108 up to limit 1600
[2025-12-12 07:08:47] [generate_cnf] Generating formula abp4p2ff with K=109
[2025-12-12 07:08:47] [run_formula] Running formula abp4p2ff with K=109 up to limit 1600
[2025-12-12 07:08:51] [generate_cnf] Generating formula abp4p2ff with K=110
[2025-12-12 07:08:51] [run_formula] Running formula abp4p2ff with K=110 up to limit 1600
[2025-12-12 07:08:55] [generate_cnf] Generating formula abp4p2ff with K=111
[2025-12-12 07:08:56] [run_formula] Running formula abp4p2ff with K=111 up to limit 1600
[2025-12-12 07:08:59] [generate_cnf] Generating formula abp4p2ff with K=112
[2025-12-12 07:08:59] [run_formula] Running formula abp4p2ff with K=112 up to limit 1600
[2025-12-12 07:09:03] [generate_cnf] Generating formula abp4p2ff with K=113
[2025-12-12 07:09:03] [run_formula] Running formula abp4p2ff with K=113 up to limit 1600
[2025-12-12 07:09:07] [generate_cnf] Generating formula abp4p2ff with K=114
[2025-12-12 07:09:07] [run_formula] Running formula abp4p2ff with K=114 up to limit 1600
[2025-12-12 07:09:11] [generate_cnf] Generating formula abp4p2ff with K=115
[2025-12-12 07:09:11] [run_formula] Running formula abp4p2ff with K=115 up to limit 1600
[2025-12-12 07:09:12] [generate_cnf] Generating formula abp4p2ff with K=116
[2025-12-12 07:09:12] [run_formula] Running formula abp4p2ff with K=116 up to limit 1600
[2025-12-12 07:09:16] [generate_cnf] Generating formula abp4p2ff with K=117
[2025-12-12 07:09:16] [run_formula] Running formula abp4p2ff with K=117 up to limit 1600
[2025-12-12 07:09:19] [generate_cnf] Generating formula abp4p2ff with K=118
[2025-12-12 07:09:20] [run_formula] Running formula abp4p2ff with K=118 up to limit 1600
[2025-12-12 07:09:23] [generate_cnf] Generating formula abp4p2ff with K=119
[2025-12-12 07:09:24] [run_formula] Running formula abp4p2ff with K=119 up to limit 1600
[2025-12-12 07:09:28] [generate_cnf] Generating formula abp4p2ff with K=120
[2025-12-12 07:09:28] [run_formula] Running formula abp4p2ff with K=120 up to limit 1600
[2025-12-12 07:09:32] [generate_cnf] Generating formula abp4p2ff with K=121
[2025-12-12 07:09:32] [run_formula] Running formula abp4p2ff with K=121 up to limit 1600
[2025-12-12 07:09:37] [generate_cnf] Generating formula abp4p2ff with K=122
[2025-12-12 07:09:37] [run_formula] Running formula abp4p2ff with K=122 up to limit 1600
[2025-12-12 07:09:40] [generate_cnf] Generating formula abp4p2ff with K=123
[2025-12-12 07:09:41] [run_formula] Running formula abp4p2ff with K=123 up to limit 1600
[2025-12-12 07:09:44] [generate_cnf] Generating formula abp4p2ff with K=124
[2025-12-12 07:09:45] [run_formula] Running formula abp4p2ff with K=124 up to limit 1600
[2025-12-12 07:09:56] [generate_cnf] Generating formula abp4p2ff with K=125
[2025-12-12 07:09:56] [run_formula] Running formula abp4p2ff with K=125 up to limit 1600
[2025-12-12 07:10:00] [generate_cnf] Generating formula abp4p2ff with K=126
[2025-12-12 07:10:00] [run_formula] Running formula abp4p2ff with K=126 up to limit 1600
[2025-12-12 07:10:05] [generate_cnf] Generating formula abp4p2ff with K=127
[2025-12-12 07:10:05] [run_formula] Running formula abp4p2ff with K=127 up to limit 1600
[2025-12-12 07:10:17] [generate_cnf] Generating formula abp4p2ff with K=128
[2025-12-12 07:10:18] [run_formula] Running formula abp4p2ff with K=128 up to limit 1600
[2025-12-12 07:10:21] [generate_cnf] Generating formula abp4p2ff with K=129
[2025-12-12 07:10:22] [run_formula] Running formula abp4p2ff with K=129 up to limit 1600
[2025-12-12 07:10:25] [generate_cnf] Generating formula abp4p2ff with K=130
[2025-12-12 07:10:25] [run_formula] Running formula abp4p2ff with K=130 up to limit 1600
[2025-12-12 07:10:29] [generate_cnf] Generating formula abp4p2ff with K=131
[2025-12-12 07:10:29] [run_formula] Running formula abp4p2ff with K=131 up to limit 1600
[2025-12-12 07:10:33] [generate_cnf] Generating formula abp4p2ff with K=132
[2025-12-12 07:10:34] [run_formula] Running formula abp4p2ff with K=132 up to limit 1600
[2025-12-12 07:10:37] [generate_cnf] Generating formula abp4p2ff with K=133
[2025-12-12 07:10:37] [run_formula] Running formula abp4p2ff with K=133 up to limit 1600
[2025-12-12 07:10:42] [generate_cnf] Generating formula abp4p2ff with K=134
[2025-12-12 07:10:42] [run_formula] Running formula abp4p2ff with K=134 up to limit 1600
[2025-12-12 07:10:46] [generate_cnf] Generating formula abp4p2ff with K=135
[2025-12-12 07:10:46] [run_formula] Running formula abp4p2ff with K=135 up to limit 1600
[2025-12-12 07:10:50] [generate_cnf] Generating formula abp4p2ff with K=136
[2025-12-12 07:10:51] [run_formula] Running formula abp4p2ff with K=136 up to limit 1600
[2025-12-12 07:10:56] [generate_cnf] Generating formula abp4p2ff with K=137
[2025-12-12 07:10:56] [run_formula] Running formula abp4p2ff with K=137 up to limit 1600
[2025-12-12 07:11:11] [generate_cnf] Generating formula abp4p2ff with K=138
[2025-12-12 07:11:12] [run_formula] Running formula abp4p2ff with K=138 up to limit 1600
[2025-12-12 07:11:19] [generate_cnf] Generating formula abp4p2ff with K=139
[2025-12-12 07:11:20] [run_formula] Running formula abp4p2ff with K=139 up to limit 1600
[2025-12-12 07:11:27] [generate_cnf] Generating formula abp4p2ff with K=140
[2025-12-12 07:11:28] [run_formula] Running formula abp4p2ff with K=140 up to limit 1600
[2025-12-12 07:11:32] [generate_cnf] Generating formula abp4p2ff with K=141
[2025-12-12 07:11:32] [run_formula] Running formula abp4p2ff with K=141 up to limit 1600
[2025-12-12 07:11:36] [generate_cnf] Generating formula abp4p2ff with K=142
[2025-12-12 07:11:36] [run_formula] Running formula abp4p2ff with K=142 up to limit 1600
[2025-12-12 07:11:51] [generate_cnf] Generating formula abp4p2ff with K=143
[2025-12-12 07:11:51] [run_formula] Running formula abp4p2ff with K=143 up to limit 1600
[2025-12-12 07:11:56] [generate_cnf] Generating formula abp4p2ff with K=144
[2025-12-12 07:11:56] [run_formula] Running formula abp4p2ff with K=144 up to limit 1600
[2025-12-12 07:12:08] [generate_cnf] Generating formula abp4p2ff with K=145
[2025-12-12 07:12:08] [run_formula] Running formula abp4p2ff with K=145 up to limit 1600
[2025-12-12 07:12:12] [generate_cnf] Generating formula abp4p2ff with K=146
[2025-12-12 07:12:12] [run_formula] Running formula abp4p2ff with K=146 up to limit 1600
[2025-12-12 07:12:17] [generate_cnf] Generating formula abp4p2ff with K=147
[2025-12-12 07:12:17] [run_formula] Running formula abp4p2ff with K=147 up to limit 1600
[2025-12-12 07:12:23] [generate_cnf] Generating formula abp4p2ff with K=148
[2025-12-12 07:12:23] [run_formula] Running formula abp4p2ff with K=148 up to limit 1600
[2025-12-12 07:12:26] [generate_cnf] Generating formula abp4p2ff with K=149
[2025-12-12 07:12:27] [run_formula] Running formula abp4p2ff with K=149 up to limit 1600
[2025-12-12 07:12:30] [generate_cnf] Generating formula abp4p2ff with K=150
[2025-12-12 07:12:31] [run_formula] Running formula abp4p2ff with K=150 up to limit 1600
[2025-12-12 07:12:46] [generate_cnf] Generating formula abp4p2ff with K=151
[2025-12-12 07:12:46] [run_formula] Running formula abp4p2ff with K=151 up to limit 1600
[2025-12-12 07:12:50] [generate_cnf] Generating formula abp4p2ff with K=152
[2025-12-12 07:12:51] [run_formula] Running formula abp4p2ff with K=152 up to limit 1600
[2025-12-12 07:12:56] [generate_cnf] Generating formula abp4p2ff with K=153
[2025-12-12 07:12:57] [run_formula] Running formula abp4p2ff with K=153 up to limit 1600
[2025-12-12 07:13:13] [generate_cnf] Generating formula abp4p2ff with K=154
[2025-12-12 07:13:13] [run_formula] Running formula abp4p2ff with K=154 up to limit 1600
[2025-12-12 07:13:17] [generate_cnf] Generating formula abp4p2ff with K=155
[2025-12-12 07:13:18] [run_formula] Running formula abp4p2ff with K=155 up to limit 1600
[2025-12-12 07:13:22] [generate_cnf] Generating formula abp4p2ff with K=156
[2025-12-12 07:13:22] [run_formula] Running formula abp4p2ff with K=156 up to limit 1600
[2025-12-12 07:13:36] [generate_cnf] Generating formula abp4p2ff with K=157
[2025-12-12 07:13:36] [run_formula] Running formula abp4p2ff with K=157 up to limit 1600
[2025-12-12 07:13:41] [generate_cnf] Generating formula abp4p2ff with K=158
[2025-12-12 07:13:42] [run_formula] Running formula abp4p2ff with K=158 up to limit 1600
[2025-12-12 07:13:59] [generate_cnf] Generating formula abp4p2ff with K=159
[2025-12-12 07:14:00] [run_formula] Running formula abp4p2ff with K=159 up to limit 1600
[2025-12-12 07:14:04] [generate_cnf] Generating formula abp4p2ff with K=160
[2025-12-12 07:14:05] [run_formula] Running formula abp4p2ff with K=160 up to limit 1600
[2025-12-12 07:14:09] [generate_cnf] Generating formula abp4p2ff with K=161
[2025-12-12 07:14:10] [run_formula] Running formula abp4p2ff with K=161 up to limit 1600
[2025-12-12 07:14:15] [generate_cnf] Generating formula abp4p2ff with K=162
[2025-12-12 07:14:15] [run_formula] Running formula abp4p2ff with K=162 up to limit 1600
[2025-12-12 07:14:20] [generate_cnf] Generating formula abp4p2ff with K=163
[2025-12-12 07:14:21] [run_formula] Running formula abp4p2ff with K=163 up to limit 1600
[2025-12-12 07:14:25] [generate_cnf] Generating formula abp4p2ff with K=164
[2025-12-12 07:14:26] [run_formula] Running formula abp4p2ff with K=164 up to limit 1600
[2025-12-12 07:14:30] [generate_cnf] Generating formula abp4p2ff with K=165
[2025-12-12 07:14:31] [run_formula] Running formula abp4p2ff with K=165 up to limit 1600
[2025-12-12 07:14:35] [generate_cnf] Generating formula abp4p2ff with K=166
[2025-12-12 07:14:35] [run_formula] Running formula abp4p2ff with K=166 up to limit 1600
[2025-12-12 07:14:39] [generate_cnf] Generating formula abp4p2ff with K=167
[2025-12-12 07:14:39] [run_formula] Running formula abp4p2ff with K=167 up to limit 1600
[2025-12-12 07:14:45] [generate_cnf] Generating formula abp4p2ff with K=168
[2025-12-12 07:14:45] [run_formula] Running formula abp4p2ff with K=168 up to limit 1600
[2025-12-12 07:14:49] [generate_cnf] Generating formula abp4p2ff with K=169
[2025-12-12 07:14:50] [run_formula] Running formula abp4p2ff with K=169 up to limit 1600
[2025-12-12 07:14:53] [generate_cnf] Generating formula abp4p2ff with K=170
[2025-12-12 07:14:53] [run_formula] Running formula abp4p2ff with K=170 up to limit 1600
[2025-12-12 07:14:57] [generate_cnf] Generating formula abp4p2ff with K=171
[2025-12-12 07:14:57] [run_formula] Running formula abp4p2ff with K=171 up to limit 1600
[2025-12-12 07:15:03] [generate_cnf] Generating formula abp4p2ff with K=172
[2025-12-12 07:15:03] [run_formula] Running formula abp4p2ff with K=172 up to limit 1600
[2025-12-12 07:15:07] [generate_cnf] Generating formula abp4p2ff with K=173
[2025-12-12 07:15:08] [run_formula] Running formula abp4p2ff with K=173 up to limit 1600
[2025-12-12 07:15:28] [generate_cnf] Generating formula abp4p2ff with K=174
[2025-12-12 07:15:28] [run_formula] Running formula abp4p2ff with K=174 up to limit 1600
[2025-12-12 07:15:33] [generate_cnf] Generating formula abp4p2ff with K=175
[2025-12-12 07:15:34] [run_formula] Running formula abp4p2ff with K=175 up to limit 1600
[2025-12-12 07:15:50] [generate_cnf] Generating formula abp4p2ff with K=176
[2025-12-12 07:15:50] [run_formula] Running formula abp4p2ff with K=176 up to limit 1600
[2025-12-12 07:16:08] [generate_cnf] Generating formula abp4p2ff with K=177
[2025-12-12 07:16:09] [run_formula] Running formula abp4p2ff with K=177 up to limit 1600
[2025-12-12 07:16:12] [generate_cnf] Generating formula abp4p2ff with K=178
[2025-12-12 07:16:13] [run_formula] Running formula abp4p2ff with K=178 up to limit 1600
[2025-12-12 07:16:30] [generate_cnf] Generating formula abp4p2ff with K=179
[2025-12-12 07:16:31] [run_formula] Running formula abp4p2ff with K=179 up to limit 1600
[2025-12-12 07:16:49] [generate_cnf] Generating formula abp4p2ff with K=180
[2025-12-12 07:16:49] [run_formula] Running formula abp4p2ff with K=180 up to limit 1600
[2025-12-12 07:17:04] [generate_cnf] Generating formula abp4p2ff with K=181
[2025-12-12 07:17:04] [run_formula] Running formula abp4p2ff with K=181 up to limit 1600
[2025-12-12 07:17:10] [generate_cnf] Generating formula abp4p2ff with K=182
[2025-12-12 07:17:11] [run_formula] Running formula abp4p2ff with K=182 up to limit 1600
[2025-12-12 07:17:15] [generate_cnf] Generating formula abp4p2ff with K=183
[2025-12-12 07:17:16] [run_formula] Running formula abp4p2ff with K=183 up to limit 1600
[2025-12-12 07:17:19] [generate_cnf] Generating formula abp4p2ff with K=184
[2025-12-12 07:17:20] [run_formula] Running formula abp4p2ff with K=184 up to limit 1600
[2025-12-12 07:17:24] [generate_cnf] Generating formula abp4p2ff with K=185
[2025-12-12 07:17:25] [run_formula] Running formula abp4p2ff with K=185 up to limit 1600
[2025-12-12 07:17:28] [generate_cnf] Generating formula abp4p2ff with K=186
[2025-12-12 07:17:29] [run_formula] Running formula abp4p2ff with K=186 up to limit 1600
[2025-12-12 07:17:46] [generate_cnf] Generating formula abp4p2ff with K=187
[2025-12-12 07:17:46] [run_formula] Running formula abp4p2ff with K=187 up to limit 1600
[2025-12-12 07:17:51] [generate_cnf] Generating formula abp4p2ff with K=188
[2025-12-12 07:17:52] [run_formula] Running formula abp4p2ff with K=188 up to limit 1600
[2025-12-12 07:18:10] [generate_cnf] Generating formula abp4p2ff with K=189
[2025-12-12 07:18:10] [run_formula] Running formula abp4p2ff with K=189 up to limit 1600
[2025-12-12 07:18:28] [generate_cnf] Generating formula abp4p2ff with K=190
[2025-12-12 07:18:28] [run_formula] Running formula abp4p2ff with K=190 up to limit 1600
[2025-12-12 07:18:33] [generate_cnf] Generating formula abp4p2ff with K=191
[2025-12-12 07:18:33] [run_formula] Running formula abp4p2ff with K=191 up to limit 1600
[2025-12-12 07:18:50] [generate_cnf] Generating formula abp4p2ff with K=192
[2025-12-12 07:18:51] [run_formula] Running formula abp4p2ff with K=192 up to limit 1600
[2025-12-12 07:18:54] [generate_cnf] Generating formula abp4p2ff with K=193
[2025-12-12 07:18:55] [run_formula] Running formula abp4p2ff with K=193 up to limit 1600
[2025-12-12 07:19:14] [generate_cnf] Generating formula abp4p2ff with K=194
[2025-12-12 07:19:14] [run_formula] Running formula abp4p2ff with K=194 up to limit 1600
[2025-12-12 07:19:30] [generate_cnf] Generating formula abp4p2ff with K=195
[2025-12-12 07:19:30] [run_formula] Running formula abp4p2ff with K=195 up to limit 1600
[2025-12-12 07:19:43] [generate_cnf] Generating formula abp4p2ff with K=196
[2025-12-12 07:19:43] [run_formula] Running formula abp4p2ff with K=196 up to limit 1600
[2025-12-12 07:20:02] [generate_cnf] Generating formula abp4p2ff with K=197
[2025-12-12 07:20:02] [run_formula] Running formula abp4p2ff with K=197 up to limit 1600
[2025-12-12 07:20:21] [generate_cnf] Generating formula abp4p2ff with K=198
[2025-12-12 07:20:21] [run_formula] Running formula abp4p2ff with K=198 up to limit 1600
[2025-12-12 07:20:25] [generate_cnf] Generating formula abp4p2ff with K=199
[2025-12-12 07:20:26] [run_formula] Running formula abp4p2ff with K=199 up to limit 1600
[2025-12-12 07:20:44] [generate_cnf] Generating formula abp4p2ff with K=200
[2025-12-12 07:20:45] [run_formula] Running formula abp4p2ff with K=200 up to limit 1600
[2025-12-12 07:20:57] [generate_cnf] Generating formula abp4p2ff with K=201
[2025-12-12 07:20:57] [run_formula] Running formula abp4p2ff with K=201 up to limit 1600
[2025-12-12 07:21:01] [generate_cnf] Generating formula abp4p2ff with K=202
[2025-12-12 07:21:02] [run_formula] Running formula abp4p2ff with K=202 up to limit 1600
[2025-12-12 07:21:06] [generate_cnf] Generating formula abp4p2ff with K=203
[2025-12-12 07:21:06] [run_formula] Running formula abp4p2ff with K=203 up to limit 1600
[2025-12-12 07:21:24] [generate_cnf] Generating formula abp4p2ff with K=204
[2025-12-12 07:21:25] [run_formula] Running formula abp4p2ff with K=204 up to limit 1600
[2025-12-12 07:21:30] [generate_cnf] Generating formula abp4p2ff with K=205
[2025-12-12 07:21:31] [run_formula] Running formula abp4p2ff with K=205 up to limit 1600
[2025-12-12 07:21:36] [generate_cnf] Generating formula abp4p2ff with K=206
[2025-12-12 07:21:37] [run_formula] Running formula abp4p2ff with K=206 up to limit 1600
[2025-12-12 07:21:55] [generate_cnf] Generating formula abp4p2ff with K=207
[2025-12-12 07:21:55] [run_formula] Running formula abp4p2ff with K=207 up to limit 1600
[2025-12-12 07:22:13] [generate_cnf] Generating formula abp4p2ff with K=208
[2025-12-12 07:22:14] [run_formula] Running formula abp4p2ff with K=208 up to limit 1600
[2025-12-12 07:22:18] [generate_cnf] Generating formula abp4p2ff with K=209
[2025-12-12 07:22:18] [run_formula] Running formula abp4p2ff with K=209 up to limit 1600
[2025-12-12 07:22:40] [generate_cnf] Generating formula abp4p2ff with K=210
[2025-12-12 07:22:40] [run_formula] Running formula abp4p2ff with K=210 up to limit 1600
[2025-12-12 07:23:02] [generate_cnf] Generating formula abp4p2ff with K=211
[2025-12-12 07:23:02] [run_formula] Running formula abp4p2ff with K=211 up to limit 1600
[2025-12-12 07:23:18] [generate_cnf] Generating formula abp4p2ff with K=212
[2025-12-12 07:23:19] [run_formula] Running formula abp4p2ff with K=212 up to limit 1600
[2025-12-12 07:23:36] [generate_cnf] Generating formula abp4p2ff with K=213
[2025-12-12 07:23:36] [run_formula] Running formula abp4p2ff with K=213 up to limit 1600
[2025-12-12 07:23:41] [generate_cnf] Generating formula abp4p2ff with K=214
[2025-12-12 07:23:41] [run_formula] Running formula abp4p2ff with K=214 up to limit 1600
[2025-12-12 07:24:00] [generate_cnf] Generating formula abp4p2ff with K=215
[2025-12-12 07:24:01] [run_formula] Running formula abp4p2ff with K=215 up to limit 1600
[2025-12-12 07:24:07] [generate_cnf] Generating formula abp4p2ff with K=216
[2025-12-12 07:24:07] [run_formula] Running formula abp4p2ff with K=216 up to limit 1600
[2025-12-12 07:24:24] [generate_cnf] Generating formula abp4p2ff with K=217
[2025-12-12 07:24:25] [run_formula] Running formula abp4p2ff with K=217 up to limit 1600
[2025-12-12 07:24:29] [generate_cnf] Generating formula abp4p2ff with K=218
[2025-12-12 07:24:30] [run_formula] Running formula abp4p2ff with K=218 up to limit 1600
[2025-12-12 07:24:45] [generate_cnf] Generating formula abp4p2ff with K=219
[2025-12-12 07:24:45] [run_formula] Running formula abp4p2ff with K=219 up to limit 1600
[2025-12-12 07:24:53] [generate_cnf] Generating formula abp4p2ff with K=220
[2025-12-12 07:24:53] [run_formula] Running formula abp4p2ff with K=220 up to limit 1600
[2025-12-12 07:24:59] [generate_cnf] Generating formula abp4p2ff with K=221
[2025-12-12 07:24:59] [run_formula] Running formula abp4p2ff with K=221 up to limit 1600
[2025-12-12 07:25:12] [generate_cnf] Generating formula abp4p2ff with K=222
[2025-12-12 07:25:12] [run_formula] Running formula abp4p2ff with K=222 up to limit 1600
[2025-12-12 07:25:29] [generate_cnf] Generating formula abp4p2ff with K=223
[2025-12-12 07:25:29] [run_formula] Running formula abp4p2ff with K=223 up to limit 1600
[2025-12-12 07:25:36] [generate_cnf] Generating formula abp4p2ff with K=224
[2025-12-12 07:25:36] [run_formula] Running formula abp4p2ff with K=224 up to limit 1600
[2025-12-12 07:25:41] [generate_cnf] Generating formula abp4p2ff with K=225
[2025-12-12 07:25:41] [run_formula] Running formula abp4p2ff with K=225 up to limit 1600
[2025-12-12 07:25:56] [generate_cnf] Generating formula abp4p2ff with K=226
[2025-12-12 07:25:57] [run_formula] Running formula abp4p2ff with K=226 up to limit 1600
[2025-12-12 07:26:02] [generate_cnf] Generating formula abp4p2ff with K=227
[2025-12-12 07:26:02] [run_formula] Running formula abp4p2ff with K=227 up to limit 1600
[2025-12-12 07:26:20] [generate_cnf] Generating formula abp4p2ff with K=228
[2025-12-12 07:26:21] [run_formula] Running formula abp4p2ff with K=228 up to limit 1600
[2025-12-12 07:26:29] [generate_cnf] Generating formula abp4p2ff with K=229
[2025-12-12 07:26:29] [run_formula] Running formula abp4p2ff with K=229 up to limit 1600
[2025-12-12 07:26:34] [generate_cnf] Generating formula abp4p2ff with K=230
[2025-12-12 07:26:34] [run_formula] Running formula abp4p2ff with K=230 up to limit 1600
[2025-12-12 07:26:39] [generate_cnf] Generating formula abp4p2ff with K=231
[2025-12-12 07:26:40] [run_formula] Running formula abp4p2ff with K=231 up to limit 1600
[2025-12-12 07:27:01] [generate_cnf] Generating formula abp4p2ff with K=232
[2025-12-12 07:27:02] [run_formula] Running formula abp4p2ff with K=232 up to limit 1600
[2025-12-12 07:27:06] [generate_cnf] Generating formula abp4p2ff with K=233
[2025-12-12 07:27:07] [run_formula] Running formula abp4p2ff with K=233 up to limit 1600
[2025-12-12 07:27:30] [generate_cnf] Generating formula abp4p2ff with K=234
[2025-12-12 07:27:31] [run_formula] Running formula abp4p2ff with K=234 up to limit 1600
[2025-12-12 07:27:37] [generate_cnf] Generating formula abp4p2ff with K=235
[2025-12-12 07:27:37] [run_formula] Running formula abp4p2ff with K=235 up to limit 1600
[2025-12-12 07:27:42] [generate_cnf] Generating formula abp4p2ff with K=236
[2025-12-12 07:27:43] [run_formula] Running formula abp4p2ff with K=236 up to limit 1600
[2025-12-12 07:27:45] [generate_cnf] Generating formula abp4p2ff with K=237
[2025-12-12 07:27:45] [run_formula] Running formula abp4p2ff with K=237 up to limit 1600
[2025-12-12 07:27:51] [generate_cnf] Generating formula abp4p2ff with K=238
[2025-12-12 07:27:51] [run_formula] Running formula abp4p2ff with K=238 up to limit 1600
[2025-12-12 07:27:55] [generate_cnf] Generating formula abp4p2ff with K=239
[2025-12-12 07:27:55] [run_formula] Running formula abp4p2ff with K=239 up to limit 1600
[2025-12-12 07:28:01] [generate_cnf] Generating formula abp4p2ff with K=240
[2025-12-12 07:28:02] [run_formula] Running formula abp4p2ff with K=240 up to limit 1600
[2025-12-12 07:28:05] [generate_cnf] Generating formula abp4p2ff with K=241
[2025-12-12 07:28:06] [run_formula] Running formula abp4p2ff with K=241 up to limit 1600
[2025-12-12 07:28:24] [generate_cnf] Generating formula abp4p2ff with K=242
[2025-12-12 07:28:24] [run_formula] Running formula abp4p2ff with K=242 up to limit 1600
[2025-12-12 07:28:28] [generate_cnf] Generating formula abp4p2ff with K=243
[2025-12-12 07:28:29] [run_formula] Running formula abp4p2ff with K=243 up to limit 1600
[2025-12-12 07:28:51] [generate_cnf] Generating formula abp4p2ff with K=244
[2025-12-12 07:28:52] [run_formula] Running formula abp4p2ff with K=244 up to limit 1600
[2025-12-12 07:28:56] [generate_cnf] Generating formula abp4p2ff with K=245
[2025-12-12 07:28:57] [run_formula] Running formula abp4p2ff with K=245 up to limit 1600
[2025-12-12 07:29:02] [generate_cnf] Generating formula abp4p2ff with K=246
[2025-12-12 07:29:02] [run_formula] Running formula abp4p2ff with K=246 up to limit 1600
[2025-12-12 07:29:22] [generate_cnf] Generating formula abp4p2ff with K=247
[2025-12-12 07:29:22] [run_formula] Running formula abp4p2ff with K=247 up to limit 1600
[2025-12-12 07:29:39] [generate_cnf] Generating formula abp4p2ff with K=248
[2025-12-12 07:29:40] [run_formula] Running formula abp4p2ff with K=248 up to limit 1600
[2025-12-12 07:29:44] [generate_cnf] Generating formula abp4p2ff with K=249
[2025-12-12 07:29:45] [run_formula] Running formula abp4p2ff with K=249 up to limit 1600
[2025-12-12 07:30:08] [generate_cnf] Generating formula abp4p2ff with K=250
[2025-12-12 07:30:08] [run_formula] Running formula abp4p2ff with K=250 up to limit 1600
[2025-12-12 07:30:15] [generate_cnf] Generating formula abp4p2ff with K=251
[2025-12-12 07:30:15] [run_formula] Running formula abp4p2ff with K=251 up to limit 1600
[2025-12-12 07:30:36] [generate_cnf] Generating formula abp4p2ff with K=252
[2025-12-12 07:30:37] [run_formula] Running formula abp4p2ff with K=252 up to limit 1600
[2025-12-12 07:30:41] [generate_cnf] Generating formula abp4p2ff with K=253
[2025-12-12 07:30:42] [run_formula] Running formula abp4p2ff with K=253 up to limit 1600
[2025-12-12 07:31:00] [generate_cnf] Generating formula abp4p2ff with K=254
[2025-12-12 07:31:00] [run_formula] Running formula abp4p2ff with K=254 up to limit 1600
[2025-12-12 07:31:21] [generate_cnf] Generating formula abp4p2ff with K=255
[2025-12-12 07:31:22] [run_formula] Running formula abp4p2ff with K=255 up to limit 1600
[2025-12-12 07:31:40] [generate_cnf] Generating formula abp4p2ff with K=256
[2025-12-12 07:31:40] [run_formula] Running formula abp4p2ff with K=256 up to limit 1600
[2025-12-12 07:31:42] [generate_cnf] Generating formula abp4p2ff with K=257
[2025-12-12 07:31:43] [run_formula] Running formula abp4p2ff with K=257 up to limit 1600
[2025-12-12 07:31:59] [generate_cnf] Generating formula abp4p2ff with K=258
[2025-12-12 07:32:00] [run_formula] Running formula abp4p2ff with K=258 up to limit 1600
[2025-12-12 07:32:21] [generate_cnf] Generating formula abp4p2ff with K=259
[2025-12-12 07:32:21] [run_formula] Running formula abp4p2ff with K=259 up to limit 1600
[2025-12-12 07:32:26] [generate_cnf] Generating formula abp4p2ff with K=260
[2025-12-12 07:32:26] [run_formula] Running formula abp4p2ff with K=260 up to limit 1600
[2025-12-12 07:32:43] [generate_cnf] Generating formula abp4p2ff with K=261
[2025-12-12 07:32:43] [run_formula] Running formula abp4p2ff with K=261 up to limit 1600
[2025-12-12 07:32:57] [generate_cnf] Generating formula abp4p2ff with K=262
[2025-12-12 07:32:57] [run_formula] Running formula abp4p2ff with K=262 up to limit 1600
[2025-12-12 07:33:04] [generate_cnf] Generating formula abp4p2ff with K=263
[2025-12-12 07:33:04] [run_formula] Running formula abp4p2ff with K=263 up to limit 1600
[2025-12-12 07:33:09] [generate_cnf] Generating formula abp4p2ff with K=264
[2025-12-12 07:33:10] [run_formula] Running formula abp4p2ff with K=264 up to limit 1600
[2025-12-12 07:33:16] [generate_cnf] Generating formula abp4p2ff with K=265
[2025-12-12 07:33:17] [run_formula] Running formula abp4p2ff with K=265 up to limit 1600
[2025-12-12 07:33:23] [generate_cnf] Generating formula abp4p2ff with K=266
[2025-12-12 07:33:24] [run_formula] Running formula abp4p2ff with K=266 up to limit 1600
[2025-12-12 07:33:29] [generate_cnf] Generating formula abp4p2ff with K=267
[2025-12-12 07:33:29] [run_formula] Running formula abp4p2ff with K=267 up to limit 1600
[2025-12-12 07:33:48] [generate_cnf] Generating formula abp4p2ff with K=268
[2025-12-12 07:33:48] [run_formula] Running formula abp4p2ff with K=268 up to limit 1600
[2025-12-12 07:33:53] [generate_cnf] Generating formula abp4p2ff with K=269
[2025-12-12 07:33:53] [run_formula] Running formula abp4p2ff with K=269 up to limit 1600
[2025-12-12 07:34:10] [generate_cnf] Generating formula abp4p2ff with K=270
[2025-12-12 07:34:11] [run_formula] Running formula abp4p2ff with K=270 up to limit 1600
[2025-12-12 07:34:35] [generate_cnf] Generating formula abp4p2ff with K=271
[2025-12-12 07:34:36] [run_formula] Running formula abp4p2ff with K=271 up to limit 1600
[2025-12-12 07:34:41] [generate_cnf] Generating formula abp4p2ff with K=272
[2025-12-12 07:34:42] [run_formula] Running formula abp4p2ff with K=272 up to limit 1600
[2025-12-12 07:35:06] [generate_cnf] Generating formula abp4p2ff with K=273
[2025-12-12 07:35:07] [run_formula] Running formula abp4p2ff with K=273 up to limit 1600
[2025-12-12 07:35:27] [generate_cnf] Generating formula abp4p2ff with K=274
[2025-12-12 07:35:28] [run_formula] Running formula abp4p2ff with K=274 up to limit 1600
[2025-12-12 07:35:54] [generate_cnf] Generating formula abp4p2ff with K=275
[2025-12-12 07:35:55] [run_formula] Running formula abp4p2ff with K=275 up to limit 1600
[2025-12-12 07:36:01] [generate_cnf] Generating formula abp4p2ff with K=276
[2025-12-12 07:36:02] [run_formula] Running formula abp4p2ff with K=276 up to limit 1600
[2025-12-12 07:36:19] [generate_cnf] Generating formula abp4p2ff with K=277
[2025-12-12 07:36:19] [run_formula] Running formula abp4p2ff with K=277 up to limit 1600
[2025-12-12 07:36:24] [generate_cnf] Generating formula abp4p2ff with K=278
[2025-12-12 07:36:24] [run_formula] Running formula abp4p2ff with K=278 up to limit 1600
[2025-12-12 07:36:44] [generate_cnf] Generating formula abp4p2ff with K=279
[2025-12-12 07:36:45] [run_formula] Running formula abp4p2ff with K=279 up to limit 1600
[2025-12-12 07:37:02] [generate_cnf] Generating formula abp4p2ff with K=280
[2025-12-12 07:37:03] [run_formula] Running formula abp4p2ff with K=280 up to limit 1600
[2025-12-12 07:37:07] [generate_cnf] Generating formula abp4p2ff with K=281
[2025-12-12 07:37:08] [run_formula] Running formula abp4p2ff with K=281 up to limit 1600
[2025-12-12 07:37:21] [generate_cnf] Generating formula abp4p2ff with K=282
[2025-12-12 07:37:22] [run_formula] Running formula abp4p2ff with K=282 up to limit 1600
[2025-12-12 07:37:26] [generate_cnf] Generating formula abp4p2ff with K=283
[2025-12-12 07:37:27] [run_formula] Running formula abp4p2ff with K=283 up to limit 1600
[2025-12-12 07:37:33] [generate_cnf] Generating formula abp4p2ff with K=284
[2025-12-12 07:37:33] [run_formula] Running formula abp4p2ff with K=284 up to limit 1600
[2025-12-12 07:37:38] [generate_cnf] Generating formula abp4p2ff with K=285
[2025-12-12 07:37:39] [run_formula] Running formula abp4p2ff with K=285 up to limit 1600
[2025-12-12 07:37:57] [generate_cnf] Generating formula abp4p2ff with K=286
[2025-12-12 07:37:58] [run_formula] Running formula abp4p2ff with K=286 up to limit 1600
[2025-12-12 07:38:02] [generate_cnf] Generating formula abp4p2ff with K=287
[2025-12-12 07:38:03] [run_formula] Running formula abp4p2ff with K=287 up to limit 1600
[2025-12-12 07:38:19] [generate_cnf] Generating formula abp4p2ff with K=288
[2025-12-12 07:38:20] [run_formula] Running formula abp4p2ff with K=288 up to limit 1600
[2025-12-12 07:38:36] [generate_cnf] Generating formula abp4p2ff with K=289
[2025-12-12 07:38:36] [run_formula] Running formula abp4p2ff with K=289 up to limit 1600
[2025-12-12 07:38:42] [generate_cnf] Generating formula abp4p2ff with K=290
[2025-12-12 07:38:42] [run_formula] Running formula abp4p2ff with K=290 up to limit 1600
[2025-12-12 07:38:47] [generate_cnf] Generating formula abp4p2ff with K=291
[2025-12-12 07:38:48] [run_formula] Running formula abp4p2ff with K=291 up to limit 1600
[2025-12-12 07:38:52] [generate_cnf] Generating formula abp4p2ff with K=292
[2025-12-12 07:38:52] [run_formula] Running formula abp4p2ff with K=292 up to limit 1600
[2025-12-12 07:40:15] [generate_cnf] Generating formula abp4p2ff with K=293
[2025-12-12 07:40:16] [run_formula] Running formula abp4p2ff with K=293 up to limit 1600
[2025-12-12 07:40:31] [generate_cnf] Generating formula abp4p2ff with K=294
[2025-12-12 07:40:32] [run_formula] Running formula abp4p2ff with K=294 up to limit 1600
[2025-12-12 07:40:53] [generate_cnf] Generating formula abp4p2ff with K=295
[2025-12-12 07:40:54] [run_formula] Running formula abp4p2ff with K=295 up to limit 1600
[2025-12-12 07:41:00] [generate_cnf] Generating formula abp4p2ff with K=296
[2025-12-12 07:41:01] [run_formula] Running formula abp4p2ff with K=296 up to limit 1600
[2025-12-12 07:41:24] [generate_cnf] Generating formula abp4p2ff with K=297
[2025-12-12 07:41:24] [run_formula] Running formula abp4p2ff with K=297 up to limit 1600
[2025-12-12 07:41:39] [generate_cnf] Generating formula abp4p2ff with K=298
[2025-12-12 07:41:40] [run_formula] Running formula abp4p2ff with K=298 up to limit 1600
[2025-12-12 07:41:53] [generate_cnf] Generating formula abp4p2ff with K=299
[2025-12-12 07:41:53] [run_formula] Running formula abp4p2ff with K=299 up to limit 1600
[2025-12-12 07:42:09] [generate_cnf] Generating formula abp4p2ff with K=300
[2025-12-12 07:42:10] [run_formula] Running formula abp4p2ff with K=300 up to limit 1600
[2025-12-12 07:42:30] [generate_cnf] Generating formula abp4p2ff with K=301
[2025-12-12 07:42:31] [run_formula] Running formula abp4p2ff with K=301 up to limit 1600
[2025-12-12 07:42:54] [generate_cnf] Generating formula abp4p2ff with K=302
[2025-12-12 07:42:55] [run_formula] Running formula abp4p2ff with K=302 up to limit 1600
[2025-12-12 07:43:09] [generate_cnf] Generating formula abp4p2ff with K=303
[2025-12-12 07:43:09] [run_formula] Running formula abp4p2ff with K=303 up to limit 1600
[2025-12-12 07:43:14] [generate_cnf] Generating formula abp4p2ff with K=304
[2025-12-12 07:43:15] [run_formula] Running formula abp4p2ff with K=304 up to limit 1600
[2025-12-12 07:43:31] [generate_cnf] Generating formula abp4p2ff with K=305
[2025-12-12 07:43:32] [run_formula] Running formula abp4p2ff with K=305 up to limit 1600
[2025-12-12 07:43:34] [generate_cnf] Generating formula abp4p2ff with K=306
[2025-12-12 07:43:35] [run_formula] Running formula abp4p2ff with K=306 up to limit 1600
[2025-12-12 07:43:53] [generate_cnf] Generating formula abp4p2ff with K=307
[2025-12-12 07:43:54] [run_formula] Running formula abp4p2ff with K=307 up to limit 1600
[2025-12-12 07:43:58] [generate_cnf] Generating formula abp4p2ff with K=308
[2025-12-12 07:43:59] [run_formula] Running formula abp4p2ff with K=308 up to limit 1600
[2025-12-12 07:44:03] [generate_cnf] Generating formula abp4p2ff with K=309
[2025-12-12 07:44:04] [run_formula] Running formula abp4p2ff with K=309 up to limit 1600
[2025-12-12 07:44:16] [generate_cnf] Generating formula abp4p2ff with K=310
[2025-12-12 07:44:17] [run_formula] Running formula abp4p2ff with K=310 up to limit 1600
[2025-12-12 07:44:36] [generate_cnf] Generating formula abp4p2ff with K=311
[2025-12-12 07:44:36] [run_formula] Running formula abp4p2ff with K=311 up to limit 1600
[2025-12-12 07:44:53] [generate_cnf] Generating formula abp4p2ff with K=312
[2025-12-12 07:44:54] [run_formula] Running formula abp4p2ff with K=312 up to limit 1600
[2025-12-12 07:45:20] [generate_cnf] Generating formula abp4p2ff with K=313
[2025-12-12 07:45:21] [run_formula] Running formula abp4p2ff with K=313 up to limit 1600
[2025-12-12 07:45:45] [generate_cnf] Generating formula abp4p2ff with K=314
[2025-12-12 07:45:46] [run_formula] Running formula abp4p2ff with K=314 up to limit 1600
[2025-12-12 07:45:54] [generate_cnf] Generating formula abp4p2ff with K=315
[2025-12-12 07:45:55] [run_formula] Running formula abp4p2ff with K=315 up to limit 1600
[2025-12-12 07:46:01] [generate_cnf] Generating formula abp4p2ff with K=316
[2025-12-12 07:46:01] [run_formula] Running formula abp4p2ff with K=316 up to limit 1600
[2025-12-12 07:46:20] [generate_cnf] Generating formula abp4p2ff with K=317
[2025-12-12 07:46:21] [run_formula] Running formula abp4p2ff with K=317 up to limit 1600
[2025-12-12 07:46:37] [generate_cnf] Generating formula abp4p2ff with K=318
[2025-12-12 07:46:38] [run_formula] Running formula abp4p2ff with K=318 up to limit 1600
[2025-12-12 07:46:45] [generate_cnf] Generating formula abp4p2ff with K=319
[2025-12-12 07:46:46] [run_formula] Running formula abp4p2ff with K=319 up to limit 1600
[2025-12-12 07:47:00] [generate_cnf] Generating formula abp4p2ff with K=320
[2025-12-12 07:47:00] [run_formula] Running formula abp4p2ff with K=320 up to limit 1600
[2025-12-12 07:47:07] [generate_cnf] Generating formula abp4p2ff with K=321
[2025-12-12 07:47:08] [run_formula] Running formula abp4p2ff with K=321 up to limit 1600
[2025-12-12 07:47:28] [generate_cnf] Generating formula abp4p2ff with K=322
[2025-12-12 07:47:29] [run_formula] Running formula abp4p2ff with K=322 up to limit 1600
[2025-12-12 07:47:45] [generate_cnf] Generating formula abp4p2ff with K=323
[2025-12-12 07:47:46] [run_formula] Running formula abp4p2ff with K=323 up to limit 1600
[2025-12-12 07:48:03] [generate_cnf] Generating formula abp4p2ff with K=324
[2025-12-12 07:48:04] [run_formula] Running formula abp4p2ff with K=324 up to limit 1600
[2025-12-12 07:48:11] [generate_cnf] Generating formula abp4p2ff with K=325
[2025-12-12 07:48:12] [run_formula] Running formula abp4p2ff with K=325 up to limit 1600
[2025-12-12 07:48:17] [generate_cnf] Generating formula abp4p2ff with K=326
[2025-12-12 07:48:18] [run_formula] Running formula abp4p2ff with K=326 up to limit 1600
[2025-12-12 07:48:40] [generate_cnf] Generating formula abp4p2ff with K=327
[2025-12-12 07:48:41] [run_formula] Running formula abp4p2ff with K=327 up to limit 1600
[2025-12-12 07:48:57] [generate_cnf] Generating formula abp4p2ff with K=328
[2025-12-12 07:48:57] [run_formula] Running formula abp4p2ff with K=328 up to limit 1600
[2025-12-12 07:49:11] [generate_cnf] Generating formula abp4p2ff with K=329
[2025-12-12 07:49:12] [run_formula] Running formula abp4p2ff with K=329 up to limit 1600
[2025-12-12 07:49:29] [generate_cnf] Generating formula abp4p2ff with K=330
[2025-12-12 07:49:30] [run_formula] Running formula abp4p2ff with K=330 up to limit 1600
[2025-12-12 07:49:50] [generate_cnf] Generating formula abp4p2ff with K=331
[2025-12-12 07:49:50] [run_formula] Running formula abp4p2ff with K=331 up to limit 1600
[2025-12-12 07:50:07] [generate_cnf] Generating formula abp4p2ff with K=332
[2025-12-12 07:50:08] [run_formula] Running formula abp4p2ff with K=332 up to limit 1600
[2025-12-12 07:50:24] [generate_cnf] Generating formula abp4p2ff with K=333
[2025-12-12 07:50:25] [run_formula] Running formula abp4p2ff with K=333 up to limit 1600
[2025-12-12 07:50:32] [generate_cnf] Generating formula abp4p2ff with K=334
[2025-12-12 07:50:33] [run_formula] Running formula abp4p2ff with K=334 up to limit 1600
[2025-12-12 07:50:59] [generate_cnf] Generating formula abp4p2ff with K=335
[2025-12-12 07:51:00] [run_formula] Running formula abp4p2ff with K=335 up to limit 1600
[2025-12-12 07:51:07] [generate_cnf] Generating formula abp4p2ff with K=336
[2025-12-12 07:51:08] [run_formula] Running formula abp4p2ff with K=336 up to limit 1600
[2025-12-12 07:51:16] [generate_cnf] Generating formula abp4p2ff with K=337
[2025-12-12 07:51:17] [run_formula] Running formula abp4p2ff with K=337 up to limit 1600
[2025-12-12 07:51:25] [generate_cnf] Generating formula abp4p2ff with K=338
[2025-12-12 07:51:26] [run_formula] Running formula abp4p2ff with K=338 up to limit 1600
[2025-12-12 07:51:39] [generate_cnf] Generating formula abp4p2ff with K=339
[2025-12-12 07:51:40] [run_formula] Running formula abp4p2ff with K=339 up to limit 1600
[2025-12-12 07:51:55] [generate_cnf] Generating formula abp4p2ff with K=340
[2025-12-12 07:51:56] [run_formula] Running formula abp4p2ff with K=340 up to limit 1600
[2025-12-12 07:52:13] [generate_cnf] Generating formula abp4p2ff with K=341
[2025-12-12 07:52:14] [run_formula] Running formula abp4p2ff with K=341 up to limit 1600
[2025-12-12 07:53:10] [generate_cnf] Generating formula abp4p2ff with K=342
[2025-12-12 07:53:11] [run_formula] Running formula abp4p2ff with K=342 up to limit 1600
[2025-12-12 07:53:23] [generate_cnf] Generating formula abp4p2ff with K=343
[2025-12-12 07:53:24] [run_formula] Running formula abp4p2ff with K=343 up to limit 1600
[2025-12-12 07:53:42] [generate_cnf] Generating formula abp4p2ff with K=344
[2025-12-12 07:53:43] [run_formula] Running formula abp4p2ff with K=344 up to limit 1600
[2025-12-12 07:53:48] [generate_cnf] Generating formula abp4p2ff with K=345
[2025-12-12 07:53:49] [run_formula] Running formula abp4p2ff with K=345 up to limit 1600
[2025-12-12 07:54:05] [generate_cnf] Generating formula abp4p2ff with K=346
[2025-12-12 07:54:06] [run_formula] Running formula abp4p2ff with K=346 up to limit 1600
[2025-12-12 07:54:24] [generate_cnf] Generating formula abp4p2ff with K=347
[2025-12-12 07:54:25] [run_formula] Running formula abp4p2ff with K=347 up to limit 1600
[2025-12-12 07:54:32] [generate_cnf] Generating formula abp4p2ff with K=348
[2025-12-12 07:54:33] [run_formula] Running formula abp4p2ff with K=348 up to limit 1600
[2025-12-12 07:54:56] [generate_cnf] Generating formula abp4p2ff with K=349
[2025-12-12 07:54:56] [run_formula] Running formula abp4p2ff with K=349 up to limit 1600
[2025-12-12 07:55:01] [generate_cnf] Generating formula abp4p2ff with K=350
[2025-12-12 07:55:02] [run_formula] Running formula abp4p2ff with K=350 up to limit 1600
[2025-12-12 07:55:19] [generate_cnf] Generating formula abp4p2ff with K=351
[2025-12-12 07:55:20] [run_formula] Running formula abp4p2ff with K=351 up to limit 1600
[2025-12-12 07:55:34] [generate_cnf] Generating formula abp4p2ff with K=352
[2025-12-12 07:55:35] [run_formula] Running formula abp4p2ff with K=352 up to limit 1600
[2025-12-12 07:55:42] [generate_cnf] Generating formula abp4p2ff with K=353
[2025-12-12 07:55:42] [run_formula] Running formula abp4p2ff with K=353 up to limit 1600
[2025-12-12 07:56:02] [generate_cnf] Generating formula abp4p2ff with K=354
[2025-12-12 07:56:03] [run_formula] Running formula abp4p2ff with K=354 up to limit 1600
[2025-12-12 07:56:20] [generate_cnf] Generating formula abp4p2ff with K=355
[2025-12-12 07:56:21] [run_formula] Running formula abp4p2ff with K=355 up to limit 1600
[2025-12-12 07:56:45] [generate_cnf] Generating formula abp4p2ff with K=356
[2025-12-12 07:56:46] [run_formula] Running formula abp4p2ff with K=356 up to limit 1600
[2025-12-12 07:56:51] [generate_cnf] Generating formula abp4p2ff with K=357
[2025-12-12 07:56:52] [run_formula] Running formula abp4p2ff with K=357 up to limit 1600
[2025-12-12 07:57:09] [generate_cnf] Generating formula abp4p2ff with K=358
[2025-12-12 07:57:10] [run_formula] Running formula abp4p2ff with K=358 up to limit 1600
[2025-12-12 07:57:30] [generate_cnf] Generating formula abp4p2ff with K=359
[2025-12-12 07:57:31] [run_formula] Running formula abp4p2ff with K=359 up to limit 1600
[2025-12-12 07:57:44] [generate_cnf] Generating formula abp4p2ff with K=360
[2025-12-12 07:57:45] [run_formula] Running formula abp4p2ff with K=360 up to limit 1600
[2025-12-12 07:58:00] [generate_cnf] Generating formula abp4p2ff with K=361
[2025-12-12 07:58:01] [run_formula] Running formula abp4p2ff with K=361 up to limit 1600
[2025-12-12 07:58:07] [generate_cnf] Generating formula abp4p2ff with K=362
[2025-12-12 07:58:07] [run_formula] Running formula abp4p2ff with K=362 up to limit 1600
[2025-12-12 07:58:14] [generate_cnf] Generating formula abp4p2ff with K=363
[2025-12-12 07:58:15] [run_formula] Running formula abp4p2ff with K=363 up to limit 1600
[2025-12-12 07:58:37] [generate_cnf] Generating formula abp4p2ff with K=364
[2025-12-12 07:58:38] [run_formula] Running formula abp4p2ff with K=364 up to limit 1600
[2025-12-12 07:58:57] [generate_cnf] Generating formula abp4p2ff with K=365
[2025-12-12 07:58:57] [run_formula] Running formula abp4p2ff with K=365 up to limit 1600
[2025-12-12 07:59:17] [generate_cnf] Generating formula abp4p2ff with K=366
[2025-12-12 07:59:18] [run_formula] Running formula abp4p2ff with K=366 up to limit 1600
[2025-12-12 07:59:23] [generate_cnf] Generating formula abp4p2ff with K=367
[2025-12-12 07:59:24] [run_formula] Running formula abp4p2ff with K=367 up to limit 1600
[2025-12-12 07:59:29] [generate_cnf] Generating formula abp4p2ff with K=368
[2025-12-12 07:59:30] [run_formula] Running formula abp4p2ff with K=368 up to limit 1600
[2025-12-12 07:59:39] [generate_cnf] Generating formula abp4p2ff with K=369
[2025-12-12 07:59:40] [run_formula] Running formula abp4p2ff with K=369 up to limit 1600
[2025-12-12 07:59:46] [generate_cnf] Generating formula abp4p2ff with K=370
[2025-12-12 07:59:47] [run_formula] Running formula abp4p2ff with K=370 up to limit 1600
[2025-12-12 08:00:06] [generate_cnf] Generating formula abp4p2ff with K=371
[2025-12-12 08:00:07] [run_formula] Running formula abp4p2ff with K=371 up to limit 1600
[2025-12-12 08:00:21] [generate_cnf] Generating formula abp4p2ff with K=372
[2025-12-12 08:00:22] [run_formula] Running formula abp4p2ff with K=372 up to limit 1600
[2025-12-12 08:00:29] [generate_cnf] Generating formula abp4p2ff with K=373
[2025-12-12 08:00:30] [run_formula] Running formula abp4p2ff with K=373 up to limit 1600
[2025-12-12 08:00:48] [generate_cnf] Generating formula abp4p2ff with K=374
[2025-12-12 08:00:49] [run_formula] Running formula abp4p2ff with K=374 up to limit 1600
[2025-12-12 08:01:13] [generate_cnf] Generating formula abp4p2ff with K=375
[2025-12-12 08:01:14] [run_formula] Running formula abp4p2ff with K=375 up to limit 1600
[2025-12-12 08:01:19] [generate_cnf] Generating formula abp4p2ff with K=376
[2025-12-12 08:01:20] [run_formula] Running formula abp4p2ff with K=376 up to limit 1600
[2025-12-12 08:01:44] [generate_cnf] Generating formula abp4p2ff with K=377
[2025-12-12 08:01:45] [run_formula] Running formula abp4p2ff with K=377 up to limit 1600
[2025-12-12 08:02:02] [generate_cnf] Generating formula abp4p2ff with K=378
[2025-12-12 08:02:03] [run_formula] Running formula abp4p2ff with K=378 up to limit 1600
[2025-12-12 08:02:08] [generate_cnf] Generating formula abp4p2ff with K=379
[2025-12-12 08:02:09] [run_formula] Running formula abp4p2ff with K=379 up to limit 1600
[2025-12-12 08:02:17] [generate_cnf] Generating formula abp4p2ff with K=380
[2025-12-12 08:02:19] [run_formula] Running formula abp4p2ff with K=380 up to limit 1600
[2025-12-12 08:02:25] [generate_cnf] Generating formula abp4p2ff with K=381
[2025-12-12 08:02:26] [run_formula] Running formula abp4p2ff with K=381 up to limit 1600
[2025-12-12 08:02:33] [generate_cnf] Generating formula abp4p2ff with K=382
[2025-12-12 08:02:34] [run_formula] Running formula abp4p2ff with K=382 up to limit 1600
[2025-12-12 08:02:49] [generate_cnf] Generating formula abp4p2ff with K=383
[2025-12-12 08:02:50] [run_formula] Running formula abp4p2ff with K=383 up to limit 1600
[2025-12-12 08:02:55] [generate_cnf] Generating formula abp4p2ff with K=384
[2025-12-12 08:02:56] [run_formula] Running formula abp4p2ff with K=384 up to limit 1600
[2025-12-12 08:03:17] [generate_cnf] Generating formula abp4p2ff with K=385
[2025-12-12 08:03:17] [run_formula] Running formula abp4p2ff with K=385 up to limit 1600
[2025-12-12 08:03:38] [generate_cnf] Generating formula abp4p2ff with K=386
[2025-12-12 08:03:39] [run_formula] Running formula abp4p2ff with K=386 up to limit 1600
[2025-12-12 08:03:51] [generate_cnf] Generating formula abp4p2ff with K=387
[2025-12-12 08:03:52] [run_formula] Running formula abp4p2ff with K=387 up to limit 1600
[2025-12-12 08:04:20] [generate_cnf] Generating formula abp4p2ff with K=388
[2025-12-12 08:04:21] [run_formula] Running formula abp4p2ff with K=388 up to limit 1600
[2025-12-12 08:04:51] [generate_cnf] Generating formula abp4p2ff with K=389
[2025-12-12 08:04:52] [run_formula] Running formula abp4p2ff with K=389 up to limit 1600
[2025-12-12 08:05:00] [generate_cnf] Generating formula abp4p2ff with K=390
[2025-12-12 08:05:01] [run_formula] Running formula abp4p2ff with K=390 up to limit 1600
[2025-12-12 08:05:08] [generate_cnf] Generating formula abp4p2ff with K=391
[2025-12-12 08:05:09] [run_formula] Running formula abp4p2ff with K=391 up to limit 1600
[2025-12-12 08:05:28] [generate_cnf] Generating formula abp4p2ff with K=392
[2025-12-12 08:05:29] [run_formula] Running formula abp4p2ff with K=392 up to limit 1600
[2025-12-12 08:05:35] [generate_cnf] Generating formula abp4p2ff with K=393
[2025-12-12 08:05:36] [run_formula] Running formula abp4p2ff with K=393 up to limit 1600
[2025-12-12 08:05:43] [generate_cnf] Generating formula abp4p2ff with K=394
[2025-12-12 08:05:44] [run_formula] Running formula abp4p2ff with K=394 up to limit 1600
[2025-12-12 08:05:50] [generate_cnf] Generating formula abp4p2ff with K=395
[2025-12-12 08:05:51] [run_formula] Running formula abp4p2ff with K=395 up to limit 1600
[2025-12-12 08:06:12] [generate_cnf] Generating formula abp4p2ff with K=396
[2025-12-12 08:06:13] [run_formula] Running formula abp4p2ff with K=396 up to limit 1600
[2025-12-12 08:06:39] [generate_cnf] Generating formula abp4p2ff with K=397
[2025-12-12 08:06:40] [run_formula] Running formula abp4p2ff with K=397 up to limit 1600
[2025-12-12 08:07:10] [generate_cnf] Generating formula abp4p2ff with K=398
[2025-12-12 08:07:11] [run_formula] Running formula abp4p2ff with K=398 up to limit 1600
[2025-12-12 08:07:18] [generate_cnf] Generating formula abp4p2ff with K=399
[2025-12-12 08:07:19] [run_formula] Running formula abp4p2ff with K=399 up to limit 1600
[2025-12-12 08:07:45] [generate_cnf] Generating formula abp4p2ff with K=400
[2025-12-12 08:07:46] [run_formula] Running formula abp4p2ff with K=400 up to limit 1600
[2025-12-12 08:07:52] [generate_cnf] Generating formula abp4p2ff with K=401
[2025-12-12 08:07:53] [run_formula] Running formula abp4p2ff with K=401 up to limit 1600
[2025-12-12 08:07:58] [generate_cnf] Generating formula abp4p2ff with K=402
[2025-12-12 08:07:59] [run_formula] Running formula abp4p2ff with K=402 up to limit 1600
[2025-12-12 08:08:04] [generate_cnf] Generating formula abp4p2ff with K=403
[2025-12-12 08:08:05] [run_formula] Running formula abp4p2ff with K=403 up to limit 1600
[2025-12-12 08:08:25] [generate_cnf] Generating formula abp4p2ff with K=404
[2025-12-12 08:08:26] [run_formula] Running formula abp4p2ff with K=404 up to limit 1600
[2025-12-12 08:09:01] [generate_cnf] Generating formula abp4p2ff with K=405
[2025-12-12 08:09:02] [run_formula] Running formula abp4p2ff with K=405 up to limit 1600
[2025-12-12 08:09:16] [generate_cnf] Generating formula abp4p2ff with K=406
[2025-12-12 08:09:17] [run_formula] Running formula abp4p2ff with K=406 up to limit 1600
[2025-12-12 08:09:21] [generate_cnf] Generating formula abp4p2ff with K=407
[2025-12-12 08:09:22] [run_formula] Running formula abp4p2ff with K=407 up to limit 1600
[2025-12-12 08:09:26] [generate_cnf] Generating formula abp4p2ff with K=408
[2025-12-12 08:09:27] [run_formula] Running formula abp4p2ff with K=408 up to limit 1600
[2025-12-12 08:09:33] [generate_cnf] Generating formula abp4p2ff with K=409
[2025-12-12 08:09:34] [run_formula] Running formula abp4p2ff with K=409 up to limit 1600
[2025-12-12 08:09:51] [generate_cnf] Generating formula abp4p2ff with K=410
[2025-12-12 08:09:52] [run_formula] Running formula abp4p2ff with K=410 up to limit 1600
[2025-12-12 08:09:57] [generate_cnf] Generating formula abp4p2ff with K=411
[2025-12-12 08:09:58] [run_formula] Running formula abp4p2ff with K=411 up to limit 1600
[2025-12-12 08:10:05] [generate_cnf] Generating formula abp4p2ff with K=412
[2025-12-12 08:10:06] [run_formula] Running formula abp4p2ff with K=412 up to limit 1600
[2025-12-12 08:10:28] [generate_cnf] Generating formula abp4p2ff with K=413
[2025-12-12 08:10:30] [run_formula] Running formula abp4p2ff with K=413 up to limit 1600
[2025-12-12 08:10:46] [generate_cnf] Generating formula abp4p2ff with K=414
[2025-12-12 08:10:48] [run_formula] Running formula abp4p2ff with K=414 up to limit 1600
[2025-12-12 08:11:09] [generate_cnf] Generating formula abp4p2ff with K=415
[2025-12-12 08:11:10] [run_formula] Running formula abp4p2ff with K=415 up to limit 1600
[2025-12-12 08:11:38] [generate_cnf] Generating formula abp4p2ff with K=416
[2025-12-12 08:11:39] [run_formula] Running formula abp4p2ff with K=416 up to limit 1600
[2025-12-12 08:11:56] [generate_cnf] Generating formula abp4p2ff with K=417
[2025-12-12 08:11:57] [run_formula] Running formula abp4p2ff with K=417 up to limit 1600
[2025-12-12 08:12:03] [generate_cnf] Generating formula abp4p2ff with K=418
[2025-12-12 08:12:04] [run_formula] Running formula abp4p2ff with K=418 up to limit 1600
[2025-12-12 08:12:39] [generate_cnf] Generating formula abp4p2ff with K=419
[2025-12-12 08:12:40] [run_formula] Running formula abp4p2ff with K=419 up to limit 1600
[2025-12-12 08:13:08] [generate_cnf] Generating formula abp4p2ff with K=420
[2025-12-12 08:13:10] [run_formula] Running formula abp4p2ff with K=420 up to limit 1600
[2025-12-12 08:13:18] [generate_cnf] Generating formula abp4p2ff with K=421
[2025-12-12 08:13:19] [run_formula] Running formula abp4p2ff with K=421 up to limit 1600
[2025-12-12 08:13:24] [generate_cnf] Generating formula abp4p2ff with K=422
[2025-12-12 08:13:25] [run_formula] Running formula abp4p2ff with K=422 up to limit 1600
[2025-12-12 08:13:32] [generate_cnf] Generating formula abp4p2ff with K=423
[2025-12-12 08:13:33] [run_formula] Running formula abp4p2ff with K=423 up to limit 1600
[2025-12-12 08:13:38] [generate_cnf] Generating formula abp4p2ff with K=424
[2025-12-12 08:13:39] [run_formula] Running formula abp4p2ff with K=424 up to limit 1600
[2025-12-12 08:14:07] [generate_cnf] Generating formula abp4p2ff with K=425
[2025-12-12 08:14:08] [run_formula] Running formula abp4p2ff with K=425 up to limit 1600
[2025-12-12 08:14:15] [generate_cnf] Generating formula abp4p2ff with K=426
[2025-12-12 08:14:16] [run_formula] Running formula abp4p2ff with K=426 up to limit 1600
[2025-12-12 08:14:36] [generate_cnf] Generating formula abp4p2ff with K=427
[2025-12-12 08:14:37] [run_formula] Running formula abp4p2ff with K=427 up to limit 1600
[2025-12-12 08:14:53] [generate_cnf] Generating formula abp4p2ff with K=428
[2025-12-12 08:14:54] [run_formula] Running formula abp4p2ff with K=428 up to limit 1600
[2025-12-12 08:15:14] [generate_cnf] Generating formula abp4p2ff with K=429
[2025-12-12 08:15:15] [run_formula] Running formula abp4p2ff with K=429 up to limit 1600
[2025-12-12 08:15:34] [generate_cnf] Generating formula abp4p2ff with K=430
[2025-12-12 08:15:35] [run_formula] Running formula abp4p2ff with K=430 up to limit 1600
[2025-12-12 08:15:42] [generate_cnf] Generating formula abp4p2ff with K=431
[2025-12-12 08:15:43] [run_formula] Running formula abp4p2ff with K=431 up to limit 1600
[2025-12-12 08:15:49] [generate_cnf] Generating formula abp4p2ff with K=432
[2025-12-12 08:15:50] [run_formula] Running formula abp4p2ff with K=432 up to limit 1600
[2025-12-12 08:16:09] [generate_cnf] Generating formula abp4p2ff with K=433
[2025-12-12 08:16:10] [run_formula] Running formula abp4p2ff with K=433 up to limit 1600
[2025-12-12 08:16:33] [generate_cnf] Generating formula abp4p2ff with K=434
[2025-12-12 08:16:34] [run_formula] Running formula abp4p2ff with K=434 up to limit 1600
[2025-12-12 08:16:58] [generate_cnf] Generating formula abp4p2ff with K=435
[2025-12-12 08:17:00] [run_formula] Running formula abp4p2ff with K=435 up to limit 1600
[2025-12-12 08:17:24] [generate_cnf] Generating formula abp4p2ff with K=436
[2025-12-12 08:17:25] [run_formula] Running formula abp4p2ff with K=436 up to limit 1600
[2025-12-12 08:17:51] [generate_cnf] Generating formula abp4p2ff with K=437
[2025-12-12 08:17:52] [run_formula] Running formula abp4p2ff with K=437 up to limit 1600
[2025-12-12 08:17:57] [generate_cnf] Generating formula abp4p2ff with K=438
[2025-12-12 08:17:58] [run_formula] Running formula abp4p2ff with K=438 up to limit 1600
[2025-12-12 08:18:11] [generate_cnf] Generating formula abp4p2ff with K=439
[2025-12-12 08:18:12] [run_formula] Running formula abp4p2ff with K=439 up to limit 1600
[2025-12-12 08:18:29] [generate_cnf] Generating formula abp4p2ff with K=440
[2025-12-12 08:18:31] [run_formula] Running formula abp4p2ff with K=440 up to limit 1600
[2025-12-12 08:18:52] [generate_cnf] Generating formula abp4p2ff with K=441
[2025-12-12 08:18:53] [run_formula] Running formula abp4p2ff with K=441 up to limit 1600
[2025-12-12 08:19:18] [generate_cnf] Generating formula abp4p2ff with K=442
[2025-12-12 08:19:19] [run_formula] Running formula abp4p2ff with K=442 up to limit 1600
[2025-12-12 08:19:25] [generate_cnf] Generating formula abp4p2ff with K=443
[2025-12-12 08:19:26] [run_formula] Running formula abp4p2ff with K=443 up to limit 1600
[2025-12-12 08:19:34] [generate_cnf] Generating formula abp4p2ff with K=444
[2025-12-12 08:19:35] [run_formula] Running formula abp4p2ff with K=444 up to limit 1600
[2025-12-12 08:19:40] [generate_cnf] Generating formula abp4p2ff with K=445
[2025-12-12 08:19:42] [run_formula] Running formula abp4p2ff with K=445 up to limit 1600
[2025-12-12 08:19:47] [generate_cnf] Generating formula abp4p2ff with K=446
[2025-12-12 08:19:48] [run_formula] Running formula abp4p2ff with K=446 up to limit 1600
[2025-12-12 08:20:06] [generate_cnf] Generating formula abp4p2ff with K=447
[2025-12-12 08:20:07] [run_formula] Running formula abp4p2ff with K=447 up to limit 1600
[2025-12-12 08:20:31] [generate_cnf] Generating formula abp4p2ff with K=448
[2025-12-12 08:20:32] [run_formula] Running formula abp4p2ff with K=448 up to limit 1600
[2025-12-12 08:20:52] [generate_cnf] Generating formula abp4p2ff with K=449
[2025-12-12 08:20:53] [run_formula] Running formula abp4p2ff with K=449 up to limit 1600
[2025-12-12 08:21:15] [generate_cnf] Generating formula abp4p2ff with K=450
[2025-12-12 08:21:16] [run_formula] Running formula abp4p2ff with K=450 up to limit 1600
[2025-12-12 08:21:42] [generate_cnf] Generating formula abp4p2ff with K=451
[2025-12-12 08:21:43] [run_formula] Running formula abp4p2ff with K=451 up to limit 1600
[2025-12-12 08:21:51] [generate_cnf] Generating formula abp4p2ff with K=452
[2025-12-12 08:21:52] [run_formula] Running formula abp4p2ff with K=452 up to limit 1600
[2025-12-12 08:22:23] [generate_cnf] Generating formula abp4p2ff with K=453
[2025-12-12 08:22:24] [run_formula] Running formula abp4p2ff with K=453 up to limit 1600
[2025-12-12 08:22:56] [generate_cnf] Generating formula abp4p2ff with K=454
[2025-12-12 08:22:57] [run_formula] Running formula abp4p2ff with K=454 up to limit 1600
[2025-12-12 08:23:02] [generate_cnf] Generating formula abp4p2ff with K=455
[2025-12-12 08:23:03] [run_formula] Running formula abp4p2ff with K=455 up to limit 1600
[2025-12-12 08:23:30] [generate_cnf] Generating formula abp4p2ff with K=456
[2025-12-12 08:23:32] [run_formula] Running formula abp4p2ff with K=456 up to limit 1600
[2025-12-12 08:25:10] [generate_cnf] Generating formula abp4p2ff with K=457
[2025-12-12 08:25:11] [run_formula] Running formula abp4p2ff with K=457 up to limit 1600
[2025-12-12 08:25:18] [generate_cnf] Generating formula abp4p2ff with K=458
[2025-12-12 08:25:19] [run_formula] Running formula abp4p2ff with K=458 up to limit 1600
[2025-12-12 08:25:24] [generate_cnf] Generating formula abp4p2ff with K=459
[2025-12-12 08:25:25] [run_formula] Running formula abp4p2ff with K=459 up to limit 1600
[2025-12-12 08:25:44] [generate_cnf] Generating formula abp4p2ff with K=460
[2025-12-12 08:25:45] [run_formula] Running formula abp4p2ff with K=460 up to limit 1600
[2025-12-12 08:25:51] [generate_cnf] Generating formula abp4p2ff with K=461
[2025-12-12 08:25:52] [run_formula] Running formula abp4p2ff with K=461 up to limit 1600
[2025-12-12 08:26:14] [generate_cnf] Generating formula abp4p2ff with K=462
[2025-12-12 08:26:15] [run_formula] Running formula abp4p2ff with K=462 up to limit 1600
[2025-12-12 08:26:20] [generate_cnf] Generating formula abp4p2ff with K=463
[2025-12-12 08:26:22] [run_formula] Running formula abp4p2ff with K=463 up to limit 1600
[2025-12-12 08:26:47] [generate_cnf] Generating formula abp4p2ff with K=464
[2025-12-12 08:26:48] [run_formula] Running formula abp4p2ff with K=464 up to limit 1600
[2025-12-12 08:26:56] [generate_cnf] Generating formula abp4p2ff with K=465
[2025-12-12 08:26:58] [run_formula] Running formula abp4p2ff with K=465 up to limit 1600
[2025-12-12 08:27:06] [generate_cnf] Generating formula abp4p2ff with K=466
[2025-12-12 08:27:08] [run_formula] Running formula abp4p2ff with K=466 up to limit 1600
[2025-12-12 08:27:27] [generate_cnf] Generating formula abp4p2ff with K=467
[2025-12-12 08:27:28] [run_formula] Running formula abp4p2ff with K=467 up to limit 1600
[2025-12-12 08:27:44] [generate_cnf] Generating formula abp4p2ff with K=468
[2025-12-12 08:27:45] [run_formula] Running formula abp4p2ff with K=468 up to limit 1600
[2025-12-12 08:28:12] [run_formula] Error running formula abp4p2ff with K=468: [Errno 122] Disk quota exceeded: './results/solving_logs/abp4p2ff//abp4p2ff.468.log'
[2025-12-12 08:28:12] [generate_and_run_up_to_limit] Failed to run formula abp4p2ff with K=468, halting
