CNF written.
CNF written.
CNF written.
CNF written.
CNF written.
CNF written.
CNF written.
CNF written.
CNF written.
CNF written.
CNF written.
CNF written.
CNF written.
CNF written.
CNF written.
CNF written.
CNF written.
CNF written.
CNF written.
CNF written.
CNF written.
CNF written.
CNF written.
CNF written.
CNF written.
CNF written.
CNF written.
CNF written.
CNF written.
CNF written.
CNF written.
CNF written.
[2025-12-12 07:57:05] [generate_and_run_up_to_limit] Generating and running arbitrated_top_n5_w8_d32_e0 with K<=500 up to limit 1600
[2025-12-12 07:57:05] [generate_cnf] Generating formula arbitrated_top_n5_w8_d32_e0 with K=1
[2025-12-12 07:57:05] [run_formula] Running formula arbitrated_top_n5_w8_d32_e0 with K=1 up to limit 1600
[2025-12-12 07:57:05] [generate_cnf] Generating formula arbitrated_top_n5_w8_d32_e0 with K=2
[2025-12-12 07:57:05] [run_formula] Running formula arbitrated_top_n5_w8_d32_e0 with K=2 up to limit 1600
[2025-12-12 07:57:05] [generate_cnf] Generating formula arbitrated_top_n5_w8_d32_e0 with K=3
[2025-12-12 07:57:06] [run_formula] Running formula arbitrated_top_n5_w8_d32_e0 with K=3 up to limit 1600
[2025-12-12 07:57:06] [generate_cnf] Generating formula arbitrated_top_n5_w8_d32_e0 with K=4
[2025-12-12 07:57:06] [run_formula] Running formula arbitrated_top_n5_w8_d32_e0 with K=4 up to limit 1600
[2025-12-12 07:57:06] [generate_cnf] Generating formula arbitrated_top_n5_w8_d32_e0 with K=5
[2025-12-12 07:57:06] [run_formula] Running formula arbitrated_top_n5_w8_d32_e0 with K=5 up to limit 1600
[2025-12-12 07:57:06] [generate_cnf] Generating formula arbitrated_top_n5_w8_d32_e0 with K=6
[2025-12-12 07:57:06] [run_formula] Running formula arbitrated_top_n5_w8_d32_e0 with K=6 up to limit 1600
[2025-12-12 07:57:06] [generate_cnf] Generating formula arbitrated_top_n5_w8_d32_e0 with K=7
[2025-12-12 07:57:07] [run_formula] Running formula arbitrated_top_n5_w8_d32_e0 with K=7 up to limit 1600
[2025-12-12 07:57:07] [generate_cnf] Generating formula arbitrated_top_n5_w8_d32_e0 with K=8
[2025-12-12 07:57:07] [run_formula] Running formula arbitrated_top_n5_w8_d32_e0 with K=8 up to limit 1600
[2025-12-12 07:57:07] [generate_cnf] Generating formula arbitrated_top_n5_w8_d32_e0 with K=9
[2025-12-12 07:57:07] [run_formula] Running formula arbitrated_top_n5_w8_d32_e0 with K=9 up to limit 1600
[2025-12-12 07:57:08] [generate_cnf] Generating formula arbitrated_top_n5_w8_d32_e0 with K=10
[2025-12-12 07:57:08] [run_formula] Running formula arbitrated_top_n5_w8_d32_e0 with K=10 up to limit 1600
[2025-12-12 07:57:08] [generate_cnf] Generating formula arbitrated_top_n5_w8_d32_e0 with K=11
[2025-12-12 07:57:09] [run_formula] Running formula arbitrated_top_n5_w8_d32_e0 with K=11 up to limit 1600
[2025-12-12 07:57:09] [generate_cnf] Generating formula arbitrated_top_n5_w8_d32_e0 with K=12
[2025-12-12 07:57:10] [run_formula] Running formula arbitrated_top_n5_w8_d32_e0 with K=12 up to limit 1600
[2025-12-12 07:57:11] [generate_cnf] Generating formula arbitrated_top_n5_w8_d32_e0 with K=13
[2025-12-12 07:57:11] [run_formula] Running formula arbitrated_top_n5_w8_d32_e0 with K=13 up to limit 1600
[2025-12-12 07:57:13] [generate_cnf] Generating formula arbitrated_top_n5_w8_d32_e0 with K=14
[2025-12-12 07:57:13] [run_formula] Running formula arbitrated_top_n5_w8_d32_e0 with K=14 up to limit 1600
[2025-12-12 07:57:16] [generate_cnf] Generating formula arbitrated_top_n5_w8_d32_e0 with K=15
[2025-12-12 07:57:16] [run_formula] Running formula arbitrated_top_n5_w8_d32_e0 with K=15 up to limit 1600
[2025-12-12 07:57:20] [generate_cnf] Generating formula arbitrated_top_n5_w8_d32_e0 with K=16
[2025-12-12 07:57:20] [run_formula] Running formula arbitrated_top_n5_w8_d32_e0 with K=16 up to limit 1600
[2025-12-12 07:57:24] [generate_cnf] Generating formula arbitrated_top_n5_w8_d32_e0 with K=17
[2025-12-12 07:57:25] [run_formula] Running formula arbitrated_top_n5_w8_d32_e0 with K=17 up to limit 1600
[2025-12-12 07:57:32] [generate_cnf] Generating formula arbitrated_top_n5_w8_d32_e0 with K=18
[2025-12-12 07:57:33] [run_formula] Running formula arbitrated_top_n5_w8_d32_e0 with K=18 up to limit 1600
[2025-12-12 07:57:41] [generate_cnf] Generating formula arbitrated_top_n5_w8_d32_e0 with K=19
[2025-12-12 07:57:42] [run_formula] Running formula arbitrated_top_n5_w8_d32_e0 with K=19 up to limit 1600
[2025-12-12 07:57:55] [generate_cnf] Generating formula arbitrated_top_n5_w8_d32_e0 with K=20
[2025-12-12 07:57:56] [run_formula] Running formula arbitrated_top_n5_w8_d32_e0 with K=20 up to limit 1600
[2025-12-12 07:58:13] [generate_cnf] Generating formula arbitrated_top_n5_w8_d32_e0 with K=21
[2025-12-12 07:58:14] [run_formula] Running formula arbitrated_top_n5_w8_d32_e0 with K=21 up to limit 1600
[2025-12-12 07:58:36] [generate_cnf] Generating formula arbitrated_top_n5_w8_d32_e0 with K=22
[2025-12-12 07:58:36] [run_formula] Running formula arbitrated_top_n5_w8_d32_e0 with K=22 up to limit 1600
[2025-12-12 07:59:17] [generate_cnf] Generating formula arbitrated_top_n5_w8_d32_e0 with K=23
[2025-12-12 07:59:17] [run_formula] Running formula arbitrated_top_n5_w8_d32_e0 with K=23 up to limit 1600
[2025-12-12 07:59:46] [generate_cnf] Generating formula arbitrated_top_n5_w8_d32_e0 with K=24
[2025-12-12 07:59:47] [run_formula] Running formula arbitrated_top_n5_w8_d32_e0 with K=24 up to limit 1600
[2025-12-12 08:00:55] [generate_cnf] Generating formula arbitrated_top_n5_w8_d32_e0 with K=25
[2025-12-12 08:00:55] [run_formula] Running formula arbitrated_top_n5_w8_d32_e0 with K=25 up to limit 1600
[2025-12-12 08:02:09] [generate_cnf] Generating formula arbitrated_top_n5_w8_d32_e0 with K=26
[2025-12-12 08:02:10] [run_formula] Running formula arbitrated_top_n5_w8_d32_e0 with K=26 up to limit 1600
[2025-12-12 08:03:44] [generate_cnf] Generating formula arbitrated_top_n5_w8_d32_e0 with K=27
[2025-12-12 08:03:45] [run_formula] Running formula arbitrated_top_n5_w8_d32_e0 with K=27 up to limit 1600
[2025-12-12 08:05:12] [generate_cnf] Generating formula arbitrated_top_n5_w8_d32_e0 with K=28
[2025-12-12 08:05:15] [run_formula] Running formula arbitrated_top_n5_w8_d32_e0 with K=28 up to limit 1600
[2025-12-12 08:07:54] [generate_cnf] Generating formula arbitrated_top_n5_w8_d32_e0 with K=29
[2025-12-12 08:07:55] [run_formula] Running formula arbitrated_top_n5_w8_d32_e0 with K=29 up to limit 1600
[2025-12-12 08:12:14] [generate_cnf] Generating formula arbitrated_top_n5_w8_d32_e0 with K=30
[2025-12-12 08:12:15] [run_formula] Running formula arbitrated_top_n5_w8_d32_e0 with K=30 up to limit 1600
[2025-12-12 08:17:22] [generate_cnf] Generating formula arbitrated_top_n5_w8_d32_e0 with K=31
[2025-12-12 08:17:23] [run_formula] Running formula arbitrated_top_n5_w8_d32_e0 with K=31 up to limit 1600
[2025-12-12 08:23:09] [generate_cnf] Generating formula arbitrated_top_n5_w8_d32_e0 with K=32
[2025-12-12 08:23:10] [run_formula] Running formula arbitrated_top_n5_w8_d32_e0 with K=32 up to limit 1600
[2025-12-12 08:29:31] [run_formula] Error running formula arbitrated_top_n5_w8_d32_e0 with K=32: [Errno 122] Disk quota exceeded: './results/solving_logs/arbitrated_top_n5_w8_d32_e0//arbitrated_top_n5_w8_d32_e0.32.log'
[2025-12-12 08:29:31] [generate_and_run_up_to_limit] Failed to run formula arbitrated_top_n5_w8_d32_e0 with K=32, halting
