CNF written.
CNF written.
CNF written.
CNF written.
CNF written.
CNF written.
CNF written.
CNF written.
CNF written.
CNF written.
CNF written.
CNF written.
CNF written.
CNF written.
CNF written.
CNF written.
CNF written.
CNF written.
CNF written.
CNF written.
CNF written.
CNF written.
CNF written.
CNF written.
CNF written.
CNF written.
CNF written.
CNF written.
CNF written.
CNF written.
CNF written.
CNF written.
CNF written.
CNF written.
CNF written.
[2025-12-12 07:37:02] [generate_and_run_up_to_limit] Generating and running arbitrated_top_n3_w16_d128_e0 with K<=500 up to limit 1600
[2025-12-12 07:37:02] [generate_cnf] Generating formula arbitrated_top_n3_w16_d128_e0 with K=1
[2025-12-12 07:37:03] [run_formula] Running formula arbitrated_top_n3_w16_d128_e0 with K=1 up to limit 1600
[2025-12-12 07:37:03] [generate_cnf] Generating formula arbitrated_top_n3_w16_d128_e0 with K=2
[2025-12-12 07:37:03] [run_formula] Running formula arbitrated_top_n3_w16_d128_e0 with K=2 up to limit 1600
[2025-12-12 07:37:03] [generate_cnf] Generating formula arbitrated_top_n3_w16_d128_e0 with K=3
[2025-12-12 07:37:03] [run_formula] Running formula arbitrated_top_n3_w16_d128_e0 with K=3 up to limit 1600
[2025-12-12 07:37:03] [generate_cnf] Generating formula arbitrated_top_n3_w16_d128_e0 with K=4
[2025-12-12 07:37:04] [run_formula] Running formula arbitrated_top_n3_w16_d128_e0 with K=4 up to limit 1600
[2025-12-12 07:37:04] [generate_cnf] Generating formula arbitrated_top_n3_w16_d128_e0 with K=5
[2025-12-12 07:37:04] [run_formula] Running formula arbitrated_top_n3_w16_d128_e0 with K=5 up to limit 1600
[2025-12-12 07:37:05] [generate_cnf] Generating formula arbitrated_top_n3_w16_d128_e0 with K=6
[2025-12-12 07:37:05] [run_formula] Running formula arbitrated_top_n3_w16_d128_e0 with K=6 up to limit 1600
[2025-12-12 07:37:05] [generate_cnf] Generating formula arbitrated_top_n3_w16_d128_e0 with K=7
[2025-12-12 07:37:06] [run_formula] Running formula arbitrated_top_n3_w16_d128_e0 with K=7 up to limit 1600
[2025-12-12 07:37:06] [generate_cnf] Generating formula arbitrated_top_n3_w16_d128_e0 with K=8
[2025-12-12 07:37:07] [run_formula] Running formula arbitrated_top_n3_w16_d128_e0 with K=8 up to limit 1600
[2025-12-12 07:37:07] [generate_cnf] Generating formula arbitrated_top_n3_w16_d128_e0 with K=9
[2025-12-12 07:37:08] [run_formula] Running formula arbitrated_top_n3_w16_d128_e0 with K=9 up to limit 1600
[2025-12-12 07:37:08] [generate_cnf] Generating formula arbitrated_top_n3_w16_d128_e0 with K=10
[2025-12-12 07:37:09] [run_formula] Running formula arbitrated_top_n3_w16_d128_e0 with K=10 up to limit 1600
[2025-12-12 07:37:10] [generate_cnf] Generating formula arbitrated_top_n3_w16_d128_e0 with K=11
[2025-12-12 07:37:11] [run_formula] Running formula arbitrated_top_n3_w16_d128_e0 with K=11 up to limit 1600
[2025-12-12 07:37:12] [generate_cnf] Generating formula arbitrated_top_n3_w16_d128_e0 with K=12
[2025-12-12 07:37:13] [run_formula] Running formula arbitrated_top_n3_w16_d128_e0 with K=12 up to limit 1600
[2025-12-12 07:37:14] [generate_cnf] Generating formula arbitrated_top_n3_w16_d128_e0 with K=13
[2025-12-12 07:37:15] [run_formula] Running formula arbitrated_top_n3_w16_d128_e0 with K=13 up to limit 1600
[2025-12-12 07:37:17] [generate_cnf] Generating formula arbitrated_top_n3_w16_d128_e0 with K=14
[2025-12-12 07:37:18] [run_formula] Running formula arbitrated_top_n3_w16_d128_e0 with K=14 up to limit 1600
[2025-12-12 07:37:21] [generate_cnf] Generating formula arbitrated_top_n3_w16_d128_e0 with K=15
[2025-12-12 07:37:22] [run_formula] Running formula arbitrated_top_n3_w16_d128_e0 with K=15 up to limit 1600
[2025-12-12 07:37:26] [generate_cnf] Generating formula arbitrated_top_n3_w16_d128_e0 with K=16
[2025-12-12 07:37:27] [run_formula] Running formula arbitrated_top_n3_w16_d128_e0 with K=16 up to limit 1600
[2025-12-12 07:37:32] [generate_cnf] Generating formula arbitrated_top_n3_w16_d128_e0 with K=17
[2025-12-12 07:37:33] [run_formula] Running formula arbitrated_top_n3_w16_d128_e0 with K=17 up to limit 1600
[2025-12-12 07:37:40] [generate_cnf] Generating formula arbitrated_top_n3_w16_d128_e0 with K=18
[2025-12-12 07:37:42] [run_formula] Running formula arbitrated_top_n3_w16_d128_e0 with K=18 up to limit 1600
[2025-12-12 07:37:53] [generate_cnf] Generating formula arbitrated_top_n3_w16_d128_e0 with K=19
[2025-12-12 07:37:54] [run_formula] Running formula arbitrated_top_n3_w16_d128_e0 with K=19 up to limit 1600
[2025-12-12 07:38:06] [generate_cnf] Generating formula arbitrated_top_n3_w16_d128_e0 with K=20
[2025-12-12 07:38:07] [run_formula] Running formula arbitrated_top_n3_w16_d128_e0 with K=20 up to limit 1600
[2025-12-12 07:38:24] [generate_cnf] Generating formula arbitrated_top_n3_w16_d128_e0 with K=21
[2025-12-12 07:38:26] [run_formula] Running formula arbitrated_top_n3_w16_d128_e0 with K=21 up to limit 1600
[2025-12-12 07:38:47] [generate_cnf] Generating formula arbitrated_top_n3_w16_d128_e0 with K=22
[2025-12-12 07:38:49] [run_formula] Running formula arbitrated_top_n3_w16_d128_e0 with K=22 up to limit 1600
[2025-12-12 07:39:21] [generate_cnf] Generating formula arbitrated_top_n3_w16_d128_e0 with K=23
[2025-12-12 07:39:23] [run_formula] Running formula arbitrated_top_n3_w16_d128_e0 with K=23 up to limit 1600
[2025-12-12 07:40:09] [generate_cnf] Generating formula arbitrated_top_n3_w16_d128_e0 with K=24
[2025-12-12 07:40:11] [run_formula] Running formula arbitrated_top_n3_w16_d128_e0 with K=24 up to limit 1600
[2025-12-12 07:41:19] [generate_cnf] Generating formula arbitrated_top_n3_w16_d128_e0 with K=25
[2025-12-12 07:41:21] [run_formula] Running formula arbitrated_top_n3_w16_d128_e0 with K=25 up to limit 1600
[2025-12-12 07:42:16] [generate_cnf] Generating formula arbitrated_top_n3_w16_d128_e0 with K=26
[2025-12-12 07:42:18] [run_formula] Running formula arbitrated_top_n3_w16_d128_e0 with K=26 up to limit 1600
[2025-12-12 07:43:41] [generate_cnf] Generating formula arbitrated_top_n3_w16_d128_e0 with K=27
[2025-12-12 07:43:44] [run_formula] Running formula arbitrated_top_n3_w16_d128_e0 with K=27 up to limit 1600
[2025-12-12 07:44:54] [generate_cnf] Generating formula arbitrated_top_n3_w16_d128_e0 with K=28
[2025-12-12 07:44:56] [run_formula] Running formula arbitrated_top_n3_w16_d128_e0 with K=28 up to limit 1600
[2025-12-12 07:46:20] [generate_cnf] Generating formula arbitrated_top_n3_w16_d128_e0 with K=29
[2025-12-12 07:46:22] [run_formula] Running formula arbitrated_top_n3_w16_d128_e0 with K=29 up to limit 1600
[2025-12-12 07:49:35] [generate_cnf] Generating formula arbitrated_top_n3_w16_d128_e0 with K=30
[2025-12-12 07:49:38] [run_formula] Running formula arbitrated_top_n3_w16_d128_e0 with K=30 up to limit 1600
[2025-12-12 07:51:42] [generate_cnf] Generating formula arbitrated_top_n3_w16_d128_e0 with K=31
[2025-12-12 07:51:45] [run_formula] Running formula arbitrated_top_n3_w16_d128_e0 with K=31 up to limit 1600
[2025-12-12 07:57:15] [generate_cnf] Generating formula arbitrated_top_n3_w16_d128_e0 with K=32
[2025-12-12 07:57:18] [run_formula] Running formula arbitrated_top_n3_w16_d128_e0 with K=32 up to limit 1600
[2025-12-12 08:02:12] [generate_cnf] Generating formula arbitrated_top_n3_w16_d128_e0 with K=33
[2025-12-12 08:02:15] [run_formula] Running formula arbitrated_top_n3_w16_d128_e0 with K=33 up to limit 1600
[2025-12-12 08:08:01] [generate_cnf] Generating formula arbitrated_top_n3_w16_d128_e0 with K=34
[2025-12-12 08:08:05] [run_formula] Running formula arbitrated_top_n3_w16_d128_e0 with K=34 up to limit 1600
[2025-12-12 08:18:57] [generate_cnf] Generating formula arbitrated_top_n3_w16_d128_e0 with K=35
[2025-12-12 08:19:00] [run_formula] Running formula arbitrated_top_n3_w16_d128_e0 with K=35 up to limit 1600
[2025-12-12 08:30:59] [run_formula] Error running formula arbitrated_top_n3_w16_d128_e0 with K=35: [Errno 122] Disk quota exceeded: './results/solving_logs/arbitrated_top_n3_w16_d128_e0//arbitrated_top_n3_w16_d128_e0.35.log'
[2025-12-12 08:30:59] [generate_and_run_up_to_limit] Failed to run formula arbitrated_top_n3_w16_d128_e0 with K=35, halting
