CNF written.
CNF written.
CNF written.
CNF written.
CNF written.
CNF written.
CNF written.
CNF written.
CNF written.
CNF written.
CNF written.
CNF written.
CNF written.
CNF written.
CNF written.
CNF written.
CNF written.
CNF written.
CNF written.
CNF written.
CNF written.
CNF written.
CNF written.
CNF written.
CNF written.
CNF written.
CNF written.
CNF written.
CNF written.
CNF written.
CNF written.
CNF written.
CNF written.
CNF written.
CNF written.
CNF written.
CNF written.
CNF written.
CNF written.
CNF written.
CNF written.
CNF written.
CNF written.
CNF written.
CNF written.
CNF written.
CNF written.
CNF written.
CNF written.
CNF written.
CNF written.
CNF written.
CNF written.
CNF written.
CNF written.
CNF written.
CNF written.
CNF written.
CNF written.
CNF written.
CNF written.
CNF written.
CNF written.
CNF written.
CNF written.
CNF written.
CNF written.
CNF written.
CNF written.
CNF written.
CNF written.
CNF written.
CNF written.
CNF written.
CNF written.
CNF written.
CNF written.
CNF written.
CNF written.
CNF written.
CNF written.
CNF written.
CNF written.
CNF written.
CNF written.
CNF written.
CNF written.
CNF written.
CNF written.
CNF written.
CNF written.
CNF written.
CNF written.
CNF written.
CNF written.
CNF written.
CNF written.
CNF written.
CNF written.
CNF written.
CNF written.
CNF written.
CNF written.
CNF written.
CNF written.
CNF written.
CNF written.
CNF written.
CNF written.
CNF written.
CNF written.
CNF written.
CNF written.
CNF written.
CNF written.
CNF written.
CNF written.
CNF written.
CNF written.
CNF written.
CNF written.
CNF written.
CNF written.
CNF written.
CNF written.
CNF written.
CNF written.
CNF written.
CNF written.
CNF written.
CNF written.
CNF written.
CNF written.
CNF written.
CNF written.
CNF written.
CNF written.
CNF written.
CNF written.
CNF written.
CNF written.
CNF written.
CNF written.
CNF written.
CNF written.
CNF written.
CNF written.
CNF written.
CNF written.
CNF written.
CNF written.
CNF written.
CNF written.
CNF written.
CNF written.
CNF written.
CNF written.
CNF written.
CNF written.
CNF written.
CNF written.
CNF written.
CNF written.
CNF written.
CNF written.
CNF written.
CNF written.
CNF written.
CNF written.
CNF written.
CNF written.
CNF written.
CNF written.
CNF written.
CNF written.
CNF written.
CNF written.
CNF written.
CNF written.
CNF written.
CNF written.
CNF written.
CNF written.
CNF written.
CNF written.
CNF written.
CNF written.
CNF written.
CNF written.
CNF written.
CNF written.
CNF written.
CNF written.
CNF written.
CNF written.
CNF written.
CNF written.
CNF written.
CNF written.
CNF written.
CNF written.
CNF written.
CNF written.
CNF written.
CNF written.
CNF written.
CNF written.
CNF written.
CNF written.
CNF written.
CNF written.
CNF written.
CNF written.
CNF written.
CNF written.
CNF written.
CNF written.
CNF written.
CNF written.
CNF written.
CNF written.
CNF written.
CNF written.
CNF written.
CNF written.
CNF written.
CNF written.
CNF written.
CNF written.
CNF written.
CNF written.
CNF written.
CNF written.
CNF written.
CNF written.
CNF written.
CNF written.
CNF written.
CNF written.
CNF written.
CNF written.
CNF written.
CNF written.
CNF written.
CNF written.
CNF written.
CNF written.
CNF written.
CNF written.
CNF written.
CNF written.
CNF written.
CNF written.
CNF written.
CNF written.
CNF written.
CNF written.
CNF written.
CNF written.
CNF written.
CNF written.
CNF written.
CNF written.
CNF written.
CNF written.
CNF written.
CNF written.
CNF written.
CNF written.
CNF written.
CNF written.
CNF written.
CNF written.
CNF written.
CNF written.
CNF written.
CNF written.
CNF written.
CNF written.
CNF written.
CNF written.
CNF written.
CNF written.
CNF written.
CNF written.
CNF written.
CNF written.
CNF written.
CNF written.
CNF written.
CNF written.
CNF written.
CNF written.
CNF written.
CNF written.
CNF written.
CNF written.
CNF written.
CNF written.
CNF written.
CNF written.
CNF written.
CNF written.
CNF written.
CNF written.
CNF written.
CNF written.
CNF written.
CNF written.
CNF written.
CNF written.
CNF written.
CNF written.
CNF written.
CNF written.
CNF written.
CNF written.
CNF written.
CNF written.
CNF written.
CNF written.
CNF written.
CNF written.
CNF written.
CNF written.
CNF written.
CNF written.
CNF written.
CNF written.
CNF written.
CNF written.
CNF written.
CNF written.
CNF written.
CNF written.
CNF written.
CNF written.
CNF written.
CNF written.
CNF written.
CNF written.
CNF written.
CNF written.
CNF written.
CNF written.
CNF written.
CNF written.
CNF written.
CNF written.
CNF written.
CNF written.
CNF written.
CNF written.
CNF written.
CNF written.
CNF written.
CNF written.
CNF written.
CNF written.
CNF written.
CNF written.
[2025-12-12 07:00:38] [generate_and_run_up_to_limit] Generating and running arbitrated_top_n5_w64_d16_e0 with K<=500 up to limit 1600
[2025-12-12 07:00:38] [generate_cnf] Generating formula arbitrated_top_n5_w64_d16_e0 with K=1
[2025-12-12 07:00:38] [run_formula] Running formula arbitrated_top_n5_w64_d16_e0 with K=1 up to limit 1600
[2025-12-12 07:00:38] [generate_cnf] Generating formula arbitrated_top_n5_w64_d16_e0 with K=2
[2025-12-12 07:00:39] [run_formula] Running formula arbitrated_top_n5_w64_d16_e0 with K=2 up to limit 1600
[2025-12-12 07:00:39] [generate_cnf] Generating formula arbitrated_top_n5_w64_d16_e0 with K=3
[2025-12-12 07:00:39] [run_formula] Running formula arbitrated_top_n5_w64_d16_e0 with K=3 up to limit 1600
[2025-12-12 07:00:39] [generate_cnf] Generating formula arbitrated_top_n5_w64_d16_e0 with K=4
[2025-12-12 07:00:39] [run_formula] Running formula arbitrated_top_n5_w64_d16_e0 with K=4 up to limit 1600
[2025-12-12 07:00:40] [generate_cnf] Generating formula arbitrated_top_n5_w64_d16_e0 with K=5
[2025-12-12 07:00:40] [run_formula] Running formula arbitrated_top_n5_w64_d16_e0 with K=5 up to limit 1600
[2025-12-12 07:00:40] [generate_cnf] Generating formula arbitrated_top_n5_w64_d16_e0 with K=6
[2025-12-12 07:00:41] [run_formula] Running formula arbitrated_top_n5_w64_d16_e0 with K=6 up to limit 1600
[2025-12-12 07:00:41] [generate_cnf] Generating formula arbitrated_top_n5_w64_d16_e0 with K=7
[2025-12-12 07:00:41] [run_formula] Running formula arbitrated_top_n5_w64_d16_e0 with K=7 up to limit 1600
[2025-12-12 07:00:41] [generate_cnf] Generating formula arbitrated_top_n5_w64_d16_e0 with K=8
[2025-12-12 07:00:42] [run_formula] Running formula arbitrated_top_n5_w64_d16_e0 with K=8 up to limit 1600
[2025-12-12 07:00:42] [generate_cnf] Generating formula arbitrated_top_n5_w64_d16_e0 with K=9
[2025-12-12 07:00:43] [run_formula] Running formula arbitrated_top_n5_w64_d16_e0 with K=9 up to limit 1600
[2025-12-12 07:00:43] [generate_cnf] Generating formula arbitrated_top_n5_w64_d16_e0 with K=10
[2025-12-12 07:00:44] [run_formula] Running formula arbitrated_top_n5_w64_d16_e0 with K=10 up to limit 1600
[2025-12-12 07:00:45] [generate_cnf] Generating formula arbitrated_top_n5_w64_d16_e0 with K=11
[2025-12-12 07:00:46] [run_formula] Running formula arbitrated_top_n5_w64_d16_e0 with K=11 up to limit 1600
[2025-12-12 07:00:46] [generate_cnf] Generating formula arbitrated_top_n5_w64_d16_e0 with K=12
[2025-12-12 07:00:47] [run_formula] Running formula arbitrated_top_n5_w64_d16_e0 with K=12 up to limit 1600
[2025-12-12 07:00:49] [generate_cnf] Generating formula arbitrated_top_n5_w64_d16_e0 with K=13
[2025-12-12 07:00:50] [run_formula] Running formula arbitrated_top_n5_w64_d16_e0 with K=13 up to limit 1600
[2025-12-12 07:00:52] [generate_cnf] Generating formula arbitrated_top_n5_w64_d16_e0 with K=14
[2025-12-12 07:00:53] [run_formula] Running formula arbitrated_top_n5_w64_d16_e0 with K=14 up to limit 1600
[2025-12-12 07:00:56] [generate_cnf] Generating formula arbitrated_top_n5_w64_d16_e0 with K=15
[2025-12-12 07:00:57] [run_formula] Running formula arbitrated_top_n5_w64_d16_e0 with K=15 up to limit 1600
[2025-12-12 07:01:02] [generate_cnf] Generating formula arbitrated_top_n5_w64_d16_e0 with K=16
[2025-12-12 07:01:03] [run_formula] Running formula arbitrated_top_n5_w64_d16_e0 with K=16 up to limit 1600
[2025-12-12 07:01:08] [generate_cnf] Generating formula arbitrated_top_n5_w64_d16_e0 with K=17
[2025-12-12 07:01:09] [run_formula] Running formula arbitrated_top_n5_w64_d16_e0 with K=17 up to limit 1600
[2025-12-12 07:01:20] [generate_cnf] Generating formula arbitrated_top_n5_w64_d16_e0 with K=18
[2025-12-12 07:01:21] [run_formula] Running formula arbitrated_top_n5_w64_d16_e0 with K=18 up to limit 1600
[2025-12-12 07:01:21] [generate_cnf] Generating formula arbitrated_top_n5_w64_d16_e0 with K=19
[2025-12-12 07:01:22] [run_formula] Running formula arbitrated_top_n5_w64_d16_e0 with K=19 up to limit 1600
[2025-12-12 07:01:23] [generate_cnf] Generating formula arbitrated_top_n5_w64_d16_e0 with K=20
[2025-12-12 07:01:24] [run_formula] Running formula arbitrated_top_n5_w64_d16_e0 with K=20 up to limit 1600
[2025-12-12 07:01:24] [generate_cnf] Generating formula arbitrated_top_n5_w64_d16_e0 with K=21
[2025-12-12 07:01:26] [run_formula] Running formula arbitrated_top_n5_w64_d16_e0 with K=21 up to limit 1600
[2025-12-12 07:01:26] [generate_cnf] Generating formula arbitrated_top_n5_w64_d16_e0 with K=22
[2025-12-12 07:01:28] [run_formula] Running formula arbitrated_top_n5_w64_d16_e0 with K=22 up to limit 1600
[2025-12-12 07:01:28] [generate_cnf] Generating formula arbitrated_top_n5_w64_d16_e0 with K=23
[2025-12-12 07:01:30] [run_formula] Running formula arbitrated_top_n5_w64_d16_e0 with K=23 up to limit 1600
[2025-12-12 07:01:30] [generate_cnf] Generating formula arbitrated_top_n5_w64_d16_e0 with K=24
[2025-12-12 07:01:32] [run_formula] Running formula arbitrated_top_n5_w64_d16_e0 with K=24 up to limit 1600
[2025-12-12 07:01:32] [generate_cnf] Generating formula arbitrated_top_n5_w64_d16_e0 with K=25
[2025-12-12 07:01:34] [run_formula] Running formula arbitrated_top_n5_w64_d16_e0 with K=25 up to limit 1600
[2025-12-12 07:01:34] [generate_cnf] Generating formula arbitrated_top_n5_w64_d16_e0 with K=26
[2025-12-12 07:01:36] [run_formula] Running formula arbitrated_top_n5_w64_d16_e0 with K=26 up to limit 1600
[2025-12-12 07:01:36] [generate_cnf] Generating formula arbitrated_top_n5_w64_d16_e0 with K=27
[2025-12-12 07:01:38] [run_formula] Running formula arbitrated_top_n5_w64_d16_e0 with K=27 up to limit 1600
[2025-12-12 07:01:39] [generate_cnf] Generating formula arbitrated_top_n5_w64_d16_e0 with K=28
[2025-12-12 07:01:40] [run_formula] Running formula arbitrated_top_n5_w64_d16_e0 with K=28 up to limit 1600
[2025-12-12 07:01:41] [generate_cnf] Generating formula arbitrated_top_n5_w64_d16_e0 with K=29
[2025-12-12 07:01:43] [run_formula] Running formula arbitrated_top_n5_w64_d16_e0 with K=29 up to limit 1600
[2025-12-12 07:01:43] [generate_cnf] Generating formula arbitrated_top_n5_w64_d16_e0 with K=30
[2025-12-12 07:01:45] [run_formula] Running formula arbitrated_top_n5_w64_d16_e0 with K=30 up to limit 1600
[2025-12-12 07:01:46] [generate_cnf] Generating formula arbitrated_top_n5_w64_d16_e0 with K=31
[2025-12-12 07:01:48] [run_formula] Running formula arbitrated_top_n5_w64_d16_e0 with K=31 up to limit 1600
[2025-12-12 07:01:49] [generate_cnf] Generating formula arbitrated_top_n5_w64_d16_e0 with K=32
[2025-12-12 07:01:51] [run_formula] Running formula arbitrated_top_n5_w64_d16_e0 with K=32 up to limit 1600
[2025-12-12 07:01:51] [generate_cnf] Generating formula arbitrated_top_n5_w64_d16_e0 with K=33
[2025-12-12 07:01:53] [run_formula] Running formula arbitrated_top_n5_w64_d16_e0 with K=33 up to limit 1600
[2025-12-12 07:01:54] [generate_cnf] Generating formula arbitrated_top_n5_w64_d16_e0 with K=34
[2025-12-12 07:01:56] [run_formula] Running formula arbitrated_top_n5_w64_d16_e0 with K=34 up to limit 1600
[2025-12-12 07:01:57] [generate_cnf] Generating formula arbitrated_top_n5_w64_d16_e0 with K=35
[2025-12-12 07:01:59] [run_formula] Running formula arbitrated_top_n5_w64_d16_e0 with K=35 up to limit 1600
[2025-12-12 07:02:00] [generate_cnf] Generating formula arbitrated_top_n5_w64_d16_e0 with K=36
[2025-12-12 07:02:02] [run_formula] Running formula arbitrated_top_n5_w64_d16_e0 with K=36 up to limit 1600
[2025-12-12 07:02:03] [generate_cnf] Generating formula arbitrated_top_n5_w64_d16_e0 with K=37
[2025-12-12 07:02:05] [run_formula] Running formula arbitrated_top_n5_w64_d16_e0 with K=37 up to limit 1600
[2025-12-12 07:02:06] [generate_cnf] Generating formula arbitrated_top_n5_w64_d16_e0 with K=38
[2025-12-12 07:02:08] [run_formula] Running formula arbitrated_top_n5_w64_d16_e0 with K=38 up to limit 1600
[2025-12-12 07:02:09] [generate_cnf] Generating formula arbitrated_top_n5_w64_d16_e0 with K=39
[2025-12-12 07:02:11] [run_formula] Running formula arbitrated_top_n5_w64_d16_e0 with K=39 up to limit 1600
[2025-12-12 07:02:12] [generate_cnf] Generating formula arbitrated_top_n5_w64_d16_e0 with K=40
[2025-12-12 07:02:15] [run_formula] Running formula arbitrated_top_n5_w64_d16_e0 with K=40 up to limit 1600
[2025-12-12 07:02:15] [generate_cnf] Generating formula arbitrated_top_n5_w64_d16_e0 with K=41
[2025-12-12 07:02:18] [run_formula] Running formula arbitrated_top_n5_w64_d16_e0 with K=41 up to limit 1600
[2025-12-12 07:02:19] [generate_cnf] Generating formula arbitrated_top_n5_w64_d16_e0 with K=42
[2025-12-12 07:02:21] [run_formula] Running formula arbitrated_top_n5_w64_d16_e0 with K=42 up to limit 1600
[2025-12-12 07:02:22] [generate_cnf] Generating formula arbitrated_top_n5_w64_d16_e0 with K=43
[2025-12-12 07:02:25] [run_formula] Running formula arbitrated_top_n5_w64_d16_e0 with K=43 up to limit 1600
[2025-12-12 07:02:26] [generate_cnf] Generating formula arbitrated_top_n5_w64_d16_e0 with K=44
[2025-12-12 07:02:28] [run_formula] Running formula arbitrated_top_n5_w64_d16_e0 with K=44 up to limit 1600
[2025-12-12 07:02:29] [generate_cnf] Generating formula arbitrated_top_n5_w64_d16_e0 with K=45
[2025-12-12 07:02:32] [run_formula] Running formula arbitrated_top_n5_w64_d16_e0 with K=45 up to limit 1600
[2025-12-12 07:02:33] [generate_cnf] Generating formula arbitrated_top_n5_w64_d16_e0 with K=46
[2025-12-12 07:02:36] [run_formula] Running formula arbitrated_top_n5_w64_d16_e0 with K=46 up to limit 1600
[2025-12-12 07:02:37] [generate_cnf] Generating formula arbitrated_top_n5_w64_d16_e0 with K=47
[2025-12-12 07:02:40] [run_formula] Running formula arbitrated_top_n5_w64_d16_e0 with K=47 up to limit 1600
[2025-12-12 07:02:40] [generate_cnf] Generating formula arbitrated_top_n5_w64_d16_e0 with K=48
[2025-12-12 07:02:44] [run_formula] Running formula arbitrated_top_n5_w64_d16_e0 with K=48 up to limit 1600
[2025-12-12 07:02:45] [generate_cnf] Generating formula arbitrated_top_n5_w64_d16_e0 with K=49
[2025-12-12 07:02:48] [run_formula] Running formula arbitrated_top_n5_w64_d16_e0 with K=49 up to limit 1600
[2025-12-12 07:02:49] [generate_cnf] Generating formula arbitrated_top_n5_w64_d16_e0 with K=50
[2025-12-12 07:02:52] [run_formula] Running formula arbitrated_top_n5_w64_d16_e0 with K=50 up to limit 1600
[2025-12-12 07:02:53] [generate_cnf] Generating formula arbitrated_top_n5_w64_d16_e0 with K=51
[2025-12-12 07:02:56] [run_formula] Running formula arbitrated_top_n5_w64_d16_e0 with K=51 up to limit 1600
[2025-12-12 07:02:57] [generate_cnf] Generating formula arbitrated_top_n5_w64_d16_e0 with K=52
[2025-12-12 07:03:01] [run_formula] Running formula arbitrated_top_n5_w64_d16_e0 with K=52 up to limit 1600
[2025-12-12 07:03:02] [generate_cnf] Generating formula arbitrated_top_n5_w64_d16_e0 with K=53
[2025-12-12 07:03:05] [run_formula] Running formula arbitrated_top_n5_w64_d16_e0 with K=53 up to limit 1600
[2025-12-12 07:03:06] [generate_cnf] Generating formula arbitrated_top_n5_w64_d16_e0 with K=54
[2025-12-12 07:03:09] [run_formula] Running formula arbitrated_top_n5_w64_d16_e0 with K=54 up to limit 1600
[2025-12-12 07:03:10] [generate_cnf] Generating formula arbitrated_top_n5_w64_d16_e0 with K=55
[2025-12-12 07:03:14] [run_formula] Running formula arbitrated_top_n5_w64_d16_e0 with K=55 up to limit 1600
[2025-12-12 07:03:15] [generate_cnf] Generating formula arbitrated_top_n5_w64_d16_e0 with K=56
[2025-12-12 07:03:18] [run_formula] Running formula arbitrated_top_n5_w64_d16_e0 with K=56 up to limit 1600
[2025-12-12 07:03:19] [generate_cnf] Generating formula arbitrated_top_n5_w64_d16_e0 with K=57
[2025-12-12 07:03:23] [run_formula] Running formula arbitrated_top_n5_w64_d16_e0 with K=57 up to limit 1600
[2025-12-12 07:03:24] [generate_cnf] Generating formula arbitrated_top_n5_w64_d16_e0 with K=58
[2025-12-12 07:03:28] [run_formula] Running formula arbitrated_top_n5_w64_d16_e0 with K=58 up to limit 1600
[2025-12-12 07:03:29] [generate_cnf] Generating formula arbitrated_top_n5_w64_d16_e0 with K=59
[2025-12-12 07:03:33] [run_formula] Running formula arbitrated_top_n5_w64_d16_e0 with K=59 up to limit 1600
[2025-12-12 07:03:34] [generate_cnf] Generating formula arbitrated_top_n5_w64_d16_e0 with K=60
[2025-12-12 07:03:38] [run_formula] Running formula arbitrated_top_n5_w64_d16_e0 with K=60 up to limit 1600
[2025-12-12 07:03:39] [generate_cnf] Generating formula arbitrated_top_n5_w64_d16_e0 with K=61
[2025-12-12 07:03:43] [run_formula] Running formula arbitrated_top_n5_w64_d16_e0 with K=61 up to limit 1600
[2025-12-12 07:03:44] [generate_cnf] Generating formula arbitrated_top_n5_w64_d16_e0 with K=62
[2025-12-12 07:03:48] [run_formula] Running formula arbitrated_top_n5_w64_d16_e0 with K=62 up to limit 1600
[2025-12-12 07:03:49] [generate_cnf] Generating formula arbitrated_top_n5_w64_d16_e0 with K=63
[2025-12-12 07:03:53] [run_formula] Running formula arbitrated_top_n5_w64_d16_e0 with K=63 up to limit 1600
[2025-12-12 07:03:54] [generate_cnf] Generating formula arbitrated_top_n5_w64_d16_e0 with K=64
[2025-12-12 07:03:58] [run_formula] Running formula arbitrated_top_n5_w64_d16_e0 with K=64 up to limit 1600
[2025-12-12 07:03:59] [generate_cnf] Generating formula arbitrated_top_n5_w64_d16_e0 with K=65
[2025-12-12 07:04:03] [run_formula] Running formula arbitrated_top_n5_w64_d16_e0 with K=65 up to limit 1600
[2025-12-12 07:04:05] [generate_cnf] Generating formula arbitrated_top_n5_w64_d16_e0 with K=66
[2025-12-12 07:04:09] [run_formula] Running formula arbitrated_top_n5_w64_d16_e0 with K=66 up to limit 1600
[2025-12-12 07:04:10] [generate_cnf] Generating formula arbitrated_top_n5_w64_d16_e0 with K=67
[2025-12-12 07:04:14] [run_formula] Running formula arbitrated_top_n5_w64_d16_e0 with K=67 up to limit 1600
[2025-12-12 07:04:15] [generate_cnf] Generating formula arbitrated_top_n5_w64_d16_e0 with K=68
[2025-12-12 07:04:20] [run_formula] Running formula arbitrated_top_n5_w64_d16_e0 with K=68 up to limit 1600
[2025-12-12 07:04:21] [generate_cnf] Generating formula arbitrated_top_n5_w64_d16_e0 with K=69
[2025-12-12 07:04:25] [run_formula] Running formula arbitrated_top_n5_w64_d16_e0 with K=69 up to limit 1600
[2025-12-12 07:04:27] [generate_cnf] Generating formula arbitrated_top_n5_w64_d16_e0 with K=70
[2025-12-12 07:04:31] [run_formula] Running formula arbitrated_top_n5_w64_d16_e0 with K=70 up to limit 1600
[2025-12-12 07:04:32] [generate_cnf] Generating formula arbitrated_top_n5_w64_d16_e0 with K=71
[2025-12-12 07:04:37] [run_formula] Running formula arbitrated_top_n5_w64_d16_e0 with K=71 up to limit 1600
[2025-12-12 07:04:38] [generate_cnf] Generating formula arbitrated_top_n5_w64_d16_e0 with K=72
[2025-12-12 07:04:43] [run_formula] Running formula arbitrated_top_n5_w64_d16_e0 with K=72 up to limit 1600
[2025-12-12 07:04:44] [generate_cnf] Generating formula arbitrated_top_n5_w64_d16_e0 with K=73
[2025-12-12 07:04:49] [run_formula] Running formula arbitrated_top_n5_w64_d16_e0 with K=73 up to limit 1600
[2025-12-12 07:04:50] [generate_cnf] Generating formula arbitrated_top_n5_w64_d16_e0 with K=74
[2025-12-12 07:04:55] [run_formula] Running formula arbitrated_top_n5_w64_d16_e0 with K=74 up to limit 1600
[2025-12-12 07:04:56] [generate_cnf] Generating formula arbitrated_top_n5_w64_d16_e0 with K=75
[2025-12-12 07:05:01] [run_formula] Running formula arbitrated_top_n5_w64_d16_e0 with K=75 up to limit 1600
[2025-12-12 07:05:02] [generate_cnf] Generating formula arbitrated_top_n5_w64_d16_e0 with K=76
[2025-12-12 07:05:07] [run_formula] Running formula arbitrated_top_n5_w64_d16_e0 with K=76 up to limit 1600
[2025-12-12 07:05:08] [generate_cnf] Generating formula arbitrated_top_n5_w64_d16_e0 with K=77
[2025-12-12 07:05:13] [run_formula] Running formula arbitrated_top_n5_w64_d16_e0 with K=77 up to limit 1600
[2025-12-12 07:05:15] [generate_cnf] Generating formula arbitrated_top_n5_w64_d16_e0 with K=78
[2025-12-12 07:05:20] [run_formula] Running formula arbitrated_top_n5_w64_d16_e0 with K=78 up to limit 1600
[2025-12-12 07:05:21] [generate_cnf] Generating formula arbitrated_top_n5_w64_d16_e0 with K=79
[2025-12-12 07:05:26] [run_formula] Running formula arbitrated_top_n5_w64_d16_e0 with K=79 up to limit 1600
[2025-12-12 07:05:27] [generate_cnf] Generating formula arbitrated_top_n5_w64_d16_e0 with K=80
[2025-12-12 07:05:33] [run_formula] Running formula arbitrated_top_n5_w64_d16_e0 with K=80 up to limit 1600
[2025-12-12 07:05:34] [generate_cnf] Generating formula arbitrated_top_n5_w64_d16_e0 with K=81
[2025-12-12 07:05:39] [run_formula] Running formula arbitrated_top_n5_w64_d16_e0 with K=81 up to limit 1600
[2025-12-12 07:05:41] [generate_cnf] Generating formula arbitrated_top_n5_w64_d16_e0 with K=82
[2025-12-12 07:05:46] [run_formula] Running formula arbitrated_top_n5_w64_d16_e0 with K=82 up to limit 1600
[2025-12-12 07:05:47] [generate_cnf] Generating formula arbitrated_top_n5_w64_d16_e0 with K=83
[2025-12-12 07:05:53] [run_formula] Running formula arbitrated_top_n5_w64_d16_e0 with K=83 up to limit 1600
[2025-12-12 07:05:54] [generate_cnf] Generating formula arbitrated_top_n5_w64_d16_e0 with K=84
[2025-12-12 07:05:59] [run_formula] Running formula arbitrated_top_n5_w64_d16_e0 with K=84 up to limit 1600
[2025-12-12 07:06:01] [generate_cnf] Generating formula arbitrated_top_n5_w64_d16_e0 with K=85
[2025-12-12 07:06:06] [run_formula] Running formula arbitrated_top_n5_w64_d16_e0 with K=85 up to limit 1600
[2025-12-12 07:06:08] [generate_cnf] Generating formula arbitrated_top_n5_w64_d16_e0 with K=86
[2025-12-12 07:06:13] [run_formula] Running formula arbitrated_top_n5_w64_d16_e0 with K=86 up to limit 1600
[2025-12-12 07:06:15] [generate_cnf] Generating formula arbitrated_top_n5_w64_d16_e0 with K=87
[2025-12-12 07:06:20] [run_formula] Running formula arbitrated_top_n5_w64_d16_e0 with K=87 up to limit 1600
[2025-12-12 07:06:22] [generate_cnf] Generating formula arbitrated_top_n5_w64_d16_e0 with K=88
[2025-12-12 07:06:28] [run_formula] Running formula arbitrated_top_n5_w64_d16_e0 with K=88 up to limit 1600
[2025-12-12 07:06:29] [generate_cnf] Generating formula arbitrated_top_n5_w64_d16_e0 with K=89
[2025-12-12 07:06:35] [run_formula] Running formula arbitrated_top_n5_w64_d16_e0 with K=89 up to limit 1600
[2025-12-12 07:06:36] [generate_cnf] Generating formula arbitrated_top_n5_w64_d16_e0 with K=90
[2025-12-12 07:06:42] [run_formula] Running formula arbitrated_top_n5_w64_d16_e0 with K=90 up to limit 1600
[2025-12-12 07:06:44] [generate_cnf] Generating formula arbitrated_top_n5_w64_d16_e0 with K=91
[2025-12-12 07:06:50] [run_formula] Running formula arbitrated_top_n5_w64_d16_e0 with K=91 up to limit 1600
[2025-12-12 07:06:51] [generate_cnf] Generating formula arbitrated_top_n5_w64_d16_e0 with K=92
[2025-12-12 07:06:57] [run_formula] Running formula arbitrated_top_n5_w64_d16_e0 with K=92 up to limit 1600
[2025-12-12 07:06:59] [generate_cnf] Generating formula arbitrated_top_n5_w64_d16_e0 with K=93
[2025-12-12 07:07:05] [run_formula] Running formula arbitrated_top_n5_w64_d16_e0 with K=93 up to limit 1600
[2025-12-12 07:07:07] [generate_cnf] Generating formula arbitrated_top_n5_w64_d16_e0 with K=94
[2025-12-12 07:07:13] [run_formula] Running formula arbitrated_top_n5_w64_d16_e0 with K=94 up to limit 1600
[2025-12-12 07:07:14] [generate_cnf] Generating formula arbitrated_top_n5_w64_d16_e0 with K=95
[2025-12-12 07:07:21] [run_formula] Running formula arbitrated_top_n5_w64_d16_e0 with K=95 up to limit 1600
[2025-12-12 07:07:22] [generate_cnf] Generating formula arbitrated_top_n5_w64_d16_e0 with K=96
[2025-12-12 07:07:28] [run_formula] Running formula arbitrated_top_n5_w64_d16_e0 with K=96 up to limit 1600
[2025-12-12 07:07:30] [generate_cnf] Generating formula arbitrated_top_n5_w64_d16_e0 with K=97
[2025-12-12 07:07:36] [run_formula] Running formula arbitrated_top_n5_w64_d16_e0 with K=97 up to limit 1600
[2025-12-12 07:07:38] [generate_cnf] Generating formula arbitrated_top_n5_w64_d16_e0 with K=98
[2025-12-12 07:07:44] [run_formula] Running formula arbitrated_top_n5_w64_d16_e0 with K=98 up to limit 1600
[2025-12-12 07:07:46] [generate_cnf] Generating formula arbitrated_top_n5_w64_d16_e0 with K=99
[2025-12-12 07:07:52] [run_formula] Running formula arbitrated_top_n5_w64_d16_e0 with K=99 up to limit 1600
[2025-12-12 07:07:54] [generate_cnf] Generating formula arbitrated_top_n5_w64_d16_e0 with K=100
[2025-12-12 07:08:00] [run_formula] Running formula arbitrated_top_n5_w64_d16_e0 with K=100 up to limit 1600
[2025-12-12 07:08:02] [generate_cnf] Generating formula arbitrated_top_n5_w64_d16_e0 with K=101
[2025-12-12 07:08:08] [run_formula] Running formula arbitrated_top_n5_w64_d16_e0 with K=101 up to limit 1600
[2025-12-12 07:08:10] [generate_cnf] Generating formula arbitrated_top_n5_w64_d16_e0 with K=102
[2025-12-12 07:08:17] [run_formula] Running formula arbitrated_top_n5_w64_d16_e0 with K=102 up to limit 1600
[2025-12-12 07:08:19] [generate_cnf] Generating formula arbitrated_top_n5_w64_d16_e0 with K=103
[2025-12-12 07:08:25] [run_formula] Running formula arbitrated_top_n5_w64_d16_e0 with K=103 up to limit 1600
[2025-12-12 07:08:27] [generate_cnf] Generating formula arbitrated_top_n5_w64_d16_e0 with K=104
[2025-12-12 07:08:34] [run_formula] Running formula arbitrated_top_n5_w64_d16_e0 with K=104 up to limit 1600
[2025-12-12 07:08:36] [generate_cnf] Generating formula arbitrated_top_n5_w64_d16_e0 with K=105
[2025-12-12 07:08:42] [run_formula] Running formula arbitrated_top_n5_w64_d16_e0 with K=105 up to limit 1600
[2025-12-12 07:08:44] [generate_cnf] Generating formula arbitrated_top_n5_w64_d16_e0 with K=106
[2025-12-12 07:08:51] [run_formula] Running formula arbitrated_top_n5_w64_d16_e0 with K=106 up to limit 1600
[2025-12-12 07:08:53] [generate_cnf] Generating formula arbitrated_top_n5_w64_d16_e0 with K=107
[2025-12-12 07:09:00] [run_formula] Running formula arbitrated_top_n5_w64_d16_e0 with K=107 up to limit 1600
[2025-12-12 07:09:01] [generate_cnf] Generating formula arbitrated_top_n5_w64_d16_e0 with K=108
[2025-12-12 07:09:09] [run_formula] Running formula arbitrated_top_n5_w64_d16_e0 with K=108 up to limit 1600
[2025-12-12 07:09:11] [generate_cnf] Generating formula arbitrated_top_n5_w64_d16_e0 with K=109
[2025-12-12 07:09:18] [run_formula] Running formula arbitrated_top_n5_w64_d16_e0 with K=109 up to limit 1600
[2025-12-12 07:09:20] [generate_cnf] Generating formula arbitrated_top_n5_w64_d16_e0 with K=110
[2025-12-12 07:09:27] [run_formula] Running formula arbitrated_top_n5_w64_d16_e0 with K=110 up to limit 1600
[2025-12-12 07:09:29] [generate_cnf] Generating formula arbitrated_top_n5_w64_d16_e0 with K=111
[2025-12-12 07:09:36] [run_formula] Running formula arbitrated_top_n5_w64_d16_e0 with K=111 up to limit 1600
[2025-12-12 07:09:38] [generate_cnf] Generating formula arbitrated_top_n5_w64_d16_e0 with K=112
[2025-12-12 07:09:45] [run_formula] Running formula arbitrated_top_n5_w64_d16_e0 with K=112 up to limit 1600
[2025-12-12 07:09:47] [generate_cnf] Generating formula arbitrated_top_n5_w64_d16_e0 with K=113
[2025-12-12 07:09:54] [run_formula] Running formula arbitrated_top_n5_w64_d16_e0 with K=113 up to limit 1600
[2025-12-12 07:09:56] [generate_cnf] Generating formula arbitrated_top_n5_w64_d16_e0 with K=114
[2025-12-12 07:10:04] [run_formula] Running formula arbitrated_top_n5_w64_d16_e0 with K=114 up to limit 1600
[2025-12-12 07:10:06] [generate_cnf] Generating formula arbitrated_top_n5_w64_d16_e0 with K=115
[2025-12-12 07:10:13] [run_formula] Running formula arbitrated_top_n5_w64_d16_e0 with K=115 up to limit 1600
[2025-12-12 07:10:15] [generate_cnf] Generating formula arbitrated_top_n5_w64_d16_e0 with K=116
[2025-12-12 07:10:23] [run_formula] Running formula arbitrated_top_n5_w64_d16_e0 with K=116 up to limit 1600
[2025-12-12 07:10:25] [generate_cnf] Generating formula arbitrated_top_n5_w64_d16_e0 with K=117
[2025-12-12 07:10:32] [run_formula] Running formula arbitrated_top_n5_w64_d16_e0 with K=117 up to limit 1600
[2025-12-12 07:10:34] [generate_cnf] Generating formula arbitrated_top_n5_w64_d16_e0 with K=118
[2025-12-12 07:10:42] [run_formula] Running formula arbitrated_top_n5_w64_d16_e0 with K=118 up to limit 1600
[2025-12-12 07:10:44] [generate_cnf] Generating formula arbitrated_top_n5_w64_d16_e0 with K=119
[2025-12-12 07:10:51] [run_formula] Running formula arbitrated_top_n5_w64_d16_e0 with K=119 up to limit 1600
[2025-12-12 07:10:53] [generate_cnf] Generating formula arbitrated_top_n5_w64_d16_e0 with K=120
[2025-12-12 07:11:01] [run_formula] Running formula arbitrated_top_n5_w64_d16_e0 with K=120 up to limit 1600
[2025-12-12 07:11:03] [generate_cnf] Generating formula arbitrated_top_n5_w64_d16_e0 with K=121
[2025-12-12 07:11:10] [run_formula] Running formula arbitrated_top_n5_w64_d16_e0 with K=121 up to limit 1600
[2025-12-12 07:11:13] [generate_cnf] Generating formula arbitrated_top_n5_w64_d16_e0 with K=122
[2025-12-12 07:11:20] [run_formula] Running formula arbitrated_top_n5_w64_d16_e0 with K=122 up to limit 1600
[2025-12-12 07:11:22] [generate_cnf] Generating formula arbitrated_top_n5_w64_d16_e0 with K=123
[2025-12-12 07:11:30] [run_formula] Running formula arbitrated_top_n5_w64_d16_e0 with K=123 up to limit 1600
[2025-12-12 07:11:32] [generate_cnf] Generating formula arbitrated_top_n5_w64_d16_e0 with K=124
[2025-12-12 07:11:40] [run_formula] Running formula arbitrated_top_n5_w64_d16_e0 with K=124 up to limit 1600
[2025-12-12 07:11:42] [generate_cnf] Generating formula arbitrated_top_n5_w64_d16_e0 with K=125
[2025-12-12 07:11:56] [run_formula] Running formula arbitrated_top_n5_w64_d16_e0 with K=125 up to limit 1600
[2025-12-12 07:11:58] [generate_cnf] Generating formula arbitrated_top_n5_w64_d16_e0 with K=126
[2025-12-12 07:12:10] [run_formula] Running formula arbitrated_top_n5_w64_d16_e0 with K=126 up to limit 1600
[2025-12-12 07:12:12] [generate_cnf] Generating formula arbitrated_top_n5_w64_d16_e0 with K=127
[2025-12-12 07:12:20] [run_formula] Running formula arbitrated_top_n5_w64_d16_e0 with K=127 up to limit 1600
[2025-12-12 07:12:23] [generate_cnf] Generating formula arbitrated_top_n5_w64_d16_e0 with K=128
[2025-12-12 07:12:31] [run_formula] Running formula arbitrated_top_n5_w64_d16_e0 with K=128 up to limit 1600
[2025-12-12 07:12:33] [generate_cnf] Generating formula arbitrated_top_n5_w64_d16_e0 with K=129
[2025-12-12 07:12:41] [run_formula] Running formula arbitrated_top_n5_w64_d16_e0 with K=129 up to limit 1600
[2025-12-12 07:12:43] [generate_cnf] Generating formula arbitrated_top_n5_w64_d16_e0 with K=130
[2025-12-12 07:12:52] [run_formula] Running formula arbitrated_top_n5_w64_d16_e0 with K=130 up to limit 1600
[2025-12-12 07:12:54] [generate_cnf] Generating formula arbitrated_top_n5_w64_d16_e0 with K=131
[2025-12-12 07:13:02] [run_formula] Running formula arbitrated_top_n5_w64_d16_e0 with K=131 up to limit 1600
[2025-12-12 07:13:04] [generate_cnf] Generating formula arbitrated_top_n5_w64_d16_e0 with K=132
[2025-12-12 07:13:13] [run_formula] Running formula arbitrated_top_n5_w64_d16_e0 with K=132 up to limit 1600
[2025-12-12 07:13:15] [generate_cnf] Generating formula arbitrated_top_n5_w64_d16_e0 with K=133
[2025-12-12 07:13:23] [run_formula] Running formula arbitrated_top_n5_w64_d16_e0 with K=133 up to limit 1600
[2025-12-12 07:13:26] [generate_cnf] Generating formula arbitrated_top_n5_w64_d16_e0 with K=134
[2025-12-12 07:13:34] [run_formula] Running formula arbitrated_top_n5_w64_d16_e0 with K=134 up to limit 1600
[2025-12-12 07:13:36] [generate_cnf] Generating formula arbitrated_top_n5_w64_d16_e0 with K=135
[2025-12-12 07:13:45] [run_formula] Running formula arbitrated_top_n5_w64_d16_e0 with K=135 up to limit 1600
[2025-12-12 07:13:47] [generate_cnf] Generating formula arbitrated_top_n5_w64_d16_e0 with K=136
[2025-12-12 07:13:56] [run_formula] Running formula arbitrated_top_n5_w64_d16_e0 with K=136 up to limit 1600
[2025-12-12 07:13:58] [generate_cnf] Generating formula arbitrated_top_n5_w64_d16_e0 with K=137
[2025-12-12 07:14:07] [run_formula] Running formula arbitrated_top_n5_w64_d16_e0 with K=137 up to limit 1600
[2025-12-12 07:14:09] [generate_cnf] Generating formula arbitrated_top_n5_w64_d16_e0 with K=138
[2025-12-12 07:14:18] [run_formula] Running formula arbitrated_top_n5_w64_d16_e0 with K=138 up to limit 1600
[2025-12-12 07:14:20] [generate_cnf] Generating formula arbitrated_top_n5_w64_d16_e0 with K=139
[2025-12-12 07:14:29] [run_formula] Running formula arbitrated_top_n5_w64_d16_e0 with K=139 up to limit 1600
[2025-12-12 07:14:31] [generate_cnf] Generating formula arbitrated_top_n5_w64_d16_e0 with K=140
[2025-12-12 07:14:40] [run_formula] Running formula arbitrated_top_n5_w64_d16_e0 with K=140 up to limit 1600
[2025-12-12 07:14:42] [generate_cnf] Generating formula arbitrated_top_n5_w64_d16_e0 with K=141
[2025-12-12 07:14:51] [run_formula] Running formula arbitrated_top_n5_w64_d16_e0 with K=141 up to limit 1600
[2025-12-12 07:14:53] [generate_cnf] Generating formula arbitrated_top_n5_w64_d16_e0 with K=142
[2025-12-12 07:15:02] [run_formula] Running formula arbitrated_top_n5_w64_d16_e0 with K=142 up to limit 1600
[2025-12-12 07:15:04] [generate_cnf] Generating formula arbitrated_top_n5_w64_d16_e0 with K=143
[2025-12-12 07:15:13] [run_formula] Running formula arbitrated_top_n5_w64_d16_e0 with K=143 up to limit 1600
[2025-12-12 07:15:16] [generate_cnf] Generating formula arbitrated_top_n5_w64_d16_e0 with K=144
[2025-12-12 07:15:24] [run_formula] Running formula arbitrated_top_n5_w64_d16_e0 with K=144 up to limit 1600
[2025-12-12 07:15:27] [generate_cnf] Generating formula arbitrated_top_n5_w64_d16_e0 with K=145
[2025-12-12 07:15:36] [run_formula] Running formula arbitrated_top_n5_w64_d16_e0 with K=145 up to limit 1600
[2025-12-12 07:15:39] [generate_cnf] Generating formula arbitrated_top_n5_w64_d16_e0 with K=146
[2025-12-12 07:15:48] [run_formula] Running formula arbitrated_top_n5_w64_d16_e0 with K=146 up to limit 1600
[2025-12-12 07:15:51] [generate_cnf] Generating formula arbitrated_top_n5_w64_d16_e0 with K=147
[2025-12-12 07:16:00] [run_formula] Running formula arbitrated_top_n5_w64_d16_e0 with K=147 up to limit 1600
[2025-12-12 07:16:02] [generate_cnf] Generating formula arbitrated_top_n5_w64_d16_e0 with K=148
[2025-12-12 07:16:12] [run_formula] Running formula arbitrated_top_n5_w64_d16_e0 with K=148 up to limit 1600
[2025-12-12 07:16:14] [generate_cnf] Generating formula arbitrated_top_n5_w64_d16_e0 with K=149
[2025-12-12 07:16:23] [run_formula] Running formula arbitrated_top_n5_w64_d16_e0 with K=149 up to limit 1600
[2025-12-12 07:16:26] [generate_cnf] Generating formula arbitrated_top_n5_w64_d16_e0 with K=150
[2025-12-12 07:16:35] [run_formula] Running formula arbitrated_top_n5_w64_d16_e0 with K=150 up to limit 1600
[2025-12-12 07:16:38] [generate_cnf] Generating formula arbitrated_top_n5_w64_d16_e0 with K=151
[2025-12-12 07:16:47] [run_formula] Running formula arbitrated_top_n5_w64_d16_e0 with K=151 up to limit 1600
[2025-12-12 07:16:50] [generate_cnf] Generating formula arbitrated_top_n5_w64_d16_e0 with K=152
[2025-12-12 07:16:59] [run_formula] Running formula arbitrated_top_n5_w64_d16_e0 with K=152 up to limit 1600
[2025-12-12 07:17:02] [generate_cnf] Generating formula arbitrated_top_n5_w64_d16_e0 with K=153
[2025-12-12 07:17:11] [run_formula] Running formula arbitrated_top_n5_w64_d16_e0 with K=153 up to limit 1600
[2025-12-12 07:17:14] [generate_cnf] Generating formula arbitrated_top_n5_w64_d16_e0 with K=154
[2025-12-12 07:17:23] [run_formula] Running formula arbitrated_top_n5_w64_d16_e0 with K=154 up to limit 1600
[2025-12-12 07:17:26] [generate_cnf] Generating formula arbitrated_top_n5_w64_d16_e0 with K=155
[2025-12-12 07:17:36] [run_formula] Running formula arbitrated_top_n5_w64_d16_e0 with K=155 up to limit 1600
[2025-12-12 07:17:38] [generate_cnf] Generating formula arbitrated_top_n5_w64_d16_e0 with K=156
[2025-12-12 07:17:48] [run_formula] Running formula arbitrated_top_n5_w64_d16_e0 with K=156 up to limit 1600
[2025-12-12 07:17:51] [generate_cnf] Generating formula arbitrated_top_n5_w64_d16_e0 with K=157
[2025-12-12 07:18:01] [run_formula] Running formula arbitrated_top_n5_w64_d16_e0 with K=157 up to limit 1600
[2025-12-12 07:18:04] [generate_cnf] Generating formula arbitrated_top_n5_w64_d16_e0 with K=158
[2025-12-12 07:18:14] [run_formula] Running formula arbitrated_top_n5_w64_d16_e0 with K=158 up to limit 1600
[2025-12-12 07:18:16] [generate_cnf] Generating formula arbitrated_top_n5_w64_d16_e0 with K=159
[2025-12-12 07:18:26] [run_formula] Running formula arbitrated_top_n5_w64_d16_e0 with K=159 up to limit 1600
[2025-12-12 07:18:29] [generate_cnf] Generating formula arbitrated_top_n5_w64_d16_e0 with K=160
[2025-12-12 07:18:39] [run_formula] Running formula arbitrated_top_n5_w64_d16_e0 with K=160 up to limit 1600
[2025-12-12 07:18:42] [generate_cnf] Generating formula arbitrated_top_n5_w64_d16_e0 with K=161
[2025-12-12 07:18:52] [run_formula] Running formula arbitrated_top_n5_w64_d16_e0 with K=161 up to limit 1600
[2025-12-12 07:18:54] [generate_cnf] Generating formula arbitrated_top_n5_w64_d16_e0 with K=162
[2025-12-12 07:19:05] [run_formula] Running formula arbitrated_top_n5_w64_d16_e0 with K=162 up to limit 1600
[2025-12-12 07:19:08] [generate_cnf] Generating formula arbitrated_top_n5_w64_d16_e0 with K=163
[2025-12-12 07:19:18] [run_formula] Running formula arbitrated_top_n5_w64_d16_e0 with K=163 up to limit 1600
[2025-12-12 07:19:21] [generate_cnf] Generating formula arbitrated_top_n5_w64_d16_e0 with K=164
[2025-12-12 07:19:31] [run_formula] Running formula arbitrated_top_n5_w64_d16_e0 with K=164 up to limit 1600
[2025-12-12 07:19:34] [generate_cnf] Generating formula arbitrated_top_n5_w64_d16_e0 with K=165
[2025-12-12 07:19:44] [run_formula] Running formula arbitrated_top_n5_w64_d16_e0 with K=165 up to limit 1600
[2025-12-12 07:19:47] [generate_cnf] Generating formula arbitrated_top_n5_w64_d16_e0 with K=166
[2025-12-12 07:19:57] [run_formula] Running formula arbitrated_top_n5_w64_d16_e0 with K=166 up to limit 1600
[2025-12-12 07:20:00] [generate_cnf] Generating formula arbitrated_top_n5_w64_d16_e0 with K=167
[2025-12-12 07:20:11] [run_formula] Running formula arbitrated_top_n5_w64_d16_e0 with K=167 up to limit 1600
[2025-12-12 07:20:14] [generate_cnf] Generating formula arbitrated_top_n5_w64_d16_e0 with K=168
[2025-12-12 07:20:24] [run_formula] Running formula arbitrated_top_n5_w64_d16_e0 with K=168 up to limit 1600
[2025-12-12 07:20:27] [generate_cnf] Generating formula arbitrated_top_n5_w64_d16_e0 with K=169
[2025-12-12 07:20:43] [run_formula] Running formula arbitrated_top_n5_w64_d16_e0 with K=169 up to limit 1600
[2025-12-12 07:20:46] [generate_cnf] Generating formula arbitrated_top_n5_w64_d16_e0 with K=170
[2025-12-12 07:20:57] [run_formula] Running formula arbitrated_top_n5_w64_d16_e0 with K=170 up to limit 1600
[2025-12-12 07:21:00] [generate_cnf] Generating formula arbitrated_top_n5_w64_d16_e0 with K=171
[2025-12-12 07:21:10] [run_formula] Running formula arbitrated_top_n5_w64_d16_e0 with K=171 up to limit 1600
[2025-12-12 07:21:13] [generate_cnf] Generating formula arbitrated_top_n5_w64_d16_e0 with K=172
[2025-12-12 07:21:24] [run_formula] Running formula arbitrated_top_n5_w64_d16_e0 with K=172 up to limit 1600
[2025-12-12 07:21:27] [generate_cnf] Generating formula arbitrated_top_n5_w64_d16_e0 with K=173
[2025-12-12 07:21:38] [run_formula] Running formula arbitrated_top_n5_w64_d16_e0 with K=173 up to limit 1600
[2025-12-12 07:21:41] [generate_cnf] Generating formula arbitrated_top_n5_w64_d16_e0 with K=174
[2025-12-12 07:21:52] [run_formula] Running formula arbitrated_top_n5_w64_d16_e0 with K=174 up to limit 1600
[2025-12-12 07:21:56] [generate_cnf] Generating formula arbitrated_top_n5_w64_d16_e0 with K=175
[2025-12-12 07:22:07] [run_formula] Running formula arbitrated_top_n5_w64_d16_e0 with K=175 up to limit 1600
[2025-12-12 07:22:10] [generate_cnf] Generating formula arbitrated_top_n5_w64_d16_e0 with K=176
[2025-12-12 07:22:22] [run_formula] Running formula arbitrated_top_n5_w64_d16_e0 with K=176 up to limit 1600
[2025-12-12 07:22:25] [generate_cnf] Generating formula arbitrated_top_n5_w64_d16_e0 with K=177
[2025-12-12 07:22:36] [run_formula] Running formula arbitrated_top_n5_w64_d16_e0 with K=177 up to limit 1600
[2025-12-12 07:22:39] [generate_cnf] Generating formula arbitrated_top_n5_w64_d16_e0 with K=178
[2025-12-12 07:22:51] [run_formula] Running formula arbitrated_top_n5_w64_d16_e0 with K=178 up to limit 1600
[2025-12-12 07:22:54] [generate_cnf] Generating formula arbitrated_top_n5_w64_d16_e0 with K=179
[2025-12-12 07:23:05] [run_formula] Running formula arbitrated_top_n5_w64_d16_e0 with K=179 up to limit 1600
[2025-12-12 07:23:08] [generate_cnf] Generating formula arbitrated_top_n5_w64_d16_e0 with K=180
[2025-12-12 07:23:20] [run_formula] Running formula arbitrated_top_n5_w64_d16_e0 with K=180 up to limit 1600
[2025-12-12 07:23:23] [generate_cnf] Generating formula arbitrated_top_n5_w64_d16_e0 with K=181
[2025-12-12 07:23:35] [run_formula] Running formula arbitrated_top_n5_w64_d16_e0 with K=181 up to limit 1600
[2025-12-12 07:23:38] [generate_cnf] Generating formula arbitrated_top_n5_w64_d16_e0 with K=182
[2025-12-12 07:23:49] [run_formula] Running formula arbitrated_top_n5_w64_d16_e0 with K=182 up to limit 1600
[2025-12-12 07:23:52] [generate_cnf] Generating formula arbitrated_top_n5_w64_d16_e0 with K=183
[2025-12-12 07:24:04] [run_formula] Running formula arbitrated_top_n5_w64_d16_e0 with K=183 up to limit 1600
[2025-12-12 07:24:07] [generate_cnf] Generating formula arbitrated_top_n5_w64_d16_e0 with K=184
[2025-12-12 07:24:19] [run_formula] Running formula arbitrated_top_n5_w64_d16_e0 with K=184 up to limit 1600
[2025-12-12 07:24:22] [generate_cnf] Generating formula arbitrated_top_n5_w64_d16_e0 with K=185
[2025-12-12 07:24:33] [run_formula] Running formula arbitrated_top_n5_w64_d16_e0 with K=185 up to limit 1600
[2025-12-12 07:24:36] [generate_cnf] Generating formula arbitrated_top_n5_w64_d16_e0 with K=186
[2025-12-12 07:24:48] [run_formula] Running formula arbitrated_top_n5_w64_d16_e0 with K=186 up to limit 1600
[2025-12-12 07:24:51] [generate_cnf] Generating formula arbitrated_top_n5_w64_d16_e0 with K=187
[2025-12-12 07:25:03] [run_formula] Running formula arbitrated_top_n5_w64_d16_e0 with K=187 up to limit 1600
[2025-12-12 07:25:06] [generate_cnf] Generating formula arbitrated_top_n5_w64_d16_e0 with K=188
[2025-12-12 07:25:18] [run_formula] Running formula arbitrated_top_n5_w64_d16_e0 with K=188 up to limit 1600
[2025-12-12 07:25:21] [generate_cnf] Generating formula arbitrated_top_n5_w64_d16_e0 with K=189
[2025-12-12 07:25:33] [run_formula] Running formula arbitrated_top_n5_w64_d16_e0 with K=189 up to limit 1600
[2025-12-12 07:25:36] [generate_cnf] Generating formula arbitrated_top_n5_w64_d16_e0 with K=190
[2025-12-12 07:25:48] [run_formula] Running formula arbitrated_top_n5_w64_d16_e0 with K=190 up to limit 1600
[2025-12-12 07:25:51] [generate_cnf] Generating formula arbitrated_top_n5_w64_d16_e0 with K=191
[2025-12-12 07:26:03] [run_formula] Running formula arbitrated_top_n5_w64_d16_e0 with K=191 up to limit 1600
[2025-12-12 07:26:06] [generate_cnf] Generating formula arbitrated_top_n5_w64_d16_e0 with K=192
[2025-12-12 07:26:18] [run_formula] Running formula arbitrated_top_n5_w64_d16_e0 with K=192 up to limit 1600
[2025-12-12 07:26:21] [generate_cnf] Generating formula arbitrated_top_n5_w64_d16_e0 with K=193
[2025-12-12 07:26:33] [run_formula] Running formula arbitrated_top_n5_w64_d16_e0 with K=193 up to limit 1600
[2025-12-12 07:26:37] [generate_cnf] Generating formula arbitrated_top_n5_w64_d16_e0 with K=194
[2025-12-12 07:26:49] [run_formula] Running formula arbitrated_top_n5_w64_d16_e0 with K=194 up to limit 1600
[2025-12-12 07:26:52] [generate_cnf] Generating formula arbitrated_top_n5_w64_d16_e0 with K=195
[2025-12-12 07:27:04] [run_formula] Running formula arbitrated_top_n5_w64_d16_e0 with K=195 up to limit 1600
[2025-12-12 07:27:07] [generate_cnf] Generating formula arbitrated_top_n5_w64_d16_e0 with K=196
[2025-12-12 07:27:20] [run_formula] Running formula arbitrated_top_n5_w64_d16_e0 with K=196 up to limit 1600
[2025-12-12 07:27:23] [generate_cnf] Generating formula arbitrated_top_n5_w64_d16_e0 with K=197
[2025-12-12 07:27:35] [run_formula] Running formula arbitrated_top_n5_w64_d16_e0 with K=197 up to limit 1600
[2025-12-12 07:27:39] [generate_cnf] Generating formula arbitrated_top_n5_w64_d16_e0 with K=198
[2025-12-12 07:27:51] [run_formula] Running formula arbitrated_top_n5_w64_d16_e0 with K=198 up to limit 1600
[2025-12-12 07:27:54] [generate_cnf] Generating formula arbitrated_top_n5_w64_d16_e0 with K=199
[2025-12-12 07:28:07] [run_formula] Running formula arbitrated_top_n5_w64_d16_e0 with K=199 up to limit 1600
[2025-12-12 07:28:10] [generate_cnf] Generating formula arbitrated_top_n5_w64_d16_e0 with K=200
[2025-12-12 07:28:22] [run_formula] Running formula arbitrated_top_n5_w64_d16_e0 with K=200 up to limit 1600
[2025-12-12 07:28:26] [generate_cnf] Generating formula arbitrated_top_n5_w64_d16_e0 with K=201
[2025-12-12 07:28:39] [run_formula] Running formula arbitrated_top_n5_w64_d16_e0 with K=201 up to limit 1600
[2025-12-12 07:28:42] [generate_cnf] Generating formula arbitrated_top_n5_w64_d16_e0 with K=202
[2025-12-12 07:28:55] [run_formula] Running formula arbitrated_top_n5_w64_d16_e0 with K=202 up to limit 1600
[2025-12-12 07:28:59] [generate_cnf] Generating formula arbitrated_top_n5_w64_d16_e0 with K=203
[2025-12-12 07:29:12] [run_formula] Running formula arbitrated_top_n5_w64_d16_e0 with K=203 up to limit 1600
[2025-12-12 07:29:15] [generate_cnf] Generating formula arbitrated_top_n5_w64_d16_e0 with K=204
[2025-12-12 07:29:29] [run_formula] Running formula arbitrated_top_n5_w64_d16_e0 with K=204 up to limit 1600
[2025-12-12 07:29:32] [generate_cnf] Generating formula arbitrated_top_n5_w64_d16_e0 with K=205
[2025-12-12 07:29:46] [run_formula] Running formula arbitrated_top_n5_w64_d16_e0 with K=205 up to limit 1600
[2025-12-12 07:29:49] [generate_cnf] Generating formula arbitrated_top_n5_w64_d16_e0 with K=206
[2025-12-12 07:30:07] [run_formula] Running formula arbitrated_top_n5_w64_d16_e0 with K=206 up to limit 1600
[2025-12-12 07:30:11] [generate_cnf] Generating formula arbitrated_top_n5_w64_d16_e0 with K=207
[2025-12-12 07:30:24] [run_formula] Running formula arbitrated_top_n5_w64_d16_e0 with K=207 up to limit 1600
[2025-12-12 07:30:27] [generate_cnf] Generating formula arbitrated_top_n5_w64_d16_e0 with K=208
[2025-12-12 07:30:41] [run_formula] Running formula arbitrated_top_n5_w64_d16_e0 with K=208 up to limit 1600
[2025-12-12 07:30:44] [generate_cnf] Generating formula arbitrated_top_n5_w64_d16_e0 with K=209
[2025-12-12 07:30:58] [run_formula] Running formula arbitrated_top_n5_w64_d16_e0 with K=209 up to limit 1600
[2025-12-12 07:31:01] [generate_cnf] Generating formula arbitrated_top_n5_w64_d16_e0 with K=210
[2025-12-12 07:31:15] [run_formula] Running formula arbitrated_top_n5_w64_d16_e0 with K=210 up to limit 1600
[2025-12-12 07:31:19] [generate_cnf] Generating formula arbitrated_top_n5_w64_d16_e0 with K=211
[2025-12-12 07:31:32] [run_formula] Running formula arbitrated_top_n5_w64_d16_e0 with K=211 up to limit 1600
[2025-12-12 07:31:36] [generate_cnf] Generating formula arbitrated_top_n5_w64_d16_e0 with K=212
[2025-12-12 07:31:50] [run_formula] Running formula arbitrated_top_n5_w64_d16_e0 with K=212 up to limit 1600
[2025-12-12 07:31:54] [generate_cnf] Generating formula arbitrated_top_n5_w64_d16_e0 with K=213
[2025-12-12 07:32:08] [run_formula] Running formula arbitrated_top_n5_w64_d16_e0 with K=213 up to limit 1600
[2025-12-12 07:32:12] [generate_cnf] Generating formula arbitrated_top_n5_w64_d16_e0 with K=214
[2025-12-12 07:32:25] [run_formula] Running formula arbitrated_top_n5_w64_d16_e0 with K=214 up to limit 1600
[2025-12-12 07:32:29] [generate_cnf] Generating formula arbitrated_top_n5_w64_d16_e0 with K=215
[2025-12-12 07:32:44] [run_formula] Running formula arbitrated_top_n5_w64_d16_e0 with K=215 up to limit 1600
[2025-12-12 07:32:47] [generate_cnf] Generating formula arbitrated_top_n5_w64_d16_e0 with K=216
[2025-12-12 07:33:01] [run_formula] Running formula arbitrated_top_n5_w64_d16_e0 with K=216 up to limit 1600
[2025-12-12 07:33:05] [generate_cnf] Generating formula arbitrated_top_n5_w64_d16_e0 with K=217
[2025-12-12 07:33:20] [run_formula] Running formula arbitrated_top_n5_w64_d16_e0 with K=217 up to limit 1600
[2025-12-12 07:33:23] [generate_cnf] Generating formula arbitrated_top_n5_w64_d16_e0 with K=218
[2025-12-12 07:33:38] [run_formula] Running formula arbitrated_top_n5_w64_d16_e0 with K=218 up to limit 1600
[2025-12-12 07:33:41] [generate_cnf] Generating formula arbitrated_top_n5_w64_d16_e0 with K=219
[2025-12-12 07:33:56] [run_formula] Running formula arbitrated_top_n5_w64_d16_e0 with K=219 up to limit 1600
[2025-12-12 07:33:59] [generate_cnf] Generating formula arbitrated_top_n5_w64_d16_e0 with K=220
[2025-12-12 07:34:13] [run_formula] Running formula arbitrated_top_n5_w64_d16_e0 with K=220 up to limit 1600
[2025-12-12 07:34:17] [generate_cnf] Generating formula arbitrated_top_n5_w64_d16_e0 with K=221
[2025-12-12 07:34:31] [run_formula] Running formula arbitrated_top_n5_w64_d16_e0 with K=221 up to limit 1600
[2025-12-12 07:34:35] [generate_cnf] Generating formula arbitrated_top_n5_w64_d16_e0 with K=222
[2025-12-12 07:34:49] [run_formula] Running formula arbitrated_top_n5_w64_d16_e0 with K=222 up to limit 1600
[2025-12-12 07:34:53] [generate_cnf] Generating formula arbitrated_top_n5_w64_d16_e0 with K=223
[2025-12-12 07:35:07] [run_formula] Running formula arbitrated_top_n5_w64_d16_e0 with K=223 up to limit 1600
[2025-12-12 07:35:11] [generate_cnf] Generating formula arbitrated_top_n5_w64_d16_e0 with K=224
[2025-12-12 07:35:25] [run_formula] Running formula arbitrated_top_n5_w64_d16_e0 with K=224 up to limit 1600
[2025-12-12 07:35:29] [generate_cnf] Generating formula arbitrated_top_n5_w64_d16_e0 with K=225
[2025-12-12 07:35:43] [run_formula] Running formula arbitrated_top_n5_w64_d16_e0 with K=225 up to limit 1600
[2025-12-12 07:35:47] [generate_cnf] Generating formula arbitrated_top_n5_w64_d16_e0 with K=226
[2025-12-12 07:36:02] [run_formula] Running formula arbitrated_top_n5_w64_d16_e0 with K=226 up to limit 1600
[2025-12-12 07:36:05] [generate_cnf] Generating formula arbitrated_top_n5_w64_d16_e0 with K=227
[2025-12-12 07:36:20] [run_formula] Running formula arbitrated_top_n5_w64_d16_e0 with K=227 up to limit 1600
[2025-12-12 07:36:24] [generate_cnf] Generating formula arbitrated_top_n5_w64_d16_e0 with K=228
[2025-12-12 07:36:39] [run_formula] Running formula arbitrated_top_n5_w64_d16_e0 with K=228 up to limit 1600
[2025-12-12 07:36:43] [generate_cnf] Generating formula arbitrated_top_n5_w64_d16_e0 with K=229
[2025-12-12 07:36:58] [run_formula] Running formula arbitrated_top_n5_w64_d16_e0 with K=229 up to limit 1600
[2025-12-12 07:37:02] [generate_cnf] Generating formula arbitrated_top_n5_w64_d16_e0 with K=230
[2025-12-12 07:37:18] [run_formula] Running formula arbitrated_top_n5_w64_d16_e0 with K=230 up to limit 1600
[2025-12-12 07:37:22] [generate_cnf] Generating formula arbitrated_top_n5_w64_d16_e0 with K=231
[2025-12-12 07:37:38] [run_formula] Running formula arbitrated_top_n5_w64_d16_e0 with K=231 up to limit 1600
[2025-12-12 07:37:42] [generate_cnf] Generating formula arbitrated_top_n5_w64_d16_e0 with K=232
[2025-12-12 07:37:58] [run_formula] Running formula arbitrated_top_n5_w64_d16_e0 with K=232 up to limit 1600
[2025-12-12 07:38:02] [generate_cnf] Generating formula arbitrated_top_n5_w64_d16_e0 with K=233
[2025-12-12 07:38:17] [run_formula] Running formula arbitrated_top_n5_w64_d16_e0 with K=233 up to limit 1600
[2025-12-12 07:38:21] [generate_cnf] Generating formula arbitrated_top_n5_w64_d16_e0 with K=234
[2025-12-12 07:38:36] [run_formula] Running formula arbitrated_top_n5_w64_d16_e0 with K=234 up to limit 1600
[2025-12-12 07:38:40] [generate_cnf] Generating formula arbitrated_top_n5_w64_d16_e0 with K=235
[2025-12-12 07:38:56] [run_formula] Running formula arbitrated_top_n5_w64_d16_e0 with K=235 up to limit 1600
[2025-12-12 07:39:00] [generate_cnf] Generating formula arbitrated_top_n5_w64_d16_e0 with K=236
[2025-12-12 07:39:15] [run_formula] Running formula arbitrated_top_n5_w64_d16_e0 with K=236 up to limit 1600
[2025-12-12 07:39:19] [generate_cnf] Generating formula arbitrated_top_n5_w64_d16_e0 with K=237
[2025-12-12 07:39:35] [run_formula] Running formula arbitrated_top_n5_w64_d16_e0 with K=237 up to limit 1600
[2025-12-12 07:39:39] [generate_cnf] Generating formula arbitrated_top_n5_w64_d16_e0 with K=238
[2025-12-12 07:39:54] [run_formula] Running formula arbitrated_top_n5_w64_d16_e0 with K=238 up to limit 1600
[2025-12-12 07:39:58] [generate_cnf] Generating formula arbitrated_top_n5_w64_d16_e0 with K=239
[2025-12-12 07:40:14] [run_formula] Running formula arbitrated_top_n5_w64_d16_e0 with K=239 up to limit 1600
[2025-12-12 07:40:18] [generate_cnf] Generating formula arbitrated_top_n5_w64_d16_e0 with K=240
[2025-12-12 07:40:34] [run_formula] Running formula arbitrated_top_n5_w64_d16_e0 with K=240 up to limit 1600
[2025-12-12 07:40:38] [generate_cnf] Generating formula arbitrated_top_n5_w64_d16_e0 with K=241
[2025-12-12 07:40:54] [run_formula] Running formula arbitrated_top_n5_w64_d16_e0 with K=241 up to limit 1600
[2025-12-12 07:40:58] [generate_cnf] Generating formula arbitrated_top_n5_w64_d16_e0 with K=242
[2025-12-12 07:41:14] [run_formula] Running formula arbitrated_top_n5_w64_d16_e0 with K=242 up to limit 1600
[2025-12-12 07:41:18] [generate_cnf] Generating formula arbitrated_top_n5_w64_d16_e0 with K=243
[2025-12-12 07:41:34] [run_formula] Running formula arbitrated_top_n5_w64_d16_e0 with K=243 up to limit 1600
[2025-12-12 07:41:38] [generate_cnf] Generating formula arbitrated_top_n5_w64_d16_e0 with K=244
[2025-12-12 07:41:58] [run_formula] Running formula arbitrated_top_n5_w64_d16_e0 with K=244 up to limit 1600
[2025-12-12 07:42:03] [generate_cnf] Generating formula arbitrated_top_n5_w64_d16_e0 with K=245
[2025-12-12 07:42:18] [run_formula] Running formula arbitrated_top_n5_w64_d16_e0 with K=245 up to limit 1600
[2025-12-12 07:42:22] [generate_cnf] Generating formula arbitrated_top_n5_w64_d16_e0 with K=246
[2025-12-12 07:42:39] [run_formula] Running formula arbitrated_top_n5_w64_d16_e0 with K=246 up to limit 1600
[2025-12-12 07:42:43] [generate_cnf] Generating formula arbitrated_top_n5_w64_d16_e0 with K=247
[2025-12-12 07:42:59] [run_formula] Running formula arbitrated_top_n5_w64_d16_e0 with K=247 up to limit 1600
[2025-12-12 07:43:03] [generate_cnf] Generating formula arbitrated_top_n5_w64_d16_e0 with K=248
[2025-12-12 07:43:19] [run_formula] Running formula arbitrated_top_n5_w64_d16_e0 with K=248 up to limit 1600
[2025-12-12 07:43:23] [generate_cnf] Generating formula arbitrated_top_n5_w64_d16_e0 with K=249
[2025-12-12 07:43:39] [run_formula] Running formula arbitrated_top_n5_w64_d16_e0 with K=249 up to limit 1600
[2025-12-12 07:43:43] [generate_cnf] Generating formula arbitrated_top_n5_w64_d16_e0 with K=250
[2025-12-12 07:43:59] [run_formula] Running formula arbitrated_top_n5_w64_d16_e0 with K=250 up to limit 1600
[2025-12-12 07:44:03] [generate_cnf] Generating formula arbitrated_top_n5_w64_d16_e0 with K=251
[2025-12-12 07:44:19] [run_formula] Running formula arbitrated_top_n5_w64_d16_e0 with K=251 up to limit 1600
[2025-12-12 07:44:23] [generate_cnf] Generating formula arbitrated_top_n5_w64_d16_e0 with K=252
[2025-12-12 07:44:39] [run_formula] Running formula arbitrated_top_n5_w64_d16_e0 with K=252 up to limit 1600
[2025-12-12 07:44:44] [generate_cnf] Generating formula arbitrated_top_n5_w64_d16_e0 with K=253
[2025-12-12 07:44:59] [run_formula] Running formula arbitrated_top_n5_w64_d16_e0 with K=253 up to limit 1600
[2025-12-12 07:45:04] [generate_cnf] Generating formula arbitrated_top_n5_w64_d16_e0 with K=254
[2025-12-12 07:45:20] [run_formula] Running formula arbitrated_top_n5_w64_d16_e0 with K=254 up to limit 1600
[2025-12-12 07:45:24] [generate_cnf] Generating formula arbitrated_top_n5_w64_d16_e0 with K=255
[2025-12-12 07:45:40] [run_formula] Running formula arbitrated_top_n5_w64_d16_e0 with K=255 up to limit 1600
[2025-12-12 07:45:44] [generate_cnf] Generating formula arbitrated_top_n5_w64_d16_e0 with K=256
[2025-12-12 07:46:00] [run_formula] Running formula arbitrated_top_n5_w64_d16_e0 with K=256 up to limit 1600
[2025-12-12 07:46:04] [generate_cnf] Generating formula arbitrated_top_n5_w64_d16_e0 with K=257
[2025-12-12 07:46:20] [run_formula] Running formula arbitrated_top_n5_w64_d16_e0 with K=257 up to limit 1600
[2025-12-12 07:46:24] [generate_cnf] Generating formula arbitrated_top_n5_w64_d16_e0 with K=258
[2025-12-12 07:46:40] [run_formula] Running formula arbitrated_top_n5_w64_d16_e0 with K=258 up to limit 1600
[2025-12-12 07:46:44] [generate_cnf] Generating formula arbitrated_top_n5_w64_d16_e0 with K=259
[2025-12-12 07:47:00] [run_formula] Running formula arbitrated_top_n5_w64_d16_e0 with K=259 up to limit 1600
[2025-12-12 07:47:05] [generate_cnf] Generating formula arbitrated_top_n5_w64_d16_e0 with K=260
[2025-12-12 07:47:20] [run_formula] Running formula arbitrated_top_n5_w64_d16_e0 with K=260 up to limit 1600
[2025-12-12 07:47:25] [generate_cnf] Generating formula arbitrated_top_n5_w64_d16_e0 with K=261
[2025-12-12 07:47:41] [run_formula] Running formula arbitrated_top_n5_w64_d16_e0 with K=261 up to limit 1600
[2025-12-12 07:47:45] [generate_cnf] Generating formula arbitrated_top_n5_w64_d16_e0 with K=262
[2025-12-12 07:48:01] [run_formula] Running formula arbitrated_top_n5_w64_d16_e0 with K=262 up to limit 1600
[2025-12-12 07:48:05] [generate_cnf] Generating formula arbitrated_top_n5_w64_d16_e0 with K=263
[2025-12-12 07:48:21] [run_formula] Running formula arbitrated_top_n5_w64_d16_e0 with K=263 up to limit 1600
[2025-12-12 07:48:25] [generate_cnf] Generating formula arbitrated_top_n5_w64_d16_e0 with K=264
[2025-12-12 07:48:41] [run_formula] Running formula arbitrated_top_n5_w64_d16_e0 with K=264 up to limit 1600
[2025-12-12 07:48:46] [generate_cnf] Generating formula arbitrated_top_n5_w64_d16_e0 with K=265
[2025-12-12 07:49:02] [run_formula] Running formula arbitrated_top_n5_w64_d16_e0 with K=265 up to limit 1600
[2025-12-12 07:49:06] [generate_cnf] Generating formula arbitrated_top_n5_w64_d16_e0 with K=266
[2025-12-12 07:49:22] [run_formula] Running formula arbitrated_top_n5_w64_d16_e0 with K=266 up to limit 1600
[2025-12-12 07:49:27] [generate_cnf] Generating formula arbitrated_top_n5_w64_d16_e0 with K=267
[2025-12-12 07:49:43] [run_formula] Running formula arbitrated_top_n5_w64_d16_e0 with K=267 up to limit 1600
[2025-12-12 07:49:47] [generate_cnf] Generating formula arbitrated_top_n5_w64_d16_e0 with K=268
[2025-12-12 07:50:03] [run_formula] Running formula arbitrated_top_n5_w64_d16_e0 with K=268 up to limit 1600
[2025-12-12 07:50:08] [generate_cnf] Generating formula arbitrated_top_n5_w64_d16_e0 with K=269
[2025-12-12 07:50:24] [run_formula] Running formula arbitrated_top_n5_w64_d16_e0 with K=269 up to limit 1600
[2025-12-12 07:50:29] [generate_cnf] Generating formula arbitrated_top_n5_w64_d16_e0 with K=270
[2025-12-12 07:50:45] [run_formula] Running formula arbitrated_top_n5_w64_d16_e0 with K=270 up to limit 1600
[2025-12-12 07:50:50] [generate_cnf] Generating formula arbitrated_top_n5_w64_d16_e0 with K=271
[2025-12-12 07:51:06] [run_formula] Running formula arbitrated_top_n5_w64_d16_e0 with K=271 up to limit 1600
[2025-12-12 07:51:10] [generate_cnf] Generating formula arbitrated_top_n5_w64_d16_e0 with K=272
[2025-12-12 07:51:27] [run_formula] Running formula arbitrated_top_n5_w64_d16_e0 with K=272 up to limit 1600
[2025-12-12 07:51:32] [generate_cnf] Generating formula arbitrated_top_n5_w64_d16_e0 with K=273
[2025-12-12 07:51:48] [run_formula] Running formula arbitrated_top_n5_w64_d16_e0 with K=273 up to limit 1600
[2025-12-12 07:51:53] [generate_cnf] Generating formula arbitrated_top_n5_w64_d16_e0 with K=274
[2025-12-12 07:52:09] [run_formula] Running formula arbitrated_top_n5_w64_d16_e0 with K=274 up to limit 1600
[2025-12-12 07:52:14] [generate_cnf] Generating formula arbitrated_top_n5_w64_d16_e0 with K=275
[2025-12-12 07:52:31] [run_formula] Running formula arbitrated_top_n5_w64_d16_e0 with K=275 up to limit 1600
[2025-12-12 07:52:36] [generate_cnf] Generating formula arbitrated_top_n5_w64_d16_e0 with K=276
[2025-12-12 07:52:59] [run_formula] Running formula arbitrated_top_n5_w64_d16_e0 with K=276 up to limit 1600
[2025-12-12 07:53:04] [generate_cnf] Generating formula arbitrated_top_n5_w64_d16_e0 with K=277
[2025-12-12 07:53:21] [run_formula] Running formula arbitrated_top_n5_w64_d16_e0 with K=277 up to limit 1600
[2025-12-12 07:53:25] [generate_cnf] Generating formula arbitrated_top_n5_w64_d16_e0 with K=278
[2025-12-12 07:53:42] [run_formula] Running formula arbitrated_top_n5_w64_d16_e0 with K=278 up to limit 1600
[2025-12-12 07:53:46] [generate_cnf] Generating formula arbitrated_top_n5_w64_d16_e0 with K=279
[2025-12-12 07:54:03] [run_formula] Running formula arbitrated_top_n5_w64_d16_e0 with K=279 up to limit 1600
[2025-12-12 07:54:08] [generate_cnf] Generating formula arbitrated_top_n5_w64_d16_e0 with K=280
[2025-12-12 07:54:25] [run_formula] Running formula arbitrated_top_n5_w64_d16_e0 with K=280 up to limit 1600
[2025-12-12 07:54:30] [generate_cnf] Generating formula arbitrated_top_n5_w64_d16_e0 with K=281
[2025-12-12 07:54:47] [run_formula] Running formula arbitrated_top_n5_w64_d16_e0 with K=281 up to limit 1600
[2025-12-12 07:54:51] [generate_cnf] Generating formula arbitrated_top_n5_w64_d16_e0 with K=282
[2025-12-12 07:55:08] [run_formula] Running formula arbitrated_top_n5_w64_d16_e0 with K=282 up to limit 1600
[2025-12-12 07:55:13] [generate_cnf] Generating formula arbitrated_top_n5_w64_d16_e0 with K=283
[2025-12-12 07:55:30] [run_formula] Running formula arbitrated_top_n5_w64_d16_e0 with K=283 up to limit 1600
[2025-12-12 07:55:35] [generate_cnf] Generating formula arbitrated_top_n5_w64_d16_e0 with K=284
[2025-12-12 07:55:52] [run_formula] Running formula arbitrated_top_n5_w64_d16_e0 with K=284 up to limit 1600
[2025-12-12 07:55:57] [generate_cnf] Generating formula arbitrated_top_n5_w64_d16_e0 with K=285
[2025-12-12 07:56:15] [run_formula] Running formula arbitrated_top_n5_w64_d16_e0 with K=285 up to limit 1600
[2025-12-12 07:56:19] [generate_cnf] Generating formula arbitrated_top_n5_w64_d16_e0 with K=286
[2025-12-12 07:56:37] [run_formula] Running formula arbitrated_top_n5_w64_d16_e0 with K=286 up to limit 1600
[2025-12-12 07:56:42] [generate_cnf] Generating formula arbitrated_top_n5_w64_d16_e0 with K=287
[2025-12-12 07:56:59] [run_formula] Running formula arbitrated_top_n5_w64_d16_e0 with K=287 up to limit 1600
[2025-12-12 07:57:04] [generate_cnf] Generating formula arbitrated_top_n5_w64_d16_e0 with K=288
[2025-12-12 07:57:21] [run_formula] Running formula arbitrated_top_n5_w64_d16_e0 with K=288 up to limit 1600
[2025-12-12 07:57:26] [generate_cnf] Generating formula arbitrated_top_n5_w64_d16_e0 with K=289
[2025-12-12 07:57:43] [run_formula] Running formula arbitrated_top_n5_w64_d16_e0 with K=289 up to limit 1600
[2025-12-12 07:57:48] [generate_cnf] Generating formula arbitrated_top_n5_w64_d16_e0 with K=290
[2025-12-12 07:58:06] [run_formula] Running formula arbitrated_top_n5_w64_d16_e0 with K=290 up to limit 1600
[2025-12-12 07:58:10] [generate_cnf] Generating formula arbitrated_top_n5_w64_d16_e0 with K=291
[2025-12-12 07:58:28] [run_formula] Running formula arbitrated_top_n5_w64_d16_e0 with K=291 up to limit 1600
[2025-12-12 07:58:33] [generate_cnf] Generating formula arbitrated_top_n5_w64_d16_e0 with K=292
[2025-12-12 07:58:50] [run_formula] Running formula arbitrated_top_n5_w64_d16_e0 with K=292 up to limit 1600
[2025-12-12 07:58:55] [generate_cnf] Generating formula arbitrated_top_n5_w64_d16_e0 with K=293
[2025-12-12 07:59:13] [run_formula] Running formula arbitrated_top_n5_w64_d16_e0 with K=293 up to limit 1600
[2025-12-12 07:59:17] [generate_cnf] Generating formula arbitrated_top_n5_w64_d16_e0 with K=294
[2025-12-12 07:59:35] [run_formula] Running formula arbitrated_top_n5_w64_d16_e0 with K=294 up to limit 1600
[2025-12-12 07:59:40] [generate_cnf] Generating formula arbitrated_top_n5_w64_d16_e0 with K=295
[2025-12-12 07:59:58] [run_formula] Running formula arbitrated_top_n5_w64_d16_e0 with K=295 up to limit 1600
[2025-12-12 08:00:03] [generate_cnf] Generating formula arbitrated_top_n5_w64_d16_e0 with K=296
[2025-12-12 08:00:20] [run_formula] Running formula arbitrated_top_n5_w64_d16_e0 with K=296 up to limit 1600
[2025-12-12 08:00:25] [generate_cnf] Generating formula arbitrated_top_n5_w64_d16_e0 with K=297
[2025-12-12 08:00:44] [run_formula] Running formula arbitrated_top_n5_w64_d16_e0 with K=297 up to limit 1600
[2025-12-12 08:00:49] [generate_cnf] Generating formula arbitrated_top_n5_w64_d16_e0 with K=298
[2025-12-12 08:01:07] [run_formula] Running formula arbitrated_top_n5_w64_d16_e0 with K=298 up to limit 1600
[2025-12-12 08:01:12] [generate_cnf] Generating formula arbitrated_top_n5_w64_d16_e0 with K=299
[2025-12-12 08:01:30] [run_formula] Running formula arbitrated_top_n5_w64_d16_e0 with K=299 up to limit 1600
[2025-12-12 08:01:35] [generate_cnf] Generating formula arbitrated_top_n5_w64_d16_e0 with K=300
[2025-12-12 08:01:53] [run_formula] Running formula arbitrated_top_n5_w64_d16_e0 with K=300 up to limit 1600
[2025-12-12 08:01:58] [generate_cnf] Generating formula arbitrated_top_n5_w64_d16_e0 with K=301
[2025-12-12 08:02:23] [run_formula] Running formula arbitrated_top_n5_w64_d16_e0 with K=301 up to limit 1600
[2025-12-12 08:02:28] [generate_cnf] Generating formula arbitrated_top_n5_w64_d16_e0 with K=302
[2025-12-12 08:02:47] [run_formula] Running formula arbitrated_top_n5_w64_d16_e0 with K=302 up to limit 1600
[2025-12-12 08:02:52] [generate_cnf] Generating formula arbitrated_top_n5_w64_d16_e0 with K=303
[2025-12-12 08:03:10] [run_formula] Running formula arbitrated_top_n5_w64_d16_e0 with K=303 up to limit 1600
[2025-12-12 08:03:15] [generate_cnf] Generating formula arbitrated_top_n5_w64_d16_e0 with K=304
[2025-12-12 08:03:33] [run_formula] Running formula arbitrated_top_n5_w64_d16_e0 with K=304 up to limit 1600
[2025-12-12 08:03:39] [generate_cnf] Generating formula arbitrated_top_n5_w64_d16_e0 with K=305
[2025-12-12 08:03:57] [run_formula] Running formula arbitrated_top_n5_w64_d16_e0 with K=305 up to limit 1600
[2025-12-12 08:04:02] [generate_cnf] Generating formula arbitrated_top_n5_w64_d16_e0 with K=306
[2025-12-12 08:04:21] [run_formula] Running formula arbitrated_top_n5_w64_d16_e0 with K=306 up to limit 1600
[2025-12-12 08:04:26] [generate_cnf] Generating formula arbitrated_top_n5_w64_d16_e0 with K=307
[2025-12-12 08:04:45] [run_formula] Running formula arbitrated_top_n5_w64_d16_e0 with K=307 up to limit 1600
[2025-12-12 08:04:50] [generate_cnf] Generating formula arbitrated_top_n5_w64_d16_e0 with K=308
[2025-12-12 08:05:09] [run_formula] Running formula arbitrated_top_n5_w64_d16_e0 with K=308 up to limit 1600
[2025-12-12 08:05:14] [generate_cnf] Generating formula arbitrated_top_n5_w64_d16_e0 with K=309
[2025-12-12 08:05:33] [run_formula] Running formula arbitrated_top_n5_w64_d16_e0 with K=309 up to limit 1600
[2025-12-12 08:05:38] [generate_cnf] Generating formula arbitrated_top_n5_w64_d16_e0 with K=310
[2025-12-12 08:05:57] [run_formula] Running formula arbitrated_top_n5_w64_d16_e0 with K=310 up to limit 1600
[2025-12-12 08:06:02] [generate_cnf] Generating formula arbitrated_top_n5_w64_d16_e0 with K=311
[2025-12-12 08:06:21] [run_formula] Running formula arbitrated_top_n5_w64_d16_e0 with K=311 up to limit 1600
[2025-12-12 08:06:26] [generate_cnf] Generating formula arbitrated_top_n5_w64_d16_e0 with K=312
[2025-12-12 08:06:45] [run_formula] Running formula arbitrated_top_n5_w64_d16_e0 with K=312 up to limit 1600
[2025-12-12 08:06:50] [generate_cnf] Generating formula arbitrated_top_n5_w64_d16_e0 with K=313
[2025-12-12 08:07:09] [run_formula] Running formula arbitrated_top_n5_w64_d16_e0 with K=313 up to limit 1600
[2025-12-12 08:07:14] [generate_cnf] Generating formula arbitrated_top_n5_w64_d16_e0 with K=314
[2025-12-12 08:07:33] [run_formula] Running formula arbitrated_top_n5_w64_d16_e0 with K=314 up to limit 1600
[2025-12-12 08:07:39] [generate_cnf] Generating formula arbitrated_top_n5_w64_d16_e0 with K=315
[2025-12-12 08:07:58] [run_formula] Running formula arbitrated_top_n5_w64_d16_e0 with K=315 up to limit 1600
[2025-12-12 08:08:03] [generate_cnf] Generating formula arbitrated_top_n5_w64_d16_e0 with K=316
[2025-12-12 08:08:22] [run_formula] Running formula arbitrated_top_n5_w64_d16_e0 with K=316 up to limit 1600
[2025-12-12 08:08:27] [generate_cnf] Generating formula arbitrated_top_n5_w64_d16_e0 with K=317
[2025-12-12 08:08:46] [run_formula] Running formula arbitrated_top_n5_w64_d16_e0 with K=317 up to limit 1600
[2025-12-12 08:08:51] [generate_cnf] Generating formula arbitrated_top_n5_w64_d16_e0 with K=318
[2025-12-12 08:09:11] [run_formula] Running formula arbitrated_top_n5_w64_d16_e0 with K=318 up to limit 1600
[2025-12-12 08:09:16] [generate_cnf] Generating formula arbitrated_top_n5_w64_d16_e0 with K=319
[2025-12-12 08:09:35] [run_formula] Running formula arbitrated_top_n5_w64_d16_e0 with K=319 up to limit 1600
[2025-12-12 08:09:40] [generate_cnf] Generating formula arbitrated_top_n5_w64_d16_e0 with K=320
[2025-12-12 08:10:00] [run_formula] Running formula arbitrated_top_n5_w64_d16_e0 with K=320 up to limit 1600
[2025-12-12 08:10:05] [generate_cnf] Generating formula arbitrated_top_n5_w64_d16_e0 with K=321
[2025-12-12 08:10:25] [run_formula] Running formula arbitrated_top_n5_w64_d16_e0 with K=321 up to limit 1600
[2025-12-12 08:10:30] [generate_cnf] Generating formula arbitrated_top_n5_w64_d16_e0 with K=322
[2025-12-12 08:10:50] [run_formula] Running formula arbitrated_top_n5_w64_d16_e0 with K=322 up to limit 1600
[2025-12-12 08:10:55] [generate_cnf] Generating formula arbitrated_top_n5_w64_d16_e0 with K=323
[2025-12-12 08:11:15] [run_formula] Running formula arbitrated_top_n5_w64_d16_e0 with K=323 up to limit 1600
[2025-12-12 08:11:21] [generate_cnf] Generating formula arbitrated_top_n5_w64_d16_e0 with K=324
[2025-12-12 08:11:40] [run_formula] Running formula arbitrated_top_n5_w64_d16_e0 with K=324 up to limit 1600
[2025-12-12 08:11:46] [generate_cnf] Generating formula arbitrated_top_n5_w64_d16_e0 with K=325
[2025-12-12 08:12:05] [run_formula] Running formula arbitrated_top_n5_w64_d16_e0 with K=325 up to limit 1600
[2025-12-12 08:12:11] [generate_cnf] Generating formula arbitrated_top_n5_w64_d16_e0 with K=326
[2025-12-12 08:12:31] [run_formula] Running formula arbitrated_top_n5_w64_d16_e0 with K=326 up to limit 1600
[2025-12-12 08:12:36] [generate_cnf] Generating formula arbitrated_top_n5_w64_d16_e0 with K=327
[2025-12-12 08:12:56] [run_formula] Running formula arbitrated_top_n5_w64_d16_e0 with K=327 up to limit 1600
[2025-12-12 08:13:01] [generate_cnf] Generating formula arbitrated_top_n5_w64_d16_e0 with K=328
[2025-12-12 08:13:27] [run_formula] Running formula arbitrated_top_n5_w64_d16_e0 with K=328 up to limit 1600
[2025-12-12 08:13:33] [generate_cnf] Generating formula arbitrated_top_n5_w64_d16_e0 with K=329
[2025-12-12 08:13:53] [run_formula] Running formula arbitrated_top_n5_w64_d16_e0 with K=329 up to limit 1600
[2025-12-12 08:13:58] [generate_cnf] Generating formula arbitrated_top_n5_w64_d16_e0 with K=330
[2025-12-12 08:14:18] [run_formula] Running formula arbitrated_top_n5_w64_d16_e0 with K=330 up to limit 1600
[2025-12-12 08:14:23] [generate_cnf] Generating formula arbitrated_top_n5_w64_d16_e0 with K=331
[2025-12-12 08:14:44] [run_formula] Running formula arbitrated_top_n5_w64_d16_e0 with K=331 up to limit 1600
[2025-12-12 08:14:49] [generate_cnf] Generating formula arbitrated_top_n5_w64_d16_e0 with K=332
[2025-12-12 08:15:09] [run_formula] Running formula arbitrated_top_n5_w64_d16_e0 with K=332 up to limit 1600
[2025-12-12 08:15:15] [generate_cnf] Generating formula arbitrated_top_n5_w64_d16_e0 with K=333
[2025-12-12 08:15:35] [run_formula] Running formula arbitrated_top_n5_w64_d16_e0 with K=333 up to limit 1600
[2025-12-12 08:15:40] [generate_cnf] Generating formula arbitrated_top_n5_w64_d16_e0 with K=334
[2025-12-12 08:16:01] [run_formula] Running formula arbitrated_top_n5_w64_d16_e0 with K=334 up to limit 1600
[2025-12-12 08:16:06] [generate_cnf] Generating formula arbitrated_top_n5_w64_d16_e0 with K=335
[2025-12-12 08:16:27] [run_formula] Running formula arbitrated_top_n5_w64_d16_e0 with K=335 up to limit 1600
[2025-12-12 08:16:32] [generate_cnf] Generating formula arbitrated_top_n5_w64_d16_e0 with K=336
[2025-12-12 08:16:53] [run_formula] Running formula arbitrated_top_n5_w64_d16_e0 with K=336 up to limit 1600
[2025-12-12 08:16:58] [generate_cnf] Generating formula arbitrated_top_n5_w64_d16_e0 with K=337
[2025-12-12 08:17:19] [run_formula] Running formula arbitrated_top_n5_w64_d16_e0 with K=337 up to limit 1600
[2025-12-12 08:17:24] [generate_cnf] Generating formula arbitrated_top_n5_w64_d16_e0 with K=338
[2025-12-12 08:17:45] [run_formula] Running formula arbitrated_top_n5_w64_d16_e0 with K=338 up to limit 1600
[2025-12-12 08:17:50] [generate_cnf] Generating formula arbitrated_top_n5_w64_d16_e0 with K=339
[2025-12-12 08:18:11] [run_formula] Running formula arbitrated_top_n5_w64_d16_e0 with K=339 up to limit 1600
[2025-12-12 08:18:16] [generate_cnf] Generating formula arbitrated_top_n5_w64_d16_e0 with K=340
[2025-12-12 08:18:37] [run_formula] Running formula arbitrated_top_n5_w64_d16_e0 with K=340 up to limit 1600
[2025-12-12 08:18:42] [generate_cnf] Generating formula arbitrated_top_n5_w64_d16_e0 with K=341
[2025-12-12 08:19:03] [run_formula] Running formula arbitrated_top_n5_w64_d16_e0 with K=341 up to limit 1600
[2025-12-12 08:19:08] [generate_cnf] Generating formula arbitrated_top_n5_w64_d16_e0 with K=342
[2025-12-12 08:19:29] [run_formula] Running formula arbitrated_top_n5_w64_d16_e0 with K=342 up to limit 1600
[2025-12-12 08:19:35] [generate_cnf] Generating formula arbitrated_top_n5_w64_d16_e0 with K=343
[2025-12-12 08:19:55] [run_formula] Running formula arbitrated_top_n5_w64_d16_e0 with K=343 up to limit 1600
[2025-12-12 08:20:01] [generate_cnf] Generating formula arbitrated_top_n5_w64_d16_e0 with K=344
[2025-12-12 08:20:22] [run_formula] Running formula arbitrated_top_n5_w64_d16_e0 with K=344 up to limit 1600
[2025-12-12 08:20:28] [generate_cnf] Generating formula arbitrated_top_n5_w64_d16_e0 with K=345
[2025-12-12 08:20:48] [run_formula] Running formula arbitrated_top_n5_w64_d16_e0 with K=345 up to limit 1600
[2025-12-12 08:20:54] [generate_cnf] Generating formula arbitrated_top_n5_w64_d16_e0 with K=346
[2025-12-12 08:21:15] [run_formula] Running formula arbitrated_top_n5_w64_d16_e0 with K=346 up to limit 1600
[2025-12-12 08:21:20] [generate_cnf] Generating formula arbitrated_top_n5_w64_d16_e0 with K=347
[2025-12-12 08:21:41] [run_formula] Running formula arbitrated_top_n5_w64_d16_e0 with K=347 up to limit 1600
[2025-12-12 08:21:47] [generate_cnf] Generating formula arbitrated_top_n5_w64_d16_e0 with K=348
[2025-12-12 08:22:08] [run_formula] Running formula arbitrated_top_n5_w64_d16_e0 with K=348 up to limit 1600
[2025-12-12 08:22:14] [generate_cnf] Generating formula arbitrated_top_n5_w64_d16_e0 with K=349
[2025-12-12 08:22:35] [run_formula] Running formula arbitrated_top_n5_w64_d16_e0 with K=349 up to limit 1600
[2025-12-12 08:22:41] [generate_cnf] Generating formula arbitrated_top_n5_w64_d16_e0 with K=350
[2025-12-12 08:23:02] [run_formula] Running formula arbitrated_top_n5_w64_d16_e0 with K=350 up to limit 1600
[2025-12-12 08:23:15] [generate_cnf] Generating formula arbitrated_top_n5_w64_d16_e0 with K=351
[2025-12-12 08:23:37] [run_formula] Running formula arbitrated_top_n5_w64_d16_e0 with K=351 up to limit 1600
[2025-12-12 08:23:42] [generate_cnf] Generating formula arbitrated_top_n5_w64_d16_e0 with K=352
[2025-12-12 08:24:03] [run_formula] Running formula arbitrated_top_n5_w64_d16_e0 with K=352 up to limit 1600
[2025-12-12 08:24:09] [generate_cnf] Generating formula arbitrated_top_n5_w64_d16_e0 with K=353
[2025-12-12 08:24:30] [run_formula] Running formula arbitrated_top_n5_w64_d16_e0 with K=353 up to limit 1600
[2025-12-12 08:24:36] [generate_cnf] Generating formula arbitrated_top_n5_w64_d16_e0 with K=354
[2025-12-12 08:24:57] [run_formula] Running formula arbitrated_top_n5_w64_d16_e0 with K=354 up to limit 1600
[2025-12-12 08:25:03] [generate_cnf] Generating formula arbitrated_top_n5_w64_d16_e0 with K=355
[2025-12-12 08:25:25] [run_formula] Running formula arbitrated_top_n5_w64_d16_e0 with K=355 up to limit 1600
[2025-12-12 08:25:30] [generate_cnf] Generating formula arbitrated_top_n5_w64_d16_e0 with K=356
[2025-12-12 08:25:51] [run_formula] Running formula arbitrated_top_n5_w64_d16_e0 with K=356 up to limit 1600
[2025-12-12 08:25:57] [generate_cnf] Generating formula arbitrated_top_n5_w64_d16_e0 with K=357
[2025-12-12 08:26:19] [run_formula] Running formula arbitrated_top_n5_w64_d16_e0 with K=357 up to limit 1600
[2025-12-12 08:26:25] [generate_cnf] Generating formula arbitrated_top_n5_w64_d16_e0 with K=358
[2025-12-12 08:26:46] [run_formula] Running formula arbitrated_top_n5_w64_d16_e0 with K=358 up to limit 1600
[2025-12-12 08:26:52] [generate_cnf] Generating formula arbitrated_top_n5_w64_d16_e0 with K=359
[2025-12-12 08:27:13] [run_formula] Running formula arbitrated_top_n5_w64_d16_e0 with K=359 up to limit 1600
[2025-12-12 08:27:19] [generate_cnf] Generating formula arbitrated_top_n5_w64_d16_e0 with K=360
[2025-12-12 08:27:41] [run_formula] Running formula arbitrated_top_n5_w64_d16_e0 with K=360 up to limit 1600
[2025-12-12 08:27:47] [generate_cnf] Generating formula arbitrated_top_n5_w64_d16_e0 with K=361
[2025-12-12 08:28:09] [run_formula] Running formula arbitrated_top_n5_w64_d16_e0 with K=361 up to limit 1600
[2025-12-12 08:28:14] [run_formula] Error running formula arbitrated_top_n5_w64_d16_e0 with K=361: [Errno 122] Disk quota exceeded: './results/solving_logs/arbitrated_top_n5_w64_d16_e0//arbitrated_top_n5_w64_d16_e0.361.log'
[2025-12-12 08:28:14] [generate_and_run_up_to_limit] Failed to run formula arbitrated_top_n5_w64_d16_e0 with K=361, halting
