CNF written.
CNF written.
CNF written.
CNF written.
CNF written.
CNF written.
CNF written.
CNF written.
CNF written.
CNF written.
CNF written.
CNF written.
CNF written.
CNF written.
CNF written.
CNF written.
CNF written.
CNF written.
CNF written.
CNF written.
CNF written.
[2025-12-12 07:46:43] [generate_and_run_up_to_limit] Generating and running beemndhm4b3 with K<=500 up to limit 1600
[2025-12-12 07:46:43] [generate_cnf] Generating formula beemndhm4b3 with K=1
[2025-12-12 07:46:43] [run_formula] Running formula beemndhm4b3 with K=1 up to limit 1600
[2025-12-12 07:46:43] [generate_cnf] Generating formula beemndhm4b3 with K=2
[2025-12-12 07:46:44] [run_formula] Running formula beemndhm4b3 with K=2 up to limit 1600
[2025-12-12 07:46:44] [generate_cnf] Generating formula beemndhm4b3 with K=3
[2025-12-12 07:46:44] [run_formula] Running formula beemndhm4b3 with K=3 up to limit 1600
[2025-12-12 07:46:44] [generate_cnf] Generating formula beemndhm4b3 with K=4
[2025-12-12 07:46:45] [run_formula] Running formula beemndhm4b3 with K=4 up to limit 1600
[2025-12-12 07:46:45] [generate_cnf] Generating formula beemndhm4b3 with K=5
[2025-12-12 07:46:45] [run_formula] Running formula beemndhm4b3 with K=5 up to limit 1600
[2025-12-12 07:46:46] [generate_cnf] Generating formula beemndhm4b3 with K=6
[2025-12-12 07:46:46] [run_formula] Running formula beemndhm4b3 with K=6 up to limit 1600
[2025-12-12 07:46:49] [generate_cnf] Generating formula beemndhm4b3 with K=7
[2025-12-12 07:46:49] [run_formula] Running formula beemndhm4b3 with K=7 up to limit 1600
[2025-12-12 07:46:55] [generate_cnf] Generating formula beemndhm4b3 with K=8
[2025-12-12 07:46:56] [run_formula] Running formula beemndhm4b3 with K=8 up to limit 1600
[2025-12-12 07:47:05] [generate_cnf] Generating formula beemndhm4b3 with K=9
[2025-12-12 07:47:06] [run_formula] Running formula beemndhm4b3 with K=9 up to limit 1600
[2025-12-12 07:47:26] [generate_cnf] Generating formula beemndhm4b3 with K=10
[2025-12-12 07:47:27] [run_formula] Running formula beemndhm4b3 with K=10 up to limit 1600
[2025-12-12 07:48:01] [generate_cnf] Generating formula beemndhm4b3 with K=11
[2025-12-12 07:48:02] [run_formula] Running formula beemndhm4b3 with K=11 up to limit 1600
[2025-12-12 07:48:55] [generate_cnf] Generating formula beemndhm4b3 with K=12
[2025-12-12 07:48:56] [run_formula] Running formula beemndhm4b3 with K=12 up to limit 1600
[2025-12-12 07:50:20] [generate_cnf] Generating formula beemndhm4b3 with K=13
[2025-12-12 07:50:20] [run_formula] Running formula beemndhm4b3 with K=13 up to limit 1600
[2025-12-12 07:52:12] [generate_cnf] Generating formula beemndhm4b3 with K=14
[2025-12-12 07:52:13] [run_formula] Running formula beemndhm4b3 with K=14 up to limit 1600
[2025-12-12 07:54:22] [generate_cnf] Generating formula beemndhm4b3 with K=15
[2025-12-12 07:54:23] [run_formula] Running formula beemndhm4b3 with K=15 up to limit 1600
[2025-12-12 07:57:04] [generate_cnf] Generating formula beemndhm4b3 with K=16
[2025-12-12 07:57:05] [run_formula] Running formula beemndhm4b3 with K=16 up to limit 1600
[2025-12-12 08:00:14] [generate_cnf] Generating formula beemndhm4b3 with K=17
[2025-12-12 08:00:15] [run_formula] Running formula beemndhm4b3 with K=17 up to limit 1600
[2025-12-12 08:03:11] [generate_cnf] Generating formula beemndhm4b3 with K=18
[2025-12-12 08:03:12] [run_formula] Running formula beemndhm4b3 with K=18 up to limit 1600
[2025-12-12 08:06:36] [generate_cnf] Generating formula beemndhm4b3 with K=19
[2025-12-12 08:06:38] [run_formula] Running formula beemndhm4b3 with K=19 up to limit 1600
[2025-12-12 08:15:31] [generate_cnf] Generating formula beemndhm4b3 with K=20
[2025-12-12 08:15:32] [run_formula] Running formula beemndhm4b3 with K=20 up to limit 1600
[2025-12-12 08:23:35] [generate_cnf] Generating formula beemndhm4b3 with K=21
[2025-12-12 08:23:37] [run_formula] Running formula beemndhm4b3 with K=21 up to limit 1600
[2025-12-12 08:33:43] [run_formula] Error running formula beemndhm4b3 with K=21: [Errno 122] Disk quota exceeded: './results/solving_logs/beemndhm4b3//beemndhm4b3.21.log'
[2025-12-12 08:33:43] [generate_and_run_up_to_limit] Failed to run formula beemndhm4b3 with K=21, halting
