CNF written.
CNF written.
CNF written.
CNF written.
CNF written.
CNF written.
CNF written.
CNF written.
CNF written.
CNF written.
CNF written.
CNF written.
CNF written.
CNF written.
CNF written.
CNF written.
CNF written.
CNF written.
CNF written.
CNF written.
CNF written.
CNF written.
CNF written.
CNF written.
CNF written.
CNF written.
CNF written.
CNF written.
CNF written.
CNF written.
CNF written.
CNF written.
CNF written.
CNF written.
CNF written.
CNF written.
CNF written.
CNF written.
CNF written.
CNF written.
CNF written.
CNF written.
CNF written.
CNF written.
CNF written.
CNF written.
CNF written.
CNF written.
CNF written.
CNF written.
CNF written.
CNF written.
CNF written.
CNF written.
CNF written.
CNF written.
CNF written.
CNF written.
CNF written.
CNF written.
CNF written.
CNF written.
CNF written.
CNF written.
CNF written.
CNF written.
CNF written.
CNF written.
CNF written.
CNF written.
CNF written.
CNF written.
CNF written.
CNF written.
CNF written.
CNF written.
CNF written.
CNF written.
CNF written.
CNF written.
CNF written.
CNF written.
CNF written.
[2025-12-12 07:50:06] [generate_and_run_up_to_limit] Generating and running beemptrsn1b1 with K<=500 up to limit 1600
[2025-12-12 07:50:06] [generate_cnf] Generating formula beemptrsn1b1 with K=1
[2025-12-12 07:50:06] [run_formula] Running formula beemptrsn1b1 with K=1 up to limit 1600
[2025-12-12 07:50:06] [generate_cnf] Generating formula beemptrsn1b1 with K=2
[2025-12-12 07:50:06] [run_formula] Running formula beemptrsn1b1 with K=2 up to limit 1600
[2025-12-12 07:50:06] [generate_cnf] Generating formula beemptrsn1b1 with K=3
[2025-12-12 07:50:06] [run_formula] Running formula beemptrsn1b1 with K=3 up to limit 1600
[2025-12-12 07:50:06] [generate_cnf] Generating formula beemptrsn1b1 with K=4
[2025-12-12 07:50:06] [run_formula] Running formula beemptrsn1b1 with K=4 up to limit 1600
[2025-12-12 07:50:06] [generate_cnf] Generating formula beemptrsn1b1 with K=5
[2025-12-12 07:50:06] [run_formula] Running formula beemptrsn1b1 with K=5 up to limit 1600
[2025-12-12 07:50:06] [generate_cnf] Generating formula beemptrsn1b1 with K=6
[2025-12-12 07:50:06] [run_formula] Running formula beemptrsn1b1 with K=6 up to limit 1600
[2025-12-12 07:50:06] [generate_cnf] Generating formula beemptrsn1b1 with K=7
[2025-12-12 07:50:06] [run_formula] Running formula beemptrsn1b1 with K=7 up to limit 1600
[2025-12-12 07:50:07] [generate_cnf] Generating formula beemptrsn1b1 with K=8
[2025-12-12 07:50:07] [run_formula] Running formula beemptrsn1b1 with K=8 up to limit 1600
[2025-12-12 07:50:07] [generate_cnf] Generating formula beemptrsn1b1 with K=9
[2025-12-12 07:50:07] [run_formula] Running formula beemptrsn1b1 with K=9 up to limit 1600
[2025-12-12 07:50:07] [generate_cnf] Generating formula beemptrsn1b1 with K=10
[2025-12-12 07:50:07] [run_formula] Running formula beemptrsn1b1 with K=10 up to limit 1600
[2025-12-12 07:50:07] [generate_cnf] Generating formula beemptrsn1b1 with K=11
[2025-12-12 07:50:07] [run_formula] Running formula beemptrsn1b1 with K=11 up to limit 1600
[2025-12-12 07:50:08] [generate_cnf] Generating formula beemptrsn1b1 with K=12
[2025-12-12 07:50:08] [run_formula] Running formula beemptrsn1b1 with K=12 up to limit 1600
[2025-12-12 07:50:08] [generate_cnf] Generating formula beemptrsn1b1 with K=13
[2025-12-12 07:50:08] [run_formula] Running formula beemptrsn1b1 with K=13 up to limit 1600
[2025-12-12 07:50:09] [generate_cnf] Generating formula beemptrsn1b1 with K=14
[2025-12-12 07:50:09] [run_formula] Running formula beemptrsn1b1 with K=14 up to limit 1600
[2025-12-12 07:50:11] [generate_cnf] Generating formula beemptrsn1b1 with K=15
[2025-12-12 07:50:11] [run_formula] Running formula beemptrsn1b1 with K=15 up to limit 1600
[2025-12-12 07:50:12] [generate_cnf] Generating formula beemptrsn1b1 with K=16
[2025-12-12 07:50:12] [run_formula] Running formula beemptrsn1b1 with K=16 up to limit 1600
[2025-12-12 07:50:14] [generate_cnf] Generating formula beemptrsn1b1 with K=17
[2025-12-12 07:50:14] [run_formula] Running formula beemptrsn1b1 with K=17 up to limit 1600
[2025-12-12 07:50:16] [generate_cnf] Generating formula beemptrsn1b1 with K=18
[2025-12-12 07:50:16] [run_formula] Running formula beemptrsn1b1 with K=18 up to limit 1600
[2025-12-12 07:50:19] [generate_cnf] Generating formula beemptrsn1b1 with K=19
[2025-12-12 07:50:19] [run_formula] Running formula beemptrsn1b1 with K=19 up to limit 1600
[2025-12-12 07:50:22] [generate_cnf] Generating formula beemptrsn1b1 with K=20
[2025-12-12 07:50:22] [run_formula] Running formula beemptrsn1b1 with K=20 up to limit 1600
[2025-12-12 07:50:26] [generate_cnf] Generating formula beemptrsn1b1 with K=21
[2025-12-12 07:50:26] [run_formula] Running formula beemptrsn1b1 with K=21 up to limit 1600
[2025-12-12 07:50:31] [generate_cnf] Generating formula beemptrsn1b1 with K=22
[2025-12-12 07:50:31] [run_formula] Running formula beemptrsn1b1 with K=22 up to limit 1600
[2025-12-12 07:50:37] [generate_cnf] Generating formula beemptrsn1b1 with K=23
[2025-12-12 07:50:37] [run_formula] Running formula beemptrsn1b1 with K=23 up to limit 1600
[2025-12-12 07:50:44] [generate_cnf] Generating formula beemptrsn1b1 with K=24
[2025-12-12 07:50:44] [run_formula] Running formula beemptrsn1b1 with K=24 up to limit 1600
[2025-12-12 07:50:52] [generate_cnf] Generating formula beemptrsn1b1 with K=25
[2025-12-12 07:50:52] [run_formula] Running formula beemptrsn1b1 with K=25 up to limit 1600
[2025-12-12 07:51:01] [generate_cnf] Generating formula beemptrsn1b1 with K=26
[2025-12-12 07:51:01] [run_formula] Running formula beemptrsn1b1 with K=26 up to limit 1600
[2025-12-12 07:51:11] [generate_cnf] Generating formula beemptrsn1b1 with K=27
[2025-12-12 07:51:12] [run_formula] Running formula beemptrsn1b1 with K=27 up to limit 1600
[2025-12-12 07:51:22] [generate_cnf] Generating formula beemptrsn1b1 with K=28
[2025-12-12 07:51:22] [run_formula] Running formula beemptrsn1b1 with K=28 up to limit 1600
[2025-12-12 07:51:32] [generate_cnf] Generating formula beemptrsn1b1 with K=29
[2025-12-12 07:51:33] [run_formula] Running formula beemptrsn1b1 with K=29 up to limit 1600
[2025-12-12 07:51:44] [generate_cnf] Generating formula beemptrsn1b1 with K=30
[2025-12-12 07:51:44] [run_formula] Running formula beemptrsn1b1 with K=30 up to limit 1600
[2025-12-12 07:51:56] [generate_cnf] Generating formula beemptrsn1b1 with K=31
[2025-12-12 07:51:57] [run_formula] Running formula beemptrsn1b1 with K=31 up to limit 1600
[2025-12-12 07:52:09] [generate_cnf] Generating formula beemptrsn1b1 with K=32
[2025-12-12 07:52:10] [run_formula] Running formula beemptrsn1b1 with K=32 up to limit 1600
[2025-12-12 07:52:24] [generate_cnf] Generating formula beemptrsn1b1 with K=33
[2025-12-12 07:52:24] [run_formula] Running formula beemptrsn1b1 with K=33 up to limit 1600
[2025-12-12 07:52:39] [generate_cnf] Generating formula beemptrsn1b1 with K=34
[2025-12-12 07:52:40] [run_formula] Running formula beemptrsn1b1 with K=34 up to limit 1600
[2025-12-12 07:52:54] [generate_cnf] Generating formula beemptrsn1b1 with K=35
[2025-12-12 07:52:54] [run_formula] Running formula beemptrsn1b1 with K=35 up to limit 1600
[2025-12-12 07:53:11] [generate_cnf] Generating formula beemptrsn1b1 with K=36
[2025-12-12 07:53:11] [run_formula] Running formula beemptrsn1b1 with K=36 up to limit 1600
[2025-12-12 07:53:31] [generate_cnf] Generating formula beemptrsn1b1 with K=37
[2025-12-12 07:53:31] [run_formula] Running formula beemptrsn1b1 with K=37 up to limit 1600
[2025-12-12 07:53:49] [generate_cnf] Generating formula beemptrsn1b1 with K=38
[2025-12-12 07:53:50] [run_formula] Running formula beemptrsn1b1 with K=38 up to limit 1600
[2025-12-12 07:54:08] [generate_cnf] Generating formula beemptrsn1b1 with K=39
[2025-12-12 07:54:08] [run_formula] Running formula beemptrsn1b1 with K=39 up to limit 1600
[2025-12-12 07:54:27] [generate_cnf] Generating formula beemptrsn1b1 with K=40
[2025-12-12 07:54:28] [run_formula] Running formula beemptrsn1b1 with K=40 up to limit 1600
[2025-12-12 07:54:49] [generate_cnf] Generating formula beemptrsn1b1 with K=41
[2025-12-12 07:54:49] [run_formula] Running formula beemptrsn1b1 with K=41 up to limit 1600
[2025-12-12 07:55:06] [generate_cnf] Generating formula beemptrsn1b1 with K=42
[2025-12-12 07:55:06] [run_formula] Running formula beemptrsn1b1 with K=42 up to limit 1600
[2025-12-12 07:55:26] [generate_cnf] Generating formula beemptrsn1b1 with K=43
[2025-12-12 07:55:26] [run_formula] Running formula beemptrsn1b1 with K=43 up to limit 1600
[2025-12-12 07:55:49] [generate_cnf] Generating formula beemptrsn1b1 with K=44
[2025-12-12 07:55:49] [run_formula] Running formula beemptrsn1b1 with K=44 up to limit 1600
[2025-12-12 07:56:13] [generate_cnf] Generating formula beemptrsn1b1 with K=45
[2025-12-12 07:56:13] [run_formula] Running formula beemptrsn1b1 with K=45 up to limit 1600
[2025-12-12 07:56:36] [generate_cnf] Generating formula beemptrsn1b1 with K=46
[2025-12-12 07:56:36] [run_formula] Running formula beemptrsn1b1 with K=46 up to limit 1600
[2025-12-12 07:57:02] [generate_cnf] Generating formula beemptrsn1b1 with K=47
[2025-12-12 07:57:02] [run_formula] Running formula beemptrsn1b1 with K=47 up to limit 1600
[2025-12-12 07:57:36] [generate_cnf] Generating formula beemptrsn1b1 with K=48
[2025-12-12 07:57:36] [run_formula] Running formula beemptrsn1b1 with K=48 up to limit 1600
[2025-12-12 07:58:05] [generate_cnf] Generating formula beemptrsn1b1 with K=49
[2025-12-12 07:58:05] [run_formula] Running formula beemptrsn1b1 with K=49 up to limit 1600
[2025-12-12 07:58:29] [generate_cnf] Generating formula beemptrsn1b1 with K=50
[2025-12-12 07:58:29] [run_formula] Running formula beemptrsn1b1 with K=50 up to limit 1600
[2025-12-12 07:59:04] [generate_cnf] Generating formula beemptrsn1b1 with K=51
[2025-12-12 07:59:04] [run_formula] Running formula beemptrsn1b1 with K=51 up to limit 1600
[2025-12-12 07:59:40] [generate_cnf] Generating formula beemptrsn1b1 with K=52
[2025-12-12 07:59:41] [run_formula] Running formula beemptrsn1b1 with K=52 up to limit 1600
[2025-12-12 08:00:21] [generate_cnf] Generating formula beemptrsn1b1 with K=53
[2025-12-12 08:00:21] [run_formula] Running formula beemptrsn1b1 with K=53 up to limit 1600
[2025-12-12 08:00:52] [generate_cnf] Generating formula beemptrsn1b1 with K=54
[2025-12-12 08:00:52] [run_formula] Running formula beemptrsn1b1 with K=54 up to limit 1600
[2025-12-12 08:01:33] [generate_cnf] Generating formula beemptrsn1b1 with K=55
[2025-12-12 08:01:33] [run_formula] Running formula beemptrsn1b1 with K=55 up to limit 1600
[2025-12-12 08:02:14] [generate_cnf] Generating formula beemptrsn1b1 with K=56
[2025-12-12 08:02:14] [run_formula] Running formula beemptrsn1b1 with K=56 up to limit 1600
[2025-12-12 08:02:54] [generate_cnf] Generating formula beemptrsn1b1 with K=57
[2025-12-12 08:02:55] [run_formula] Running formula beemptrsn1b1 with K=57 up to limit 1600
[2025-12-12 08:03:33] [generate_cnf] Generating formula beemptrsn1b1 with K=58
[2025-12-12 08:03:33] [run_formula] Running formula beemptrsn1b1 with K=58 up to limit 1600
[2025-12-12 08:04:18] [generate_cnf] Generating formula beemptrsn1b1 with K=59
[2025-12-12 08:04:18] [run_formula] Running formula beemptrsn1b1 with K=59 up to limit 1600
[2025-12-12 08:05:01] [generate_cnf] Generating formula beemptrsn1b1 with K=60
[2025-12-12 08:05:02] [run_formula] Running formula beemptrsn1b1 with K=60 up to limit 1600
[2025-12-12 08:05:49] [generate_cnf] Generating formula beemptrsn1b1 with K=61
[2025-12-12 08:05:49] [run_formula] Running formula beemptrsn1b1 with K=61 up to limit 1600
[2025-12-12 08:06:29] [generate_cnf] Generating formula beemptrsn1b1 with K=62
[2025-12-12 08:06:30] [run_formula] Running formula beemptrsn1b1 with K=62 up to limit 1600
[2025-12-12 08:07:15] [generate_cnf] Generating formula beemptrsn1b1 with K=63
[2025-12-12 08:07:16] [run_formula] Running formula beemptrsn1b1 with K=63 up to limit 1600
[2025-12-12 08:08:05] [generate_cnf] Generating formula beemptrsn1b1 with K=64
[2025-12-12 08:08:05] [run_formula] Running formula beemptrsn1b1 with K=64 up to limit 1600
[2025-12-12 08:08:53] [generate_cnf] Generating formula beemptrsn1b1 with K=65
[2025-12-12 08:08:53] [run_formula] Running formula beemptrsn1b1 with K=65 up to limit 1600
[2025-12-12 08:09:45] [generate_cnf] Generating formula beemptrsn1b1 with K=66
[2025-12-12 08:09:46] [run_formula] Running formula beemptrsn1b1 with K=66 up to limit 1600
[2025-12-12 08:10:34] [generate_cnf] Generating formula beemptrsn1b1 with K=67
[2025-12-12 08:10:35] [run_formula] Running formula beemptrsn1b1 with K=67 up to limit 1600
[2025-12-12 08:11:31] [generate_cnf] Generating formula beemptrsn1b1 with K=68
[2025-12-12 08:11:31] [run_formula] Running formula beemptrsn1b1 with K=68 up to limit 1600
[2025-12-12 08:12:29] [generate_cnf] Generating formula beemptrsn1b1 with K=69
[2025-12-12 08:12:29] [run_formula] Running formula beemptrsn1b1 with K=69 up to limit 1600
[2025-12-12 08:13:31] [generate_cnf] Generating formula beemptrsn1b1 with K=70
[2025-12-12 08:13:31] [run_formula] Running formula beemptrsn1b1 with K=70 up to limit 1600
[2025-12-12 08:14:19] [generate_cnf] Generating formula beemptrsn1b1 with K=71
[2025-12-12 08:14:19] [run_formula] Running formula beemptrsn1b1 with K=71 up to limit 1600
[2025-12-12 08:15:17] [generate_cnf] Generating formula beemptrsn1b1 with K=72
[2025-12-12 08:15:17] [run_formula] Running formula beemptrsn1b1 with K=72 up to limit 1600
[2025-12-12 08:16:16] [generate_cnf] Generating formula beemptrsn1b1 with K=73
[2025-12-12 08:16:17] [run_formula] Running formula beemptrsn1b1 with K=73 up to limit 1600
[2025-12-12 08:17:11] [generate_cnf] Generating formula beemptrsn1b1 with K=74
[2025-12-12 08:17:11] [run_formula] Running formula beemptrsn1b1 with K=74 up to limit 1600
[2025-12-12 08:18:11] [generate_cnf] Generating formula beemptrsn1b1 with K=75
[2025-12-12 08:18:11] [run_formula] Running formula beemptrsn1b1 with K=75 up to limit 1600
[2025-12-12 08:19:14] [generate_cnf] Generating formula beemptrsn1b1 with K=76
[2025-12-12 08:19:14] [run_formula] Running formula beemptrsn1b1 with K=76 up to limit 1600
[2025-12-12 08:20:14] [generate_cnf] Generating formula beemptrsn1b1 with K=77
[2025-12-12 08:20:14] [run_formula] Running formula beemptrsn1b1 with K=77 up to limit 1600
[2025-12-12 08:21:17] [generate_cnf] Generating formula beemptrsn1b1 with K=78
[2025-12-12 08:21:18] [run_formula] Running formula beemptrsn1b1 with K=78 up to limit 1600
[2025-12-12 08:22:21] [generate_cnf] Generating formula beemptrsn1b1 with K=79
[2025-12-12 08:22:21] [run_formula] Running formula beemptrsn1b1 with K=79 up to limit 1600
[2025-12-12 08:23:26] [generate_cnf] Generating formula beemptrsn1b1 with K=80
[2025-12-12 08:23:26] [run_formula] Running formula beemptrsn1b1 with K=80 up to limit 1600
[2025-12-12 08:24:31] [generate_cnf] Generating formula beemptrsn1b1 with K=81
[2025-12-12 08:24:31] [run_formula] Running formula beemptrsn1b1 with K=81 up to limit 1600
[2025-12-12 08:25:44] [generate_cnf] Generating formula beemptrsn1b1 with K=82
[2025-12-12 08:25:44] [run_formula] Running formula beemptrsn1b1 with K=82 up to limit 1600
[2025-12-12 08:26:54] [generate_cnf] Generating formula beemptrsn1b1 with K=83
[2025-12-12 08:26:54] [run_formula] Running formula beemptrsn1b1 with K=83 up to limit 1600
[2025-12-12 08:28:07] [run_formula] Error running formula beemptrsn1b1 with K=83: [Errno 122] Disk quota exceeded: './results/solving_logs/beemptrsn1b1//beemptrsn1b1.83.log'
[2025-12-12 08:28:07] [generate_and_run_up_to_limit] Failed to run formula beemptrsn1b1 with K=83, halting
