CNF written.
CNF written.
CNF written.
CNF written.
CNF written.
CNF written.
CNF written.
CNF written.
CNF written.
CNF written.
CNF written.
CNF written.
CNF written.
CNF written.
CNF written.
CNF written.
CNF written.
[2025-12-12 07:46:43] [generate_and_run_up_to_limit] Generating and running beempgsol5b1 with K<=500 up to limit 1600
[2025-12-12 07:46:43] [generate_cnf] Generating formula beempgsol5b1 with K=1
[2025-12-12 07:46:43] [run_formula] Running formula beempgsol5b1 with K=1 up to limit 1600
[2025-12-12 07:46:43] [generate_cnf] Generating formula beempgsol5b1 with K=2
[2025-12-12 07:46:43] [run_formula] Running formula beempgsol5b1 with K=2 up to limit 1600
[2025-12-12 07:46:43] [generate_cnf] Generating formula beempgsol5b1 with K=3
[2025-12-12 07:46:44] [run_formula] Running formula beempgsol5b1 with K=3 up to limit 1600
[2025-12-12 07:46:48] [generate_cnf] Generating formula beempgsol5b1 with K=4
[2025-12-12 07:46:49] [run_formula] Running formula beempgsol5b1 with K=4 up to limit 1600
[2025-12-12 07:49:44] [generate_cnf] Generating formula beempgsol5b1 with K=5
[2025-12-12 07:49:44] [run_formula] Running formula beempgsol5b1 with K=5 up to limit 1600
[2025-12-12 07:50:16] [generate_cnf] Generating formula beempgsol5b1 with K=6
[2025-12-12 07:50:16] [run_formula] Running formula beempgsol5b1 with K=6 up to limit 1600
[2025-12-12 07:50:41] [generate_cnf] Generating formula beempgsol5b1 with K=7
[2025-12-12 07:50:42] [run_formula] Running formula beempgsol5b1 with K=7 up to limit 1600
[2025-12-12 07:50:47] [generate_cnf] Generating formula beempgsol5b1 with K=8
[2025-12-12 07:50:47] [run_formula] Running formula beempgsol5b1 with K=8 up to limit 1600
[2025-12-12 07:50:50] [generate_cnf] Generating formula beempgsol5b1 with K=9
[2025-12-12 07:50:51] [run_formula] Running formula beempgsol5b1 with K=9 up to limit 1600
[2025-12-12 07:50:57] [generate_cnf] Generating formula beempgsol5b1 with K=10
[2025-12-12 07:50:57] [run_formula] Running formula beempgsol5b1 with K=10 up to limit 1600
[2025-12-12 07:50:59] [generate_cnf] Generating formula beempgsol5b1 with K=11
[2025-12-12 07:50:59] [run_formula] Running formula beempgsol5b1 with K=11 up to limit 1600
[2025-12-12 07:51:07] [generate_cnf] Generating formula beempgsol5b1 with K=12
[2025-12-12 07:51:08] [run_formula] Running formula beempgsol5b1 with K=12 up to limit 1600
[2025-12-12 07:51:11] [generate_cnf] Generating formula beempgsol5b1 with K=13
[2025-12-12 07:51:12] [run_formula] Running formula beempgsol5b1 with K=13 up to limit 1600
[2025-12-12 07:51:19] [generate_cnf] Generating formula beempgsol5b1 with K=14
[2025-12-12 07:51:20] [run_formula] Running formula beempgsol5b1 with K=14 up to limit 1600
[2025-12-12 07:51:27] [generate_cnf] Generating formula beempgsol5b1 with K=15
[2025-12-12 07:51:28] [run_formula] Running formula beempgsol5b1 with K=15 up to limit 1600
[2025-12-12 07:51:56] [generate_cnf] Generating formula beempgsol5b1 with K=16
[2025-12-12 07:51:57] [run_formula] Running formula beempgsol5b1 with K=16 up to limit 1600
[2025-12-12 07:54:44] [generate_cnf] Generating formula beempgsol5b1 with K=17
[2025-12-12 07:54:45] [run_formula] Running formula beempgsol5b1 with K=17 up to limit 1600
[2025-12-12 08:21:25] [run_formula] Formula beempgsol5b1 with K=17 timed out after 1600 seconds
[2025-12-12 08:21:25] [generate_and_run_up_to_limit] Failed to run formula beempgsol5b1 with K=17, halting
