CNF written.
CNF written.
CNF written.
CNF written.
CNF written.
CNF written.
CNF written.
CNF written.
CNF written.
CNF written.
CNF written.
CNF written.
CNF written.
CNF written.
CNF written.
CNF written.
CNF written.
CNF written.
CNF written.
CNF written.
CNF written.
CNF written.
CNF written.
CNF written.
CNF written.
CNF written.
CNF written.
CNF written.
CNF written.
CNF written.
CNF written.
CNF written.
CNF written.
CNF written.
CNF written.
CNF written.
CNF written.
CNF written.
CNF written.
CNF written.
CNF written.
[2025-12-12 07:33:29] [generate_and_run_up_to_limit] Generating and running beemlann2f1 with K<=500 up to limit 1600
[2025-12-12 07:33:29] [generate_cnf] Generating formula beemlann2f1 with K=1
[2025-12-12 07:33:29] [run_formula] Running formula beemlann2f1 with K=1 up to limit 1600
[2025-12-12 07:33:29] [generate_cnf] Generating formula beemlann2f1 with K=2
[2025-12-12 07:33:29] [run_formula] Running formula beemlann2f1 with K=2 up to limit 1600
[2025-12-12 07:33:29] [generate_cnf] Generating formula beemlann2f1 with K=3
[2025-12-12 07:33:29] [run_formula] Running formula beemlann2f1 with K=3 up to limit 1600
[2025-12-12 07:33:29] [generate_cnf] Generating formula beemlann2f1 with K=4
[2025-12-12 07:33:29] [run_formula] Running formula beemlann2f1 with K=4 up to limit 1600
[2025-12-12 07:33:29] [generate_cnf] Generating formula beemlann2f1 with K=5
[2025-12-12 07:33:29] [run_formula] Running formula beemlann2f1 with K=5 up to limit 1600
[2025-12-12 07:33:29] [generate_cnf] Generating formula beemlann2f1 with K=6
[2025-12-12 07:33:29] [run_formula] Running formula beemlann2f1 with K=6 up to limit 1600
[2025-12-12 07:33:29] [generate_cnf] Generating formula beemlann2f1 with K=7
[2025-12-12 07:33:29] [run_formula] Running formula beemlann2f1 with K=7 up to limit 1600
[2025-12-12 07:33:29] [generate_cnf] Generating formula beemlann2f1 with K=8
[2025-12-12 07:33:29] [run_formula] Running formula beemlann2f1 with K=8 up to limit 1600
[2025-12-12 07:33:29] [generate_cnf] Generating formula beemlann2f1 with K=9
[2025-12-12 07:33:29] [run_formula] Running formula beemlann2f1 with K=9 up to limit 1600
[2025-12-12 07:33:29] [generate_cnf] Generating formula beemlann2f1 with K=10
[2025-12-12 07:33:29] [run_formula] Running formula beemlann2f1 with K=10 up to limit 1600
[2025-12-12 07:33:29] [generate_cnf] Generating formula beemlann2f1 with K=11
[2025-12-12 07:33:29] [run_formula] Running formula beemlann2f1 with K=11 up to limit 1600
[2025-12-12 07:33:30] [generate_cnf] Generating formula beemlann2f1 with K=12
[2025-12-12 07:33:30] [run_formula] Running formula beemlann2f1 with K=12 up to limit 1600
[2025-12-12 07:33:30] [generate_cnf] Generating formula beemlann2f1 with K=13
[2025-12-12 07:33:30] [run_formula] Running formula beemlann2f1 with K=13 up to limit 1600
[2025-12-12 07:33:30] [generate_cnf] Generating formula beemlann2f1 with K=14
[2025-12-12 07:33:30] [run_formula] Running formula beemlann2f1 with K=14 up to limit 1600
[2025-12-12 07:33:31] [generate_cnf] Generating formula beemlann2f1 with K=15
[2025-12-12 07:33:31] [run_formula] Running formula beemlann2f1 with K=15 up to limit 1600
[2025-12-12 07:33:31] [generate_cnf] Generating formula beemlann2f1 with K=16
[2025-12-12 07:33:31] [run_formula] Running formula beemlann2f1 with K=16 up to limit 1600
[2025-12-12 07:33:32] [generate_cnf] Generating formula beemlann2f1 with K=17
[2025-12-12 07:33:32] [run_formula] Running formula beemlann2f1 with K=17 up to limit 1600
[2025-12-12 07:33:33] [generate_cnf] Generating formula beemlann2f1 with K=18
[2025-12-12 07:33:33] [run_formula] Running formula beemlann2f1 with K=18 up to limit 1600
[2025-12-12 07:33:34] [generate_cnf] Generating formula beemlann2f1 with K=19
[2025-12-12 07:33:34] [run_formula] Running formula beemlann2f1 with K=19 up to limit 1600
[2025-12-12 07:33:35] [generate_cnf] Generating formula beemlann2f1 with K=20
[2025-12-12 07:33:35] [run_formula] Running formula beemlann2f1 with K=20 up to limit 1600
[2025-12-12 07:33:37] [generate_cnf] Generating formula beemlann2f1 with K=21
[2025-12-12 07:33:37] [run_formula] Running formula beemlann2f1 with K=21 up to limit 1600
[2025-12-12 07:33:40] [generate_cnf] Generating formula beemlann2f1 with K=22
[2025-12-12 07:33:40] [run_formula] Running formula beemlann2f1 with K=22 up to limit 1600
[2025-12-12 07:33:44] [generate_cnf] Generating formula beemlann2f1 with K=23
[2025-12-12 07:33:44] [run_formula] Running formula beemlann2f1 with K=23 up to limit 1600
[2025-12-12 07:33:49] [generate_cnf] Generating formula beemlann2f1 with K=24
[2025-12-12 07:33:49] [run_formula] Running formula beemlann2f1 with K=24 up to limit 1600
[2025-12-12 07:33:58] [generate_cnf] Generating formula beemlann2f1 with K=25
[2025-12-12 07:33:58] [run_formula] Running formula beemlann2f1 with K=25 up to limit 1600
[2025-12-12 07:34:06] [generate_cnf] Generating formula beemlann2f1 with K=26
[2025-12-12 07:34:06] [run_formula] Running formula beemlann2f1 with K=26 up to limit 1600
[2025-12-12 07:34:20] [generate_cnf] Generating formula beemlann2f1 with K=27
[2025-12-12 07:34:20] [run_formula] Running formula beemlann2f1 with K=27 up to limit 1600
[2025-12-12 07:34:36] [generate_cnf] Generating formula beemlann2f1 with K=28
[2025-12-12 07:34:36] [run_formula] Running formula beemlann2f1 with K=28 up to limit 1600
[2025-12-12 07:35:02] [generate_cnf] Generating formula beemlann2f1 with K=29
[2025-12-12 07:35:02] [run_formula] Running formula beemlann2f1 with K=29 up to limit 1600
[2025-12-12 07:35:27] [generate_cnf] Generating formula beemlann2f1 with K=30
[2025-12-12 07:35:27] [run_formula] Running formula beemlann2f1 with K=30 up to limit 1600
[2025-12-12 07:36:09] [generate_cnf] Generating formula beemlann2f1 with K=31
[2025-12-12 07:36:09] [run_formula] Running formula beemlann2f1 with K=31 up to limit 1600
[2025-12-12 07:37:02] [generate_cnf] Generating formula beemlann2f1 with K=32
[2025-12-12 07:37:02] [run_formula] Running formula beemlann2f1 with K=32 up to limit 1600
[2025-12-12 07:38:11] [generate_cnf] Generating formula beemlann2f1 with K=33
[2025-12-12 07:38:11] [run_formula] Running formula beemlann2f1 with K=33 up to limit 1600
[2025-12-12 07:39:49] [generate_cnf] Generating formula beemlann2f1 with K=34
[2025-12-12 07:39:49] [run_formula] Running formula beemlann2f1 with K=34 up to limit 1600
[2025-12-12 07:41:55] [generate_cnf] Generating formula beemlann2f1 with K=35
[2025-12-12 07:41:56] [run_formula] Running formula beemlann2f1 with K=35 up to limit 1600
[2025-12-12 07:44:10] [generate_cnf] Generating formula beemlann2f1 with K=36
[2025-12-12 07:44:10] [run_formula] Running formula beemlann2f1 with K=36 up to limit 1600
[2025-12-12 07:46:44] [generate_cnf] Generating formula beemlann2f1 with K=37
[2025-12-12 07:46:44] [run_formula] Running formula beemlann2f1 with K=37 up to limit 1600
[2025-12-12 07:50:18] [generate_cnf] Generating formula beemlann2f1 with K=38
[2025-12-12 07:50:18] [run_formula] Running formula beemlann2f1 with K=38 up to limit 1600
[2025-12-12 07:56:33] [generate_cnf] Generating formula beemlann2f1 with K=39
[2025-12-12 07:56:33] [run_formula] Running formula beemlann2f1 with K=39 up to limit 1600
[2025-12-12 08:05:58] [generate_cnf] Generating formula beemlann2f1 with K=40
[2025-12-12 08:05:58] [run_formula] Running formula beemlann2f1 with K=40 up to limit 1600
[2025-12-12 08:16:07] [generate_cnf] Generating formula beemlann2f1 with K=41
[2025-12-12 08:16:07] [run_formula] Running formula beemlann2f1 with K=41 up to limit 1600
[2025-12-12 08:29:22] [run_formula] Error running formula beemlann2f1 with K=41: [Errno 122] Disk quota exceeded: './results/solving_logs/beemlann2f1//beemlann2f1.41.log'
[2025-12-12 08:29:22] [generate_and_run_up_to_limit] Failed to run formula beemlann2f1 with K=41, halting
