CNF written.
CNF written.
CNF written.
CNF written.
CNF written.
CNF written.
CNF written.
CNF written.
CNF written.
CNF written.
CNF written.
CNF written.
CNF written.
CNF written.
CNF written.
CNF written.
CNF written.
CNF written.
CNF written.
CNF written.
CNF written.
CNF written.
CNF written.
CNF written.
CNF written.
CNF written.
CNF written.
CNF written.
CNF written.
CNF written.
CNF written.
CNF written.
CNF written.
CNF written.
CNF written.
CNF written.
CNF written.
CNF written.
CNF written.
CNF written.
CNF written.
CNF written.
CNF written.
CNF written.
CNF written.
CNF written.
CNF written.
CNF written.
CNF written.
CNF written.
CNF written.
CNF written.
CNF written.
CNF written.
[2025-12-12 08:03:38] [generate_and_run_up_to_limit] Generating and running beemextnc3f1 with K<=500 up to limit 1600
[2025-12-12 08:03:38] [generate_cnf] Generating formula beemextnc3f1 with K=1
[2025-12-12 08:03:38] [run_formula] Running formula beemextnc3f1 with K=1 up to limit 1600
[2025-12-12 08:03:38] [generate_cnf] Generating formula beemextnc3f1 with K=2
[2025-12-12 08:03:38] [run_formula] Running formula beemextnc3f1 with K=2 up to limit 1600
[2025-12-12 08:03:38] [generate_cnf] Generating formula beemextnc3f1 with K=3
[2025-12-12 08:03:38] [run_formula] Running formula beemextnc3f1 with K=3 up to limit 1600
[2025-12-12 08:03:38] [generate_cnf] Generating formula beemextnc3f1 with K=4
[2025-12-12 08:03:38] [run_formula] Running formula beemextnc3f1 with K=4 up to limit 1600
[2025-12-12 08:03:38] [generate_cnf] Generating formula beemextnc3f1 with K=5
[2025-12-12 08:03:38] [run_formula] Running formula beemextnc3f1 with K=5 up to limit 1600
[2025-12-12 08:03:38] [generate_cnf] Generating formula beemextnc3f1 with K=6
[2025-12-12 08:03:39] [run_formula] Running formula beemextnc3f1 with K=6 up to limit 1600
[2025-12-12 08:03:39] [generate_cnf] Generating formula beemextnc3f1 with K=7
[2025-12-12 08:03:39] [run_formula] Running formula beemextnc3f1 with K=7 up to limit 1600
[2025-12-12 08:03:39] [generate_cnf] Generating formula beemextnc3f1 with K=8
[2025-12-12 08:03:39] [run_formula] Running formula beemextnc3f1 with K=8 up to limit 1600
[2025-12-12 08:03:39] [generate_cnf] Generating formula beemextnc3f1 with K=9
[2025-12-12 08:03:39] [run_formula] Running formula beemextnc3f1 with K=9 up to limit 1600
[2025-12-12 08:03:39] [generate_cnf] Generating formula beemextnc3f1 with K=10
[2025-12-12 08:03:40] [run_formula] Running formula beemextnc3f1 with K=10 up to limit 1600
[2025-12-12 08:03:40] [generate_cnf] Generating formula beemextnc3f1 with K=11
[2025-12-12 08:03:40] [run_formula] Running formula beemextnc3f1 with K=11 up to limit 1600
[2025-12-12 08:03:40] [generate_cnf] Generating formula beemextnc3f1 with K=12
[2025-12-12 08:03:40] [run_formula] Running formula beemextnc3f1 with K=12 up to limit 1600
[2025-12-12 08:03:40] [generate_cnf] Generating formula beemextnc3f1 with K=13
[2025-12-12 08:03:41] [run_formula] Running formula beemextnc3f1 with K=13 up to limit 1600
[2025-12-12 08:03:41] [generate_cnf] Generating formula beemextnc3f1 with K=14
[2025-12-12 08:03:41] [run_formula] Running formula beemextnc3f1 with K=14 up to limit 1600
[2025-12-12 08:03:41] [generate_cnf] Generating formula beemextnc3f1 with K=15
[2025-12-12 08:03:41] [run_formula] Running formula beemextnc3f1 with K=15 up to limit 1600
[2025-12-12 08:03:41] [generate_cnf] Generating formula beemextnc3f1 with K=16
[2025-12-12 08:03:41] [run_formula] Running formula beemextnc3f1 with K=16 up to limit 1600
[2025-12-12 08:03:42] [generate_cnf] Generating formula beemextnc3f1 with K=17
[2025-12-12 08:03:42] [run_formula] Running formula beemextnc3f1 with K=17 up to limit 1600
[2025-12-12 08:03:42] [generate_cnf] Generating formula beemextnc3f1 with K=18
[2025-12-12 08:03:42] [run_formula] Running formula beemextnc3f1 with K=18 up to limit 1600
[2025-12-12 08:03:42] [generate_cnf] Generating formula beemextnc3f1 with K=19
[2025-12-12 08:03:43] [run_formula] Running formula beemextnc3f1 with K=19 up to limit 1600
[2025-12-12 08:03:43] [generate_cnf] Generating formula beemextnc3f1 with K=20
[2025-12-12 08:03:43] [run_formula] Running formula beemextnc3f1 with K=20 up to limit 1600
[2025-12-12 08:03:43] [generate_cnf] Generating formula beemextnc3f1 with K=21
[2025-12-12 08:03:43] [run_formula] Running formula beemextnc3f1 with K=21 up to limit 1600
[2025-12-12 08:03:44] [generate_cnf] Generating formula beemextnc3f1 with K=22
[2025-12-12 08:03:44] [run_formula] Running formula beemextnc3f1 with K=22 up to limit 1600
[2025-12-12 08:03:44] [generate_cnf] Generating formula beemextnc3f1 with K=23
[2025-12-12 08:03:45] [run_formula] Running formula beemextnc3f1 with K=23 up to limit 1600
[2025-12-12 08:03:45] [generate_cnf] Generating formula beemextnc3f1 with K=24
[2025-12-12 08:03:45] [run_formula] Running formula beemextnc3f1 with K=24 up to limit 1600
[2025-12-12 08:03:46] [generate_cnf] Generating formula beemextnc3f1 with K=25
[2025-12-12 08:03:46] [run_formula] Running formula beemextnc3f1 with K=25 up to limit 1600
[2025-12-12 08:03:47] [generate_cnf] Generating formula beemextnc3f1 with K=26
[2025-12-12 08:03:47] [run_formula] Running formula beemextnc3f1 with K=26 up to limit 1600
[2025-12-12 08:03:48] [generate_cnf] Generating formula beemextnc3f1 with K=27
[2025-12-12 08:03:48] [run_formula] Running formula beemextnc3f1 with K=27 up to limit 1600
[2025-12-12 08:03:50] [generate_cnf] Generating formula beemextnc3f1 with K=28
[2025-12-12 08:03:51] [run_formula] Running formula beemextnc3f1 with K=28 up to limit 1600
[2025-12-12 08:03:52] [generate_cnf] Generating formula beemextnc3f1 with K=29
[2025-12-12 08:03:52] [run_formula] Running formula beemextnc3f1 with K=29 up to limit 1600
[2025-12-12 08:03:54] [generate_cnf] Generating formula beemextnc3f1 with K=30
[2025-12-12 08:03:55] [run_formula] Running formula beemextnc3f1 with K=30 up to limit 1600
[2025-12-12 08:03:57] [generate_cnf] Generating formula beemextnc3f1 with K=31
[2025-12-12 08:03:57] [run_formula] Running formula beemextnc3f1 with K=31 up to limit 1600
[2025-12-12 08:04:00] [generate_cnf] Generating formula beemextnc3f1 with K=32
[2025-12-12 08:04:00] [run_formula] Running formula beemextnc3f1 with K=32 up to limit 1600
[2025-12-12 08:04:03] [generate_cnf] Generating formula beemextnc3f1 with K=33
[2025-12-12 08:04:03] [run_formula] Running formula beemextnc3f1 with K=33 up to limit 1600
[2025-12-12 08:04:06] [generate_cnf] Generating formula beemextnc3f1 with K=34
[2025-12-12 08:04:06] [run_formula] Running formula beemextnc3f1 with K=34 up to limit 1600
[2025-12-12 08:04:10] [generate_cnf] Generating formula beemextnc3f1 with K=35
[2025-12-12 08:04:10] [run_formula] Running formula beemextnc3f1 with K=35 up to limit 1600
[2025-12-12 08:04:17] [generate_cnf] Generating formula beemextnc3f1 with K=36
[2025-12-12 08:04:18] [run_formula] Running formula beemextnc3f1 with K=36 up to limit 1600
[2025-12-12 08:04:23] [generate_cnf] Generating formula beemextnc3f1 with K=37
[2025-12-12 08:04:24] [run_formula] Running formula beemextnc3f1 with K=37 up to limit 1600
[2025-12-12 08:04:31] [generate_cnf] Generating formula beemextnc3f1 with K=38
[2025-12-12 08:04:31] [run_formula] Running formula beemextnc3f1 with K=38 up to limit 1600
[2025-12-12 08:04:39] [generate_cnf] Generating formula beemextnc3f1 with K=39
[2025-12-12 08:04:40] [run_formula] Running formula beemextnc3f1 with K=39 up to limit 1600
[2025-12-12 08:04:49] [generate_cnf] Generating formula beemextnc3f1 with K=40
[2025-12-12 08:04:50] [run_formula] Running formula beemextnc3f1 with K=40 up to limit 1600
[2025-12-12 08:05:02] [generate_cnf] Generating formula beemextnc3f1 with K=41
[2025-12-12 08:05:03] [run_formula] Running formula beemextnc3f1 with K=41 up to limit 1600
[2025-12-12 08:05:17] [generate_cnf] Generating formula beemextnc3f1 with K=42
[2025-12-12 08:05:18] [run_formula] Running formula beemextnc3f1 with K=42 up to limit 1600
[2025-12-12 08:05:43] [generate_cnf] Generating formula beemextnc3f1 with K=43
[2025-12-12 08:05:43] [run_formula] Running formula beemextnc3f1 with K=43 up to limit 1600
[2025-12-12 08:06:17] [generate_cnf] Generating formula beemextnc3f1 with K=44
[2025-12-12 08:06:18] [run_formula] Running formula beemextnc3f1 with K=44 up to limit 1600
[2025-12-12 08:06:51] [generate_cnf] Generating formula beemextnc3f1 with K=45
[2025-12-12 08:06:52] [run_formula] Running formula beemextnc3f1 with K=45 up to limit 1600
[2025-12-12 08:07:39] [generate_cnf] Generating formula beemextnc3f1 with K=46
[2025-12-12 08:07:40] [run_formula] Running formula beemextnc3f1 with K=46 up to limit 1600
[2025-12-12 08:08:29] [generate_cnf] Generating formula beemextnc3f1 with K=47
[2025-12-12 08:08:30] [run_formula] Running formula beemextnc3f1 with K=47 up to limit 1600
[2025-12-12 08:09:35] [generate_cnf] Generating formula beemextnc3f1 with K=48
[2025-12-12 08:09:36] [run_formula] Running formula beemextnc3f1 with K=48 up to limit 1600
[2025-12-12 08:11:07] [generate_cnf] Generating formula beemextnc3f1 with K=49
[2025-12-12 08:11:08] [run_formula] Running formula beemextnc3f1 with K=49 up to limit 1600
[2025-12-12 08:12:35] [generate_cnf] Generating formula beemextnc3f1 with K=50
[2025-12-12 08:12:35] [run_formula] Running formula beemextnc3f1 with K=50 up to limit 1600
[2025-12-12 08:14:42] [generate_cnf] Generating formula beemextnc3f1 with K=51
[2025-12-12 08:14:42] [run_formula] Running formula beemextnc3f1 with K=51 up to limit 1600
[2025-12-12 08:17:12] [generate_cnf] Generating formula beemextnc3f1 with K=52
[2025-12-12 08:17:13] [run_formula] Running formula beemextnc3f1 with K=52 up to limit 1600
[2025-12-12 08:20:32] [generate_cnf] Generating formula beemextnc3f1 with K=53
[2025-12-12 08:20:32] [run_formula] Running formula beemextnc3f1 with K=53 up to limit 1600
[2025-12-12 08:24:22] [generate_cnf] Generating formula beemextnc3f1 with K=54
[2025-12-12 08:24:23] [run_formula] Running formula beemextnc3f1 with K=54 up to limit 1600
[2025-12-12 08:28:52] [run_formula] Error running formula beemextnc3f1 with K=54: [Errno 122] Disk quota exceeded: './results/solving_logs/beemextnc3f1//beemextnc3f1.54.log'
[2025-12-12 08:28:52] [generate_and_run_up_to_limit] Failed to run formula beemextnc3f1 with K=54, halting
