CNF written.
CNF written.
CNF written.
CNF written.
CNF written.
CNF written.
CNF written.
CNF written.
CNF written.
CNF written.
CNF written.
CNF written.
CNF written.
CNF written.
CNF written.
CNF written.
CNF written.
CNF written.
CNF written.
CNF written.
CNF written.
CNF written.
CNF written.
CNF written.
CNF written.
CNF written.
CNF written.
CNF written.
CNF written.
CNF written.
CNF written.
CNF written.
CNF written.
CNF written.
CNF written.
CNF written.
CNF written.
CNF written.
CNF written.
CNF written.
CNF written.
CNF written.
CNF written.
CNF written.
CNF written.
CNF written.
CNF written.
CNF written.
CNF written.
CNF written.
CNF written.
CNF written.
CNF written.
CNF written.
CNF written.
CNF written.
CNF written.
CNF written.
CNF written.
CNF written.
CNF written.
CNF written.
CNF written.
CNF written.
CNF written.
CNF written.
CNF written.
CNF written.
CNF written.
CNF written.
CNF written.
CNF written.
CNF written.
CNF written.
CNF written.
CNF written.
CNF written.
CNF written.
CNF written.
CNF written.
CNF written.
CNF written.
CNF written.
CNF written.
CNF written.
CNF written.
CNF written.
CNF written.
CNF written.
CNF written.
CNF written.
CNF written.
CNF written.
CNF written.
CNF written.
CNF written.
CNF written.
CNF written.
CNF written.
CNF written.
CNF written.
CNF written.
CNF written.
CNF written.
CNF written.
CNF written.
CNF written.
CNF written.
CNF written.
CNF written.
CNF written.
CNF written.
CNF written.
CNF written.
CNF written.
CNF written.
CNF written.
CNF written.
CNF written.
CNF written.
CNF written.
CNF written.
CNF written.
CNF written.
CNF written.
CNF written.
CNF written.
CNF written.
CNF written.
CNF written.
CNF written.
CNF written.
CNF written.
CNF written.
CNF written.
CNF written.
CNF written.
CNF written.
CNF written.
CNF written.
CNF written.
CNF written.
CNF written.
CNF written.
CNF written.
CNF written.
CNF written.
CNF written.
CNF written.
CNF written.
CNF written.
CNF written.
CNF written.
CNF written.
CNF written.
CNF written.
CNF written.
CNF written.
CNF written.
CNF written.
CNF written.
CNF written.
CNF written.
CNF written.
CNF written.
CNF written.
CNF written.
CNF written.
CNF written.
CNF written.
CNF written.
CNF written.
CNF written.
CNF written.
CNF written.
CNF written.
CNF written.
CNF written.
CNF written.
CNF written.
CNF written.
CNF written.
CNF written.
CNF written.
CNF written.
CNF written.
CNF written.
CNF written.
CNF written.
CNF written.
CNF written.
CNF written.
CNF written.
CNF written.
CNF written.
CNF written.
CNF written.
CNF written.
CNF written.
CNF written.
CNF written.
CNF written.
CNF written.
CNF written.
CNF written.
CNF written.
CNF written.
CNF written.
CNF written.
CNF written.
CNF written.
CNF written.
CNF written.
CNF written.
CNF written.
CNF written.
CNF written.
CNF written.
CNF written.
CNF written.
CNF written.
CNF written.
CNF written.
CNF written.
CNF written.
CNF written.
CNF written.
CNF written.
CNF written.
CNF written.
CNF written.
CNF written.
CNF written.
CNF written.
CNF written.
CNF written.
CNF written.
CNF written.
CNF written.
CNF written.
CNF written.
CNF written.
CNF written.
CNF written.
CNF written.
CNF written.
CNF written.
CNF written.
CNF written.
CNF written.
CNF written.
CNF written.
CNF written.
CNF written.
CNF written.
CNF written.
CNF written.
CNF written.
CNF written.
CNF written.
CNF written.
CNF written.
CNF written.
CNF written.
CNF written.
CNF written.
CNF written.
CNF written.
CNF written.
CNF written.
CNF written.
CNF written.
CNF written.
CNF written.
CNF written.
CNF written.
CNF written.
CNF written.
CNF written.
CNF written.
CNF written.
CNF written.
CNF written.
CNF written.
CNF written.
CNF written.
CNF written.
CNF written.
CNF written.
CNF written.
CNF written.
CNF written.
CNF written.
CNF written.
CNF written.
CNF written.
CNF written.
CNF written.
CNF written.
CNF written.
CNF written.
CNF written.
CNF written.
CNF written.
CNF written.
CNF written.
CNF written.
CNF written.
CNF written.
CNF written.
CNF written.
CNF written.
CNF written.
CNF written.
CNF written.
CNF written.
CNF written.
CNF written.
CNF written.
CNF written.
CNF written.
CNF written.
CNF written.
CNF written.
CNF written.
CNF written.
CNF written.
CNF written.
CNF written.
CNF written.
CNF written.
CNF written.
CNF written.
CNF written.
CNF written.
CNF written.
CNF written.
CNF written.
CNF written.
CNF written.
CNF written.
CNF written.
CNF written.
CNF written.
CNF written.
CNF written.
CNF written.
CNF written.
CNF written.
CNF written.
CNF written.
CNF written.
CNF written.
CNF written.
CNF written.
CNF written.
CNF written.
CNF written.
CNF written.
CNF written.
CNF written.
CNF written.
CNF written.
CNF written.
CNF written.
CNF written.
CNF written.
CNF written.
CNF written.
CNF written.
CNF written.
CNF written.
CNF written.
CNF written.
CNF written.
[2025-12-12 06:57:21] [generate_and_run_up_to_limit] Generating and running beemfwt3f3 with K<=500 up to limit 1600
[2025-12-12 06:57:21] [generate_cnf] Generating formula beemfwt3f3 with K=1
[2025-12-12 06:57:21] [run_formula] Running formula beemfwt3f3 with K=1 up to limit 1600
[2025-12-12 06:57:21] [generate_cnf] Generating formula beemfwt3f3 with K=2
[2025-12-12 06:57:22] [run_formula] Running formula beemfwt3f3 with K=2 up to limit 1600
[2025-12-12 06:57:22] [generate_cnf] Generating formula beemfwt3f3 with K=3
[2025-12-12 06:57:22] [run_formula] Running formula beemfwt3f3 with K=3 up to limit 1600
[2025-12-12 06:57:22] [generate_cnf] Generating formula beemfwt3f3 with K=4
[2025-12-12 06:57:22] [run_formula] Running formula beemfwt3f3 with K=4 up to limit 1600
[2025-12-12 06:57:22] [generate_cnf] Generating formula beemfwt3f3 with K=5
[2025-12-12 06:57:23] [run_formula] Running formula beemfwt3f3 with K=5 up to limit 1600
[2025-12-12 06:57:23] [generate_cnf] Generating formula beemfwt3f3 with K=6
[2025-12-12 06:57:23] [run_formula] Running formula beemfwt3f3 with K=6 up to limit 1600
[2025-12-12 06:57:23] [generate_cnf] Generating formula beemfwt3f3 with K=7
[2025-12-12 06:57:24] [run_formula] Running formula beemfwt3f3 with K=7 up to limit 1600
[2025-12-12 06:57:24] [generate_cnf] Generating formula beemfwt3f3 with K=8
[2025-12-12 06:57:24] [run_formula] Running formula beemfwt3f3 with K=8 up to limit 1600
[2025-12-12 06:57:25] [generate_cnf] Generating formula beemfwt3f3 with K=9
[2025-12-12 06:57:25] [run_formula] Running formula beemfwt3f3 with K=9 up to limit 1600
[2025-12-12 06:57:25] [generate_cnf] Generating formula beemfwt3f3 with K=10
[2025-12-12 06:57:26] [run_formula] Running formula beemfwt3f3 with K=10 up to limit 1600
[2025-12-12 06:57:26] [generate_cnf] Generating formula beemfwt3f3 with K=11
[2025-12-12 06:57:27] [run_formula] Running formula beemfwt3f3 with K=11 up to limit 1600
[2025-12-12 06:57:27] [generate_cnf] Generating formula beemfwt3f3 with K=12
[2025-12-12 06:57:28] [run_formula] Running formula beemfwt3f3 with K=12 up to limit 1600
[2025-12-12 06:57:28] [generate_cnf] Generating formula beemfwt3f3 with K=13
[2025-12-12 06:57:29] [run_formula] Running formula beemfwt3f3 with K=13 up to limit 1600
[2025-12-12 06:57:29] [generate_cnf] Generating formula beemfwt3f3 with K=14
[2025-12-12 06:57:30] [run_formula] Running formula beemfwt3f3 with K=14 up to limit 1600
[2025-12-12 06:57:30] [generate_cnf] Generating formula beemfwt3f3 with K=15
[2025-12-12 06:57:31] [run_formula] Running formula beemfwt3f3 with K=15 up to limit 1600
[2025-12-12 06:57:31] [generate_cnf] Generating formula beemfwt3f3 with K=16
[2025-12-12 06:57:32] [run_formula] Running formula beemfwt3f3 with K=16 up to limit 1600
[2025-12-12 06:57:32] [generate_cnf] Generating formula beemfwt3f3 with K=17
[2025-12-12 06:57:33] [run_formula] Running formula beemfwt3f3 with K=17 up to limit 1600
[2025-12-12 06:57:34] [generate_cnf] Generating formula beemfwt3f3 with K=18
[2025-12-12 06:57:35] [run_formula] Running formula beemfwt3f3 with K=18 up to limit 1600
[2025-12-12 06:57:35] [generate_cnf] Generating formula beemfwt3f3 with K=19
[2025-12-12 06:57:36] [run_formula] Running formula beemfwt3f3 with K=19 up to limit 1600
[2025-12-12 06:57:37] [generate_cnf] Generating formula beemfwt3f3 with K=20
[2025-12-12 06:57:38] [run_formula] Running formula beemfwt3f3 with K=20 up to limit 1600
[2025-12-12 06:57:38] [generate_cnf] Generating formula beemfwt3f3 with K=21
[2025-12-12 06:57:39] [run_formula] Running formula beemfwt3f3 with K=21 up to limit 1600
[2025-12-12 06:57:40] [generate_cnf] Generating formula beemfwt3f3 with K=22
[2025-12-12 06:57:41] [run_formula] Running formula beemfwt3f3 with K=22 up to limit 1600
[2025-12-12 06:57:41] [generate_cnf] Generating formula beemfwt3f3 with K=23
[2025-12-12 06:57:42] [run_formula] Running formula beemfwt3f3 with K=23 up to limit 1600
[2025-12-12 06:57:43] [generate_cnf] Generating formula beemfwt3f3 with K=24
[2025-12-12 06:57:44] [run_formula] Running formula beemfwt3f3 with K=24 up to limit 1600
[2025-12-12 06:57:45] [generate_cnf] Generating formula beemfwt3f3 with K=25
[2025-12-12 06:57:46] [run_formula] Running formula beemfwt3f3 with K=25 up to limit 1600
[2025-12-12 06:57:46] [generate_cnf] Generating formula beemfwt3f3 with K=26
[2025-12-12 06:57:48] [run_formula] Running formula beemfwt3f3 with K=26 up to limit 1600
[2025-12-12 06:57:48] [generate_cnf] Generating formula beemfwt3f3 with K=27
[2025-12-12 06:57:50] [run_formula] Running formula beemfwt3f3 with K=27 up to limit 1600
[2025-12-12 06:57:50] [generate_cnf] Generating formula beemfwt3f3 with K=28
[2025-12-12 06:57:52] [run_formula] Running formula beemfwt3f3 with K=28 up to limit 1600
[2025-12-12 06:57:53] [generate_cnf] Generating formula beemfwt3f3 with K=29
[2025-12-12 06:57:54] [run_formula] Running formula beemfwt3f3 with K=29 up to limit 1600
[2025-12-12 06:57:55] [generate_cnf] Generating formula beemfwt3f3 with K=30
[2025-12-12 06:57:56] [run_formula] Running formula beemfwt3f3 with K=30 up to limit 1600
[2025-12-12 06:57:57] [generate_cnf] Generating formula beemfwt3f3 with K=31
[2025-12-12 06:57:59] [run_formula] Running formula beemfwt3f3 with K=31 up to limit 1600
[2025-12-12 06:57:59] [generate_cnf] Generating formula beemfwt3f3 with K=32
[2025-12-12 06:58:01] [run_formula] Running formula beemfwt3f3 with K=32 up to limit 1600
[2025-12-12 06:58:01] [generate_cnf] Generating formula beemfwt3f3 with K=33
[2025-12-12 06:58:03] [run_formula] Running formula beemfwt3f3 with K=33 up to limit 1600
[2025-12-12 06:58:04] [generate_cnf] Generating formula beemfwt3f3 with K=34
[2025-12-12 06:58:06] [run_formula] Running formula beemfwt3f3 with K=34 up to limit 1600
[2025-12-12 06:58:06] [generate_cnf] Generating formula beemfwt3f3 with K=35
[2025-12-12 06:58:08] [run_formula] Running formula beemfwt3f3 with K=35 up to limit 1600
[2025-12-12 06:58:09] [generate_cnf] Generating formula beemfwt3f3 with K=36
[2025-12-12 06:58:11] [run_formula] Running formula beemfwt3f3 with K=36 up to limit 1600
[2025-12-12 06:58:11] [generate_cnf] Generating formula beemfwt3f3 with K=37
[2025-12-12 06:58:13] [run_formula] Running formula beemfwt3f3 with K=37 up to limit 1600
[2025-12-12 06:58:14] [generate_cnf] Generating formula beemfwt3f3 with K=38
[2025-12-12 06:58:16] [run_formula] Running formula beemfwt3f3 with K=38 up to limit 1600
[2025-12-12 06:58:16] [generate_cnf] Generating formula beemfwt3f3 with K=39
[2025-12-12 06:58:19] [run_formula] Running formula beemfwt3f3 with K=39 up to limit 1600
[2025-12-12 06:58:19] [generate_cnf] Generating formula beemfwt3f3 with K=40
[2025-12-12 06:58:21] [run_formula] Running formula beemfwt3f3 with K=40 up to limit 1600
[2025-12-12 06:58:22] [generate_cnf] Generating formula beemfwt3f3 with K=41
[2025-12-12 06:58:24] [run_formula] Running formula beemfwt3f3 with K=41 up to limit 1600
[2025-12-12 06:58:25] [generate_cnf] Generating formula beemfwt3f3 with K=42
[2025-12-12 06:58:27] [run_formula] Running formula beemfwt3f3 with K=42 up to limit 1600
[2025-12-12 06:58:28] [generate_cnf] Generating formula beemfwt3f3 with K=43
[2025-12-12 06:58:30] [run_formula] Running formula beemfwt3f3 with K=43 up to limit 1600
[2025-12-12 06:58:31] [generate_cnf] Generating formula beemfwt3f3 with K=44
[2025-12-12 06:58:33] [run_formula] Running formula beemfwt3f3 with K=44 up to limit 1600
[2025-12-12 06:58:34] [generate_cnf] Generating formula beemfwt3f3 with K=45
[2025-12-12 06:58:36] [run_formula] Running formula beemfwt3f3 with K=45 up to limit 1600
[2025-12-12 06:58:37] [generate_cnf] Generating formula beemfwt3f3 with K=46
[2025-12-12 06:58:39] [run_formula] Running formula beemfwt3f3 with K=46 up to limit 1600
[2025-12-12 06:58:40] [generate_cnf] Generating formula beemfwt3f3 with K=47
[2025-12-12 06:58:42] [run_formula] Running formula beemfwt3f3 with K=47 up to limit 1600
[2025-12-12 06:58:43] [generate_cnf] Generating formula beemfwt3f3 with K=48
[2025-12-12 06:58:46] [run_formula] Running formula beemfwt3f3 with K=48 up to limit 1600
[2025-12-12 06:58:46] [generate_cnf] Generating formula beemfwt3f3 with K=49
[2025-12-12 06:58:49] [run_formula] Running formula beemfwt3f3 with K=49 up to limit 1600
[2025-12-12 06:58:50] [generate_cnf] Generating formula beemfwt3f3 with K=50
[2025-12-12 06:58:52] [run_formula] Running formula beemfwt3f3 with K=50 up to limit 1600
[2025-12-12 06:58:53] [generate_cnf] Generating formula beemfwt3f3 with K=51
[2025-12-12 06:58:56] [run_formula] Running formula beemfwt3f3 with K=51 up to limit 1600
[2025-12-12 06:58:57] [generate_cnf] Generating formula beemfwt3f3 with K=52
[2025-12-12 06:58:59] [run_formula] Running formula beemfwt3f3 with K=52 up to limit 1600
[2025-12-12 06:59:00] [generate_cnf] Generating formula beemfwt3f3 with K=53
[2025-12-12 06:59:03] [run_formula] Running formula beemfwt3f3 with K=53 up to limit 1600
[2025-12-12 06:59:04] [generate_cnf] Generating formula beemfwt3f3 with K=54
[2025-12-12 06:59:07] [run_formula] Running formula beemfwt3f3 with K=54 up to limit 1600
[2025-12-12 06:59:07] [generate_cnf] Generating formula beemfwt3f3 with K=55
[2025-12-12 06:59:10] [run_formula] Running formula beemfwt3f3 with K=55 up to limit 1600
[2025-12-12 06:59:11] [generate_cnf] Generating formula beemfwt3f3 with K=56
[2025-12-12 06:59:14] [run_formula] Running formula beemfwt3f3 with K=56 up to limit 1600
[2025-12-12 06:59:15] [generate_cnf] Generating formula beemfwt3f3 with K=57
[2025-12-12 06:59:18] [run_formula] Running formula beemfwt3f3 with K=57 up to limit 1600
[2025-12-12 06:59:19] [generate_cnf] Generating formula beemfwt3f3 with K=58
[2025-12-12 06:59:22] [run_formula] Running formula beemfwt3f3 with K=58 up to limit 1600
[2025-12-12 06:59:23] [generate_cnf] Generating formula beemfwt3f3 with K=59
[2025-12-12 06:59:27] [run_formula] Running formula beemfwt3f3 with K=59 up to limit 1600
[2025-12-12 06:59:28] [generate_cnf] Generating formula beemfwt3f3 with K=60
[2025-12-12 06:59:31] [run_formula] Running formula beemfwt3f3 with K=60 up to limit 1600
[2025-12-12 06:59:32] [generate_cnf] Generating formula beemfwt3f3 with K=61
[2025-12-12 06:59:35] [run_formula] Running formula beemfwt3f3 with K=61 up to limit 1600
[2025-12-12 06:59:37] [generate_cnf] Generating formula beemfwt3f3 with K=62
[2025-12-12 06:59:40] [run_formula] Running formula beemfwt3f3 with K=62 up to limit 1600
[2025-12-12 06:59:41] [generate_cnf] Generating formula beemfwt3f3 with K=63
[2025-12-12 06:59:44] [run_formula] Running formula beemfwt3f3 with K=63 up to limit 1600
[2025-12-12 06:59:45] [generate_cnf] Generating formula beemfwt3f3 with K=64
[2025-12-12 06:59:49] [run_formula] Running formula beemfwt3f3 with K=64 up to limit 1600
[2025-12-12 06:59:50] [generate_cnf] Generating formula beemfwt3f3 with K=65
[2025-12-12 06:59:53] [run_formula] Running formula beemfwt3f3 with K=65 up to limit 1600
[2025-12-12 06:59:54] [generate_cnf] Generating formula beemfwt3f3 with K=66
[2025-12-12 06:59:58] [run_formula] Running formula beemfwt3f3 with K=66 up to limit 1600
[2025-12-12 06:59:59] [generate_cnf] Generating formula beemfwt3f3 with K=67
[2025-12-12 07:00:03] [run_formula] Running formula beemfwt3f3 with K=67 up to limit 1600
[2025-12-12 07:00:04] [generate_cnf] Generating formula beemfwt3f3 with K=68
[2025-12-12 07:00:07] [run_formula] Running formula beemfwt3f3 with K=68 up to limit 1600
[2025-12-12 07:00:08] [generate_cnf] Generating formula beemfwt3f3 with K=69
[2025-12-12 07:00:12] [run_formula] Running formula beemfwt3f3 with K=69 up to limit 1600
[2025-12-12 07:00:13] [generate_cnf] Generating formula beemfwt3f3 with K=70
[2025-12-12 07:00:16] [run_formula] Running formula beemfwt3f3 with K=70 up to limit 1600
[2025-12-12 07:00:18] [generate_cnf] Generating formula beemfwt3f3 with K=71
[2025-12-12 07:00:21] [run_formula] Running formula beemfwt3f3 with K=71 up to limit 1600
[2025-12-12 07:00:23] [generate_cnf] Generating formula beemfwt3f3 with K=72
[2025-12-12 07:00:26] [run_formula] Running formula beemfwt3f3 with K=72 up to limit 1600
[2025-12-12 07:00:27] [generate_cnf] Generating formula beemfwt3f3 with K=73
[2025-12-12 07:00:31] [run_formula] Running formula beemfwt3f3 with K=73 up to limit 1600
[2025-12-12 07:00:32] [generate_cnf] Generating formula beemfwt3f3 with K=74
[2025-12-12 07:00:36] [run_formula] Running formula beemfwt3f3 with K=74 up to limit 1600
[2025-12-12 07:00:38] [generate_cnf] Generating formula beemfwt3f3 with K=75
[2025-12-12 07:00:42] [run_formula] Running formula beemfwt3f3 with K=75 up to limit 1600
[2025-12-12 07:00:43] [generate_cnf] Generating formula beemfwt3f3 with K=76
[2025-12-12 07:00:47] [run_formula] Running formula beemfwt3f3 with K=76 up to limit 1600
[2025-12-12 07:00:48] [generate_cnf] Generating formula beemfwt3f3 with K=77
[2025-12-12 07:00:52] [run_formula] Running formula beemfwt3f3 with K=77 up to limit 1600
[2025-12-12 07:00:54] [generate_cnf] Generating formula beemfwt3f3 with K=78
[2025-12-12 07:00:57] [run_formula] Running formula beemfwt3f3 with K=78 up to limit 1600
[2025-12-12 07:00:59] [generate_cnf] Generating formula beemfwt3f3 with K=79
[2025-12-12 07:01:03] [run_formula] Running formula beemfwt3f3 with K=79 up to limit 1600
[2025-12-12 07:01:05] [generate_cnf] Generating formula beemfwt3f3 with K=80
[2025-12-12 07:01:09] [run_formula] Running formula beemfwt3f3 with K=80 up to limit 1600
[2025-12-12 07:01:10] [generate_cnf] Generating formula beemfwt3f3 with K=81
[2025-12-12 07:01:14] [run_formula] Running formula beemfwt3f3 with K=81 up to limit 1600
[2025-12-12 07:01:16] [generate_cnf] Generating formula beemfwt3f3 with K=82
[2025-12-12 07:01:20] [run_formula] Running formula beemfwt3f3 with K=82 up to limit 1600
[2025-12-12 07:01:21] [generate_cnf] Generating formula beemfwt3f3 with K=83
[2025-12-12 07:01:26] [run_formula] Running formula beemfwt3f3 with K=83 up to limit 1600
[2025-12-12 07:01:27] [generate_cnf] Generating formula beemfwt3f3 with K=84
[2025-12-12 07:01:32] [run_formula] Running formula beemfwt3f3 with K=84 up to limit 1600
[2025-12-12 07:01:33] [generate_cnf] Generating formula beemfwt3f3 with K=85
[2025-12-12 07:01:38] [run_formula] Running formula beemfwt3f3 with K=85 up to limit 1600
[2025-12-12 07:01:39] [generate_cnf] Generating formula beemfwt3f3 with K=86
[2025-12-12 07:01:44] [run_formula] Running formula beemfwt3f3 with K=86 up to limit 1600
[2025-12-12 07:01:45] [generate_cnf] Generating formula beemfwt3f3 with K=87
[2025-12-12 07:01:50] [run_formula] Running formula beemfwt3f3 with K=87 up to limit 1600
[2025-12-12 07:01:52] [generate_cnf] Generating formula beemfwt3f3 with K=88
[2025-12-12 07:01:56] [run_formula] Running formula beemfwt3f3 with K=88 up to limit 1600
[2025-12-12 07:01:58] [generate_cnf] Generating formula beemfwt3f3 with K=89
[2025-12-12 07:02:03] [run_formula] Running formula beemfwt3f3 with K=89 up to limit 1600
[2025-12-12 07:02:04] [generate_cnf] Generating formula beemfwt3f3 with K=90
[2025-12-12 07:02:09] [run_formula] Running formula beemfwt3f3 with K=90 up to limit 1600
[2025-12-12 07:02:11] [generate_cnf] Generating formula beemfwt3f3 with K=91
[2025-12-12 07:02:16] [run_formula] Running formula beemfwt3f3 with K=91 up to limit 1600
[2025-12-12 07:02:17] [generate_cnf] Generating formula beemfwt3f3 with K=92
[2025-12-12 07:02:22] [run_formula] Running formula beemfwt3f3 with K=92 up to limit 1600
[2025-12-12 07:02:23] [generate_cnf] Generating formula beemfwt3f3 with K=93
[2025-12-12 07:02:29] [run_formula] Running formula beemfwt3f3 with K=93 up to limit 1600
[2025-12-12 07:02:30] [generate_cnf] Generating formula beemfwt3f3 with K=94
[2025-12-12 07:02:35] [run_formula] Running formula beemfwt3f3 with K=94 up to limit 1600
[2025-12-12 07:02:36] [generate_cnf] Generating formula beemfwt3f3 with K=95
[2025-12-12 07:02:41] [run_formula] Running formula beemfwt3f3 with K=95 up to limit 1600
[2025-12-12 07:02:43] [generate_cnf] Generating formula beemfwt3f3 with K=96
[2025-12-12 07:02:48] [run_formula] Running formula beemfwt3f3 with K=96 up to limit 1600
[2025-12-12 07:02:49] [generate_cnf] Generating formula beemfwt3f3 with K=97
[2025-12-12 07:02:54] [run_formula] Running formula beemfwt3f3 with K=97 up to limit 1600
[2025-12-12 07:02:56] [generate_cnf] Generating formula beemfwt3f3 with K=98
[2025-12-12 07:03:01] [run_formula] Running formula beemfwt3f3 with K=98 up to limit 1600
[2025-12-12 07:03:03] [generate_cnf] Generating formula beemfwt3f3 with K=99
[2025-12-12 07:03:08] [run_formula] Running formula beemfwt3f3 with K=99 up to limit 1600
[2025-12-12 07:03:10] [generate_cnf] Generating formula beemfwt3f3 with K=100
[2025-12-12 07:03:15] [run_formula] Running formula beemfwt3f3 with K=100 up to limit 1600
[2025-12-12 07:03:17] [generate_cnf] Generating formula beemfwt3f3 with K=101
[2025-12-12 07:03:22] [run_formula] Running formula beemfwt3f3 with K=101 up to limit 1600
[2025-12-12 07:03:24] [generate_cnf] Generating formula beemfwt3f3 with K=102
[2025-12-12 07:03:30] [run_formula] Running formula beemfwt3f3 with K=102 up to limit 1600
[2025-12-12 07:03:31] [generate_cnf] Generating formula beemfwt3f3 with K=103
[2025-12-12 07:03:37] [run_formula] Running formula beemfwt3f3 with K=103 up to limit 1600
[2025-12-12 07:03:38] [generate_cnf] Generating formula beemfwt3f3 with K=104
[2025-12-12 07:03:44] [run_formula] Running formula beemfwt3f3 with K=104 up to limit 1600
[2025-12-12 07:03:46] [generate_cnf] Generating formula beemfwt3f3 with K=105
[2025-12-12 07:03:51] [run_formula] Running formula beemfwt3f3 with K=105 up to limit 1600
[2025-12-12 07:03:53] [generate_cnf] Generating formula beemfwt3f3 with K=106
[2025-12-12 07:03:58] [run_formula] Running formula beemfwt3f3 with K=106 up to limit 1600
[2025-12-12 07:04:00] [generate_cnf] Generating formula beemfwt3f3 with K=107
[2025-12-12 07:04:06] [run_formula] Running formula beemfwt3f3 with K=107 up to limit 1600
[2025-12-12 07:04:08] [generate_cnf] Generating formula beemfwt3f3 with K=108
[2025-12-12 07:04:14] [run_formula] Running formula beemfwt3f3 with K=108 up to limit 1600
[2025-12-12 07:04:16] [generate_cnf] Generating formula beemfwt3f3 with K=109
[2025-12-12 07:04:22] [run_formula] Running formula beemfwt3f3 with K=109 up to limit 1600
[2025-12-12 07:04:24] [generate_cnf] Generating formula beemfwt3f3 with K=110
[2025-12-12 07:04:29] [run_formula] Running formula beemfwt3f3 with K=110 up to limit 1600
[2025-12-12 07:04:31] [generate_cnf] Generating formula beemfwt3f3 with K=111
[2025-12-12 07:04:37] [run_formula] Running formula beemfwt3f3 with K=111 up to limit 1600
[2025-12-12 07:04:39] [generate_cnf] Generating formula beemfwt3f3 with K=112
[2025-12-12 07:04:45] [run_formula] Running formula beemfwt3f3 with K=112 up to limit 1600
[2025-12-12 07:04:47] [generate_cnf] Generating formula beemfwt3f3 with K=113
[2025-12-12 07:04:53] [run_formula] Running formula beemfwt3f3 with K=113 up to limit 1600
[2025-12-12 07:04:55] [generate_cnf] Generating formula beemfwt3f3 with K=114
[2025-12-12 07:05:01] [run_formula] Running formula beemfwt3f3 with K=114 up to limit 1600
[2025-12-12 07:05:03] [generate_cnf] Generating formula beemfwt3f3 with K=115
[2025-12-12 07:05:09] [run_formula] Running formula beemfwt3f3 with K=115 up to limit 1600
[2025-12-12 07:05:11] [generate_cnf] Generating formula beemfwt3f3 with K=116
[2025-12-12 07:05:17] [run_formula] Running formula beemfwt3f3 with K=116 up to limit 1600
[2025-12-12 07:05:19] [generate_cnf] Generating formula beemfwt3f3 with K=117
[2025-12-12 07:05:25] [run_formula] Running formula beemfwt3f3 with K=117 up to limit 1600
[2025-12-12 07:05:27] [generate_cnf] Generating formula beemfwt3f3 with K=118
[2025-12-12 07:05:34] [run_formula] Running formula beemfwt3f3 with K=118 up to limit 1600
[2025-12-12 07:05:36] [generate_cnf] Generating formula beemfwt3f3 with K=119
[2025-12-12 07:05:43] [run_formula] Running formula beemfwt3f3 with K=119 up to limit 1600
[2025-12-12 07:05:45] [generate_cnf] Generating formula beemfwt3f3 with K=120
[2025-12-12 07:05:51] [run_formula] Running formula beemfwt3f3 with K=120 up to limit 1600
[2025-12-12 07:05:53] [generate_cnf] Generating formula beemfwt3f3 with K=121
[2025-12-12 07:06:00] [run_formula] Running formula beemfwt3f3 with K=121 up to limit 1600
[2025-12-12 07:06:02] [generate_cnf] Generating formula beemfwt3f3 with K=122
[2025-12-12 07:06:08] [run_formula] Running formula beemfwt3f3 with K=122 up to limit 1600
[2025-12-12 07:06:10] [generate_cnf] Generating formula beemfwt3f3 with K=123
[2025-12-12 07:06:17] [run_formula] Running formula beemfwt3f3 with K=123 up to limit 1600
[2025-12-12 07:06:19] [generate_cnf] Generating formula beemfwt3f3 with K=124
[2025-12-12 07:06:26] [run_formula] Running formula beemfwt3f3 with K=124 up to limit 1600
[2025-12-12 07:06:28] [generate_cnf] Generating formula beemfwt3f3 with K=125
[2025-12-12 07:06:35] [run_formula] Running formula beemfwt3f3 with K=125 up to limit 1600
[2025-12-12 07:06:37] [generate_cnf] Generating formula beemfwt3f3 with K=126
[2025-12-12 07:06:44] [run_formula] Running formula beemfwt3f3 with K=126 up to limit 1600
[2025-12-12 07:06:46] [generate_cnf] Generating formula beemfwt3f3 with K=127
[2025-12-12 07:06:53] [run_formula] Running formula beemfwt3f3 with K=127 up to limit 1600
[2025-12-12 07:06:55] [generate_cnf] Generating formula beemfwt3f3 with K=128
[2025-12-12 07:07:02] [run_formula] Running formula beemfwt3f3 with K=128 up to limit 1600
[2025-12-12 07:07:04] [generate_cnf] Generating formula beemfwt3f3 with K=129
[2025-12-12 07:07:11] [run_formula] Running formula beemfwt3f3 with K=129 up to limit 1600
[2025-12-12 07:07:14] [generate_cnf] Generating formula beemfwt3f3 with K=130
[2025-12-12 07:07:20] [run_formula] Running formula beemfwt3f3 with K=130 up to limit 1600
[2025-12-12 07:07:23] [generate_cnf] Generating formula beemfwt3f3 with K=131
[2025-12-12 07:07:30] [run_formula] Running formula beemfwt3f3 with K=131 up to limit 1600
[2025-12-12 07:07:32] [generate_cnf] Generating formula beemfwt3f3 with K=132
[2025-12-12 07:07:39] [run_formula] Running formula beemfwt3f3 with K=132 up to limit 1600
[2025-12-12 07:07:41] [generate_cnf] Generating formula beemfwt3f3 with K=133
[2025-12-12 07:07:49] [run_formula] Running formula beemfwt3f3 with K=133 up to limit 1600
[2025-12-12 07:07:51] [generate_cnf] Generating formula beemfwt3f3 with K=134
[2025-12-12 07:07:58] [run_formula] Running formula beemfwt3f3 with K=134 up to limit 1600
[2025-12-12 07:08:00] [generate_cnf] Generating formula beemfwt3f3 with K=135
[2025-12-12 07:08:08] [run_formula] Running formula beemfwt3f3 with K=135 up to limit 1600
[2025-12-12 07:08:10] [generate_cnf] Generating formula beemfwt3f3 with K=136
[2025-12-12 07:08:17] [run_formula] Running formula beemfwt3f3 with K=136 up to limit 1600
[2025-12-12 07:08:19] [generate_cnf] Generating formula beemfwt3f3 with K=137
[2025-12-12 07:08:26] [run_formula] Running formula beemfwt3f3 with K=137 up to limit 1600
[2025-12-12 07:08:28] [generate_cnf] Generating formula beemfwt3f3 with K=138
[2025-12-12 07:08:36] [run_formula] Running formula beemfwt3f3 with K=138 up to limit 1600
[2025-12-12 07:08:38] [generate_cnf] Generating formula beemfwt3f3 with K=139
[2025-12-12 07:08:45] [run_formula] Running formula beemfwt3f3 with K=139 up to limit 1600
[2025-12-12 07:08:48] [generate_cnf] Generating formula beemfwt3f3 with K=140
[2025-12-12 07:08:55] [run_formula] Running formula beemfwt3f3 with K=140 up to limit 1600
[2025-12-12 07:08:58] [generate_cnf] Generating formula beemfwt3f3 with K=141
[2025-12-12 07:09:06] [run_formula] Running formula beemfwt3f3 with K=141 up to limit 1600
[2025-12-12 07:09:08] [generate_cnf] Generating formula beemfwt3f3 with K=142
[2025-12-12 07:09:16] [run_formula] Running formula beemfwt3f3 with K=142 up to limit 1600
[2025-12-12 07:09:18] [generate_cnf] Generating formula beemfwt3f3 with K=143
[2025-12-12 07:09:27] [run_formula] Running formula beemfwt3f3 with K=143 up to limit 1600
[2025-12-12 07:09:29] [generate_cnf] Generating formula beemfwt3f3 with K=144
[2025-12-12 07:09:37] [run_formula] Running formula beemfwt3f3 with K=144 up to limit 1600
[2025-12-12 07:09:39] [generate_cnf] Generating formula beemfwt3f3 with K=145
[2025-12-12 07:09:47] [run_formula] Running formula beemfwt3f3 with K=145 up to limit 1600
[2025-12-12 07:09:50] [generate_cnf] Generating formula beemfwt3f3 with K=146
[2025-12-12 07:09:58] [run_formula] Running formula beemfwt3f3 with K=146 up to limit 1600
[2025-12-12 07:10:00] [generate_cnf] Generating formula beemfwt3f3 with K=147
[2025-12-12 07:10:08] [run_formula] Running formula beemfwt3f3 with K=147 up to limit 1600
[2025-12-12 07:10:11] [generate_cnf] Generating formula beemfwt3f3 with K=148
[2025-12-12 07:10:19] [run_formula] Running formula beemfwt3f3 with K=148 up to limit 1600
[2025-12-12 07:10:21] [generate_cnf] Generating formula beemfwt3f3 with K=149
[2025-12-12 07:10:29] [run_formula] Running formula beemfwt3f3 with K=149 up to limit 1600
[2025-12-12 07:10:32] [generate_cnf] Generating formula beemfwt3f3 with K=150
[2025-12-12 07:10:40] [run_formula] Running formula beemfwt3f3 with K=150 up to limit 1600
[2025-12-12 07:10:43] [generate_cnf] Generating formula beemfwt3f3 with K=151
[2025-12-12 07:10:51] [run_formula] Running formula beemfwt3f3 with K=151 up to limit 1600
[2025-12-12 07:10:54] [generate_cnf] Generating formula beemfwt3f3 with K=152
[2025-12-12 07:11:02] [run_formula] Running formula beemfwt3f3 with K=152 up to limit 1600
[2025-12-12 07:11:05] [generate_cnf] Generating formula beemfwt3f3 with K=153
[2025-12-12 07:11:14] [run_formula] Running formula beemfwt3f3 with K=153 up to limit 1600
[2025-12-12 07:11:16] [generate_cnf] Generating formula beemfwt3f3 with K=154
[2025-12-12 07:11:25] [run_formula] Running formula beemfwt3f3 with K=154 up to limit 1600
[2025-12-12 07:11:27] [generate_cnf] Generating formula beemfwt3f3 with K=155
[2025-12-12 07:11:36] [run_formula] Running formula beemfwt3f3 with K=155 up to limit 1600
[2025-12-12 07:11:39] [generate_cnf] Generating formula beemfwt3f3 with K=156
[2025-12-12 07:12:00] [run_formula] Running formula beemfwt3f3 with K=156 up to limit 1600
[2025-12-12 07:12:04] [generate_cnf] Generating formula beemfwt3f3 with K=157
[2025-12-12 07:12:14] [run_formula] Running formula beemfwt3f3 with K=157 up to limit 1600
[2025-12-12 07:12:17] [generate_cnf] Generating formula beemfwt3f3 with K=158
[2025-12-12 07:12:26] [run_formula] Running formula beemfwt3f3 with K=158 up to limit 1600
[2025-12-12 07:12:29] [generate_cnf] Generating formula beemfwt3f3 with K=159
[2025-12-12 07:12:37] [run_formula] Running formula beemfwt3f3 with K=159 up to limit 1600
[2025-12-12 07:12:40] [generate_cnf] Generating formula beemfwt3f3 with K=160
[2025-12-12 07:12:48] [run_formula] Running formula beemfwt3f3 with K=160 up to limit 1600
[2025-12-12 07:12:51] [generate_cnf] Generating formula beemfwt3f3 with K=161
[2025-12-12 07:13:00] [run_formula] Running formula beemfwt3f3 with K=161 up to limit 1600
[2025-12-12 07:13:03] [generate_cnf] Generating formula beemfwt3f3 with K=162
[2025-12-12 07:13:12] [run_formula] Running formula beemfwt3f3 with K=162 up to limit 1600
[2025-12-12 07:13:14] [generate_cnf] Generating formula beemfwt3f3 with K=163
[2025-12-12 07:13:23] [run_formula] Running formula beemfwt3f3 with K=163 up to limit 1600
[2025-12-12 07:13:25] [generate_cnf] Generating formula beemfwt3f3 with K=164
[2025-12-12 07:13:34] [run_formula] Running formula beemfwt3f3 with K=164 up to limit 1600
[2025-12-12 07:13:37] [generate_cnf] Generating formula beemfwt3f3 with K=165
[2025-12-12 07:13:46] [run_formula] Running formula beemfwt3f3 with K=165 up to limit 1600
[2025-12-12 07:13:49] [generate_cnf] Generating formula beemfwt3f3 with K=166
[2025-12-12 07:13:58] [run_formula] Running formula beemfwt3f3 with K=166 up to limit 1600
[2025-12-12 07:14:01] [generate_cnf] Generating formula beemfwt3f3 with K=167
[2025-12-12 07:14:10] [run_formula] Running formula beemfwt3f3 with K=167 up to limit 1600
[2025-12-12 07:14:13] [generate_cnf] Generating formula beemfwt3f3 with K=168
[2025-12-12 07:14:22] [run_formula] Running formula beemfwt3f3 with K=168 up to limit 1600
[2025-12-12 07:14:25] [generate_cnf] Generating formula beemfwt3f3 with K=169
[2025-12-12 07:14:34] [run_formula] Running formula beemfwt3f3 with K=169 up to limit 1600
[2025-12-12 07:14:37] [generate_cnf] Generating formula beemfwt3f3 with K=170
[2025-12-12 07:14:47] [run_formula] Running formula beemfwt3f3 with K=170 up to limit 1600
[2025-12-12 07:14:50] [generate_cnf] Generating formula beemfwt3f3 with K=171
[2025-12-12 07:14:59] [run_formula] Running formula beemfwt3f3 with K=171 up to limit 1600
[2025-12-12 07:15:02] [generate_cnf] Generating formula beemfwt3f3 with K=172
[2025-12-12 07:15:11] [run_formula] Running formula beemfwt3f3 with K=172 up to limit 1600
[2025-12-12 07:15:14] [generate_cnf] Generating formula beemfwt3f3 with K=173
[2025-12-12 07:15:24] [run_formula] Running formula beemfwt3f3 with K=173 up to limit 1600
[2025-12-12 07:15:27] [generate_cnf] Generating formula beemfwt3f3 with K=174
[2025-12-12 07:15:36] [run_formula] Running formula beemfwt3f3 with K=174 up to limit 1600
[2025-12-12 07:15:39] [generate_cnf] Generating formula beemfwt3f3 with K=175
[2025-12-12 07:15:49] [run_formula] Running formula beemfwt3f3 with K=175 up to limit 1600
[2025-12-12 07:15:52] [generate_cnf] Generating formula beemfwt3f3 with K=176
[2025-12-12 07:16:02] [run_formula] Running formula beemfwt3f3 with K=176 up to limit 1600
[2025-12-12 07:16:05] [generate_cnf] Generating formula beemfwt3f3 with K=177
[2025-12-12 07:16:15] [run_formula] Running formula beemfwt3f3 with K=177 up to limit 1600
[2025-12-12 07:16:17] [generate_cnf] Generating formula beemfwt3f3 with K=178
[2025-12-12 07:16:27] [run_formula] Running formula beemfwt3f3 with K=178 up to limit 1600
[2025-12-12 07:16:30] [generate_cnf] Generating formula beemfwt3f3 with K=179
[2025-12-12 07:16:41] [run_formula] Running formula beemfwt3f3 with K=179 up to limit 1600
[2025-12-12 07:16:43] [generate_cnf] Generating formula beemfwt3f3 with K=180
[2025-12-12 07:16:53] [run_formula] Running formula beemfwt3f3 with K=180 up to limit 1600
[2025-12-12 07:16:56] [generate_cnf] Generating formula beemfwt3f3 with K=181
[2025-12-12 07:17:07] [run_formula] Running formula beemfwt3f3 with K=181 up to limit 1600
[2025-12-12 07:17:10] [generate_cnf] Generating formula beemfwt3f3 with K=182
[2025-12-12 07:17:20] [run_formula] Running formula beemfwt3f3 with K=182 up to limit 1600
[2025-12-12 07:17:23] [generate_cnf] Generating formula beemfwt3f3 with K=183
[2025-12-12 07:17:33] [run_formula] Running formula beemfwt3f3 with K=183 up to limit 1600
[2025-12-12 07:17:37] [generate_cnf] Generating formula beemfwt3f3 with K=184
[2025-12-12 07:17:47] [run_formula] Running formula beemfwt3f3 with K=184 up to limit 1600
[2025-12-12 07:17:50] [generate_cnf] Generating formula beemfwt3f3 with K=185
[2025-12-12 07:18:01] [run_formula] Running formula beemfwt3f3 with K=185 up to limit 1600
[2025-12-12 07:18:04] [generate_cnf] Generating formula beemfwt3f3 with K=186
[2025-12-12 07:18:14] [run_formula] Running formula beemfwt3f3 with K=186 up to limit 1600
[2025-12-12 07:18:18] [generate_cnf] Generating formula beemfwt3f3 with K=187
[2025-12-12 07:18:28] [run_formula] Running formula beemfwt3f3 with K=187 up to limit 1600
[2025-12-12 07:18:31] [generate_cnf] Generating formula beemfwt3f3 with K=188
[2025-12-12 07:18:42] [run_formula] Running formula beemfwt3f3 with K=188 up to limit 1600
[2025-12-12 07:18:45] [generate_cnf] Generating formula beemfwt3f3 with K=189
[2025-12-12 07:18:56] [run_formula] Running formula beemfwt3f3 with K=189 up to limit 1600
[2025-12-12 07:18:59] [generate_cnf] Generating formula beemfwt3f3 with K=190
[2025-12-12 07:19:10] [run_formula] Running formula beemfwt3f3 with K=190 up to limit 1600
[2025-12-12 07:19:13] [generate_cnf] Generating formula beemfwt3f3 with K=191
[2025-12-12 07:19:24] [run_formula] Running formula beemfwt3f3 with K=191 up to limit 1600
[2025-12-12 07:19:27] [generate_cnf] Generating formula beemfwt3f3 with K=192
[2025-12-12 07:19:38] [run_formula] Running formula beemfwt3f3 with K=192 up to limit 1600
[2025-12-12 07:19:41] [generate_cnf] Generating formula beemfwt3f3 with K=193
[2025-12-12 07:19:52] [run_formula] Running formula beemfwt3f3 with K=193 up to limit 1600
[2025-12-12 07:19:56] [generate_cnf] Generating formula beemfwt3f3 with K=194
[2025-12-12 07:20:07] [run_formula] Running formula beemfwt3f3 with K=194 up to limit 1600
[2025-12-12 07:20:10] [generate_cnf] Generating formula beemfwt3f3 with K=195
[2025-12-12 07:20:21] [run_formula] Running formula beemfwt3f3 with K=195 up to limit 1600
[2025-12-12 07:20:24] [generate_cnf] Generating formula beemfwt3f3 with K=196
[2025-12-12 07:20:44] [run_formula] Running formula beemfwt3f3 with K=196 up to limit 1600
[2025-12-12 07:20:47] [generate_cnf] Generating formula beemfwt3f3 with K=197
[2025-12-12 07:20:58] [run_formula] Running formula beemfwt3f3 with K=197 up to limit 1600
[2025-12-12 07:21:02] [generate_cnf] Generating formula beemfwt3f3 with K=198
[2025-12-12 07:21:13] [run_formula] Running formula beemfwt3f3 with K=198 up to limit 1600
[2025-12-12 07:21:16] [generate_cnf] Generating formula beemfwt3f3 with K=199
[2025-12-12 07:21:27] [run_formula] Running formula beemfwt3f3 with K=199 up to limit 1600
[2025-12-12 07:21:31] [generate_cnf] Generating formula beemfwt3f3 with K=200
[2025-12-12 07:21:42] [run_formula] Running formula beemfwt3f3 with K=200 up to limit 1600
[2025-12-12 07:21:46] [generate_cnf] Generating formula beemfwt3f3 with K=201
[2025-12-12 07:21:57] [run_formula] Running formula beemfwt3f3 with K=201 up to limit 1600
[2025-12-12 07:22:00] [generate_cnf] Generating formula beemfwt3f3 with K=202
[2025-12-12 07:22:12] [run_formula] Running formula beemfwt3f3 with K=202 up to limit 1600
[2025-12-12 07:22:15] [generate_cnf] Generating formula beemfwt3f3 with K=203
[2025-12-12 07:22:27] [run_formula] Running formula beemfwt3f3 with K=203 up to limit 1600
[2025-12-12 07:22:30] [generate_cnf] Generating formula beemfwt3f3 with K=204
[2025-12-12 07:22:41] [run_formula] Running formula beemfwt3f3 with K=204 up to limit 1600
[2025-12-12 07:22:45] [generate_cnf] Generating formula beemfwt3f3 with K=205
[2025-12-12 07:22:56] [run_formula] Running formula beemfwt3f3 with K=205 up to limit 1600
[2025-12-12 07:22:59] [generate_cnf] Generating formula beemfwt3f3 with K=206
[2025-12-12 07:23:11] [run_formula] Running formula beemfwt3f3 with K=206 up to limit 1600
[2025-12-12 07:23:14] [generate_cnf] Generating formula beemfwt3f3 with K=207
[2025-12-12 07:23:26] [run_formula] Running formula beemfwt3f3 with K=207 up to limit 1600
[2025-12-12 07:23:29] [generate_cnf] Generating formula beemfwt3f3 with K=208
[2025-12-12 07:23:41] [run_formula] Running formula beemfwt3f3 with K=208 up to limit 1600
[2025-12-12 07:23:45] [generate_cnf] Generating formula beemfwt3f3 with K=209
[2025-12-12 07:23:56] [run_formula] Running formula beemfwt3f3 with K=209 up to limit 1600
[2025-12-12 07:24:00] [generate_cnf] Generating formula beemfwt3f3 with K=210
[2025-12-12 07:24:12] [run_formula] Running formula beemfwt3f3 with K=210 up to limit 1600
[2025-12-12 07:24:15] [generate_cnf] Generating formula beemfwt3f3 with K=211
[2025-12-12 07:24:27] [run_formula] Running formula beemfwt3f3 with K=211 up to limit 1600
[2025-12-12 07:24:30] [generate_cnf] Generating formula beemfwt3f3 with K=212
[2025-12-12 07:24:42] [run_formula] Running formula beemfwt3f3 with K=212 up to limit 1600
[2025-12-12 07:24:46] [generate_cnf] Generating formula beemfwt3f3 with K=213
[2025-12-12 07:24:58] [run_formula] Running formula beemfwt3f3 with K=213 up to limit 1600
[2025-12-12 07:25:01] [generate_cnf] Generating formula beemfwt3f3 with K=214
[2025-12-12 07:25:13] [run_formula] Running formula beemfwt3f3 with K=214 up to limit 1600
[2025-12-12 07:25:17] [generate_cnf] Generating formula beemfwt3f3 with K=215
[2025-12-12 07:25:29] [run_formula] Running formula beemfwt3f3 with K=215 up to limit 1600
[2025-12-12 07:25:32] [generate_cnf] Generating formula beemfwt3f3 with K=216
[2025-12-12 07:25:44] [run_formula] Running formula beemfwt3f3 with K=216 up to limit 1600
[2025-12-12 07:25:48] [generate_cnf] Generating formula beemfwt3f3 with K=217
[2025-12-12 07:26:00] [run_formula] Running formula beemfwt3f3 with K=217 up to limit 1600
[2025-12-12 07:26:03] [generate_cnf] Generating formula beemfwt3f3 with K=218
[2025-12-12 07:26:15] [run_formula] Running formula beemfwt3f3 with K=218 up to limit 1600
[2025-12-12 07:26:19] [generate_cnf] Generating formula beemfwt3f3 with K=219
[2025-12-12 07:26:31] [run_formula] Running formula beemfwt3f3 with K=219 up to limit 1600
[2025-12-12 07:26:34] [generate_cnf] Generating formula beemfwt3f3 with K=220
[2025-12-12 07:26:47] [run_formula] Running formula beemfwt3f3 with K=220 up to limit 1600
[2025-12-12 07:26:50] [generate_cnf] Generating formula beemfwt3f3 with K=221
[2025-12-12 07:27:02] [run_formula] Running formula beemfwt3f3 with K=221 up to limit 1600
[2025-12-12 07:27:06] [generate_cnf] Generating formula beemfwt3f3 with K=222
[2025-12-12 07:27:18] [run_formula] Running formula beemfwt3f3 with K=222 up to limit 1600
[2025-12-12 07:27:22] [generate_cnf] Generating formula beemfwt3f3 with K=223
[2025-12-12 07:27:34] [run_formula] Running formula beemfwt3f3 with K=223 up to limit 1600
[2025-12-12 07:27:38] [generate_cnf] Generating formula beemfwt3f3 with K=224
[2025-12-12 07:27:51] [run_formula] Running formula beemfwt3f3 with K=224 up to limit 1600
[2025-12-12 07:27:54] [generate_cnf] Generating formula beemfwt3f3 with K=225
[2025-12-12 07:28:07] [run_formula] Running formula beemfwt3f3 with K=225 up to limit 1600
[2025-12-12 07:28:10] [generate_cnf] Generating formula beemfwt3f3 with K=226
[2025-12-12 07:28:23] [run_formula] Running formula beemfwt3f3 with K=226 up to limit 1600
[2025-12-12 07:28:26] [generate_cnf] Generating formula beemfwt3f3 with K=227
[2025-12-12 07:28:39] [run_formula] Running formula beemfwt3f3 with K=227 up to limit 1600
[2025-12-12 07:28:43] [generate_cnf] Generating formula beemfwt3f3 with K=228
[2025-12-12 07:28:56] [run_formula] Running formula beemfwt3f3 with K=228 up to limit 1600
[2025-12-12 07:28:59] [generate_cnf] Generating formula beemfwt3f3 with K=229
[2025-12-12 07:29:12] [run_formula] Running formula beemfwt3f3 with K=229 up to limit 1600
[2025-12-12 07:29:16] [generate_cnf] Generating formula beemfwt3f3 with K=230
[2025-12-12 07:29:29] [run_formula] Running formula beemfwt3f3 with K=230 up to limit 1600
[2025-12-12 07:29:33] [generate_cnf] Generating formula beemfwt3f3 with K=231
[2025-12-12 07:29:46] [run_formula] Running formula beemfwt3f3 with K=231 up to limit 1600
[2025-12-12 07:29:50] [generate_cnf] Generating formula beemfwt3f3 with K=232
[2025-12-12 07:30:07] [run_formula] Running formula beemfwt3f3 with K=232 up to limit 1600
[2025-12-12 07:30:11] [generate_cnf] Generating formula beemfwt3f3 with K=233
[2025-12-12 07:30:24] [run_formula] Running formula beemfwt3f3 with K=233 up to limit 1600
[2025-12-12 07:30:28] [generate_cnf] Generating formula beemfwt3f3 with K=234
[2025-12-12 07:30:41] [run_formula] Running formula beemfwt3f3 with K=234 up to limit 1600
[2025-12-12 07:30:44] [generate_cnf] Generating formula beemfwt3f3 with K=235
[2025-12-12 07:30:57] [run_formula] Running formula beemfwt3f3 with K=235 up to limit 1600
[2025-12-12 07:31:01] [generate_cnf] Generating formula beemfwt3f3 with K=236
[2025-12-12 07:31:14] [run_formula] Running formula beemfwt3f3 with K=236 up to limit 1600
[2025-12-12 07:31:18] [generate_cnf] Generating formula beemfwt3f3 with K=237
[2025-12-12 07:31:31] [run_formula] Running formula beemfwt3f3 with K=237 up to limit 1600
[2025-12-12 07:31:35] [generate_cnf] Generating formula beemfwt3f3 with K=238
[2025-12-12 07:31:48] [run_formula] Running formula beemfwt3f3 with K=238 up to limit 1600
[2025-12-12 07:31:52] [generate_cnf] Generating formula beemfwt3f3 with K=239
[2025-12-12 07:32:05] [run_formula] Running formula beemfwt3f3 with K=239 up to limit 1600
[2025-12-12 07:32:09] [generate_cnf] Generating formula beemfwt3f3 with K=240
[2025-12-12 07:32:22] [run_formula] Running formula beemfwt3f3 with K=240 up to limit 1600
[2025-12-12 07:32:26] [generate_cnf] Generating formula beemfwt3f3 with K=241
[2025-12-12 07:32:39] [run_formula] Running formula beemfwt3f3 with K=241 up to limit 1600
[2025-12-12 07:32:43] [generate_cnf] Generating formula beemfwt3f3 with K=242
[2025-12-12 07:32:57] [run_formula] Running formula beemfwt3f3 with K=242 up to limit 1600
[2025-12-12 07:33:00] [generate_cnf] Generating formula beemfwt3f3 with K=243
[2025-12-12 07:33:13] [run_formula] Running formula beemfwt3f3 with K=243 up to limit 1600
[2025-12-12 07:33:17] [generate_cnf] Generating formula beemfwt3f3 with K=244
[2025-12-12 07:33:31] [run_formula] Running formula beemfwt3f3 with K=244 up to limit 1600
[2025-12-12 07:33:35] [generate_cnf] Generating formula beemfwt3f3 with K=245
[2025-12-12 07:33:48] [run_formula] Running formula beemfwt3f3 with K=245 up to limit 1600
[2025-12-12 07:33:52] [generate_cnf] Generating formula beemfwt3f3 with K=246
[2025-12-12 07:34:05] [run_formula] Running formula beemfwt3f3 with K=246 up to limit 1600
[2025-12-12 07:34:09] [generate_cnf] Generating formula beemfwt3f3 with K=247
[2025-12-12 07:34:22] [run_formula] Running formula beemfwt3f3 with K=247 up to limit 1600
[2025-12-12 07:34:26] [generate_cnf] Generating formula beemfwt3f3 with K=248
[2025-12-12 07:34:40] [run_formula] Running formula beemfwt3f3 with K=248 up to limit 1600
[2025-12-12 07:34:44] [generate_cnf] Generating formula beemfwt3f3 with K=249
[2025-12-12 07:34:57] [run_formula] Running formula beemfwt3f3 with K=249 up to limit 1600
[2025-12-12 07:35:01] [generate_cnf] Generating formula beemfwt3f3 with K=250
[2025-12-12 07:35:15] [run_formula] Running formula beemfwt3f3 with K=250 up to limit 1600
[2025-12-12 07:35:19] [generate_cnf] Generating formula beemfwt3f3 with K=251
[2025-12-12 07:35:32] [run_formula] Running formula beemfwt3f3 with K=251 up to limit 1600
[2025-12-12 07:35:36] [generate_cnf] Generating formula beemfwt3f3 with K=252
[2025-12-12 07:35:50] [run_formula] Running formula beemfwt3f3 with K=252 up to limit 1600
[2025-12-12 07:35:54] [generate_cnf] Generating formula beemfwt3f3 with K=253
[2025-12-12 07:36:08] [run_formula] Running formula beemfwt3f3 with K=253 up to limit 1600
[2025-12-12 07:36:12] [generate_cnf] Generating formula beemfwt3f3 with K=254
[2025-12-12 07:36:25] [run_formula] Running formula beemfwt3f3 with K=254 up to limit 1600
[2025-12-12 07:36:29] [generate_cnf] Generating formula beemfwt3f3 with K=255
[2025-12-12 07:36:43] [run_formula] Running formula beemfwt3f3 with K=255 up to limit 1600
[2025-12-12 07:36:47] [generate_cnf] Generating formula beemfwt3f3 with K=256
[2025-12-12 07:37:01] [run_formula] Running formula beemfwt3f3 with K=256 up to limit 1600
[2025-12-12 07:37:06] [generate_cnf] Generating formula beemfwt3f3 with K=257
[2025-12-12 07:37:20] [run_formula] Running formula beemfwt3f3 with K=257 up to limit 1600
[2025-12-12 07:37:25] [generate_cnf] Generating formula beemfwt3f3 with K=258
[2025-12-12 07:37:40] [run_formula] Running formula beemfwt3f3 with K=258 up to limit 1600
[2025-12-12 07:37:44] [generate_cnf] Generating formula beemfwt3f3 with K=259
[2025-12-12 07:37:59] [run_formula] Running formula beemfwt3f3 with K=259 up to limit 1600
[2025-12-12 07:38:03] [generate_cnf] Generating formula beemfwt3f3 with K=260
[2025-12-12 07:38:18] [run_formula] Running formula beemfwt3f3 with K=260 up to limit 1600
[2025-12-12 07:38:23] [generate_cnf] Generating formula beemfwt3f3 with K=261
[2025-12-12 07:38:38] [run_formula] Running formula beemfwt3f3 with K=261 up to limit 1600
[2025-12-12 07:38:42] [generate_cnf] Generating formula beemfwt3f3 with K=262
[2025-12-12 07:38:57] [run_formula] Running formula beemfwt3f3 with K=262 up to limit 1600
[2025-12-12 07:39:02] [generate_cnf] Generating formula beemfwt3f3 with K=263
[2025-12-12 07:39:17] [run_formula] Running formula beemfwt3f3 with K=263 up to limit 1600
[2025-12-12 07:39:21] [generate_cnf] Generating formula beemfwt3f3 with K=264
[2025-12-12 07:39:36] [run_formula] Running formula beemfwt3f3 with K=264 up to limit 1600
[2025-12-12 07:39:40] [generate_cnf] Generating formula beemfwt3f3 with K=265
[2025-12-12 07:39:56] [run_formula] Running formula beemfwt3f3 with K=265 up to limit 1600
[2025-12-12 07:40:00] [generate_cnf] Generating formula beemfwt3f3 with K=266
[2025-12-12 07:40:15] [run_formula] Running formula beemfwt3f3 with K=266 up to limit 1600
[2025-12-12 07:40:19] [generate_cnf] Generating formula beemfwt3f3 with K=267
[2025-12-12 07:40:34] [run_formula] Running formula beemfwt3f3 with K=267 up to limit 1600
[2025-12-12 07:40:38] [generate_cnf] Generating formula beemfwt3f3 with K=268
[2025-12-12 07:40:53] [run_formula] Running formula beemfwt3f3 with K=268 up to limit 1600
[2025-12-12 07:40:57] [generate_cnf] Generating formula beemfwt3f3 with K=269
[2025-12-12 07:41:12] [run_formula] Running formula beemfwt3f3 with K=269 up to limit 1600
[2025-12-12 07:41:16] [generate_cnf] Generating formula beemfwt3f3 with K=270
[2025-12-12 07:41:30] [run_formula] Running formula beemfwt3f3 with K=270 up to limit 1600
[2025-12-12 07:41:35] [generate_cnf] Generating formula beemfwt3f3 with K=271
[2025-12-12 07:41:53] [run_formula] Running formula beemfwt3f3 with K=271 up to limit 1600
[2025-12-12 07:41:57] [generate_cnf] Generating formula beemfwt3f3 with K=272
[2025-12-12 07:42:12] [run_formula] Running formula beemfwt3f3 with K=272 up to limit 1600
[2025-12-12 07:42:16] [generate_cnf] Generating formula beemfwt3f3 with K=273
[2025-12-12 07:42:31] [run_formula] Running formula beemfwt3f3 with K=273 up to limit 1600
[2025-12-12 07:42:36] [generate_cnf] Generating formula beemfwt3f3 with K=274
[2025-12-12 07:42:50] [run_formula] Running formula beemfwt3f3 with K=274 up to limit 1600
[2025-12-12 07:42:55] [generate_cnf] Generating formula beemfwt3f3 with K=275
[2025-12-12 07:43:10] [run_formula] Running formula beemfwt3f3 with K=275 up to limit 1600
[2025-12-12 07:43:14] [generate_cnf] Generating formula beemfwt3f3 with K=276
[2025-12-12 07:43:29] [run_formula] Running formula beemfwt3f3 with K=276 up to limit 1600
[2025-12-12 07:43:34] [generate_cnf] Generating formula beemfwt3f3 with K=277
[2025-12-12 07:43:49] [run_formula] Running formula beemfwt3f3 with K=277 up to limit 1600
[2025-12-12 07:43:53] [generate_cnf] Generating formula beemfwt3f3 with K=278
[2025-12-12 07:44:09] [run_formula] Running formula beemfwt3f3 with K=278 up to limit 1600
[2025-12-12 07:44:13] [generate_cnf] Generating formula beemfwt3f3 with K=279
[2025-12-12 07:44:29] [run_formula] Running formula beemfwt3f3 with K=279 up to limit 1600
[2025-12-12 07:44:34] [generate_cnf] Generating formula beemfwt3f3 with K=280
[2025-12-12 07:44:50] [run_formula] Running formula beemfwt3f3 with K=280 up to limit 1600
[2025-12-12 07:44:54] [generate_cnf] Generating formula beemfwt3f3 with K=281
[2025-12-12 07:45:10] [run_formula] Running formula beemfwt3f3 with K=281 up to limit 1600
[2025-12-12 07:45:14] [generate_cnf] Generating formula beemfwt3f3 with K=282
[2025-12-12 07:45:30] [run_formula] Running formula beemfwt3f3 with K=282 up to limit 1600
[2025-12-12 07:45:35] [generate_cnf] Generating formula beemfwt3f3 with K=283
[2025-12-12 07:45:50] [run_formula] Running formula beemfwt3f3 with K=283 up to limit 1600
[2025-12-12 07:45:55] [generate_cnf] Generating formula beemfwt3f3 with K=284
[2025-12-12 07:46:11] [run_formula] Running formula beemfwt3f3 with K=284 up to limit 1600
[2025-12-12 07:46:15] [generate_cnf] Generating formula beemfwt3f3 with K=285
[2025-12-12 07:46:31] [run_formula] Running formula beemfwt3f3 with K=285 up to limit 1600
[2025-12-12 07:46:36] [generate_cnf] Generating formula beemfwt3f3 with K=286
[2025-12-12 07:46:52] [run_formula] Running formula beemfwt3f3 with K=286 up to limit 1600
[2025-12-12 07:46:57] [generate_cnf] Generating formula beemfwt3f3 with K=287
[2025-12-12 07:47:14] [run_formula] Running formula beemfwt3f3 with K=287 up to limit 1600
[2025-12-12 07:47:19] [generate_cnf] Generating formula beemfwt3f3 with K=288
[2025-12-12 07:47:35] [run_formula] Running formula beemfwt3f3 with K=288 up to limit 1600
[2025-12-12 07:47:40] [generate_cnf] Generating formula beemfwt3f3 with K=289
[2025-12-12 07:47:57] [run_formula] Running formula beemfwt3f3 with K=289 up to limit 1600
[2025-12-12 07:48:01] [generate_cnf] Generating formula beemfwt3f3 with K=290
[2025-12-12 07:48:19] [run_formula] Running formula beemfwt3f3 with K=290 up to limit 1600
[2025-12-12 07:48:23] [generate_cnf] Generating formula beemfwt3f3 with K=291
[2025-12-12 07:48:40] [run_formula] Running formula beemfwt3f3 with K=291 up to limit 1600
[2025-12-12 07:48:45] [generate_cnf] Generating formula beemfwt3f3 with K=292
[2025-12-12 07:49:02] [run_formula] Running formula beemfwt3f3 with K=292 up to limit 1600
[2025-12-12 07:49:07] [generate_cnf] Generating formula beemfwt3f3 with K=293
[2025-12-12 07:49:25] [run_formula] Running formula beemfwt3f3 with K=293 up to limit 1600
[2025-12-12 07:49:30] [generate_cnf] Generating formula beemfwt3f3 with K=294
[2025-12-12 07:49:48] [run_formula] Running formula beemfwt3f3 with K=294 up to limit 1600
[2025-12-12 07:49:53] [generate_cnf] Generating formula beemfwt3f3 with K=295
[2025-12-12 07:50:12] [run_formula] Running formula beemfwt3f3 with K=295 up to limit 1600
[2025-12-12 07:50:17] [generate_cnf] Generating formula beemfwt3f3 with K=296
[2025-12-12 07:50:36] [run_formula] Running formula beemfwt3f3 with K=296 up to limit 1600
[2025-12-12 07:50:42] [generate_cnf] Generating formula beemfwt3f3 with K=297
[2025-12-12 07:51:00] [run_formula] Running formula beemfwt3f3 with K=297 up to limit 1600
[2025-12-12 07:51:05] [generate_cnf] Generating formula beemfwt3f3 with K=298
[2025-12-12 07:51:24] [run_formula] Running formula beemfwt3f3 with K=298 up to limit 1600
[2025-12-12 07:51:29] [generate_cnf] Generating formula beemfwt3f3 with K=299
[2025-12-12 07:51:47] [run_formula] Running formula beemfwt3f3 with K=299 up to limit 1600
[2025-12-12 07:51:53] [generate_cnf] Generating formula beemfwt3f3 with K=300
[2025-12-12 07:52:11] [run_formula] Running formula beemfwt3f3 with K=300 up to limit 1600
[2025-12-12 07:52:17] [generate_cnf] Generating formula beemfwt3f3 with K=301
[2025-12-12 07:52:36] [run_formula] Running formula beemfwt3f3 with K=301 up to limit 1600
[2025-12-12 07:52:49] [generate_cnf] Generating formula beemfwt3f3 with K=302
[2025-12-12 07:53:08] [run_formula] Running formula beemfwt3f3 with K=302 up to limit 1600
[2025-12-12 07:53:14] [generate_cnf] Generating formula beemfwt3f3 with K=303
[2025-12-12 07:53:33] [run_formula] Running formula beemfwt3f3 with K=303 up to limit 1600
[2025-12-12 07:53:39] [generate_cnf] Generating formula beemfwt3f3 with K=304
[2025-12-12 07:54:00] [run_formula] Running formula beemfwt3f3 with K=304 up to limit 1600
[2025-12-12 07:54:06] [generate_cnf] Generating formula beemfwt3f3 with K=305
[2025-12-12 07:54:26] [run_formula] Running formula beemfwt3f3 with K=305 up to limit 1600
[2025-12-12 07:54:32] [generate_cnf] Generating formula beemfwt3f3 with K=306
[2025-12-12 07:54:54] [run_formula] Running formula beemfwt3f3 with K=306 up to limit 1600
[2025-12-12 07:55:00] [generate_cnf] Generating formula beemfwt3f3 with K=307
[2025-12-12 07:55:21] [run_formula] Running formula beemfwt3f3 with K=307 up to limit 1600
[2025-12-12 07:55:27] [generate_cnf] Generating formula beemfwt3f3 with K=308
[2025-12-12 07:55:48] [run_formula] Running formula beemfwt3f3 with K=308 up to limit 1600
[2025-12-12 07:55:54] [generate_cnf] Generating formula beemfwt3f3 with K=309
[2025-12-12 07:56:15] [run_formula] Running formula beemfwt3f3 with K=309 up to limit 1600
[2025-12-12 07:56:22] [generate_cnf] Generating formula beemfwt3f3 with K=310
[2025-12-12 07:56:42] [run_formula] Running formula beemfwt3f3 with K=310 up to limit 1600
[2025-12-12 07:56:48] [generate_cnf] Generating formula beemfwt3f3 with K=311
[2025-12-12 07:57:09] [run_formula] Running formula beemfwt3f3 with K=311 up to limit 1600
[2025-12-12 07:57:15] [generate_cnf] Generating formula beemfwt3f3 with K=312
[2025-12-12 07:57:35] [run_formula] Running formula beemfwt3f3 with K=312 up to limit 1600
[2025-12-12 07:57:41] [generate_cnf] Generating formula beemfwt3f3 with K=313
[2025-12-12 07:58:01] [run_formula] Running formula beemfwt3f3 with K=313 up to limit 1600
[2025-12-12 07:58:07] [generate_cnf] Generating formula beemfwt3f3 with K=314
[2025-12-12 07:58:27] [run_formula] Running formula beemfwt3f3 with K=314 up to limit 1600
[2025-12-12 07:58:33] [generate_cnf] Generating formula beemfwt3f3 with K=315
[2025-12-12 07:58:53] [run_formula] Running formula beemfwt3f3 with K=315 up to limit 1600
[2025-12-12 07:58:59] [generate_cnf] Generating formula beemfwt3f3 with K=316
[2025-12-12 07:59:19] [run_formula] Running formula beemfwt3f3 with K=316 up to limit 1600
[2025-12-12 07:59:25] [generate_cnf] Generating formula beemfwt3f3 with K=317
[2025-12-12 07:59:46] [run_formula] Running formula beemfwt3f3 with K=317 up to limit 1600
[2025-12-12 07:59:52] [generate_cnf] Generating formula beemfwt3f3 with K=318
[2025-12-12 08:00:13] [run_formula] Running formula beemfwt3f3 with K=318 up to limit 1600
[2025-12-12 08:00:19] [generate_cnf] Generating formula beemfwt3f3 with K=319
[2025-12-12 08:00:41] [run_formula] Running formula beemfwt3f3 with K=319 up to limit 1600
[2025-12-12 08:00:47] [generate_cnf] Generating formula beemfwt3f3 with K=320
[2025-12-12 08:01:08] [run_formula] Running formula beemfwt3f3 with K=320 up to limit 1600
[2025-12-12 08:01:14] [generate_cnf] Generating formula beemfwt3f3 with K=321
[2025-12-12 08:01:35] [run_formula] Running formula beemfwt3f3 with K=321 up to limit 1600
[2025-12-12 08:01:41] [generate_cnf] Generating formula beemfwt3f3 with K=322
[2025-12-12 08:02:01] [run_formula] Running formula beemfwt3f3 with K=322 up to limit 1600
[2025-12-12 08:02:07] [generate_cnf] Generating formula beemfwt3f3 with K=323
[2025-12-12 08:02:32] [run_formula] Running formula beemfwt3f3 with K=323 up to limit 1600
[2025-12-12 08:02:38] [generate_cnf] Generating formula beemfwt3f3 with K=324
[2025-12-12 08:02:59] [run_formula] Running formula beemfwt3f3 with K=324 up to limit 1600
[2025-12-12 08:03:05] [generate_cnf] Generating formula beemfwt3f3 with K=325
[2025-12-12 08:03:26] [run_formula] Running formula beemfwt3f3 with K=325 up to limit 1600
[2025-12-12 08:03:32] [generate_cnf] Generating formula beemfwt3f3 with K=326
[2025-12-12 08:03:52] [run_formula] Running formula beemfwt3f3 with K=326 up to limit 1600
[2025-12-12 08:03:58] [generate_cnf] Generating formula beemfwt3f3 with K=327
[2025-12-12 08:04:20] [run_formula] Running formula beemfwt3f3 with K=327 up to limit 1600
[2025-12-12 08:04:26] [generate_cnf] Generating formula beemfwt3f3 with K=328
[2025-12-12 08:04:48] [run_formula] Running formula beemfwt3f3 with K=328 up to limit 1600
[2025-12-12 08:04:54] [generate_cnf] Generating formula beemfwt3f3 with K=329
[2025-12-12 08:05:15] [run_formula] Running formula beemfwt3f3 with K=329 up to limit 1600
[2025-12-12 08:05:21] [generate_cnf] Generating formula beemfwt3f3 with K=330
[2025-12-12 08:05:43] [run_formula] Running formula beemfwt3f3 with K=330 up to limit 1600
[2025-12-12 08:05:49] [generate_cnf] Generating formula beemfwt3f3 with K=331
[2025-12-12 08:06:11] [run_formula] Running formula beemfwt3f3 with K=331 up to limit 1600
[2025-12-12 08:06:18] [generate_cnf] Generating formula beemfwt3f3 with K=332
[2025-12-12 08:06:40] [run_formula] Running formula beemfwt3f3 with K=332 up to limit 1600
[2025-12-12 08:06:47] [generate_cnf] Generating formula beemfwt3f3 with K=333
[2025-12-12 08:07:09] [run_formula] Running formula beemfwt3f3 with K=333 up to limit 1600
[2025-12-12 08:07:15] [generate_cnf] Generating formula beemfwt3f3 with K=334
[2025-12-12 08:07:37] [run_formula] Running formula beemfwt3f3 with K=334 up to limit 1600
[2025-12-12 08:07:43] [generate_cnf] Generating formula beemfwt3f3 with K=335
[2025-12-12 08:08:05] [run_formula] Running formula beemfwt3f3 with K=335 up to limit 1600
[2025-12-12 08:08:12] [generate_cnf] Generating formula beemfwt3f3 with K=336
[2025-12-12 08:08:34] [run_formula] Running formula beemfwt3f3 with K=336 up to limit 1600
[2025-12-12 08:08:40] [generate_cnf] Generating formula beemfwt3f3 with K=337
[2025-12-12 08:09:03] [run_formula] Running formula beemfwt3f3 with K=337 up to limit 1600
[2025-12-12 08:09:09] [generate_cnf] Generating formula beemfwt3f3 with K=338
[2025-12-12 08:09:32] [run_formula] Running formula beemfwt3f3 with K=338 up to limit 1600
[2025-12-12 08:09:39] [generate_cnf] Generating formula beemfwt3f3 with K=339
[2025-12-12 08:10:01] [run_formula] Running formula beemfwt3f3 with K=339 up to limit 1600
[2025-12-12 08:10:08] [generate_cnf] Generating formula beemfwt3f3 with K=340
[2025-12-12 08:10:30] [run_formula] Running formula beemfwt3f3 with K=340 up to limit 1600
[2025-12-12 08:10:36] [generate_cnf] Generating formula beemfwt3f3 with K=341
[2025-12-12 08:10:58] [run_formula] Running formula beemfwt3f3 with K=341 up to limit 1600
[2025-12-12 08:11:05] [generate_cnf] Generating formula beemfwt3f3 with K=342
[2025-12-12 08:11:27] [run_formula] Running formula beemfwt3f3 with K=342 up to limit 1600
[2025-12-12 08:11:33] [generate_cnf] Generating formula beemfwt3f3 with K=343
[2025-12-12 08:11:55] [run_formula] Running formula beemfwt3f3 with K=343 up to limit 1600
[2025-12-12 08:12:01] [generate_cnf] Generating formula beemfwt3f3 with K=344
[2025-12-12 08:12:24] [run_formula] Running formula beemfwt3f3 with K=344 up to limit 1600
[2025-12-12 08:12:31] [generate_cnf] Generating formula beemfwt3f3 with K=345
[2025-12-12 08:12:54] [run_formula] Running formula beemfwt3f3 with K=345 up to limit 1600
[2025-12-12 08:13:00] [generate_cnf] Generating formula beemfwt3f3 with K=346
[2025-12-12 08:13:27] [run_formula] Running formula beemfwt3f3 with K=346 up to limit 1600
[2025-12-12 08:13:34] [generate_cnf] Generating formula beemfwt3f3 with K=347
[2025-12-12 08:13:57] [run_formula] Running formula beemfwt3f3 with K=347 up to limit 1600
[2025-12-12 08:14:03] [generate_cnf] Generating formula beemfwt3f3 with K=348
[2025-12-12 08:14:26] [run_formula] Running formula beemfwt3f3 with K=348 up to limit 1600
[2025-12-12 08:14:33] [generate_cnf] Generating formula beemfwt3f3 with K=349
[2025-12-12 08:14:54] [run_formula] Running formula beemfwt3f3 with K=349 up to limit 1600
[2025-12-12 08:15:01] [generate_cnf] Generating formula beemfwt3f3 with K=350
[2025-12-12 08:15:24] [run_formula] Running formula beemfwt3f3 with K=350 up to limit 1600
[2025-12-12 08:15:30] [generate_cnf] Generating formula beemfwt3f3 with K=351
[2025-12-12 08:15:53] [run_formula] Running formula beemfwt3f3 with K=351 up to limit 1600
[2025-12-12 08:15:59] [generate_cnf] Generating formula beemfwt3f3 with K=352
[2025-12-12 08:16:23] [run_formula] Running formula beemfwt3f3 with K=352 up to limit 1600
[2025-12-12 08:16:29] [generate_cnf] Generating formula beemfwt3f3 with K=353
[2025-12-12 08:16:52] [run_formula] Running formula beemfwt3f3 with K=353 up to limit 1600
[2025-12-12 08:16:59] [generate_cnf] Generating formula beemfwt3f3 with K=354
[2025-12-12 08:17:22] [run_formula] Running formula beemfwt3f3 with K=354 up to limit 1600
[2025-12-12 08:17:28] [generate_cnf] Generating formula beemfwt3f3 with K=355
[2025-12-12 08:17:51] [run_formula] Running formula beemfwt3f3 with K=355 up to limit 1600
[2025-12-12 08:17:58] [generate_cnf] Generating formula beemfwt3f3 with K=356
[2025-12-12 08:18:22] [run_formula] Running formula beemfwt3f3 with K=356 up to limit 1600
[2025-12-12 08:18:29] [generate_cnf] Generating formula beemfwt3f3 with K=357
[2025-12-12 08:18:52] [run_formula] Running formula beemfwt3f3 with K=357 up to limit 1600
[2025-12-12 08:18:59] [generate_cnf] Generating formula beemfwt3f3 with K=358
[2025-12-12 08:19:23] [run_formula] Running formula beemfwt3f3 with K=358 up to limit 1600
[2025-12-12 08:19:29] [generate_cnf] Generating formula beemfwt3f3 with K=359
[2025-12-12 08:19:54] [run_formula] Running formula beemfwt3f3 with K=359 up to limit 1600
[2025-12-12 08:20:00] [generate_cnf] Generating formula beemfwt3f3 with K=360
[2025-12-12 08:20:25] [run_formula] Running formula beemfwt3f3 with K=360 up to limit 1600
[2025-12-12 08:20:32] [generate_cnf] Generating formula beemfwt3f3 with K=361
[2025-12-12 08:20:56] [run_formula] Running formula beemfwt3f3 with K=361 up to limit 1600
[2025-12-12 08:21:02] [generate_cnf] Generating formula beemfwt3f3 with K=362
[2025-12-12 08:21:27] [run_formula] Running formula beemfwt3f3 with K=362 up to limit 1600
[2025-12-12 08:21:33] [generate_cnf] Generating formula beemfwt3f3 with K=363
[2025-12-12 08:21:58] [run_formula] Running formula beemfwt3f3 with K=363 up to limit 1600
[2025-12-12 08:22:05] [generate_cnf] Generating formula beemfwt3f3 with K=364
[2025-12-12 08:22:29] [run_formula] Running formula beemfwt3f3 with K=364 up to limit 1600
[2025-12-12 08:22:36] [generate_cnf] Generating formula beemfwt3f3 with K=365
[2025-12-12 08:23:00] [run_formula] Running formula beemfwt3f3 with K=365 up to limit 1600
[2025-12-12 08:23:06] [generate_cnf] Generating formula beemfwt3f3 with K=366
[2025-12-12 08:23:31] [run_formula] Running formula beemfwt3f3 with K=366 up to limit 1600
[2025-12-12 08:23:38] [generate_cnf] Generating formula beemfwt3f3 with K=367
[2025-12-12 08:24:02] [run_formula] Running formula beemfwt3f3 with K=367 up to limit 1600
[2025-12-12 08:24:08] [generate_cnf] Generating formula beemfwt3f3 with K=368
[2025-12-12 08:24:33] [run_formula] Running formula beemfwt3f3 with K=368 up to limit 1600
[2025-12-12 08:24:39] [generate_cnf] Generating formula beemfwt3f3 with K=369
[2025-12-12 08:25:04] [run_formula] Running formula beemfwt3f3 with K=369 up to limit 1600
[2025-12-12 08:25:11] [generate_cnf] Generating formula beemfwt3f3 with K=370
[2025-12-12 08:25:36] [run_formula] Running formula beemfwt3f3 with K=370 up to limit 1600
[2025-12-12 08:25:43] [generate_cnf] Generating formula beemfwt3f3 with K=371
[2025-12-12 08:26:08] [run_formula] Running formula beemfwt3f3 with K=371 up to limit 1600
[2025-12-12 08:26:15] [generate_cnf] Generating formula beemfwt3f3 with K=372
[2025-12-12 08:26:40] [run_formula] Running formula beemfwt3f3 with K=372 up to limit 1600
[2025-12-12 08:26:46] [generate_cnf] Generating formula beemfwt3f3 with K=373
[2025-12-12 08:27:10] [run_formula] Running formula beemfwt3f3 with K=373 up to limit 1600
[2025-12-12 08:27:17] [generate_cnf] Generating formula beemfwt3f3 with K=374
[2025-12-12 08:27:41] [run_formula] Running formula beemfwt3f3 with K=374 up to limit 1600
[2025-12-12 08:27:48] [generate_cnf] Generating formula beemfwt3f3 with K=375
[2025-12-12 08:28:03] [generate_and_run_up_to_limit] Failed to generate CNF for beemfwt3f3 with K=375, halting
