CNF written.
CNF written.
CNF written.
CNF written.
CNF written.
CNF written.
CNF written.
CNF written.
CNF written.
CNF written.
CNF written.
CNF written.
CNF written.
CNF written.
CNF written.
CNF written.
CNF written.
CNF written.
CNF written.
CNF written.
CNF written.
CNF written.
CNF written.
CNF written.
CNF written.
CNF written.
CNF written.
CNF written.
CNF written.
CNF written.
CNF written.
CNF written.
CNF written.
CNF written.
CNF written.
CNF written.
CNF written.
CNF written.
CNF written.
CNF written.
CNF written.
CNF written.
CNF written.
CNF written.
CNF written.
CNF written.
CNF written.
CNF written.
CNF written.
CNF written.
CNF written.
CNF written.
CNF written.
CNF written.
CNF written.
CNF written.
CNF written.
[2025-12-12 08:06:59] [generate_and_run_up_to_limit] Generating and running beemadd4b1 with K<=500 up to limit 1600
[2025-12-12 08:06:59] [generate_cnf] Generating formula beemadd4b1 with K=1
[2025-12-12 08:06:59] [run_formula] Running formula beemadd4b1 with K=1 up to limit 1600
[2025-12-12 08:06:59] [generate_cnf] Generating formula beemadd4b1 with K=2
[2025-12-12 08:06:59] [run_formula] Running formula beemadd4b1 with K=2 up to limit 1600
[2025-12-12 08:06:59] [generate_cnf] Generating formula beemadd4b1 with K=3
[2025-12-12 08:06:59] [run_formula] Running formula beemadd4b1 with K=3 up to limit 1600
[2025-12-12 08:06:59] [generate_cnf] Generating formula beemadd4b1 with K=4
[2025-12-12 08:06:59] [run_formula] Running formula beemadd4b1 with K=4 up to limit 1600
[2025-12-12 08:06:59] [generate_cnf] Generating formula beemadd4b1 with K=5
[2025-12-12 08:06:59] [run_formula] Running formula beemadd4b1 with K=5 up to limit 1600
[2025-12-12 08:06:59] [generate_cnf] Generating formula beemadd4b1 with K=6
[2025-12-12 08:06:59] [run_formula] Running formula beemadd4b1 with K=6 up to limit 1600
[2025-12-12 08:06:59] [generate_cnf] Generating formula beemadd4b1 with K=7
[2025-12-12 08:06:59] [run_formula] Running formula beemadd4b1 with K=7 up to limit 1600
[2025-12-12 08:06:59] [generate_cnf] Generating formula beemadd4b1 with K=8
[2025-12-12 08:06:59] [run_formula] Running formula beemadd4b1 with K=8 up to limit 1600
[2025-12-12 08:06:59] [generate_cnf] Generating formula beemadd4b1 with K=9
[2025-12-12 08:06:59] [run_formula] Running formula beemadd4b1 with K=9 up to limit 1600
[2025-12-12 08:06:59] [generate_cnf] Generating formula beemadd4b1 with K=10
[2025-12-12 08:06:59] [run_formula] Running formula beemadd4b1 with K=10 up to limit 1600
[2025-12-12 08:06:59] [generate_cnf] Generating formula beemadd4b1 with K=11
[2025-12-12 08:06:59] [run_formula] Running formula beemadd4b1 with K=11 up to limit 1600
[2025-12-12 08:06:59] [generate_cnf] Generating formula beemadd4b1 with K=12
[2025-12-12 08:06:59] [run_formula] Running formula beemadd4b1 with K=12 up to limit 1600
[2025-12-12 08:07:00] [generate_cnf] Generating formula beemadd4b1 with K=13
[2025-12-12 08:07:00] [run_formula] Running formula beemadd4b1 with K=13 up to limit 1600
[2025-12-12 08:07:01] [generate_cnf] Generating formula beemadd4b1 with K=14
[2025-12-12 08:07:01] [run_formula] Running formula beemadd4b1 with K=14 up to limit 1600
[2025-12-12 08:07:04] [generate_cnf] Generating formula beemadd4b1 with K=15
[2025-12-12 08:07:04] [run_formula] Running formula beemadd4b1 with K=15 up to limit 1600
[2025-12-12 08:07:07] [generate_cnf] Generating formula beemadd4b1 with K=16
[2025-12-12 08:07:07] [run_formula] Running formula beemadd4b1 with K=16 up to limit 1600
[2025-12-12 08:07:07] [generate_cnf] Generating formula beemadd4b1 with K=17
[2025-12-12 08:07:08] [run_formula] Running formula beemadd4b1 with K=17 up to limit 1600
[2025-12-12 08:07:09] [generate_cnf] Generating formula beemadd4b1 with K=18
[2025-12-12 08:07:09] [run_formula] Running formula beemadd4b1 with K=18 up to limit 1600
[2025-12-12 08:07:12] [generate_cnf] Generating formula beemadd4b1 with K=19
[2025-12-12 08:07:12] [run_formula] Running formula beemadd4b1 with K=19 up to limit 1600
[2025-12-12 08:07:14] [generate_cnf] Generating formula beemadd4b1 with K=20
[2025-12-12 08:07:14] [run_formula] Running formula beemadd4b1 with K=20 up to limit 1600
[2025-12-12 08:07:14] [generate_cnf] Generating formula beemadd4b1 with K=21
[2025-12-12 08:07:14] [run_formula] Running formula beemadd4b1 with K=21 up to limit 1600
[2025-12-12 08:07:17] [generate_cnf] Generating formula beemadd4b1 with K=22
[2025-12-12 08:07:17] [run_formula] Running formula beemadd4b1 with K=22 up to limit 1600
[2025-12-12 08:07:19] [generate_cnf] Generating formula beemadd4b1 with K=23
[2025-12-12 08:07:19] [run_formula] Running formula beemadd4b1 with K=23 up to limit 1600
[2025-12-12 08:07:20] [generate_cnf] Generating formula beemadd4b1 with K=24
[2025-12-12 08:07:20] [run_formula] Running formula beemadd4b1 with K=24 up to limit 1600
[2025-12-12 08:07:23] [generate_cnf] Generating formula beemadd4b1 with K=25
[2025-12-12 08:07:23] [run_formula] Running formula beemadd4b1 with K=25 up to limit 1600
[2025-12-12 08:07:25] [generate_cnf] Generating formula beemadd4b1 with K=26
[2025-12-12 08:07:25] [run_formula] Running formula beemadd4b1 with K=26 up to limit 1600
[2025-12-12 08:07:25] [generate_cnf] Generating formula beemadd4b1 with K=27
[2025-12-12 08:07:25] [run_formula] Running formula beemadd4b1 with K=27 up to limit 1600
[2025-12-12 08:07:28] [generate_cnf] Generating formula beemadd4b1 with K=28
[2025-12-12 08:07:28] [run_formula] Running formula beemadd4b1 with K=28 up to limit 1600
[2025-12-12 08:07:31] [generate_cnf] Generating formula beemadd4b1 with K=29
[2025-12-12 08:07:31] [run_formula] Running formula beemadd4b1 with K=29 up to limit 1600
[2025-12-12 08:07:31] [generate_cnf] Generating formula beemadd4b1 with K=30
[2025-12-12 08:07:32] [run_formula] Running formula beemadd4b1 with K=30 up to limit 1600
[2025-12-12 08:07:34] [generate_cnf] Generating formula beemadd4b1 with K=31
[2025-12-12 08:07:34] [run_formula] Running formula beemadd4b1 with K=31 up to limit 1600
[2025-12-12 08:07:35] [generate_cnf] Generating formula beemadd4b1 with K=32
[2025-12-12 08:07:35] [run_formula] Running formula beemadd4b1 with K=32 up to limit 1600
[2025-12-12 08:07:37] [generate_cnf] Generating formula beemadd4b1 with K=33
[2025-12-12 08:07:37] [run_formula] Running formula beemadd4b1 with K=33 up to limit 1600
[2025-12-12 08:07:47] [generate_cnf] Generating formula beemadd4b1 with K=34
[2025-12-12 08:07:47] [run_formula] Running formula beemadd4b1 with K=34 up to limit 1600
[2025-12-12 08:07:47] [generate_cnf] Generating formula beemadd4b1 with K=35
[2025-12-12 08:07:47] [run_formula] Running formula beemadd4b1 with K=35 up to limit 1600
[2025-12-12 08:07:51] [generate_cnf] Generating formula beemadd4b1 with K=36
[2025-12-12 08:07:51] [run_formula] Running formula beemadd4b1 with K=36 up to limit 1600
[2025-12-12 08:08:06] [generate_cnf] Generating formula beemadd4b1 with K=37
[2025-12-12 08:08:06] [run_formula] Running formula beemadd4b1 with K=37 up to limit 1600
[2025-12-12 08:08:21] [generate_cnf] Generating formula beemadd4b1 with K=38
[2025-12-12 08:08:21] [run_formula] Running formula beemadd4b1 with K=38 up to limit 1600
[2025-12-12 08:08:21] [generate_cnf] Generating formula beemadd4b1 with K=39
[2025-12-12 08:08:21] [run_formula] Running formula beemadd4b1 with K=39 up to limit 1600
[2025-12-12 08:08:28] [generate_cnf] Generating formula beemadd4b1 with K=40
[2025-12-12 08:08:28] [run_formula] Running formula beemadd4b1 with K=40 up to limit 1600
[2025-12-12 08:08:29] [generate_cnf] Generating formula beemadd4b1 with K=41
[2025-12-12 08:08:29] [run_formula] Running formula beemadd4b1 with K=41 up to limit 1600
[2025-12-12 08:08:34] [generate_cnf] Generating formula beemadd4b1 with K=42
[2025-12-12 08:08:34] [run_formula] Running formula beemadd4b1 with K=42 up to limit 1600
[2025-12-12 08:08:50] [generate_cnf] Generating formula beemadd4b1 with K=43
[2025-12-12 08:08:50] [run_formula] Running formula beemadd4b1 with K=43 up to limit 1600
[2025-12-12 08:09:05] [generate_cnf] Generating formula beemadd4b1 with K=44
[2025-12-12 08:09:05] [run_formula] Running formula beemadd4b1 with K=44 up to limit 1600
[2025-12-12 08:09:17] [generate_cnf] Generating formula beemadd4b1 with K=45
[2025-12-12 08:09:17] [run_formula] Running formula beemadd4b1 with K=45 up to limit 1600
[2025-12-12 08:10:29] [generate_cnf] Generating formula beemadd4b1 with K=46
[2025-12-12 08:10:29] [run_formula] Running formula beemadd4b1 with K=46 up to limit 1600
[2025-12-12 08:10:47] [generate_cnf] Generating formula beemadd4b1 with K=47
[2025-12-12 08:10:47] [run_formula] Running formula beemadd4b1 with K=47 up to limit 1600
[2025-12-12 08:11:04] [generate_cnf] Generating formula beemadd4b1 with K=48
[2025-12-12 08:11:04] [run_formula] Running formula beemadd4b1 with K=48 up to limit 1600
[2025-12-12 08:11:21] [generate_cnf] Generating formula beemadd4b1 with K=49
[2025-12-12 08:11:21] [run_formula] Running formula beemadd4b1 with K=49 up to limit 1600
[2025-12-12 08:12:57] [generate_cnf] Generating formula beemadd4b1 with K=50
[2025-12-12 08:12:57] [run_formula] Running formula beemadd4b1 with K=50 up to limit 1600
[2025-12-12 08:13:12] [generate_cnf] Generating formula beemadd4b1 with K=51
[2025-12-12 08:13:12] [run_formula] Running formula beemadd4b1 with K=51 up to limit 1600
[2025-12-12 08:15:05] [generate_cnf] Generating formula beemadd4b1 with K=52
[2025-12-12 08:15:05] [run_formula] Running formula beemadd4b1 with K=52 up to limit 1600
[2025-12-12 08:16:24] [generate_cnf] Generating formula beemadd4b1 with K=53
[2025-12-12 08:16:24] [run_formula] Running formula beemadd4b1 with K=53 up to limit 1600
[2025-12-12 08:17:44] [generate_cnf] Generating formula beemadd4b1 with K=54
[2025-12-12 08:17:44] [run_formula] Running formula beemadd4b1 with K=54 up to limit 1600
[2025-12-12 08:19:49] [generate_cnf] Generating formula beemadd4b1 with K=55
[2025-12-12 08:19:49] [run_formula] Running formula beemadd4b1 with K=55 up to limit 1600
[2025-12-12 08:24:33] [generate_cnf] Generating formula beemadd4b1 with K=56
[2025-12-12 08:24:33] [run_formula] Running formula beemadd4b1 with K=56 up to limit 1600
[2025-12-12 08:26:57] [generate_cnf] Generating formula beemadd4b1 with K=57
[2025-12-12 08:26:57] [run_formula] Running formula beemadd4b1 with K=57 up to limit 1600
[2025-12-12 08:35:46] [run_formula] Error running formula beemadd4b1 with K=57: [Errno 122] Disk quota exceeded: './results/solving_logs/beemadd4b1//beemadd4b1.57.log'
[2025-12-12 08:35:47] [generate_and_run_up_to_limit] Failed to run formula beemadd4b1 with K=57, halting
