CNF written.
CNF written.
CNF written.
CNF written.
CNF written.
CNF written.
CNF written.
CNF written.
CNF written.
CNF written.
CNF written.
CNF written.
CNF written.
CNF written.
CNF written.
CNF written.
CNF written.
CNF written.
CNF written.
CNF written.
CNF written.
CNF written.
CNF written.
CNF written.
CNF written.
CNF written.
CNF written.
CNF written.
CNF written.
CNF written.
CNF written.
CNF written.
CNF written.
CNF written.
CNF written.
CNF written.
CNF written.
CNF written.
CNF written.
CNF written.
CNF written.
CNF written.
CNF written.
CNF written.
CNF written.
CNF written.
CNF written.
CNF written.
CNF written.
CNF written.
CNF written.
CNF written.
CNF written.
CNF written.
CNF written.
CNF written.
CNF written.
CNF written.
CNF written.
CNF written.
CNF written.
CNF written.
CNF written.
CNF written.
CNF written.
CNF written.
CNF written.
CNF written.
CNF written.
CNF written.
CNF written.
CNF written.
CNF written.
CNF written.
CNF written.
CNF written.
CNF written.
CNF written.
CNF written.
CNF written.
CNF written.
CNF written.
CNF written.
CNF written.
CNF written.
CNF written.
CNF written.
CNF written.
CNF written.
CNF written.
CNF written.
CNF written.
CNF written.
CNF written.
CNF written.
CNF written.
CNF written.
CNF written.
CNF written.
CNF written.
CNF written.
CNF written.
CNF written.
CNF written.
CNF written.
CNF written.
CNF written.
CNF written.
CNF written.
CNF written.
CNF written.
CNF written.
CNF written.
CNF written.
CNF written.
CNF written.
CNF written.
CNF written.
CNF written.
CNF written.
CNF written.
CNF written.
CNF written.
CNF written.
CNF written.
CNF written.
CNF written.
CNF written.
CNF written.
CNF written.
CNF written.
CNF written.
CNF written.
CNF written.
CNF written.
CNF written.
CNF written.
CNF written.
CNF written.
CNF written.
CNF written.
CNF written.
CNF written.
CNF written.
CNF written.
CNF written.
CNF written.
CNF written.
CNF written.
CNF written.
CNF written.
CNF written.
CNF written.
CNF written.
CNF written.
CNF written.
CNF written.
CNF written.
CNF written.
CNF written.
CNF written.
CNF written.
CNF written.
CNF written.
CNF written.
CNF written.
CNF written.
CNF written.
CNF written.
CNF written.
CNF written.
CNF written.
CNF written.
CNF written.
CNF written.
CNF written.
CNF written.
CNF written.
CNF written.
CNF written.
CNF written.
CNF written.
CNF written.
CNF written.
CNF written.
CNF written.
CNF written.
CNF written.
CNF written.
CNF written.
CNF written.
CNF written.
CNF written.
CNF written.
CNF written.
CNF written.
CNF written.
CNF written.
CNF written.
CNF written.
CNF written.
CNF written.
CNF written.
CNF written.
CNF written.
CNF written.
CNF written.
CNF written.
CNF written.
CNF written.
CNF written.
CNF written.
CNF written.
CNF written.
CNF written.
CNF written.
CNF written.
CNF written.
CNF written.
CNF written.
CNF written.
CNF written.
CNF written.
CNF written.
CNF written.
CNF written.
CNF written.
CNF written.
CNF written.
CNF written.
CNF written.
CNF written.
CNF written.
CNF written.
CNF written.
CNF written.
[2025-12-12 08:00:16] [generate_and_run_up_to_limit] Generating and running bj08amba5g62 with K<=500 up to limit 1600
[2025-12-12 08:00:16] [generate_cnf] Generating formula bj08amba5g62 with K=1
[2025-12-12 08:00:16] [run_formula] Running formula bj08amba5g62 with K=1 up to limit 1600
[2025-12-12 08:00:16] [generate_cnf] Generating formula bj08amba5g62 with K=2
[2025-12-12 08:00:17] [run_formula] Running formula bj08amba5g62 with K=2 up to limit 1600
[2025-12-12 08:00:17] [generate_cnf] Generating formula bj08amba5g62 with K=3
[2025-12-12 08:00:17] [run_formula] Running formula bj08amba5g62 with K=3 up to limit 1600
[2025-12-12 08:00:17] [generate_cnf] Generating formula bj08amba5g62 with K=4
[2025-12-12 08:00:17] [run_formula] Running formula bj08amba5g62 with K=4 up to limit 1600
[2025-12-12 08:00:17] [generate_cnf] Generating formula bj08amba5g62 with K=5
[2025-12-12 08:00:17] [run_formula] Running formula bj08amba5g62 with K=5 up to limit 1600
[2025-12-12 08:00:18] [generate_cnf] Generating formula bj08amba5g62 with K=6
[2025-12-12 08:00:18] [run_formula] Running formula bj08amba5g62 with K=6 up to limit 1600
[2025-12-12 08:00:18] [generate_cnf] Generating formula bj08amba5g62 with K=7
[2025-12-12 08:00:18] [run_formula] Running formula bj08amba5g62 with K=7 up to limit 1600
[2025-12-12 08:00:19] [generate_cnf] Generating formula bj08amba5g62 with K=8
[2025-12-12 08:00:19] [run_formula] Running formula bj08amba5g62 with K=8 up to limit 1600
[2025-12-12 08:00:19] [generate_cnf] Generating formula bj08amba5g62 with K=9
[2025-12-12 08:00:20] [run_formula] Running formula bj08amba5g62 with K=9 up to limit 1600
[2025-12-12 08:00:20] [generate_cnf] Generating formula bj08amba5g62 with K=10
[2025-12-12 08:00:20] [run_formula] Running formula bj08amba5g62 with K=10 up to limit 1600
[2025-12-12 08:00:21] [generate_cnf] Generating formula bj08amba5g62 with K=11
[2025-12-12 08:00:21] [run_formula] Running formula bj08amba5g62 with K=11 up to limit 1600
[2025-12-12 08:00:21] [generate_cnf] Generating formula bj08amba5g62 with K=12
[2025-12-12 08:00:22] [run_formula] Running formula bj08amba5g62 with K=12 up to limit 1600
[2025-12-12 08:00:22] [generate_cnf] Generating formula bj08amba5g62 with K=13
[2025-12-12 08:00:23] [run_formula] Running formula bj08amba5g62 with K=13 up to limit 1600
[2025-12-12 08:00:23] [generate_cnf] Generating formula bj08amba5g62 with K=14
[2025-12-12 08:00:24] [run_formula] Running formula bj08amba5g62 with K=14 up to limit 1600
[2025-12-12 08:00:24] [generate_cnf] Generating formula bj08amba5g62 with K=15
[2025-12-12 08:00:25] [run_formula] Running formula bj08amba5g62 with K=15 up to limit 1600
[2025-12-12 08:00:25] [generate_cnf] Generating formula bj08amba5g62 with K=16
[2025-12-12 08:00:26] [run_formula] Running formula bj08amba5g62 with K=16 up to limit 1600
[2025-12-12 08:00:26] [generate_cnf] Generating formula bj08amba5g62 with K=17
[2025-12-12 08:00:27] [run_formula] Running formula bj08amba5g62 with K=17 up to limit 1600
[2025-12-12 08:00:27] [generate_cnf] Generating formula bj08amba5g62 with K=18
[2025-12-12 08:00:28] [run_formula] Running formula bj08amba5g62 with K=18 up to limit 1600
[2025-12-12 08:00:28] [generate_cnf] Generating formula bj08amba5g62 with K=19
[2025-12-12 08:00:29] [run_formula] Running formula bj08amba5g62 with K=19 up to limit 1600
[2025-12-12 08:00:30] [generate_cnf] Generating formula bj08amba5g62 with K=20
[2025-12-12 08:00:31] [run_formula] Running formula bj08amba5g62 with K=20 up to limit 1600
[2025-12-12 08:00:31] [generate_cnf] Generating formula bj08amba5g62 with K=21
[2025-12-12 08:00:32] [run_formula] Running formula bj08amba5g62 with K=21 up to limit 1600
[2025-12-12 08:00:32] [generate_cnf] Generating formula bj08amba5g62 with K=22
[2025-12-12 08:00:33] [run_formula] Running formula bj08amba5g62 with K=22 up to limit 1600
[2025-12-12 08:00:34] [generate_cnf] Generating formula bj08amba5g62 with K=23
[2025-12-12 08:00:35] [run_formula] Running formula bj08amba5g62 with K=23 up to limit 1600
[2025-12-12 08:00:35] [generate_cnf] Generating formula bj08amba5g62 with K=24
[2025-12-12 08:00:36] [run_formula] Running formula bj08amba5g62 with K=24 up to limit 1600
[2025-12-12 08:00:36] [generate_cnf] Generating formula bj08amba5g62 with K=25
[2025-12-12 08:00:38] [run_formula] Running formula bj08amba5g62 with K=25 up to limit 1600
[2025-12-12 08:00:38] [generate_cnf] Generating formula bj08amba5g62 with K=26
[2025-12-12 08:00:39] [run_formula] Running formula bj08amba5g62 with K=26 up to limit 1600
[2025-12-12 08:00:40] [generate_cnf] Generating formula bj08amba5g62 with K=27
[2025-12-12 08:00:41] [run_formula] Running formula bj08amba5g62 with K=27 up to limit 1600
[2025-12-12 08:00:41] [generate_cnf] Generating formula bj08amba5g62 with K=28
[2025-12-12 08:00:43] [run_formula] Running formula bj08amba5g62 with K=28 up to limit 1600
[2025-12-12 08:00:43] [generate_cnf] Generating formula bj08amba5g62 with K=29
[2025-12-12 08:00:45] [run_formula] Running formula bj08amba5g62 with K=29 up to limit 1600
[2025-12-12 08:00:45] [generate_cnf] Generating formula bj08amba5g62 with K=30
[2025-12-12 08:00:46] [run_formula] Running formula bj08amba5g62 with K=30 up to limit 1600
[2025-12-12 08:00:47] [generate_cnf] Generating formula bj08amba5g62 with K=31
[2025-12-12 08:00:48] [run_formula] Running formula bj08amba5g62 with K=31 up to limit 1600
[2025-12-12 08:00:49] [generate_cnf] Generating formula bj08amba5g62 with K=32
[2025-12-12 08:00:50] [run_formula] Running formula bj08amba5g62 with K=32 up to limit 1600
[2025-12-12 08:00:51] [generate_cnf] Generating formula bj08amba5g62 with K=33
[2025-12-12 08:00:52] [run_formula] Running formula bj08amba5g62 with K=33 up to limit 1600
[2025-12-12 08:00:53] [generate_cnf] Generating formula bj08amba5g62 with K=34
[2025-12-12 08:00:54] [run_formula] Running formula bj08amba5g62 with K=34 up to limit 1600
[2025-12-12 08:00:55] [generate_cnf] Generating formula bj08amba5g62 with K=35
[2025-12-12 08:00:57] [run_formula] Running formula bj08amba5g62 with K=35 up to limit 1600
[2025-12-12 08:00:57] [generate_cnf] Generating formula bj08amba5g62 with K=36
[2025-12-12 08:00:59] [run_formula] Running formula bj08amba5g62 with K=36 up to limit 1600
[2025-12-12 08:00:59] [generate_cnf] Generating formula bj08amba5g62 with K=37
[2025-12-12 08:01:01] [run_formula] Running formula bj08amba5g62 with K=37 up to limit 1600
[2025-12-12 08:01:01] [generate_cnf] Generating formula bj08amba5g62 with K=38
[2025-12-12 08:01:03] [run_formula] Running formula bj08amba5g62 with K=38 up to limit 1600
[2025-12-12 08:01:04] [generate_cnf] Generating formula bj08amba5g62 with K=39
[2025-12-12 08:01:06] [run_formula] Running formula bj08amba5g62 with K=39 up to limit 1600
[2025-12-12 08:01:06] [generate_cnf] Generating formula bj08amba5g62 with K=40
[2025-12-12 08:01:08] [run_formula] Running formula bj08amba5g62 with K=40 up to limit 1600
[2025-12-12 08:01:09] [generate_cnf] Generating formula bj08amba5g62 with K=41
[2025-12-12 08:01:11] [run_formula] Running formula bj08amba5g62 with K=41 up to limit 1600
[2025-12-12 08:01:11] [generate_cnf] Generating formula bj08amba5g62 with K=42
[2025-12-12 08:01:13] [run_formula] Running formula bj08amba5g62 with K=42 up to limit 1600
[2025-12-12 08:01:14] [generate_cnf] Generating formula bj08amba5g62 with K=43
[2025-12-12 08:01:16] [run_formula] Running formula bj08amba5g62 with K=43 up to limit 1600
[2025-12-12 08:01:16] [generate_cnf] Generating formula bj08amba5g62 with K=44
[2025-12-12 08:01:18] [run_formula] Running formula bj08amba5g62 with K=44 up to limit 1600
[2025-12-12 08:01:19] [generate_cnf] Generating formula bj08amba5g62 with K=45
[2025-12-12 08:01:21] [run_formula] Running formula bj08amba5g62 with K=45 up to limit 1600
[2025-12-12 08:01:22] [generate_cnf] Generating formula bj08amba5g62 with K=46
[2025-12-12 08:01:24] [run_formula] Running formula bj08amba5g62 with K=46 up to limit 1600
[2025-12-12 08:01:25] [generate_cnf] Generating formula bj08amba5g62 with K=47
[2025-12-12 08:01:27] [run_formula] Running formula bj08amba5g62 with K=47 up to limit 1600
[2025-12-12 08:01:27] [generate_cnf] Generating formula bj08amba5g62 with K=48
[2025-12-12 08:01:30] [run_formula] Running formula bj08amba5g62 with K=48 up to limit 1600
[2025-12-12 08:01:30] [generate_cnf] Generating formula bj08amba5g62 with K=49
[2025-12-12 08:01:33] [run_formula] Running formula bj08amba5g62 with K=49 up to limit 1600
[2025-12-12 08:01:33] [generate_cnf] Generating formula bj08amba5g62 with K=50
[2025-12-12 08:01:36] [run_formula] Running formula bj08amba5g62 with K=50 up to limit 1600
[2025-12-12 08:01:36] [generate_cnf] Generating formula bj08amba5g62 with K=51
[2025-12-12 08:01:39] [run_formula] Running formula bj08amba5g62 with K=51 up to limit 1600
[2025-12-12 08:01:40] [generate_cnf] Generating formula bj08amba5g62 with K=52
[2025-12-12 08:01:42] [run_formula] Running formula bj08amba5g62 with K=52 up to limit 1600
[2025-12-12 08:01:43] [generate_cnf] Generating formula bj08amba5g62 with K=53
[2025-12-12 08:01:45] [run_formula] Running formula bj08amba5g62 with K=53 up to limit 1600
[2025-12-12 08:01:46] [generate_cnf] Generating formula bj08amba5g62 with K=54
[2025-12-12 08:01:48] [run_formula] Running formula bj08amba5g62 with K=54 up to limit 1600
[2025-12-12 08:01:49] [generate_cnf] Generating formula bj08amba5g62 with K=55
[2025-12-12 08:01:52] [run_formula] Running formula bj08amba5g62 with K=55 up to limit 1600
[2025-12-12 08:01:52] [generate_cnf] Generating formula bj08amba5g62 with K=56
[2025-12-12 08:01:55] [run_formula] Running formula bj08amba5g62 with K=56 up to limit 1600
[2025-12-12 08:01:56] [generate_cnf] Generating formula bj08amba5g62 with K=57
[2025-12-12 08:01:58] [run_formula] Running formula bj08amba5g62 with K=57 up to limit 1600
[2025-12-12 08:01:59] [generate_cnf] Generating formula bj08amba5g62 with K=58
[2025-12-12 08:02:02] [run_formula] Running formula bj08amba5g62 with K=58 up to limit 1600
[2025-12-12 08:02:03] [generate_cnf] Generating formula bj08amba5g62 with K=59
[2025-12-12 08:02:05] [run_formula] Running formula bj08amba5g62 with K=59 up to limit 1600
[2025-12-12 08:02:06] [generate_cnf] Generating formula bj08amba5g62 with K=60
[2025-12-12 08:02:09] [run_formula] Running formula bj08amba5g62 with K=60 up to limit 1600
[2025-12-12 08:02:10] [generate_cnf] Generating formula bj08amba5g62 with K=61
[2025-12-12 08:02:13] [run_formula] Running formula bj08amba5g62 with K=61 up to limit 1600
[2025-12-12 08:02:14] [generate_cnf] Generating formula bj08amba5g62 with K=62
[2025-12-12 08:02:16] [run_formula] Running formula bj08amba5g62 with K=62 up to limit 1600
[2025-12-12 08:02:17] [generate_cnf] Generating formula bj08amba5g62 with K=63
[2025-12-12 08:02:20] [run_formula] Running formula bj08amba5g62 with K=63 up to limit 1600
[2025-12-12 08:02:21] [generate_cnf] Generating formula bj08amba5g62 with K=64
[2025-12-12 08:02:24] [run_formula] Running formula bj08amba5g62 with K=64 up to limit 1600
[2025-12-12 08:02:25] [generate_cnf] Generating formula bj08amba5g62 with K=65
[2025-12-12 08:02:28] [run_formula] Running formula bj08amba5g62 with K=65 up to limit 1600
[2025-12-12 08:02:29] [generate_cnf] Generating formula bj08amba5g62 with K=66
[2025-12-12 08:02:32] [run_formula] Running formula bj08amba5g62 with K=66 up to limit 1600
[2025-12-12 08:02:33] [generate_cnf] Generating formula bj08amba5g62 with K=67
[2025-12-12 08:02:36] [run_formula] Running formula bj08amba5g62 with K=67 up to limit 1600
[2025-12-12 08:02:37] [generate_cnf] Generating formula bj08amba5g62 with K=68
[2025-12-12 08:02:40] [run_formula] Running formula bj08amba5g62 with K=68 up to limit 1600
[2025-12-12 08:02:41] [generate_cnf] Generating formula bj08amba5g62 with K=69
[2025-12-12 08:02:44] [run_formula] Running formula bj08amba5g62 with K=69 up to limit 1600
[2025-12-12 08:02:45] [generate_cnf] Generating formula bj08amba5g62 with K=70
[2025-12-12 08:02:48] [run_formula] Running formula bj08amba5g62 with K=70 up to limit 1600
[2025-12-12 08:02:49] [generate_cnf] Generating formula bj08amba5g62 with K=71
[2025-12-12 08:02:53] [run_formula] Running formula bj08amba5g62 with K=71 up to limit 1600
[2025-12-12 08:02:54] [generate_cnf] Generating formula bj08amba5g62 with K=72
[2025-12-12 08:02:57] [run_formula] Running formula bj08amba5g62 with K=72 up to limit 1600
[2025-12-12 08:02:58] [generate_cnf] Generating formula bj08amba5g62 with K=73
[2025-12-12 08:03:02] [run_formula] Running formula bj08amba5g62 with K=73 up to limit 1600
[2025-12-12 08:03:03] [generate_cnf] Generating formula bj08amba5g62 with K=74
[2025-12-12 08:03:06] [run_formula] Running formula bj08amba5g62 with K=74 up to limit 1600
[2025-12-12 08:03:07] [generate_cnf] Generating formula bj08amba5g62 with K=75
[2025-12-12 08:03:10] [run_formula] Running formula bj08amba5g62 with K=75 up to limit 1600
[2025-12-12 08:03:11] [generate_cnf] Generating formula bj08amba5g62 with K=76
[2025-12-12 08:03:15] [run_formula] Running formula bj08amba5g62 with K=76 up to limit 1600
[2025-12-12 08:03:16] [generate_cnf] Generating formula bj08amba5g62 with K=77
[2025-12-12 08:03:20] [run_formula] Running formula bj08amba5g62 with K=77 up to limit 1600
[2025-12-12 08:03:21] [generate_cnf] Generating formula bj08amba5g62 with K=78
[2025-12-12 08:03:24] [run_formula] Running formula bj08amba5g62 with K=78 up to limit 1600
[2025-12-12 08:03:25] [generate_cnf] Generating formula bj08amba5g62 with K=79
[2025-12-12 08:03:29] [run_formula] Running formula bj08amba5g62 with K=79 up to limit 1600
[2025-12-12 08:03:30] [generate_cnf] Generating formula bj08amba5g62 with K=80
[2025-12-12 08:03:34] [run_formula] Running formula bj08amba5g62 with K=80 up to limit 1600
[2025-12-12 08:03:35] [generate_cnf] Generating formula bj08amba5g62 with K=81
[2025-12-12 08:03:39] [run_formula] Running formula bj08amba5g62 with K=81 up to limit 1600
[2025-12-12 08:03:40] [generate_cnf] Generating formula bj08amba5g62 with K=82
[2025-12-12 08:03:44] [run_formula] Running formula bj08amba5g62 with K=82 up to limit 1600
[2025-12-12 08:03:45] [generate_cnf] Generating formula bj08amba5g62 with K=83
[2025-12-12 08:03:49] [run_formula] Running formula bj08amba5g62 with K=83 up to limit 1600
[2025-12-12 08:03:50] [generate_cnf] Generating formula bj08amba5g62 with K=84
[2025-12-12 08:03:53] [run_formula] Running formula bj08amba5g62 with K=84 up to limit 1600
[2025-12-12 08:03:55] [generate_cnf] Generating formula bj08amba5g62 with K=85
[2025-12-12 08:03:59] [run_formula] Running formula bj08amba5g62 with K=85 up to limit 1600
[2025-12-12 08:04:00] [generate_cnf] Generating formula bj08amba5g62 with K=86
[2025-12-12 08:04:04] [run_formula] Running formula bj08amba5g62 with K=86 up to limit 1600
[2025-12-12 08:04:05] [generate_cnf] Generating formula bj08amba5g62 with K=87
[2025-12-12 08:04:09] [run_formula] Running formula bj08amba5g62 with K=87 up to limit 1600
[2025-12-12 08:04:10] [generate_cnf] Generating formula bj08amba5g62 with K=88
[2025-12-12 08:04:14] [run_formula] Running formula bj08amba5g62 with K=88 up to limit 1600
[2025-12-12 08:04:15] [generate_cnf] Generating formula bj08amba5g62 with K=89
[2025-12-12 08:04:19] [run_formula] Running formula bj08amba5g62 with K=89 up to limit 1600
[2025-12-12 08:04:21] [generate_cnf] Generating formula bj08amba5g62 with K=90
[2025-12-12 08:04:25] [run_formula] Running formula bj08amba5g62 with K=90 up to limit 1600
[2025-12-12 08:04:26] [generate_cnf] Generating formula bj08amba5g62 with K=91
[2025-12-12 08:04:30] [run_formula] Running formula bj08amba5g62 with K=91 up to limit 1600
[2025-12-12 08:04:31] [generate_cnf] Generating formula bj08amba5g62 with K=92
[2025-12-12 08:04:35] [run_formula] Running formula bj08amba5g62 with K=92 up to limit 1600
[2025-12-12 08:04:37] [generate_cnf] Generating formula bj08amba5g62 with K=93
[2025-12-12 08:04:41] [run_formula] Running formula bj08amba5g62 with K=93 up to limit 1600
[2025-12-12 08:04:42] [generate_cnf] Generating formula bj08amba5g62 with K=94
[2025-12-12 08:04:46] [run_formula] Running formula bj08amba5g62 with K=94 up to limit 1600
[2025-12-12 08:04:48] [generate_cnf] Generating formula bj08amba5g62 with K=95
[2025-12-12 08:04:52] [run_formula] Running formula bj08amba5g62 with K=95 up to limit 1600
[2025-12-12 08:04:53] [generate_cnf] Generating formula bj08amba5g62 with K=96
[2025-12-12 08:04:58] [run_formula] Running formula bj08amba5g62 with K=96 up to limit 1600
[2025-12-12 08:04:59] [generate_cnf] Generating formula bj08amba5g62 with K=97
[2025-12-12 08:05:04] [run_formula] Running formula bj08amba5g62 with K=97 up to limit 1600
[2025-12-12 08:05:05] [generate_cnf] Generating formula bj08amba5g62 with K=98
[2025-12-12 08:05:09] [run_formula] Running formula bj08amba5g62 with K=98 up to limit 1600
[2025-12-12 08:05:11] [generate_cnf] Generating formula bj08amba5g62 with K=99
[2025-12-12 08:05:15] [run_formula] Running formula bj08amba5g62 with K=99 up to limit 1600
[2025-12-12 08:05:17] [generate_cnf] Generating formula bj08amba5g62 with K=100
[2025-12-12 08:05:21] [run_formula] Running formula bj08amba5g62 with K=100 up to limit 1600
[2025-12-12 08:05:22] [generate_cnf] Generating formula bj08amba5g62 with K=101
[2025-12-12 08:05:27] [run_formula] Running formula bj08amba5g62 with K=101 up to limit 1600
[2025-12-12 08:05:28] [generate_cnf] Generating formula bj08amba5g62 with K=102
[2025-12-12 08:05:33] [run_formula] Running formula bj08amba5g62 with K=102 up to limit 1600
[2025-12-12 08:05:34] [generate_cnf] Generating formula bj08amba5g62 with K=103
[2025-12-12 08:05:39] [run_formula] Running formula bj08amba5g62 with K=103 up to limit 1600
[2025-12-12 08:05:41] [generate_cnf] Generating formula bj08amba5g62 with K=104
[2025-12-12 08:05:45] [run_formula] Running formula bj08amba5g62 with K=104 up to limit 1600
[2025-12-12 08:05:47] [generate_cnf] Generating formula bj08amba5g62 with K=105
[2025-12-12 08:05:51] [run_formula] Running formula bj08amba5g62 with K=105 up to limit 1600
[2025-12-12 08:05:53] [generate_cnf] Generating formula bj08amba5g62 with K=106
[2025-12-12 08:05:58] [run_formula] Running formula bj08amba5g62 with K=106 up to limit 1600
[2025-12-12 08:05:59] [generate_cnf] Generating formula bj08amba5g62 with K=107
[2025-12-12 08:06:04] [run_formula] Running formula bj08amba5g62 with K=107 up to limit 1600
[2025-12-12 08:06:06] [generate_cnf] Generating formula bj08amba5g62 with K=108
[2025-12-12 08:06:11] [run_formula] Running formula bj08amba5g62 with K=108 up to limit 1600
[2025-12-12 08:06:12] [generate_cnf] Generating formula bj08amba5g62 with K=109
[2025-12-12 08:06:17] [run_formula] Running formula bj08amba5g62 with K=109 up to limit 1600
[2025-12-12 08:06:19] [generate_cnf] Generating formula bj08amba5g62 with K=110
[2025-12-12 08:06:24] [run_formula] Running formula bj08amba5g62 with K=110 up to limit 1600
[2025-12-12 08:06:25] [generate_cnf] Generating formula bj08amba5g62 with K=111
[2025-12-12 08:06:30] [run_formula] Running formula bj08amba5g62 with K=111 up to limit 1600
[2025-12-12 08:06:32] [generate_cnf] Generating formula bj08amba5g62 with K=112
[2025-12-12 08:06:37] [run_formula] Running formula bj08amba5g62 with K=112 up to limit 1600
[2025-12-12 08:06:38] [generate_cnf] Generating formula bj08amba5g62 with K=113
[2025-12-12 08:06:43] [run_formula] Running formula bj08amba5g62 with K=113 up to limit 1600
[2025-12-12 08:06:45] [generate_cnf] Generating formula bj08amba5g62 with K=114
[2025-12-12 08:06:50] [run_formula] Running formula bj08amba5g62 with K=114 up to limit 1600
[2025-12-12 08:06:52] [generate_cnf] Generating formula bj08amba5g62 with K=115
[2025-12-12 08:06:57] [run_formula] Running formula bj08amba5g62 with K=115 up to limit 1600
[2025-12-12 08:06:59] [generate_cnf] Generating formula bj08amba5g62 with K=116
[2025-12-12 08:07:04] [run_formula] Running formula bj08amba5g62 with K=116 up to limit 1600
[2025-12-12 08:07:06] [generate_cnf] Generating formula bj08amba5g62 with K=117
[2025-12-12 08:07:11] [run_formula] Running formula bj08amba5g62 with K=117 up to limit 1600
[2025-12-12 08:07:13] [generate_cnf] Generating formula bj08amba5g62 with K=118
[2025-12-12 08:07:18] [run_formula] Running formula bj08amba5g62 with K=118 up to limit 1600
[2025-12-12 08:07:20] [generate_cnf] Generating formula bj08amba5g62 with K=119
[2025-12-12 08:07:25] [run_formula] Running formula bj08amba5g62 with K=119 up to limit 1600
[2025-12-12 08:07:27] [generate_cnf] Generating formula bj08amba5g62 with K=120
[2025-12-12 08:07:32] [run_formula] Running formula bj08amba5g62 with K=120 up to limit 1600
[2025-12-12 08:07:34] [generate_cnf] Generating formula bj08amba5g62 with K=121
[2025-12-12 08:07:39] [run_formula] Running formula bj08amba5g62 with K=121 up to limit 1600
[2025-12-12 08:07:41] [generate_cnf] Generating formula bj08amba5g62 with K=122
[2025-12-12 08:07:46] [run_formula] Running formula bj08amba5g62 with K=122 up to limit 1600
[2025-12-12 08:07:48] [generate_cnf] Generating formula bj08amba5g62 with K=123
[2025-12-12 08:07:54] [run_formula] Running formula bj08amba5g62 with K=123 up to limit 1600
[2025-12-12 08:07:55] [generate_cnf] Generating formula bj08amba5g62 with K=124
[2025-12-12 08:08:01] [run_formula] Running formula bj08amba5g62 with K=124 up to limit 1600
[2025-12-12 08:08:03] [generate_cnf] Generating formula bj08amba5g62 with K=125
[2025-12-12 08:08:08] [run_formula] Running formula bj08amba5g62 with K=125 up to limit 1600
[2025-12-12 08:08:10] [generate_cnf] Generating formula bj08amba5g62 with K=126
[2025-12-12 08:08:16] [run_formula] Running formula bj08amba5g62 with K=126 up to limit 1600
[2025-12-12 08:08:17] [generate_cnf] Generating formula bj08amba5g62 with K=127
[2025-12-12 08:08:23] [run_formula] Running formula bj08amba5g62 with K=127 up to limit 1600
[2025-12-12 08:08:25] [generate_cnf] Generating formula bj08amba5g62 with K=128
[2025-12-12 08:08:31] [run_formula] Running formula bj08amba5g62 with K=128 up to limit 1600
[2025-12-12 08:08:32] [generate_cnf] Generating formula bj08amba5g62 with K=129
[2025-12-12 08:08:38] [run_formula] Running formula bj08amba5g62 with K=129 up to limit 1600
[2025-12-12 08:08:40] [generate_cnf] Generating formula bj08amba5g62 with K=130
[2025-12-12 08:08:46] [run_formula] Running formula bj08amba5g62 with K=130 up to limit 1600
[2025-12-12 08:08:48] [generate_cnf] Generating formula bj08amba5g62 with K=131
[2025-12-12 08:08:54] [run_formula] Running formula bj08amba5g62 with K=131 up to limit 1600
[2025-12-12 08:08:55] [generate_cnf] Generating formula bj08amba5g62 with K=132
[2025-12-12 08:09:01] [run_formula] Running formula bj08amba5g62 with K=132 up to limit 1600
[2025-12-12 08:09:03] [generate_cnf] Generating formula bj08amba5g62 with K=133
[2025-12-12 08:09:09] [run_formula] Running formula bj08amba5g62 with K=133 up to limit 1600
[2025-12-12 08:09:11] [generate_cnf] Generating formula bj08amba5g62 with K=134
[2025-12-12 08:09:17] [run_formula] Running formula bj08amba5g62 with K=134 up to limit 1600
[2025-12-12 08:09:19] [generate_cnf] Generating formula bj08amba5g62 with K=135
[2025-12-12 08:09:25] [run_formula] Running formula bj08amba5g62 with K=135 up to limit 1600
[2025-12-12 08:09:27] [generate_cnf] Generating formula bj08amba5g62 with K=136
[2025-12-12 08:09:33] [run_formula] Running formula bj08amba5g62 with K=136 up to limit 1600
[2025-12-12 08:09:35] [generate_cnf] Generating formula bj08amba5g62 with K=137
[2025-12-12 08:09:41] [run_formula] Running formula bj08amba5g62 with K=137 up to limit 1600
[2025-12-12 08:09:43] [generate_cnf] Generating formula bj08amba5g62 with K=138
[2025-12-12 08:09:49] [run_formula] Running formula bj08amba5g62 with K=138 up to limit 1600
[2025-12-12 08:09:51] [generate_cnf] Generating formula bj08amba5g62 with K=139
[2025-12-12 08:09:57] [run_formula] Running formula bj08amba5g62 with K=139 up to limit 1600
[2025-12-12 08:09:59] [generate_cnf] Generating formula bj08amba5g62 with K=140
[2025-12-12 08:10:06] [run_formula] Running formula bj08amba5g62 with K=140 up to limit 1600
[2025-12-12 08:10:08] [generate_cnf] Generating formula bj08amba5g62 with K=141
[2025-12-12 08:10:14] [run_formula] Running formula bj08amba5g62 with K=141 up to limit 1600
[2025-12-12 08:10:16] [generate_cnf] Generating formula bj08amba5g62 with K=142
[2025-12-12 08:10:22] [run_formula] Running formula bj08amba5g62 with K=142 up to limit 1600
[2025-12-12 08:10:24] [generate_cnf] Generating formula bj08amba5g62 with K=143
[2025-12-12 08:10:31] [run_formula] Running formula bj08amba5g62 with K=143 up to limit 1600
[2025-12-12 08:10:33] [generate_cnf] Generating formula bj08amba5g62 with K=144
[2025-12-12 08:10:39] [run_formula] Running formula bj08amba5g62 with K=144 up to limit 1600
[2025-12-12 08:10:41] [generate_cnf] Generating formula bj08amba5g62 with K=145
[2025-12-12 08:10:47] [run_formula] Running formula bj08amba5g62 with K=145 up to limit 1600
[2025-12-12 08:10:50] [generate_cnf] Generating formula bj08amba5g62 with K=146
[2025-12-12 08:10:56] [run_formula] Running formula bj08amba5g62 with K=146 up to limit 1600
[2025-12-12 08:10:58] [generate_cnf] Generating formula bj08amba5g62 with K=147
[2025-12-12 08:11:05] [run_formula] Running formula bj08amba5g62 with K=147 up to limit 1600
[2025-12-12 08:11:07] [generate_cnf] Generating formula bj08amba5g62 with K=148
[2025-12-12 08:11:14] [run_formula] Running formula bj08amba5g62 with K=148 up to limit 1600
[2025-12-12 08:11:16] [generate_cnf] Generating formula bj08amba5g62 with K=149
[2025-12-12 08:11:22] [run_formula] Running formula bj08amba5g62 with K=149 up to limit 1600
[2025-12-12 08:11:25] [generate_cnf] Generating formula bj08amba5g62 with K=150
[2025-12-12 08:11:31] [run_formula] Running formula bj08amba5g62 with K=150 up to limit 1600
[2025-12-12 08:11:33] [generate_cnf] Generating formula bj08amba5g62 with K=151
[2025-12-12 08:11:40] [run_formula] Running formula bj08amba5g62 with K=151 up to limit 1600
[2025-12-12 08:11:42] [generate_cnf] Generating formula bj08amba5g62 with K=152
[2025-12-12 08:11:49] [run_formula] Running formula bj08amba5g62 with K=152 up to limit 1600
[2025-12-12 08:11:51] [generate_cnf] Generating formula bj08amba5g62 with K=153
[2025-12-12 08:11:58] [run_formula] Running formula bj08amba5g62 with K=153 up to limit 1600
[2025-12-12 08:12:00] [generate_cnf] Generating formula bj08amba5g62 with K=154
[2025-12-12 08:12:07] [run_formula] Running formula bj08amba5g62 with K=154 up to limit 1600
[2025-12-12 08:12:09] [generate_cnf] Generating formula bj08amba5g62 with K=155
[2025-12-12 08:12:16] [run_formula] Running formula bj08amba5g62 with K=155 up to limit 1600
[2025-12-12 08:12:18] [generate_cnf] Generating formula bj08amba5g62 with K=156
[2025-12-12 08:12:25] [run_formula] Running formula bj08amba5g62 with K=156 up to limit 1600
[2025-12-12 08:12:28] [generate_cnf] Generating formula bj08amba5g62 with K=157
[2025-12-12 08:12:35] [run_formula] Running formula bj08amba5g62 with K=157 up to limit 1600
[2025-12-12 08:12:37] [generate_cnf] Generating formula bj08amba5g62 with K=158
[2025-12-12 08:12:44] [run_formula] Running formula bj08amba5g62 with K=158 up to limit 1600
[2025-12-12 08:12:46] [generate_cnf] Generating formula bj08amba5g62 with K=159
[2025-12-12 08:12:53] [run_formula] Running formula bj08amba5g62 with K=159 up to limit 1600
[2025-12-12 08:12:56] [generate_cnf] Generating formula bj08amba5g62 with K=160
[2025-12-12 08:13:03] [run_formula] Running formula bj08amba5g62 with K=160 up to limit 1600
[2025-12-12 08:13:05] [generate_cnf] Generating formula bj08amba5g62 with K=161
[2025-12-12 08:13:12] [run_formula] Running formula bj08amba5g62 with K=161 up to limit 1600
[2025-12-12 08:13:15] [generate_cnf] Generating formula bj08amba5g62 with K=162
[2025-12-12 08:13:22] [run_formula] Running formula bj08amba5g62 with K=162 up to limit 1600
[2025-12-12 08:13:24] [generate_cnf] Generating formula bj08amba5g62 with K=163
[2025-12-12 08:13:32] [run_formula] Running formula bj08amba5g62 with K=163 up to limit 1600
[2025-12-12 08:13:34] [generate_cnf] Generating formula bj08amba5g62 with K=164
[2025-12-12 08:13:41] [run_formula] Running formula bj08amba5g62 with K=164 up to limit 1600
[2025-12-12 08:13:44] [generate_cnf] Generating formula bj08amba5g62 with K=165
[2025-12-12 08:13:51] [run_formula] Running formula bj08amba5g62 with K=165 up to limit 1600
[2025-12-12 08:13:54] [generate_cnf] Generating formula bj08amba5g62 with K=166
[2025-12-12 08:14:01] [run_formula] Running formula bj08amba5g62 with K=166 up to limit 1600
[2025-12-12 08:14:04] [generate_cnf] Generating formula bj08amba5g62 with K=167
[2025-12-12 08:14:11] [run_formula] Running formula bj08amba5g62 with K=167 up to limit 1600
[2025-12-12 08:14:14] [generate_cnf] Generating formula bj08amba5g62 with K=168
[2025-12-12 08:14:21] [run_formula] Running formula bj08amba5g62 with K=168 up to limit 1600
[2025-12-12 08:14:24] [generate_cnf] Generating formula bj08amba5g62 with K=169
[2025-12-12 08:14:32] [run_formula] Running formula bj08amba5g62 with K=169 up to limit 1600
[2025-12-12 08:14:34] [generate_cnf] Generating formula bj08amba5g62 with K=170
[2025-12-12 08:14:42] [run_formula] Running formula bj08amba5g62 with K=170 up to limit 1600
[2025-12-12 08:14:44] [generate_cnf] Generating formula bj08amba5g62 with K=171
[2025-12-12 08:14:52] [run_formula] Running formula bj08amba5g62 with K=171 up to limit 1600
[2025-12-12 08:14:55] [generate_cnf] Generating formula bj08amba5g62 with K=172
[2025-12-12 08:15:03] [run_formula] Running formula bj08amba5g62 with K=172 up to limit 1600
[2025-12-12 08:15:05] [generate_cnf] Generating formula bj08amba5g62 with K=173
[2025-12-12 08:15:13] [run_formula] Running formula bj08amba5g62 with K=173 up to limit 1600
[2025-12-12 08:15:16] [generate_cnf] Generating formula bj08amba5g62 with K=174
[2025-12-12 08:15:24] [run_formula] Running formula bj08amba5g62 with K=174 up to limit 1600
[2025-12-12 08:15:26] [generate_cnf] Generating formula bj08amba5g62 with K=175
[2025-12-12 08:15:34] [run_formula] Running formula bj08amba5g62 with K=175 up to limit 1600
[2025-12-12 08:15:37] [generate_cnf] Generating formula bj08amba5g62 with K=176
[2025-12-12 08:15:44] [run_formula] Running formula bj08amba5g62 with K=176 up to limit 1600
[2025-12-12 08:15:47] [generate_cnf] Generating formula bj08amba5g62 with K=177
[2025-12-12 08:15:55] [run_formula] Running formula bj08amba5g62 with K=177 up to limit 1600
[2025-12-12 08:15:57] [generate_cnf] Generating formula bj08amba5g62 with K=178
[2025-12-12 08:16:05] [run_formula] Running formula bj08amba5g62 with K=178 up to limit 1600
[2025-12-12 08:16:08] [generate_cnf] Generating formula bj08amba5g62 with K=179
[2025-12-12 08:16:16] [run_formula] Running formula bj08amba5g62 with K=179 up to limit 1600
[2025-12-12 08:16:19] [generate_cnf] Generating formula bj08amba5g62 with K=180
[2025-12-12 08:16:27] [run_formula] Running formula bj08amba5g62 with K=180 up to limit 1600
[2025-12-12 08:16:29] [generate_cnf] Generating formula bj08amba5g62 with K=181
[2025-12-12 08:16:37] [run_formula] Running formula bj08amba5g62 with K=181 up to limit 1600
[2025-12-12 08:16:40] [generate_cnf] Generating formula bj08amba5g62 with K=182
[2025-12-12 08:16:48] [run_formula] Running formula bj08amba5g62 with K=182 up to limit 1600
[2025-12-12 08:16:51] [generate_cnf] Generating formula bj08amba5g62 with K=183
[2025-12-12 08:16:59] [run_formula] Running formula bj08amba5g62 with K=183 up to limit 1600
[2025-12-12 08:17:01] [generate_cnf] Generating formula bj08amba5g62 with K=184
[2025-12-12 08:17:10] [run_formula] Running formula bj08amba5g62 with K=184 up to limit 1600
[2025-12-12 08:17:12] [generate_cnf] Generating formula bj08amba5g62 with K=185
[2025-12-12 08:17:21] [run_formula] Running formula bj08amba5g62 with K=185 up to limit 1600
[2025-12-12 08:17:23] [generate_cnf] Generating formula bj08amba5g62 with K=186
[2025-12-12 08:17:32] [run_formula] Running formula bj08amba5g62 with K=186 up to limit 1600
[2025-12-12 08:17:35] [generate_cnf] Generating formula bj08amba5g62 with K=187
[2025-12-12 08:17:43] [run_formula] Running formula bj08amba5g62 with K=187 up to limit 1600
[2025-12-12 08:17:46] [generate_cnf] Generating formula bj08amba5g62 with K=188
[2025-12-12 08:17:54] [run_formula] Running formula bj08amba5g62 with K=188 up to limit 1600
[2025-12-12 08:17:57] [generate_cnf] Generating formula bj08amba5g62 with K=189
[2025-12-12 08:18:05] [run_formula] Running formula bj08amba5g62 with K=189 up to limit 1600
[2025-12-12 08:18:08] [generate_cnf] Generating formula bj08amba5g62 with K=190
[2025-12-12 08:18:16] [run_formula] Running formula bj08amba5g62 with K=190 up to limit 1600
[2025-12-12 08:18:19] [generate_cnf] Generating formula bj08amba5g62 with K=191
[2025-12-12 08:18:28] [run_formula] Running formula bj08amba5g62 with K=191 up to limit 1600
[2025-12-12 08:18:30] [generate_cnf] Generating formula bj08amba5g62 with K=192
[2025-12-12 08:18:39] [run_formula] Running formula bj08amba5g62 with K=192 up to limit 1600
[2025-12-12 08:18:42] [generate_cnf] Generating formula bj08amba5g62 with K=193
[2025-12-12 08:18:50] [run_formula] Running formula bj08amba5g62 with K=193 up to limit 1600
[2025-12-12 08:18:53] [generate_cnf] Generating formula bj08amba5g62 with K=194
[2025-12-12 08:19:02] [run_formula] Running formula bj08amba5g62 with K=194 up to limit 1600
[2025-12-12 08:19:05] [generate_cnf] Generating formula bj08amba5g62 with K=195
[2025-12-12 08:19:13] [run_formula] Running formula bj08amba5g62 with K=195 up to limit 1600
[2025-12-12 08:19:16] [generate_cnf] Generating formula bj08amba5g62 with K=196
[2025-12-12 08:19:25] [run_formula] Running formula bj08amba5g62 with K=196 up to limit 1600
[2025-12-12 08:19:28] [generate_cnf] Generating formula bj08amba5g62 with K=197
[2025-12-12 08:19:37] [run_formula] Running formula bj08amba5g62 with K=197 up to limit 1600
[2025-12-12 08:19:40] [generate_cnf] Generating formula bj08amba5g62 with K=198
[2025-12-12 08:19:49] [run_formula] Running formula bj08amba5g62 with K=198 up to limit 1600
[2025-12-12 08:19:52] [generate_cnf] Generating formula bj08amba5g62 with K=199
[2025-12-12 08:20:01] [run_formula] Running formula bj08amba5g62 with K=199 up to limit 1600
[2025-12-12 08:20:04] [generate_cnf] Generating formula bj08amba5g62 with K=200
[2025-12-12 08:20:12] [run_formula] Running formula bj08amba5g62 with K=200 up to limit 1600
[2025-12-12 08:20:15] [generate_cnf] Generating formula bj08amba5g62 with K=201
[2025-12-12 08:20:24] [run_formula] Running formula bj08amba5g62 with K=201 up to limit 1600
[2025-12-12 08:20:27] [generate_cnf] Generating formula bj08amba5g62 with K=202
[2025-12-12 08:20:36] [run_formula] Running formula bj08amba5g62 with K=202 up to limit 1600
[2025-12-12 08:20:39] [generate_cnf] Generating formula bj08amba5g62 with K=203
[2025-12-12 08:20:48] [run_formula] Running formula bj08amba5g62 with K=203 up to limit 1600
[2025-12-12 08:20:51] [generate_cnf] Generating formula bj08amba5g62 with K=204
[2025-12-12 08:21:00] [run_formula] Running formula bj08amba5g62 with K=204 up to limit 1600
[2025-12-12 08:21:03] [generate_cnf] Generating formula bj08amba5g62 with K=205
[2025-12-12 08:21:13] [run_formula] Running formula bj08amba5g62 with K=205 up to limit 1600
[2025-12-12 08:21:16] [generate_cnf] Generating formula bj08amba5g62 with K=206
[2025-12-12 08:21:25] [run_formula] Running formula bj08amba5g62 with K=206 up to limit 1600
[2025-12-12 08:21:28] [generate_cnf] Generating formula bj08amba5g62 with K=207
[2025-12-12 08:21:37] [run_formula] Running formula bj08amba5g62 with K=207 up to limit 1600
[2025-12-12 08:21:40] [generate_cnf] Generating formula bj08amba5g62 with K=208
[2025-12-12 08:21:49] [run_formula] Running formula bj08amba5g62 with K=208 up to limit 1600
[2025-12-12 08:21:52] [generate_cnf] Generating formula bj08amba5g62 with K=209
[2025-12-12 08:22:02] [run_formula] Running formula bj08amba5g62 with K=209 up to limit 1600
[2025-12-12 08:22:05] [generate_cnf] Generating formula bj08amba5g62 with K=210
[2025-12-12 08:22:14] [run_formula] Running formula bj08amba5g62 with K=210 up to limit 1600
[2025-12-12 08:22:17] [generate_cnf] Generating formula bj08amba5g62 with K=211
[2025-12-12 08:22:27] [run_formula] Running formula bj08amba5g62 with K=211 up to limit 1600
[2025-12-12 08:22:30] [generate_cnf] Generating formula bj08amba5g62 with K=212
[2025-12-12 08:22:39] [run_formula] Running formula bj08amba5g62 with K=212 up to limit 1600
[2025-12-12 08:22:43] [generate_cnf] Generating formula bj08amba5g62 with K=213
[2025-12-12 08:22:52] [run_formula] Running formula bj08amba5g62 with K=213 up to limit 1600
[2025-12-12 08:22:55] [generate_cnf] Generating formula bj08amba5g62 with K=214
[2025-12-12 08:23:05] [run_formula] Running formula bj08amba5g62 with K=214 up to limit 1600
[2025-12-12 08:23:08] [generate_cnf] Generating formula bj08amba5g62 with K=215
[2025-12-12 08:23:18] [run_formula] Running formula bj08amba5g62 with K=215 up to limit 1600
[2025-12-12 08:23:21] [generate_cnf] Generating formula bj08amba5g62 with K=216
[2025-12-12 08:23:30] [run_formula] Running formula bj08amba5g62 with K=216 up to limit 1600
[2025-12-12 08:23:33] [generate_cnf] Generating formula bj08amba5g62 with K=217
[2025-12-12 08:23:43] [run_formula] Running formula bj08amba5g62 with K=217 up to limit 1600
[2025-12-12 08:23:46] [generate_cnf] Generating formula bj08amba5g62 with K=218
[2025-12-12 08:23:56] [run_formula] Running formula bj08amba5g62 with K=218 up to limit 1600
[2025-12-12 08:23:59] [generate_cnf] Generating formula bj08amba5g62 with K=219
[2025-12-12 08:24:09] [run_formula] Running formula bj08amba5g62 with K=219 up to limit 1600
[2025-12-12 08:24:12] [generate_cnf] Generating formula bj08amba5g62 with K=220
[2025-12-12 08:24:22] [run_formula] Running formula bj08amba5g62 with K=220 up to limit 1600
[2025-12-12 08:24:25] [generate_cnf] Generating formula bj08amba5g62 with K=221
[2025-12-12 08:24:35] [run_formula] Running formula bj08amba5g62 with K=221 up to limit 1600
[2025-12-12 08:24:38] [generate_cnf] Generating formula bj08amba5g62 with K=222
[2025-12-12 08:24:48] [run_formula] Running formula bj08amba5g62 with K=222 up to limit 1600
[2025-12-12 08:24:52] [generate_cnf] Generating formula bj08amba5g62 with K=223
[2025-12-12 08:25:02] [run_formula] Running formula bj08amba5g62 with K=223 up to limit 1600
[2025-12-12 08:25:05] [generate_cnf] Generating formula bj08amba5g62 with K=224
[2025-12-12 08:25:15] [run_formula] Running formula bj08amba5g62 with K=224 up to limit 1600
[2025-12-12 08:25:18] [generate_cnf] Generating formula bj08amba5g62 with K=225
[2025-12-12 08:25:28] [run_formula] Running formula bj08amba5g62 with K=225 up to limit 1600
[2025-12-12 08:25:32] [generate_cnf] Generating formula bj08amba5g62 with K=226
[2025-12-12 08:25:42] [run_formula] Running formula bj08amba5g62 with K=226 up to limit 1600
[2025-12-12 08:25:45] [generate_cnf] Generating formula bj08amba5g62 with K=227
[2025-12-12 08:25:55] [run_formula] Running formula bj08amba5g62 with K=227 up to limit 1600
[2025-12-12 08:25:58] [generate_cnf] Generating formula bj08amba5g62 with K=228
[2025-12-12 08:26:09] [run_formula] Running formula bj08amba5g62 with K=228 up to limit 1600
[2025-12-12 08:26:12] [generate_cnf] Generating formula bj08amba5g62 with K=229
[2025-12-12 08:26:22] [run_formula] Running formula bj08amba5g62 with K=229 up to limit 1600
[2025-12-12 08:26:26] [generate_cnf] Generating formula bj08amba5g62 with K=230
[2025-12-12 08:26:36] [run_formula] Running formula bj08amba5g62 with K=230 up to limit 1600
[2025-12-12 08:26:39] [generate_cnf] Generating formula bj08amba5g62 with K=231
[2025-12-12 08:26:50] [run_formula] Running formula bj08amba5g62 with K=231 up to limit 1600
[2025-12-12 08:26:53] [generate_cnf] Generating formula bj08amba5g62 with K=232
[2025-12-12 08:27:03] [run_formula] Running formula bj08amba5g62 with K=232 up to limit 1600
[2025-12-12 08:27:07] [generate_cnf] Generating formula bj08amba5g62 with K=233
[2025-12-12 08:27:17] [run_formula] Running formula bj08amba5g62 with K=233 up to limit 1600
[2025-12-12 08:27:20] [generate_cnf] Generating formula bj08amba5g62 with K=234
[2025-12-12 08:27:31] [run_formula] Running formula bj08amba5g62 with K=234 up to limit 1600
[2025-12-12 08:27:34] [generate_cnf] Generating formula bj08amba5g62 with K=235
[2025-12-12 08:27:45] [run_formula] Running formula bj08amba5g62 with K=235 up to limit 1600
[2025-12-12 08:27:49] [generate_cnf] Generating formula bj08amba5g62 with K=236
[2025-12-12 08:27:59] [run_formula] Running formula bj08amba5g62 with K=236 up to limit 1600
[2025-12-12 08:28:03] [run_formula] Error running formula bj08amba5g62 with K=236: [Errno 122] Disk quota exceeded: './results/solving_logs/bj08amba5g62//bj08amba5g62.236.log'
[2025-12-12 08:28:03] [generate_and_run_up_to_limit] Failed to run formula bj08amba5g62 with K=236, halting
