CNF written.
CNF written.
CNF written.
CNF written.
CNF written.
CNF written.
CNF written.
CNF written.
CNF written.
CNF written.
CNF written.
CNF written.
CNF written.
CNF written.
CNF written.
CNF written.
[2025-12-12 07:10:28] [generate_and_run_up_to_limit] Generating and running bjrb07amba10andenv with K<=500 up to limit 1600
[2025-12-12 07:10:28] [generate_cnf] Generating formula bjrb07amba10andenv with K=1
[2025-12-12 07:10:30] [run_formula] Running formula bjrb07amba10andenv with K=1 up to limit 1600
[2025-12-12 07:10:30] [generate_cnf] Generating formula bjrb07amba10andenv with K=2
[2025-12-12 07:10:32] [run_formula] Running formula bjrb07amba10andenv with K=2 up to limit 1600
[2025-12-12 07:10:33] [generate_cnf] Generating formula bjrb07amba10andenv with K=3
[2025-12-12 07:10:35] [run_formula] Running formula bjrb07amba10andenv with K=3 up to limit 1600
[2025-12-12 07:10:36] [generate_cnf] Generating formula bjrb07amba10andenv with K=4
[2025-12-12 07:10:39] [run_formula] Running formula bjrb07amba10andenv with K=4 up to limit 1600
[2025-12-12 07:10:39] [generate_cnf] Generating formula bjrb07amba10andenv with K=5
[2025-12-12 07:10:43] [run_formula] Running formula bjrb07amba10andenv with K=5 up to limit 1600
[2025-12-12 07:10:44] [generate_cnf] Generating formula bjrb07amba10andenv with K=6
[2025-12-12 07:10:48] [run_formula] Running formula bjrb07amba10andenv with K=6 up to limit 1600
[2025-12-12 07:10:51] [generate_cnf] Generating formula bjrb07amba10andenv with K=7
[2025-12-12 07:10:56] [run_formula] Running formula bjrb07amba10andenv with K=7 up to limit 1600
[2025-12-12 07:11:19] [generate_cnf] Generating formula bjrb07amba10andenv with K=8
[2025-12-12 07:11:25] [run_formula] Running formula bjrb07amba10andenv with K=8 up to limit 1600
[2025-12-12 07:11:57] [generate_cnf] Generating formula bjrb07amba10andenv with K=9
[2025-12-12 07:12:02] [run_formula] Running formula bjrb07amba10andenv with K=9 up to limit 1600
[2025-12-12 07:13:03] [generate_cnf] Generating formula bjrb07amba10andenv with K=10
[2025-12-12 07:13:09] [run_formula] Running formula bjrb07amba10andenv with K=10 up to limit 1600
[2025-12-12 07:15:29] [generate_cnf] Generating formula bjrb07amba10andenv with K=11
[2025-12-12 07:15:35] [run_formula] Running formula bjrb07amba10andenv with K=11 up to limit 1600
[2025-12-12 07:20:07] [generate_cnf] Generating formula bjrb07amba10andenv with K=12
[2025-12-12 07:20:14] [run_formula] Running formula bjrb07amba10andenv with K=12 up to limit 1600
[2025-12-12 07:26:11] [generate_cnf] Generating formula bjrb07amba10andenv with K=13
[2025-12-12 07:26:18] [run_formula] Running formula bjrb07amba10andenv with K=13 up to limit 1600
[2025-12-12 07:37:32] [generate_cnf] Generating formula bjrb07amba10andenv with K=14
[2025-12-12 07:37:40] [run_formula] Running formula bjrb07amba10andenv with K=14 up to limit 1600
[2025-12-12 07:52:58] [generate_cnf] Generating formula bjrb07amba10andenv with K=15
[2025-12-12 07:53:07] [run_formula] Running formula bjrb07amba10andenv with K=15 up to limit 1600
[2025-12-12 08:14:36] [generate_cnf] Generating formula bjrb07amba10andenv with K=16
[2025-12-12 08:14:45] [run_formula] Running formula bjrb07amba10andenv with K=16 up to limit 1600
[2025-12-12 08:39:49] [run_formula] Error running formula bjrb07amba10andenv with K=16: [Errno 122] Disk quota exceeded: './results/solving_logs/bjrb07amba10andenv//bjrb07amba10andenv.16.log'
[2025-12-12 08:39:49] [generate_and_run_up_to_limit] Failed to run formula bjrb07amba10andenv with K=16, halting
