CNF written.
CNF written.
CNF written.
CNF written.
CNF written.
CNF written.
CNF written.
CNF written.
CNF written.
CNF written.
CNF written.
CNF written.
CNF written.
CNF written.
CNF written.
CNF written.
CNF written.
CNF written.
CNF written.
CNF written.
CNF written.
CNF written.
CNF written.
CNF written.
CNF written.
CNF written.
[2025-12-12 07:53:31] [generate_and_run_up_to_limit] Generating and running bjrb07amba4andenv with K<=500 up to limit 1600
[2025-12-12 07:53:31] [generate_cnf] Generating formula bjrb07amba4andenv with K=1
[2025-12-12 07:53:31] [run_formula] Running formula bjrb07amba4andenv with K=1 up to limit 1600
[2025-12-12 07:53:31] [generate_cnf] Generating formula bjrb07amba4andenv with K=2
[2025-12-12 07:53:31] [run_formula] Running formula bjrb07amba4andenv with K=2 up to limit 1600
[2025-12-12 07:53:31] [generate_cnf] Generating formula bjrb07amba4andenv with K=3
[2025-12-12 07:53:32] [run_formula] Running formula bjrb07amba4andenv with K=3 up to limit 1600
[2025-12-12 07:53:32] [generate_cnf] Generating formula bjrb07amba4andenv with K=4
[2025-12-12 07:53:32] [run_formula] Running formula bjrb07amba4andenv with K=4 up to limit 1600
[2025-12-12 07:53:32] [generate_cnf] Generating formula bjrb07amba4andenv with K=5
[2025-12-12 07:53:32] [run_formula] Running formula bjrb07amba4andenv with K=5 up to limit 1600
[2025-12-12 07:53:32] [generate_cnf] Generating formula bjrb07amba4andenv with K=6
[2025-12-12 07:53:33] [run_formula] Running formula bjrb07amba4andenv with K=6 up to limit 1600
[2025-12-12 07:53:33] [generate_cnf] Generating formula bjrb07amba4andenv with K=7
[2025-12-12 07:53:33] [run_formula] Running formula bjrb07amba4andenv with K=7 up to limit 1600
[2025-12-12 07:53:34] [generate_cnf] Generating formula bjrb07amba4andenv with K=8
[2025-12-12 07:53:34] [run_formula] Running formula bjrb07amba4andenv with K=8 up to limit 1600
[2025-12-12 07:53:37] [generate_cnf] Generating formula bjrb07amba4andenv with K=9
[2025-12-12 07:53:37] [run_formula] Running formula bjrb07amba4andenv with K=9 up to limit 1600
[2025-12-12 07:53:46] [generate_cnf] Generating formula bjrb07amba4andenv with K=10
[2025-12-12 07:53:47] [run_formula] Running formula bjrb07amba4andenv with K=10 up to limit 1600
[2025-12-12 07:53:58] [generate_cnf] Generating formula bjrb07amba4andenv with K=11
[2025-12-12 07:53:59] [run_formula] Running formula bjrb07amba4andenv with K=11 up to limit 1600
[2025-12-12 07:54:08] [generate_cnf] Generating formula bjrb07amba4andenv with K=12
[2025-12-12 07:54:09] [run_formula] Running formula bjrb07amba4andenv with K=12 up to limit 1600
[2025-12-12 07:54:32] [generate_cnf] Generating formula bjrb07amba4andenv with K=13
[2025-12-12 07:54:33] [run_formula] Running formula bjrb07amba4andenv with K=13 up to limit 1600
[2025-12-12 07:54:59] [generate_cnf] Generating formula bjrb07amba4andenv with K=14
[2025-12-12 07:54:59] [run_formula] Running formula bjrb07amba4andenv with K=14 up to limit 1600
[2025-12-12 07:56:15] [generate_cnf] Generating formula bjrb07amba4andenv with K=15
[2025-12-12 07:56:16] [run_formula] Running formula bjrb07amba4andenv with K=15 up to limit 1600
[2025-12-12 07:57:07] [generate_cnf] Generating formula bjrb07amba4andenv with K=16
[2025-12-12 07:57:08] [run_formula] Running formula bjrb07amba4andenv with K=16 up to limit 1600
[2025-12-12 07:58:28] [generate_cnf] Generating formula bjrb07amba4andenv with K=17
[2025-12-12 07:58:29] [run_formula] Running formula bjrb07amba4andenv with K=17 up to limit 1600
[2025-12-12 08:00:02] [generate_cnf] Generating formula bjrb07amba4andenv with K=18
[2025-12-12 08:00:03] [run_formula] Running formula bjrb07amba4andenv with K=18 up to limit 1600
[2025-12-12 08:01:52] [generate_cnf] Generating formula bjrb07amba4andenv with K=19
[2025-12-12 08:01:53] [run_formula] Running formula bjrb07amba4andenv with K=19 up to limit 1600
[2025-12-12 08:04:26] [generate_cnf] Generating formula bjrb07amba4andenv with K=20
[2025-12-12 08:04:28] [run_formula] Running formula bjrb07amba4andenv with K=20 up to limit 1600
[2025-12-12 08:07:01] [generate_cnf] Generating formula bjrb07amba4andenv with K=21
[2025-12-12 08:07:03] [run_formula] Running formula bjrb07amba4andenv with K=21 up to limit 1600
[2025-12-12 08:09:46] [generate_cnf] Generating formula bjrb07amba4andenv with K=22
[2025-12-12 08:09:48] [run_formula] Running formula bjrb07amba4andenv with K=22 up to limit 1600
[2025-12-12 08:13:19] [generate_cnf] Generating formula bjrb07amba4andenv with K=23
[2025-12-12 08:13:21] [run_formula] Running formula bjrb07amba4andenv with K=23 up to limit 1600
[2025-12-12 08:16:32] [generate_cnf] Generating formula bjrb07amba4andenv with K=24
[2025-12-12 08:16:33] [run_formula] Running formula bjrb07amba4andenv with K=24 up to limit 1600
[2025-12-12 08:20:18] [generate_cnf] Generating formula bjrb07amba4andenv with K=25
[2025-12-12 08:20:19] [run_formula] Running formula bjrb07amba4andenv with K=25 up to limit 1600
[2025-12-12 08:24:30] [generate_cnf] Generating formula bjrb07amba4andenv with K=26
[2025-12-12 08:24:31] [run_formula] Running formula bjrb07amba4andenv with K=26 up to limit 1600
[2025-12-12 08:29:31] [run_formula] Error running formula bjrb07amba4andenv with K=26: [Errno 122] Disk quota exceeded: './results/solving_logs/bjrb07amba4andenv//bjrb07amba4andenv.26.log'
[2025-12-12 08:29:31] [generate_and_run_up_to_limit] Failed to run formula bjrb07amba4andenv with K=26, halting
