CNF written.
CNF written.
CNF written.
CNF written.
CNF written.
CNF written.
CNF written.
CNF written.
[2025-12-12 16:03:31] [generate_and_run_up_to_limit] Generating and running bjrb07amba5andenv with K<=500 up to limit 1600
[2025-12-12 16:03:31] [generate_cnf] Generating formula bjrb07amba5andenv with K=1
[2025-12-12 16:03:31] [run_formula] Running formula bjrb07amba5andenv with K=1 up to limit 1600
[2025-12-12 16:03:31] [generate_cnf] Generating formula bjrb07amba5andenv with K=2
[2025-12-12 16:03:31] [run_formula] Running formula bjrb07amba5andenv with K=2 up to limit 1600
[2025-12-12 16:03:31] [generate_cnf] Generating formula bjrb07amba5andenv with K=3
[2025-12-12 16:03:31] [run_formula] Running formula bjrb07amba5andenv with K=3 up to limit 1600
[2025-12-12 16:03:31] [generate_cnf] Generating formula bjrb07amba5andenv with K=4
[2025-12-12 16:03:31] [run_formula] Running formula bjrb07amba5andenv with K=4 up to limit 1600
[2025-12-12 16:03:31] [generate_cnf] Generating formula bjrb07amba5andenv with K=5
[2025-12-12 16:03:31] [run_formula] Running formula bjrb07amba5andenv with K=5 up to limit 1600
[2025-12-12 16:03:31] [generate_cnf] Generating formula bjrb07amba5andenv with K=6
[2025-12-12 16:03:31] [run_formula] Running formula bjrb07amba5andenv with K=6 up to limit 1600
[2025-12-12 16:03:31] [generate_cnf] Generating formula bjrb07amba5andenv with K=7
[2025-12-12 16:03:31] [run_formula] Running formula bjrb07amba5andenv with K=7 up to limit 1600
[2025-12-12 16:03:31] [generate_cnf] Generating formula bjrb07amba5andenv with K=8
[2025-12-12 16:03:31] [run_formula] Running formula bjrb07amba5andenv with K=8 up to limit 1600
[2025-12-12 16:03:31] [generate_cnf] Generating formula bjrb07amba5andenv with K=9
[2025-12-12 16:03:31] [run_formula] Running formula bjrb07amba5andenv with K=9 up to limit 1600
[2025-12-12 16:03:31] [generate_cnf] Generating formula bjrb07amba5andenv with K=10
[2025-12-12 16:03:31] [run_formula] Running formula bjrb07amba5andenv with K=10 up to limit 1600
[2025-12-12 16:03:31] [generate_cnf] Generating formula bjrb07amba5andenv with K=11
[2025-12-12 16:03:31] [run_formula] Running formula bjrb07amba5andenv with K=11 up to limit 1600
[2025-12-12 16:03:31] [generate_cnf] Generating formula bjrb07amba5andenv with K=12
[2025-12-12 16:03:31] [run_formula] Running formula bjrb07amba5andenv with K=12 up to limit 1600
[2025-12-12 16:03:31] [generate_cnf] Generating formula bjrb07amba5andenv with K=13
[2025-12-12 16:03:31] [run_formula] Running formula bjrb07amba5andenv with K=13 up to limit 1600
[2025-12-12 16:03:31] [generate_cnf] Generating formula bjrb07amba5andenv with K=14
[2025-12-12 16:03:31] [run_formula] Running formula bjrb07amba5andenv with K=14 up to limit 1600
[2025-12-12 16:03:31] [generate_cnf] Generating formula bjrb07amba5andenv with K=15
[2025-12-12 16:03:31] [run_formula] Running formula bjrb07amba5andenv with K=15 up to limit 1600
[2025-12-12 16:03:31] [generate_cnf] Generating formula bjrb07amba5andenv with K=16
[2025-12-12 16:03:31] [run_formula] Running formula bjrb07amba5andenv with K=16 up to limit 1600
[2025-12-12 16:03:31] [generate_cnf] Generating formula bjrb07amba5andenv with K=17
[2025-12-12 16:03:31] [run_formula] Running formula bjrb07amba5andenv with K=17 up to limit 1600
[2025-12-12 16:03:31] [generate_cnf] Generating formula bjrb07amba5andenv with K=18
[2025-12-12 16:03:31] [run_formula] Running formula bjrb07amba5andenv with K=18 up to limit 1600
[2025-12-12 16:03:31] [generate_cnf] Generating formula bjrb07amba5andenv with K=19
[2025-12-12 16:03:31] [run_formula] Running formula bjrb07amba5andenv with K=19 up to limit 1600
[2025-12-12 16:03:31] [generate_cnf] Generating formula bjrb07amba5andenv with K=20
[2025-12-12 16:03:31] [run_formula] Running formula bjrb07amba5andenv with K=20 up to limit 1600
[2025-12-12 16:03:31] [generate_cnf] Generating formula bjrb07amba5andenv with K=21
[2025-12-12 16:03:31] [run_formula] Running formula bjrb07amba5andenv with K=21 up to limit 1600
[2025-12-12 16:03:31] [generate_cnf] Generating formula bjrb07amba5andenv with K=22
[2025-12-12 16:03:31] [run_formula] Running formula bjrb07amba5andenv with K=22 up to limit 1600
[2025-12-12 16:03:31] [generate_cnf] Generating formula bjrb07amba5andenv with K=23
[2025-12-12 16:03:31] [run_formula] Running formula bjrb07amba5andenv with K=23 up to limit 1600
[2025-12-12 16:03:31] [generate_cnf] Generating formula bjrb07amba5andenv with K=24
[2025-12-12 16:03:31] [run_formula] Running formula bjrb07amba5andenv with K=24 up to limit 1600
[2025-12-12 16:03:31] [generate_cnf] Generating formula bjrb07amba5andenv with K=25
[2025-12-12 16:03:31] [run_formula] Running formula bjrb07amba5andenv with K=25 up to limit 1600
[2025-12-12 16:03:31] [generate_cnf] Generating formula bjrb07amba5andenv with K=26
[2025-12-12 16:03:31] [run_formula] Running formula bjrb07amba5andenv with K=26 up to limit 1600
[2025-12-12 16:03:31] [generate_cnf] Generating formula bjrb07amba5andenv with K=27
[2025-12-12 16:03:31] [run_formula] Running formula bjrb07amba5andenv with K=27 up to limit 1600
[2025-12-12 16:03:31] [generate_cnf] Generating formula bjrb07amba5andenv with K=28
[2025-12-12 16:03:31] [run_formula] Running formula bjrb07amba5andenv with K=28 up to limit 1600
[2025-12-12 16:03:31] [generate_cnf] Generating formula bjrb07amba5andenv with K=29
[2025-12-12 16:03:31] [run_formula] Running formula bjrb07amba5andenv with K=29 up to limit 1600
[2025-12-12 16:03:31] [generate_cnf] Generating formula bjrb07amba5andenv with K=30
[2025-12-12 16:03:31] [run_formula] Running formula bjrb07amba5andenv with K=30 up to limit 1600
[2025-12-12 16:03:31] [generate_cnf] Generating formula bjrb07amba5andenv with K=31
[2025-12-12 16:03:31] [run_formula] Running formula bjrb07amba5andenv with K=31 up to limit 1600
[2025-12-12 16:03:31] [generate_cnf] Generating formula bjrb07amba5andenv with K=32
[2025-12-12 16:03:31] [run_formula] Running formula bjrb07amba5andenv with K=32 up to limit 1600
[2025-12-12 16:15:08] [generate_cnf] Generating formula bjrb07amba5andenv with K=33
[2025-12-12 16:15:10] [run_formula] Running formula bjrb07amba5andenv with K=33 up to limit 1600
[2025-12-12 16:29:00] [generate_cnf] Generating formula bjrb07amba5andenv with K=34
[2025-12-12 16:29:04] [run_formula] Running formula bjrb07amba5andenv with K=34 up to limit 1600
[2025-12-12 16:47:39] [generate_cnf] Generating formula bjrb07amba5andenv with K=35
[2025-12-12 16:47:41] [run_formula] Running formula bjrb07amba5andenv with K=35 up to limit 1600
[2025-12-12 16:56:08] [generate_cnf] Generating formula bjrb07amba5andenv with K=36
[2025-12-12 16:56:10] [run_formula] Running formula bjrb07amba5andenv with K=36 up to limit 1600
[2025-12-12 17:05:49] [generate_cnf] Generating formula bjrb07amba5andenv with K=37
[2025-12-12 17:05:51] [run_formula] Running formula bjrb07amba5andenv with K=37 up to limit 1600
[2025-12-12 17:18:14] [generate_cnf] Generating formula bjrb07amba5andenv with K=38
[2025-12-12 17:18:16] [run_formula] Running formula bjrb07amba5andenv with K=38 up to limit 1600
[2025-12-12 17:31:07] [generate_cnf] Generating formula bjrb07amba5andenv with K=39
[2025-12-12 17:31:09] [run_formula] Running formula bjrb07amba5andenv with K=39 up to limit 1600
[2025-12-12 17:46:21] [generate_cnf] Generating formula bjrb07amba5andenv with K=40
[2025-12-12 17:46:23] [run_formula] Running formula bjrb07amba5andenv with K=40 up to limit 1600
[2025-12-12 18:02:07] [run_formula] Error running formula bjrb07amba5andenv with K=40: [Errno 122] Disk quota exceeded
[2025-12-12 18:02:07] [generate_and_run_up_to_limit] Failed to run formula bjrb07amba5andenv with K=40, halting
