CNF written.
CNF written.
CNF written.
CNF written.
CNF written.
CNF written.
CNF written.
CNF written.
CNF written.
CNF written.
CNF written.
CNF written.
CNF written.
CNF written.
CNF written.
CNF written.
CNF written.
CNF written.
CNF written.
CNF written.
CNF written.
CNF written.
CNF written.
CNF written.
CNF written.
CNF written.
CNF written.
CNF written.
CNF written.
CNF written.
CNF written.
CNF written.
CNF written.
CNF written.
CNF written.
CNF written.
CNF written.
CNF written.
CNF written.
CNF written.
CNF written.
CNF written.
CNF written.
[2025-12-12 07:03:56] [generate_and_run_up_to_limit] Generating and running bob3 with K<=500 up to limit 1600
[2025-12-12 07:03:56] [generate_cnf] Generating formula bob3 with K=1
[2025-12-12 07:03:56] [run_formula] Running formula bob3 with K=1 up to limit 1600
[2025-12-12 07:03:56] [generate_cnf] Generating formula bob3 with K=2
[2025-12-12 07:03:56] [run_formula] Running formula bob3 with K=2 up to limit 1600
[2025-12-12 07:03:56] [generate_cnf] Generating formula bob3 with K=3
[2025-12-12 07:03:56] [run_formula] Running formula bob3 with K=3 up to limit 1600
[2025-12-12 07:03:56] [generate_cnf] Generating formula bob3 with K=4
[2025-12-12 07:03:56] [run_formula] Running formula bob3 with K=4 up to limit 1600
[2025-12-12 07:03:56] [generate_cnf] Generating formula bob3 with K=5
[2025-12-12 07:03:56] [run_formula] Running formula bob3 with K=5 up to limit 1600
[2025-12-12 07:03:56] [generate_cnf] Generating formula bob3 with K=6
[2025-12-12 07:03:56] [run_formula] Running formula bob3 with K=6 up to limit 1600
[2025-12-12 07:03:56] [generate_cnf] Generating formula bob3 with K=7
[2025-12-12 07:03:56] [run_formula] Running formula bob3 with K=7 up to limit 1600
[2025-12-12 07:03:56] [generate_cnf] Generating formula bob3 with K=8
[2025-12-12 07:03:56] [run_formula] Running formula bob3 with K=8 up to limit 1600
[2025-12-12 07:03:56] [generate_cnf] Generating formula bob3 with K=9
[2025-12-12 07:03:56] [run_formula] Running formula bob3 with K=9 up to limit 1600
[2025-12-12 07:03:56] [generate_cnf] Generating formula bob3 with K=10
[2025-12-12 07:03:56] [run_formula] Running formula bob3 with K=10 up to limit 1600
[2025-12-12 07:03:56] [generate_cnf] Generating formula bob3 with K=11
[2025-12-12 07:03:56] [run_formula] Running formula bob3 with K=11 up to limit 1600
[2025-12-12 07:03:56] [generate_cnf] Generating formula bob3 with K=12
[2025-12-12 07:03:56] [run_formula] Running formula bob3 with K=12 up to limit 1600
[2025-12-12 07:03:56] [generate_cnf] Generating formula bob3 with K=13
[2025-12-12 07:03:56] [run_formula] Running formula bob3 with K=13 up to limit 1600
[2025-12-12 07:03:56] [generate_cnf] Generating formula bob3 with K=14
[2025-12-12 07:03:56] [run_formula] Running formula bob3 with K=14 up to limit 1600
[2025-12-12 07:03:56] [generate_cnf] Generating formula bob3 with K=15
[2025-12-12 07:03:56] [run_formula] Running formula bob3 with K=15 up to limit 1600
[2025-12-12 07:03:56] [generate_cnf] Generating formula bob3 with K=16
[2025-12-12 07:03:56] [run_formula] Running formula bob3 with K=16 up to limit 1600
[2025-12-12 07:03:56] [generate_cnf] Generating formula bob3 with K=17
[2025-12-12 07:03:56] [run_formula] Running formula bob3 with K=17 up to limit 1600
[2025-12-12 07:03:56] [generate_cnf] Generating formula bob3 with K=18
[2025-12-12 07:03:56] [run_formula] Running formula bob3 with K=18 up to limit 1600
[2025-12-12 07:03:56] [generate_cnf] Generating formula bob3 with K=19
[2025-12-12 07:03:56] [run_formula] Running formula bob3 with K=19 up to limit 1600
[2025-12-12 07:03:57] [generate_cnf] Generating formula bob3 with K=20
[2025-12-12 07:03:57] [run_formula] Running formula bob3 with K=20 up to limit 1600
[2025-12-12 07:03:57] [generate_cnf] Generating formula bob3 with K=21
[2025-12-12 07:03:57] [run_formula] Running formula bob3 with K=21 up to limit 1600
[2025-12-12 07:03:57] [generate_cnf] Generating formula bob3 with K=22
[2025-12-12 07:03:58] [run_formula] Running formula bob3 with K=22 up to limit 1600
[2025-12-12 07:03:59] [generate_cnf] Generating formula bob3 with K=23
[2025-12-12 07:03:59] [run_formula] Running formula bob3 with K=23 up to limit 1600
[2025-12-12 07:04:01] [generate_cnf] Generating formula bob3 with K=24
[2025-12-12 07:04:01] [run_formula] Running formula bob3 with K=24 up to limit 1600
[2025-12-12 07:04:05] [generate_cnf] Generating formula bob3 with K=25
[2025-12-12 07:04:05] [run_formula] Running formula bob3 with K=25 up to limit 1600
[2025-12-12 07:04:12] [generate_cnf] Generating formula bob3 with K=26
[2025-12-12 07:04:12] [run_formula] Running formula bob3 with K=26 up to limit 1600
[2025-12-12 07:04:26] [generate_cnf] Generating formula bob3 with K=27
[2025-12-12 07:04:26] [run_formula] Running formula bob3 with K=27 up to limit 1600
[2025-12-12 07:04:45] [generate_cnf] Generating formula bob3 with K=28
[2025-12-12 07:04:45] [run_formula] Running formula bob3 with K=28 up to limit 1600
[2025-12-12 07:05:15] [generate_cnf] Generating formula bob3 with K=29
[2025-12-12 07:05:15] [run_formula] Running formula bob3 with K=29 up to limit 1600
[2025-12-12 07:06:02] [generate_cnf] Generating formula bob3 with K=30
[2025-12-12 07:06:02] [run_formula] Running formula bob3 with K=30 up to limit 1600
[2025-12-12 07:07:09] [generate_cnf] Generating formula bob3 with K=31
[2025-12-12 07:07:09] [run_formula] Running formula bob3 with K=31 up to limit 1600
[2025-12-12 07:08:24] [generate_cnf] Generating formula bob3 with K=32
[2025-12-12 07:08:24] [run_formula] Running formula bob3 with K=32 up to limit 1600
[2025-12-12 07:10:05] [generate_cnf] Generating formula bob3 with K=33
[2025-12-12 07:10:05] [run_formula] Running formula bob3 with K=33 up to limit 1600
[2025-12-12 07:12:04] [generate_cnf] Generating formula bob3 with K=34
[2025-12-12 07:12:05] [run_formula] Running formula bob3 with K=34 up to limit 1600
[2025-12-12 07:15:06] [generate_cnf] Generating formula bob3 with K=35
[2025-12-12 07:15:06] [run_formula] Running formula bob3 with K=35 up to limit 1600
[2025-12-12 07:19:35] [generate_cnf] Generating formula bob3 with K=36
[2025-12-12 07:19:35] [run_formula] Running formula bob3 with K=36 up to limit 1600
[2025-12-12 07:24:46] [generate_cnf] Generating formula bob3 with K=37
[2025-12-12 07:24:46] [run_formula] Running formula bob3 with K=37 up to limit 1600
[2025-12-12 07:30:53] [generate_cnf] Generating formula bob3 with K=38
[2025-12-12 07:30:53] [run_formula] Running formula bob3 with K=38 up to limit 1600
[2025-12-12 07:36:54] [generate_cnf] Generating formula bob3 with K=39
[2025-12-12 07:36:54] [run_formula] Running formula bob3 with K=39 up to limit 1600
[2025-12-12 07:44:19] [generate_cnf] Generating formula bob3 with K=40
[2025-12-12 07:44:19] [run_formula] Running formula bob3 with K=40 up to limit 1600
[2025-12-12 07:51:43] [generate_cnf] Generating formula bob3 with K=41
[2025-12-12 07:51:43] [run_formula] Running formula bob3 with K=41 up to limit 1600
[2025-12-12 08:02:06] [generate_cnf] Generating formula bob3 with K=42
[2025-12-12 08:02:07] [run_formula] Running formula bob3 with K=42 up to limit 1600
[2025-12-12 08:11:39] [generate_cnf] Generating formula bob3 with K=43
[2025-12-12 08:11:40] [run_formula] Running formula bob3 with K=43 up to limit 1600
[2025-12-12 08:29:47] [run_formula] Error running formula bob3 with K=43: [Errno 122] Disk quota exceeded: './results/solving_logs/bob3//bob3.43.log'
[2025-12-12 08:29:47] [generate_and_run_up_to_limit] Failed to run formula bob3 with K=43, halting
