CNF written.
CNF written.
CNF written.
CNF written.
CNF written.
CNF written.
CNF written.
CNF written.
CNF written.
CNF written.
CNF written.
CNF written.
CNF written.
CNF written.
CNF written.
CNF written.
CNF written.
CNF written.
CNF written.
CNF written.
CNF written.
CNF written.
CNF written.
CNF written.
CNF written.
CNF written.
CNF written.
CNF written.
CNF written.
CNF written.
CNF written.
CNF written.
CNF written.
CNF written.
CNF written.
CNF written.
CNF written.
CNF written.
CNF written.
CNF written.
CNF written.
CNF written.
CNF written.
CNF written.
CNF written.
CNF written.
CNF written.
CNF written.
[2025-12-12 06:57:21] [generate_and_run_up_to_limit] Generating and running bobcohdoptdcd4 with K<=500 up to limit 1600
[2025-12-12 06:57:21] [generate_cnf] Generating formula bobcohdoptdcd4 with K=1
[2025-12-12 06:57:21] [run_formula] Running formula bobcohdoptdcd4 with K=1 up to limit 1600
[2025-12-12 06:57:21] [generate_cnf] Generating formula bobcohdoptdcd4 with K=2
[2025-12-12 06:57:21] [run_formula] Running formula bobcohdoptdcd4 with K=2 up to limit 1600
[2025-12-12 06:57:21] [generate_cnf] Generating formula bobcohdoptdcd4 with K=3
[2025-12-12 06:57:21] [run_formula] Running formula bobcohdoptdcd4 with K=3 up to limit 1600
[2025-12-12 06:57:21] [generate_cnf] Generating formula bobcohdoptdcd4 with K=4
[2025-12-12 06:57:21] [run_formula] Running formula bobcohdoptdcd4 with K=4 up to limit 1600
[2025-12-12 06:57:21] [generate_cnf] Generating formula bobcohdoptdcd4 with K=5
[2025-12-12 06:57:21] [run_formula] Running formula bobcohdoptdcd4 with K=5 up to limit 1600
[2025-12-12 06:57:21] [generate_cnf] Generating formula bobcohdoptdcd4 with K=6
[2025-12-12 06:57:21] [run_formula] Running formula bobcohdoptdcd4 with K=6 up to limit 1600
[2025-12-12 06:57:21] [generate_cnf] Generating formula bobcohdoptdcd4 with K=7
[2025-12-12 06:57:21] [run_formula] Running formula bobcohdoptdcd4 with K=7 up to limit 1600
[2025-12-12 06:57:21] [generate_cnf] Generating formula bobcohdoptdcd4 with K=8
[2025-12-12 06:57:21] [run_formula] Running formula bobcohdoptdcd4 with K=8 up to limit 1600
[2025-12-12 06:57:21] [generate_cnf] Generating formula bobcohdoptdcd4 with K=9
[2025-12-12 06:57:21] [run_formula] Running formula bobcohdoptdcd4 with K=9 up to limit 1600
[2025-12-12 06:57:21] [generate_cnf] Generating formula bobcohdoptdcd4 with K=10
[2025-12-12 06:57:22] [run_formula] Running formula bobcohdoptdcd4 with K=10 up to limit 1600
[2025-12-12 06:57:22] [generate_cnf] Generating formula bobcohdoptdcd4 with K=11
[2025-12-12 06:57:22] [run_formula] Running formula bobcohdoptdcd4 with K=11 up to limit 1600
[2025-12-12 06:57:22] [generate_cnf] Generating formula bobcohdoptdcd4 with K=12
[2025-12-12 06:57:22] [run_formula] Running formula bobcohdoptdcd4 with K=12 up to limit 1600
[2025-12-12 06:57:22] [generate_cnf] Generating formula bobcohdoptdcd4 with K=13
[2025-12-12 06:57:22] [run_formula] Running formula bobcohdoptdcd4 with K=13 up to limit 1600
[2025-12-12 06:57:23] [generate_cnf] Generating formula bobcohdoptdcd4 with K=14
[2025-12-12 06:57:23] [run_formula] Running formula bobcohdoptdcd4 with K=14 up to limit 1600
[2025-12-12 06:57:25] [generate_cnf] Generating formula bobcohdoptdcd4 with K=15
[2025-12-12 06:57:25] [run_formula] Running formula bobcohdoptdcd4 with K=15 up to limit 1600
[2025-12-12 06:57:28] [generate_cnf] Generating formula bobcohdoptdcd4 with K=16
[2025-12-12 06:57:28] [run_formula] Running formula bobcohdoptdcd4 with K=16 up to limit 1600
[2025-12-12 06:57:31] [generate_cnf] Generating formula bobcohdoptdcd4 with K=17
[2025-12-12 06:57:31] [run_formula] Running formula bobcohdoptdcd4 with K=17 up to limit 1600
[2025-12-12 06:57:37] [generate_cnf] Generating formula bobcohdoptdcd4 with K=18
[2025-12-12 06:57:37] [run_formula] Running formula bobcohdoptdcd4 with K=18 up to limit 1600
[2025-12-12 06:57:46] [generate_cnf] Generating formula bobcohdoptdcd4 with K=19
[2025-12-12 06:57:46] [run_formula] Running formula bobcohdoptdcd4 with K=19 up to limit 1600
[2025-12-12 06:58:00] [generate_cnf] Generating formula bobcohdoptdcd4 with K=20
[2025-12-12 06:58:00] [run_formula] Running formula bobcohdoptdcd4 with K=20 up to limit 1600
[2025-12-12 06:58:16] [generate_cnf] Generating formula bobcohdoptdcd4 with K=21
[2025-12-12 06:58:16] [run_formula] Running formula bobcohdoptdcd4 with K=21 up to limit 1600
[2025-12-12 06:58:41] [generate_cnf] Generating formula bobcohdoptdcd4 with K=22
[2025-12-12 06:58:41] [run_formula] Running formula bobcohdoptdcd4 with K=22 up to limit 1600
[2025-12-12 06:59:08] [generate_cnf] Generating formula bobcohdoptdcd4 with K=23
[2025-12-12 06:59:08] [run_formula] Running formula bobcohdoptdcd4 with K=23 up to limit 1600
[2025-12-12 06:59:46] [generate_cnf] Generating formula bobcohdoptdcd4 with K=24
[2025-12-12 06:59:47] [run_formula] Running formula bobcohdoptdcd4 with K=24 up to limit 1600
[2025-12-12 07:00:25] [generate_cnf] Generating formula bobcohdoptdcd4 with K=25
[2025-12-12 07:00:25] [run_formula] Running formula bobcohdoptdcd4 with K=25 up to limit 1600
[2025-12-12 07:01:09] [generate_cnf] Generating formula bobcohdoptdcd4 with K=26
[2025-12-12 07:01:09] [run_formula] Running formula bobcohdoptdcd4 with K=26 up to limit 1600
[2025-12-12 07:02:05] [generate_cnf] Generating formula bobcohdoptdcd4 with K=27
[2025-12-12 07:02:05] [run_formula] Running formula bobcohdoptdcd4 with K=27 up to limit 1600
[2025-12-12 07:03:05] [generate_cnf] Generating formula bobcohdoptdcd4 with K=28
[2025-12-12 07:03:05] [run_formula] Running formula bobcohdoptdcd4 with K=28 up to limit 1600
[2025-12-12 07:04:15] [generate_cnf] Generating formula bobcohdoptdcd4 with K=29
[2025-12-12 07:04:15] [run_formula] Running formula bobcohdoptdcd4 with K=29 up to limit 1600
[2025-12-12 07:05:37] [generate_cnf] Generating formula bobcohdoptdcd4 with K=30
[2025-12-12 07:05:37] [run_formula] Running formula bobcohdoptdcd4 with K=30 up to limit 1600
[2025-12-12 07:07:13] [generate_cnf] Generating formula bobcohdoptdcd4 with K=31
[2025-12-12 07:07:13] [run_formula] Running formula bobcohdoptdcd4 with K=31 up to limit 1600
[2025-12-12 07:10:03] [generate_cnf] Generating formula bobcohdoptdcd4 with K=32
[2025-12-12 07:10:03] [run_formula] Running formula bobcohdoptdcd4 with K=32 up to limit 1600
[2025-12-12 07:12:28] [generate_cnf] Generating formula bobcohdoptdcd4 with K=33
[2025-12-12 07:12:28] [run_formula] Running formula bobcohdoptdcd4 with K=33 up to limit 1600
[2025-12-12 07:15:25] [generate_cnf] Generating formula bobcohdoptdcd4 with K=34
[2025-12-12 07:15:25] [run_formula] Running formula bobcohdoptdcd4 with K=34 up to limit 1600
[2025-12-12 07:18:33] [generate_cnf] Generating formula bobcohdoptdcd4 with K=35
[2025-12-12 07:18:33] [run_formula] Running formula bobcohdoptdcd4 with K=35 up to limit 1600
[2025-12-12 07:21:57] [generate_cnf] Generating formula bobcohdoptdcd4 with K=36
[2025-12-12 07:21:57] [run_formula] Running formula bobcohdoptdcd4 with K=36 up to limit 1600
[2025-12-12 07:25:22] [generate_cnf] Generating formula bobcohdoptdcd4 with K=37
[2025-12-12 07:25:22] [run_formula] Running formula bobcohdoptdcd4 with K=37 up to limit 1600
[2025-12-12 07:28:43] [generate_cnf] Generating formula bobcohdoptdcd4 with K=38
[2025-12-12 07:28:43] [run_formula] Running formula bobcohdoptdcd4 with K=38 up to limit 1600
[2025-12-12 07:33:09] [generate_cnf] Generating formula bobcohdoptdcd4 with K=39
[2025-12-12 07:33:09] [run_formula] Running formula bobcohdoptdcd4 with K=39 up to limit 1600
[2025-12-12 07:37:29] [generate_cnf] Generating formula bobcohdoptdcd4 with K=40
[2025-12-12 07:37:29] [run_formula] Running formula bobcohdoptdcd4 with K=40 up to limit 1600
[2025-12-12 07:42:02] [generate_cnf] Generating formula bobcohdoptdcd4 with K=41
[2025-12-12 07:42:02] [run_formula] Running formula bobcohdoptdcd4 with K=41 up to limit 1600
[2025-12-12 07:46:43] [generate_cnf] Generating formula bobcohdoptdcd4 with K=42
[2025-12-12 07:46:43] [run_formula] Running formula bobcohdoptdcd4 with K=42 up to limit 1600
[2025-12-12 07:51:54] [generate_cnf] Generating formula bobcohdoptdcd4 with K=43
[2025-12-12 07:51:54] [run_formula] Running formula bobcohdoptdcd4 with K=43 up to limit 1600
[2025-12-12 07:57:44] [generate_cnf] Generating formula bobcohdoptdcd4 with K=44
[2025-12-12 07:57:44] [run_formula] Running formula bobcohdoptdcd4 with K=44 up to limit 1600
[2025-12-12 08:03:42] [generate_cnf] Generating formula bobcohdoptdcd4 with K=45
[2025-12-12 08:03:42] [run_formula] Running formula bobcohdoptdcd4 with K=45 up to limit 1600
[2025-12-12 08:10:28] [generate_cnf] Generating formula bobcohdoptdcd4 with K=46
[2025-12-12 08:10:28] [run_formula] Running formula bobcohdoptdcd4 with K=46 up to limit 1600
[2025-12-12 08:18:28] [generate_cnf] Generating formula bobcohdoptdcd4 with K=47
[2025-12-12 08:18:28] [run_formula] Running formula bobcohdoptdcd4 with K=47 up to limit 1600
[2025-12-12 08:26:17] [generate_cnf] Generating formula bobcohdoptdcd4 with K=48
[2025-12-12 08:26:17] [run_formula] Running formula bobcohdoptdcd4 with K=48 up to limit 1600
[2025-12-12 08:35:31] [run_formula] Error running formula bobcohdoptdcd4 with K=48: [Errno 122] Disk quota exceeded: './results/solving_logs/bobcohdoptdcd4//bobcohdoptdcd4.48.log'
[2025-12-12 08:35:31] [generate_and_run_up_to_limit] Failed to run formula bobcohdoptdcd4 with K=48, halting
