CNF written.
CNF written.
CNF written.
CNF written.
CNF written.
CNF written.
CNF written.
CNF written.
CNF written.
CNF written.
CNF written.
CNF written.
CNF written.
CNF written.
CNF written.
CNF written.
CNF written.
CNF written.
CNF written.
CNF written.
CNF written.
CNF written.
CNF written.
CNF written.
CNF written.
CNF written.
CNF written.
CNF written.
CNF written.
CNF written.
CNF written.
CNF written.
CNF written.
CNF written.
CNF written.
CNF written.
CNF written.
CNF written.
CNF written.
CNF written.
CNF written.
CNF written.
CNF written.
CNF written.
CNF written.
CNF written.
[2025-12-12 16:17:20] [generate_and_run_up_to_limit] Generating and running boblivea with K<=500 up to limit 1600
[2025-12-12 16:17:20] [generate_cnf] Generating formula boblivea with K=1
[2025-12-12 16:17:20] [run_formula] Running formula boblivea with K=1 up to limit 1600
[2025-12-12 16:17:20] [generate_cnf] Generating formula boblivea with K=2
[2025-12-12 16:17:20] [run_formula] Running formula boblivea with K=2 up to limit 1600
[2025-12-12 16:17:20] [generate_cnf] Generating formula boblivea with K=3
[2025-12-12 16:17:20] [run_formula] Running formula boblivea with K=3 up to limit 1600
[2025-12-12 16:17:20] [generate_cnf] Generating formula boblivea with K=4
[2025-12-12 16:17:20] [run_formula] Running formula boblivea with K=4 up to limit 1600
[2025-12-12 16:17:20] [generate_cnf] Generating formula boblivea with K=5
[2025-12-12 16:17:20] [run_formula] Running formula boblivea with K=5 up to limit 1600
[2025-12-12 16:17:20] [generate_cnf] Generating formula boblivea with K=6
[2025-12-12 16:17:20] [run_formula] Running formula boblivea with K=6 up to limit 1600
[2025-12-12 16:17:20] [generate_cnf] Generating formula boblivea with K=7
[2025-12-12 16:17:20] [run_formula] Running formula boblivea with K=7 up to limit 1600
[2025-12-12 16:17:20] [generate_cnf] Generating formula boblivea with K=8
[2025-12-12 16:17:20] [run_formula] Running formula boblivea with K=8 up to limit 1600
[2025-12-12 16:17:20] [generate_cnf] Generating formula boblivea with K=9
[2025-12-12 16:17:20] [run_formula] Running formula boblivea with K=9 up to limit 1600
[2025-12-12 16:17:20] [generate_cnf] Generating formula boblivea with K=10
[2025-12-12 16:17:20] [run_formula] Running formula boblivea with K=10 up to limit 1600
[2025-12-12 16:17:20] [generate_cnf] Generating formula boblivea with K=11
[2025-12-12 16:17:20] [run_formula] Running formula boblivea with K=11 up to limit 1600
[2025-12-12 16:17:20] [generate_cnf] Generating formula boblivea with K=12
[2025-12-12 16:17:20] [run_formula] Running formula boblivea with K=12 up to limit 1600
[2025-12-12 16:17:20] [generate_cnf] Generating formula boblivea with K=13
[2025-12-12 16:17:20] [run_formula] Running formula boblivea with K=13 up to limit 1600
[2025-12-12 16:17:20] [generate_cnf] Generating formula boblivea with K=14
[2025-12-12 16:17:20] [run_formula] Running formula boblivea with K=14 up to limit 1600
[2025-12-12 16:17:20] [generate_cnf] Generating formula boblivea with K=15
[2025-12-12 16:17:20] [run_formula] Running formula boblivea with K=15 up to limit 1600
[2025-12-12 16:17:20] [generate_cnf] Generating formula boblivea with K=16
[2025-12-12 16:17:20] [run_formula] Running formula boblivea with K=16 up to limit 1600
[2025-12-12 16:17:20] [generate_cnf] Generating formula boblivea with K=17
[2025-12-12 16:17:20] [run_formula] Running formula boblivea with K=17 up to limit 1600
[2025-12-12 16:17:20] [generate_cnf] Generating formula boblivea with K=18
[2025-12-12 16:17:20] [run_formula] Running formula boblivea with K=18 up to limit 1600
[2025-12-12 16:17:20] [generate_cnf] Generating formula boblivea with K=19
[2025-12-12 16:17:20] [run_formula] Running formula boblivea with K=19 up to limit 1600
[2025-12-12 16:17:20] [generate_cnf] Generating formula boblivea with K=20
[2025-12-12 16:17:20] [run_formula] Running formula boblivea with K=20 up to limit 1600
[2025-12-12 16:17:20] [generate_cnf] Generating formula boblivea with K=21
[2025-12-12 16:17:20] [run_formula] Running formula boblivea with K=21 up to limit 1600
[2025-12-12 16:17:20] [generate_cnf] Generating formula boblivea with K=22
[2025-12-12 16:17:20] [run_formula] Running formula boblivea with K=22 up to limit 1600
[2025-12-12 16:17:20] [generate_cnf] Generating formula boblivea with K=23
[2025-12-12 16:17:20] [run_formula] Running formula boblivea with K=23 up to limit 1600
[2025-12-12 16:17:20] [generate_cnf] Generating formula boblivea with K=24
[2025-12-12 16:17:20] [run_formula] Running formula boblivea with K=24 up to limit 1600
[2025-12-12 16:17:20] [generate_cnf] Generating formula boblivea with K=25
[2025-12-12 16:17:20] [run_formula] Running formula boblivea with K=25 up to limit 1600
[2025-12-12 16:17:20] [generate_cnf] Generating formula boblivea with K=26
[2025-12-12 16:17:20] [run_formula] Running formula boblivea with K=26 up to limit 1600
[2025-12-12 16:17:20] [generate_cnf] Generating formula boblivea with K=27
[2025-12-12 16:17:20] [run_formula] Running formula boblivea with K=27 up to limit 1600
[2025-12-12 16:17:20] [generate_cnf] Generating formula boblivea with K=28
[2025-12-12 16:17:20] [run_formula] Running formula boblivea with K=28 up to limit 1600
[2025-12-12 16:17:20] [generate_cnf] Generating formula boblivea with K=29
[2025-12-12 16:17:20] [run_formula] Running formula boblivea with K=29 up to limit 1600
[2025-12-12 16:17:20] [generate_cnf] Generating formula boblivea with K=30
[2025-12-12 16:17:20] [run_formula] Running formula boblivea with K=30 up to limit 1600
[2025-12-12 16:17:20] [generate_cnf] Generating formula boblivea with K=31
[2025-12-12 16:17:20] [run_formula] Running formula boblivea with K=31 up to limit 1600
[2025-12-12 16:17:20] [generate_cnf] Generating formula boblivea with K=32
[2025-12-12 16:17:20] [run_formula] Running formula boblivea with K=32 up to limit 1600
[2025-12-12 16:17:20] [generate_cnf] Generating formula boblivea with K=33
[2025-12-12 16:17:20] [run_formula] Running formula boblivea with K=33 up to limit 1600
[2025-12-12 16:17:20] [generate_cnf] Generating formula boblivea with K=34
[2025-12-12 16:17:20] [run_formula] Running formula boblivea with K=34 up to limit 1600
[2025-12-12 16:17:20] [generate_cnf] Generating formula boblivea with K=35
[2025-12-12 16:17:20] [run_formula] Running formula boblivea with K=35 up to limit 1600
[2025-12-12 16:17:20] [generate_cnf] Generating formula boblivea with K=36
[2025-12-12 16:17:20] [run_formula] Running formula boblivea with K=36 up to limit 1600
[2025-12-12 16:17:20] [generate_cnf] Generating formula boblivea with K=37
[2025-12-12 16:17:20] [run_formula] Running formula boblivea with K=37 up to limit 1600
[2025-12-12 16:17:20] [generate_cnf] Generating formula boblivea with K=38
[2025-12-12 16:17:20] [run_formula] Running formula boblivea with K=38 up to limit 1600
[2025-12-12 16:17:20] [generate_cnf] Generating formula boblivea with K=39
[2025-12-12 16:17:20] [run_formula] Running formula boblivea with K=39 up to limit 1600
[2025-12-12 16:17:20] [generate_cnf] Generating formula boblivea with K=40
[2025-12-12 16:17:20] [run_formula] Running formula boblivea with K=40 up to limit 1600
[2025-12-12 16:17:20] [generate_cnf] Generating formula boblivea with K=41
[2025-12-12 16:17:20] [run_formula] Running formula boblivea with K=41 up to limit 1600
[2025-12-12 16:17:20] [generate_cnf] Generating formula boblivea with K=42
[2025-12-12 16:17:20] [run_formula] Running formula boblivea with K=42 up to limit 1600
[2025-12-12 16:17:20] [generate_cnf] Generating formula boblivea with K=43
[2025-12-12 16:17:20] [run_formula] Running formula boblivea with K=43 up to limit 1600
[2025-12-12 16:17:20] [generate_cnf] Generating formula boblivea with K=44
[2025-12-12 16:17:20] [run_formula] Running formula boblivea with K=44 up to limit 1600
[2025-12-12 16:17:20] [generate_cnf] Generating formula boblivea with K=45
[2025-12-12 16:17:20] [run_formula] Running formula boblivea with K=45 up to limit 1600
[2025-12-12 16:17:20] [generate_cnf] Generating formula boblivea with K=46
[2025-12-12 16:17:20] [run_formula] Running formula boblivea with K=46 up to limit 1600
[2025-12-12 16:17:20] [generate_cnf] Generating formula boblivea with K=47
[2025-12-12 16:17:20] [run_formula] Running formula boblivea with K=47 up to limit 1600
[2025-12-12 16:17:20] [generate_cnf] Generating formula boblivea with K=48
[2025-12-12 16:17:20] [run_formula] Running formula boblivea with K=48 up to limit 1600
[2025-12-12 16:17:20] [generate_cnf] Generating formula boblivea with K=49
[2025-12-12 16:17:20] [run_formula] Running formula boblivea with K=49 up to limit 1600
[2025-12-12 16:17:20] [generate_cnf] Generating formula boblivea with K=50
[2025-12-12 16:17:20] [run_formula] Running formula boblivea with K=50 up to limit 1600
[2025-12-12 16:17:20] [generate_cnf] Generating formula boblivea with K=51
[2025-12-12 16:17:20] [run_formula] Running formula boblivea with K=51 up to limit 1600
[2025-12-12 16:17:20] [generate_cnf] Generating formula boblivea with K=52
[2025-12-12 16:17:20] [run_formula] Running formula boblivea with K=52 up to limit 1600
[2025-12-12 16:17:20] [generate_cnf] Generating formula boblivea with K=53
[2025-12-12 16:17:20] [run_formula] Running formula boblivea with K=53 up to limit 1600
[2025-12-12 16:17:20] [generate_cnf] Generating formula boblivea with K=54
[2025-12-12 16:17:20] [run_formula] Running formula boblivea with K=54 up to limit 1600
[2025-12-12 16:17:20] [generate_cnf] Generating formula boblivea with K=55
[2025-12-12 16:17:20] [run_formula] Running formula boblivea with K=55 up to limit 1600
[2025-12-12 16:17:20] [generate_cnf] Generating formula boblivea with K=56
[2025-12-12 16:17:20] [run_formula] Running formula boblivea with K=56 up to limit 1600
[2025-12-12 16:17:20] [generate_cnf] Generating formula boblivea with K=57
[2025-12-12 16:17:20] [run_formula] Running formula boblivea with K=57 up to limit 1600
[2025-12-12 16:17:20] [generate_cnf] Generating formula boblivea with K=58
[2025-12-12 16:17:20] [run_formula] Running formula boblivea with K=58 up to limit 1600
[2025-12-12 16:17:20] [generate_cnf] Generating formula boblivea with K=59
[2025-12-12 16:17:20] [run_formula] Running formula boblivea with K=59 up to limit 1600
[2025-12-12 16:17:20] [generate_cnf] Generating formula boblivea with K=60
[2025-12-12 16:17:20] [run_formula] Running formula boblivea with K=60 up to limit 1600
[2025-12-12 16:17:20] [generate_cnf] Generating formula boblivea with K=61
[2025-12-12 16:17:20] [run_formula] Running formula boblivea with K=61 up to limit 1600
[2025-12-12 16:17:20] [generate_cnf] Generating formula boblivea with K=62
[2025-12-12 16:17:20] [run_formula] Running formula boblivea with K=62 up to limit 1600
[2025-12-12 16:17:20] [generate_cnf] Generating formula boblivea with K=63
[2025-12-12 16:17:20] [run_formula] Running formula boblivea with K=63 up to limit 1600
[2025-12-12 16:17:20] [generate_cnf] Generating formula boblivea with K=64
[2025-12-12 16:17:20] [run_formula] Running formula boblivea with K=64 up to limit 1600
[2025-12-12 16:17:20] [generate_cnf] Generating formula boblivea with K=65
[2025-12-12 16:17:20] [run_formula] Running formula boblivea with K=65 up to limit 1600
[2025-12-12 16:17:20] [generate_cnf] Generating formula boblivea with K=66
[2025-12-12 16:17:20] [run_formula] Running formula boblivea with K=66 up to limit 1600
[2025-12-12 16:17:20] [generate_cnf] Generating formula boblivea with K=67
[2025-12-12 16:17:20] [run_formula] Running formula boblivea with K=67 up to limit 1600
[2025-12-12 16:17:20] [generate_cnf] Generating formula boblivea with K=68
[2025-12-12 16:17:20] [run_formula] Running formula boblivea with K=68 up to limit 1600
[2025-12-12 16:17:20] [generate_cnf] Generating formula boblivea with K=69
[2025-12-12 16:17:20] [run_formula] Running formula boblivea with K=69 up to limit 1600
[2025-12-12 16:17:20] [generate_cnf] Generating formula boblivea with K=70
[2025-12-12 16:17:20] [run_formula] Running formula boblivea with K=70 up to limit 1600
[2025-12-12 16:17:20] [generate_cnf] Generating formula boblivea with K=71
[2025-12-12 16:17:20] [run_formula] Running formula boblivea with K=71 up to limit 1600
[2025-12-12 16:17:20] [generate_cnf] Generating formula boblivea with K=72
[2025-12-12 16:17:20] [run_formula] Running formula boblivea with K=72 up to limit 1600
[2025-12-12 16:17:20] [generate_cnf] Generating formula boblivea with K=73
[2025-12-12 16:17:20] [run_formula] Running formula boblivea with K=73 up to limit 1600
[2025-12-12 16:17:20] [generate_cnf] Generating formula boblivea with K=74
[2025-12-12 16:17:20] [run_formula] Running formula boblivea with K=74 up to limit 1600
[2025-12-12 16:17:20] [generate_cnf] Generating formula boblivea with K=75
[2025-12-12 16:17:20] [run_formula] Running formula boblivea with K=75 up to limit 1600
[2025-12-12 16:17:20] [generate_cnf] Generating formula boblivea with K=76
[2025-12-12 16:17:20] [run_formula] Running formula boblivea with K=76 up to limit 1600
[2025-12-12 16:17:20] [generate_cnf] Generating formula boblivea with K=77
[2025-12-12 16:17:20] [run_formula] Running formula boblivea with K=77 up to limit 1600
[2025-12-12 16:17:20] [generate_cnf] Generating formula boblivea with K=78
[2025-12-12 16:17:20] [run_formula] Running formula boblivea with K=78 up to limit 1600
[2025-12-12 16:17:20] [generate_cnf] Generating formula boblivea with K=79
[2025-12-12 16:17:20] [run_formula] Running formula boblivea with K=79 up to limit 1600
[2025-12-12 16:17:20] [generate_cnf] Generating formula boblivea with K=80
[2025-12-12 16:17:20] [run_formula] Running formula boblivea with K=80 up to limit 1600
[2025-12-12 16:17:20] [generate_cnf] Generating formula boblivea with K=81
[2025-12-12 16:17:20] [run_formula] Running formula boblivea with K=81 up to limit 1600
[2025-12-12 16:17:20] [generate_cnf] Generating formula boblivea with K=82
[2025-12-12 16:17:20] [run_formula] Running formula boblivea with K=82 up to limit 1600
[2025-12-12 16:17:20] [generate_cnf] Generating formula boblivea with K=83
[2025-12-12 16:17:20] [run_formula] Running formula boblivea with K=83 up to limit 1600
[2025-12-12 16:17:20] [generate_cnf] Generating formula boblivea with K=84
[2025-12-12 16:17:20] [run_formula] Running formula boblivea with K=84 up to limit 1600
[2025-12-12 16:17:20] [generate_cnf] Generating formula boblivea with K=85
[2025-12-12 16:17:20] [run_formula] Running formula boblivea with K=85 up to limit 1600
[2025-12-12 16:17:20] [generate_cnf] Generating formula boblivea with K=86
[2025-12-12 16:17:20] [run_formula] Running formula boblivea with K=86 up to limit 1600
[2025-12-12 16:17:20] [generate_cnf] Generating formula boblivea with K=87
[2025-12-12 16:17:20] [run_formula] Running formula boblivea with K=87 up to limit 1600
[2025-12-12 16:17:20] [generate_cnf] Generating formula boblivea with K=88
[2025-12-12 16:17:20] [run_formula] Running formula boblivea with K=88 up to limit 1600
[2025-12-12 16:17:20] [generate_cnf] Generating formula boblivea with K=89
[2025-12-12 16:17:20] [run_formula] Running formula boblivea with K=89 up to limit 1600
[2025-12-12 16:17:20] [generate_cnf] Generating formula boblivea with K=90
[2025-12-12 16:17:20] [run_formula] Running formula boblivea with K=90 up to limit 1600
[2025-12-12 16:17:20] [generate_cnf] Generating formula boblivea with K=91
[2025-12-12 16:17:20] [run_formula] Running formula boblivea with K=91 up to limit 1600
[2025-12-12 16:17:20] [generate_cnf] Generating formula boblivea with K=92
[2025-12-12 16:17:20] [run_formula] Running formula boblivea with K=92 up to limit 1600
[2025-12-12 16:17:20] [generate_cnf] Generating formula boblivea with K=93
[2025-12-12 16:17:20] [run_formula] Running formula boblivea with K=93 up to limit 1600
[2025-12-12 16:17:20] [generate_cnf] Generating formula boblivea with K=94
[2025-12-12 16:17:20] [run_formula] Running formula boblivea with K=94 up to limit 1600
[2025-12-12 16:17:20] [generate_cnf] Generating formula boblivea with K=95
[2025-12-12 16:17:20] [run_formula] Running formula boblivea with K=95 up to limit 1600
[2025-12-12 16:17:20] [generate_cnf] Generating formula boblivea with K=96
[2025-12-12 16:17:20] [run_formula] Running formula boblivea with K=96 up to limit 1600
[2025-12-12 16:17:20] [generate_cnf] Generating formula boblivea with K=97
[2025-12-12 16:17:20] [run_formula] Running formula boblivea with K=97 up to limit 1600
[2025-12-12 16:17:20] [generate_cnf] Generating formula boblivea with K=98
[2025-12-12 16:17:20] [run_formula] Running formula boblivea with K=98 up to limit 1600
[2025-12-12 16:17:20] [generate_cnf] Generating formula boblivea with K=99
[2025-12-12 16:17:20] [run_formula] Running formula boblivea with K=99 up to limit 1600
[2025-12-12 16:17:20] [generate_cnf] Generating formula boblivea with K=100
[2025-12-12 16:17:20] [run_formula] Running formula boblivea with K=100 up to limit 1600
[2025-12-12 16:17:20] [generate_cnf] Generating formula boblivea with K=101
[2025-12-12 16:17:20] [run_formula] Running formula boblivea with K=101 up to limit 1600
[2025-12-12 16:17:20] [generate_cnf] Generating formula boblivea with K=102
[2025-12-12 16:17:20] [run_formula] Running formula boblivea with K=102 up to limit 1600
[2025-12-12 16:17:20] [generate_cnf] Generating formula boblivea with K=103
[2025-12-12 16:17:20] [run_formula] Running formula boblivea with K=103 up to limit 1600
[2025-12-12 16:17:20] [generate_cnf] Generating formula boblivea with K=104
[2025-12-12 16:17:20] [run_formula] Running formula boblivea with K=104 up to limit 1600
[2025-12-12 16:17:20] [generate_cnf] Generating formula boblivea with K=105
[2025-12-12 16:17:20] [run_formula] Running formula boblivea with K=105 up to limit 1600
[2025-12-12 16:17:20] [generate_cnf] Generating formula boblivea with K=106
[2025-12-12 16:17:20] [run_formula] Running formula boblivea with K=106 up to limit 1600
[2025-12-12 16:17:20] [generate_cnf] Generating formula boblivea with K=107
[2025-12-12 16:17:20] [run_formula] Running formula boblivea with K=107 up to limit 1600
[2025-12-12 16:17:20] [generate_cnf] Generating formula boblivea with K=108
[2025-12-12 16:17:20] [run_formula] Running formula boblivea with K=108 up to limit 1600
[2025-12-12 16:17:20] [generate_cnf] Generating formula boblivea with K=109
[2025-12-12 16:17:20] [run_formula] Running formula boblivea with K=109 up to limit 1600
[2025-12-12 16:17:20] [generate_cnf] Generating formula boblivea with K=110
[2025-12-12 16:17:20] [run_formula] Running formula boblivea with K=110 up to limit 1600
[2025-12-12 16:17:20] [generate_cnf] Generating formula boblivea with K=111
[2025-12-12 16:17:20] [run_formula] Running formula boblivea with K=111 up to limit 1600
[2025-12-12 16:17:20] [generate_cnf] Generating formula boblivea with K=112
[2025-12-12 16:17:20] [run_formula] Running formula boblivea with K=112 up to limit 1600
[2025-12-12 16:17:20] [generate_cnf] Generating formula boblivea with K=113
[2025-12-12 16:17:20] [run_formula] Running formula boblivea with K=113 up to limit 1600
[2025-12-12 16:17:20] [generate_cnf] Generating formula boblivea with K=114
[2025-12-12 16:17:20] [run_formula] Running formula boblivea with K=114 up to limit 1600
[2025-12-12 16:17:20] [generate_cnf] Generating formula boblivea with K=115
[2025-12-12 16:17:20] [run_formula] Running formula boblivea with K=115 up to limit 1600
[2025-12-12 16:17:20] [generate_cnf] Generating formula boblivea with K=116
[2025-12-12 16:17:20] [run_formula] Running formula boblivea with K=116 up to limit 1600
[2025-12-12 16:17:20] [generate_cnf] Generating formula boblivea with K=117
[2025-12-12 16:17:20] [run_formula] Running formula boblivea with K=117 up to limit 1600
[2025-12-12 16:17:20] [generate_cnf] Generating formula boblivea with K=118
[2025-12-12 16:17:20] [run_formula] Running formula boblivea with K=118 up to limit 1600
[2025-12-12 16:17:20] [generate_cnf] Generating formula boblivea with K=119
[2025-12-12 16:17:20] [run_formula] Running formula boblivea with K=119 up to limit 1600
[2025-12-12 16:17:20] [generate_cnf] Generating formula boblivea with K=120
[2025-12-12 16:17:21] [run_formula] Running formula boblivea with K=120 up to limit 1600
[2025-12-12 16:17:21] [generate_cnf] Generating formula boblivea with K=121
[2025-12-12 16:17:21] [run_formula] Running formula boblivea with K=121 up to limit 1600
[2025-12-12 16:17:21] [generate_cnf] Generating formula boblivea with K=122
[2025-12-12 16:17:21] [run_formula] Running formula boblivea with K=122 up to limit 1600
[2025-12-12 16:17:21] [generate_cnf] Generating formula boblivea with K=123
[2025-12-12 16:17:21] [run_formula] Running formula boblivea with K=123 up to limit 1600
[2025-12-12 16:17:21] [generate_cnf] Generating formula boblivea with K=124
[2025-12-12 16:17:21] [run_formula] Running formula boblivea with K=124 up to limit 1600
[2025-12-12 16:17:21] [generate_cnf] Generating formula boblivea with K=125
[2025-12-12 16:17:21] [run_formula] Running formula boblivea with K=125 up to limit 1600
[2025-12-12 16:17:21] [generate_cnf] Generating formula boblivea with K=126
[2025-12-12 16:17:21] [run_formula] Running formula boblivea with K=126 up to limit 1600
[2025-12-12 16:17:21] [generate_cnf] Generating formula boblivea with K=127
[2025-12-12 16:17:21] [run_formula] Running formula boblivea with K=127 up to limit 1600
[2025-12-12 16:17:21] [generate_cnf] Generating formula boblivea with K=128
[2025-12-12 16:17:21] [run_formula] Running formula boblivea with K=128 up to limit 1600
[2025-12-12 16:17:21] [generate_cnf] Generating formula boblivea with K=129
[2025-12-12 16:17:21] [run_formula] Running formula boblivea with K=129 up to limit 1600
[2025-12-12 16:17:21] [generate_cnf] Generating formula boblivea with K=130
[2025-12-12 16:17:21] [run_formula] Running formula boblivea with K=130 up to limit 1600
[2025-12-12 16:17:21] [generate_cnf] Generating formula boblivea with K=131
[2025-12-12 16:17:21] [run_formula] Running formula boblivea with K=131 up to limit 1600
[2025-12-12 16:17:21] [generate_cnf] Generating formula boblivea with K=132
[2025-12-12 16:17:21] [run_formula] Running formula boblivea with K=132 up to limit 1600
[2025-12-12 16:17:21] [generate_cnf] Generating formula boblivea with K=133
[2025-12-12 16:17:21] [run_formula] Running formula boblivea with K=133 up to limit 1600
[2025-12-12 16:17:21] [generate_cnf] Generating formula boblivea with K=134
[2025-12-12 16:17:21] [run_formula] Running formula boblivea with K=134 up to limit 1600
[2025-12-12 16:17:21] [generate_cnf] Generating formula boblivea with K=135
[2025-12-12 16:17:21] [run_formula] Running formula boblivea with K=135 up to limit 1600
[2025-12-12 16:17:21] [generate_cnf] Generating formula boblivea with K=136
[2025-12-12 16:17:21] [run_formula] Running formula boblivea with K=136 up to limit 1600
[2025-12-12 16:17:21] [generate_cnf] Generating formula boblivea with K=137
[2025-12-12 16:17:21] [run_formula] Running formula boblivea with K=137 up to limit 1600
[2025-12-12 16:17:21] [generate_cnf] Generating formula boblivea with K=138
[2025-12-12 16:17:21] [run_formula] Running formula boblivea with K=138 up to limit 1600
[2025-12-12 16:17:21] [generate_cnf] Generating formula boblivea with K=139
[2025-12-12 16:17:21] [run_formula] Running formula boblivea with K=139 up to limit 1600
[2025-12-12 16:17:21] [generate_cnf] Generating formula boblivea with K=140
[2025-12-12 16:17:21] [run_formula] Running formula boblivea with K=140 up to limit 1600
[2025-12-12 16:17:21] [generate_cnf] Generating formula boblivea with K=141
[2025-12-12 16:17:21] [run_formula] Running formula boblivea with K=141 up to limit 1600
[2025-12-12 16:17:21] [generate_cnf] Generating formula boblivea with K=142
[2025-12-12 16:17:21] [run_formula] Running formula boblivea with K=142 up to limit 1600
[2025-12-12 16:17:21] [generate_cnf] Generating formula boblivea with K=143
[2025-12-12 16:17:21] [run_formula] Running formula boblivea with K=143 up to limit 1600
[2025-12-12 16:17:21] [generate_cnf] Generating formula boblivea with K=144
[2025-12-12 16:17:21] [run_formula] Running formula boblivea with K=144 up to limit 1600
[2025-12-12 16:17:21] [generate_cnf] Generating formula boblivea with K=145
[2025-12-12 16:17:21] [run_formula] Running formula boblivea with K=145 up to limit 1600
[2025-12-12 16:17:21] [generate_cnf] Generating formula boblivea with K=146
[2025-12-12 16:17:21] [run_formula] Running formula boblivea with K=146 up to limit 1600
[2025-12-12 16:17:21] [generate_cnf] Generating formula boblivea with K=147
[2025-12-12 16:17:21] [run_formula] Running formula boblivea with K=147 up to limit 1600
[2025-12-12 16:17:21] [generate_cnf] Generating formula boblivea with K=148
[2025-12-12 16:17:21] [run_formula] Running formula boblivea with K=148 up to limit 1600
[2025-12-12 16:17:21] [generate_cnf] Generating formula boblivea with K=149
[2025-12-12 16:17:21] [run_formula] Running formula boblivea with K=149 up to limit 1600
[2025-12-12 16:17:21] [generate_cnf] Generating formula boblivea with K=150
[2025-12-12 16:17:21] [run_formula] Running formula boblivea with K=150 up to limit 1600
[2025-12-12 16:17:21] [generate_cnf] Generating formula boblivea with K=151
[2025-12-12 16:17:21] [run_formula] Running formula boblivea with K=151 up to limit 1600
[2025-12-12 16:17:21] [generate_cnf] Generating formula boblivea with K=152
[2025-12-12 16:17:21] [run_formula] Running formula boblivea with K=152 up to limit 1600
[2025-12-12 16:17:21] [generate_cnf] Generating formula boblivea with K=153
[2025-12-12 16:17:21] [run_formula] Running formula boblivea with K=153 up to limit 1600
[2025-12-12 16:17:21] [generate_cnf] Generating formula boblivea with K=154
[2025-12-12 16:17:21] [run_formula] Running formula boblivea with K=154 up to limit 1600
[2025-12-12 16:17:21] [generate_cnf] Generating formula boblivea with K=155
[2025-12-12 16:17:21] [run_formula] Running formula boblivea with K=155 up to limit 1600
[2025-12-12 16:17:21] [generate_cnf] Generating formula boblivea with K=156
[2025-12-12 16:17:21] [run_formula] Running formula boblivea with K=156 up to limit 1600
[2025-12-12 16:17:21] [generate_cnf] Generating formula boblivea with K=157
[2025-12-12 16:17:21] [run_formula] Running formula boblivea with K=157 up to limit 1600
[2025-12-12 16:17:21] [generate_cnf] Generating formula boblivea with K=158
[2025-12-12 16:17:21] [run_formula] Running formula boblivea with K=158 up to limit 1600
[2025-12-12 16:17:21] [generate_cnf] Generating formula boblivea with K=159
[2025-12-12 16:17:21] [run_formula] Running formula boblivea with K=159 up to limit 1600
[2025-12-12 16:17:21] [generate_cnf] Generating formula boblivea with K=160
[2025-12-12 16:17:21] [run_formula] Running formula boblivea with K=160 up to limit 1600
[2025-12-12 16:17:21] [generate_cnf] Generating formula boblivea with K=161
[2025-12-12 16:17:21] [run_formula] Running formula boblivea with K=161 up to limit 1600
[2025-12-12 16:17:21] [generate_cnf] Generating formula boblivea with K=162
[2025-12-12 16:17:21] [run_formula] Running formula boblivea with K=162 up to limit 1600
[2025-12-12 16:17:21] [generate_cnf] Generating formula boblivea with K=163
[2025-12-12 16:17:21] [run_formula] Running formula boblivea with K=163 up to limit 1600
[2025-12-12 16:17:21] [generate_cnf] Generating formula boblivea with K=164
[2025-12-12 16:17:21] [run_formula] Running formula boblivea with K=164 up to limit 1600
[2025-12-12 16:17:21] [generate_cnf] Generating formula boblivea with K=165
[2025-12-12 16:17:21] [run_formula] Running formula boblivea with K=165 up to limit 1600
[2025-12-12 16:17:21] [generate_cnf] Generating formula boblivea with K=166
[2025-12-12 16:17:21] [run_formula] Running formula boblivea with K=166 up to limit 1600
[2025-12-12 16:17:21] [generate_cnf] Generating formula boblivea with K=167
[2025-12-12 16:17:21] [run_formula] Running formula boblivea with K=167 up to limit 1600
[2025-12-12 16:17:21] [generate_cnf] Generating formula boblivea with K=168
[2025-12-12 16:17:21] [run_formula] Running formula boblivea with K=168 up to limit 1600
[2025-12-12 16:17:21] [generate_cnf] Generating formula boblivea with K=169
[2025-12-12 16:17:21] [run_formula] Running formula boblivea with K=169 up to limit 1600
[2025-12-12 16:17:21] [generate_cnf] Generating formula boblivea with K=170
[2025-12-12 16:17:21] [run_formula] Running formula boblivea with K=170 up to limit 1600
[2025-12-12 16:17:21] [generate_cnf] Generating formula boblivea with K=171
[2025-12-12 16:17:21] [run_formula] Running formula boblivea with K=171 up to limit 1600
[2025-12-12 16:17:21] [generate_cnf] Generating formula boblivea with K=172
[2025-12-12 16:17:21] [run_formula] Running formula boblivea with K=172 up to limit 1600
[2025-12-12 16:17:21] [generate_cnf] Generating formula boblivea with K=173
[2025-12-12 16:17:21] [run_formula] Running formula boblivea with K=173 up to limit 1600
[2025-12-12 16:17:21] [generate_cnf] Generating formula boblivea with K=174
[2025-12-12 16:17:21] [run_formula] Running formula boblivea with K=174 up to limit 1600
[2025-12-12 16:17:21] [generate_cnf] Generating formula boblivea with K=175
[2025-12-12 16:17:21] [run_formula] Running formula boblivea with K=175 up to limit 1600
[2025-12-12 16:17:21] [generate_cnf] Generating formula boblivea with K=176
[2025-12-12 16:17:21] [run_formula] Running formula boblivea with K=176 up to limit 1600
[2025-12-12 16:17:21] [generate_cnf] Generating formula boblivea with K=177
[2025-12-12 16:17:21] [run_formula] Running formula boblivea with K=177 up to limit 1600
[2025-12-12 16:17:21] [generate_cnf] Generating formula boblivea with K=178
[2025-12-12 16:17:21] [run_formula] Running formula boblivea with K=178 up to limit 1600
[2025-12-12 16:17:21] [generate_cnf] Generating formula boblivea with K=179
[2025-12-12 16:17:21] [run_formula] Running formula boblivea with K=179 up to limit 1600
[2025-12-12 16:17:21] [generate_cnf] Generating formula boblivea with K=180
[2025-12-12 16:17:21] [run_formula] Running formula boblivea with K=180 up to limit 1600
[2025-12-12 16:17:21] [generate_cnf] Generating formula boblivea with K=181
[2025-12-12 16:17:21] [run_formula] Running formula boblivea with K=181 up to limit 1600
[2025-12-12 16:17:21] [generate_cnf] Generating formula boblivea with K=182
[2025-12-12 16:17:21] [run_formula] Running formula boblivea with K=182 up to limit 1600
[2025-12-12 16:17:21] [generate_cnf] Generating formula boblivea with K=183
[2025-12-12 16:17:21] [run_formula] Running formula boblivea with K=183 up to limit 1600
[2025-12-12 16:17:21] [generate_cnf] Generating formula boblivea with K=184
[2025-12-12 16:17:21] [run_formula] Running formula boblivea with K=184 up to limit 1600
[2025-12-12 16:17:21] [generate_cnf] Generating formula boblivea with K=185
[2025-12-12 16:17:21] [run_formula] Running formula boblivea with K=185 up to limit 1600
[2025-12-12 16:17:21] [generate_cnf] Generating formula boblivea with K=186
[2025-12-12 16:17:21] [run_formula] Running formula boblivea with K=186 up to limit 1600
[2025-12-12 16:17:21] [generate_cnf] Generating formula boblivea with K=187
[2025-12-12 16:17:21] [run_formula] Running formula boblivea with K=187 up to limit 1600
[2025-12-12 16:17:21] [generate_cnf] Generating formula boblivea with K=188
[2025-12-12 16:17:21] [run_formula] Running formula boblivea with K=188 up to limit 1600
[2025-12-12 16:17:21] [generate_cnf] Generating formula boblivea with K=189
[2025-12-12 16:17:21] [run_formula] Running formula boblivea with K=189 up to limit 1600
[2025-12-12 16:17:21] [generate_cnf] Generating formula boblivea with K=190
[2025-12-12 16:17:21] [run_formula] Running formula boblivea with K=190 up to limit 1600
[2025-12-12 16:17:21] [generate_cnf] Generating formula boblivea with K=191
[2025-12-12 16:17:21] [run_formula] Running formula boblivea with K=191 up to limit 1600
[2025-12-12 16:17:21] [generate_cnf] Generating formula boblivea with K=192
[2025-12-12 16:17:21] [run_formula] Running formula boblivea with K=192 up to limit 1600
[2025-12-12 16:17:21] [generate_cnf] Generating formula boblivea with K=193
[2025-12-12 16:17:21] [run_formula] Running formula boblivea with K=193 up to limit 1600
[2025-12-12 16:18:52] [generate_cnf] Generating formula boblivea with K=194
[2025-12-12 16:18:52] [run_formula] Running formula boblivea with K=194 up to limit 1600
[2025-12-12 16:20:31] [generate_cnf] Generating formula boblivea with K=195
[2025-12-12 16:20:31] [run_formula] Running formula boblivea with K=195 up to limit 1600
[2025-12-12 16:22:04] [generate_cnf] Generating formula boblivea with K=196
[2025-12-12 16:22:04] [run_formula] Running formula boblivea with K=196 up to limit 1600
[2025-12-12 16:23:39] [generate_cnf] Generating formula boblivea with K=197
[2025-12-12 16:23:39] [run_formula] Running formula boblivea with K=197 up to limit 1600
[2025-12-12 16:25:18] [generate_cnf] Generating formula boblivea with K=198
[2025-12-12 16:25:18] [run_formula] Running formula boblivea with K=198 up to limit 1600
[2025-12-12 16:26:49] [generate_cnf] Generating formula boblivea with K=199
[2025-12-12 16:26:49] [run_formula] Running formula boblivea with K=199 up to limit 1600
[2025-12-12 16:28:31] [generate_cnf] Generating formula boblivea with K=200
[2025-12-12 16:28:31] [run_formula] Running formula boblivea with K=200 up to limit 1600
[2025-12-12 16:30:24] [generate_cnf] Generating formula boblivea with K=201
[2025-12-12 16:30:25] [run_formula] Running formula boblivea with K=201 up to limit 1600
[2025-12-12 16:32:07] [generate_cnf] Generating formula boblivea with K=202
[2025-12-12 16:32:08] [run_formula] Running formula boblivea with K=202 up to limit 1600
[2025-12-12 16:33:33] [generate_cnf] Generating formula boblivea with K=203
[2025-12-12 16:33:33] [run_formula] Running formula boblivea with K=203 up to limit 1600
[2025-12-12 16:35:22] [generate_cnf] Generating formula boblivea with K=204
[2025-12-12 16:35:23] [run_formula] Running formula boblivea with K=204 up to limit 1600
[2025-12-12 16:37:14] [generate_cnf] Generating formula boblivea with K=205
[2025-12-12 16:37:14] [run_formula] Running formula boblivea with K=205 up to limit 1600
[2025-12-12 16:39:12] [generate_cnf] Generating formula boblivea with K=206
[2025-12-12 16:39:12] [run_formula] Running formula boblivea with K=206 up to limit 1600
[2025-12-12 16:41:21] [generate_cnf] Generating formula boblivea with K=207
[2025-12-12 16:41:21] [run_formula] Running formula boblivea with K=207 up to limit 1600
[2025-12-12 16:43:14] [generate_cnf] Generating formula boblivea with K=208
[2025-12-12 16:43:14] [run_formula] Running formula boblivea with K=208 up to limit 1600
[2025-12-12 16:44:51] [generate_cnf] Generating formula boblivea with K=209
[2025-12-12 16:44:51] [run_formula] Running formula boblivea with K=209 up to limit 1600
[2025-12-12 16:47:24] [generate_cnf] Generating formula boblivea with K=210
[2025-12-12 16:47:25] [run_formula] Running formula boblivea with K=210 up to limit 1600
[2025-12-12 16:49:25] [generate_cnf] Generating formula boblivea with K=211
[2025-12-12 16:49:25] [run_formula] Running formula boblivea with K=211 up to limit 1600
[2025-12-12 16:51:40] [generate_cnf] Generating formula boblivea with K=212
[2025-12-12 16:51:41] [run_formula] Running formula boblivea with K=212 up to limit 1600
[2025-12-12 16:53:21] [generate_cnf] Generating formula boblivea with K=213
[2025-12-12 16:53:21] [run_formula] Running formula boblivea with K=213 up to limit 1600
[2025-12-12 16:55:13] [generate_cnf] Generating formula boblivea with K=214
[2025-12-12 16:55:14] [run_formula] Running formula boblivea with K=214 up to limit 1600
[2025-12-12 16:57:30] [generate_cnf] Generating formula boblivea with K=215
[2025-12-12 16:57:30] [run_formula] Running formula boblivea with K=215 up to limit 1600
[2025-12-12 16:59:35] [generate_cnf] Generating formula boblivea with K=216
[2025-12-12 16:59:35] [run_formula] Running formula boblivea with K=216 up to limit 1600
[2025-12-12 17:01:22] [generate_cnf] Generating formula boblivea with K=217
[2025-12-12 17:01:22] [run_formula] Running formula boblivea with K=217 up to limit 1600
[2025-12-12 17:03:23] [generate_cnf] Generating formula boblivea with K=218
[2025-12-12 17:03:23] [run_formula] Running formula boblivea with K=218 up to limit 1600
[2025-12-12 17:05:17] [generate_cnf] Generating formula boblivea with K=219
[2025-12-12 17:05:18] [run_formula] Running formula boblivea with K=219 up to limit 1600
[2025-12-12 17:07:31] [generate_cnf] Generating formula boblivea with K=220
[2025-12-12 17:07:31] [run_formula] Running formula boblivea with K=220 up to limit 1600
[2025-12-12 17:09:42] [generate_cnf] Generating formula boblivea with K=221
[2025-12-12 17:09:42] [run_formula] Running formula boblivea with K=221 up to limit 1600
[2025-12-12 17:11:53] [generate_cnf] Generating formula boblivea with K=222
[2025-12-12 17:11:54] [run_formula] Running formula boblivea with K=222 up to limit 1600
[2025-12-12 17:13:56] [generate_cnf] Generating formula boblivea with K=223
[2025-12-12 17:13:56] [run_formula] Running formula boblivea with K=223 up to limit 1600
[2025-12-12 17:16:50] [generate_cnf] Generating formula boblivea with K=224
[2025-12-12 17:16:51] [run_formula] Running formula boblivea with K=224 up to limit 1600
[2025-12-12 17:18:38] [generate_cnf] Generating formula boblivea with K=225
[2025-12-12 17:18:39] [run_formula] Running formula boblivea with K=225 up to limit 1600
[2025-12-12 17:21:26] [generate_cnf] Generating formula boblivea with K=226
[2025-12-12 17:21:27] [run_formula] Running formula boblivea with K=226 up to limit 1600
[2025-12-12 17:23:03] [generate_cnf] Generating formula boblivea with K=227
[2025-12-12 17:23:03] [run_formula] Running formula boblivea with K=227 up to limit 1600
[2025-12-12 17:25:45] [generate_cnf] Generating formula boblivea with K=228
[2025-12-12 17:25:46] [run_formula] Running formula boblivea with K=228 up to limit 1600
[2025-12-12 17:27:32] [generate_cnf] Generating formula boblivea with K=229
[2025-12-12 17:27:32] [run_formula] Running formula boblivea with K=229 up to limit 1600
[2025-12-12 17:29:10] [generate_cnf] Generating formula boblivea with K=230
[2025-12-12 17:29:11] [run_formula] Running formula boblivea with K=230 up to limit 1600
[2025-12-12 17:31:58] [generate_cnf] Generating formula boblivea with K=231
[2025-12-12 17:31:59] [run_formula] Running formula boblivea with K=231 up to limit 1600
[2025-12-12 17:34:40] [generate_cnf] Generating formula boblivea with K=232
[2025-12-12 17:34:41] [run_formula] Running formula boblivea with K=232 up to limit 1600
[2025-12-12 17:36:41] [generate_cnf] Generating formula boblivea with K=233
[2025-12-12 17:36:41] [run_formula] Running formula boblivea with K=233 up to limit 1600
[2025-12-12 17:39:54] [generate_cnf] Generating formula boblivea with K=234
[2025-12-12 17:39:54] [run_formula] Running formula boblivea with K=234 up to limit 1600
[2025-12-12 17:42:17] [generate_cnf] Generating formula boblivea with K=235
[2025-12-12 17:42:18] [run_formula] Running formula boblivea with K=235 up to limit 1600
[2025-12-12 17:45:35] [generate_cnf] Generating formula boblivea with K=236
[2025-12-12 17:45:35] [run_formula] Running formula boblivea with K=236 up to limit 1600
[2025-12-12 17:48:07] [generate_cnf] Generating formula boblivea with K=237
[2025-12-12 17:48:07] [run_formula] Running formula boblivea with K=237 up to limit 1600
[2025-12-12 17:51:09] [generate_cnf] Generating formula boblivea with K=238
[2025-12-12 17:51:10] [run_formula] Running formula boblivea with K=238 up to limit 1600
[2025-12-12 17:53:04] [generate_cnf] Generating formula boblivea with K=239
[2025-12-12 17:53:04] [run_formula] Running formula boblivea with K=239 up to limit 1600
[2025-12-12 17:56:22] [run_formula] Error running formula boblivea with K=239: [Errno 122] Disk quota exceeded
[2025-12-12 17:56:22] [generate_and_run_up_to_limit] Failed to run formula boblivea with K=239, halting
