CNF written.
CNF written.
CNF written.
CNF written.
CNF written.
CNF written.
CNF written.
CNF written.
CNF written.
CNF written.
CNF written.
CNF written.
CNF written.
CNF written.
CNF written.
CNF written.
CNF written.
CNF written.
CNF written.
CNF written.
CNF written.
CNF written.
CNF written.
CNF written.
CNF written.
CNF written.
CNF written.
CNF written.
CNF written.
CNF written.
CNF written.
CNF written.
CNF written.
CNF written.
CNF written.
CNF written.
CNF written.
CNF written.
CNF written.
CNF written.
CNF written.
CNF written.
CNF written.
CNF written.
CNF written.
CNF written.
CNF written.
CNF written.
CNF written.
CNF written.
CNF written.
CNF written.
CNF written.
CNF written.
CNF written.
CNF written.
CNF written.
CNF written.
CNF written.
CNF written.
CNF written.
CNF written.
CNF written.
CNF written.
CNF written.
CNF written.
CNF written.
CNF written.
CNF written.
CNF written.
CNF written.
CNF written.
CNF written.
CNF written.
CNF written.
CNF written.
CNF written.
CNF written.
CNF written.
CNF written.
CNF written.
CNF written.
CNF written.
CNF written.
CNF written.
CNF written.
CNF written.
CNF written.
CNF written.
CNF written.
CNF written.
CNF written.
CNF written.
CNF written.
CNF written.
CNF written.
CNF written.
CNF written.
CNF written.
CNF written.
CNF written.
CNF written.
CNF written.
CNF written.
CNF written.
CNF written.
CNF written.
CNF written.
CNF written.
CNF written.
CNF written.
CNF written.
CNF written.
CNF written.
CNF written.
CNF written.
CNF written.
CNF written.
CNF written.
CNF written.
CNF written.
CNF written.
CNF written.
CNF written.
CNF written.
CNF written.
CNF written.
CNF written.
CNF written.
CNF written.
CNF written.
CNF written.
CNF written.
CNF written.
CNF written.
CNF written.
CNF written.
CNF written.
CNF written.
CNF written.
CNF written.
CNF written.
CNF written.
CNF written.
CNF written.
CNF written.
CNF written.
CNF written.
CNF written.
CNF written.
CNF written.
CNF written.
CNF written.
CNF written.
CNF written.
CNF written.
CNF written.
CNF written.
CNF written.
CNF written.
CNF written.
CNF written.
CNF written.
CNF written.
CNF written.
CNF written.
CNF written.
CNF written.
CNF written.
CNF written.
CNF written.
CNF written.
CNF written.
CNF written.
CNF written.
CNF written.
CNF written.
CNF written.
CNF written.
CNF written.
CNF written.
CNF written.
CNF written.
CNF written.
CNF written.
CNF written.
CNF written.
CNF written.
CNF written.
CNF written.
CNF written.
CNF written.
CNF written.
CNF written.
CNF written.
CNF written.
CNF written.
CNF written.
CNF written.
CNF written.
CNF written.
CNF written.
CNF written.
CNF written.
CNF written.
CNF written.
CNF written.
CNF written.
CNF written.
CNF written.
CNF written.
CNF written.
CNF written.
CNF written.
CNF written.
CNF written.
CNF written.
CNF written.
CNF written.
CNF written.
CNF written.
CNF written.
CNF written.
CNF written.
CNF written.
CNF written.
CNF written.
CNF written.
CNF written.
CNF written.
CNF written.
CNF written.
CNF written.
CNF written.
CNF written.
[2025-12-12 07:17:01] [generate_and_run_up_to_limit] Generating and running bobsynth09neg with K<=500 up to limit 1600
[2025-12-12 07:17:01] [generate_cnf] Generating formula bobsynth09neg with K=1
[2025-12-12 07:17:02] [run_formula] Running formula bobsynth09neg with K=1 up to limit 1600
[2025-12-12 07:17:02] [generate_cnf] Generating formula bobsynth09neg with K=2
[2025-12-12 07:17:02] [run_formula] Running formula bobsynth09neg with K=2 up to limit 1600
[2025-12-12 07:17:02] [generate_cnf] Generating formula bobsynth09neg with K=3
[2025-12-12 07:17:03] [run_formula] Running formula bobsynth09neg with K=3 up to limit 1600
[2025-12-12 07:17:03] [generate_cnf] Generating formula bobsynth09neg with K=4
[2025-12-12 07:17:04] [run_formula] Running formula bobsynth09neg with K=4 up to limit 1600
[2025-12-12 07:17:04] [generate_cnf] Generating formula bobsynth09neg with K=5
[2025-12-12 07:17:04] [run_formula] Running formula bobsynth09neg with K=5 up to limit 1600
[2025-12-12 07:17:05] [generate_cnf] Generating formula bobsynth09neg with K=6
[2025-12-12 07:17:05] [run_formula] Running formula bobsynth09neg with K=6 up to limit 1600
[2025-12-12 07:17:05] [generate_cnf] Generating formula bobsynth09neg with K=7
[2025-12-12 07:17:06] [run_formula] Running formula bobsynth09neg with K=7 up to limit 1600
[2025-12-12 07:17:06] [generate_cnf] Generating formula bobsynth09neg with K=8
[2025-12-12 07:17:07] [run_formula] Running formula bobsynth09neg with K=8 up to limit 1600
[2025-12-12 07:17:07] [generate_cnf] Generating formula bobsynth09neg with K=9
[2025-12-12 07:17:07] [run_formula] Running formula bobsynth09neg with K=9 up to limit 1600
[2025-12-12 07:17:07] [generate_cnf] Generating formula bobsynth09neg with K=10
[2025-12-12 07:17:08] [run_formula] Running formula bobsynth09neg with K=10 up to limit 1600
[2025-12-12 07:17:08] [generate_cnf] Generating formula bobsynth09neg with K=11
[2025-12-12 07:17:09] [run_formula] Running formula bobsynth09neg with K=11 up to limit 1600
[2025-12-12 07:17:09] [generate_cnf] Generating formula bobsynth09neg with K=12
[2025-12-12 07:17:10] [run_formula] Running formula bobsynth09neg with K=12 up to limit 1600
[2025-12-12 07:17:10] [generate_cnf] Generating formula bobsynth09neg with K=13
[2025-12-12 07:17:10] [run_formula] Running formula bobsynth09neg with K=13 up to limit 1600
[2025-12-12 07:17:11] [generate_cnf] Generating formula bobsynth09neg with K=14
[2025-12-12 07:17:11] [run_formula] Running formula bobsynth09neg with K=14 up to limit 1600
[2025-12-12 07:17:12] [generate_cnf] Generating formula bobsynth09neg with K=15
[2025-12-12 07:17:13] [run_formula] Running formula bobsynth09neg with K=15 up to limit 1600
[2025-12-12 07:17:13] [generate_cnf] Generating formula bobsynth09neg with K=16
[2025-12-12 07:17:14] [run_formula] Running formula bobsynth09neg with K=16 up to limit 1600
[2025-12-12 07:17:15] [generate_cnf] Generating formula bobsynth09neg with K=17
[2025-12-12 07:17:16] [run_formula] Running formula bobsynth09neg with K=17 up to limit 1600
[2025-12-12 07:17:16] [generate_cnf] Generating formula bobsynth09neg with K=18
[2025-12-12 07:17:17] [run_formula] Running formula bobsynth09neg with K=18 up to limit 1600
[2025-12-12 07:17:17] [generate_cnf] Generating formula bobsynth09neg with K=19
[2025-12-12 07:17:18] [run_formula] Running formula bobsynth09neg with K=19 up to limit 1600
[2025-12-12 07:17:19] [generate_cnf] Generating formula bobsynth09neg with K=20
[2025-12-12 07:17:20] [run_formula] Running formula bobsynth09neg with K=20 up to limit 1600
[2025-12-12 07:17:21] [generate_cnf] Generating formula bobsynth09neg with K=21
[2025-12-12 07:17:22] [run_formula] Running formula bobsynth09neg with K=21 up to limit 1600
[2025-12-12 07:17:22] [generate_cnf] Generating formula bobsynth09neg with K=22
[2025-12-12 07:17:24] [run_formula] Running formula bobsynth09neg with K=22 up to limit 1600
[2025-12-12 07:17:24] [generate_cnf] Generating formula bobsynth09neg with K=23
[2025-12-12 07:17:25] [run_formula] Running formula bobsynth09neg with K=23 up to limit 1600
[2025-12-12 07:17:26] [generate_cnf] Generating formula bobsynth09neg with K=24
[2025-12-12 07:17:27] [run_formula] Running formula bobsynth09neg with K=24 up to limit 1600
[2025-12-12 07:17:27] [generate_cnf] Generating formula bobsynth09neg with K=25
[2025-12-12 07:17:29] [run_formula] Running formula bobsynth09neg with K=25 up to limit 1600
[2025-12-12 07:17:29] [generate_cnf] Generating formula bobsynth09neg with K=26
[2025-12-12 07:17:30] [run_formula] Running formula bobsynth09neg with K=26 up to limit 1600
[2025-12-12 07:17:31] [generate_cnf] Generating formula bobsynth09neg with K=27
[2025-12-12 07:17:33] [run_formula] Running formula bobsynth09neg with K=27 up to limit 1600
[2025-12-12 07:17:34] [generate_cnf] Generating formula bobsynth09neg with K=28
[2025-12-12 07:17:36] [run_formula] Running formula bobsynth09neg with K=28 up to limit 1600
[2025-12-12 07:17:36] [generate_cnf] Generating formula bobsynth09neg with K=29
[2025-12-12 07:17:38] [run_formula] Running formula bobsynth09neg with K=29 up to limit 1600
[2025-12-12 07:17:38] [generate_cnf] Generating formula bobsynth09neg with K=30
[2025-12-12 07:17:40] [run_formula] Running formula bobsynth09neg with K=30 up to limit 1600
[2025-12-12 07:17:41] [generate_cnf] Generating formula bobsynth09neg with K=31
[2025-12-12 07:17:43] [run_formula] Running formula bobsynth09neg with K=31 up to limit 1600
[2025-12-12 07:17:44] [generate_cnf] Generating formula bobsynth09neg with K=32
[2025-12-12 07:17:46] [run_formula] Running formula bobsynth09neg with K=32 up to limit 1600
[2025-12-12 07:17:48] [generate_cnf] Generating formula bobsynth09neg with K=33
[2025-12-12 07:17:50] [run_formula] Running formula bobsynth09neg with K=33 up to limit 1600
[2025-12-12 07:17:50] [generate_cnf] Generating formula bobsynth09neg with K=34
[2025-12-12 07:17:52] [run_formula] Running formula bobsynth09neg with K=34 up to limit 1600
[2025-12-12 07:17:53] [generate_cnf] Generating formula bobsynth09neg with K=35
[2025-12-12 07:17:55] [run_formula] Running formula bobsynth09neg with K=35 up to limit 1600
[2025-12-12 07:17:56] [generate_cnf] Generating formula bobsynth09neg with K=36
[2025-12-12 07:17:58] [run_formula] Running formula bobsynth09neg with K=36 up to limit 1600
[2025-12-12 07:17:58] [generate_cnf] Generating formula bobsynth09neg with K=37
[2025-12-12 07:18:00] [run_formula] Running formula bobsynth09neg with K=37 up to limit 1600
[2025-12-12 07:18:01] [generate_cnf] Generating formula bobsynth09neg with K=38
[2025-12-12 07:18:03] [run_formula] Running formula bobsynth09neg with K=38 up to limit 1600
[2025-12-12 07:18:04] [generate_cnf] Generating formula bobsynth09neg with K=39
[2025-12-12 07:18:06] [run_formula] Running formula bobsynth09neg with K=39 up to limit 1600
[2025-12-12 07:18:08] [generate_cnf] Generating formula bobsynth09neg with K=40
[2025-12-12 07:18:10] [run_formula] Running formula bobsynth09neg with K=40 up to limit 1600
[2025-12-12 07:18:12] [generate_cnf] Generating formula bobsynth09neg with K=41
[2025-12-12 07:18:14] [run_formula] Running formula bobsynth09neg with K=41 up to limit 1600
[2025-12-12 07:18:15] [generate_cnf] Generating formula bobsynth09neg with K=42
[2025-12-12 07:18:17] [run_formula] Running formula bobsynth09neg with K=42 up to limit 1600
[2025-12-12 07:18:19] [generate_cnf] Generating formula bobsynth09neg with K=43
[2025-12-12 07:18:23] [run_formula] Running formula bobsynth09neg with K=43 up to limit 1600
[2025-12-12 07:18:25] [generate_cnf] Generating formula bobsynth09neg with K=44
[2025-12-12 07:18:27] [run_formula] Running formula bobsynth09neg with K=44 up to limit 1600
[2025-12-12 07:18:29] [generate_cnf] Generating formula bobsynth09neg with K=45
[2025-12-12 07:18:32] [run_formula] Running formula bobsynth09neg with K=45 up to limit 1600
[2025-12-12 07:18:33] [generate_cnf] Generating formula bobsynth09neg with K=46
[2025-12-12 07:18:36] [run_formula] Running formula bobsynth09neg with K=46 up to limit 1600
[2025-12-12 07:18:37] [generate_cnf] Generating formula bobsynth09neg with K=47
[2025-12-12 07:18:39] [run_formula] Running formula bobsynth09neg with K=47 up to limit 1600
[2025-12-12 07:18:40] [generate_cnf] Generating formula bobsynth09neg with K=48
[2025-12-12 07:18:43] [run_formula] Running formula bobsynth09neg with K=48 up to limit 1600
[2025-12-12 07:18:45] [generate_cnf] Generating formula bobsynth09neg with K=49
[2025-12-12 07:18:47] [run_formula] Running formula bobsynth09neg with K=49 up to limit 1600
[2025-12-12 07:18:50] [generate_cnf] Generating formula bobsynth09neg with K=50
[2025-12-12 07:18:52] [run_formula] Running formula bobsynth09neg with K=50 up to limit 1600
[2025-12-12 07:18:54] [generate_cnf] Generating formula bobsynth09neg with K=51
[2025-12-12 07:18:58] [run_formula] Running formula bobsynth09neg with K=51 up to limit 1600
[2025-12-12 07:19:01] [generate_cnf] Generating formula bobsynth09neg with K=52
[2025-12-12 07:19:05] [run_formula] Running formula bobsynth09neg with K=52 up to limit 1600
[2025-12-12 07:19:07] [generate_cnf] Generating formula bobsynth09neg with K=53
[2025-12-12 07:19:10] [run_formula] Running formula bobsynth09neg with K=53 up to limit 1600
[2025-12-12 07:19:12] [generate_cnf] Generating formula bobsynth09neg with K=54
[2025-12-12 07:19:15] [run_formula] Running formula bobsynth09neg with K=54 up to limit 1600
[2025-12-12 07:19:17] [generate_cnf] Generating formula bobsynth09neg with K=55
[2025-12-12 07:19:19] [run_formula] Running formula bobsynth09neg with K=55 up to limit 1600
[2025-12-12 07:19:22] [generate_cnf] Generating formula bobsynth09neg with K=56
[2025-12-12 07:19:24] [run_formula] Running formula bobsynth09neg with K=56 up to limit 1600
[2025-12-12 07:19:26] [generate_cnf] Generating formula bobsynth09neg with K=57
[2025-12-12 07:19:30] [run_formula] Running formula bobsynth09neg with K=57 up to limit 1600
[2025-12-12 07:19:32] [generate_cnf] Generating formula bobsynth09neg with K=58
[2025-12-12 07:19:35] [run_formula] Running formula bobsynth09neg with K=58 up to limit 1600
[2025-12-12 07:19:40] [generate_cnf] Generating formula bobsynth09neg with K=59
[2025-12-12 07:19:43] [run_formula] Running formula bobsynth09neg with K=59 up to limit 1600
[2025-12-12 07:19:44] [generate_cnf] Generating formula bobsynth09neg with K=60
[2025-12-12 07:19:49] [run_formula] Running formula bobsynth09neg with K=60 up to limit 1600
[2025-12-12 07:19:51] [generate_cnf] Generating formula bobsynth09neg with K=61
[2025-12-12 07:19:55] [run_formula] Running formula bobsynth09neg with K=61 up to limit 1600
[2025-12-12 07:19:58] [generate_cnf] Generating formula bobsynth09neg with K=62
[2025-12-12 07:20:04] [run_formula] Running formula bobsynth09neg with K=62 up to limit 1600
[2025-12-12 07:20:07] [generate_cnf] Generating formula bobsynth09neg with K=63
[2025-12-12 07:20:11] [run_formula] Running formula bobsynth09neg with K=63 up to limit 1600
[2025-12-12 07:20:15] [generate_cnf] Generating formula bobsynth09neg with K=64
[2025-12-12 07:20:19] [run_formula] Running formula bobsynth09neg with K=64 up to limit 1600
[2025-12-12 07:20:22] [generate_cnf] Generating formula bobsynth09neg with K=65
[2025-12-12 07:20:26] [run_formula] Running formula bobsynth09neg with K=65 up to limit 1600
[2025-12-12 07:20:29] [generate_cnf] Generating formula bobsynth09neg with K=66
[2025-12-12 07:20:34] [run_formula] Running formula bobsynth09neg with K=66 up to limit 1600
[2025-12-12 07:20:39] [generate_cnf] Generating formula bobsynth09neg with K=67
[2025-12-12 07:20:43] [run_formula] Running formula bobsynth09neg with K=67 up to limit 1600
[2025-12-12 07:20:47] [generate_cnf] Generating formula bobsynth09neg with K=68
[2025-12-12 07:20:52] [run_formula] Running formula bobsynth09neg with K=68 up to limit 1600
[2025-12-12 07:20:56] [generate_cnf] Generating formula bobsynth09neg with K=69
[2025-12-12 07:20:59] [run_formula] Running formula bobsynth09neg with K=69 up to limit 1600
[2025-12-12 07:21:02] [generate_cnf] Generating formula bobsynth09neg with K=70
[2025-12-12 07:21:06] [run_formula] Running formula bobsynth09neg with K=70 up to limit 1600
[2025-12-12 07:21:09] [generate_cnf] Generating formula bobsynth09neg with K=71
[2025-12-12 07:21:15] [run_formula] Running formula bobsynth09neg with K=71 up to limit 1600
[2025-12-12 07:21:18] [generate_cnf] Generating formula bobsynth09neg with K=72
[2025-12-12 07:21:22] [run_formula] Running formula bobsynth09neg with K=72 up to limit 1600
[2025-12-12 07:21:26] [generate_cnf] Generating formula bobsynth09neg with K=73
[2025-12-12 07:21:32] [run_formula] Running formula bobsynth09neg with K=73 up to limit 1600
[2025-12-12 07:21:35] [generate_cnf] Generating formula bobsynth09neg with K=74
[2025-12-12 07:21:39] [run_formula] Running formula bobsynth09neg with K=74 up to limit 1600
[2025-12-12 07:21:44] [generate_cnf] Generating formula bobsynth09neg with K=75
[2025-12-12 07:21:48] [run_formula] Running formula bobsynth09neg with K=75 up to limit 1600
[2025-12-12 07:21:54] [generate_cnf] Generating formula bobsynth09neg with K=76
[2025-12-12 07:21:58] [run_formula] Running formula bobsynth09neg with K=76 up to limit 1600
[2025-12-12 07:22:03] [generate_cnf] Generating formula bobsynth09neg with K=77
[2025-12-12 07:22:07] [run_formula] Running formula bobsynth09neg with K=77 up to limit 1600
[2025-12-12 07:22:11] [generate_cnf] Generating formula bobsynth09neg with K=78
[2025-12-12 07:22:18] [run_formula] Running formula bobsynth09neg with K=78 up to limit 1600
[2025-12-12 07:22:25] [generate_cnf] Generating formula bobsynth09neg with K=79
[2025-12-12 07:22:31] [run_formula] Running formula bobsynth09neg with K=79 up to limit 1600
[2025-12-12 07:22:34] [generate_cnf] Generating formula bobsynth09neg with K=80
[2025-12-12 07:22:39] [run_formula] Running formula bobsynth09neg with K=80 up to limit 1600
[2025-12-12 07:22:44] [generate_cnf] Generating formula bobsynth09neg with K=81
[2025-12-12 07:22:49] [run_formula] Running formula bobsynth09neg with K=81 up to limit 1600
[2025-12-12 07:22:53] [generate_cnf] Generating formula bobsynth09neg with K=82
[2025-12-12 07:22:57] [run_formula] Running formula bobsynth09neg with K=82 up to limit 1600
[2025-12-12 07:23:01] [generate_cnf] Generating formula bobsynth09neg with K=83
[2025-12-12 07:23:08] [run_formula] Running formula bobsynth09neg with K=83 up to limit 1600
[2025-12-12 07:23:13] [generate_cnf] Generating formula bobsynth09neg with K=84
[2025-12-12 07:23:17] [run_formula] Running formula bobsynth09neg with K=84 up to limit 1600
[2025-12-12 07:23:26] [generate_cnf] Generating formula bobsynth09neg with K=85
[2025-12-12 07:23:32] [run_formula] Running formula bobsynth09neg with K=85 up to limit 1600
[2025-12-12 07:23:35] [generate_cnf] Generating formula bobsynth09neg with K=86
[2025-12-12 07:23:41] [run_formula] Running formula bobsynth09neg with K=86 up to limit 1600
[2025-12-12 07:23:45] [generate_cnf] Generating formula bobsynth09neg with K=87
[2025-12-12 07:23:52] [run_formula] Running formula bobsynth09neg with K=87 up to limit 1600
[2025-12-12 07:23:58] [generate_cnf] Generating formula bobsynth09neg with K=88
[2025-12-12 07:24:02] [run_formula] Running formula bobsynth09neg with K=88 up to limit 1600
[2025-12-12 07:24:09] [generate_cnf] Generating formula bobsynth09neg with K=89
[2025-12-12 07:24:14] [run_formula] Running formula bobsynth09neg with K=89 up to limit 1600
[2025-12-12 07:24:19] [generate_cnf] Generating formula bobsynth09neg with K=90
[2025-12-12 07:24:27] [run_formula] Running formula bobsynth09neg with K=90 up to limit 1600
[2025-12-12 07:24:31] [generate_cnf] Generating formula bobsynth09neg with K=91
[2025-12-12 07:24:36] [run_formula] Running formula bobsynth09neg with K=91 up to limit 1600
[2025-12-12 07:24:39] [generate_cnf] Generating formula bobsynth09neg with K=92
[2025-12-12 07:24:44] [run_formula] Running formula bobsynth09neg with K=92 up to limit 1600
[2025-12-12 07:24:52] [generate_cnf] Generating formula bobsynth09neg with K=93
[2025-12-12 07:24:57] [run_formula] Running formula bobsynth09neg with K=93 up to limit 1600
[2025-12-12 07:25:03] [generate_cnf] Generating formula bobsynth09neg with K=94
[2025-12-12 07:25:08] [run_formula] Running formula bobsynth09neg with K=94 up to limit 1600
[2025-12-12 07:25:12] [generate_cnf] Generating formula bobsynth09neg with K=95
[2025-12-12 07:25:19] [run_formula] Running formula bobsynth09neg with K=95 up to limit 1600
[2025-12-12 07:25:27] [generate_cnf] Generating formula bobsynth09neg with K=96
[2025-12-12 07:25:32] [run_formula] Running formula bobsynth09neg with K=96 up to limit 1600
[2025-12-12 07:25:38] [generate_cnf] Generating formula bobsynth09neg with K=97
[2025-12-12 07:25:44] [run_formula] Running formula bobsynth09neg with K=97 up to limit 1600
[2025-12-12 07:25:52] [generate_cnf] Generating formula bobsynth09neg with K=98
[2025-12-12 07:25:57] [run_formula] Running formula bobsynth09neg with K=98 up to limit 1600
[2025-12-12 07:26:06] [generate_cnf] Generating formula bobsynth09neg with K=99
[2025-12-12 07:26:14] [run_formula] Running formula bobsynth09neg with K=99 up to limit 1600
[2025-12-12 07:26:23] [generate_cnf] Generating formula bobsynth09neg with K=100
[2025-12-12 07:26:28] [run_formula] Running formula bobsynth09neg with K=100 up to limit 1600
[2025-12-12 07:26:34] [generate_cnf] Generating formula bobsynth09neg with K=101
[2025-12-12 07:26:40] [run_formula] Running formula bobsynth09neg with K=101 up to limit 1600
[2025-12-12 07:26:49] [generate_cnf] Generating formula bobsynth09neg with K=102
[2025-12-12 07:27:00] [run_formula] Running formula bobsynth09neg with K=102 up to limit 1600
[2025-12-12 07:27:05] [generate_cnf] Generating formula bobsynth09neg with K=103
[2025-12-12 07:27:11] [run_formula] Running formula bobsynth09neg with K=103 up to limit 1600
[2025-12-12 07:27:17] [generate_cnf] Generating formula bobsynth09neg with K=104
[2025-12-12 07:27:22] [run_formula] Running formula bobsynth09neg with K=104 up to limit 1600
[2025-12-12 07:27:40] [generate_cnf] Generating formula bobsynth09neg with K=105
[2025-12-12 07:27:45] [run_formula] Running formula bobsynth09neg with K=105 up to limit 1600
[2025-12-12 07:27:53] [generate_cnf] Generating formula bobsynth09neg with K=106
[2025-12-12 07:28:01] [run_formula] Running formula bobsynth09neg with K=106 up to limit 1600
[2025-12-12 07:28:05] [generate_cnf] Generating formula bobsynth09neg with K=107
[2025-12-12 07:28:14] [run_formula] Running formula bobsynth09neg with K=107 up to limit 1600
[2025-12-12 07:28:23] [generate_cnf] Generating formula bobsynth09neg with K=108
[2025-12-12 07:28:29] [run_formula] Running formula bobsynth09neg with K=108 up to limit 1600
[2025-12-12 07:28:39] [generate_cnf] Generating formula bobsynth09neg with K=109
[2025-12-12 07:28:47] [run_formula] Running formula bobsynth09neg with K=109 up to limit 1600
[2025-12-12 07:28:52] [generate_cnf] Generating formula bobsynth09neg with K=110
[2025-12-12 07:29:02] [run_formula] Running formula bobsynth09neg with K=110 up to limit 1600
[2025-12-12 07:29:07] [generate_cnf] Generating formula bobsynth09neg with K=111
[2025-12-12 07:29:13] [run_formula] Running formula bobsynth09neg with K=111 up to limit 1600
[2025-12-12 07:29:19] [generate_cnf] Generating formula bobsynth09neg with K=112
[2025-12-12 07:29:30] [run_formula] Running formula bobsynth09neg with K=112 up to limit 1600
[2025-12-12 07:29:36] [generate_cnf] Generating formula bobsynth09neg with K=113
[2025-12-12 07:29:42] [run_formula] Running formula bobsynth09neg with K=113 up to limit 1600
[2025-12-12 07:29:46] [generate_cnf] Generating formula bobsynth09neg with K=114
[2025-12-12 07:29:54] [run_formula] Running formula bobsynth09neg with K=114 up to limit 1600
[2025-12-12 07:29:58] [generate_cnf] Generating formula bobsynth09neg with K=115
[2025-12-12 07:30:09] [run_formula] Running formula bobsynth09neg with K=115 up to limit 1600
[2025-12-12 07:30:15] [generate_cnf] Generating formula bobsynth09neg with K=116
[2025-12-12 07:30:22] [run_formula] Running formula bobsynth09neg with K=116 up to limit 1600
[2025-12-12 07:30:27] [generate_cnf] Generating formula bobsynth09neg with K=117
[2025-12-12 07:30:38] [run_formula] Running formula bobsynth09neg with K=117 up to limit 1600
[2025-12-12 07:30:44] [generate_cnf] Generating formula bobsynth09neg with K=118
[2025-12-12 07:30:54] [run_formula] Running formula bobsynth09neg with K=118 up to limit 1600
[2025-12-12 07:31:03] [generate_cnf] Generating formula bobsynth09neg with K=119
[2025-12-12 07:31:10] [run_formula] Running formula bobsynth09neg with K=119 up to limit 1600
[2025-12-12 07:31:17] [generate_cnf] Generating formula bobsynth09neg with K=120
[2025-12-12 07:31:25] [run_formula] Running formula bobsynth09neg with K=120 up to limit 1600
[2025-12-12 07:31:31] [generate_cnf] Generating formula bobsynth09neg with K=121
[2025-12-12 07:31:40] [run_formula] Running formula bobsynth09neg with K=121 up to limit 1600
[2025-12-12 07:31:46] [generate_cnf] Generating formula bobsynth09neg with K=122
[2025-12-12 07:31:54] [run_formula] Running formula bobsynth09neg with K=122 up to limit 1600
[2025-12-12 07:32:01] [generate_cnf] Generating formula bobsynth09neg with K=123
[2025-12-12 07:32:08] [run_formula] Running formula bobsynth09neg with K=123 up to limit 1600
[2025-12-12 07:32:16] [generate_cnf] Generating formula bobsynth09neg with K=124
[2025-12-12 07:32:23] [run_formula] Running formula bobsynth09neg with K=124 up to limit 1600
[2025-12-12 07:32:29] [generate_cnf] Generating formula bobsynth09neg with K=125
[2025-12-12 07:32:40] [run_formula] Running formula bobsynth09neg with K=125 up to limit 1600
[2025-12-12 07:32:46] [generate_cnf] Generating formula bobsynth09neg with K=126
[2025-12-12 07:32:55] [run_formula] Running formula bobsynth09neg with K=126 up to limit 1600
[2025-12-12 07:33:03] [generate_cnf] Generating formula bobsynth09neg with K=127
[2025-12-12 07:33:12] [run_formula] Running formula bobsynth09neg with K=127 up to limit 1600
[2025-12-12 07:33:19] [generate_cnf] Generating formula bobsynth09neg with K=128
[2025-12-12 07:33:26] [run_formula] Running formula bobsynth09neg with K=128 up to limit 1600
[2025-12-12 07:33:33] [generate_cnf] Generating formula bobsynth09neg with K=129
[2025-12-12 07:33:42] [run_formula] Running formula bobsynth09neg with K=129 up to limit 1600
[2025-12-12 07:33:50] [generate_cnf] Generating formula bobsynth09neg with K=130
[2025-12-12 07:33:59] [run_formula] Running formula bobsynth09neg with K=130 up to limit 1600
[2025-12-12 07:34:07] [generate_cnf] Generating formula bobsynth09neg with K=131
[2025-12-12 07:34:16] [run_formula] Running formula bobsynth09neg with K=131 up to limit 1600
[2025-12-12 07:34:25] [generate_cnf] Generating formula bobsynth09neg with K=132
[2025-12-12 07:34:34] [run_formula] Running formula bobsynth09neg with K=132 up to limit 1600
[2025-12-12 07:34:42] [generate_cnf] Generating formula bobsynth09neg with K=133
[2025-12-12 07:34:48] [run_formula] Running formula bobsynth09neg with K=133 up to limit 1600
[2025-12-12 07:34:55] [generate_cnf] Generating formula bobsynth09neg with K=134
[2025-12-12 07:35:06] [run_formula] Running formula bobsynth09neg with K=134 up to limit 1600
[2025-12-12 07:35:14] [generate_cnf] Generating formula bobsynth09neg with K=135
[2025-12-12 07:35:23] [run_formula] Running formula bobsynth09neg with K=135 up to limit 1600
[2025-12-12 07:35:31] [generate_cnf] Generating formula bobsynth09neg with K=136
[2025-12-12 07:35:38] [run_formula] Running formula bobsynth09neg with K=136 up to limit 1600
[2025-12-12 07:35:48] [generate_cnf] Generating formula bobsynth09neg with K=137
[2025-12-12 07:36:02] [run_formula] Running formula bobsynth09neg with K=137 up to limit 1600
[2025-12-12 07:36:11] [generate_cnf] Generating formula bobsynth09neg with K=138
[2025-12-12 07:36:18] [run_formula] Running formula bobsynth09neg with K=138 up to limit 1600
[2025-12-12 07:36:24] [generate_cnf] Generating formula bobsynth09neg with K=139
[2025-12-12 07:36:30] [run_formula] Running formula bobsynth09neg with K=139 up to limit 1600
[2025-12-12 07:36:39] [generate_cnf] Generating formula bobsynth09neg with K=140
[2025-12-12 07:36:47] [run_formula] Running formula bobsynth09neg with K=140 up to limit 1600
[2025-12-12 07:36:53] [generate_cnf] Generating formula bobsynth09neg with K=141
[2025-12-12 07:37:04] [run_formula] Running formula bobsynth09neg with K=141 up to limit 1600
[2025-12-12 07:37:13] [generate_cnf] Generating formula bobsynth09neg with K=142
[2025-12-12 07:37:26] [run_formula] Running formula bobsynth09neg with K=142 up to limit 1600
[2025-12-12 07:37:36] [generate_cnf] Generating formula bobsynth09neg with K=143
[2025-12-12 07:37:43] [run_formula] Running formula bobsynth09neg with K=143 up to limit 1600
[2025-12-12 07:37:52] [generate_cnf] Generating formula bobsynth09neg with K=144
[2025-12-12 07:38:08] [run_formula] Running formula bobsynth09neg with K=144 up to limit 1600
[2025-12-12 07:38:17] [generate_cnf] Generating formula bobsynth09neg with K=145
[2025-12-12 07:38:23] [run_formula] Running formula bobsynth09neg with K=145 up to limit 1600
[2025-12-12 07:38:30] [generate_cnf] Generating formula bobsynth09neg with K=146
[2025-12-12 07:38:38] [run_formula] Running formula bobsynth09neg with K=146 up to limit 1600
[2025-12-12 07:38:45] [generate_cnf] Generating formula bobsynth09neg with K=147
[2025-12-12 07:38:58] [run_formula] Running formula bobsynth09neg with K=147 up to limit 1600
[2025-12-12 07:39:06] [generate_cnf] Generating formula bobsynth09neg with K=148
[2025-12-12 07:39:17] [run_formula] Running formula bobsynth09neg with K=148 up to limit 1600
[2025-12-12 07:39:26] [generate_cnf] Generating formula bobsynth09neg with K=149
[2025-12-12 07:39:38] [run_formula] Running formula bobsynth09neg with K=149 up to limit 1600
[2025-12-12 07:39:48] [generate_cnf] Generating formula bobsynth09neg with K=150
[2025-12-12 07:39:58] [run_formula] Running formula bobsynth09neg with K=150 up to limit 1600
[2025-12-12 07:40:09] [generate_cnf] Generating formula bobsynth09neg with K=151
[2025-12-12 07:40:19] [run_formula] Running formula bobsynth09neg with K=151 up to limit 1600
[2025-12-12 07:40:26] [generate_cnf] Generating formula bobsynth09neg with K=152
[2025-12-12 07:40:40] [run_formula] Running formula bobsynth09neg with K=152 up to limit 1600
[2025-12-12 07:40:49] [generate_cnf] Generating formula bobsynth09neg with K=153
[2025-12-12 07:40:59] [run_formula] Running formula bobsynth09neg with K=153 up to limit 1600
[2025-12-12 07:41:12] [generate_cnf] Generating formula bobsynth09neg with K=154
[2025-12-12 07:41:23] [run_formula] Running formula bobsynth09neg with K=154 up to limit 1600
[2025-12-12 07:41:31] [generate_cnf] Generating formula bobsynth09neg with K=155
[2025-12-12 07:41:40] [run_formula] Running formula bobsynth09neg with K=155 up to limit 1600
[2025-12-12 07:41:48] [generate_cnf] Generating formula bobsynth09neg with K=156
[2025-12-12 07:42:07] [run_formula] Running formula bobsynth09neg with K=156 up to limit 1600
[2025-12-12 07:42:16] [generate_cnf] Generating formula bobsynth09neg with K=157
[2025-12-12 07:42:34] [run_formula] Running formula bobsynth09neg with K=157 up to limit 1600
[2025-12-12 07:42:42] [generate_cnf] Generating formula bobsynth09neg with K=158
[2025-12-12 07:42:54] [run_formula] Running formula bobsynth09neg with K=158 up to limit 1600
[2025-12-12 07:43:11] [generate_cnf] Generating formula bobsynth09neg with K=159
[2025-12-12 07:43:23] [run_formula] Running formula bobsynth09neg with K=159 up to limit 1600
[2025-12-12 07:43:35] [generate_cnf] Generating formula bobsynth09neg with K=160
[2025-12-12 07:43:49] [run_formula] Running formula bobsynth09neg with K=160 up to limit 1600
[2025-12-12 07:44:00] [generate_cnf] Generating formula bobsynth09neg with K=161
[2025-12-12 07:44:13] [run_formula] Running formula bobsynth09neg with K=161 up to limit 1600
[2025-12-12 07:44:26] [generate_cnf] Generating formula bobsynth09neg with K=162
[2025-12-12 07:44:34] [run_formula] Running formula bobsynth09neg with K=162 up to limit 1600
[2025-12-12 07:44:59] [generate_cnf] Generating formula bobsynth09neg with K=163
[2025-12-12 07:45:15] [run_formula] Running formula bobsynth09neg with K=163 up to limit 1600
[2025-12-12 07:45:27] [generate_cnf] Generating formula bobsynth09neg with K=164
[2025-12-12 07:45:37] [run_formula] Running formula bobsynth09neg with K=164 up to limit 1600
[2025-12-12 07:45:49] [generate_cnf] Generating formula bobsynth09neg with K=165
[2025-12-12 07:45:58] [run_formula] Running formula bobsynth09neg with K=165 up to limit 1600
[2025-12-12 07:46:08] [generate_cnf] Generating formula bobsynth09neg with K=166
[2025-12-12 07:46:19] [run_formula] Running formula bobsynth09neg with K=166 up to limit 1600
[2025-12-12 07:46:29] [generate_cnf] Generating formula bobsynth09neg with K=167
[2025-12-12 07:46:39] [run_formula] Running formula bobsynth09neg with K=167 up to limit 1600
[2025-12-12 07:46:48] [generate_cnf] Generating formula bobsynth09neg with K=168
[2025-12-12 07:46:58] [run_formula] Running formula bobsynth09neg with K=168 up to limit 1600
[2025-12-12 07:47:10] [generate_cnf] Generating formula bobsynth09neg with K=169
[2025-12-12 07:47:27] [run_formula] Running formula bobsynth09neg with K=169 up to limit 1600
[2025-12-12 07:47:46] [generate_cnf] Generating formula bobsynth09neg with K=170
[2025-12-12 07:47:56] [run_formula] Running formula bobsynth09neg with K=170 up to limit 1600
[2025-12-12 07:48:20] [generate_cnf] Generating formula bobsynth09neg with K=171
[2025-12-12 07:48:36] [run_formula] Running formula bobsynth09neg with K=171 up to limit 1600
[2025-12-12 07:48:52] [generate_cnf] Generating formula bobsynth09neg with K=172
[2025-12-12 07:49:09] [run_formula] Running formula bobsynth09neg with K=172 up to limit 1600
[2025-12-12 07:49:19] [generate_cnf] Generating formula bobsynth09neg with K=173
[2025-12-12 07:49:29] [run_formula] Running formula bobsynth09neg with K=173 up to limit 1600
[2025-12-12 07:49:38] [generate_cnf] Generating formula bobsynth09neg with K=174
[2025-12-12 07:49:49] [run_formula] Running formula bobsynth09neg with K=174 up to limit 1600
[2025-12-12 07:50:02] [generate_cnf] Generating formula bobsynth09neg with K=175
[2025-12-12 07:50:12] [run_formula] Running formula bobsynth09neg with K=175 up to limit 1600
[2025-12-12 07:50:22] [generate_cnf] Generating formula bobsynth09neg with K=176
[2025-12-12 07:50:36] [run_formula] Running formula bobsynth09neg with K=176 up to limit 1600
[2025-12-12 07:50:49] [generate_cnf] Generating formula bobsynth09neg with K=177
[2025-12-12 07:51:02] [run_formula] Running formula bobsynth09neg with K=177 up to limit 1600
[2025-12-12 07:51:18] [generate_cnf] Generating formula bobsynth09neg with K=178
[2025-12-12 07:51:32] [run_formula] Running formula bobsynth09neg with K=178 up to limit 1600
[2025-12-12 07:51:49] [generate_cnf] Generating formula bobsynth09neg with K=179
[2025-12-12 07:52:02] [run_formula] Running formula bobsynth09neg with K=179 up to limit 1600
[2025-12-12 07:52:32] [generate_cnf] Generating formula bobsynth09neg with K=180
[2025-12-12 07:52:52] [run_formula] Running formula bobsynth09neg with K=180 up to limit 1600
[2025-12-12 07:53:06] [generate_cnf] Generating formula bobsynth09neg with K=181
[2025-12-12 07:53:21] [run_formula] Running formula bobsynth09neg with K=181 up to limit 1600
[2025-12-12 07:53:36] [generate_cnf] Generating formula bobsynth09neg with K=182
[2025-12-12 07:53:53] [run_formula] Running formula bobsynth09neg with K=182 up to limit 1600
[2025-12-12 07:54:07] [generate_cnf] Generating formula bobsynth09neg with K=183
[2025-12-12 07:54:23] [run_formula] Running formula bobsynth09neg with K=183 up to limit 1600
[2025-12-12 07:54:41] [generate_cnf] Generating formula bobsynth09neg with K=184
[2025-12-12 07:54:58] [run_formula] Running formula bobsynth09neg with K=184 up to limit 1600
[2025-12-12 07:55:11] [generate_cnf] Generating formula bobsynth09neg with K=185
[2025-12-12 07:55:27] [run_formula] Running formula bobsynth09neg with K=185 up to limit 1600
[2025-12-12 07:55:41] [generate_cnf] Generating formula bobsynth09neg with K=186
[2025-12-12 07:55:55] [run_formula] Running formula bobsynth09neg with K=186 up to limit 1600
[2025-12-12 07:56:10] [generate_cnf] Generating formula bobsynth09neg with K=187
[2025-12-12 07:56:25] [run_formula] Running formula bobsynth09neg with K=187 up to limit 1600
[2025-12-12 07:56:37] [generate_cnf] Generating formula bobsynth09neg with K=188
[2025-12-12 07:56:50] [run_formula] Running formula bobsynth09neg with K=188 up to limit 1600
[2025-12-12 07:57:00] [generate_cnf] Generating formula bobsynth09neg with K=189
[2025-12-12 07:57:16] [run_formula] Running formula bobsynth09neg with K=189 up to limit 1600
[2025-12-12 07:57:25] [generate_cnf] Generating formula bobsynth09neg with K=190
[2025-12-12 07:57:42] [run_formula] Running formula bobsynth09neg with K=190 up to limit 1600
[2025-12-12 07:57:53] [generate_cnf] Generating formula bobsynth09neg with K=191
[2025-12-12 07:58:12] [run_formula] Running formula bobsynth09neg with K=191 up to limit 1600
[2025-12-12 07:58:25] [generate_cnf] Generating formula bobsynth09neg with K=192
[2025-12-12 07:58:42] [run_formula] Running formula bobsynth09neg with K=192 up to limit 1600
[2025-12-12 07:58:59] [generate_cnf] Generating formula bobsynth09neg with K=193
[2025-12-12 07:59:18] [run_formula] Running formula bobsynth09neg with K=193 up to limit 1600
[2025-12-12 07:59:32] [generate_cnf] Generating formula bobsynth09neg with K=194
[2025-12-12 07:59:47] [run_formula] Running formula bobsynth09neg with K=194 up to limit 1600
[2025-12-12 08:00:03] [generate_cnf] Generating formula bobsynth09neg with K=195
[2025-12-12 08:00:22] [run_formula] Running formula bobsynth09neg with K=195 up to limit 1600
[2025-12-12 08:00:41] [generate_cnf] Generating formula bobsynth09neg with K=196
[2025-12-12 08:00:53] [run_formula] Running formula bobsynth09neg with K=196 up to limit 1600
[2025-12-12 08:01:06] [generate_cnf] Generating formula bobsynth09neg with K=197
[2025-12-12 08:01:25] [run_formula] Running formula bobsynth09neg with K=197 up to limit 1600
[2025-12-12 08:01:34] [generate_cnf] Generating formula bobsynth09neg with K=198
[2025-12-12 08:01:48] [run_formula] Running formula bobsynth09neg with K=198 up to limit 1600
[2025-12-12 08:02:02] [generate_cnf] Generating formula bobsynth09neg with K=199
[2025-12-12 08:02:22] [run_formula] Running formula bobsynth09neg with K=199 up to limit 1600
[2025-12-12 08:02:36] [generate_cnf] Generating formula bobsynth09neg with K=200
[2025-12-12 08:02:49] [run_formula] Running formula bobsynth09neg with K=200 up to limit 1600
[2025-12-12 08:03:03] [generate_cnf] Generating formula bobsynth09neg with K=201
[2025-12-12 08:03:27] [run_formula] Running formula bobsynth09neg with K=201 up to limit 1600
[2025-12-12 08:03:37] [generate_cnf] Generating formula bobsynth09neg with K=202
[2025-12-12 08:03:52] [run_formula] Running formula bobsynth09neg with K=202 up to limit 1600
[2025-12-12 08:04:04] [generate_cnf] Generating formula bobsynth09neg with K=203
[2025-12-12 08:04:32] [run_formula] Running formula bobsynth09neg with K=203 up to limit 1600
[2025-12-12 08:04:42] [generate_cnf] Generating formula bobsynth09neg with K=204
[2025-12-12 08:05:00] [run_formula] Running formula bobsynth09neg with K=204 up to limit 1600
[2025-12-12 08:05:16] [generate_cnf] Generating formula bobsynth09neg with K=205
[2025-12-12 08:05:32] [run_formula] Running formula bobsynth09neg with K=205 up to limit 1600
[2025-12-12 08:05:54] [generate_cnf] Generating formula bobsynth09neg with K=206
[2025-12-12 08:06:12] [run_formula] Running formula bobsynth09neg with K=206 up to limit 1600
[2025-12-12 08:06:44] [generate_cnf] Generating formula bobsynth09neg with K=207
[2025-12-12 08:07:07] [run_formula] Running formula bobsynth09neg with K=207 up to limit 1600
[2025-12-12 08:07:27] [generate_cnf] Generating formula bobsynth09neg with K=208
[2025-12-12 08:07:46] [run_formula] Running formula bobsynth09neg with K=208 up to limit 1600
[2025-12-12 08:08:28] [generate_cnf] Generating formula bobsynth09neg with K=209
[2025-12-12 08:08:45] [run_formula] Running formula bobsynth09neg with K=209 up to limit 1600
[2025-12-12 08:09:05] [generate_cnf] Generating formula bobsynth09neg with K=210
[2025-12-12 08:09:28] [run_formula] Running formula bobsynth09neg with K=210 up to limit 1600
[2025-12-12 08:10:08] [generate_cnf] Generating formula bobsynth09neg with K=211
[2025-12-12 08:10:26] [run_formula] Running formula bobsynth09neg with K=211 up to limit 1600
[2025-12-12 08:10:41] [generate_cnf] Generating formula bobsynth09neg with K=212
[2025-12-12 08:10:58] [run_formula] Running formula bobsynth09neg with K=212 up to limit 1600
[2025-12-12 08:11:24] [generate_cnf] Generating formula bobsynth09neg with K=213
[2025-12-12 08:11:41] [run_formula] Running formula bobsynth09neg with K=213 up to limit 1600
[2025-12-12 08:11:57] [generate_cnf] Generating formula bobsynth09neg with K=214
[2025-12-12 08:12:15] [run_formula] Running formula bobsynth09neg with K=214 up to limit 1600
[2025-12-12 08:12:35] [generate_cnf] Generating formula bobsynth09neg with K=215
[2025-12-12 08:12:54] [run_formula] Running formula bobsynth09neg with K=215 up to limit 1600
[2025-12-12 08:13:15] [generate_cnf] Generating formula bobsynth09neg with K=216
[2025-12-12 08:13:38] [run_formula] Running formula bobsynth09neg with K=216 up to limit 1600
[2025-12-12 08:13:57] [generate_cnf] Generating formula bobsynth09neg with K=217
[2025-12-12 08:14:26] [run_formula] Running formula bobsynth09neg with K=217 up to limit 1600
[2025-12-12 08:14:52] [generate_cnf] Generating formula bobsynth09neg with K=218
[2025-12-12 08:15:23] [run_formula] Running formula bobsynth09neg with K=218 up to limit 1600
[2025-12-12 08:15:41] [generate_cnf] Generating formula bobsynth09neg with K=219
[2025-12-12 08:16:05] [run_formula] Running formula bobsynth09neg with K=219 up to limit 1600
[2025-12-12 08:16:21] [generate_cnf] Generating formula bobsynth09neg with K=220
[2025-12-12 08:16:49] [run_formula] Running formula bobsynth09neg with K=220 up to limit 1600
[2025-12-12 08:17:12] [generate_cnf] Generating formula bobsynth09neg with K=221
[2025-12-12 08:17:46] [run_formula] Running formula bobsynth09neg with K=221 up to limit 1600
[2025-12-12 08:18:00] [generate_cnf] Generating formula bobsynth09neg with K=222
[2025-12-12 08:18:23] [run_formula] Running formula bobsynth09neg with K=222 up to limit 1600
[2025-12-12 08:18:37] [generate_cnf] Generating formula bobsynth09neg with K=223
[2025-12-12 08:19:03] [run_formula] Running formula bobsynth09neg with K=223 up to limit 1600
[2025-12-12 08:19:20] [generate_cnf] Generating formula bobsynth09neg with K=224
[2025-12-12 08:19:42] [run_formula] Running formula bobsynth09neg with K=224 up to limit 1600
[2025-12-12 08:19:59] [generate_cnf] Generating formula bobsynth09neg with K=225
[2025-12-12 08:20:21] [run_formula] Running formula bobsynth09neg with K=225 up to limit 1600
[2025-12-12 08:20:46] [generate_cnf] Generating formula bobsynth09neg with K=226
[2025-12-12 08:21:08] [run_formula] Running formula bobsynth09neg with K=226 up to limit 1600
[2025-12-12 08:21:25] [generate_cnf] Generating formula bobsynth09neg with K=227
[2025-12-12 08:21:43] [run_formula] Running formula bobsynth09neg with K=227 up to limit 1600
[2025-12-12 08:22:16] [generate_cnf] Generating formula bobsynth09neg with K=228
[2025-12-12 08:22:45] [run_formula] Running formula bobsynth09neg with K=228 up to limit 1600
[2025-12-12 08:23:26] [generate_cnf] Generating formula bobsynth09neg with K=229
[2025-12-12 08:23:54] [run_formula] Running formula bobsynth09neg with K=229 up to limit 1600
[2025-12-12 08:24:21] [generate_cnf] Generating formula bobsynth09neg with K=230
[2025-12-12 08:24:31] [run_formula] Running formula bobsynth09neg with K=230 up to limit 1600
[2025-12-12 08:24:56] [generate_cnf] Generating formula bobsynth09neg with K=231
[2025-12-12 08:25:08] [run_formula] Running formula bobsynth09neg with K=231 up to limit 1600
[2025-12-12 08:25:34] [generate_cnf] Generating formula bobsynth09neg with K=232
[2025-12-12 08:25:46] [run_formula] Running formula bobsynth09neg with K=232 up to limit 1600
[2025-12-12 08:26:08] [generate_cnf] Generating formula bobsynth09neg with K=233
[2025-12-12 08:26:29] [run_formula] Running formula bobsynth09neg with K=233 up to limit 1600
[2025-12-12 08:26:50] [generate_cnf] Generating formula bobsynth09neg with K=234
[2025-12-12 08:27:21] [run_formula] Running formula bobsynth09neg with K=234 up to limit 1600
[2025-12-12 08:27:39] [generate_cnf] Generating formula bobsynth09neg with K=235
[2025-12-12 08:28:01] [run_formula] Running formula bobsynth09neg with K=235 up to limit 1600
[2025-12-12 08:28:45] [run_formula] Error running formula bobsynth09neg with K=235: [Errno 122] Disk quota exceeded: './results/solving_logs/bobsynth09neg//bobsynth09neg.235.log'
[2025-12-12 08:28:45] [generate_and_run_up_to_limit] Failed to run formula bobsynth09neg with K=235, halting
