CNF written.
CNF written.
CNF written.
CNF written.
CNF written.
CNF written.
CNF written.
CNF written.
CNF written.
CNF written.
CNF written.
CNF written.
CNF written.
CNF written.
CNF written.
CNF written.
CNF written.
CNF written.
CNF written.
CNF written.
CNF written.
CNF written.
CNF written.
CNF written.
CNF written.
CNF written.
CNF written.
CNF written.
CNF written.
CNF written.
CNF written.
CNF written.
CNF written.
CNF written.
CNF written.
CNF written.
CNF written.
CNF written.
CNF written.
CNF written.
CNF written.
CNF written.
CNF written.
CNF written.
CNF written.
CNF written.
CNF written.
CNF written.
CNF written.
CNF written.
CNF written.
CNF written.
CNF written.
CNF written.
CNF written.
CNF written.
CNF written.
CNF written.
CNF written.
CNF written.
CNF written.
CNF written.
CNF written.
CNF written.
CNF written.
CNF written.
CNF written.
CNF written.
CNF written.
CNF written.
CNF written.
CNF written.
CNF written.
CNF written.
CNF written.
CNF written.
CNF written.
CNF written.
CNF written.
CNF written.
CNF written.
CNF written.
CNF written.
CNF written.
CNF written.
CNF written.
CNF written.
CNF written.
CNF written.
CNF written.
CNF written.
CNF written.
CNF written.
CNF written.
CNF written.
CNF written.
CNF written.
CNF written.
CNF written.
CNF written.
CNF written.
CNF written.
CNF written.
CNF written.
CNF written.
CNF written.
CNF written.
CNF written.
CNF written.
CNF written.
CNF written.
CNF written.
CNF written.
CNF written.
CNF written.
CNF written.
CNF written.
CNF written.
CNF written.
CNF written.
CNF written.
CNF written.
CNF written.
CNF written.
CNF written.
CNF written.
CNF written.
CNF written.
CNF written.
CNF written.
CNF written.
CNF written.
CNF written.
CNF written.
CNF written.
CNF written.
CNF written.
CNF written.
CNF written.
CNF written.
CNF written.
CNF written.
CNF written.
CNF written.
CNF written.
CNF written.
CNF written.
CNF written.
CNF written.
CNF written.
CNF written.
CNF written.
CNF written.
CNF written.
CNF written.
CNF written.
CNF written.
CNF written.
CNF written.
CNF written.
CNF written.
CNF written.
CNF written.
CNF written.
CNF written.
CNF written.
CNF written.
CNF written.
CNF written.
CNF written.
CNF written.
CNF written.
CNF written.
CNF written.
CNF written.
CNF written.
CNF written.
CNF written.
CNF written.
CNF written.
CNF written.
CNF written.
CNF written.
CNF written.
CNF written.
CNF written.
CNF written.
CNF written.
CNF written.
CNF written.
CNF written.
CNF written.
CNF written.
CNF written.
CNF written.
CNF written.
CNF written.
CNF written.
CNF written.
CNF written.
CNF written.
CNF written.
CNF written.
CNF written.
CNF written.
CNF written.
CNF written.
CNF written.
CNF written.
CNF written.
CNF written.
CNF written.
CNF written.
CNF written.
CNF written.
CNF written.
CNF written.
CNF written.
CNF written.
CNF written.
CNF written.
CNF written.
CNF written.
CNF written.
CNF written.
CNF written.
CNF written.
CNF written.
CNF written.
CNF written.
CNF written.
CNF written.
CNF written.
CNF written.
CNF written.
CNF written.
CNF written.
CNF written.
CNF written.
CNF written.
CNF written.
CNF written.
CNF written.
CNF written.
CNF written.
CNF written.
CNF written.
CNF written.
CNF written.
CNF written.
CNF written.
CNF written.
CNF written.
CNF written.
CNF written.
CNF written.
CNF written.
CNF written.
CNF written.
CNF written.
CNF written.
CNF written.
CNF written.
CNF written.
CNF written.
CNF written.
CNF written.
CNF written.
CNF written.
CNF written.
CNF written.
CNF written.
CNF written.
CNF written.
CNF written.
CNF written.
CNF written.
CNF written.
CNF written.
CNF written.
CNF written.
CNF written.
CNF written.
CNF written.
CNF written.
CNF written.
CNF written.
CNF written.
CNF written.
CNF written.
CNF written.
CNF written.
CNF written.
CNF written.
CNF written.
CNF written.
CNF written.
CNF written.
CNF written.
CNF written.
CNF written.
CNF written.
CNF written.
CNF written.
CNF written.
CNF written.
CNF written.
CNF written.
CNF written.
CNF written.
CNF written.
CNF written.
CNF written.
CNF written.
CNF written.
CNF written.
CNF written.
CNF written.
CNF written.
CNF written.
CNF written.
CNF written.
CNF written.
CNF written.
CNF written.
CNF written.
CNF written.
CNF written.
CNF written.
CNF written.
CNF written.
CNF written.
CNF written.
CNF written.
CNF written.
CNF written.
CNF written.
CNF written.
CNF written.
CNF written.
CNF written.
CNF written.
CNF written.
CNF written.
CNF written.
CNF written.
CNF written.
CNF written.
CNF written.
CNF written.
CNF written.
CNF written.
CNF written.
[2025-12-12 08:06:59] [generate_and_run_up_to_limit] Generating and running bobsmdct with K<=500 up to limit 1600
[2025-12-12 08:06:59] [generate_cnf] Generating formula bobsmdct with K=1
[2025-12-12 08:06:59] [run_formula] Running formula bobsmdct with K=1 up to limit 1600
[2025-12-12 08:06:59] [generate_cnf] Generating formula bobsmdct with K=2
[2025-12-12 08:06:59] [run_formula] Running formula bobsmdct with K=2 up to limit 1600
[2025-12-12 08:06:59] [generate_cnf] Generating formula bobsmdct with K=3
[2025-12-12 08:06:59] [run_formula] Running formula bobsmdct with K=3 up to limit 1600
[2025-12-12 08:06:59] [generate_cnf] Generating formula bobsmdct with K=4
[2025-12-12 08:06:59] [run_formula] Running formula bobsmdct with K=4 up to limit 1600
[2025-12-12 08:06:59] [generate_cnf] Generating formula bobsmdct with K=5
[2025-12-12 08:06:59] [run_formula] Running formula bobsmdct with K=5 up to limit 1600
[2025-12-12 08:06:59] [generate_cnf] Generating formula bobsmdct with K=6
[2025-12-12 08:06:59] [run_formula] Running formula bobsmdct with K=6 up to limit 1600
[2025-12-12 08:06:59] [generate_cnf] Generating formula bobsmdct with K=7
[2025-12-12 08:06:59] [run_formula] Running formula bobsmdct with K=7 up to limit 1600
[2025-12-12 08:06:59] [generate_cnf] Generating formula bobsmdct with K=8
[2025-12-12 08:06:59] [run_formula] Running formula bobsmdct with K=8 up to limit 1600
[2025-12-12 08:06:59] [generate_cnf] Generating formula bobsmdct with K=9
[2025-12-12 08:06:59] [run_formula] Running formula bobsmdct with K=9 up to limit 1600
[2025-12-12 08:06:59] [generate_cnf] Generating formula bobsmdct with K=10
[2025-12-12 08:06:59] [run_formula] Running formula bobsmdct with K=10 up to limit 1600
[2025-12-12 08:06:59] [generate_cnf] Generating formula bobsmdct with K=11
[2025-12-12 08:06:59] [run_formula] Running formula bobsmdct with K=11 up to limit 1600
[2025-12-12 08:06:59] [generate_cnf] Generating formula bobsmdct with K=12
[2025-12-12 08:07:00] [run_formula] Running formula bobsmdct with K=12 up to limit 1600
[2025-12-12 08:07:00] [generate_cnf] Generating formula bobsmdct with K=13
[2025-12-12 08:07:00] [run_formula] Running formula bobsmdct with K=13 up to limit 1600
[2025-12-12 08:07:00] [generate_cnf] Generating formula bobsmdct with K=14
[2025-12-12 08:07:00] [run_formula] Running formula bobsmdct with K=14 up to limit 1600
[2025-12-12 08:07:00] [generate_cnf] Generating formula bobsmdct with K=15
[2025-12-12 08:07:00] [run_formula] Running formula bobsmdct with K=15 up to limit 1600
[2025-12-12 08:07:00] [generate_cnf] Generating formula bobsmdct with K=16
[2025-12-12 08:07:00] [run_formula] Running formula bobsmdct with K=16 up to limit 1600
[2025-12-12 08:07:00] [generate_cnf] Generating formula bobsmdct with K=17
[2025-12-12 08:07:00] [run_formula] Running formula bobsmdct with K=17 up to limit 1600
[2025-12-12 08:07:00] [generate_cnf] Generating formula bobsmdct with K=18
[2025-12-12 08:07:00] [run_formula] Running formula bobsmdct with K=18 up to limit 1600
[2025-12-12 08:07:00] [generate_cnf] Generating formula bobsmdct with K=19
[2025-12-12 08:07:00] [run_formula] Running formula bobsmdct with K=19 up to limit 1600
[2025-12-12 08:07:01] [generate_cnf] Generating formula bobsmdct with K=20
[2025-12-12 08:07:01] [run_formula] Running formula bobsmdct with K=20 up to limit 1600
[2025-12-12 08:07:01] [generate_cnf] Generating formula bobsmdct with K=21
[2025-12-12 08:07:01] [run_formula] Running formula bobsmdct with K=21 up to limit 1600
[2025-12-12 08:07:01] [generate_cnf] Generating formula bobsmdct with K=22
[2025-12-12 08:07:01] [run_formula] Running formula bobsmdct with K=22 up to limit 1600
[2025-12-12 08:07:01] [generate_cnf] Generating formula bobsmdct with K=23
[2025-12-12 08:07:01] [run_formula] Running formula bobsmdct with K=23 up to limit 1600
[2025-12-12 08:07:02] [generate_cnf] Generating formula bobsmdct with K=24
[2025-12-12 08:07:02] [run_formula] Running formula bobsmdct with K=24 up to limit 1600
[2025-12-12 08:07:02] [generate_cnf] Generating formula bobsmdct with K=25
[2025-12-12 08:07:02] [run_formula] Running formula bobsmdct with K=25 up to limit 1600
[2025-12-12 08:07:02] [generate_cnf] Generating formula bobsmdct with K=26
[2025-12-12 08:07:02] [run_formula] Running formula bobsmdct with K=26 up to limit 1600
[2025-12-12 08:07:03] [generate_cnf] Generating formula bobsmdct with K=27
[2025-12-12 08:07:03] [run_formula] Running formula bobsmdct with K=27 up to limit 1600
[2025-12-12 08:07:03] [generate_cnf] Generating formula bobsmdct with K=28
[2025-12-12 08:07:03] [run_formula] Running formula bobsmdct with K=28 up to limit 1600
[2025-12-12 08:07:03] [generate_cnf] Generating formula bobsmdct with K=29
[2025-12-12 08:07:03] [run_formula] Running formula bobsmdct with K=29 up to limit 1600
[2025-12-12 08:07:03] [generate_cnf] Generating formula bobsmdct with K=30
[2025-12-12 08:07:04] [run_formula] Running formula bobsmdct with K=30 up to limit 1600
[2025-12-12 08:07:04] [generate_cnf] Generating formula bobsmdct with K=31
[2025-12-12 08:07:04] [run_formula] Running formula bobsmdct with K=31 up to limit 1600
[2025-12-12 08:07:04] [generate_cnf] Generating formula bobsmdct with K=32
[2025-12-12 08:07:04] [run_formula] Running formula bobsmdct with K=32 up to limit 1600
[2025-12-12 08:07:05] [generate_cnf] Generating formula bobsmdct with K=33
[2025-12-12 08:07:05] [run_formula] Running formula bobsmdct with K=33 up to limit 1600
[2025-12-12 08:07:05] [generate_cnf] Generating formula bobsmdct with K=34
[2025-12-12 08:07:05] [run_formula] Running formula bobsmdct with K=34 up to limit 1600
[2025-12-12 08:07:05] [generate_cnf] Generating formula bobsmdct with K=35
[2025-12-12 08:07:05] [run_formula] Running formula bobsmdct with K=35 up to limit 1600
[2025-12-12 08:07:06] [generate_cnf] Generating formula bobsmdct with K=36
[2025-12-12 08:07:06] [run_formula] Running formula bobsmdct with K=36 up to limit 1600
[2025-12-12 08:07:06] [generate_cnf] Generating formula bobsmdct with K=37
[2025-12-12 08:07:06] [run_formula] Running formula bobsmdct with K=37 up to limit 1600
[2025-12-12 08:07:07] [generate_cnf] Generating formula bobsmdct with K=38
[2025-12-12 08:07:07] [run_formula] Running formula bobsmdct with K=38 up to limit 1600
[2025-12-12 08:07:07] [generate_cnf] Generating formula bobsmdct with K=39
[2025-12-12 08:07:07] [run_formula] Running formula bobsmdct with K=39 up to limit 1600
[2025-12-12 08:07:07] [generate_cnf] Generating formula bobsmdct with K=40
[2025-12-12 08:07:08] [run_formula] Running formula bobsmdct with K=40 up to limit 1600
[2025-12-12 08:07:08] [generate_cnf] Generating formula bobsmdct with K=41
[2025-12-12 08:07:08] [run_formula] Running formula bobsmdct with K=41 up to limit 1600
[2025-12-12 08:07:08] [generate_cnf] Generating formula bobsmdct with K=42
[2025-12-12 08:07:09] [run_formula] Running formula bobsmdct with K=42 up to limit 1600
[2025-12-12 08:07:09] [generate_cnf] Generating formula bobsmdct with K=43
[2025-12-12 08:07:09] [run_formula] Running formula bobsmdct with K=43 up to limit 1600
[2025-12-12 08:07:10] [generate_cnf] Generating formula bobsmdct with K=44
[2025-12-12 08:07:10] [run_formula] Running formula bobsmdct with K=44 up to limit 1600
[2025-12-12 08:07:10] [generate_cnf] Generating formula bobsmdct with K=45
[2025-12-12 08:07:10] [run_formula] Running formula bobsmdct with K=45 up to limit 1600
[2025-12-12 08:07:11] [generate_cnf] Generating formula bobsmdct with K=46
[2025-12-12 08:07:11] [run_formula] Running formula bobsmdct with K=46 up to limit 1600
[2025-12-12 08:07:11] [generate_cnf] Generating formula bobsmdct with K=47
[2025-12-12 08:07:11] [run_formula] Running formula bobsmdct with K=47 up to limit 1600
[2025-12-12 08:07:12] [generate_cnf] Generating formula bobsmdct with K=48
[2025-12-12 08:07:12] [run_formula] Running formula bobsmdct with K=48 up to limit 1600
[2025-12-12 08:07:13] [generate_cnf] Generating formula bobsmdct with K=49
[2025-12-12 08:07:13] [run_formula] Running formula bobsmdct with K=49 up to limit 1600
[2025-12-12 08:07:13] [generate_cnf] Generating formula bobsmdct with K=50
[2025-12-12 08:07:13] [run_formula] Running formula bobsmdct with K=50 up to limit 1600
[2025-12-12 08:07:14] [generate_cnf] Generating formula bobsmdct with K=51
[2025-12-12 08:07:14] [run_formula] Running formula bobsmdct with K=51 up to limit 1600
[2025-12-12 08:07:14] [generate_cnf] Generating formula bobsmdct with K=52
[2025-12-12 08:07:15] [run_formula] Running formula bobsmdct with K=52 up to limit 1600
[2025-12-12 08:07:15] [generate_cnf] Generating formula bobsmdct with K=53
[2025-12-12 08:07:15] [run_formula] Running formula bobsmdct with K=53 up to limit 1600
[2025-12-12 08:07:16] [generate_cnf] Generating formula bobsmdct with K=54
[2025-12-12 08:07:16] [run_formula] Running formula bobsmdct with K=54 up to limit 1600
[2025-12-12 08:07:16] [generate_cnf] Generating formula bobsmdct with K=55
[2025-12-12 08:07:17] [run_formula] Running formula bobsmdct with K=55 up to limit 1600
[2025-12-12 08:07:17] [generate_cnf] Generating formula bobsmdct with K=56
[2025-12-12 08:07:17] [run_formula] Running formula bobsmdct with K=56 up to limit 1600
[2025-12-12 08:07:18] [generate_cnf] Generating formula bobsmdct with K=57
[2025-12-12 08:07:18] [run_formula] Running formula bobsmdct with K=57 up to limit 1600
[2025-12-12 08:07:18] [generate_cnf] Generating formula bobsmdct with K=58
[2025-12-12 08:07:19] [run_formula] Running formula bobsmdct with K=58 up to limit 1600
[2025-12-12 08:07:19] [generate_cnf] Generating formula bobsmdct with K=59
[2025-12-12 08:07:20] [run_formula] Running formula bobsmdct with K=59 up to limit 1600
[2025-12-12 08:07:20] [generate_cnf] Generating formula bobsmdct with K=60
[2025-12-12 08:07:20] [run_formula] Running formula bobsmdct with K=60 up to limit 1600
[2025-12-12 08:07:21] [generate_cnf] Generating formula bobsmdct with K=61
[2025-12-12 08:07:21] [run_formula] Running formula bobsmdct with K=61 up to limit 1600
[2025-12-12 08:07:22] [generate_cnf] Generating formula bobsmdct with K=62
[2025-12-12 08:07:22] [run_formula] Running formula bobsmdct with K=62 up to limit 1600
[2025-12-12 08:07:23] [generate_cnf] Generating formula bobsmdct with K=63
[2025-12-12 08:07:23] [run_formula] Running formula bobsmdct with K=63 up to limit 1600
[2025-12-12 08:07:24] [generate_cnf] Generating formula bobsmdct with K=64
[2025-12-12 08:07:24] [run_formula] Running formula bobsmdct with K=64 up to limit 1600
[2025-12-12 08:07:25] [generate_cnf] Generating formula bobsmdct with K=65
[2025-12-12 08:07:25] [run_formula] Running formula bobsmdct with K=65 up to limit 1600
[2025-12-12 08:07:26] [generate_cnf] Generating formula bobsmdct with K=66
[2025-12-12 08:07:26] [run_formula] Running formula bobsmdct with K=66 up to limit 1600
[2025-12-12 08:07:27] [generate_cnf] Generating formula bobsmdct with K=67
[2025-12-12 08:07:27] [run_formula] Running formula bobsmdct with K=67 up to limit 1600
[2025-12-12 08:07:28] [generate_cnf] Generating formula bobsmdct with K=68
[2025-12-12 08:07:28] [run_formula] Running formula bobsmdct with K=68 up to limit 1600
[2025-12-12 08:07:30] [generate_cnf] Generating formula bobsmdct with K=69
[2025-12-12 08:07:30] [run_formula] Running formula bobsmdct with K=69 up to limit 1600
[2025-12-12 08:07:31] [generate_cnf] Generating formula bobsmdct with K=70
[2025-12-12 08:07:31] [run_formula] Running formula bobsmdct with K=70 up to limit 1600
[2025-12-12 08:07:32] [generate_cnf] Generating formula bobsmdct with K=71
[2025-12-12 08:07:32] [run_formula] Running formula bobsmdct with K=71 up to limit 1600
[2025-12-12 08:07:33] [generate_cnf] Generating formula bobsmdct with K=72
[2025-12-12 08:07:33] [run_formula] Running formula bobsmdct with K=72 up to limit 1600
[2025-12-12 08:07:34] [generate_cnf] Generating formula bobsmdct with K=73
[2025-12-12 08:07:35] [run_formula] Running formula bobsmdct with K=73 up to limit 1600
[2025-12-12 08:07:35] [generate_cnf] Generating formula bobsmdct with K=74
[2025-12-12 08:07:36] [run_formula] Running formula bobsmdct with K=74 up to limit 1600
[2025-12-12 08:07:36] [generate_cnf] Generating formula bobsmdct with K=75
[2025-12-12 08:07:37] [run_formula] Running formula bobsmdct with K=75 up to limit 1600
[2025-12-12 08:07:38] [generate_cnf] Generating formula bobsmdct with K=76
[2025-12-12 08:07:38] [run_formula] Running formula bobsmdct with K=76 up to limit 1600
[2025-12-12 08:07:39] [generate_cnf] Generating formula bobsmdct with K=77
[2025-12-12 08:07:39] [run_formula] Running formula bobsmdct with K=77 up to limit 1600
[2025-12-12 08:07:40] [generate_cnf] Generating formula bobsmdct with K=78
[2025-12-12 08:07:40] [run_formula] Running formula bobsmdct with K=78 up to limit 1600
[2025-12-12 08:07:41] [generate_cnf] Generating formula bobsmdct with K=79
[2025-12-12 08:07:41] [run_formula] Running formula bobsmdct with K=79 up to limit 1600
[2025-12-12 08:07:42] [generate_cnf] Generating formula bobsmdct with K=80
[2025-12-12 08:07:42] [run_formula] Running formula bobsmdct with K=80 up to limit 1600
[2025-12-12 08:07:44] [generate_cnf] Generating formula bobsmdct with K=81
[2025-12-12 08:07:44] [run_formula] Running formula bobsmdct with K=81 up to limit 1600
[2025-12-12 08:07:45] [generate_cnf] Generating formula bobsmdct with K=82
[2025-12-12 08:07:46] [run_formula] Running formula bobsmdct with K=82 up to limit 1600
[2025-12-12 08:07:47] [generate_cnf] Generating formula bobsmdct with K=83
[2025-12-12 08:07:47] [run_formula] Running formula bobsmdct with K=83 up to limit 1600
[2025-12-12 08:07:48] [generate_cnf] Generating formula bobsmdct with K=84
[2025-12-12 08:07:48] [run_formula] Running formula bobsmdct with K=84 up to limit 1600
[2025-12-12 08:07:49] [generate_cnf] Generating formula bobsmdct with K=85
[2025-12-12 08:07:50] [run_formula] Running formula bobsmdct with K=85 up to limit 1600
[2025-12-12 08:07:51] [generate_cnf] Generating formula bobsmdct with K=86
[2025-12-12 08:07:51] [run_formula] Running formula bobsmdct with K=86 up to limit 1600
[2025-12-12 08:07:52] [generate_cnf] Generating formula bobsmdct with K=87
[2025-12-12 08:07:52] [run_formula] Running formula bobsmdct with K=87 up to limit 1600
[2025-12-12 08:07:53] [generate_cnf] Generating formula bobsmdct with K=88
[2025-12-12 08:07:54] [run_formula] Running formula bobsmdct with K=88 up to limit 1600
[2025-12-12 08:07:55] [generate_cnf] Generating formula bobsmdct with K=89
[2025-12-12 08:07:55] [run_formula] Running formula bobsmdct with K=89 up to limit 1600
[2025-12-12 08:07:56] [generate_cnf] Generating formula bobsmdct with K=90
[2025-12-12 08:07:56] [run_formula] Running formula bobsmdct with K=90 up to limit 1600
[2025-12-12 08:07:57] [generate_cnf] Generating formula bobsmdct with K=91
[2025-12-12 08:07:58] [run_formula] Running formula bobsmdct with K=91 up to limit 1600
[2025-12-12 08:07:59] [generate_cnf] Generating formula bobsmdct with K=92
[2025-12-12 08:07:59] [run_formula] Running formula bobsmdct with K=92 up to limit 1600
[2025-12-12 08:08:00] [generate_cnf] Generating formula bobsmdct with K=93
[2025-12-12 08:08:01] [run_formula] Running formula bobsmdct with K=93 up to limit 1600
[2025-12-12 08:08:02] [generate_cnf] Generating formula bobsmdct with K=94
[2025-12-12 08:08:03] [run_formula] Running formula bobsmdct with K=94 up to limit 1600
[2025-12-12 08:08:04] [generate_cnf] Generating formula bobsmdct with K=95
[2025-12-12 08:08:04] [run_formula] Running formula bobsmdct with K=95 up to limit 1600
[2025-12-12 08:08:06] [generate_cnf] Generating formula bobsmdct with K=96
[2025-12-12 08:08:06] [run_formula] Running formula bobsmdct with K=96 up to limit 1600
[2025-12-12 08:08:07] [generate_cnf] Generating formula bobsmdct with K=97
[2025-12-12 08:08:08] [run_formula] Running formula bobsmdct with K=97 up to limit 1600
[2025-12-12 08:08:09] [generate_cnf] Generating formula bobsmdct with K=98
[2025-12-12 08:08:10] [run_formula] Running formula bobsmdct with K=98 up to limit 1600
[2025-12-12 08:08:11] [generate_cnf] Generating formula bobsmdct with K=99
[2025-12-12 08:08:11] [run_formula] Running formula bobsmdct with K=99 up to limit 1600
[2025-12-12 08:08:13] [generate_cnf] Generating formula bobsmdct with K=100
[2025-12-12 08:08:13] [run_formula] Running formula bobsmdct with K=100 up to limit 1600
[2025-12-12 08:08:15] [generate_cnf] Generating formula bobsmdct with K=101
[2025-12-12 08:08:15] [run_formula] Running formula bobsmdct with K=101 up to limit 1600
[2025-12-12 08:08:17] [generate_cnf] Generating formula bobsmdct with K=102
[2025-12-12 08:08:17] [run_formula] Running formula bobsmdct with K=102 up to limit 1600
[2025-12-12 08:08:19] [generate_cnf] Generating formula bobsmdct with K=103
[2025-12-12 08:08:19] [run_formula] Running formula bobsmdct with K=103 up to limit 1600
[2025-12-12 08:08:21] [generate_cnf] Generating formula bobsmdct with K=104
[2025-12-12 08:08:22] [run_formula] Running formula bobsmdct with K=104 up to limit 1600
[2025-12-12 08:08:24] [generate_cnf] Generating formula bobsmdct with K=105
[2025-12-12 08:08:24] [run_formula] Running formula bobsmdct with K=105 up to limit 1600
[2025-12-12 08:08:26] [generate_cnf] Generating formula bobsmdct with K=106
[2025-12-12 08:08:26] [run_formula] Running formula bobsmdct with K=106 up to limit 1600
[2025-12-12 08:08:28] [generate_cnf] Generating formula bobsmdct with K=107
[2025-12-12 08:08:28] [run_formula] Running formula bobsmdct with K=107 up to limit 1600
[2025-12-12 08:08:30] [generate_cnf] Generating formula bobsmdct with K=108
[2025-12-12 08:08:30] [run_formula] Running formula bobsmdct with K=108 up to limit 1600
[2025-12-12 08:08:32] [generate_cnf] Generating formula bobsmdct with K=109
[2025-12-12 08:08:32] [run_formula] Running formula bobsmdct with K=109 up to limit 1600
[2025-12-12 08:08:34] [generate_cnf] Generating formula bobsmdct with K=110
[2025-12-12 08:08:34] [run_formula] Running formula bobsmdct with K=110 up to limit 1600
[2025-12-12 08:08:37] [generate_cnf] Generating formula bobsmdct with K=111
[2025-12-12 08:08:37] [run_formula] Running formula bobsmdct with K=111 up to limit 1600
[2025-12-12 08:08:39] [generate_cnf] Generating formula bobsmdct with K=112
[2025-12-12 08:08:39] [run_formula] Running formula bobsmdct with K=112 up to limit 1600
[2025-12-12 08:08:41] [generate_cnf] Generating formula bobsmdct with K=113
[2025-12-12 08:08:41] [run_formula] Running formula bobsmdct with K=113 up to limit 1600
[2025-12-12 08:08:43] [generate_cnf] Generating formula bobsmdct with K=114
[2025-12-12 08:08:44] [run_formula] Running formula bobsmdct with K=114 up to limit 1600
[2025-12-12 08:08:46] [generate_cnf] Generating formula bobsmdct with K=115
[2025-12-12 08:08:46] [run_formula] Running formula bobsmdct with K=115 up to limit 1600
[2025-12-12 08:08:47] [generate_cnf] Generating formula bobsmdct with K=116
[2025-12-12 08:08:48] [run_formula] Running formula bobsmdct with K=116 up to limit 1600
[2025-12-12 08:08:50] [generate_cnf] Generating formula bobsmdct with K=117
[2025-12-12 08:08:50] [run_formula] Running formula bobsmdct with K=117 up to limit 1600
[2025-12-12 08:09:06] [generate_cnf] Generating formula bobsmdct with K=118
[2025-12-12 08:09:06] [run_formula] Running formula bobsmdct with K=118 up to limit 1600
[2025-12-12 08:09:09] [generate_cnf] Generating formula bobsmdct with K=119
[2025-12-12 08:09:09] [run_formula] Running formula bobsmdct with K=119 up to limit 1600
[2025-12-12 08:09:11] [generate_cnf] Generating formula bobsmdct with K=120
[2025-12-12 08:09:11] [run_formula] Running formula bobsmdct with K=120 up to limit 1600
[2025-12-12 08:09:13] [generate_cnf] Generating formula bobsmdct with K=121
[2025-12-12 08:09:13] [run_formula] Running formula bobsmdct with K=121 up to limit 1600
[2025-12-12 08:09:16] [generate_cnf] Generating formula bobsmdct with K=122
[2025-12-12 08:09:16] [run_formula] Running formula bobsmdct with K=122 up to limit 1600
[2025-12-12 08:09:18] [generate_cnf] Generating formula bobsmdct with K=123
[2025-12-12 08:09:18] [run_formula] Running formula bobsmdct with K=123 up to limit 1600
[2025-12-12 08:09:20] [generate_cnf] Generating formula bobsmdct with K=124
[2025-12-12 08:09:21] [run_formula] Running formula bobsmdct with K=124 up to limit 1600
[2025-12-12 08:09:23] [generate_cnf] Generating formula bobsmdct with K=125
[2025-12-12 08:09:23] [run_formula] Running formula bobsmdct with K=125 up to limit 1600
[2025-12-12 08:09:25] [generate_cnf] Generating formula bobsmdct with K=126
[2025-12-12 08:09:26] [run_formula] Running formula bobsmdct with K=126 up to limit 1600
[2025-12-12 08:09:28] [generate_cnf] Generating formula bobsmdct with K=127
[2025-12-12 08:09:28] [run_formula] Running formula bobsmdct with K=127 up to limit 1600
[2025-12-12 08:09:30] [generate_cnf] Generating formula bobsmdct with K=128
[2025-12-12 08:09:31] [run_formula] Running formula bobsmdct with K=128 up to limit 1600
[2025-12-12 08:09:32] [generate_cnf] Generating formula bobsmdct with K=129
[2025-12-12 08:09:33] [run_formula] Running formula bobsmdct with K=129 up to limit 1600
[2025-12-12 08:09:35] [generate_cnf] Generating formula bobsmdct with K=130
[2025-12-12 08:09:35] [run_formula] Running formula bobsmdct with K=130 up to limit 1600
[2025-12-12 08:09:38] [generate_cnf] Generating formula bobsmdct with K=131
[2025-12-12 08:09:38] [run_formula] Running formula bobsmdct with K=131 up to limit 1600
[2025-12-12 08:09:40] [generate_cnf] Generating formula bobsmdct with K=132
[2025-12-12 08:09:40] [run_formula] Running formula bobsmdct with K=132 up to limit 1600
[2025-12-12 08:09:43] [generate_cnf] Generating formula bobsmdct with K=133
[2025-12-12 08:09:43] [run_formula] Running formula bobsmdct with K=133 up to limit 1600
[2025-12-12 08:09:45] [generate_cnf] Generating formula bobsmdct with K=134
[2025-12-12 08:09:46] [run_formula] Running formula bobsmdct with K=134 up to limit 1600
[2025-12-12 08:09:48] [generate_cnf] Generating formula bobsmdct with K=135
[2025-12-12 08:09:48] [run_formula] Running formula bobsmdct with K=135 up to limit 1600
[2025-12-12 08:09:50] [generate_cnf] Generating formula bobsmdct with K=136
[2025-12-12 08:09:51] [run_formula] Running formula bobsmdct with K=136 up to limit 1600
[2025-12-12 08:09:53] [generate_cnf] Generating formula bobsmdct with K=137
[2025-12-12 08:09:53] [run_formula] Running formula bobsmdct with K=137 up to limit 1600
[2025-12-12 08:09:56] [generate_cnf] Generating formula bobsmdct with K=138
[2025-12-12 08:09:56] [run_formula] Running formula bobsmdct with K=138 up to limit 1600
[2025-12-12 08:09:59] [generate_cnf] Generating formula bobsmdct with K=139
[2025-12-12 08:09:59] [run_formula] Running formula bobsmdct with K=139 up to limit 1600
[2025-12-12 08:10:02] [generate_cnf] Generating formula bobsmdct with K=140
[2025-12-12 08:10:02] [run_formula] Running formula bobsmdct with K=140 up to limit 1600
[2025-12-12 08:10:05] [generate_cnf] Generating formula bobsmdct with K=141
[2025-12-12 08:10:05] [run_formula] Running formula bobsmdct with K=141 up to limit 1600
[2025-12-12 08:10:08] [generate_cnf] Generating formula bobsmdct with K=142
[2025-12-12 08:10:08] [run_formula] Running formula bobsmdct with K=142 up to limit 1600
[2025-12-12 08:10:10] [generate_cnf] Generating formula bobsmdct with K=143
[2025-12-12 08:10:11] [run_formula] Running formula bobsmdct with K=143 up to limit 1600
[2025-12-12 08:10:13] [generate_cnf] Generating formula bobsmdct with K=144
[2025-12-12 08:10:14] [run_formula] Running formula bobsmdct with K=144 up to limit 1600
[2025-12-12 08:10:17] [generate_cnf] Generating formula bobsmdct with K=145
[2025-12-12 08:10:17] [run_formula] Running formula bobsmdct with K=145 up to limit 1600
[2025-12-12 08:10:20] [generate_cnf] Generating formula bobsmdct with K=146
[2025-12-12 08:10:20] [run_formula] Running formula bobsmdct with K=146 up to limit 1600
[2025-12-12 08:10:22] [generate_cnf] Generating formula bobsmdct with K=147
[2025-12-12 08:10:23] [run_formula] Running formula bobsmdct with K=147 up to limit 1600
[2025-12-12 08:10:25] [generate_cnf] Generating formula bobsmdct with K=148
[2025-12-12 08:10:25] [run_formula] Running formula bobsmdct with K=148 up to limit 1600
[2025-12-12 08:10:28] [generate_cnf] Generating formula bobsmdct with K=149
[2025-12-12 08:10:28] [run_formula] Running formula bobsmdct with K=149 up to limit 1600
[2025-12-12 08:10:30] [generate_cnf] Generating formula bobsmdct with K=150
[2025-12-12 08:10:31] [run_formula] Running formula bobsmdct with K=150 up to limit 1600
[2025-12-12 08:10:33] [generate_cnf] Generating formula bobsmdct with K=151
[2025-12-12 08:10:34] [run_formula] Running formula bobsmdct with K=151 up to limit 1600
[2025-12-12 08:10:36] [generate_cnf] Generating formula bobsmdct with K=152
[2025-12-12 08:10:37] [run_formula] Running formula bobsmdct with K=152 up to limit 1600
[2025-12-12 08:10:40] [generate_cnf] Generating formula bobsmdct with K=153
[2025-12-12 08:10:41] [run_formula] Running formula bobsmdct with K=153 up to limit 1600
[2025-12-12 08:10:43] [generate_cnf] Generating formula bobsmdct with K=154
[2025-12-12 08:10:43] [run_formula] Running formula bobsmdct with K=154 up to limit 1600
[2025-12-12 08:10:46] [generate_cnf] Generating formula bobsmdct with K=155
[2025-12-12 08:10:46] [run_formula] Running formula bobsmdct with K=155 up to limit 1600
[2025-12-12 08:10:50] [generate_cnf] Generating formula bobsmdct with K=156
[2025-12-12 08:10:50] [run_formula] Running formula bobsmdct with K=156 up to limit 1600
[2025-12-12 08:10:52] [generate_cnf] Generating formula bobsmdct with K=157
[2025-12-12 08:10:53] [run_formula] Running formula bobsmdct with K=157 up to limit 1600
[2025-12-12 08:10:55] [generate_cnf] Generating formula bobsmdct with K=158
[2025-12-12 08:10:56] [run_formula] Running formula bobsmdct with K=158 up to limit 1600
[2025-12-12 08:10:58] [generate_cnf] Generating formula bobsmdct with K=159
[2025-12-12 08:10:59] [run_formula] Running formula bobsmdct with K=159 up to limit 1600
[2025-12-12 08:11:01] [generate_cnf] Generating formula bobsmdct with K=160
[2025-12-12 08:11:01] [run_formula] Running formula bobsmdct with K=160 up to limit 1600
[2025-12-12 08:11:04] [generate_cnf] Generating formula bobsmdct with K=161
[2025-12-12 08:11:04] [run_formula] Running formula bobsmdct with K=161 up to limit 1600
[2025-12-12 08:11:07] [generate_cnf] Generating formula bobsmdct with K=162
[2025-12-12 08:11:07] [run_formula] Running formula bobsmdct with K=162 up to limit 1600
[2025-12-12 08:11:10] [generate_cnf] Generating formula bobsmdct with K=163
[2025-12-12 08:11:11] [run_formula] Running formula bobsmdct with K=163 up to limit 1600
[2025-12-12 08:11:14] [generate_cnf] Generating formula bobsmdct with K=164
[2025-12-12 08:11:15] [run_formula] Running formula bobsmdct with K=164 up to limit 1600
[2025-12-12 08:11:17] [generate_cnf] Generating formula bobsmdct with K=165
[2025-12-12 08:11:18] [run_formula] Running formula bobsmdct with K=165 up to limit 1600
[2025-12-12 08:11:21] [generate_cnf] Generating formula bobsmdct with K=166
[2025-12-12 08:11:22] [run_formula] Running formula bobsmdct with K=166 up to limit 1600
[2025-12-12 08:11:25] [generate_cnf] Generating formula bobsmdct with K=167
[2025-12-12 08:11:25] [run_formula] Running formula bobsmdct with K=167 up to limit 1600
[2025-12-12 08:11:28] [generate_cnf] Generating formula bobsmdct with K=168
[2025-12-12 08:11:28] [run_formula] Running formula bobsmdct with K=168 up to limit 1600
[2025-12-12 08:11:31] [generate_cnf] Generating formula bobsmdct with K=169
[2025-12-12 08:11:32] [run_formula] Running formula bobsmdct with K=169 up to limit 1600
[2025-12-12 08:11:35] [generate_cnf] Generating formula bobsmdct with K=170
[2025-12-12 08:11:35] [run_formula] Running formula bobsmdct with K=170 up to limit 1600
[2025-12-12 08:11:38] [generate_cnf] Generating formula bobsmdct with K=171
[2025-12-12 08:11:38] [run_formula] Running formula bobsmdct with K=171 up to limit 1600
[2025-12-12 08:11:40] [generate_cnf] Generating formula bobsmdct with K=172
[2025-12-12 08:11:40] [run_formula] Running formula bobsmdct with K=172 up to limit 1600
[2025-12-12 08:11:42] [generate_cnf] Generating formula bobsmdct with K=173
[2025-12-12 08:11:43] [run_formula] Running formula bobsmdct with K=173 up to limit 1600
[2025-12-12 08:11:45] [generate_cnf] Generating formula bobsmdct with K=174
[2025-12-12 08:11:46] [run_formula] Running formula bobsmdct with K=174 up to limit 1600
[2025-12-12 08:11:48] [generate_cnf] Generating formula bobsmdct with K=175
[2025-12-12 08:11:49] [run_formula] Running formula bobsmdct with K=175 up to limit 1600
[2025-12-12 08:11:51] [generate_cnf] Generating formula bobsmdct with K=176
[2025-12-12 08:11:52] [run_formula] Running formula bobsmdct with K=176 up to limit 1600
[2025-12-12 08:11:54] [generate_cnf] Generating formula bobsmdct with K=177
[2025-12-12 08:11:55] [run_formula] Running formula bobsmdct with K=177 up to limit 1600
[2025-12-12 08:11:57] [generate_cnf] Generating formula bobsmdct with K=178
[2025-12-12 08:11:58] [run_formula] Running formula bobsmdct with K=178 up to limit 1600
[2025-12-12 08:12:00] [generate_cnf] Generating formula bobsmdct with K=179
[2025-12-12 08:12:01] [run_formula] Running formula bobsmdct with K=179 up to limit 1600
[2025-12-12 08:12:04] [generate_cnf] Generating formula bobsmdct with K=180
[2025-12-12 08:12:04] [run_formula] Running formula bobsmdct with K=180 up to limit 1600
[2025-12-12 08:12:08] [generate_cnf] Generating formula bobsmdct with K=181
[2025-12-12 08:12:08] [run_formula] Running formula bobsmdct with K=181 up to limit 1600
[2025-12-12 08:12:12] [generate_cnf] Generating formula bobsmdct with K=182
[2025-12-12 08:12:12] [run_formula] Running formula bobsmdct with K=182 up to limit 1600
[2025-12-12 08:12:16] [generate_cnf] Generating formula bobsmdct with K=183
[2025-12-12 08:12:17] [run_formula] Running formula bobsmdct with K=183 up to limit 1600
[2025-12-12 08:12:19] [generate_cnf] Generating formula bobsmdct with K=184
[2025-12-12 08:12:20] [run_formula] Running formula bobsmdct with K=184 up to limit 1600
[2025-12-12 08:12:22] [generate_cnf] Generating formula bobsmdct with K=185
[2025-12-12 08:12:23] [run_formula] Running formula bobsmdct with K=185 up to limit 1600
[2025-12-12 08:12:26] [generate_cnf] Generating formula bobsmdct with K=186
[2025-12-12 08:12:27] [run_formula] Running formula bobsmdct with K=186 up to limit 1600
[2025-12-12 08:12:31] [generate_cnf] Generating formula bobsmdct with K=187
[2025-12-12 08:12:31] [run_formula] Running formula bobsmdct with K=187 up to limit 1600
[2025-12-12 08:12:34] [generate_cnf] Generating formula bobsmdct with K=188
[2025-12-12 08:12:34] [run_formula] Running formula bobsmdct with K=188 up to limit 1600
[2025-12-12 08:12:37] [generate_cnf] Generating formula bobsmdct with K=189
[2025-12-12 08:12:38] [run_formula] Running formula bobsmdct with K=189 up to limit 1600
[2025-12-12 08:12:41] [generate_cnf] Generating formula bobsmdct with K=190
[2025-12-12 08:12:41] [run_formula] Running formula bobsmdct with K=190 up to limit 1600
[2025-12-12 08:12:45] [generate_cnf] Generating formula bobsmdct with K=191
[2025-12-12 08:12:45] [run_formula] Running formula bobsmdct with K=191 up to limit 1600
[2025-12-12 08:12:49] [generate_cnf] Generating formula bobsmdct with K=192
[2025-12-12 08:12:50] [run_formula] Running formula bobsmdct with K=192 up to limit 1600
[2025-12-12 08:12:54] [generate_cnf] Generating formula bobsmdct with K=193
[2025-12-12 08:12:54] [run_formula] Running formula bobsmdct with K=193 up to limit 1600
[2025-12-12 08:12:58] [generate_cnf] Generating formula bobsmdct with K=194
[2025-12-12 08:12:58] [run_formula] Running formula bobsmdct with K=194 up to limit 1600
[2025-12-12 08:13:01] [generate_cnf] Generating formula bobsmdct with K=195
[2025-12-12 08:13:02] [run_formula] Running formula bobsmdct with K=195 up to limit 1600
[2025-12-12 08:13:05] [generate_cnf] Generating formula bobsmdct with K=196
[2025-12-12 08:13:06] [run_formula] Running formula bobsmdct with K=196 up to limit 1600
[2025-12-12 08:13:09] [generate_cnf] Generating formula bobsmdct with K=197
[2025-12-12 08:13:09] [run_formula] Running formula bobsmdct with K=197 up to limit 1600
[2025-12-12 08:13:13] [generate_cnf] Generating formula bobsmdct with K=198
[2025-12-12 08:13:13] [run_formula] Running formula bobsmdct with K=198 up to limit 1600
[2025-12-12 08:13:17] [generate_cnf] Generating formula bobsmdct with K=199
[2025-12-12 08:13:17] [run_formula] Running formula bobsmdct with K=199 up to limit 1600
[2025-12-12 08:13:21] [generate_cnf] Generating formula bobsmdct with K=200
[2025-12-12 08:13:22] [run_formula] Running formula bobsmdct with K=200 up to limit 1600
[2025-12-12 08:13:25] [generate_cnf] Generating formula bobsmdct with K=201
[2025-12-12 08:13:26] [run_formula] Running formula bobsmdct with K=201 up to limit 1600
[2025-12-12 08:13:29] [generate_cnf] Generating formula bobsmdct with K=202
[2025-12-12 08:13:29] [run_formula] Running formula bobsmdct with K=202 up to limit 1600
[2025-12-12 08:13:33] [generate_cnf] Generating formula bobsmdct with K=203
[2025-12-12 08:13:34] [run_formula] Running formula bobsmdct with K=203 up to limit 1600
[2025-12-12 08:13:37] [generate_cnf] Generating formula bobsmdct with K=204
[2025-12-12 08:13:38] [run_formula] Running formula bobsmdct with K=204 up to limit 1600
[2025-12-12 08:13:42] [generate_cnf] Generating formula bobsmdct with K=205
[2025-12-12 08:13:43] [run_formula] Running formula bobsmdct with K=205 up to limit 1600
[2025-12-12 08:13:46] [generate_cnf] Generating formula bobsmdct with K=206
[2025-12-12 08:13:47] [run_formula] Running formula bobsmdct with K=206 up to limit 1600
[2025-12-12 08:13:49] [generate_cnf] Generating formula bobsmdct with K=207
[2025-12-12 08:13:50] [run_formula] Running formula bobsmdct with K=207 up to limit 1600
[2025-12-12 08:13:54] [generate_cnf] Generating formula bobsmdct with K=208
[2025-12-12 08:13:55] [run_formula] Running formula bobsmdct with K=208 up to limit 1600
[2025-12-12 08:13:58] [generate_cnf] Generating formula bobsmdct with K=209
[2025-12-12 08:13:59] [run_formula] Running formula bobsmdct with K=209 up to limit 1600
[2025-12-12 08:14:03] [generate_cnf] Generating formula bobsmdct with K=210
[2025-12-12 08:14:03] [run_formula] Running formula bobsmdct with K=210 up to limit 1600
[2025-12-12 08:14:07] [generate_cnf] Generating formula bobsmdct with K=211
[2025-12-12 08:14:08] [run_formula] Running formula bobsmdct with K=211 up to limit 1600
[2025-12-12 08:14:12] [generate_cnf] Generating formula bobsmdct with K=212
[2025-12-12 08:14:12] [run_formula] Running formula bobsmdct with K=212 up to limit 1600
[2025-12-12 08:14:16] [generate_cnf] Generating formula bobsmdct with K=213
[2025-12-12 08:14:16] [run_formula] Running formula bobsmdct with K=213 up to limit 1600
[2025-12-12 08:14:20] [generate_cnf] Generating formula bobsmdct with K=214
[2025-12-12 08:14:20] [run_formula] Running formula bobsmdct with K=214 up to limit 1600
[2025-12-12 08:14:25] [generate_cnf] Generating formula bobsmdct with K=215
[2025-12-12 08:14:26] [run_formula] Running formula bobsmdct with K=215 up to limit 1600
[2025-12-12 08:14:30] [generate_cnf] Generating formula bobsmdct with K=216
[2025-12-12 08:14:30] [run_formula] Running formula bobsmdct with K=216 up to limit 1600
[2025-12-12 08:14:33] [generate_cnf] Generating formula bobsmdct with K=217
[2025-12-12 08:14:34] [run_formula] Running formula bobsmdct with K=217 up to limit 1600
[2025-12-12 08:14:39] [generate_cnf] Generating formula bobsmdct with K=218
[2025-12-12 08:14:40] [run_formula] Running formula bobsmdct with K=218 up to limit 1600
[2025-12-12 08:14:43] [generate_cnf] Generating formula bobsmdct with K=219
[2025-12-12 08:14:44] [run_formula] Running formula bobsmdct with K=219 up to limit 1600
[2025-12-12 08:14:47] [generate_cnf] Generating formula bobsmdct with K=220
[2025-12-12 08:14:48] [run_formula] Running formula bobsmdct with K=220 up to limit 1600
[2025-12-12 08:14:52] [generate_cnf] Generating formula bobsmdct with K=221
[2025-12-12 08:14:52] [run_formula] Running formula bobsmdct with K=221 up to limit 1600
[2025-12-12 08:14:56] [generate_cnf] Generating formula bobsmdct with K=222
[2025-12-12 08:14:57] [run_formula] Running formula bobsmdct with K=222 up to limit 1600
[2025-12-12 08:15:00] [generate_cnf] Generating formula bobsmdct with K=223
[2025-12-12 08:15:00] [run_formula] Running formula bobsmdct with K=223 up to limit 1600
[2025-12-12 08:15:04] [generate_cnf] Generating formula bobsmdct with K=224
[2025-12-12 08:15:04] [run_formula] Running formula bobsmdct with K=224 up to limit 1600
[2025-12-12 08:15:09] [generate_cnf] Generating formula bobsmdct with K=225
[2025-12-12 08:15:10] [run_formula] Running formula bobsmdct with K=225 up to limit 1600
[2025-12-12 08:15:14] [generate_cnf] Generating formula bobsmdct with K=226
[2025-12-12 08:15:14] [run_formula] Running formula bobsmdct with K=226 up to limit 1600
[2025-12-12 08:15:18] [generate_cnf] Generating formula bobsmdct with K=227
[2025-12-12 08:15:18] [run_formula] Running formula bobsmdct with K=227 up to limit 1600
[2025-12-12 08:15:22] [generate_cnf] Generating formula bobsmdct with K=228
[2025-12-12 08:15:22] [run_formula] Running formula bobsmdct with K=228 up to limit 1600
[2025-12-12 08:15:26] [generate_cnf] Generating formula bobsmdct with K=229
[2025-12-12 08:15:27] [run_formula] Running formula bobsmdct with K=229 up to limit 1600
[2025-12-12 08:15:31] [generate_cnf] Generating formula bobsmdct with K=230
[2025-12-12 08:15:32] [run_formula] Running formula bobsmdct with K=230 up to limit 1600
[2025-12-12 08:15:36] [generate_cnf] Generating formula bobsmdct with K=231
[2025-12-12 08:15:37] [run_formula] Running formula bobsmdct with K=231 up to limit 1600
[2025-12-12 08:15:41] [generate_cnf] Generating formula bobsmdct with K=232
[2025-12-12 08:15:41] [run_formula] Running formula bobsmdct with K=232 up to limit 1600
[2025-12-12 08:15:45] [generate_cnf] Generating formula bobsmdct with K=233
[2025-12-12 08:15:46] [run_formula] Running formula bobsmdct with K=233 up to limit 1600
[2025-12-12 08:15:50] [generate_cnf] Generating formula bobsmdct with K=234
[2025-12-12 08:15:51] [run_formula] Running formula bobsmdct with K=234 up to limit 1600
[2025-12-12 08:15:55] [generate_cnf] Generating formula bobsmdct with K=235
[2025-12-12 08:15:56] [run_formula] Running formula bobsmdct with K=235 up to limit 1600
[2025-12-12 08:16:00] [generate_cnf] Generating formula bobsmdct with K=236
[2025-12-12 08:16:01] [run_formula] Running formula bobsmdct with K=236 up to limit 1600
[2025-12-12 08:16:04] [generate_cnf] Generating formula bobsmdct with K=237
[2025-12-12 08:16:05] [run_formula] Running formula bobsmdct with K=237 up to limit 1600
[2025-12-12 08:16:09] [generate_cnf] Generating formula bobsmdct with K=238
[2025-12-12 08:16:10] [run_formula] Running formula bobsmdct with K=238 up to limit 1600
[2025-12-12 08:16:14] [generate_cnf] Generating formula bobsmdct with K=239
[2025-12-12 08:16:15] [run_formula] Running formula bobsmdct with K=239 up to limit 1600
[2025-12-12 08:16:19] [generate_cnf] Generating formula bobsmdct with K=240
[2025-12-12 08:16:19] [run_formula] Running formula bobsmdct with K=240 up to limit 1600
[2025-12-12 08:16:23] [generate_cnf] Generating formula bobsmdct with K=241
[2025-12-12 08:16:24] [run_formula] Running formula bobsmdct with K=241 up to limit 1600
[2025-12-12 08:16:28] [generate_cnf] Generating formula bobsmdct with K=242
[2025-12-12 08:16:28] [run_formula] Running formula bobsmdct with K=242 up to limit 1600
[2025-12-12 08:16:32] [generate_cnf] Generating formula bobsmdct with K=243
[2025-12-12 08:16:33] [run_formula] Running formula bobsmdct with K=243 up to limit 1600
[2025-12-12 08:16:37] [generate_cnf] Generating formula bobsmdct with K=244
[2025-12-12 08:16:38] [run_formula] Running formula bobsmdct with K=244 up to limit 1600
[2025-12-12 08:16:43] [generate_cnf] Generating formula bobsmdct with K=245
[2025-12-12 08:16:44] [run_formula] Running formula bobsmdct with K=245 up to limit 1600
[2025-12-12 08:16:50] [generate_cnf] Generating formula bobsmdct with K=246
[2025-12-12 08:16:51] [run_formula] Running formula bobsmdct with K=246 up to limit 1600
[2025-12-12 08:16:55] [generate_cnf] Generating formula bobsmdct with K=247
[2025-12-12 08:16:56] [run_formula] Running formula bobsmdct with K=247 up to limit 1600
[2025-12-12 08:16:59] [generate_cnf] Generating formula bobsmdct with K=248
[2025-12-12 08:17:00] [run_formula] Running formula bobsmdct with K=248 up to limit 1600
[2025-12-12 08:17:04] [generate_cnf] Generating formula bobsmdct with K=249
[2025-12-12 08:17:05] [run_formula] Running formula bobsmdct with K=249 up to limit 1600
[2025-12-12 08:17:10] [generate_cnf] Generating formula bobsmdct with K=250
[2025-12-12 08:17:11] [run_formula] Running formula bobsmdct with K=250 up to limit 1600
[2025-12-12 08:17:17] [generate_cnf] Generating formula bobsmdct with K=251
[2025-12-12 08:17:17] [run_formula] Running formula bobsmdct with K=251 up to limit 1600
[2025-12-12 08:17:22] [generate_cnf] Generating formula bobsmdct with K=252
[2025-12-12 08:17:23] [run_formula] Running formula bobsmdct with K=252 up to limit 1600
[2025-12-12 08:17:27] [generate_cnf] Generating formula bobsmdct with K=253
[2025-12-12 08:17:27] [run_formula] Running formula bobsmdct with K=253 up to limit 1600
[2025-12-12 08:17:31] [generate_cnf] Generating formula bobsmdct with K=254
[2025-12-12 08:17:32] [run_formula] Running formula bobsmdct with K=254 up to limit 1600
[2025-12-12 08:17:37] [generate_cnf] Generating formula bobsmdct with K=255
[2025-12-12 08:17:37] [run_formula] Running formula bobsmdct with K=255 up to limit 1600
[2025-12-12 08:17:40] [generate_cnf] Generating formula bobsmdct with K=256
[2025-12-12 08:17:40] [run_formula] Running formula bobsmdct with K=256 up to limit 1600
[2025-12-12 08:17:44] [generate_cnf] Generating formula bobsmdct with K=257
[2025-12-12 08:17:44] [run_formula] Running formula bobsmdct with K=257 up to limit 1600
[2025-12-12 08:17:48] [generate_cnf] Generating formula bobsmdct with K=258
[2025-12-12 08:17:49] [run_formula] Running formula bobsmdct with K=258 up to limit 1600
[2025-12-12 08:17:54] [generate_cnf] Generating formula bobsmdct with K=259
[2025-12-12 08:17:54] [run_formula] Running formula bobsmdct with K=259 up to limit 1600
[2025-12-12 08:17:58] [generate_cnf] Generating formula bobsmdct with K=260
[2025-12-12 08:17:59] [run_formula] Running formula bobsmdct with K=260 up to limit 1600
[2025-12-12 08:18:02] [generate_cnf] Generating formula bobsmdct with K=261
[2025-12-12 08:18:03] [run_formula] Running formula bobsmdct with K=261 up to limit 1600
[2025-12-12 08:18:07] [generate_cnf] Generating formula bobsmdct with K=262
[2025-12-12 08:18:08] [run_formula] Running formula bobsmdct with K=262 up to limit 1600
[2025-12-12 08:18:13] [generate_cnf] Generating formula bobsmdct with K=263
[2025-12-12 08:18:14] [run_formula] Running formula bobsmdct with K=263 up to limit 1600
[2025-12-12 08:18:18] [generate_cnf] Generating formula bobsmdct with K=264
[2025-12-12 08:18:18] [run_formula] Running formula bobsmdct with K=264 up to limit 1600
[2025-12-12 08:18:22] [generate_cnf] Generating formula bobsmdct with K=265
[2025-12-12 08:18:23] [run_formula] Running formula bobsmdct with K=265 up to limit 1600
[2025-12-12 08:18:28] [generate_cnf] Generating formula bobsmdct with K=266
[2025-12-12 08:18:28] [run_formula] Running formula bobsmdct with K=266 up to limit 1600
[2025-12-12 08:18:33] [generate_cnf] Generating formula bobsmdct with K=267
[2025-12-12 08:18:34] [run_formula] Running formula bobsmdct with K=267 up to limit 1600
[2025-12-12 08:18:38] [generate_cnf] Generating formula bobsmdct with K=268
[2025-12-12 08:18:39] [run_formula] Running formula bobsmdct with K=268 up to limit 1600
[2025-12-12 08:18:43] [generate_cnf] Generating formula bobsmdct with K=269
[2025-12-12 08:18:44] [run_formula] Running formula bobsmdct with K=269 up to limit 1600
[2025-12-12 08:18:51] [generate_cnf] Generating formula bobsmdct with K=270
[2025-12-12 08:18:52] [run_formula] Running formula bobsmdct with K=270 up to limit 1600
[2025-12-12 08:18:57] [generate_cnf] Generating formula bobsmdct with K=271
[2025-12-12 08:18:58] [run_formula] Running formula bobsmdct with K=271 up to limit 1600
[2025-12-12 08:19:02] [generate_cnf] Generating formula bobsmdct with K=272
[2025-12-12 08:19:03] [run_formula] Running formula bobsmdct with K=272 up to limit 1600
[2025-12-12 08:19:07] [generate_cnf] Generating formula bobsmdct with K=273
[2025-12-12 08:19:08] [run_formula] Running formula bobsmdct with K=273 up to limit 1600
[2025-12-12 08:19:12] [generate_cnf] Generating formula bobsmdct with K=274
[2025-12-12 08:19:13] [run_formula] Running formula bobsmdct with K=274 up to limit 1600
[2025-12-12 08:19:18] [generate_cnf] Generating formula bobsmdct with K=275
[2025-12-12 08:19:19] [run_formula] Running formula bobsmdct with K=275 up to limit 1600
[2025-12-12 08:19:22] [generate_cnf] Generating formula bobsmdct with K=276
[2025-12-12 08:19:23] [run_formula] Running formula bobsmdct with K=276 up to limit 1600
[2025-12-12 08:19:26] [generate_cnf] Generating formula bobsmdct with K=277
[2025-12-12 08:19:27] [run_formula] Running formula bobsmdct with K=277 up to limit 1600
[2025-12-12 08:19:30] [generate_cnf] Generating formula bobsmdct with K=278
[2025-12-12 08:19:31] [run_formula] Running formula bobsmdct with K=278 up to limit 1600
[2025-12-12 08:19:36] [generate_cnf] Generating formula bobsmdct with K=279
[2025-12-12 08:19:36] [run_formula] Running formula bobsmdct with K=279 up to limit 1600
[2025-12-12 08:19:41] [generate_cnf] Generating formula bobsmdct with K=280
[2025-12-12 08:19:41] [run_formula] Running formula bobsmdct with K=280 up to limit 1600
[2025-12-12 08:19:48] [generate_cnf] Generating formula bobsmdct with K=281
[2025-12-12 08:19:48] [run_formula] Running formula bobsmdct with K=281 up to limit 1600
[2025-12-12 08:19:52] [generate_cnf] Generating formula bobsmdct with K=282
[2025-12-12 08:19:53] [run_formula] Running formula bobsmdct with K=282 up to limit 1600
[2025-12-12 08:19:58] [generate_cnf] Generating formula bobsmdct with K=283
[2025-12-12 08:19:59] [run_formula] Running formula bobsmdct with K=283 up to limit 1600
[2025-12-12 08:20:04] [generate_cnf] Generating formula bobsmdct with K=284
[2025-12-12 08:20:05] [run_formula] Running formula bobsmdct with K=284 up to limit 1600
[2025-12-12 08:20:10] [generate_cnf] Generating formula bobsmdct with K=285
[2025-12-12 08:20:11] [run_formula] Running formula bobsmdct with K=285 up to limit 1600
[2025-12-12 08:20:16] [generate_cnf] Generating formula bobsmdct with K=286
[2025-12-12 08:20:17] [run_formula] Running formula bobsmdct with K=286 up to limit 1600
[2025-12-12 08:20:22] [generate_cnf] Generating formula bobsmdct with K=287
[2025-12-12 08:20:23] [run_formula] Running formula bobsmdct with K=287 up to limit 1600
[2025-12-12 08:20:28] [generate_cnf] Generating formula bobsmdct with K=288
[2025-12-12 08:20:29] [run_formula] Running formula bobsmdct with K=288 up to limit 1600
[2025-12-12 08:20:34] [generate_cnf] Generating formula bobsmdct with K=289
[2025-12-12 08:20:35] [run_formula] Running formula bobsmdct with K=289 up to limit 1600
[2025-12-12 08:20:40] [generate_cnf] Generating formula bobsmdct with K=290
[2025-12-12 08:20:41] [run_formula] Running formula bobsmdct with K=290 up to limit 1600
[2025-12-12 08:20:46] [generate_cnf] Generating formula bobsmdct with K=291
[2025-12-12 08:20:47] [run_formula] Running formula bobsmdct with K=291 up to limit 1600
[2025-12-12 08:20:53] [generate_cnf] Generating formula bobsmdct with K=292
[2025-12-12 08:20:54] [run_formula] Running formula bobsmdct with K=292 up to limit 1600
[2025-12-12 08:21:00] [generate_cnf] Generating formula bobsmdct with K=293
[2025-12-12 08:21:01] [run_formula] Running formula bobsmdct with K=293 up to limit 1600
[2025-12-12 08:21:07] [generate_cnf] Generating formula bobsmdct with K=294
[2025-12-12 08:21:07] [run_formula] Running formula bobsmdct with K=294 up to limit 1600
[2025-12-12 08:21:14] [generate_cnf] Generating formula bobsmdct with K=295
[2025-12-12 08:21:15] [run_formula] Running formula bobsmdct with K=295 up to limit 1600
[2025-12-12 08:21:21] [generate_cnf] Generating formula bobsmdct with K=296
[2025-12-12 08:21:21] [run_formula] Running formula bobsmdct with K=296 up to limit 1600
[2025-12-12 08:21:26] [generate_cnf] Generating formula bobsmdct with K=297
[2025-12-12 08:21:27] [run_formula] Running formula bobsmdct with K=297 up to limit 1600
[2025-12-12 08:21:32] [generate_cnf] Generating formula bobsmdct with K=298
[2025-12-12 08:21:33] [run_formula] Running formula bobsmdct with K=298 up to limit 1600
[2025-12-12 08:21:38] [generate_cnf] Generating formula bobsmdct with K=299
[2025-12-12 08:21:39] [run_formula] Running formula bobsmdct with K=299 up to limit 1600
[2025-12-12 08:21:44] [generate_cnf] Generating formula bobsmdct with K=300
[2025-12-12 08:21:45] [run_formula] Running formula bobsmdct with K=300 up to limit 1600
[2025-12-12 08:21:51] [generate_cnf] Generating formula bobsmdct with K=301
[2025-12-12 08:21:51] [run_formula] Running formula bobsmdct with K=301 up to limit 1600
[2025-12-12 08:21:55] [generate_cnf] Generating formula bobsmdct with K=302
[2025-12-12 08:21:56] [run_formula] Running formula bobsmdct with K=302 up to limit 1600
[2025-12-12 08:22:01] [generate_cnf] Generating formula bobsmdct with K=303
[2025-12-12 08:22:01] [run_formula] Running formula bobsmdct with K=303 up to limit 1600
[2025-12-12 08:22:07] [generate_cnf] Generating formula bobsmdct with K=304
[2025-12-12 08:22:08] [run_formula] Running formula bobsmdct with K=304 up to limit 1600
[2025-12-12 08:22:14] [generate_cnf] Generating formula bobsmdct with K=305
[2025-12-12 08:22:15] [run_formula] Running formula bobsmdct with K=305 up to limit 1600
[2025-12-12 08:22:20] [generate_cnf] Generating formula bobsmdct with K=306
[2025-12-12 08:22:21] [run_formula] Running formula bobsmdct with K=306 up to limit 1600
[2025-12-12 08:22:28] [generate_cnf] Generating formula bobsmdct with K=307
[2025-12-12 08:22:29] [run_formula] Running formula bobsmdct with K=307 up to limit 1600
[2025-12-12 08:22:36] [generate_cnf] Generating formula bobsmdct with K=308
[2025-12-12 08:22:36] [run_formula] Running formula bobsmdct with K=308 up to limit 1600
[2025-12-12 08:22:41] [generate_cnf] Generating formula bobsmdct with K=309
[2025-12-12 08:22:42] [run_formula] Running formula bobsmdct with K=309 up to limit 1600
[2025-12-12 08:22:52] [generate_cnf] Generating formula bobsmdct with K=310
[2025-12-12 08:22:53] [run_formula] Running formula bobsmdct with K=310 up to limit 1600
[2025-12-12 08:22:58] [generate_cnf] Generating formula bobsmdct with K=311
[2025-12-12 08:22:59] [run_formula] Running formula bobsmdct with K=311 up to limit 1600
[2025-12-12 08:23:06] [generate_cnf] Generating formula bobsmdct with K=312
[2025-12-12 08:23:07] [run_formula] Running formula bobsmdct with K=312 up to limit 1600
[2025-12-12 08:23:13] [generate_cnf] Generating formula bobsmdct with K=313
[2025-12-12 08:23:14] [run_formula] Running formula bobsmdct with K=313 up to limit 1600
[2025-12-12 08:23:21] [generate_cnf] Generating formula bobsmdct with K=314
[2025-12-12 08:23:22] [run_formula] Running formula bobsmdct with K=314 up to limit 1600
[2025-12-12 08:23:27] [generate_cnf] Generating formula bobsmdct with K=315
[2025-12-12 08:23:28] [run_formula] Running formula bobsmdct with K=315 up to limit 1600
[2025-12-12 08:23:34] [generate_cnf] Generating formula bobsmdct with K=316
[2025-12-12 08:23:35] [run_formula] Running formula bobsmdct with K=316 up to limit 1600
[2025-12-12 08:23:40] [generate_cnf] Generating formula bobsmdct with K=317
[2025-12-12 08:23:41] [run_formula] Running formula bobsmdct with K=317 up to limit 1600
[2025-12-12 08:23:47] [generate_cnf] Generating formula bobsmdct with K=318
[2025-12-12 08:23:48] [run_formula] Running formula bobsmdct with K=318 up to limit 1600
[2025-12-12 08:23:54] [generate_cnf] Generating formula bobsmdct with K=319
[2025-12-12 08:23:55] [run_formula] Running formula bobsmdct with K=319 up to limit 1600
[2025-12-12 08:24:00] [generate_cnf] Generating formula bobsmdct with K=320
[2025-12-12 08:24:01] [run_formula] Running formula bobsmdct with K=320 up to limit 1600
[2025-12-12 08:24:07] [generate_cnf] Generating formula bobsmdct with K=321
[2025-12-12 08:24:08] [run_formula] Running formula bobsmdct with K=321 up to limit 1600
[2025-12-12 08:24:13] [generate_cnf] Generating formula bobsmdct with K=322
[2025-12-12 08:24:14] [run_formula] Running formula bobsmdct with K=322 up to limit 1600
[2025-12-12 08:24:23] [generate_cnf] Generating formula bobsmdct with K=323
[2025-12-12 08:24:24] [run_formula] Running formula bobsmdct with K=323 up to limit 1600
[2025-12-12 08:24:28] [generate_cnf] Generating formula bobsmdct with K=324
[2025-12-12 08:24:29] [run_formula] Running formula bobsmdct with K=324 up to limit 1600
[2025-12-12 08:24:34] [generate_cnf] Generating formula bobsmdct with K=325
[2025-12-12 08:24:35] [run_formula] Running formula bobsmdct with K=325 up to limit 1600
[2025-12-12 08:24:40] [generate_cnf] Generating formula bobsmdct with K=326
[2025-12-12 08:24:41] [run_formula] Running formula bobsmdct with K=326 up to limit 1600
[2025-12-12 08:24:44] [generate_cnf] Generating formula bobsmdct with K=327
[2025-12-12 08:24:45] [run_formula] Running formula bobsmdct with K=327 up to limit 1600
[2025-12-12 08:24:53] [generate_cnf] Generating formula bobsmdct with K=328
[2025-12-12 08:24:54] [run_formula] Running formula bobsmdct with K=328 up to limit 1600
[2025-12-12 08:24:59] [generate_cnf] Generating formula bobsmdct with K=329
[2025-12-12 08:25:00] [run_formula] Running formula bobsmdct with K=329 up to limit 1600
[2025-12-12 08:25:08] [generate_cnf] Generating formula bobsmdct with K=330
[2025-12-12 08:25:08] [run_formula] Running formula bobsmdct with K=330 up to limit 1600
[2025-12-12 08:25:14] [generate_cnf] Generating formula bobsmdct with K=331
[2025-12-12 08:25:15] [run_formula] Running formula bobsmdct with K=331 up to limit 1600
[2025-12-12 08:25:21] [generate_cnf] Generating formula bobsmdct with K=332
[2025-12-12 08:25:21] [run_formula] Running formula bobsmdct with K=332 up to limit 1600
[2025-12-12 08:25:27] [generate_cnf] Generating formula bobsmdct with K=333
[2025-12-12 08:25:28] [run_formula] Running formula bobsmdct with K=333 up to limit 1600
[2025-12-12 08:25:33] [generate_cnf] Generating formula bobsmdct with K=334
[2025-12-12 08:25:34] [run_formula] Running formula bobsmdct with K=334 up to limit 1600
[2025-12-12 08:25:42] [generate_cnf] Generating formula bobsmdct with K=335
[2025-12-12 08:25:43] [run_formula] Running formula bobsmdct with K=335 up to limit 1600
[2025-12-12 08:25:48] [generate_cnf] Generating formula bobsmdct with K=336
[2025-12-12 08:25:49] [run_formula] Running formula bobsmdct with K=336 up to limit 1600
[2025-12-12 08:25:56] [generate_cnf] Generating formula bobsmdct with K=337
[2025-12-12 08:25:56] [run_formula] Running formula bobsmdct with K=337 up to limit 1600
[2025-12-12 08:26:04] [generate_cnf] Generating formula bobsmdct with K=338
[2025-12-12 08:26:05] [run_formula] Running formula bobsmdct with K=338 up to limit 1600
[2025-12-12 08:26:13] [generate_cnf] Generating formula bobsmdct with K=339
[2025-12-12 08:26:14] [run_formula] Running formula bobsmdct with K=339 up to limit 1600
[2025-12-12 08:26:19] [generate_cnf] Generating formula bobsmdct with K=340
[2025-12-12 08:26:20] [run_formula] Running formula bobsmdct with K=340 up to limit 1600
[2025-12-12 08:26:26] [generate_cnf] Generating formula bobsmdct with K=341
[2025-12-12 08:26:27] [run_formula] Running formula bobsmdct with K=341 up to limit 1600
[2025-12-12 08:26:33] [generate_cnf] Generating formula bobsmdct with K=342
[2025-12-12 08:26:34] [run_formula] Running formula bobsmdct with K=342 up to limit 1600
[2025-12-12 08:26:41] [generate_cnf] Generating formula bobsmdct with K=343
[2025-12-12 08:26:42] [run_formula] Running formula bobsmdct with K=343 up to limit 1600
[2025-12-12 08:26:47] [generate_cnf] Generating formula bobsmdct with K=344
[2025-12-12 08:26:48] [run_formula] Running formula bobsmdct with K=344 up to limit 1600
[2025-12-12 08:26:54] [generate_cnf] Generating formula bobsmdct with K=345
[2025-12-12 08:26:55] [run_formula] Running formula bobsmdct with K=345 up to limit 1600
[2025-12-12 08:26:59] [generate_cnf] Generating formula bobsmdct with K=346
[2025-12-12 08:27:00] [run_formula] Running formula bobsmdct with K=346 up to limit 1600
[2025-12-12 08:27:07] [generate_cnf] Generating formula bobsmdct with K=347
[2025-12-12 08:27:08] [run_formula] Running formula bobsmdct with K=347 up to limit 1600
[2025-12-12 08:27:15] [generate_cnf] Generating formula bobsmdct with K=348
[2025-12-12 08:27:16] [run_formula] Running formula bobsmdct with K=348 up to limit 1600
[2025-12-12 08:27:22] [generate_cnf] Generating formula bobsmdct with K=349
[2025-12-12 08:27:23] [run_formula] Running formula bobsmdct with K=349 up to limit 1600
[2025-12-12 08:27:30] [generate_cnf] Generating formula bobsmdct with K=350
[2025-12-12 08:27:31] [run_formula] Running formula bobsmdct with K=350 up to limit 1600
[2025-12-12 08:27:37] [generate_cnf] Generating formula bobsmdct with K=351
[2025-12-12 08:27:38] [run_formula] Running formula bobsmdct with K=351 up to limit 1600
[2025-12-12 08:27:45] [generate_cnf] Generating formula bobsmdct with K=352
[2025-12-12 08:27:46] [run_formula] Running formula bobsmdct with K=352 up to limit 1600
[2025-12-12 08:27:54] [generate_cnf] Generating formula bobsmdct with K=353
[2025-12-12 08:27:55] [run_formula] Running formula bobsmdct with K=353 up to limit 1600
[2025-12-12 08:28:00] [run_formula] Error running formula bobsmdct with K=353: [Errno 122] Disk quota exceeded: './results/solving_logs/bobsmdct//bobsmdct.353.log'
[2025-12-12 08:28:00] [generate_and_run_up_to_limit] Failed to run formula bobsmdct with K=353, halting
