CNF written.
CNF written.
CNF written.
CNF written.
CNF written.
CNF written.
CNF written.
CNF written.
CNF written.
CNF written.
CNF written.
CNF written.
CNF written.
CNF written.
CNF written.
CNF written.
CNF written.
CNF written.
CNF written.
CNF written.
CNF written.
CNF written.
CNF written.
CNF written.
CNF written.
CNF written.
CNF written.
CNF written.
CNF written.
CNF written.
CNF written.
CNF written.
CNF written.
CNF written.
CNF written.
CNF written.
CNF written.
CNF written.
CNF written.
CNF written.
CNF written.
CNF written.
CNF written.
CNF written.
CNF written.
CNF written.
CNF written.
CNF written.
CNF written.
CNF written.
CNF written.
CNF written.
CNF written.
CNF written.
CNF written.
CNF written.
CNF written.
CNF written.
CNF written.
CNF written.
CNF written.
CNF written.
CNF written.
CNF written.
CNF written.
CNF written.
CNF written.
CNF written.
CNF written.
CNF written.
CNF written.
CNF written.
CNF written.
CNF written.
CNF written.
CNF written.
CNF written.
CNF written.
CNF written.
CNF written.
CNF written.
CNF written.
CNF written.
CNF written.
CNF written.
CNF written.
CNF written.
CNF written.
CNF written.
CNF written.
CNF written.
CNF written.
CNF written.
CNF written.
CNF written.
CNF written.
CNF written.
CNF written.
CNF written.
CNF written.
CNF written.
CNF written.
CNF written.
CNF written.
CNF written.
CNF written.
CNF written.
CNF written.
CNF written.
CNF written.
CNF written.
CNF written.
CNF written.
CNF written.
CNF written.
CNF written.
CNF written.
CNF written.
CNF written.
CNF written.
CNF written.
CNF written.
CNF written.
CNF written.
CNF written.
CNF written.
CNF written.
CNF written.
CNF written.
CNF written.
CNF written.
CNF written.
CNF written.
CNF written.
CNF written.
CNF written.
CNF written.
CNF written.
CNF written.
CNF written.
CNF written.
CNF written.
CNF written.
CNF written.
CNF written.
CNF written.
CNF written.
CNF written.
CNF written.
CNF written.
CNF written.
CNF written.
CNF written.
CNF written.
CNF written.
CNF written.
CNF written.
CNF written.
CNF written.
CNF written.
CNF written.
CNF written.
CNF written.
CNF written.
CNF written.
CNF written.
CNF written.
CNF written.
CNF written.
CNF written.
CNF written.
CNF written.
CNF written.
CNF written.
CNF written.
CNF written.
CNF written.
CNF written.
CNF written.
CNF written.
CNF written.
CNF written.
CNF written.
CNF written.
CNF written.
CNF written.
CNF written.
CNF written.
CNF written.
CNF written.
CNF written.
CNF written.
CNF written.
CNF written.
CNF written.
CNF written.
CNF written.
CNF written.
CNF written.
CNF written.
CNF written.
CNF written.
CNF written.
CNF written.
CNF written.
CNF written.
CNF written.
CNF written.
CNF written.
CNF written.
CNF written.
CNF written.
CNF written.
CNF written.
CNF written.
CNF written.
CNF written.
CNF written.
CNF written.
CNF written.
CNF written.
CNF written.
CNF written.
CNF written.
CNF written.
CNF written.
CNF written.
CNF written.
CNF written.
CNF written.
CNF written.
CNF written.
CNF written.
CNF written.
CNF written.
CNF written.
CNF written.
[2025-12-12 08:00:16] [generate_and_run_up_to_limit] Generating and running bobsynthor with K<=500 up to limit 1600
[2025-12-12 08:00:16] [generate_cnf] Generating formula bobsynthor with K=1
[2025-12-12 08:00:16] [run_formula] Running formula bobsynthor with K=1 up to limit 1600
[2025-12-12 08:00:16] [generate_cnf] Generating formula bobsynthor with K=2
[2025-12-12 08:00:16] [run_formula] Running formula bobsynthor with K=2 up to limit 1600
[2025-12-12 08:00:17] [generate_cnf] Generating formula bobsynthor with K=3
[2025-12-12 08:00:17] [run_formula] Running formula bobsynthor with K=3 up to limit 1600
[2025-12-12 08:00:17] [generate_cnf] Generating formula bobsynthor with K=4
[2025-12-12 08:00:17] [run_formula] Running formula bobsynthor with K=4 up to limit 1600
[2025-12-12 08:00:17] [generate_cnf] Generating formula bobsynthor with K=5
[2025-12-12 08:00:17] [run_formula] Running formula bobsynthor with K=5 up to limit 1600
[2025-12-12 08:00:17] [generate_cnf] Generating formula bobsynthor with K=6
[2025-12-12 08:00:18] [run_formula] Running formula bobsynthor with K=6 up to limit 1600
[2025-12-12 08:00:18] [generate_cnf] Generating formula bobsynthor with K=7
[2025-12-12 08:00:18] [run_formula] Running formula bobsynthor with K=7 up to limit 1600
[2025-12-12 08:00:18] [generate_cnf] Generating formula bobsynthor with K=8
[2025-12-12 08:00:18] [run_formula] Running formula bobsynthor with K=8 up to limit 1600
[2025-12-12 08:00:19] [generate_cnf] Generating formula bobsynthor with K=9
[2025-12-12 08:00:19] [run_formula] Running formula bobsynthor with K=9 up to limit 1600
[2025-12-12 08:00:19] [generate_cnf] Generating formula bobsynthor with K=10
[2025-12-12 08:00:19] [run_formula] Running formula bobsynthor with K=10 up to limit 1600
[2025-12-12 08:00:20] [generate_cnf] Generating formula bobsynthor with K=11
[2025-12-12 08:00:20] [run_formula] Running formula bobsynthor with K=11 up to limit 1600
[2025-12-12 08:00:20] [generate_cnf] Generating formula bobsynthor with K=12
[2025-12-12 08:00:21] [run_formula] Running formula bobsynthor with K=12 up to limit 1600
[2025-12-12 08:00:21] [generate_cnf] Generating formula bobsynthor with K=13
[2025-12-12 08:00:22] [run_formula] Running formula bobsynthor with K=13 up to limit 1600
[2025-12-12 08:00:22] [generate_cnf] Generating formula bobsynthor with K=14
[2025-12-12 08:00:22] [run_formula] Running formula bobsynthor with K=14 up to limit 1600
[2025-12-12 08:00:23] [generate_cnf] Generating formula bobsynthor with K=15
[2025-12-12 08:00:23] [run_formula] Running formula bobsynthor with K=15 up to limit 1600
[2025-12-12 08:00:24] [generate_cnf] Generating formula bobsynthor with K=16
[2025-12-12 08:00:25] [run_formula] Running formula bobsynthor with K=16 up to limit 1600
[2025-12-12 08:00:25] [generate_cnf] Generating formula bobsynthor with K=17
[2025-12-12 08:00:26] [run_formula] Running formula bobsynthor with K=17 up to limit 1600
[2025-12-12 08:00:26] [generate_cnf] Generating formula bobsynthor with K=18
[2025-12-12 08:00:27] [run_formula] Running formula bobsynthor with K=18 up to limit 1600
[2025-12-12 08:00:28] [generate_cnf] Generating formula bobsynthor with K=19
[2025-12-12 08:00:29] [run_formula] Running formula bobsynthor with K=19 up to limit 1600
[2025-12-12 08:00:29] [generate_cnf] Generating formula bobsynthor with K=20
[2025-12-12 08:00:30] [run_formula] Running formula bobsynthor with K=20 up to limit 1600
[2025-12-12 08:00:31] [generate_cnf] Generating formula bobsynthor with K=21
[2025-12-12 08:00:32] [run_formula] Running formula bobsynthor with K=21 up to limit 1600
[2025-12-12 08:00:33] [generate_cnf] Generating formula bobsynthor with K=22
[2025-12-12 08:00:33] [run_formula] Running formula bobsynthor with K=22 up to limit 1600
[2025-12-12 08:00:34] [generate_cnf] Generating formula bobsynthor with K=23
[2025-12-12 08:00:35] [run_formula] Running formula bobsynthor with K=23 up to limit 1600
[2025-12-12 08:00:36] [generate_cnf] Generating formula bobsynthor with K=24
[2025-12-12 08:00:37] [run_formula] Running formula bobsynthor with K=24 up to limit 1600
[2025-12-12 08:00:38] [generate_cnf] Generating formula bobsynthor with K=25
[2025-12-12 08:00:39] [run_formula] Running formula bobsynthor with K=25 up to limit 1600
[2025-12-12 08:00:40] [generate_cnf] Generating formula bobsynthor with K=26
[2025-12-12 08:00:41] [run_formula] Running formula bobsynthor with K=26 up to limit 1600
[2025-12-12 08:00:42] [generate_cnf] Generating formula bobsynthor with K=27
[2025-12-12 08:00:43] [run_formula] Running formula bobsynthor with K=27 up to limit 1600
[2025-12-12 08:00:44] [generate_cnf] Generating formula bobsynthor with K=28
[2025-12-12 08:00:45] [run_formula] Running formula bobsynthor with K=28 up to limit 1600
[2025-12-12 08:00:46] [generate_cnf] Generating formula bobsynthor with K=29
[2025-12-12 08:00:47] [run_formula] Running formula bobsynthor with K=29 up to limit 1600
[2025-12-12 08:00:48] [generate_cnf] Generating formula bobsynthor with K=30
[2025-12-12 08:00:49] [run_formula] Running formula bobsynthor with K=30 up to limit 1600
[2025-12-12 08:00:50] [generate_cnf] Generating formula bobsynthor with K=31
[2025-12-12 08:00:51] [run_formula] Running formula bobsynthor with K=31 up to limit 1600
[2025-12-12 08:00:51] [generate_cnf] Generating formula bobsynthor with K=32
[2025-12-12 08:00:53] [run_formula] Running formula bobsynthor with K=32 up to limit 1600
[2025-12-12 08:00:54] [generate_cnf] Generating formula bobsynthor with K=33
[2025-12-12 08:00:55] [run_formula] Running formula bobsynthor with K=33 up to limit 1600
[2025-12-12 08:00:56] [generate_cnf] Generating formula bobsynthor with K=34
[2025-12-12 08:00:57] [run_formula] Running formula bobsynthor with K=34 up to limit 1600
[2025-12-12 08:00:58] [generate_cnf] Generating formula bobsynthor with K=35
[2025-12-12 08:01:00] [run_formula] Running formula bobsynthor with K=35 up to limit 1600
[2025-12-12 08:01:01] [generate_cnf] Generating formula bobsynthor with K=36
[2025-12-12 08:01:02] [run_formula] Running formula bobsynthor with K=36 up to limit 1600
[2025-12-12 08:01:03] [generate_cnf] Generating formula bobsynthor with K=37
[2025-12-12 08:01:04] [run_formula] Running formula bobsynthor with K=37 up to limit 1600
[2025-12-12 08:01:05] [generate_cnf] Generating formula bobsynthor with K=38
[2025-12-12 08:01:07] [run_formula] Running formula bobsynthor with K=38 up to limit 1600
[2025-12-12 08:01:08] [generate_cnf] Generating formula bobsynthor with K=39
[2025-12-12 08:01:09] [run_formula] Running formula bobsynthor with K=39 up to limit 1600
[2025-12-12 08:01:10] [generate_cnf] Generating formula bobsynthor with K=40
[2025-12-12 08:01:12] [run_formula] Running formula bobsynthor with K=40 up to limit 1600
[2025-12-12 08:01:13] [generate_cnf] Generating formula bobsynthor with K=41
[2025-12-12 08:01:14] [run_formula] Running formula bobsynthor with K=41 up to limit 1600
[2025-12-12 08:01:16] [generate_cnf] Generating formula bobsynthor with K=42
[2025-12-12 08:01:17] [run_formula] Running formula bobsynthor with K=42 up to limit 1600
[2025-12-12 08:01:18] [generate_cnf] Generating formula bobsynthor with K=43
[2025-12-12 08:01:20] [run_formula] Running formula bobsynthor with K=43 up to limit 1600
[2025-12-12 08:01:21] [generate_cnf] Generating formula bobsynthor with K=44
[2025-12-12 08:01:22] [run_formula] Running formula bobsynthor with K=44 up to limit 1600
[2025-12-12 08:01:24] [generate_cnf] Generating formula bobsynthor with K=45
[2025-12-12 08:01:26] [run_formula] Running formula bobsynthor with K=45 up to limit 1600
[2025-12-12 08:01:27] [generate_cnf] Generating formula bobsynthor with K=46
[2025-12-12 08:01:29] [run_formula] Running formula bobsynthor with K=46 up to limit 1600
[2025-12-12 08:01:30] [generate_cnf] Generating formula bobsynthor with K=47
[2025-12-12 08:01:32] [run_formula] Running formula bobsynthor with K=47 up to limit 1600
[2025-12-12 08:01:33] [generate_cnf] Generating formula bobsynthor with K=48
[2025-12-12 08:01:35] [run_formula] Running formula bobsynthor with K=48 up to limit 1600
[2025-12-12 08:01:36] [generate_cnf] Generating formula bobsynthor with K=49
[2025-12-12 08:01:38] [run_formula] Running formula bobsynthor with K=49 up to limit 1600
[2025-12-12 08:01:39] [generate_cnf] Generating formula bobsynthor with K=50
[2025-12-12 08:01:41] [run_formula] Running formula bobsynthor with K=50 up to limit 1600
[2025-12-12 08:01:43] [generate_cnf] Generating formula bobsynthor with K=51
[2025-12-12 08:01:45] [run_formula] Running formula bobsynthor with K=51 up to limit 1600
[2025-12-12 08:01:46] [generate_cnf] Generating formula bobsynthor with K=52
[2025-12-12 08:01:48] [run_formula] Running formula bobsynthor with K=52 up to limit 1600
[2025-12-12 08:01:50] [generate_cnf] Generating formula bobsynthor with K=53
[2025-12-12 08:01:52] [run_formula] Running formula bobsynthor with K=53 up to limit 1600
[2025-12-12 08:01:53] [generate_cnf] Generating formula bobsynthor with K=54
[2025-12-12 08:01:56] [run_formula] Running formula bobsynthor with K=54 up to limit 1600
[2025-12-12 08:01:57] [generate_cnf] Generating formula bobsynthor with K=55
[2025-12-12 08:01:59] [run_formula] Running formula bobsynthor with K=55 up to limit 1600
[2025-12-12 08:02:01] [generate_cnf] Generating formula bobsynthor with K=56
[2025-12-12 08:02:03] [run_formula] Running formula bobsynthor with K=56 up to limit 1600
[2025-12-12 08:02:04] [generate_cnf] Generating formula bobsynthor with K=57
[2025-12-12 08:02:06] [run_formula] Running formula bobsynthor with K=57 up to limit 1600
[2025-12-12 08:02:08] [generate_cnf] Generating formula bobsynthor with K=58
[2025-12-12 08:02:10] [run_formula] Running formula bobsynthor with K=58 up to limit 1600
[2025-12-12 08:02:11] [generate_cnf] Generating formula bobsynthor with K=59
[2025-12-12 08:02:13] [run_formula] Running formula bobsynthor with K=59 up to limit 1600
[2025-12-12 08:02:15] [generate_cnf] Generating formula bobsynthor with K=60
[2025-12-12 08:02:17] [run_formula] Running formula bobsynthor with K=60 up to limit 1600
[2025-12-12 08:02:19] [generate_cnf] Generating formula bobsynthor with K=61
[2025-12-12 08:02:21] [run_formula] Running formula bobsynthor with K=61 up to limit 1600
[2025-12-12 08:02:23] [generate_cnf] Generating formula bobsynthor with K=62
[2025-12-12 08:02:25] [run_formula] Running formula bobsynthor with K=62 up to limit 1600
[2025-12-12 08:02:26] [generate_cnf] Generating formula bobsynthor with K=63
[2025-12-12 08:02:28] [run_formula] Running formula bobsynthor with K=63 up to limit 1600
[2025-12-12 08:02:30] [generate_cnf] Generating formula bobsynthor with K=64
[2025-12-12 08:02:32] [run_formula] Running formula bobsynthor with K=64 up to limit 1600
[2025-12-12 08:02:34] [generate_cnf] Generating formula bobsynthor with K=65
[2025-12-12 08:02:36] [run_formula] Running formula bobsynthor with K=65 up to limit 1600
[2025-12-12 08:02:38] [generate_cnf] Generating formula bobsynthor with K=66
[2025-12-12 08:02:40] [run_formula] Running formula bobsynthor with K=66 up to limit 1600
[2025-12-12 08:02:42] [generate_cnf] Generating formula bobsynthor with K=67
[2025-12-12 08:02:44] [run_formula] Running formula bobsynthor with K=67 up to limit 1600
[2025-12-12 08:02:46] [generate_cnf] Generating formula bobsynthor with K=68
[2025-12-12 08:02:48] [run_formula] Running formula bobsynthor with K=68 up to limit 1600
[2025-12-12 08:02:50] [generate_cnf] Generating formula bobsynthor with K=69
[2025-12-12 08:02:53] [run_formula] Running formula bobsynthor with K=69 up to limit 1600
[2025-12-12 08:02:55] [generate_cnf] Generating formula bobsynthor with K=70
[2025-12-12 08:02:58] [run_formula] Running formula bobsynthor with K=70 up to limit 1600
[2025-12-12 08:02:59] [generate_cnf] Generating formula bobsynthor with K=71
[2025-12-12 08:03:02] [run_formula] Running formula bobsynthor with K=71 up to limit 1600
[2025-12-12 08:03:04] [generate_cnf] Generating formula bobsynthor with K=72
[2025-12-12 08:03:06] [run_formula] Running formula bobsynthor with K=72 up to limit 1600
[2025-12-12 08:03:08] [generate_cnf] Generating formula bobsynthor with K=73
[2025-12-12 08:03:11] [run_formula] Running formula bobsynthor with K=73 up to limit 1600
[2025-12-12 08:03:12] [generate_cnf] Generating formula bobsynthor with K=74
[2025-12-12 08:03:15] [run_formula] Running formula bobsynthor with K=74 up to limit 1600
[2025-12-12 08:03:17] [generate_cnf] Generating formula bobsynthor with K=75
[2025-12-12 08:03:20] [run_formula] Running formula bobsynthor with K=75 up to limit 1600
[2025-12-12 08:03:22] [generate_cnf] Generating formula bobsynthor with K=76
[2025-12-12 08:03:24] [run_formula] Running formula bobsynthor with K=76 up to limit 1600
[2025-12-12 08:03:26] [generate_cnf] Generating formula bobsynthor with K=77
[2025-12-12 08:03:29] [run_formula] Running formula bobsynthor with K=77 up to limit 1600
[2025-12-12 08:03:30] [generate_cnf] Generating formula bobsynthor with K=78
[2025-12-12 08:03:34] [run_formula] Running formula bobsynthor with K=78 up to limit 1600
[2025-12-12 08:03:35] [generate_cnf] Generating formula bobsynthor with K=79
[2025-12-12 08:03:38] [run_formula] Running formula bobsynthor with K=79 up to limit 1600
[2025-12-12 08:03:40] [generate_cnf] Generating formula bobsynthor with K=80
[2025-12-12 08:03:43] [run_formula] Running formula bobsynthor with K=80 up to limit 1600
[2025-12-12 08:03:45] [generate_cnf] Generating formula bobsynthor with K=81
[2025-12-12 08:03:48] [run_formula] Running formula bobsynthor with K=81 up to limit 1600
[2025-12-12 08:03:49] [generate_cnf] Generating formula bobsynthor with K=82
[2025-12-12 08:03:52] [run_formula] Running formula bobsynthor with K=82 up to limit 1600
[2025-12-12 08:03:54] [generate_cnf] Generating formula bobsynthor with K=83
[2025-12-12 08:03:57] [run_formula] Running formula bobsynthor with K=83 up to limit 1600
[2025-12-12 08:03:59] [generate_cnf] Generating formula bobsynthor with K=84
[2025-12-12 08:04:02] [run_formula] Running formula bobsynthor with K=84 up to limit 1600
[2025-12-12 08:04:04] [generate_cnf] Generating formula bobsynthor with K=85
[2025-12-12 08:04:07] [run_formula] Running formula bobsynthor with K=85 up to limit 1600
[2025-12-12 08:04:09] [generate_cnf] Generating formula bobsynthor with K=86
[2025-12-12 08:04:12] [run_formula] Running formula bobsynthor with K=86 up to limit 1600
[2025-12-12 08:04:14] [generate_cnf] Generating formula bobsynthor with K=87
[2025-12-12 08:04:17] [run_formula] Running formula bobsynthor with K=87 up to limit 1600
[2025-12-12 08:04:19] [generate_cnf] Generating formula bobsynthor with K=88
[2025-12-12 08:04:22] [run_formula] Running formula bobsynthor with K=88 up to limit 1600
[2025-12-12 08:04:24] [generate_cnf] Generating formula bobsynthor with K=89
[2025-12-12 08:04:28] [run_formula] Running formula bobsynthor with K=89 up to limit 1600
[2025-12-12 08:04:29] [generate_cnf] Generating formula bobsynthor with K=90
[2025-12-12 08:04:33] [run_formula] Running formula bobsynthor with K=90 up to limit 1600
[2025-12-12 08:04:35] [generate_cnf] Generating formula bobsynthor with K=91
[2025-12-12 08:04:38] [run_formula] Running formula bobsynthor with K=91 up to limit 1600
[2025-12-12 08:04:40] [generate_cnf] Generating formula bobsynthor with K=92
[2025-12-12 08:04:43] [run_formula] Running formula bobsynthor with K=92 up to limit 1600
[2025-12-12 08:04:46] [generate_cnf] Generating formula bobsynthor with K=93
[2025-12-12 08:04:49] [run_formula] Running formula bobsynthor with K=93 up to limit 1600
[2025-12-12 08:04:51] [generate_cnf] Generating formula bobsynthor with K=94
[2025-12-12 08:04:55] [run_formula] Running formula bobsynthor with K=94 up to limit 1600
[2025-12-12 08:04:57] [generate_cnf] Generating formula bobsynthor with K=95
[2025-12-12 08:05:00] [run_formula] Running formula bobsynthor with K=95 up to limit 1600
[2025-12-12 08:05:02] [generate_cnf] Generating formula bobsynthor with K=96
[2025-12-12 08:05:06] [run_formula] Running formula bobsynthor with K=96 up to limit 1600
[2025-12-12 08:05:08] [generate_cnf] Generating formula bobsynthor with K=97
[2025-12-12 08:05:11] [run_formula] Running formula bobsynthor with K=97 up to limit 1600
[2025-12-12 08:05:13] [generate_cnf] Generating formula bobsynthor with K=98
[2025-12-12 08:05:17] [run_formula] Running formula bobsynthor with K=98 up to limit 1600
[2025-12-12 08:05:19] [generate_cnf] Generating formula bobsynthor with K=99
[2025-12-12 08:05:23] [run_formula] Running formula bobsynthor with K=99 up to limit 1600
[2025-12-12 08:05:25] [generate_cnf] Generating formula bobsynthor with K=100
[2025-12-12 08:05:28] [run_formula] Running formula bobsynthor with K=100 up to limit 1600
[2025-12-12 08:05:31] [generate_cnf] Generating formula bobsynthor with K=101
[2025-12-12 08:05:34] [run_formula] Running formula bobsynthor with K=101 up to limit 1600
[2025-12-12 08:05:36] [generate_cnf] Generating formula bobsynthor with K=102
[2025-12-12 08:05:40] [run_formula] Running formula bobsynthor with K=102 up to limit 1600
[2025-12-12 08:05:42] [generate_cnf] Generating formula bobsynthor with K=103
[2025-12-12 08:05:46] [run_formula] Running formula bobsynthor with K=103 up to limit 1600
[2025-12-12 08:05:48] [generate_cnf] Generating formula bobsynthor with K=104
[2025-12-12 08:05:52] [run_formula] Running formula bobsynthor with K=104 up to limit 1600
[2025-12-12 08:05:54] [generate_cnf] Generating formula bobsynthor with K=105
[2025-12-12 08:05:58] [run_formula] Running formula bobsynthor with K=105 up to limit 1600
[2025-12-12 08:06:00] [generate_cnf] Generating formula bobsynthor with K=106
[2025-12-12 08:06:04] [run_formula] Running formula bobsynthor with K=106 up to limit 1600
[2025-12-12 08:06:06] [generate_cnf] Generating formula bobsynthor with K=107
[2025-12-12 08:06:10] [run_formula] Running formula bobsynthor with K=107 up to limit 1600
[2025-12-12 08:06:13] [generate_cnf] Generating formula bobsynthor with K=108
[2025-12-12 08:06:17] [run_formula] Running formula bobsynthor with K=108 up to limit 1600
[2025-12-12 08:06:19] [generate_cnf] Generating formula bobsynthor with K=109
[2025-12-12 08:06:23] [run_formula] Running formula bobsynthor with K=109 up to limit 1600
[2025-12-12 08:06:25] [generate_cnf] Generating formula bobsynthor with K=110
[2025-12-12 08:06:29] [run_formula] Running formula bobsynthor with K=110 up to limit 1600
[2025-12-12 08:06:31] [generate_cnf] Generating formula bobsynthor with K=111
[2025-12-12 08:06:36] [run_formula] Running formula bobsynthor with K=111 up to limit 1600
[2025-12-12 08:06:38] [generate_cnf] Generating formula bobsynthor with K=112
[2025-12-12 08:06:42] [run_formula] Running formula bobsynthor with K=112 up to limit 1600
[2025-12-12 08:06:45] [generate_cnf] Generating formula bobsynthor with K=113
[2025-12-12 08:06:49] [run_formula] Running formula bobsynthor with K=113 up to limit 1600
[2025-12-12 08:06:51] [generate_cnf] Generating formula bobsynthor with K=114
[2025-12-12 08:06:55] [run_formula] Running formula bobsynthor with K=114 up to limit 1600
[2025-12-12 08:06:58] [generate_cnf] Generating formula bobsynthor with K=115
[2025-12-12 08:07:02] [run_formula] Running formula bobsynthor with K=115 up to limit 1600
[2025-12-12 08:07:04] [generate_cnf] Generating formula bobsynthor with K=116
[2025-12-12 08:07:09] [run_formula] Running formula bobsynthor with K=116 up to limit 1600
[2025-12-12 08:07:11] [generate_cnf] Generating formula bobsynthor with K=117
[2025-12-12 08:07:16] [run_formula] Running formula bobsynthor with K=117 up to limit 1600
[2025-12-12 08:07:18] [generate_cnf] Generating formula bobsynthor with K=118
[2025-12-12 08:07:22] [run_formula] Running formula bobsynthor with K=118 up to limit 1600
[2025-12-12 08:07:25] [generate_cnf] Generating formula bobsynthor with K=119
[2025-12-12 08:07:29] [run_formula] Running formula bobsynthor with K=119 up to limit 1600
[2025-12-12 08:07:31] [generate_cnf] Generating formula bobsynthor with K=120
[2025-12-12 08:07:36] [run_formula] Running formula bobsynthor with K=120 up to limit 1600
[2025-12-12 08:07:38] [generate_cnf] Generating formula bobsynthor with K=121
[2025-12-12 08:07:43] [run_formula] Running formula bobsynthor with K=121 up to limit 1600
[2025-12-12 08:07:46] [generate_cnf] Generating formula bobsynthor with K=122
[2025-12-12 08:07:50] [run_formula] Running formula bobsynthor with K=122 up to limit 1600
[2025-12-12 08:07:53] [generate_cnf] Generating formula bobsynthor with K=123
[2025-12-12 08:07:57] [run_formula] Running formula bobsynthor with K=123 up to limit 1600
[2025-12-12 08:08:00] [generate_cnf] Generating formula bobsynthor with K=124
[2025-12-12 08:08:04] [run_formula] Running formula bobsynthor with K=124 up to limit 1600
[2025-12-12 08:08:07] [generate_cnf] Generating formula bobsynthor with K=125
[2025-12-12 08:08:12] [run_formula] Running formula bobsynthor with K=125 up to limit 1600
[2025-12-12 08:08:14] [generate_cnf] Generating formula bobsynthor with K=126
[2025-12-12 08:08:19] [run_formula] Running formula bobsynthor with K=126 up to limit 1600
[2025-12-12 08:08:22] [generate_cnf] Generating formula bobsynthor with K=127
[2025-12-12 08:08:27] [run_formula] Running formula bobsynthor with K=127 up to limit 1600
[2025-12-12 08:08:29] [generate_cnf] Generating formula bobsynthor with K=128
[2025-12-12 08:08:34] [run_formula] Running formula bobsynthor with K=128 up to limit 1600
[2025-12-12 08:08:37] [generate_cnf] Generating formula bobsynthor with K=129
[2025-12-12 08:08:41] [run_formula] Running formula bobsynthor with K=129 up to limit 1600
[2025-12-12 08:08:44] [generate_cnf] Generating formula bobsynthor with K=130
[2025-12-12 08:08:49] [run_formula] Running formula bobsynthor with K=130 up to limit 1600
[2025-12-12 08:08:51] [generate_cnf] Generating formula bobsynthor with K=131
[2025-12-12 08:08:56] [run_formula] Running formula bobsynthor with K=131 up to limit 1600
[2025-12-12 08:08:59] [generate_cnf] Generating formula bobsynthor with K=132
[2025-12-12 08:09:04] [run_formula] Running formula bobsynthor with K=132 up to limit 1600
[2025-12-12 08:09:07] [generate_cnf] Generating formula bobsynthor with K=133
[2025-12-12 08:09:12] [run_formula] Running formula bobsynthor with K=133 up to limit 1600
[2025-12-12 08:09:14] [generate_cnf] Generating formula bobsynthor with K=134
[2025-12-12 08:09:19] [run_formula] Running formula bobsynthor with K=134 up to limit 1600
[2025-12-12 08:09:22] [generate_cnf] Generating formula bobsynthor with K=135
[2025-12-12 08:09:27] [run_formula] Running formula bobsynthor with K=135 up to limit 1600
[2025-12-12 08:09:30] [generate_cnf] Generating formula bobsynthor with K=136
[2025-12-12 08:09:35] [run_formula] Running formula bobsynthor with K=136 up to limit 1600
[2025-12-12 08:09:38] [generate_cnf] Generating formula bobsynthor with K=137
[2025-12-12 08:09:43] [run_formula] Running formula bobsynthor with K=137 up to limit 1600
[2025-12-12 08:09:46] [generate_cnf] Generating formula bobsynthor with K=138
[2025-12-12 08:09:51] [run_formula] Running formula bobsynthor with K=138 up to limit 1600
[2025-12-12 08:09:54] [generate_cnf] Generating formula bobsynthor with K=139
[2025-12-12 08:09:59] [run_formula] Running formula bobsynthor with K=139 up to limit 1600
[2025-12-12 08:10:02] [generate_cnf] Generating formula bobsynthor with K=140
[2025-12-12 08:10:07] [run_formula] Running formula bobsynthor with K=140 up to limit 1600
[2025-12-12 08:10:10] [generate_cnf] Generating formula bobsynthor with K=141
[2025-12-12 08:10:15] [run_formula] Running formula bobsynthor with K=141 up to limit 1600
[2025-12-12 08:10:18] [generate_cnf] Generating formula bobsynthor with K=142
[2025-12-12 08:10:24] [run_formula] Running formula bobsynthor with K=142 up to limit 1600
[2025-12-12 08:10:26] [generate_cnf] Generating formula bobsynthor with K=143
[2025-12-12 08:10:32] [run_formula] Running formula bobsynthor with K=143 up to limit 1600
[2025-12-12 08:10:35] [generate_cnf] Generating formula bobsynthor with K=144
[2025-12-12 08:10:40] [run_formula] Running formula bobsynthor with K=144 up to limit 1600
[2025-12-12 08:10:43] [generate_cnf] Generating formula bobsynthor with K=145
[2025-12-12 08:10:49] [run_formula] Running formula bobsynthor with K=145 up to limit 1600
[2025-12-12 08:10:52] [generate_cnf] Generating formula bobsynthor with K=146
[2025-12-12 08:10:57] [run_formula] Running formula bobsynthor with K=146 up to limit 1600
[2025-12-12 08:11:00] [generate_cnf] Generating formula bobsynthor with K=147
[2025-12-12 08:11:06] [run_formula] Running formula bobsynthor with K=147 up to limit 1600
[2025-12-12 08:11:09] [generate_cnf] Generating formula bobsynthor with K=148
[2025-12-12 08:11:14] [run_formula] Running formula bobsynthor with K=148 up to limit 1600
[2025-12-12 08:11:17] [generate_cnf] Generating formula bobsynthor with K=149
[2025-12-12 08:11:23] [run_formula] Running formula bobsynthor with K=149 up to limit 1600
[2025-12-12 08:11:26] [generate_cnf] Generating formula bobsynthor with K=150
[2025-12-12 08:11:32] [run_formula] Running formula bobsynthor with K=150 up to limit 1600
[2025-12-12 08:11:35] [generate_cnf] Generating formula bobsynthor with K=151
[2025-12-12 08:11:40] [run_formula] Running formula bobsynthor with K=151 up to limit 1600
[2025-12-12 08:11:43] [generate_cnf] Generating formula bobsynthor with K=152
[2025-12-12 08:11:49] [run_formula] Running formula bobsynthor with K=152 up to limit 1600
[2025-12-12 08:11:52] [generate_cnf] Generating formula bobsynthor with K=153
[2025-12-12 08:11:58] [run_formula] Running formula bobsynthor with K=153 up to limit 1600
[2025-12-12 08:12:01] [generate_cnf] Generating formula bobsynthor with K=154
[2025-12-12 08:12:07] [run_formula] Running formula bobsynthor with K=154 up to limit 1600
[2025-12-12 08:12:10] [generate_cnf] Generating formula bobsynthor with K=155
[2025-12-12 08:12:16] [run_formula] Running formula bobsynthor with K=155 up to limit 1600
[2025-12-12 08:12:19] [generate_cnf] Generating formula bobsynthor with K=156
[2025-12-12 08:12:25] [run_formula] Running formula bobsynthor with K=156 up to limit 1600
[2025-12-12 08:12:28] [generate_cnf] Generating formula bobsynthor with K=157
[2025-12-12 08:12:33] [run_formula] Running formula bobsynthor with K=157 up to limit 1600
[2025-12-12 08:12:37] [generate_cnf] Generating formula bobsynthor with K=158
[2025-12-12 08:12:43] [run_formula] Running formula bobsynthor with K=158 up to limit 1600
[2025-12-12 08:12:46] [generate_cnf] Generating formula bobsynthor with K=159
[2025-12-12 08:12:52] [run_formula] Running formula bobsynthor with K=159 up to limit 1600
[2025-12-12 08:12:55] [generate_cnf] Generating formula bobsynthor with K=160
[2025-12-12 08:13:01] [run_formula] Running formula bobsynthor with K=160 up to limit 1600
[2025-12-12 08:13:05] [generate_cnf] Generating formula bobsynthor with K=161
[2025-12-12 08:13:11] [run_formula] Running formula bobsynthor with K=161 up to limit 1600
[2025-12-12 08:13:14] [generate_cnf] Generating formula bobsynthor with K=162
[2025-12-12 08:13:20] [run_formula] Running formula bobsynthor with K=162 up to limit 1600
[2025-12-12 08:13:23] [generate_cnf] Generating formula bobsynthor with K=163
[2025-12-12 08:13:30] [run_formula] Running formula bobsynthor with K=163 up to limit 1600
[2025-12-12 08:13:33] [generate_cnf] Generating formula bobsynthor with K=164
[2025-12-12 08:13:39] [run_formula] Running formula bobsynthor with K=164 up to limit 1600
[2025-12-12 08:13:42] [generate_cnf] Generating formula bobsynthor with K=165
[2025-12-12 08:13:49] [run_formula] Running formula bobsynthor with K=165 up to limit 1600
[2025-12-12 08:13:52] [generate_cnf] Generating formula bobsynthor with K=166
[2025-12-12 08:13:58] [run_formula] Running formula bobsynthor with K=166 up to limit 1600
[2025-12-12 08:14:02] [generate_cnf] Generating formula bobsynthor with K=167
[2025-12-12 08:14:08] [run_formula] Running formula bobsynthor with K=167 up to limit 1600
[2025-12-12 08:14:11] [generate_cnf] Generating formula bobsynthor with K=168
[2025-12-12 08:14:18] [run_formula] Running formula bobsynthor with K=168 up to limit 1600
[2025-12-12 08:14:21] [generate_cnf] Generating formula bobsynthor with K=169
[2025-12-12 08:14:28] [run_formula] Running formula bobsynthor with K=169 up to limit 1600
[2025-12-12 08:14:31] [generate_cnf] Generating formula bobsynthor with K=170
[2025-12-12 08:14:37] [run_formula] Running formula bobsynthor with K=170 up to limit 1600
[2025-12-12 08:14:41] [generate_cnf] Generating formula bobsynthor with K=171
[2025-12-12 08:14:47] [run_formula] Running formula bobsynthor with K=171 up to limit 1600
[2025-12-12 08:14:51] [generate_cnf] Generating formula bobsynthor with K=172
[2025-12-12 08:14:57] [run_formula] Running formula bobsynthor with K=172 up to limit 1600
[2025-12-12 08:15:01] [generate_cnf] Generating formula bobsynthor with K=173
[2025-12-12 08:15:08] [run_formula] Running formula bobsynthor with K=173 up to limit 1600
[2025-12-12 08:15:11] [generate_cnf] Generating formula bobsynthor with K=174
[2025-12-12 08:15:18] [run_formula] Running formula bobsynthor with K=174 up to limit 1600
[2025-12-12 08:15:21] [generate_cnf] Generating formula bobsynthor with K=175
[2025-12-12 08:15:28] [run_formula] Running formula bobsynthor with K=175 up to limit 1600
[2025-12-12 08:15:32] [generate_cnf] Generating formula bobsynthor with K=176
[2025-12-12 08:15:38] [run_formula] Running formula bobsynthor with K=176 up to limit 1600
[2025-12-12 08:15:42] [generate_cnf] Generating formula bobsynthor with K=177
[2025-12-12 08:15:49] [run_formula] Running formula bobsynthor with K=177 up to limit 1600
[2025-12-12 08:15:52] [generate_cnf] Generating formula bobsynthor with K=178
[2025-12-12 08:15:59] [run_formula] Running formula bobsynthor with K=178 up to limit 1600
[2025-12-12 08:16:03] [generate_cnf] Generating formula bobsynthor with K=179
[2025-12-12 08:16:10] [run_formula] Running formula bobsynthor with K=179 up to limit 1600
[2025-12-12 08:16:13] [generate_cnf] Generating formula bobsynthor with K=180
[2025-12-12 08:16:20] [run_formula] Running formula bobsynthor with K=180 up to limit 1600
[2025-12-12 08:16:24] [generate_cnf] Generating formula bobsynthor with K=181
[2025-12-12 08:16:31] [run_formula] Running formula bobsynthor with K=181 up to limit 1600
[2025-12-12 08:16:34] [generate_cnf] Generating formula bobsynthor with K=182
[2025-12-12 08:16:41] [run_formula] Running formula bobsynthor with K=182 up to limit 1600
[2025-12-12 08:16:45] [generate_cnf] Generating formula bobsynthor with K=183
[2025-12-12 08:16:52] [run_formula] Running formula bobsynthor with K=183 up to limit 1600
[2025-12-12 08:16:56] [generate_cnf] Generating formula bobsynthor with K=184
[2025-12-12 08:17:03] [run_formula] Running formula bobsynthor with K=184 up to limit 1600
[2025-12-12 08:17:07] [generate_cnf] Generating formula bobsynthor with K=185
[2025-12-12 08:17:14] [run_formula] Running formula bobsynthor with K=185 up to limit 1600
[2025-12-12 08:17:17] [generate_cnf] Generating formula bobsynthor with K=186
[2025-12-12 08:17:24] [run_formula] Running formula bobsynthor with K=186 up to limit 1600
[2025-12-12 08:17:28] [generate_cnf] Generating formula bobsynthor with K=187
[2025-12-12 08:17:36] [run_formula] Running formula bobsynthor with K=187 up to limit 1600
[2025-12-12 08:17:39] [generate_cnf] Generating formula bobsynthor with K=188
[2025-12-12 08:17:47] [run_formula] Running formula bobsynthor with K=188 up to limit 1600
[2025-12-12 08:17:50] [generate_cnf] Generating formula bobsynthor with K=189
[2025-12-12 08:17:58] [run_formula] Running formula bobsynthor with K=189 up to limit 1600
[2025-12-12 08:18:01] [generate_cnf] Generating formula bobsynthor with K=190
[2025-12-12 08:18:08] [run_formula] Running formula bobsynthor with K=190 up to limit 1600
[2025-12-12 08:18:13] [generate_cnf] Generating formula bobsynthor with K=191
[2025-12-12 08:18:20] [run_formula] Running formula bobsynthor with K=191 up to limit 1600
[2025-12-12 08:18:24] [generate_cnf] Generating formula bobsynthor with K=192
[2025-12-12 08:18:31] [run_formula] Running formula bobsynthor with K=192 up to limit 1600
[2025-12-12 08:18:35] [generate_cnf] Generating formula bobsynthor with K=193
[2025-12-12 08:18:42] [run_formula] Running formula bobsynthor with K=193 up to limit 1600
[2025-12-12 08:18:46] [generate_cnf] Generating formula bobsynthor with K=194
[2025-12-12 08:18:53] [run_formula] Running formula bobsynthor with K=194 up to limit 1600
[2025-12-12 08:18:57] [generate_cnf] Generating formula bobsynthor with K=195
[2025-12-12 08:19:05] [run_formula] Running formula bobsynthor with K=195 up to limit 1600
[2025-12-12 08:19:09] [generate_cnf] Generating formula bobsynthor with K=196
[2025-12-12 08:19:16] [run_formula] Running formula bobsynthor with K=196 up to limit 1600
[2025-12-12 08:19:20] [generate_cnf] Generating formula bobsynthor with K=197
[2025-12-12 08:19:28] [run_formula] Running formula bobsynthor with K=197 up to limit 1600
[2025-12-12 08:19:32] [generate_cnf] Generating formula bobsynthor with K=198
[2025-12-12 08:19:39] [run_formula] Running formula bobsynthor with K=198 up to limit 1600
[2025-12-12 08:19:43] [generate_cnf] Generating formula bobsynthor with K=199
[2025-12-12 08:19:51] [run_formula] Running formula bobsynthor with K=199 up to limit 1600
[2025-12-12 08:19:55] [generate_cnf] Generating formula bobsynthor with K=200
[2025-12-12 08:20:02] [run_formula] Running formula bobsynthor with K=200 up to limit 1600
[2025-12-12 08:20:06] [generate_cnf] Generating formula bobsynthor with K=201
[2025-12-12 08:20:14] [run_formula] Running formula bobsynthor with K=201 up to limit 1600
[2025-12-12 08:20:18] [generate_cnf] Generating formula bobsynthor with K=202
[2025-12-12 08:20:26] [run_formula] Running formula bobsynthor with K=202 up to limit 1600
[2025-12-12 08:20:30] [generate_cnf] Generating formula bobsynthor with K=203
[2025-12-12 08:20:38] [run_formula] Running formula bobsynthor with K=203 up to limit 1600
[2025-12-12 08:20:42] [generate_cnf] Generating formula bobsynthor with K=204
[2025-12-12 08:20:49] [run_formula] Running formula bobsynthor with K=204 up to limit 1600
[2025-12-12 08:20:54] [generate_cnf] Generating formula bobsynthor with K=205
[2025-12-12 08:21:01] [run_formula] Running formula bobsynthor with K=205 up to limit 1600
[2025-12-12 08:21:06] [generate_cnf] Generating formula bobsynthor with K=206
[2025-12-12 08:21:14] [run_formula] Running formula bobsynthor with K=206 up to limit 1600
[2025-12-12 08:21:18] [generate_cnf] Generating formula bobsynthor with K=207
[2025-12-12 08:21:26] [run_formula] Running formula bobsynthor with K=207 up to limit 1600
[2025-12-12 08:21:31] [generate_cnf] Generating formula bobsynthor with K=208
[2025-12-12 08:21:38] [run_formula] Running formula bobsynthor with K=208 up to limit 1600
[2025-12-12 08:21:42] [generate_cnf] Generating formula bobsynthor with K=209
[2025-12-12 08:21:50] [run_formula] Running formula bobsynthor with K=209 up to limit 1600
[2025-12-12 08:21:55] [generate_cnf] Generating formula bobsynthor with K=210
[2025-12-12 08:22:03] [run_formula] Running formula bobsynthor with K=210 up to limit 1600
[2025-12-12 08:22:07] [generate_cnf] Generating formula bobsynthor with K=211
[2025-12-12 08:22:15] [run_formula] Running formula bobsynthor with K=211 up to limit 1600
[2025-12-12 08:22:19] [generate_cnf] Generating formula bobsynthor with K=212
[2025-12-12 08:22:27] [run_formula] Running formula bobsynthor with K=212 up to limit 1600
[2025-12-12 08:22:31] [generate_cnf] Generating formula bobsynthor with K=213
[2025-12-12 08:22:39] [run_formula] Running formula bobsynthor with K=213 up to limit 1600
[2025-12-12 08:22:44] [generate_cnf] Generating formula bobsynthor with K=214
[2025-12-12 08:22:52] [run_formula] Running formula bobsynthor with K=214 up to limit 1600
[2025-12-12 08:22:56] [generate_cnf] Generating formula bobsynthor with K=215
[2025-12-12 08:23:05] [run_formula] Running formula bobsynthor with K=215 up to limit 1600
[2025-12-12 08:23:09] [generate_cnf] Generating formula bobsynthor with K=216
[2025-12-12 08:23:18] [run_formula] Running formula bobsynthor with K=216 up to limit 1600
[2025-12-12 08:23:22] [generate_cnf] Generating formula bobsynthor with K=217
[2025-12-12 08:23:30] [run_formula] Running formula bobsynthor with K=217 up to limit 1600
[2025-12-12 08:23:35] [generate_cnf] Generating formula bobsynthor with K=218
[2025-12-12 08:23:43] [run_formula] Running formula bobsynthor with K=218 up to limit 1600
[2025-12-12 08:23:47] [generate_cnf] Generating formula bobsynthor with K=219
[2025-12-12 08:23:56] [run_formula] Running formula bobsynthor with K=219 up to limit 1600
[2025-12-12 08:24:00] [generate_cnf] Generating formula bobsynthor with K=220
[2025-12-12 08:24:09] [run_formula] Running formula bobsynthor with K=220 up to limit 1600
[2025-12-12 08:24:13] [generate_cnf] Generating formula bobsynthor with K=221
[2025-12-12 08:24:22] [run_formula] Running formula bobsynthor with K=221 up to limit 1600
[2025-12-12 08:24:26] [generate_cnf] Generating formula bobsynthor with K=222
[2025-12-12 08:24:34] [run_formula] Running formula bobsynthor with K=222 up to limit 1600
[2025-12-12 08:24:39] [generate_cnf] Generating formula bobsynthor with K=223
[2025-12-12 08:24:47] [run_formula] Running formula bobsynthor with K=223 up to limit 1600
[2025-12-12 08:24:52] [generate_cnf] Generating formula bobsynthor with K=224
[2025-12-12 08:25:00] [run_formula] Running formula bobsynthor with K=224 up to limit 1600
[2025-12-12 08:25:05] [generate_cnf] Generating formula bobsynthor with K=225
[2025-12-12 08:25:13] [run_formula] Running formula bobsynthor with K=225 up to limit 1600
[2025-12-12 08:25:18] [generate_cnf] Generating formula bobsynthor with K=226
[2025-12-12 08:25:26] [run_formula] Running formula bobsynthor with K=226 up to limit 1600
[2025-12-12 08:25:31] [generate_cnf] Generating formula bobsynthor with K=227
[2025-12-12 08:25:39] [run_formula] Running formula bobsynthor with K=227 up to limit 1600
[2025-12-12 08:25:44] [generate_cnf] Generating formula bobsynthor with K=228
[2025-12-12 08:25:53] [run_formula] Running formula bobsynthor with K=228 up to limit 1600
[2025-12-12 08:25:57] [generate_cnf] Generating formula bobsynthor with K=229
[2025-12-12 08:26:06] [run_formula] Running formula bobsynthor with K=229 up to limit 1600
[2025-12-12 08:26:11] [generate_cnf] Generating formula bobsynthor with K=230
[2025-12-12 08:26:20] [run_formula] Running formula bobsynthor with K=230 up to limit 1600
[2025-12-12 08:26:24] [generate_cnf] Generating formula bobsynthor with K=231
[2025-12-12 08:26:33] [run_formula] Running formula bobsynthor with K=231 up to limit 1600
[2025-12-12 08:26:38] [generate_cnf] Generating formula bobsynthor with K=232
[2025-12-12 08:26:46] [run_formula] Running formula bobsynthor with K=232 up to limit 1600
[2025-12-12 08:26:51] [generate_cnf] Generating formula bobsynthor with K=233
[2025-12-12 08:27:00] [run_formula] Running formula bobsynthor with K=233 up to limit 1600
[2025-12-12 08:27:05] [generate_cnf] Generating formula bobsynthor with K=234
[2025-12-12 08:27:14] [run_formula] Running formula bobsynthor with K=234 up to limit 1600
[2025-12-12 08:27:19] [generate_cnf] Generating formula bobsynthor with K=235
[2025-12-12 08:27:28] [run_formula] Running formula bobsynthor with K=235 up to limit 1600
[2025-12-12 08:27:33] [generate_cnf] Generating formula bobsynthor with K=236
[2025-12-12 08:27:41] [run_formula] Running formula bobsynthor with K=236 up to limit 1600
[2025-12-12 08:27:46] [generate_cnf] Generating formula bobsynthor with K=237
[2025-12-12 08:27:55] [run_formula] Running formula bobsynthor with K=237 up to limit 1600
[2025-12-12 08:27:59] [run_formula] Error running formula bobsynthor with K=237: [Errno 122] Disk quota exceeded: './results/solving_logs/bobsynthor//bobsynthor.237.log'
[2025-12-12 08:27:59] [generate_and_run_up_to_limit] Failed to run formula bobsynthor with K=237, halting
