CNF written.
CNF written.
CNF written.
CNF written.
CNF written.
CNF written.
CNF written.
CNF written.
CNF written.
CNF written.
CNF written.
CNF written.
CNF written.
CNF written.
CNF written.
CNF written.
CNF written.
CNF written.
CNF written.
CNF written.
CNF written.
CNF written.
CNF written.
CNF written.
CNF written.
CNF written.
CNF written.
CNF written.
CNF written.
CNF written.
CNF written.
CNF written.
CNF written.
CNF written.
CNF written.
CNF written.
CNF written.
CNF written.
CNF written.
CNF written.
CNF written.
CNF written.
CNF written.
CNF written.
CNF written.
CNF written.
CNF written.
CNF written.
CNF written.
CNF written.
CNF written.
CNF written.
CNF written.
CNF written.
CNF written.
CNF written.
CNF written.
CNF written.
CNF written.
CNF written.
CNF written.
CNF written.
CNF written.
CNF written.
CNF written.
CNF written.
CNF written.
CNF written.
CNF written.
CNF written.
CNF written.
CNF written.
CNF written.
CNF written.
CNF written.
CNF written.
CNF written.
CNF written.
CNF written.
CNF written.
CNF written.
CNF written.
CNF written.
CNF written.
CNF written.
CNF written.
CNF written.
CNF written.
CNF written.
CNF written.
CNF written.
CNF written.
CNF written.
CNF written.
CNF written.
CNF written.
CNF written.
CNF written.
CNF written.
CNF written.
CNF written.
CNF written.
CNF written.
CNF written.
CNF written.
CNF written.
CNF written.
CNF written.
CNF written.
CNF written.
CNF written.
CNF written.
CNF written.
CNF written.
CNF written.
CNF written.
CNF written.
CNF written.
CNF written.
CNF written.
CNF written.
CNF written.
CNF written.
CNF written.
CNF written.
CNF written.
CNF written.
CNF written.
CNF written.
CNF written.
CNF written.
CNF written.
CNF written.
CNF written.
CNF written.
CNF written.
CNF written.
CNF written.
CNF written.
CNF written.
CNF written.
CNF written.
CNF written.
CNF written.
CNF written.
CNF written.
CNF written.
CNF written.
CNF written.
CNF written.
CNF written.
CNF written.
CNF written.
CNF written.
CNF written.
CNF written.
CNF written.
CNF written.
CNF written.
CNF written.
CNF written.
CNF written.
CNF written.
CNF written.
[2025-12-12 08:13:42] [generate_and_run_up_to_limit] Generating and running bobsynthand with K<=500 up to limit 1600
[2025-12-12 08:13:42] [generate_cnf] Generating formula bobsynthand with K=1
[2025-12-12 08:13:42] [run_formula] Running formula bobsynthand with K=1 up to limit 1600
[2025-12-12 08:13:42] [generate_cnf] Generating formula bobsynthand with K=2
[2025-12-12 08:13:42] [run_formula] Running formula bobsynthand with K=2 up to limit 1600
[2025-12-12 08:13:42] [generate_cnf] Generating formula bobsynthand with K=3
[2025-12-12 08:13:42] [run_formula] Running formula bobsynthand with K=3 up to limit 1600
[2025-12-12 08:13:42] [generate_cnf] Generating formula bobsynthand with K=4
[2025-12-12 08:13:43] [run_formula] Running formula bobsynthand with K=4 up to limit 1600
[2025-12-12 08:13:43] [generate_cnf] Generating formula bobsynthand with K=5
[2025-12-12 08:13:43] [run_formula] Running formula bobsynthand with K=5 up to limit 1600
[2025-12-12 08:13:43] [generate_cnf] Generating formula bobsynthand with K=6
[2025-12-12 08:13:43] [run_formula] Running formula bobsynthand with K=6 up to limit 1600
[2025-12-12 08:13:44] [generate_cnf] Generating formula bobsynthand with K=7
[2025-12-12 08:13:44] [run_formula] Running formula bobsynthand with K=7 up to limit 1600
[2025-12-12 08:13:44] [generate_cnf] Generating formula bobsynthand with K=8
[2025-12-12 08:13:44] [run_formula] Running formula bobsynthand with K=8 up to limit 1600
[2025-12-12 08:13:45] [generate_cnf] Generating formula bobsynthand with K=9
[2025-12-12 08:13:45] [run_formula] Running formula bobsynthand with K=9 up to limit 1600
[2025-12-12 08:13:45] [generate_cnf] Generating formula bobsynthand with K=10
[2025-12-12 08:13:46] [run_formula] Running formula bobsynthand with K=10 up to limit 1600
[2025-12-12 08:13:46] [generate_cnf] Generating formula bobsynthand with K=11
[2025-12-12 08:13:46] [run_formula] Running formula bobsynthand with K=11 up to limit 1600
[2025-12-12 08:13:47] [generate_cnf] Generating formula bobsynthand with K=12
[2025-12-12 08:13:47] [run_formula] Running formula bobsynthand with K=12 up to limit 1600
[2025-12-12 08:13:47] [generate_cnf] Generating formula bobsynthand with K=13
[2025-12-12 08:13:48] [run_formula] Running formula bobsynthand with K=13 up to limit 1600
[2025-12-12 08:13:48] [generate_cnf] Generating formula bobsynthand with K=14
[2025-12-12 08:13:49] [run_formula] Running formula bobsynthand with K=14 up to limit 1600
[2025-12-12 08:13:49] [generate_cnf] Generating formula bobsynthand with K=15
[2025-12-12 08:13:50] [run_formula] Running formula bobsynthand with K=15 up to limit 1600
[2025-12-12 08:13:50] [generate_cnf] Generating formula bobsynthand with K=16
[2025-12-12 08:13:51] [run_formula] Running formula bobsynthand with K=16 up to limit 1600
[2025-12-12 08:13:51] [generate_cnf] Generating formula bobsynthand with K=17
[2025-12-12 08:13:52] [run_formula] Running formula bobsynthand with K=17 up to limit 1600
[2025-12-12 08:13:52] [generate_cnf] Generating formula bobsynthand with K=18
[2025-12-12 08:13:53] [run_formula] Running formula bobsynthand with K=18 up to limit 1600
[2025-12-12 08:13:53] [generate_cnf] Generating formula bobsynthand with K=19
[2025-12-12 08:13:54] [run_formula] Running formula bobsynthand with K=19 up to limit 1600
[2025-12-12 08:13:55] [generate_cnf] Generating formula bobsynthand with K=20
[2025-12-12 08:13:56] [run_formula] Running formula bobsynthand with K=20 up to limit 1600
[2025-12-12 08:13:56] [generate_cnf] Generating formula bobsynthand with K=21
[2025-12-12 08:13:57] [run_formula] Running formula bobsynthand with K=21 up to limit 1600
[2025-12-12 08:13:57] [generate_cnf] Generating formula bobsynthand with K=22
[2025-12-12 08:13:58] [run_formula] Running formula bobsynthand with K=22 up to limit 1600
[2025-12-12 08:13:59] [generate_cnf] Generating formula bobsynthand with K=23
[2025-12-12 08:14:00] [run_formula] Running formula bobsynthand with K=23 up to limit 1600
[2025-12-12 08:14:00] [generate_cnf] Generating formula bobsynthand with K=24
[2025-12-12 08:14:01] [run_formula] Running formula bobsynthand with K=24 up to limit 1600
[2025-12-12 08:14:02] [generate_cnf] Generating formula bobsynthand with K=25
[2025-12-12 08:14:03] [run_formula] Running formula bobsynthand with K=25 up to limit 1600
[2025-12-12 08:14:04] [generate_cnf] Generating formula bobsynthand with K=26
[2025-12-12 08:14:05] [run_formula] Running formula bobsynthand with K=26 up to limit 1600
[2025-12-12 08:14:06] [generate_cnf] Generating formula bobsynthand with K=27
[2025-12-12 08:14:07] [run_formula] Running formula bobsynthand with K=27 up to limit 1600
[2025-12-12 08:14:07] [generate_cnf] Generating formula bobsynthand with K=28
[2025-12-12 08:14:09] [run_formula] Running formula bobsynthand with K=28 up to limit 1600
[2025-12-12 08:14:09] [generate_cnf] Generating formula bobsynthand with K=29
[2025-12-12 08:14:11] [run_formula] Running formula bobsynthand with K=29 up to limit 1600
[2025-12-12 08:14:11] [generate_cnf] Generating formula bobsynthand with K=30
[2025-12-12 08:14:13] [run_formula] Running formula bobsynthand with K=30 up to limit 1600
[2025-12-12 08:14:13] [generate_cnf] Generating formula bobsynthand with K=31
[2025-12-12 08:14:15] [run_formula] Running formula bobsynthand with K=31 up to limit 1600
[2025-12-12 08:14:15] [generate_cnf] Generating formula bobsynthand with K=32
[2025-12-12 08:14:17] [run_formula] Running formula bobsynthand with K=32 up to limit 1600
[2025-12-12 08:14:17] [generate_cnf] Generating formula bobsynthand with K=33
[2025-12-12 08:14:19] [run_formula] Running formula bobsynthand with K=33 up to limit 1600
[2025-12-12 08:14:19] [generate_cnf] Generating formula bobsynthand with K=34
[2025-12-12 08:14:21] [run_formula] Running formula bobsynthand with K=34 up to limit 1600
[2025-12-12 08:14:21] [generate_cnf] Generating formula bobsynthand with K=35
[2025-12-12 08:14:23] [run_formula] Running formula bobsynthand with K=35 up to limit 1600
[2025-12-12 08:14:24] [generate_cnf] Generating formula bobsynthand with K=36
[2025-12-12 08:14:25] [run_formula] Running formula bobsynthand with K=36 up to limit 1600
[2025-12-12 08:14:26] [generate_cnf] Generating formula bobsynthand with K=37
[2025-12-12 08:14:28] [run_formula] Running formula bobsynthand with K=37 up to limit 1600
[2025-12-12 08:14:28] [generate_cnf] Generating formula bobsynthand with K=38
[2025-12-12 08:14:30] [run_formula] Running formula bobsynthand with K=38 up to limit 1600
[2025-12-12 08:14:31] [generate_cnf] Generating formula bobsynthand with K=39
[2025-12-12 08:14:33] [run_formula] Running formula bobsynthand with K=39 up to limit 1600
[2025-12-12 08:14:33] [generate_cnf] Generating formula bobsynthand with K=40
[2025-12-12 08:14:35] [run_formula] Running formula bobsynthand with K=40 up to limit 1600
[2025-12-12 08:14:36] [generate_cnf] Generating formula bobsynthand with K=41
[2025-12-12 08:14:38] [run_formula] Running formula bobsynthand with K=41 up to limit 1600
[2025-12-12 08:14:39] [generate_cnf] Generating formula bobsynthand with K=42
[2025-12-12 08:14:41] [run_formula] Running formula bobsynthand with K=42 up to limit 1600
[2025-12-12 08:14:41] [generate_cnf] Generating formula bobsynthand with K=43
[2025-12-12 08:14:43] [run_formula] Running formula bobsynthand with K=43 up to limit 1600
[2025-12-12 08:14:44] [generate_cnf] Generating formula bobsynthand with K=44
[2025-12-12 08:14:46] [run_formula] Running formula bobsynthand with K=44 up to limit 1600
[2025-12-12 08:14:47] [generate_cnf] Generating formula bobsynthand with K=45
[2025-12-12 08:14:49] [run_formula] Running formula bobsynthand with K=45 up to limit 1600
[2025-12-12 08:14:50] [generate_cnf] Generating formula bobsynthand with K=46
[2025-12-12 08:14:52] [run_formula] Running formula bobsynthand with K=46 up to limit 1600
[2025-12-12 08:14:53] [generate_cnf] Generating formula bobsynthand with K=47
[2025-12-12 08:14:55] [run_formula] Running formula bobsynthand with K=47 up to limit 1600
[2025-12-12 08:14:56] [generate_cnf] Generating formula bobsynthand with K=48
[2025-12-12 08:14:58] [run_formula] Running formula bobsynthand with K=48 up to limit 1600
[2025-12-12 08:14:59] [generate_cnf] Generating formula bobsynthand with K=49
[2025-12-12 08:15:01] [run_formula] Running formula bobsynthand with K=49 up to limit 1600
[2025-12-12 08:15:02] [generate_cnf] Generating formula bobsynthand with K=50
[2025-12-12 08:15:04] [run_formula] Running formula bobsynthand with K=50 up to limit 1600
[2025-12-12 08:15:05] [generate_cnf] Generating formula bobsynthand with K=51
[2025-12-12 08:15:07] [run_formula] Running formula bobsynthand with K=51 up to limit 1600
[2025-12-12 08:15:08] [generate_cnf] Generating formula bobsynthand with K=52
[2025-12-12 08:15:10] [run_formula] Running formula bobsynthand with K=52 up to limit 1600
[2025-12-12 08:15:11] [generate_cnf] Generating formula bobsynthand with K=53
[2025-12-12 08:15:14] [run_formula] Running formula bobsynthand with K=53 up to limit 1600
[2025-12-12 08:15:15] [generate_cnf] Generating formula bobsynthand with K=54
[2025-12-12 08:15:17] [run_formula] Running formula bobsynthand with K=54 up to limit 1600
[2025-12-12 08:15:18] [generate_cnf] Generating formula bobsynthand with K=55
[2025-12-12 08:15:21] [run_formula] Running formula bobsynthand with K=55 up to limit 1600
[2025-12-12 08:15:21] [generate_cnf] Generating formula bobsynthand with K=56
[2025-12-12 08:15:24] [run_formula] Running formula bobsynthand with K=56 up to limit 1600
[2025-12-12 08:15:25] [generate_cnf] Generating formula bobsynthand with K=57
[2025-12-12 08:15:28] [run_formula] Running formula bobsynthand with K=57 up to limit 1600
[2025-12-12 08:15:29] [generate_cnf] Generating formula bobsynthand with K=58
[2025-12-12 08:15:32] [run_formula] Running formula bobsynthand with K=58 up to limit 1600
[2025-12-12 08:15:33] [generate_cnf] Generating formula bobsynthand with K=59
[2025-12-12 08:15:37] [run_formula] Running formula bobsynthand with K=59 up to limit 1600
[2025-12-12 08:15:37] [generate_cnf] Generating formula bobsynthand with K=60
[2025-12-12 08:15:40] [run_formula] Running formula bobsynthand with K=60 up to limit 1600
[2025-12-12 08:15:41] [generate_cnf] Generating formula bobsynthand with K=61
[2025-12-12 08:15:44] [run_formula] Running formula bobsynthand with K=61 up to limit 1600
[2025-12-12 08:15:45] [generate_cnf] Generating formula bobsynthand with K=62
[2025-12-12 08:15:48] [run_formula] Running formula bobsynthand with K=62 up to limit 1600
[2025-12-12 08:15:49] [generate_cnf] Generating formula bobsynthand with K=63
[2025-12-12 08:15:52] [run_formula] Running formula bobsynthand with K=63 up to limit 1600
[2025-12-12 08:15:53] [generate_cnf] Generating formula bobsynthand with K=64
[2025-12-12 08:15:56] [run_formula] Running formula bobsynthand with K=64 up to limit 1600
[2025-12-12 08:15:57] [generate_cnf] Generating formula bobsynthand with K=65
[2025-12-12 08:16:00] [run_formula] Running formula bobsynthand with K=65 up to limit 1600
[2025-12-12 08:16:01] [generate_cnf] Generating formula bobsynthand with K=66
[2025-12-12 08:16:05] [run_formula] Running formula bobsynthand with K=66 up to limit 1600
[2025-12-12 08:16:06] [generate_cnf] Generating formula bobsynthand with K=67
[2025-12-12 08:16:09] [run_formula] Running formula bobsynthand with K=67 up to limit 1600
[2025-12-12 08:16:10] [generate_cnf] Generating formula bobsynthand with K=68
[2025-12-12 08:16:14] [run_formula] Running formula bobsynthand with K=68 up to limit 1600
[2025-12-12 08:16:15] [generate_cnf] Generating formula bobsynthand with K=69
[2025-12-12 08:16:18] [run_formula] Running formula bobsynthand with K=69 up to limit 1600
[2025-12-12 08:16:19] [generate_cnf] Generating formula bobsynthand with K=70
[2025-12-12 08:16:22] [run_formula] Running formula bobsynthand with K=70 up to limit 1600
[2025-12-12 08:16:23] [generate_cnf] Generating formula bobsynthand with K=71
[2025-12-12 08:16:26] [run_formula] Running formula bobsynthand with K=71 up to limit 1600
[2025-12-12 08:16:28] [generate_cnf] Generating formula bobsynthand with K=72
[2025-12-12 08:16:31] [run_formula] Running formula bobsynthand with K=72 up to limit 1600
[2025-12-12 08:16:32] [generate_cnf] Generating formula bobsynthand with K=73
[2025-12-12 08:16:36] [run_formula] Running formula bobsynthand with K=73 up to limit 1600
[2025-12-12 08:16:37] [generate_cnf] Generating formula bobsynthand with K=74
[2025-12-12 08:16:40] [run_formula] Running formula bobsynthand with K=74 up to limit 1600
[2025-12-12 08:16:41] [generate_cnf] Generating formula bobsynthand with K=75
[2025-12-12 08:16:45] [run_formula] Running formula bobsynthand with K=75 up to limit 1600
[2025-12-12 08:16:46] [generate_cnf] Generating formula bobsynthand with K=76
[2025-12-12 08:16:50] [run_formula] Running formula bobsynthand with K=76 up to limit 1600
[2025-12-12 08:16:51] [generate_cnf] Generating formula bobsynthand with K=77
[2025-12-12 08:16:55] [run_formula] Running formula bobsynthand with K=77 up to limit 1600
[2025-12-12 08:16:56] [generate_cnf] Generating formula bobsynthand with K=78
[2025-12-12 08:17:00] [run_formula] Running formula bobsynthand with K=78 up to limit 1600
[2025-12-12 08:17:01] [generate_cnf] Generating formula bobsynthand with K=79
[2025-12-12 08:17:05] [run_formula] Running formula bobsynthand with K=79 up to limit 1600
[2025-12-12 08:17:06] [generate_cnf] Generating formula bobsynthand with K=80
[2025-12-12 08:17:10] [run_formula] Running formula bobsynthand with K=80 up to limit 1600
[2025-12-12 08:17:11] [generate_cnf] Generating formula bobsynthand with K=81
[2025-12-12 08:17:15] [run_formula] Running formula bobsynthand with K=81 up to limit 1600
[2025-12-12 08:17:16] [generate_cnf] Generating formula bobsynthand with K=82
[2025-12-12 08:17:20] [run_formula] Running formula bobsynthand with K=82 up to limit 1600
[2025-12-12 08:17:21] [generate_cnf] Generating formula bobsynthand with K=83
[2025-12-12 08:17:25] [run_formula] Running formula bobsynthand with K=83 up to limit 1600
[2025-12-12 08:17:27] [generate_cnf] Generating formula bobsynthand with K=84
[2025-12-12 08:17:31] [run_formula] Running formula bobsynthand with K=84 up to limit 1600
[2025-12-12 08:17:32] [generate_cnf] Generating formula bobsynthand with K=85
[2025-12-12 08:17:36] [run_formula] Running formula bobsynthand with K=85 up to limit 1600
[2025-12-12 08:17:37] [generate_cnf] Generating formula bobsynthand with K=86
[2025-12-12 08:17:41] [run_formula] Running formula bobsynthand with K=86 up to limit 1600
[2025-12-12 08:17:43] [generate_cnf] Generating formula bobsynthand with K=87
[2025-12-12 08:17:47] [run_formula] Running formula bobsynthand with K=87 up to limit 1600
[2025-12-12 08:17:48] [generate_cnf] Generating formula bobsynthand with K=88
[2025-12-12 08:17:52] [run_formula] Running formula bobsynthand with K=88 up to limit 1600
[2025-12-12 08:17:54] [generate_cnf] Generating formula bobsynthand with K=89
[2025-12-12 08:17:58] [run_formula] Running formula bobsynthand with K=89 up to limit 1600
[2025-12-12 08:17:59] [generate_cnf] Generating formula bobsynthand with K=90
[2025-12-12 08:18:03] [run_formula] Running formula bobsynthand with K=90 up to limit 1600
[2025-12-12 08:18:04] [generate_cnf] Generating formula bobsynthand with K=91
[2025-12-12 08:18:09] [run_formula] Running formula bobsynthand with K=91 up to limit 1600
[2025-12-12 08:18:10] [generate_cnf] Generating formula bobsynthand with K=92
[2025-12-12 08:18:14] [run_formula] Running formula bobsynthand with K=92 up to limit 1600
[2025-12-12 08:18:16] [generate_cnf] Generating formula bobsynthand with K=93
[2025-12-12 08:18:20] [run_formula] Running formula bobsynthand with K=93 up to limit 1600
[2025-12-12 08:18:22] [generate_cnf] Generating formula bobsynthand with K=94
[2025-12-12 08:18:26] [run_formula] Running formula bobsynthand with K=94 up to limit 1600
[2025-12-12 08:18:28] [generate_cnf] Generating formula bobsynthand with K=95
[2025-12-12 08:18:32] [run_formula] Running formula bobsynthand with K=95 up to limit 1600
[2025-12-12 08:18:34] [generate_cnf] Generating formula bobsynthand with K=96
[2025-12-12 08:18:38] [run_formula] Running formula bobsynthand with K=96 up to limit 1600
[2025-12-12 08:18:40] [generate_cnf] Generating formula bobsynthand with K=97
[2025-12-12 08:18:44] [run_formula] Running formula bobsynthand with K=97 up to limit 1600
[2025-12-12 08:18:46] [generate_cnf] Generating formula bobsynthand with K=98
[2025-12-12 08:18:51] [run_formula] Running formula bobsynthand with K=98 up to limit 1600
[2025-12-12 08:18:52] [generate_cnf] Generating formula bobsynthand with K=99
[2025-12-12 08:18:57] [run_formula] Running formula bobsynthand with K=99 up to limit 1600
[2025-12-12 08:18:58] [generate_cnf] Generating formula bobsynthand with K=100
[2025-12-12 08:19:03] [run_formula] Running formula bobsynthand with K=100 up to limit 1600
[2025-12-12 08:19:05] [generate_cnf] Generating formula bobsynthand with K=101
[2025-12-12 08:19:09] [run_formula] Running formula bobsynthand with K=101 up to limit 1600
[2025-12-12 08:19:11] [generate_cnf] Generating formula bobsynthand with K=102
[2025-12-12 08:19:16] [run_formula] Running formula bobsynthand with K=102 up to limit 1600
[2025-12-12 08:19:17] [generate_cnf] Generating formula bobsynthand with K=103
[2025-12-12 08:19:22] [run_formula] Running formula bobsynthand with K=103 up to limit 1600
[2025-12-12 08:19:24] [generate_cnf] Generating formula bobsynthand with K=104
[2025-12-12 08:19:29] [run_formula] Running formula bobsynthand with K=104 up to limit 1600
[2025-12-12 08:19:30] [generate_cnf] Generating formula bobsynthand with K=105
[2025-12-12 08:19:36] [run_formula] Running formula bobsynthand with K=105 up to limit 1600
[2025-12-12 08:19:37] [generate_cnf] Generating formula bobsynthand with K=106
[2025-12-12 08:19:42] [run_formula] Running formula bobsynthand with K=106 up to limit 1600
[2025-12-12 08:19:44] [generate_cnf] Generating formula bobsynthand with K=107
[2025-12-12 08:19:49] [run_formula] Running formula bobsynthand with K=107 up to limit 1600
[2025-12-12 08:19:51] [generate_cnf] Generating formula bobsynthand with K=108
[2025-12-12 08:19:56] [run_formula] Running formula bobsynthand with K=108 up to limit 1600
[2025-12-12 08:19:58] [generate_cnf] Generating formula bobsynthand with K=109
[2025-12-12 08:20:03] [run_formula] Running formula bobsynthand with K=109 up to limit 1600
[2025-12-12 08:20:05] [generate_cnf] Generating formula bobsynthand with K=110
[2025-12-12 08:20:10] [run_formula] Running formula bobsynthand with K=110 up to limit 1600
[2025-12-12 08:20:12] [generate_cnf] Generating formula bobsynthand with K=111
[2025-12-12 08:20:17] [run_formula] Running formula bobsynthand with K=111 up to limit 1600
[2025-12-12 08:20:19] [generate_cnf] Generating formula bobsynthand with K=112
[2025-12-12 08:20:24] [run_formula] Running formula bobsynthand with K=112 up to limit 1600
[2025-12-12 08:20:26] [generate_cnf] Generating formula bobsynthand with K=113
[2025-12-12 08:20:31] [run_formula] Running formula bobsynthand with K=113 up to limit 1600
[2025-12-12 08:20:33] [generate_cnf] Generating formula bobsynthand with K=114
[2025-12-12 08:20:39] [run_formula] Running formula bobsynthand with K=114 up to limit 1600
[2025-12-12 08:20:41] [generate_cnf] Generating formula bobsynthand with K=115
[2025-12-12 08:20:46] [run_formula] Running formula bobsynthand with K=115 up to limit 1600
[2025-12-12 08:20:48] [generate_cnf] Generating formula bobsynthand with K=116
[2025-12-12 08:20:53] [run_formula] Running formula bobsynthand with K=116 up to limit 1600
[2025-12-12 08:20:55] [generate_cnf] Generating formula bobsynthand with K=117
[2025-12-12 08:21:01] [run_formula] Running formula bobsynthand with K=117 up to limit 1600
[2025-12-12 08:21:03] [generate_cnf] Generating formula bobsynthand with K=118
[2025-12-12 08:21:08] [run_formula] Running formula bobsynthand with K=118 up to limit 1600
[2025-12-12 08:21:10] [generate_cnf] Generating formula bobsynthand with K=119
[2025-12-12 08:21:16] [run_formula] Running formula bobsynthand with K=119 up to limit 1600
[2025-12-12 08:21:18] [generate_cnf] Generating formula bobsynthand with K=120
[2025-12-12 08:21:24] [run_formula] Running formula bobsynthand with K=120 up to limit 1600
[2025-12-12 08:21:25] [generate_cnf] Generating formula bobsynthand with K=121
[2025-12-12 08:21:31] [run_formula] Running formula bobsynthand with K=121 up to limit 1600
[2025-12-12 08:21:33] [generate_cnf] Generating formula bobsynthand with K=122
[2025-12-12 08:21:39] [run_formula] Running formula bobsynthand with K=122 up to limit 1600
[2025-12-12 08:21:41] [generate_cnf] Generating formula bobsynthand with K=123
[2025-12-12 08:21:47] [run_formula] Running formula bobsynthand with K=123 up to limit 1600
[2025-12-12 08:21:49] [generate_cnf] Generating formula bobsynthand with K=124
[2025-12-12 08:21:54] [run_formula] Running formula bobsynthand with K=124 up to limit 1600
[2025-12-12 08:21:56] [generate_cnf] Generating formula bobsynthand with K=125
[2025-12-12 08:22:02] [run_formula] Running formula bobsynthand with K=125 up to limit 1600
[2025-12-12 08:22:04] [generate_cnf] Generating formula bobsynthand with K=126
[2025-12-12 08:22:10] [run_formula] Running formula bobsynthand with K=126 up to limit 1600
[2025-12-12 08:22:12] [generate_cnf] Generating formula bobsynthand with K=127
[2025-12-12 08:22:18] [run_formula] Running formula bobsynthand with K=127 up to limit 1600
[2025-12-12 08:22:19] [generate_cnf] Generating formula bobsynthand with K=128
[2025-12-12 08:22:26] [run_formula] Running formula bobsynthand with K=128 up to limit 1600
[2025-12-12 08:22:28] [generate_cnf] Generating formula bobsynthand with K=129
[2025-12-12 08:22:34] [run_formula] Running formula bobsynthand with K=129 up to limit 1600
[2025-12-12 08:22:36] [generate_cnf] Generating formula bobsynthand with K=130
[2025-12-12 08:22:42] [run_formula] Running formula bobsynthand with K=130 up to limit 1600
[2025-12-12 08:22:44] [generate_cnf] Generating formula bobsynthand with K=131
[2025-12-12 08:22:50] [run_formula] Running formula bobsynthand with K=131 up to limit 1600
[2025-12-12 08:22:52] [generate_cnf] Generating formula bobsynthand with K=132
[2025-12-12 08:22:59] [run_formula] Running formula bobsynthand with K=132 up to limit 1600
[2025-12-12 08:23:01] [generate_cnf] Generating formula bobsynthand with K=133
[2025-12-12 08:23:07] [run_formula] Running formula bobsynthand with K=133 up to limit 1600
[2025-12-12 08:23:09] [generate_cnf] Generating formula bobsynthand with K=134
[2025-12-12 08:23:16] [run_formula] Running formula bobsynthand with K=134 up to limit 1600
[2025-12-12 08:23:18] [generate_cnf] Generating formula bobsynthand with K=135
[2025-12-12 08:23:24] [run_formula] Running formula bobsynthand with K=135 up to limit 1600
[2025-12-12 08:23:26] [generate_cnf] Generating formula bobsynthand with K=136
[2025-12-12 08:23:32] [run_formula] Running formula bobsynthand with K=136 up to limit 1600
[2025-12-12 08:23:35] [generate_cnf] Generating formula bobsynthand with K=137
[2025-12-12 08:23:41] [run_formula] Running formula bobsynthand with K=137 up to limit 1600
[2025-12-12 08:23:43] [generate_cnf] Generating formula bobsynthand with K=138
[2025-12-12 08:23:50] [run_formula] Running formula bobsynthand with K=138 up to limit 1600
[2025-12-12 08:23:52] [generate_cnf] Generating formula bobsynthand with K=139
[2025-12-12 08:23:59] [run_formula] Running formula bobsynthand with K=139 up to limit 1600
[2025-12-12 08:24:01] [generate_cnf] Generating formula bobsynthand with K=140
[2025-12-12 08:24:07] [run_formula] Running formula bobsynthand with K=140 up to limit 1600
[2025-12-12 08:24:09] [generate_cnf] Generating formula bobsynthand with K=141
[2025-12-12 08:24:17] [run_formula] Running formula bobsynthand with K=141 up to limit 1600
[2025-12-12 08:24:19] [generate_cnf] Generating formula bobsynthand with K=142
[2025-12-12 08:24:26] [run_formula] Running formula bobsynthand with K=142 up to limit 1600
[2025-12-12 08:24:28] [generate_cnf] Generating formula bobsynthand with K=143
[2025-12-12 08:24:35] [run_formula] Running formula bobsynthand with K=143 up to limit 1600
[2025-12-12 08:24:37] [generate_cnf] Generating formula bobsynthand with K=144
[2025-12-12 08:24:44] [run_formula] Running formula bobsynthand with K=144 up to limit 1600
[2025-12-12 08:24:46] [generate_cnf] Generating formula bobsynthand with K=145
[2025-12-12 08:24:53] [run_formula] Running formula bobsynthand with K=145 up to limit 1600
[2025-12-12 08:24:55] [generate_cnf] Generating formula bobsynthand with K=146
[2025-12-12 08:25:02] [run_formula] Running formula bobsynthand with K=146 up to limit 1600
[2025-12-12 08:25:05] [generate_cnf] Generating formula bobsynthand with K=147
[2025-12-12 08:25:12] [run_formula] Running formula bobsynthand with K=147 up to limit 1600
[2025-12-12 08:25:14] [generate_cnf] Generating formula bobsynthand with K=148
[2025-12-12 08:25:21] [run_formula] Running formula bobsynthand with K=148 up to limit 1600
[2025-12-12 08:25:24] [generate_cnf] Generating formula bobsynthand with K=149
[2025-12-12 08:25:31] [run_formula] Running formula bobsynthand with K=149 up to limit 1600
[2025-12-12 08:25:33] [generate_cnf] Generating formula bobsynthand with K=150
[2025-12-12 08:25:41] [run_formula] Running formula bobsynthand with K=150 up to limit 1600
[2025-12-12 08:25:43] [generate_cnf] Generating formula bobsynthand with K=151
[2025-12-12 08:25:50] [run_formula] Running formula bobsynthand with K=151 up to limit 1600
[2025-12-12 08:25:52] [generate_cnf] Generating formula bobsynthand with K=152
[2025-12-12 08:26:00] [run_formula] Running formula bobsynthand with K=152 up to limit 1600
[2025-12-12 08:26:02] [generate_cnf] Generating formula bobsynthand with K=153
[2025-12-12 08:26:09] [run_formula] Running formula bobsynthand with K=153 up to limit 1600
[2025-12-12 08:26:12] [generate_cnf] Generating formula bobsynthand with K=154
[2025-12-12 08:26:19] [run_formula] Running formula bobsynthand with K=154 up to limit 1600
[2025-12-12 08:26:21] [generate_cnf] Generating formula bobsynthand with K=155
[2025-12-12 08:26:29] [run_formula] Running formula bobsynthand with K=155 up to limit 1600
[2025-12-12 08:26:32] [generate_cnf] Generating formula bobsynthand with K=156
[2025-12-12 08:26:39] [run_formula] Running formula bobsynthand with K=156 up to limit 1600
[2025-12-12 08:26:42] [generate_cnf] Generating formula bobsynthand with K=157
[2025-12-12 08:26:49] [run_formula] Running formula bobsynthand with K=157 up to limit 1600
[2025-12-12 08:26:52] [generate_cnf] Generating formula bobsynthand with K=158
[2025-12-12 08:27:00] [run_formula] Running formula bobsynthand with K=158 up to limit 1600
[2025-12-12 08:27:02] [generate_cnf] Generating formula bobsynthand with K=159
[2025-12-12 08:27:10] [run_formula] Running formula bobsynthand with K=159 up to limit 1600
[2025-12-12 08:27:13] [generate_cnf] Generating formula bobsynthand with K=160
[2025-12-12 08:27:20] [run_formula] Running formula bobsynthand with K=160 up to limit 1600
[2025-12-12 08:27:23] [generate_cnf] Generating formula bobsynthand with K=161
[2025-12-12 08:27:30] [run_formula] Running formula bobsynthand with K=161 up to limit 1600
[2025-12-12 08:27:32] [generate_cnf] Generating formula bobsynthand with K=162
[2025-12-12 08:27:40] [run_formula] Running formula bobsynthand with K=162 up to limit 1600
[2025-12-12 08:27:43] [generate_cnf] Generating formula bobsynthand with K=163
[2025-12-12 08:27:51] [run_formula] Running formula bobsynthand with K=163 up to limit 1600
[2025-12-12 08:27:53] [generate_cnf] Generating formula bobsynthand with K=164
[2025-12-12 08:28:01] [run_formula] Running formula bobsynthand with K=164 up to limit 1600
[2025-12-12 08:28:04] [run_formula] Error running formula bobsynthand with K=164: [Errno 122] Disk quota exceeded: './results/solving_logs/bobsynthand//bobsynthand.164.log'
[2025-12-12 08:28:04] [generate_and_run_up_to_limit] Failed to run formula bobsynthand with K=164, halting
