CNF written.
CNF written.
CNF written.
CNF written.
CNF written.
CNF written.
CNF written.
CNF written.
CNF written.
CNF written.
CNF written.
CNF written.
CNF written.
CNF written.
CNF written.
CNF written.
CNF written.
CNF written.
CNF written.
CNF written.
CNF written.
CNF written.
CNF written.
CNF written.
CNF written.
CNF written.
CNF written.
CNF written.
CNF written.
CNF written.
CNF written.
CNF written.
CNF written.
CNF written.
CNF written.
CNF written.
CNF written.
CNF written.
CNF written.
CNF written.
CNF written.
CNF written.
CNF written.
CNF written.
CNF written.
CNF written.
CNF written.
CNF written.
CNF written.
CNF written.
CNF written.
CNF written.
CNF written.
CNF written.
CNF written.
CNF written.
CNF written.
CNF written.
CNF written.
CNF written.
CNF written.
CNF written.
CNF written.
CNF written.
CNF written.
CNF written.
CNF written.
CNF written.
CNF written.
CNF written.
CNF written.
CNF written.
CNF written.
CNF written.
CNF written.
CNF written.
CNF written.
CNF written.
CNF written.
CNF written.
CNF written.
CNF written.
CNF written.
CNF written.
CNF written.
CNF written.
CNF written.
CNF written.
CNF written.
CNF written.
CNF written.
CNF written.
CNF written.
CNF written.
CNF written.
CNF written.
CNF written.
CNF written.
CNF written.
CNF written.
CNF written.
CNF written.
CNF written.
CNF written.
CNF written.
CNF written.
CNF written.
CNF written.
CNF written.
CNF written.
CNF written.
CNF written.
CNF written.
CNF written.
CNF written.
CNF written.
CNF written.
CNF written.
CNF written.
CNF written.
CNF written.
CNF written.
CNF written.
CNF written.
CNF written.
CNF written.
CNF written.
CNF written.
CNF written.
CNF written.
CNF written.
CNF written.
CNF written.
CNF written.
CNF written.
CNF written.
CNF written.
CNF written.
CNF written.
CNF written.
CNF written.
CNF written.
CNF written.
CNF written.
CNF written.
CNF written.
CNF written.
CNF written.
CNF written.
CNF written.
CNF written.
CNF written.
CNF written.
CNF written.
CNF written.
CNF written.
CNF written.
CNF written.
CNF written.
CNF written.
CNF written.
CNF written.
CNF written.
CNF written.
CNF written.
CNF written.
CNF written.
CNF written.
CNF written.
CNF written.
CNF written.
CNF written.
CNF written.
CNF written.
CNF written.
CNF written.
CNF written.
CNF written.
CNF written.
CNF written.
CNF written.
CNF written.
CNF written.
CNF written.
CNF written.
CNF written.
CNF written.
CNF written.
CNF written.
CNF written.
CNF written.
CNF written.
CNF written.
CNF written.
CNF written.
CNF written.
CNF written.
CNF written.
CNF written.
CNF written.
CNF written.
CNF written.
CNF written.
CNF written.
CNF written.
CNF written.
CNF written.
CNF written.
CNF written.
CNF written.
CNF written.
CNF written.
CNF written.
CNF written.
CNF written.
CNF written.
CNF written.
CNF written.
CNF written.
CNF written.
CNF written.
CNF written.
CNF written.
CNF written.
CNF written.
CNF written.
CNF written.
CNF written.
CNF written.
CNF written.
CNF written.
CNF written.
CNF written.
CNF written.
CNF written.
CNF written.
CNF written.
CNF written.
CNF written.
CNF written.
CNF written.
CNF written.
CNF written.
CNF written.
CNF written.
CNF written.
CNF written.
CNF written.
CNF written.
CNF written.
CNF written.
CNF written.
CNF written.
CNF written.
CNF written.
CNF written.
CNF written.
CNF written.
CNF written.
CNF written.
CNF written.
CNF written.
CNF written.
CNF written.
CNF written.
CNF written.
CNF written.
CNF written.
CNF written.
CNF written.
CNF written.
CNF written.
CNF written.
CNF written.
CNF written.
CNF written.
CNF written.
CNF written.
CNF written.
CNF written.
CNF written.
CNF written.
CNF written.
CNF written.
CNF written.
CNF written.
CNF written.
CNF written.
CNF written.
CNF written.
CNF written.
CNF written.
CNF written.
CNF written.
CNF written.
CNF written.
CNF written.
CNF written.
CNF written.
CNF written.
CNF written.
CNF written.
CNF written.
CNF written.
CNF written.
CNF written.
CNF written.
CNF written.
CNF written.
CNF written.
CNF written.
CNF written.
CNF written.
CNF written.
CNF written.
CNF written.
CNF written.
CNF written.
CNF written.
CNF written.
CNF written.
CNF written.
CNF written.
CNF written.
CNF written.
CNF written.
CNF written.
CNF written.
CNF written.
CNF written.
CNF written.
CNF written.
CNF written.
CNF written.
CNF written.
CNF written.
CNF written.
CNF written.
[2025-12-12 07:23:34] [generate_and_run_up_to_limit] Generating and running bobtuttt with K<=500 up to limit 1600
[2025-12-12 07:23:34] [generate_cnf] Generating formula bobtuttt with K=1
[2025-12-12 07:23:35] [run_formula] Running formula bobtuttt with K=1 up to limit 1600
[2025-12-12 07:23:35] [generate_cnf] Generating formula bobtuttt with K=2
[2025-12-12 07:23:35] [run_formula] Running formula bobtuttt with K=2 up to limit 1600
[2025-12-12 07:23:35] [generate_cnf] Generating formula bobtuttt with K=3
[2025-12-12 07:23:35] [run_formula] Running formula bobtuttt with K=3 up to limit 1600
[2025-12-12 07:23:35] [generate_cnf] Generating formula bobtuttt with K=4
[2025-12-12 07:23:35] [run_formula] Running formula bobtuttt with K=4 up to limit 1600
[2025-12-12 07:23:35] [generate_cnf] Generating formula bobtuttt with K=5
[2025-12-12 07:23:35] [run_formula] Running formula bobtuttt with K=5 up to limit 1600
[2025-12-12 07:23:35] [generate_cnf] Generating formula bobtuttt with K=6
[2025-12-12 07:23:36] [run_formula] Running formula bobtuttt with K=6 up to limit 1600
[2025-12-12 07:23:36] [generate_cnf] Generating formula bobtuttt with K=7
[2025-12-12 07:23:36] [run_formula] Running formula bobtuttt with K=7 up to limit 1600
[2025-12-12 07:23:36] [generate_cnf] Generating formula bobtuttt with K=8
[2025-12-12 07:23:37] [run_formula] Running formula bobtuttt with K=8 up to limit 1600
[2025-12-12 07:23:37] [generate_cnf] Generating formula bobtuttt with K=9
[2025-12-12 07:23:37] [run_formula] Running formula bobtuttt with K=9 up to limit 1600
[2025-12-12 07:23:38] [generate_cnf] Generating formula bobtuttt with K=10
[2025-12-12 07:23:38] [run_formula] Running formula bobtuttt with K=10 up to limit 1600
[2025-12-12 07:23:39] [generate_cnf] Generating formula bobtuttt with K=11
[2025-12-12 07:23:39] [run_formula] Running formula bobtuttt with K=11 up to limit 1600
[2025-12-12 07:23:40] [generate_cnf] Generating formula bobtuttt with K=12
[2025-12-12 07:23:41] [run_formula] Running formula bobtuttt with K=12 up to limit 1600
[2025-12-12 07:23:43] [generate_cnf] Generating formula bobtuttt with K=13
[2025-12-12 07:23:43] [run_formula] Running formula bobtuttt with K=13 up to limit 1600
[2025-12-12 07:23:46] [generate_cnf] Generating formula bobtuttt with K=14
[2025-12-12 07:23:46] [run_formula] Running formula bobtuttt with K=14 up to limit 1600
[2025-12-12 07:23:51] [generate_cnf] Generating formula bobtuttt with K=15
[2025-12-12 07:23:51] [run_formula] Running formula bobtuttt with K=15 up to limit 1600
[2025-12-12 07:23:56] [generate_cnf] Generating formula bobtuttt with K=16
[2025-12-12 07:23:56] [run_formula] Running formula bobtuttt with K=16 up to limit 1600
[2025-12-12 07:24:01] [generate_cnf] Generating formula bobtuttt with K=17
[2025-12-12 07:24:02] [run_formula] Running formula bobtuttt with K=17 up to limit 1600
[2025-12-12 07:24:10] [generate_cnf] Generating formula bobtuttt with K=18
[2025-12-12 07:24:10] [run_formula] Running formula bobtuttt with K=18 up to limit 1600
[2025-12-12 07:24:20] [generate_cnf] Generating formula bobtuttt with K=19
[2025-12-12 07:24:20] [run_formula] Running formula bobtuttt with K=19 up to limit 1600
[2025-12-12 07:24:32] [generate_cnf] Generating formula bobtuttt with K=20
[2025-12-12 07:24:32] [run_formula] Running formula bobtuttt with K=20 up to limit 1600
[2025-12-12 07:24:44] [generate_cnf] Generating formula bobtuttt with K=21
[2025-12-12 07:24:45] [run_formula] Running formula bobtuttt with K=21 up to limit 1600
[2025-12-12 07:25:02] [generate_cnf] Generating formula bobtuttt with K=22
[2025-12-12 07:25:03] [run_formula] Running formula bobtuttt with K=22 up to limit 1600
[2025-12-12 07:25:27] [generate_cnf] Generating formula bobtuttt with K=23
[2025-12-12 07:25:28] [run_formula] Running formula bobtuttt with K=23 up to limit 1600
[2025-12-12 07:25:52] [generate_cnf] Generating formula bobtuttt with K=24
[2025-12-12 07:25:52] [run_formula] Running formula bobtuttt with K=24 up to limit 1600
[2025-12-12 07:26:25] [generate_cnf] Generating formula bobtuttt with K=25
[2025-12-12 07:26:25] [run_formula] Running formula bobtuttt with K=25 up to limit 1600
[2025-12-12 07:27:01] [generate_cnf] Generating formula bobtuttt with K=26
[2025-12-12 07:27:02] [run_formula] Running formula bobtuttt with K=26 up to limit 1600
[2025-12-12 07:27:48] [generate_cnf] Generating formula bobtuttt with K=27
[2025-12-12 07:27:48] [run_formula] Running formula bobtuttt with K=27 up to limit 1600
[2025-12-12 07:28:07] [generate_cnf] Generating formula bobtuttt with K=28
[2025-12-12 07:28:08] [run_formula] Running formula bobtuttt with K=28 up to limit 1600
[2025-12-12 07:28:09] [generate_cnf] Generating formula bobtuttt with K=29
[2025-12-12 07:28:09] [run_formula] Running formula bobtuttt with K=29 up to limit 1600
[2025-12-12 07:28:24] [generate_cnf] Generating formula bobtuttt with K=30
[2025-12-12 07:28:24] [run_formula] Running formula bobtuttt with K=30 up to limit 1600
[2025-12-12 07:28:25] [generate_cnf] Generating formula bobtuttt with K=31
[2025-12-12 07:28:26] [run_formula] Running formula bobtuttt with K=31 up to limit 1600
[2025-12-12 07:28:27] [generate_cnf] Generating formula bobtuttt with K=32
[2025-12-12 07:28:28] [run_formula] Running formula bobtuttt with K=32 up to limit 1600
[2025-12-12 07:28:29] [generate_cnf] Generating formula bobtuttt with K=33
[2025-12-12 07:28:30] [run_formula] Running formula bobtuttt with K=33 up to limit 1600
[2025-12-12 07:28:31] [generate_cnf] Generating formula bobtuttt with K=34
[2025-12-12 07:28:32] [run_formula] Running formula bobtuttt with K=34 up to limit 1600
[2025-12-12 07:28:34] [generate_cnf] Generating formula bobtuttt with K=35
[2025-12-12 07:28:35] [run_formula] Running formula bobtuttt with K=35 up to limit 1600
[2025-12-12 07:28:36] [generate_cnf] Generating formula bobtuttt with K=36
[2025-12-12 07:28:37] [run_formula] Running formula bobtuttt with K=36 up to limit 1600
[2025-12-12 07:28:51] [generate_cnf] Generating formula bobtuttt with K=37
[2025-12-12 07:28:52] [run_formula] Running formula bobtuttt with K=37 up to limit 1600
[2025-12-12 07:28:55] [generate_cnf] Generating formula bobtuttt with K=38
[2025-12-12 07:28:56] [run_formula] Running formula bobtuttt with K=38 up to limit 1600
[2025-12-12 07:28:58] [generate_cnf] Generating formula bobtuttt with K=39
[2025-12-12 07:28:59] [run_formula] Running formula bobtuttt with K=39 up to limit 1600
[2025-12-12 07:29:01] [generate_cnf] Generating formula bobtuttt with K=40
[2025-12-12 07:29:02] [run_formula] Running formula bobtuttt with K=40 up to limit 1600
[2025-12-12 07:29:03] [generate_cnf] Generating formula bobtuttt with K=41
[2025-12-12 07:29:04] [run_formula] Running formula bobtuttt with K=41 up to limit 1600
[2025-12-12 07:29:05] [generate_cnf] Generating formula bobtuttt with K=42
[2025-12-12 07:29:06] [run_formula] Running formula bobtuttt with K=42 up to limit 1600
[2025-12-12 07:29:08] [generate_cnf] Generating formula bobtuttt with K=43
[2025-12-12 07:29:09] [run_formula] Running formula bobtuttt with K=43 up to limit 1600
[2025-12-12 07:29:10] [generate_cnf] Generating formula bobtuttt with K=44
[2025-12-12 07:29:11] [run_formula] Running formula bobtuttt with K=44 up to limit 1600
[2025-12-12 07:29:12] [generate_cnf] Generating formula bobtuttt with K=45
[2025-12-12 07:29:13] [run_formula] Running formula bobtuttt with K=45 up to limit 1600
[2025-12-12 07:29:14] [generate_cnf] Generating formula bobtuttt with K=46
[2025-12-12 07:29:16] [run_formula] Running formula bobtuttt with K=46 up to limit 1600
[2025-12-12 07:29:17] [generate_cnf] Generating formula bobtuttt with K=47
[2025-12-12 07:29:18] [run_formula] Running formula bobtuttt with K=47 up to limit 1600
[2025-12-12 07:29:20] [generate_cnf] Generating formula bobtuttt with K=48
[2025-12-12 07:29:21] [run_formula] Running formula bobtuttt with K=48 up to limit 1600
[2025-12-12 07:29:23] [generate_cnf] Generating formula bobtuttt with K=49
[2025-12-12 07:29:24] [run_formula] Running formula bobtuttt with K=49 up to limit 1600
[2025-12-12 07:29:27] [generate_cnf] Generating formula bobtuttt with K=50
[2025-12-12 07:29:28] [run_formula] Running formula bobtuttt with K=50 up to limit 1600
[2025-12-12 07:29:32] [generate_cnf] Generating formula bobtuttt with K=51
[2025-12-12 07:29:34] [run_formula] Running formula bobtuttt with K=51 up to limit 1600
[2025-12-12 07:29:36] [generate_cnf] Generating formula bobtuttt with K=52
[2025-12-12 07:29:37] [run_formula] Running formula bobtuttt with K=52 up to limit 1600
[2025-12-12 07:29:46] [generate_cnf] Generating formula bobtuttt with K=53
[2025-12-12 07:29:47] [run_formula] Running formula bobtuttt with K=53 up to limit 1600
[2025-12-12 07:29:49] [generate_cnf] Generating formula bobtuttt with K=54
[2025-12-12 07:29:50] [run_formula] Running formula bobtuttt with K=54 up to limit 1600
[2025-12-12 07:29:51] [generate_cnf] Generating formula bobtuttt with K=55
[2025-12-12 07:29:53] [run_formula] Running formula bobtuttt with K=55 up to limit 1600
[2025-12-12 07:29:56] [generate_cnf] Generating formula bobtuttt with K=56
[2025-12-12 07:29:57] [run_formula] Running formula bobtuttt with K=56 up to limit 1600
[2025-12-12 07:29:58] [generate_cnf] Generating formula bobtuttt with K=57
[2025-12-12 07:30:00] [run_formula] Running formula bobtuttt with K=57 up to limit 1600
[2025-12-12 07:30:02] [generate_cnf] Generating formula bobtuttt with K=58
[2025-12-12 07:30:03] [run_formula] Running formula bobtuttt with K=58 up to limit 1600
[2025-12-12 07:30:04] [generate_cnf] Generating formula bobtuttt with K=59
[2025-12-12 07:30:06] [run_formula] Running formula bobtuttt with K=59 up to limit 1600
[2025-12-12 07:30:08] [generate_cnf] Generating formula bobtuttt with K=60
[2025-12-12 07:30:09] [run_formula] Running formula bobtuttt with K=60 up to limit 1600
[2025-12-12 07:30:10] [generate_cnf] Generating formula bobtuttt with K=61
[2025-12-12 07:30:12] [run_formula] Running formula bobtuttt with K=61 up to limit 1600
[2025-12-12 07:30:13] [generate_cnf] Generating formula bobtuttt with K=62
[2025-12-12 07:30:14] [run_formula] Running formula bobtuttt with K=62 up to limit 1600
[2025-12-12 07:30:15] [generate_cnf] Generating formula bobtuttt with K=63
[2025-12-12 07:30:17] [run_formula] Running formula bobtuttt with K=63 up to limit 1600
[2025-12-12 07:30:20] [generate_cnf] Generating formula bobtuttt with K=64
[2025-12-12 07:30:22] [run_formula] Running formula bobtuttt with K=64 up to limit 1600
[2025-12-12 07:30:23] [generate_cnf] Generating formula bobtuttt with K=65
[2025-12-12 07:30:24] [run_formula] Running formula bobtuttt with K=65 up to limit 1600
[2025-12-12 07:30:27] [generate_cnf] Generating formula bobtuttt with K=66
[2025-12-12 07:30:29] [run_formula] Running formula bobtuttt with K=66 up to limit 1600
[2025-12-12 07:30:30] [generate_cnf] Generating formula bobtuttt with K=67
[2025-12-12 07:30:32] [run_formula] Running formula bobtuttt with K=67 up to limit 1600
[2025-12-12 07:30:36] [generate_cnf] Generating formula bobtuttt with K=68
[2025-12-12 07:30:38] [run_formula] Running formula bobtuttt with K=68 up to limit 1600
[2025-12-12 07:30:40] [generate_cnf] Generating formula bobtuttt with K=69
[2025-12-12 07:30:42] [run_formula] Running formula bobtuttt with K=69 up to limit 1600
[2025-12-12 07:30:43] [generate_cnf] Generating formula bobtuttt with K=70
[2025-12-12 07:30:45] [run_formula] Running formula bobtuttt with K=70 up to limit 1600
[2025-12-12 07:30:48] [generate_cnf] Generating formula bobtuttt with K=71
[2025-12-12 07:30:50] [run_formula] Running formula bobtuttt with K=71 up to limit 1600
[2025-12-12 07:30:51] [generate_cnf] Generating formula bobtuttt with K=72
[2025-12-12 07:30:53] [run_formula] Running formula bobtuttt with K=72 up to limit 1600
[2025-12-12 07:30:55] [generate_cnf] Generating formula bobtuttt with K=73
[2025-12-12 07:30:57] [run_formula] Running formula bobtuttt with K=73 up to limit 1600
[2025-12-12 07:31:00] [generate_cnf] Generating formula bobtuttt with K=74
[2025-12-12 07:31:01] [run_formula] Running formula bobtuttt with K=74 up to limit 1600
[2025-12-12 07:31:03] [generate_cnf] Generating formula bobtuttt with K=75
[2025-12-12 07:31:05] [run_formula] Running formula bobtuttt with K=75 up to limit 1600
[2025-12-12 07:31:09] [generate_cnf] Generating formula bobtuttt with K=76
[2025-12-12 07:31:11] [run_formula] Running formula bobtuttt with K=76 up to limit 1600
[2025-12-12 07:31:19] [generate_cnf] Generating formula bobtuttt with K=77
[2025-12-12 07:31:21] [run_formula] Running formula bobtuttt with K=77 up to limit 1600
[2025-12-12 07:31:23] [generate_cnf] Generating formula bobtuttt with K=78
[2025-12-12 07:31:25] [run_formula] Running formula bobtuttt with K=78 up to limit 1600
[2025-12-12 07:31:26] [generate_cnf] Generating formula bobtuttt with K=79
[2025-12-12 07:31:28] [run_formula] Running formula bobtuttt with K=79 up to limit 1600
[2025-12-12 07:31:30] [generate_cnf] Generating formula bobtuttt with K=80
[2025-12-12 07:31:32] [run_formula] Running formula bobtuttt with K=80 up to limit 1600
[2025-12-12 07:31:34] [generate_cnf] Generating formula bobtuttt with K=81
[2025-12-12 07:31:36] [run_formula] Running formula bobtuttt with K=81 up to limit 1600
[2025-12-12 07:31:38] [generate_cnf] Generating formula bobtuttt with K=82
[2025-12-12 07:31:40] [run_formula] Running formula bobtuttt with K=82 up to limit 1600
[2025-12-12 07:31:42] [generate_cnf] Generating formula bobtuttt with K=83
[2025-12-12 07:31:44] [run_formula] Running formula bobtuttt with K=83 up to limit 1600
[2025-12-12 07:31:47] [generate_cnf] Generating formula bobtuttt with K=84
[2025-12-12 07:31:49] [run_formula] Running formula bobtuttt with K=84 up to limit 1600
[2025-12-12 07:31:51] [generate_cnf] Generating formula bobtuttt with K=85
[2025-12-12 07:31:53] [run_formula] Running formula bobtuttt with K=85 up to limit 1600
[2025-12-12 07:31:54] [generate_cnf] Generating formula bobtuttt with K=86
[2025-12-12 07:31:56] [run_formula] Running formula bobtuttt with K=86 up to limit 1600
[2025-12-12 07:31:58] [generate_cnf] Generating formula bobtuttt with K=87
[2025-12-12 07:32:00] [run_formula] Running formula bobtuttt with K=87 up to limit 1600
[2025-12-12 07:32:06] [generate_cnf] Generating formula bobtuttt with K=88
[2025-12-12 07:32:08] [run_formula] Running formula bobtuttt with K=88 up to limit 1600
[2025-12-12 07:32:10] [generate_cnf] Generating formula bobtuttt with K=89
[2025-12-12 07:32:12] [run_formula] Running formula bobtuttt with K=89 up to limit 1600
[2025-12-12 07:32:13] [generate_cnf] Generating formula bobtuttt with K=90
[2025-12-12 07:32:16] [run_formula] Running formula bobtuttt with K=90 up to limit 1600
[2025-12-12 07:32:18] [generate_cnf] Generating formula bobtuttt with K=91
[2025-12-12 07:32:20] [run_formula] Running formula bobtuttt with K=91 up to limit 1600
[2025-12-12 07:32:26] [generate_cnf] Generating formula bobtuttt with K=92
[2025-12-12 07:32:28] [run_formula] Running formula bobtuttt with K=92 up to limit 1600
[2025-12-12 07:32:35] [generate_cnf] Generating formula bobtuttt with K=93
[2025-12-12 07:32:37] [run_formula] Running formula bobtuttt with K=93 up to limit 1600
[2025-12-12 07:32:40] [generate_cnf] Generating formula bobtuttt with K=94
[2025-12-12 07:32:42] [run_formula] Running formula bobtuttt with K=94 up to limit 1600
[2025-12-12 07:32:45] [generate_cnf] Generating formula bobtuttt with K=95
[2025-12-12 07:32:47] [run_formula] Running formula bobtuttt with K=95 up to limit 1600
[2025-12-12 07:32:49] [generate_cnf] Generating formula bobtuttt with K=96
[2025-12-12 07:32:52] [run_formula] Running formula bobtuttt with K=96 up to limit 1600
[2025-12-12 07:32:55] [generate_cnf] Generating formula bobtuttt with K=97
[2025-12-12 07:32:57] [run_formula] Running formula bobtuttt with K=97 up to limit 1600
[2025-12-12 07:33:01] [generate_cnf] Generating formula bobtuttt with K=98
[2025-12-12 07:33:03] [run_formula] Running formula bobtuttt with K=98 up to limit 1600
[2025-12-12 07:33:06] [generate_cnf] Generating formula bobtuttt with K=99
[2025-12-12 07:33:09] [run_formula] Running formula bobtuttt with K=99 up to limit 1600
[2025-12-12 07:33:16] [generate_cnf] Generating formula bobtuttt with K=100
[2025-12-12 07:33:18] [run_formula] Running formula bobtuttt with K=100 up to limit 1600
[2025-12-12 07:33:20] [generate_cnf] Generating formula bobtuttt with K=101
[2025-12-12 07:33:23] [run_formula] Running formula bobtuttt with K=101 up to limit 1600
[2025-12-12 07:33:30] [generate_cnf] Generating formula bobtuttt with K=102
[2025-12-12 07:33:33] [run_formula] Running formula bobtuttt with K=102 up to limit 1600
[2025-12-12 07:33:38] [generate_cnf] Generating formula bobtuttt with K=103
[2025-12-12 07:33:41] [run_formula] Running formula bobtuttt with K=103 up to limit 1600
[2025-12-12 07:33:49] [generate_cnf] Generating formula bobtuttt with K=104
[2025-12-12 07:33:52] [run_formula] Running formula bobtuttt with K=104 up to limit 1600
[2025-12-12 07:33:54] [generate_cnf] Generating formula bobtuttt with K=105
[2025-12-12 07:33:57] [run_formula] Running formula bobtuttt with K=105 up to limit 1600
[2025-12-12 07:33:59] [generate_cnf] Generating formula bobtuttt with K=106
[2025-12-12 07:34:02] [run_formula] Running formula bobtuttt with K=106 up to limit 1600
[2025-12-12 07:34:12] [generate_cnf] Generating formula bobtuttt with K=107
[2025-12-12 07:34:15] [run_formula] Running formula bobtuttt with K=107 up to limit 1600
[2025-12-12 07:34:18] [generate_cnf] Generating formula bobtuttt with K=108
[2025-12-12 07:34:21] [run_formula] Running formula bobtuttt with K=108 up to limit 1600
[2025-12-12 07:34:32] [generate_cnf] Generating formula bobtuttt with K=109
[2025-12-12 07:34:38] [run_formula] Running formula bobtuttt with K=109 up to limit 1600
[2025-12-12 07:34:42] [generate_cnf] Generating formula bobtuttt with K=110
[2025-12-12 07:34:46] [run_formula] Running formula bobtuttt with K=110 up to limit 1600
[2025-12-12 07:34:50] [generate_cnf] Generating formula bobtuttt with K=111
[2025-12-12 07:34:53] [run_formula] Running formula bobtuttt with K=111 up to limit 1600
[2025-12-12 07:34:55] [generate_cnf] Generating formula bobtuttt with K=112
[2025-12-12 07:34:58] [run_formula] Running formula bobtuttt with K=112 up to limit 1600
[2025-12-12 07:35:01] [generate_cnf] Generating formula bobtuttt with K=113
[2025-12-12 07:35:04] [run_formula] Running formula bobtuttt with K=113 up to limit 1600
[2025-12-12 07:35:07] [generate_cnf] Generating formula bobtuttt with K=114
[2025-12-12 07:35:10] [run_formula] Running formula bobtuttt with K=114 up to limit 1600
[2025-12-12 07:35:12] [generate_cnf] Generating formula bobtuttt with K=115
[2025-12-12 07:35:15] [run_formula] Running formula bobtuttt with K=115 up to limit 1600
[2025-12-12 07:35:18] [generate_cnf] Generating formula bobtuttt with K=116
[2025-12-12 07:35:21] [run_formula] Running formula bobtuttt with K=116 up to limit 1600
[2025-12-12 07:35:23] [generate_cnf] Generating formula bobtuttt with K=117
[2025-12-12 07:35:26] [run_formula] Running formula bobtuttt with K=117 up to limit 1600
[2025-12-12 07:35:29] [generate_cnf] Generating formula bobtuttt with K=118
[2025-12-12 07:35:32] [run_formula] Running formula bobtuttt with K=118 up to limit 1600
[2025-12-12 07:35:34] [generate_cnf] Generating formula bobtuttt with K=119
[2025-12-12 07:35:37] [run_formula] Running formula bobtuttt with K=119 up to limit 1600
[2025-12-12 07:35:45] [generate_cnf] Generating formula bobtuttt with K=120
[2025-12-12 07:35:48] [run_formula] Running formula bobtuttt with K=120 up to limit 1600
[2025-12-12 07:35:52] [generate_cnf] Generating formula bobtuttt with K=121
[2025-12-12 07:35:54] [run_formula] Running formula bobtuttt with K=121 up to limit 1600
[2025-12-12 07:35:58] [generate_cnf] Generating formula bobtuttt with K=122
[2025-12-12 07:36:01] [run_formula] Running formula bobtuttt with K=122 up to limit 1600
[2025-12-12 07:36:13] [generate_cnf] Generating formula bobtuttt with K=123
[2025-12-12 07:36:16] [run_formula] Running formula bobtuttt with K=123 up to limit 1600
[2025-12-12 07:36:23] [generate_cnf] Generating formula bobtuttt with K=124
[2025-12-12 07:36:26] [run_formula] Running formula bobtuttt with K=124 up to limit 1600
[2025-12-12 07:36:33] [generate_cnf] Generating formula bobtuttt with K=125
[2025-12-12 07:36:36] [run_formula] Running formula bobtuttt with K=125 up to limit 1600
[2025-12-12 07:36:38] [generate_cnf] Generating formula bobtuttt with K=126
[2025-12-12 07:36:41] [run_formula] Running formula bobtuttt with K=126 up to limit 1600
[2025-12-12 07:36:44] [generate_cnf] Generating formula bobtuttt with K=127
[2025-12-12 07:36:47] [run_formula] Running formula bobtuttt with K=127 up to limit 1600
[2025-12-12 07:36:50] [generate_cnf] Generating formula bobtuttt with K=128
[2025-12-12 07:36:53] [run_formula] Running formula bobtuttt with K=128 up to limit 1600
[2025-12-12 07:36:56] [generate_cnf] Generating formula bobtuttt with K=129
[2025-12-12 07:36:59] [run_formula] Running formula bobtuttt with K=129 up to limit 1600
[2025-12-12 07:37:02] [generate_cnf] Generating formula bobtuttt with K=130
[2025-12-12 07:37:05] [run_formula] Running formula bobtuttt with K=130 up to limit 1600
[2025-12-12 07:37:08] [generate_cnf] Generating formula bobtuttt with K=131
[2025-12-12 07:37:11] [run_formula] Running formula bobtuttt with K=131 up to limit 1600
[2025-12-12 07:37:14] [generate_cnf] Generating formula bobtuttt with K=132
[2025-12-12 07:37:17] [run_formula] Running formula bobtuttt with K=132 up to limit 1600
[2025-12-12 07:37:27] [generate_cnf] Generating formula bobtuttt with K=133
[2025-12-12 07:37:31] [run_formula] Running formula bobtuttt with K=133 up to limit 1600
[2025-12-12 07:37:36] [generate_cnf] Generating formula bobtuttt with K=134
[2025-12-12 07:37:39] [run_formula] Running formula bobtuttt with K=134 up to limit 1600
[2025-12-12 07:37:43] [generate_cnf] Generating formula bobtuttt with K=135
[2025-12-12 07:37:46] [run_formula] Running formula bobtuttt with K=135 up to limit 1600
[2025-12-12 07:37:49] [generate_cnf] Generating formula bobtuttt with K=136
[2025-12-12 07:37:52] [run_formula] Running formula bobtuttt with K=136 up to limit 1600
[2025-12-12 07:37:55] [generate_cnf] Generating formula bobtuttt with K=137
[2025-12-12 07:37:58] [run_formula] Running formula bobtuttt with K=137 up to limit 1600
[2025-12-12 07:38:02] [generate_cnf] Generating formula bobtuttt with K=138
[2025-12-12 07:38:05] [run_formula] Running formula bobtuttt with K=138 up to limit 1600
[2025-12-12 07:38:07] [generate_cnf] Generating formula bobtuttt with K=139
[2025-12-12 07:38:11] [run_formula] Running formula bobtuttt with K=139 up to limit 1600
[2025-12-12 07:38:13] [generate_cnf] Generating formula bobtuttt with K=140
[2025-12-12 07:38:16] [run_formula] Running formula bobtuttt with K=140 up to limit 1600
[2025-12-12 07:38:20] [generate_cnf] Generating formula bobtuttt with K=141
[2025-12-12 07:38:24] [run_formula] Running formula bobtuttt with K=141 up to limit 1600
[2025-12-12 07:38:28] [generate_cnf] Generating formula bobtuttt with K=142
[2025-12-12 07:38:31] [run_formula] Running formula bobtuttt with K=142 up to limit 1600
[2025-12-12 07:38:35] [generate_cnf] Generating formula bobtuttt with K=143
[2025-12-12 07:38:38] [run_formula] Running formula bobtuttt with K=143 up to limit 1600
[2025-12-12 07:38:48] [generate_cnf] Generating formula bobtuttt with K=144
[2025-12-12 07:38:52] [run_formula] Running formula bobtuttt with K=144 up to limit 1600
[2025-12-12 07:38:56] [generate_cnf] Generating formula bobtuttt with K=145
[2025-12-12 07:39:00] [run_formula] Running formula bobtuttt with K=145 up to limit 1600
[2025-12-12 07:39:06] [generate_cnf] Generating formula bobtuttt with K=146
[2025-12-12 07:39:09] [run_formula] Running formula bobtuttt with K=146 up to limit 1600
[2025-12-12 07:39:22] [generate_cnf] Generating formula bobtuttt with K=147
[2025-12-12 07:39:26] [run_formula] Running formula bobtuttt with K=147 up to limit 1600
[2025-12-12 07:39:31] [generate_cnf] Generating formula bobtuttt with K=148
[2025-12-12 07:39:34] [run_formula] Running formula bobtuttt with K=148 up to limit 1600
[2025-12-12 07:39:37] [generate_cnf] Generating formula bobtuttt with K=149
[2025-12-12 07:39:41] [run_formula] Running formula bobtuttt with K=149 up to limit 1600
[2025-12-12 07:39:44] [generate_cnf] Generating formula bobtuttt with K=150
[2025-12-12 07:39:47] [run_formula] Running formula bobtuttt with K=150 up to limit 1600
[2025-12-12 07:39:57] [generate_cnf] Generating formula bobtuttt with K=151
[2025-12-12 07:40:01] [run_formula] Running formula bobtuttt with K=151 up to limit 1600
[2025-12-12 07:40:09] [generate_cnf] Generating formula bobtuttt with K=152
[2025-12-12 07:40:13] [run_formula] Running formula bobtuttt with K=152 up to limit 1600
[2025-12-12 07:40:16] [generate_cnf] Generating formula bobtuttt with K=153
[2025-12-12 07:40:20] [run_formula] Running formula bobtuttt with K=153 up to limit 1600
[2025-12-12 07:40:23] [generate_cnf] Generating formula bobtuttt with K=154
[2025-12-12 07:40:27] [run_formula] Running formula bobtuttt with K=154 up to limit 1600
[2025-12-12 07:40:31] [generate_cnf] Generating formula bobtuttt with K=155
[2025-12-12 07:40:35] [run_formula] Running formula bobtuttt with K=155 up to limit 1600
[2025-12-12 07:40:41] [generate_cnf] Generating formula bobtuttt with K=156
[2025-12-12 07:40:45] [run_formula] Running formula bobtuttt with K=156 up to limit 1600
[2025-12-12 07:40:56] [generate_cnf] Generating formula bobtuttt with K=157
[2025-12-12 07:41:00] [run_formula] Running formula bobtuttt with K=157 up to limit 1600
[2025-12-12 07:41:10] [generate_cnf] Generating formula bobtuttt with K=158
[2025-12-12 07:41:14] [run_formula] Running formula bobtuttt with K=158 up to limit 1600
[2025-12-12 07:41:28] [generate_cnf] Generating formula bobtuttt with K=159
[2025-12-12 07:41:33] [run_formula] Running formula bobtuttt with K=159 up to limit 1600
[2025-12-12 07:41:37] [generate_cnf] Generating formula bobtuttt with K=160
[2025-12-12 07:41:42] [run_formula] Running formula bobtuttt with K=160 up to limit 1600
[2025-12-12 07:41:45] [generate_cnf] Generating formula bobtuttt with K=161
[2025-12-12 07:41:49] [run_formula] Running formula bobtuttt with K=161 up to limit 1600
[2025-12-12 07:41:54] [generate_cnf] Generating formula bobtuttt with K=162
[2025-12-12 07:41:58] [run_formula] Running formula bobtuttt with K=162 up to limit 1600
[2025-12-12 07:42:01] [generate_cnf] Generating formula bobtuttt with K=163
[2025-12-12 07:42:06] [run_formula] Running formula bobtuttt with K=163 up to limit 1600
[2025-12-12 07:42:10] [generate_cnf] Generating formula bobtuttt with K=164
[2025-12-12 07:42:14] [run_formula] Running formula bobtuttt with K=164 up to limit 1600
[2025-12-12 07:42:19] [generate_cnf] Generating formula bobtuttt with K=165
[2025-12-12 07:42:23] [run_formula] Running formula bobtuttt with K=165 up to limit 1600
[2025-12-12 07:42:28] [generate_cnf] Generating formula bobtuttt with K=166
[2025-12-12 07:42:33] [run_formula] Running formula bobtuttt with K=166 up to limit 1600
[2025-12-12 07:42:36] [generate_cnf] Generating formula bobtuttt with K=167
[2025-12-12 07:42:40] [run_formula] Running formula bobtuttt with K=167 up to limit 1600
[2025-12-12 07:42:42] [generate_cnf] Generating formula bobtuttt with K=168
[2025-12-12 07:42:47] [run_formula] Running formula bobtuttt with K=168 up to limit 1600
[2025-12-12 07:42:50] [generate_cnf] Generating formula bobtuttt with K=169
[2025-12-12 07:42:54] [run_formula] Running formula bobtuttt with K=169 up to limit 1600
[2025-12-12 07:43:06] [generate_cnf] Generating formula bobtuttt with K=170
[2025-12-12 07:43:10] [run_formula] Running formula bobtuttt with K=170 up to limit 1600
[2025-12-12 07:43:13] [generate_cnf] Generating formula bobtuttt with K=171
[2025-12-12 07:43:17] [run_formula] Running formula bobtuttt with K=171 up to limit 1600
[2025-12-12 07:43:26] [generate_cnf] Generating formula bobtuttt with K=172
[2025-12-12 07:43:30] [run_formula] Running formula bobtuttt with K=172 up to limit 1600
[2025-12-12 07:43:33] [generate_cnf] Generating formula bobtuttt with K=173
[2025-12-12 07:43:37] [run_formula] Running formula bobtuttt with K=173 up to limit 1600
[2025-12-12 07:43:41] [generate_cnf] Generating formula bobtuttt with K=174
[2025-12-12 07:43:45] [run_formula] Running formula bobtuttt with K=174 up to limit 1600
[2025-12-12 07:43:48] [generate_cnf] Generating formula bobtuttt with K=175
[2025-12-12 07:43:52] [run_formula] Running formula bobtuttt with K=175 up to limit 1600
[2025-12-12 07:43:56] [generate_cnf] Generating formula bobtuttt with K=176
[2025-12-12 07:44:00] [run_formula] Running formula bobtuttt with K=176 up to limit 1600
[2025-12-12 07:44:04] [generate_cnf] Generating formula bobtuttt with K=177
[2025-12-12 07:44:08] [run_formula] Running formula bobtuttt with K=177 up to limit 1600
[2025-12-12 07:44:12] [generate_cnf] Generating formula bobtuttt with K=178
[2025-12-12 07:44:15] [run_formula] Running formula bobtuttt with K=178 up to limit 1600
[2025-12-12 07:44:20] [generate_cnf] Generating formula bobtuttt with K=179
[2025-12-12 07:44:24] [run_formula] Running formula bobtuttt with K=179 up to limit 1600
[2025-12-12 07:44:28] [generate_cnf] Generating formula bobtuttt with K=180
[2025-12-12 07:44:32] [run_formula] Running formula bobtuttt with K=180 up to limit 1600
[2025-12-12 07:44:37] [generate_cnf] Generating formula bobtuttt with K=181
[2025-12-12 07:44:41] [run_formula] Running formula bobtuttt with K=181 up to limit 1600
[2025-12-12 07:44:48] [generate_cnf] Generating formula bobtuttt with K=182
[2025-12-12 07:44:52] [run_formula] Running formula bobtuttt with K=182 up to limit 1600
[2025-12-12 07:45:03] [generate_cnf] Generating formula bobtuttt with K=183
[2025-12-12 07:45:07] [run_formula] Running formula bobtuttt with K=183 up to limit 1600
[2025-12-12 07:45:11] [generate_cnf] Generating formula bobtuttt with K=184
[2025-12-12 07:45:15] [run_formula] Running formula bobtuttt with K=184 up to limit 1600
[2025-12-12 07:45:19] [generate_cnf] Generating formula bobtuttt with K=185
[2025-12-12 07:45:23] [run_formula] Running formula bobtuttt with K=185 up to limit 1600
[2025-12-12 07:45:31] [generate_cnf] Generating formula bobtuttt with K=186
[2025-12-12 07:45:35] [run_formula] Running formula bobtuttt with K=186 up to limit 1600
[2025-12-12 07:45:48] [generate_cnf] Generating formula bobtuttt with K=187
[2025-12-12 07:45:52] [run_formula] Running formula bobtuttt with K=187 up to limit 1600
[2025-12-12 07:45:56] [generate_cnf] Generating formula bobtuttt with K=188
[2025-12-12 07:46:00] [run_formula] Running formula bobtuttt with K=188 up to limit 1600
[2025-12-12 07:46:03] [generate_cnf] Generating formula bobtuttt with K=189
[2025-12-12 07:46:07] [run_formula] Running formula bobtuttt with K=189 up to limit 1600
[2025-12-12 07:46:26] [generate_cnf] Generating formula bobtuttt with K=190
[2025-12-12 07:46:30] [run_formula] Running formula bobtuttt with K=190 up to limit 1600
[2025-12-12 07:46:35] [generate_cnf] Generating formula bobtuttt with K=191
[2025-12-12 07:46:39] [run_formula] Running formula bobtuttt with K=191 up to limit 1600
[2025-12-12 07:46:47] [generate_cnf] Generating formula bobtuttt with K=192
[2025-12-12 07:46:52] [run_formula] Running formula bobtuttt with K=192 up to limit 1600
[2025-12-12 07:47:03] [generate_cnf] Generating formula bobtuttt with K=193
[2025-12-12 07:47:08] [run_formula] Running formula bobtuttt with K=193 up to limit 1600
[2025-12-12 07:47:21] [generate_cnf] Generating formula bobtuttt with K=194
[2025-12-12 07:47:26] [run_formula] Running formula bobtuttt with K=194 up to limit 1600
[2025-12-12 07:47:30] [generate_cnf] Generating formula bobtuttt with K=195
[2025-12-12 07:47:34] [run_formula] Running formula bobtuttt with K=195 up to limit 1600
[2025-12-12 07:47:45] [generate_cnf] Generating formula bobtuttt with K=196
[2025-12-12 07:47:49] [run_formula] Running formula bobtuttt with K=196 up to limit 1600
[2025-12-12 07:48:01] [generate_cnf] Generating formula bobtuttt with K=197
[2025-12-12 07:48:05] [run_formula] Running formula bobtuttt with K=197 up to limit 1600
[2025-12-12 07:48:23] [generate_cnf] Generating formula bobtuttt with K=198
[2025-12-12 07:48:28] [run_formula] Running formula bobtuttt with K=198 up to limit 1600
[2025-12-12 07:48:31] [generate_cnf] Generating formula bobtuttt with K=199
[2025-12-12 07:48:35] [run_formula] Running formula bobtuttt with K=199 up to limit 1600
[2025-12-12 07:48:40] [generate_cnf] Generating formula bobtuttt with K=200
[2025-12-12 07:48:44] [run_formula] Running formula bobtuttt with K=200 up to limit 1600
[2025-12-12 07:48:49] [generate_cnf] Generating formula bobtuttt with K=201
[2025-12-12 07:48:53] [run_formula] Running formula bobtuttt with K=201 up to limit 1600
[2025-12-12 07:48:57] [generate_cnf] Generating formula bobtuttt with K=202
[2025-12-12 07:49:01] [run_formula] Running formula bobtuttt with K=202 up to limit 1600
[2025-12-12 07:49:12] [generate_cnf] Generating formula bobtuttt with K=203
[2025-12-12 07:49:16] [run_formula] Running formula bobtuttt with K=203 up to limit 1600
[2025-12-12 07:49:22] [generate_cnf] Generating formula bobtuttt with K=204
[2025-12-12 07:49:27] [run_formula] Running formula bobtuttt with K=204 up to limit 1600
[2025-12-12 07:49:31] [generate_cnf] Generating formula bobtuttt with K=205
[2025-12-12 07:49:36] [run_formula] Running formula bobtuttt with K=205 up to limit 1600
[2025-12-12 07:49:42] [generate_cnf] Generating formula bobtuttt with K=206
[2025-12-12 07:49:47] [run_formula] Running formula bobtuttt with K=206 up to limit 1600
[2025-12-12 07:49:58] [generate_cnf] Generating formula bobtuttt with K=207
[2025-12-12 07:50:03] [run_formula] Running formula bobtuttt with K=207 up to limit 1600
[2025-12-12 07:50:26] [generate_cnf] Generating formula bobtuttt with K=208
[2025-12-12 07:50:30] [run_formula] Running formula bobtuttt with K=208 up to limit 1600
[2025-12-12 07:50:34] [generate_cnf] Generating formula bobtuttt with K=209
[2025-12-12 07:50:39] [run_formula] Running formula bobtuttt with K=209 up to limit 1600
[2025-12-12 07:50:42] [generate_cnf] Generating formula bobtuttt with K=210
[2025-12-12 07:50:48] [run_formula] Running formula bobtuttt with K=210 up to limit 1600
[2025-12-12 07:50:51] [generate_cnf] Generating formula bobtuttt with K=211
[2025-12-12 07:50:56] [run_formula] Running formula bobtuttt with K=211 up to limit 1600
[2025-12-12 07:51:01] [generate_cnf] Generating formula bobtuttt with K=212
[2025-12-12 07:51:06] [run_formula] Running formula bobtuttt with K=212 up to limit 1600
[2025-12-12 07:51:10] [generate_cnf] Generating formula bobtuttt with K=213
[2025-12-12 07:51:15] [run_formula] Running formula bobtuttt with K=213 up to limit 1600
[2025-12-12 07:51:21] [generate_cnf] Generating formula bobtuttt with K=214
[2025-12-12 07:51:25] [run_formula] Running formula bobtuttt with K=214 up to limit 1600
[2025-12-12 07:51:30] [generate_cnf] Generating formula bobtuttt with K=215
[2025-12-12 07:51:35] [run_formula] Running formula bobtuttt with K=215 up to limit 1600
[2025-12-12 07:51:39] [generate_cnf] Generating formula bobtuttt with K=216
[2025-12-12 07:51:44] [run_formula] Running formula bobtuttt with K=216 up to limit 1600
[2025-12-12 07:51:57] [generate_cnf] Generating formula bobtuttt with K=217
[2025-12-12 07:52:02] [run_formula] Running formula bobtuttt with K=217 up to limit 1600
[2025-12-12 07:52:07] [generate_cnf] Generating formula bobtuttt with K=218
[2025-12-12 07:52:12] [run_formula] Running formula bobtuttt with K=218 up to limit 1600
[2025-12-12 07:52:35] [generate_cnf] Generating formula bobtuttt with K=219
[2025-12-12 07:52:40] [run_formula] Running formula bobtuttt with K=219 up to limit 1600
[2025-12-12 07:52:43] [generate_cnf] Generating formula bobtuttt with K=220
[2025-12-12 07:52:49] [run_formula] Running formula bobtuttt with K=220 up to limit 1600
[2025-12-12 07:52:54] [generate_cnf] Generating formula bobtuttt with K=221
[2025-12-12 07:52:59] [run_formula] Running formula bobtuttt with K=221 up to limit 1600
[2025-12-12 07:53:03] [generate_cnf] Generating formula bobtuttt with K=222
[2025-12-12 07:53:08] [run_formula] Running formula bobtuttt with K=222 up to limit 1600
[2025-12-12 07:53:12] [generate_cnf] Generating formula bobtuttt with K=223
[2025-12-12 07:53:17] [run_formula] Running formula bobtuttt with K=223 up to limit 1600
[2025-12-12 07:53:33] [generate_cnf] Generating formula bobtuttt with K=224
[2025-12-12 07:53:37] [run_formula] Running formula bobtuttt with K=224 up to limit 1600
[2025-12-12 07:53:51] [generate_cnf] Generating formula bobtuttt with K=225
[2025-12-12 07:53:56] [run_formula] Running formula bobtuttt with K=225 up to limit 1600
[2025-12-12 07:54:01] [generate_cnf] Generating formula bobtuttt with K=226
[2025-12-12 07:54:07] [run_formula] Running formula bobtuttt with K=226 up to limit 1600
[2025-12-12 07:54:11] [generate_cnf] Generating formula bobtuttt with K=227
[2025-12-12 07:54:16] [run_formula] Running formula bobtuttt with K=227 up to limit 1600
[2025-12-12 07:54:34] [generate_cnf] Generating formula bobtuttt with K=228
[2025-12-12 07:54:39] [run_formula] Running formula bobtuttt with K=228 up to limit 1600
[2025-12-12 07:54:56] [generate_cnf] Generating formula bobtuttt with K=229
[2025-12-12 07:55:02] [run_formula] Running formula bobtuttt with K=229 up to limit 1600
[2025-12-12 07:55:37] [generate_cnf] Generating formula bobtuttt with K=230
[2025-12-12 07:55:42] [run_formula] Running formula bobtuttt with K=230 up to limit 1600
[2025-12-12 07:56:00] [generate_cnf] Generating formula bobtuttt with K=231
[2025-12-12 07:56:05] [run_formula] Running formula bobtuttt with K=231 up to limit 1600
[2025-12-12 07:56:11] [generate_cnf] Generating formula bobtuttt with K=232
[2025-12-12 07:56:16] [run_formula] Running formula bobtuttt with K=232 up to limit 1600
[2025-12-12 07:56:22] [generate_cnf] Generating formula bobtuttt with K=233
[2025-12-12 07:56:28] [run_formula] Running formula bobtuttt with K=233 up to limit 1600
[2025-12-12 07:56:32] [generate_cnf] Generating formula bobtuttt with K=234
[2025-12-12 07:56:37] [run_formula] Running formula bobtuttt with K=234 up to limit 1600
[2025-12-12 07:56:43] [generate_cnf] Generating formula bobtuttt with K=235
[2025-12-12 07:56:49] [run_formula] Running formula bobtuttt with K=235 up to limit 1600
[2025-12-12 07:56:53] [generate_cnf] Generating formula bobtuttt with K=236
[2025-12-12 07:56:59] [run_formula] Running formula bobtuttt with K=236 up to limit 1600
[2025-12-12 07:57:03] [generate_cnf] Generating formula bobtuttt with K=237
[2025-12-12 07:57:08] [run_formula] Running formula bobtuttt with K=237 up to limit 1600
[2025-12-12 07:57:13] [generate_cnf] Generating formula bobtuttt with K=238
[2025-12-12 07:57:18] [run_formula] Running formula bobtuttt with K=238 up to limit 1600
[2025-12-12 07:57:24] [generate_cnf] Generating formula bobtuttt with K=239
[2025-12-12 07:57:29] [run_formula] Running formula bobtuttt with K=239 up to limit 1600
[2025-12-12 07:57:45] [generate_cnf] Generating formula bobtuttt with K=240
[2025-12-12 07:57:51] [run_formula] Running formula bobtuttt with K=240 up to limit 1600
[2025-12-12 07:57:55] [generate_cnf] Generating formula bobtuttt with K=241
[2025-12-12 07:58:00] [run_formula] Running formula bobtuttt with K=241 up to limit 1600
[2025-12-12 07:58:09] [generate_cnf] Generating formula bobtuttt with K=242
[2025-12-12 07:58:14] [run_formula] Running formula bobtuttt with K=242 up to limit 1600
[2025-12-12 07:58:27] [generate_cnf] Generating formula bobtuttt with K=243
[2025-12-12 07:58:32] [run_formula] Running formula bobtuttt with K=243 up to limit 1600
[2025-12-12 07:58:41] [generate_cnf] Generating formula bobtuttt with K=244
[2025-12-12 07:58:47] [run_formula] Running formula bobtuttt with K=244 up to limit 1600
[2025-12-12 07:58:51] [generate_cnf] Generating formula bobtuttt with K=245
[2025-12-12 07:58:56] [run_formula] Running formula bobtuttt with K=245 up to limit 1600
[2025-12-12 07:59:03] [generate_cnf] Generating formula bobtuttt with K=246
[2025-12-12 07:59:08] [run_formula] Running formula bobtuttt with K=246 up to limit 1600
[2025-12-12 07:59:15] [generate_cnf] Generating formula bobtuttt with K=247
[2025-12-12 07:59:20] [run_formula] Running formula bobtuttt with K=247 up to limit 1600
[2025-12-12 07:59:25] [generate_cnf] Generating formula bobtuttt with K=248
[2025-12-12 07:59:30] [run_formula] Running formula bobtuttt with K=248 up to limit 1600
[2025-12-12 07:59:37] [generate_cnf] Generating formula bobtuttt with K=249
[2025-12-12 07:59:43] [run_formula] Running formula bobtuttt with K=249 up to limit 1600
[2025-12-12 07:59:47] [generate_cnf] Generating formula bobtuttt with K=250
[2025-12-12 07:59:53] [run_formula] Running formula bobtuttt with K=250 up to limit 1600
[2025-12-12 07:59:59] [generate_cnf] Generating formula bobtuttt with K=251
[2025-12-12 08:00:05] [run_formula] Running formula bobtuttt with K=251 up to limit 1600
[2025-12-12 08:00:16] [generate_cnf] Generating formula bobtuttt with K=252
[2025-12-12 08:00:22] [run_formula] Running formula bobtuttt with K=252 up to limit 1600
[2025-12-12 08:00:51] [generate_cnf] Generating formula bobtuttt with K=253
[2025-12-12 08:00:57] [run_formula] Running formula bobtuttt with K=253 up to limit 1600
[2025-12-12 08:01:04] [generate_cnf] Generating formula bobtuttt with K=254
[2025-12-12 08:01:09] [run_formula] Running formula bobtuttt with K=254 up to limit 1600
[2025-12-12 08:01:20] [generate_cnf] Generating formula bobtuttt with K=255
[2025-12-12 08:01:26] [run_formula] Running formula bobtuttt with K=255 up to limit 1600
[2025-12-12 08:01:35] [generate_cnf] Generating formula bobtuttt with K=256
[2025-12-12 08:01:41] [run_formula] Running formula bobtuttt with K=256 up to limit 1600
[2025-12-12 08:01:46] [generate_cnf] Generating formula bobtuttt with K=257
[2025-12-12 08:01:51] [run_formula] Running formula bobtuttt with K=257 up to limit 1600
[2025-12-12 08:01:57] [generate_cnf] Generating formula bobtuttt with K=258
[2025-12-12 08:02:03] [run_formula] Running formula bobtuttt with K=258 up to limit 1600
[2025-12-12 08:02:08] [generate_cnf] Generating formula bobtuttt with K=259
[2025-12-12 08:02:14] [run_formula] Running formula bobtuttt with K=259 up to limit 1600
[2025-12-12 08:02:21] [generate_cnf] Generating formula bobtuttt with K=260
[2025-12-12 08:02:27] [run_formula] Running formula bobtuttt with K=260 up to limit 1600
[2025-12-12 08:02:34] [generate_cnf] Generating formula bobtuttt with K=261
[2025-12-12 08:02:40] [run_formula] Running formula bobtuttt with K=261 up to limit 1600
[2025-12-12 08:02:45] [generate_cnf] Generating formula bobtuttt with K=262
[2025-12-12 08:02:51] [run_formula] Running formula bobtuttt with K=262 up to limit 1600
[2025-12-12 08:02:58] [generate_cnf] Generating formula bobtuttt with K=263
[2025-12-12 08:03:04] [run_formula] Running formula bobtuttt with K=263 up to limit 1600
[2025-12-12 08:03:19] [generate_cnf] Generating formula bobtuttt with K=264
[2025-12-12 08:03:26] [run_formula] Running formula bobtuttt with K=264 up to limit 1600
[2025-12-12 08:03:35] [generate_cnf] Generating formula bobtuttt with K=265
[2025-12-12 08:03:41] [run_formula] Running formula bobtuttt with K=265 up to limit 1600
[2025-12-12 08:04:00] [generate_cnf] Generating formula bobtuttt with K=266
[2025-12-12 08:04:05] [run_formula] Running formula bobtuttt with K=266 up to limit 1600
[2025-12-12 08:04:12] [generate_cnf] Generating formula bobtuttt with K=267
[2025-12-12 08:04:18] [run_formula] Running formula bobtuttt with K=267 up to limit 1600
[2025-12-12 08:04:32] [generate_cnf] Generating formula bobtuttt with K=268
[2025-12-12 08:04:39] [run_formula] Running formula bobtuttt with K=268 up to limit 1600
[2025-12-12 08:04:44] [generate_cnf] Generating formula bobtuttt with K=269
[2025-12-12 08:04:50] [run_formula] Running formula bobtuttt with K=269 up to limit 1600
[2025-12-12 08:04:57] [generate_cnf] Generating formula bobtuttt with K=270
[2025-12-12 08:05:03] [run_formula] Running formula bobtuttt with K=270 up to limit 1600
[2025-12-12 08:05:10] [generate_cnf] Generating formula bobtuttt with K=271
[2025-12-12 08:05:16] [run_formula] Running formula bobtuttt with K=271 up to limit 1600
[2025-12-12 08:05:29] [generate_cnf] Generating formula bobtuttt with K=272
[2025-12-12 08:05:36] [run_formula] Running formula bobtuttt with K=272 up to limit 1600
[2025-12-12 08:05:40] [generate_cnf] Generating formula bobtuttt with K=273
[2025-12-12 08:05:47] [run_formula] Running formula bobtuttt with K=273 up to limit 1600
[2025-12-12 08:05:54] [generate_cnf] Generating formula bobtuttt with K=274
[2025-12-12 08:06:00] [run_formula] Running formula bobtuttt with K=274 up to limit 1600
[2025-12-12 08:06:07] [generate_cnf] Generating formula bobtuttt with K=275
[2025-12-12 08:06:14] [run_formula] Running formula bobtuttt with K=275 up to limit 1600
[2025-12-12 08:06:27] [generate_cnf] Generating formula bobtuttt with K=276
[2025-12-12 08:06:34] [run_formula] Running formula bobtuttt with K=276 up to limit 1600
[2025-12-12 08:06:42] [generate_cnf] Generating formula bobtuttt with K=277
[2025-12-12 08:06:48] [run_formula] Running formula bobtuttt with K=277 up to limit 1600
[2025-12-12 08:06:52] [generate_cnf] Generating formula bobtuttt with K=278
[2025-12-12 08:06:59] [run_formula] Running formula bobtuttt with K=278 up to limit 1600
[2025-12-12 08:07:04] [generate_cnf] Generating formula bobtuttt with K=279
[2025-12-12 08:07:10] [run_formula] Running formula bobtuttt with K=279 up to limit 1600
[2025-12-12 08:07:31] [generate_cnf] Generating formula bobtuttt with K=280
[2025-12-12 08:07:38] [run_formula] Running formula bobtuttt with K=280 up to limit 1600
[2025-12-12 08:07:45] [generate_cnf] Generating formula bobtuttt with K=281
[2025-12-12 08:07:51] [run_formula] Running formula bobtuttt with K=281 up to limit 1600
[2025-12-12 08:07:59] [generate_cnf] Generating formula bobtuttt with K=282
[2025-12-12 08:08:06] [run_formula] Running formula bobtuttt with K=282 up to limit 1600
[2025-12-12 08:08:11] [generate_cnf] Generating formula bobtuttt with K=283
[2025-12-12 08:08:17] [run_formula] Running formula bobtuttt with K=283 up to limit 1600
[2025-12-12 08:08:50] [generate_cnf] Generating formula bobtuttt with K=284
[2025-12-12 08:08:56] [run_formula] Running formula bobtuttt with K=284 up to limit 1600
[2025-12-12 08:09:02] [generate_cnf] Generating formula bobtuttt with K=285
[2025-12-12 08:09:09] [run_formula] Running formula bobtuttt with K=285 up to limit 1600
[2025-12-12 08:09:15] [generate_cnf] Generating formula bobtuttt with K=286
[2025-12-12 08:09:22] [run_formula] Running formula bobtuttt with K=286 up to limit 1600
[2025-12-12 08:09:28] [generate_cnf] Generating formula bobtuttt with K=287
[2025-12-12 08:09:35] [run_formula] Running formula bobtuttt with K=287 up to limit 1600
[2025-12-12 08:09:51] [generate_cnf] Generating formula bobtuttt with K=288
[2025-12-12 08:09:58] [run_formula] Running formula bobtuttt with K=288 up to limit 1600
[2025-12-12 08:10:15] [generate_cnf] Generating formula bobtuttt with K=289
[2025-12-12 08:10:21] [run_formula] Running formula bobtuttt with K=289 up to limit 1600
[2025-12-12 08:10:28] [generate_cnf] Generating formula bobtuttt with K=290
[2025-12-12 08:10:34] [run_formula] Running formula bobtuttt with K=290 up to limit 1600
[2025-12-12 08:10:41] [generate_cnf] Generating formula bobtuttt with K=291
[2025-12-12 08:10:47] [run_formula] Running formula bobtuttt with K=291 up to limit 1600
[2025-12-12 08:11:08] [generate_cnf] Generating formula bobtuttt with K=292
[2025-12-12 08:11:15] [run_formula] Running formula bobtuttt with K=292 up to limit 1600
[2025-12-12 08:11:22] [generate_cnf] Generating formula bobtuttt with K=293
[2025-12-12 08:11:29] [run_formula] Running formula bobtuttt with K=293 up to limit 1600
[2025-12-12 08:11:45] [generate_cnf] Generating formula bobtuttt with K=294
[2025-12-12 08:11:52] [run_formula] Running formula bobtuttt with K=294 up to limit 1600
[2025-12-12 08:12:00] [generate_cnf] Generating formula bobtuttt with K=295
[2025-12-12 08:12:07] [run_formula] Running formula bobtuttt with K=295 up to limit 1600
[2025-12-12 08:12:14] [generate_cnf] Generating formula bobtuttt with K=296
[2025-12-12 08:12:21] [run_formula] Running formula bobtuttt with K=296 up to limit 1600
[2025-12-12 08:12:27] [generate_cnf] Generating formula bobtuttt with K=297
[2025-12-12 08:12:34] [run_formula] Running formula bobtuttt with K=297 up to limit 1600
[2025-12-12 08:12:53] [generate_cnf] Generating formula bobtuttt with K=298
[2025-12-12 08:13:00] [run_formula] Running formula bobtuttt with K=298 up to limit 1600
[2025-12-12 08:13:06] [generate_cnf] Generating formula bobtuttt with K=299
[2025-12-12 08:13:13] [run_formula] Running formula bobtuttt with K=299 up to limit 1600
[2025-12-12 08:13:19] [generate_cnf] Generating formula bobtuttt with K=300
[2025-12-12 08:13:26] [run_formula] Running formula bobtuttt with K=300 up to limit 1600
[2025-12-12 08:13:33] [generate_cnf] Generating formula bobtuttt with K=301
[2025-12-12 08:13:39] [run_formula] Running formula bobtuttt with K=301 up to limit 1600
[2025-12-12 08:14:23] [generate_cnf] Generating formula bobtuttt with K=302
[2025-12-12 08:14:30] [run_formula] Running formula bobtuttt with K=302 up to limit 1600
[2025-12-12 08:14:54] [generate_cnf] Generating formula bobtuttt with K=303
[2025-12-12 08:15:01] [run_formula] Running formula bobtuttt with K=303 up to limit 1600
[2025-12-12 08:15:19] [generate_cnf] Generating formula bobtuttt with K=304
[2025-12-12 08:15:27] [run_formula] Running formula bobtuttt with K=304 up to limit 1600
[2025-12-12 08:15:46] [generate_cnf] Generating formula bobtuttt with K=305
[2025-12-12 08:15:53] [run_formula] Running formula bobtuttt with K=305 up to limit 1600
[2025-12-12 08:15:59] [generate_cnf] Generating formula bobtuttt with K=306
[2025-12-12 08:16:06] [run_formula] Running formula bobtuttt with K=306 up to limit 1600
[2025-12-12 08:16:14] [generate_cnf] Generating formula bobtuttt with K=307
[2025-12-12 08:16:20] [run_formula] Running formula bobtuttt with K=307 up to limit 1600
[2025-12-12 08:16:26] [generate_cnf] Generating formula bobtuttt with K=308
[2025-12-12 08:16:34] [run_formula] Running formula bobtuttt with K=308 up to limit 1600
[2025-12-12 08:16:55] [generate_cnf] Generating formula bobtuttt with K=309
[2025-12-12 08:17:02] [run_formula] Running formula bobtuttt with K=309 up to limit 1600
[2025-12-12 08:17:10] [generate_cnf] Generating formula bobtuttt with K=310
[2025-12-12 08:17:17] [run_formula] Running formula bobtuttt with K=310 up to limit 1600
[2025-12-12 08:17:23] [generate_cnf] Generating formula bobtuttt with K=311
[2025-12-12 08:17:31] [run_formula] Running formula bobtuttt with K=311 up to limit 1600
[2025-12-12 08:18:05] [generate_cnf] Generating formula bobtuttt with K=312
[2025-12-12 08:18:12] [run_formula] Running formula bobtuttt with K=312 up to limit 1600
[2025-12-12 08:18:19] [generate_cnf] Generating formula bobtuttt with K=313
[2025-12-12 08:18:26] [run_formula] Running formula bobtuttt with K=313 up to limit 1600
[2025-12-12 08:18:38] [generate_cnf] Generating formula bobtuttt with K=314
[2025-12-12 08:18:45] [run_formula] Running formula bobtuttt with K=314 up to limit 1600
[2025-12-12 08:19:06] [generate_cnf] Generating formula bobtuttt with K=315
[2025-12-12 08:19:13] [run_formula] Running formula bobtuttt with K=315 up to limit 1600
[2025-12-12 08:19:21] [generate_cnf] Generating formula bobtuttt with K=316
[2025-12-12 08:19:28] [run_formula] Running formula bobtuttt with K=316 up to limit 1600
[2025-12-12 08:19:52] [generate_cnf] Generating formula bobtuttt with K=317
[2025-12-12 08:19:59] [run_formula] Running formula bobtuttt with K=317 up to limit 1600
[2025-12-12 08:20:06] [generate_cnf] Generating formula bobtuttt with K=318
[2025-12-12 08:20:14] [run_formula] Running formula bobtuttt with K=318 up to limit 1600
[2025-12-12 08:20:47] [generate_cnf] Generating formula bobtuttt with K=319
[2025-12-12 08:20:54] [run_formula] Running formula bobtuttt with K=319 up to limit 1600
[2025-12-12 08:21:01] [generate_cnf] Generating formula bobtuttt with K=320
[2025-12-12 08:21:08] [run_formula] Running formula bobtuttt with K=320 up to limit 1600
[2025-12-12 08:21:16] [generate_cnf] Generating formula bobtuttt with K=321
[2025-12-12 08:21:23] [run_formula] Running formula bobtuttt with K=321 up to limit 1600
[2025-12-12 08:21:37] [generate_cnf] Generating formula bobtuttt with K=322
[2025-12-12 08:21:44] [run_formula] Running formula bobtuttt with K=322 up to limit 1600
[2025-12-12 08:21:52] [generate_cnf] Generating formula bobtuttt with K=323
[2025-12-12 08:22:00] [run_formula] Running formula bobtuttt with K=323 up to limit 1600
[2025-12-12 08:22:10] [generate_cnf] Generating formula bobtuttt with K=324
[2025-12-12 08:22:17] [run_formula] Running formula bobtuttt with K=324 up to limit 1600
[2025-12-12 08:22:32] [generate_cnf] Generating formula bobtuttt with K=325
[2025-12-12 08:22:40] [run_formula] Running formula bobtuttt with K=325 up to limit 1600
[2025-12-12 08:22:49] [generate_cnf] Generating formula bobtuttt with K=326
[2025-12-12 08:22:57] [run_formula] Running formula bobtuttt with K=326 up to limit 1600
[2025-12-12 08:23:33] [generate_cnf] Generating formula bobtuttt with K=327
[2025-12-12 08:23:40] [run_formula] Running formula bobtuttt with K=327 up to limit 1600
[2025-12-12 08:23:52] [generate_cnf] Generating formula bobtuttt with K=328
[2025-12-12 08:23:59] [run_formula] Running formula bobtuttt with K=328 up to limit 1600
[2025-12-12 08:24:06] [generate_cnf] Generating formula bobtuttt with K=329
[2025-12-12 08:24:13] [run_formula] Running formula bobtuttt with K=329 up to limit 1600
[2025-12-12 08:24:22] [generate_cnf] Generating formula bobtuttt with K=330
[2025-12-12 08:24:30] [run_formula] Running formula bobtuttt with K=330 up to limit 1600
[2025-12-12 08:24:50] [generate_cnf] Generating formula bobtuttt with K=331
[2025-12-12 08:24:58] [run_formula] Running formula bobtuttt with K=331 up to limit 1600
[2025-12-12 08:25:04] [generate_cnf] Generating formula bobtuttt with K=332
[2025-12-12 08:25:11] [run_formula] Running formula bobtuttt with K=332 up to limit 1600
[2025-12-12 08:25:22] [generate_cnf] Generating formula bobtuttt with K=333
[2025-12-12 08:25:31] [run_formula] Running formula bobtuttt with K=333 up to limit 1600
[2025-12-12 08:25:38] [generate_cnf] Generating formula bobtuttt with K=334
[2025-12-12 08:25:46] [run_formula] Running formula bobtuttt with K=334 up to limit 1600
[2025-12-12 08:25:54] [generate_cnf] Generating formula bobtuttt with K=335
[2025-12-12 08:26:02] [run_formula] Running formula bobtuttt with K=335 up to limit 1600
[2025-12-12 08:26:21] [generate_cnf] Generating formula bobtuttt with K=336
[2025-12-12 08:26:29] [run_formula] Running formula bobtuttt with K=336 up to limit 1600
[2025-12-12 08:26:42] [generate_cnf] Generating formula bobtuttt with K=337
[2025-12-12 08:26:57] [run_formula] Running formula bobtuttt with K=337 up to limit 1600
[2025-12-12 08:27:26] [generate_cnf] Generating formula bobtuttt with K=338
[2025-12-12 08:27:40] [run_formula] Running formula bobtuttt with K=338 up to limit 1600
[2025-12-12 08:27:58] [run_formula] Error running formula bobtuttt with K=338: [Errno 122] Disk quota exceeded: './results/solving_logs/bobtuttt//bobtuttt.338.log'
[2025-12-12 08:27:58] [generate_and_run_up_to_limit] Failed to run formula bobtuttt with K=338, halting
