CNF written.
CNF written.
CNF written.
CNF written.
CNF written.
CNF written.
CNF written.
CNF written.
CNF written.
CNF written.
CNF written.
CNF written.
CNF written.
CNF written.
CNF written.
CNF written.
CNF written.
CNF written.
CNF written.
CNF written.
CNF written.
CNF written.
CNF written.
CNF written.
CNF written.
CNF written.
CNF written.
CNF written.
CNF written.
CNF written.
CNF written.
CNF written.
CNF written.
CNF written.
CNF written.
CNF written.
CNF written.
CNF written.
CNF written.
CNF written.
CNF written.
CNF written.
CNF written.
CNF written.
CNF written.
CNF written.
CNF written.
CNF written.
CNF written.
CNF written.
CNF written.
CNF written.
CNF written.
CNF written.
CNF written.
CNF written.
CNF written.
CNF written.
CNF written.
CNF written.
CNF written.
CNF written.
CNF written.
CNF written.
CNF written.
CNF written.
CNF written.
CNF written.
CNF written.
CNF written.
CNF written.
CNF written.
CNF written.
CNF written.
CNF written.
CNF written.
CNF written.
CNF written.
CNF written.
CNF written.
CNF written.
CNF written.
CNF written.
CNF written.
CNF written.
CNF written.
CNF written.
CNF written.
CNF written.
CNF written.
CNF written.
CNF written.
CNF written.
CNF written.
CNF written.
CNF written.
CNF written.
CNF written.
CNF written.
CNF written.
CNF written.
CNF written.
CNF written.
CNF written.
CNF written.
CNF written.
CNF written.
CNF written.
CNF written.
CNF written.
CNF written.
CNF written.
CNF written.
CNF written.
CNF written.
CNF written.
CNF written.
CNF written.
CNF written.
CNF written.
CNF written.
CNF written.
CNF written.
CNF written.
CNF written.
CNF written.
CNF written.
CNF written.
CNF written.
CNF written.
CNF written.
CNF written.
CNF written.
CNF written.
CNF written.
CNF written.
CNF written.
CNF written.
CNF written.
CNF written.
CNF written.
CNF written.
CNF written.
CNF written.
CNF written.
CNF written.
CNF written.
CNF written.
CNF written.
CNF written.
CNF written.
CNF written.
CNF written.
CNF written.
CNF written.
CNF written.
CNF written.
CNF written.
CNF written.
CNF written.
CNF written.
CNF written.
CNF written.
CNF written.
CNF written.
CNF written.
CNF written.
CNF written.
CNF written.
CNF written.
CNF written.
CNF written.
CNF written.
CNF written.
CNF written.
CNF written.
CNF written.
CNF written.
CNF written.
CNF written.
CNF written.
CNF written.
CNF written.
CNF written.
CNF written.
CNF written.
CNF written.
CNF written.
CNF written.
CNF written.
CNF written.
CNF written.
CNF written.
CNF written.
CNF written.
CNF written.
CNF written.
CNF written.
CNF written.
CNF written.
CNF written.
CNF written.
CNF written.
CNF written.
CNF written.
CNF written.
CNF written.
CNF written.
CNF written.
CNF written.
CNF written.
CNF written.
CNF written.
CNF written.
CNF written.
CNF written.
CNF written.
CNF written.
CNF written.
CNF written.
CNF written.
CNF written.
CNF written.
CNF written.
CNF written.
CNF written.
CNF written.
CNF written.
CNF written.
CNF written.
CNF written.
CNF written.
CNF written.
CNF written.
CNF written.
CNF written.
CNF written.
CNF written.
CNF written.
CNF written.
CNF written.
CNF written.
CNF written.
CNF written.
CNF written.
CNF written.
CNF written.
CNF written.
CNF written.
CNF written.
CNF written.
CNF written.
CNF written.
CNF written.
CNF written.
CNF written.
CNF written.
CNF written.
CNF written.
CNF written.
CNF written.
CNF written.
CNF written.
CNF written.
CNF written.
CNF written.
CNF written.
CNF written.
CNF written.
CNF written.
CNF written.
CNF written.
CNF written.
CNF written.
CNF written.
CNF written.
CNF written.
CNF written.
CNF written.
CNF written.
CNF written.
CNF written.
CNF written.
CNF written.
CNF written.
CNF written.
CNF written.
CNF written.
CNF written.
CNF written.
CNF written.
CNF written.
CNF written.
CNF written.
CNF written.
CNF written.
CNF written.
CNF written.
CNF written.
CNF written.
CNF written.
CNF written.
CNF written.
CNF written.
CNF written.
CNF written.
CNF written.
CNF written.
CNF written.
CNF written.
CNF written.
CNF written.
CNF written.
[2025-12-12 08:13:42] [generate_and_run_up_to_limit] Generating and running bobtuint22neg with K<=500 up to limit 1600
[2025-12-12 08:13:42] [generate_cnf] Generating formula bobtuint22neg with K=1
[2025-12-12 08:13:42] [run_formula] Running formula bobtuint22neg with K=1 up to limit 1600
[2025-12-12 08:13:42] [generate_cnf] Generating formula bobtuint22neg with K=2
[2025-12-12 08:13:42] [run_formula] Running formula bobtuint22neg with K=2 up to limit 1600
[2025-12-12 08:13:42] [generate_cnf] Generating formula bobtuint22neg with K=3
[2025-12-12 08:13:42] [run_formula] Running formula bobtuint22neg with K=3 up to limit 1600
[2025-12-12 08:13:42] [generate_cnf] Generating formula bobtuint22neg with K=4
[2025-12-12 08:13:42] [run_formula] Running formula bobtuint22neg with K=4 up to limit 1600
[2025-12-12 08:13:42] [generate_cnf] Generating formula bobtuint22neg with K=5
[2025-12-12 08:13:42] [run_formula] Running formula bobtuint22neg with K=5 up to limit 1600
[2025-12-12 08:13:42] [generate_cnf] Generating formula bobtuint22neg with K=6
[2025-12-12 08:13:42] [run_formula] Running formula bobtuint22neg with K=6 up to limit 1600
[2025-12-12 08:13:42] [generate_cnf] Generating formula bobtuint22neg with K=7
[2025-12-12 08:13:42] [run_formula] Running formula bobtuint22neg with K=7 up to limit 1600
[2025-12-12 08:13:42] [generate_cnf] Generating formula bobtuint22neg with K=8
[2025-12-12 08:13:43] [run_formula] Running formula bobtuint22neg with K=8 up to limit 1600
[2025-12-12 08:13:43] [generate_cnf] Generating formula bobtuint22neg with K=9
[2025-12-12 08:13:43] [run_formula] Running formula bobtuint22neg with K=9 up to limit 1600
[2025-12-12 08:13:43] [generate_cnf] Generating formula bobtuint22neg with K=10
[2025-12-12 08:13:43] [run_formula] Running formula bobtuint22neg with K=10 up to limit 1600
[2025-12-12 08:13:43] [generate_cnf] Generating formula bobtuint22neg with K=11
[2025-12-12 08:13:43] [run_formula] Running formula bobtuint22neg with K=11 up to limit 1600
[2025-12-12 08:13:43] [generate_cnf] Generating formula bobtuint22neg with K=12
[2025-12-12 08:13:43] [run_formula] Running formula bobtuint22neg with K=12 up to limit 1600
[2025-12-12 08:13:43] [generate_cnf] Generating formula bobtuint22neg with K=13
[2025-12-12 08:13:43] [run_formula] Running formula bobtuint22neg with K=13 up to limit 1600
[2025-12-12 08:13:43] [generate_cnf] Generating formula bobtuint22neg with K=14
[2025-12-12 08:13:43] [run_formula] Running formula bobtuint22neg with K=14 up to limit 1600
[2025-12-12 08:13:43] [generate_cnf] Generating formula bobtuint22neg with K=15
[2025-12-12 08:13:43] [run_formula] Running formula bobtuint22neg with K=15 up to limit 1600
[2025-12-12 08:13:43] [generate_cnf] Generating formula bobtuint22neg with K=16
[2025-12-12 08:13:43] [run_formula] Running formula bobtuint22neg with K=16 up to limit 1600
[2025-12-12 08:13:43] [generate_cnf] Generating formula bobtuint22neg with K=17
[2025-12-12 08:13:43] [run_formula] Running formula bobtuint22neg with K=17 up to limit 1600
[2025-12-12 08:13:43] [generate_cnf] Generating formula bobtuint22neg with K=18
[2025-12-12 08:13:44] [run_formula] Running formula bobtuint22neg with K=18 up to limit 1600
[2025-12-12 08:13:44] [generate_cnf] Generating formula bobtuint22neg with K=19
[2025-12-12 08:13:44] [run_formula] Running formula bobtuint22neg with K=19 up to limit 1600
[2025-12-12 08:13:44] [generate_cnf] Generating formula bobtuint22neg with K=20
[2025-12-12 08:13:44] [run_formula] Running formula bobtuint22neg with K=20 up to limit 1600
[2025-12-12 08:13:44] [generate_cnf] Generating formula bobtuint22neg with K=21
[2025-12-12 08:13:44] [run_formula] Running formula bobtuint22neg with K=21 up to limit 1600
[2025-12-12 08:13:44] [generate_cnf] Generating formula bobtuint22neg with K=22
[2025-12-12 08:13:44] [run_formula] Running formula bobtuint22neg with K=22 up to limit 1600
[2025-12-12 08:13:44] [generate_cnf] Generating formula bobtuint22neg with K=23
[2025-12-12 08:13:44] [run_formula] Running formula bobtuint22neg with K=23 up to limit 1600
[2025-12-12 08:13:44] [generate_cnf] Generating formula bobtuint22neg with K=24
[2025-12-12 08:13:44] [run_formula] Running formula bobtuint22neg with K=24 up to limit 1600
[2025-12-12 08:13:45] [generate_cnf] Generating formula bobtuint22neg with K=25
[2025-12-12 08:13:45] [run_formula] Running formula bobtuint22neg with K=25 up to limit 1600
[2025-12-12 08:13:45] [generate_cnf] Generating formula bobtuint22neg with K=26
[2025-12-12 08:13:45] [run_formula] Running formula bobtuint22neg with K=26 up to limit 1600
[2025-12-12 08:13:45] [generate_cnf] Generating formula bobtuint22neg with K=27
[2025-12-12 08:13:45] [run_formula] Running formula bobtuint22neg with K=27 up to limit 1600
[2025-12-12 08:13:45] [generate_cnf] Generating formula bobtuint22neg with K=28
[2025-12-12 08:13:45] [run_formula] Running formula bobtuint22neg with K=28 up to limit 1600
[2025-12-12 08:13:45] [generate_cnf] Generating formula bobtuint22neg with K=29
[2025-12-12 08:13:45] [run_formula] Running formula bobtuint22neg with K=29 up to limit 1600
[2025-12-12 08:13:46] [generate_cnf] Generating formula bobtuint22neg with K=30
[2025-12-12 08:13:46] [run_formula] Running formula bobtuint22neg with K=30 up to limit 1600
[2025-12-12 08:13:46] [generate_cnf] Generating formula bobtuint22neg with K=31
[2025-12-12 08:13:46] [run_formula] Running formula bobtuint22neg with K=31 up to limit 1600
[2025-12-12 08:13:46] [generate_cnf] Generating formula bobtuint22neg with K=32
[2025-12-12 08:13:46] [run_formula] Running formula bobtuint22neg with K=32 up to limit 1600
[2025-12-12 08:13:46] [generate_cnf] Generating formula bobtuint22neg with K=33
[2025-12-12 08:13:46] [run_formula] Running formula bobtuint22neg with K=33 up to limit 1600
[2025-12-12 08:13:46] [generate_cnf] Generating formula bobtuint22neg with K=34
[2025-12-12 08:13:47] [run_formula] Running formula bobtuint22neg with K=34 up to limit 1600
[2025-12-12 08:13:47] [generate_cnf] Generating formula bobtuint22neg with K=35
[2025-12-12 08:13:47] [run_formula] Running formula bobtuint22neg with K=35 up to limit 1600
[2025-12-12 08:13:47] [generate_cnf] Generating formula bobtuint22neg with K=36
[2025-12-12 08:13:47] [run_formula] Running formula bobtuint22neg with K=36 up to limit 1600
[2025-12-12 08:13:47] [generate_cnf] Generating formula bobtuint22neg with K=37
[2025-12-12 08:13:47] [run_formula] Running formula bobtuint22neg with K=37 up to limit 1600
[2025-12-12 08:13:47] [generate_cnf] Generating formula bobtuint22neg with K=38
[2025-12-12 08:13:48] [run_formula] Running formula bobtuint22neg with K=38 up to limit 1600
[2025-12-12 08:13:48] [generate_cnf] Generating formula bobtuint22neg with K=39
[2025-12-12 08:13:48] [run_formula] Running formula bobtuint22neg with K=39 up to limit 1600
[2025-12-12 08:13:48] [generate_cnf] Generating formula bobtuint22neg with K=40
[2025-12-12 08:13:48] [run_formula] Running formula bobtuint22neg with K=40 up to limit 1600
[2025-12-12 08:13:48] [generate_cnf] Generating formula bobtuint22neg with K=41
[2025-12-12 08:13:48] [run_formula] Running formula bobtuint22neg with K=41 up to limit 1600
[2025-12-12 08:13:49] [generate_cnf] Generating formula bobtuint22neg with K=42
[2025-12-12 08:13:49] [run_formula] Running formula bobtuint22neg with K=42 up to limit 1600
[2025-12-12 08:13:49] [generate_cnf] Generating formula bobtuint22neg with K=43
[2025-12-12 08:13:49] [run_formula] Running formula bobtuint22neg with K=43 up to limit 1600
[2025-12-12 08:13:49] [generate_cnf] Generating formula bobtuint22neg with K=44
[2025-12-12 08:13:50] [run_formula] Running formula bobtuint22neg with K=44 up to limit 1600
[2025-12-12 08:13:50] [generate_cnf] Generating formula bobtuint22neg with K=45
[2025-12-12 08:13:50] [run_formula] Running formula bobtuint22neg with K=45 up to limit 1600
[2025-12-12 08:13:50] [generate_cnf] Generating formula bobtuint22neg with K=46
[2025-12-12 08:13:50] [run_formula] Running formula bobtuint22neg with K=46 up to limit 1600
[2025-12-12 08:13:50] [generate_cnf] Generating formula bobtuint22neg with K=47
[2025-12-12 08:13:51] [run_formula] Running formula bobtuint22neg with K=47 up to limit 1600
[2025-12-12 08:13:51] [generate_cnf] Generating formula bobtuint22neg with K=48
[2025-12-12 08:13:51] [run_formula] Running formula bobtuint22neg with K=48 up to limit 1600
[2025-12-12 08:13:51] [generate_cnf] Generating formula bobtuint22neg with K=49
[2025-12-12 08:13:51] [run_formula] Running formula bobtuint22neg with K=49 up to limit 1600
[2025-12-12 08:13:52] [generate_cnf] Generating formula bobtuint22neg with K=50
[2025-12-12 08:13:52] [run_formula] Running formula bobtuint22neg with K=50 up to limit 1600
[2025-12-12 08:13:52] [generate_cnf] Generating formula bobtuint22neg with K=51
[2025-12-12 08:13:52] [run_formula] Running formula bobtuint22neg with K=51 up to limit 1600
[2025-12-12 08:13:53] [generate_cnf] Generating formula bobtuint22neg with K=52
[2025-12-12 08:13:53] [run_formula] Running formula bobtuint22neg with K=52 up to limit 1600
[2025-12-12 08:13:53] [generate_cnf] Generating formula bobtuint22neg with K=53
[2025-12-12 08:13:53] [run_formula] Running formula bobtuint22neg with K=53 up to limit 1600
[2025-12-12 08:13:53] [generate_cnf] Generating formula bobtuint22neg with K=54
[2025-12-12 08:13:54] [run_formula] Running formula bobtuint22neg with K=54 up to limit 1600
[2025-12-12 08:13:54] [generate_cnf] Generating formula bobtuint22neg with K=55
[2025-12-12 08:13:54] [run_formula] Running formula bobtuint22neg with K=55 up to limit 1600
[2025-12-12 08:13:54] [generate_cnf] Generating formula bobtuint22neg with K=56
[2025-12-12 08:13:55] [run_formula] Running formula bobtuint22neg with K=56 up to limit 1600
[2025-12-12 08:13:55] [generate_cnf] Generating formula bobtuint22neg with K=57
[2025-12-12 08:13:55] [run_formula] Running formula bobtuint22neg with K=57 up to limit 1600
[2025-12-12 08:13:55] [generate_cnf] Generating formula bobtuint22neg with K=58
[2025-12-12 08:13:56] [run_formula] Running formula bobtuint22neg with K=58 up to limit 1600
[2025-12-12 08:13:56] [generate_cnf] Generating formula bobtuint22neg with K=59
[2025-12-12 08:13:56] [run_formula] Running formula bobtuint22neg with K=59 up to limit 1600
[2025-12-12 08:13:56] [generate_cnf] Generating formula bobtuint22neg with K=60
[2025-12-12 08:13:56] [run_formula] Running formula bobtuint22neg with K=60 up to limit 1600
[2025-12-12 08:13:57] [generate_cnf] Generating formula bobtuint22neg with K=61
[2025-12-12 08:13:57] [run_formula] Running formula bobtuint22neg with K=61 up to limit 1600
[2025-12-12 08:13:57] [generate_cnf] Generating formula bobtuint22neg with K=62
[2025-12-12 08:13:58] [run_formula] Running formula bobtuint22neg with K=62 up to limit 1600
[2025-12-12 08:13:58] [generate_cnf] Generating formula bobtuint22neg with K=63
[2025-12-12 08:13:58] [run_formula] Running formula bobtuint22neg with K=63 up to limit 1600
[2025-12-12 08:13:58] [generate_cnf] Generating formula bobtuint22neg with K=64
[2025-12-12 08:13:59] [run_formula] Running formula bobtuint22neg with K=64 up to limit 1600
[2025-12-12 08:13:59] [generate_cnf] Generating formula bobtuint22neg with K=65
[2025-12-12 08:13:59] [run_formula] Running formula bobtuint22neg with K=65 up to limit 1600
[2025-12-12 08:14:00] [generate_cnf] Generating formula bobtuint22neg with K=66
[2025-12-12 08:14:00] [run_formula] Running formula bobtuint22neg with K=66 up to limit 1600
[2025-12-12 08:14:00] [generate_cnf] Generating formula bobtuint22neg with K=67
[2025-12-12 08:14:00] [run_formula] Running formula bobtuint22neg with K=67 up to limit 1600
[2025-12-12 08:14:01] [generate_cnf] Generating formula bobtuint22neg with K=68
[2025-12-12 08:14:01] [run_formula] Running formula bobtuint22neg with K=68 up to limit 1600
[2025-12-12 08:14:01] [generate_cnf] Generating formula bobtuint22neg with K=69
[2025-12-12 08:14:02] [run_formula] Running formula bobtuint22neg with K=69 up to limit 1600
[2025-12-12 08:14:02] [generate_cnf] Generating formula bobtuint22neg with K=70
[2025-12-12 08:14:02] [run_formula] Running formula bobtuint22neg with K=70 up to limit 1600
[2025-12-12 08:14:02] [generate_cnf] Generating formula bobtuint22neg with K=71
[2025-12-12 08:14:03] [run_formula] Running formula bobtuint22neg with K=71 up to limit 1600
[2025-12-12 08:14:03] [generate_cnf] Generating formula bobtuint22neg with K=72
[2025-12-12 08:14:03] [run_formula] Running formula bobtuint22neg with K=72 up to limit 1600
[2025-12-12 08:14:04] [generate_cnf] Generating formula bobtuint22neg with K=73
[2025-12-12 08:14:04] [run_formula] Running formula bobtuint22neg with K=73 up to limit 1600
[2025-12-12 08:14:04] [generate_cnf] Generating formula bobtuint22neg with K=74
[2025-12-12 08:14:04] [run_formula] Running formula bobtuint22neg with K=74 up to limit 1600
[2025-12-12 08:14:05] [generate_cnf] Generating formula bobtuint22neg with K=75
[2025-12-12 08:14:05] [run_formula] Running formula bobtuint22neg with K=75 up to limit 1600
[2025-12-12 08:14:06] [generate_cnf] Generating formula bobtuint22neg with K=76
[2025-12-12 08:14:06] [run_formula] Running formula bobtuint22neg with K=76 up to limit 1600
[2025-12-12 08:14:06] [generate_cnf] Generating formula bobtuint22neg with K=77
[2025-12-12 08:14:07] [run_formula] Running formula bobtuint22neg with K=77 up to limit 1600
[2025-12-12 08:14:07] [generate_cnf] Generating formula bobtuint22neg with K=78
[2025-12-12 08:14:07] [run_formula] Running formula bobtuint22neg with K=78 up to limit 1600
[2025-12-12 08:14:07] [generate_cnf] Generating formula bobtuint22neg with K=79
[2025-12-12 08:14:08] [run_formula] Running formula bobtuint22neg with K=79 up to limit 1600
[2025-12-12 08:14:08] [generate_cnf] Generating formula bobtuint22neg with K=80
[2025-12-12 08:14:09] [run_formula] Running formula bobtuint22neg with K=80 up to limit 1600
[2025-12-12 08:14:09] [generate_cnf] Generating formula bobtuint22neg with K=81
[2025-12-12 08:14:09] [run_formula] Running formula bobtuint22neg with K=81 up to limit 1600
[2025-12-12 08:14:10] [generate_cnf] Generating formula bobtuint22neg with K=82
[2025-12-12 08:14:10] [run_formula] Running formula bobtuint22neg with K=82 up to limit 1600
[2025-12-12 08:14:11] [generate_cnf] Generating formula bobtuint22neg with K=83
[2025-12-12 08:14:11] [run_formula] Running formula bobtuint22neg with K=83 up to limit 1600
[2025-12-12 08:14:11] [generate_cnf] Generating formula bobtuint22neg with K=84
[2025-12-12 08:14:12] [run_formula] Running formula bobtuint22neg with K=84 up to limit 1600
[2025-12-12 08:14:12] [generate_cnf] Generating formula bobtuint22neg with K=85
[2025-12-12 08:14:13] [run_formula] Running formula bobtuint22neg with K=85 up to limit 1600
[2025-12-12 08:14:13] [generate_cnf] Generating formula bobtuint22neg with K=86
[2025-12-12 08:14:14] [run_formula] Running formula bobtuint22neg with K=86 up to limit 1600
[2025-12-12 08:14:14] [generate_cnf] Generating formula bobtuint22neg with K=87
[2025-12-12 08:14:14] [run_formula] Running formula bobtuint22neg with K=87 up to limit 1600
[2025-12-12 08:14:15] [generate_cnf] Generating formula bobtuint22neg with K=88
[2025-12-12 08:14:15] [run_formula] Running formula bobtuint22neg with K=88 up to limit 1600
[2025-12-12 08:14:16] [generate_cnf] Generating formula bobtuint22neg with K=89
[2025-12-12 08:14:16] [run_formula] Running formula bobtuint22neg with K=89 up to limit 1600
[2025-12-12 08:14:17] [generate_cnf] Generating formula bobtuint22neg with K=90
[2025-12-12 08:14:17] [run_formula] Running formula bobtuint22neg with K=90 up to limit 1600
[2025-12-12 08:14:17] [generate_cnf] Generating formula bobtuint22neg with K=91
[2025-12-12 08:14:18] [run_formula] Running formula bobtuint22neg with K=91 up to limit 1600
[2025-12-12 08:14:19] [generate_cnf] Generating formula bobtuint22neg with K=92
[2025-12-12 08:14:19] [run_formula] Running formula bobtuint22neg with K=92 up to limit 1600
[2025-12-12 08:14:19] [generate_cnf] Generating formula bobtuint22neg with K=93
[2025-12-12 08:14:20] [run_formula] Running formula bobtuint22neg with K=93 up to limit 1600
[2025-12-12 08:14:20] [generate_cnf] Generating formula bobtuint22neg with K=94
[2025-12-12 08:14:21] [run_formula] Running formula bobtuint22neg with K=94 up to limit 1600
[2025-12-12 08:14:21] [generate_cnf] Generating formula bobtuint22neg with K=95
[2025-12-12 08:14:22] [run_formula] Running formula bobtuint22neg with K=95 up to limit 1600
[2025-12-12 08:14:22] [generate_cnf] Generating formula bobtuint22neg with K=96
[2025-12-12 08:14:22] [run_formula] Running formula bobtuint22neg with K=96 up to limit 1600
[2025-12-12 08:14:23] [generate_cnf] Generating formula bobtuint22neg with K=97
[2025-12-12 08:14:23] [run_formula] Running formula bobtuint22neg with K=97 up to limit 1600
[2025-12-12 08:14:24] [generate_cnf] Generating formula bobtuint22neg with K=98
[2025-12-12 08:14:24] [run_formula] Running formula bobtuint22neg with K=98 up to limit 1600
[2025-12-12 08:14:25] [generate_cnf] Generating formula bobtuint22neg with K=99
[2025-12-12 08:14:25] [run_formula] Running formula bobtuint22neg with K=99 up to limit 1600
[2025-12-12 08:14:26] [generate_cnf] Generating formula bobtuint22neg with K=100
[2025-12-12 08:14:26] [run_formula] Running formula bobtuint22neg with K=100 up to limit 1600
[2025-12-12 08:14:27] [generate_cnf] Generating formula bobtuint22neg with K=101
[2025-12-12 08:14:27] [run_formula] Running formula bobtuint22neg with K=101 up to limit 1600
[2025-12-12 08:14:28] [generate_cnf] Generating formula bobtuint22neg with K=102
[2025-12-12 08:14:28] [run_formula] Running formula bobtuint22neg with K=102 up to limit 1600
[2025-12-12 08:14:29] [generate_cnf] Generating formula bobtuint22neg with K=103
[2025-12-12 08:14:29] [run_formula] Running formula bobtuint22neg with K=103 up to limit 1600
[2025-12-12 08:14:30] [generate_cnf] Generating formula bobtuint22neg with K=104
[2025-12-12 08:14:30] [run_formula] Running formula bobtuint22neg with K=104 up to limit 1600
[2025-12-12 08:14:31] [generate_cnf] Generating formula bobtuint22neg with K=105
[2025-12-12 08:14:31] [run_formula] Running formula bobtuint22neg with K=105 up to limit 1600
[2025-12-12 08:14:32] [generate_cnf] Generating formula bobtuint22neg with K=106
[2025-12-12 08:14:32] [run_formula] Running formula bobtuint22neg with K=106 up to limit 1600
[2025-12-12 08:14:33] [generate_cnf] Generating formula bobtuint22neg with K=107
[2025-12-12 08:14:33] [run_formula] Running formula bobtuint22neg with K=107 up to limit 1600
[2025-12-12 08:14:34] [generate_cnf] Generating formula bobtuint22neg with K=108
[2025-12-12 08:14:34] [run_formula] Running formula bobtuint22neg with K=108 up to limit 1600
[2025-12-12 08:14:35] [generate_cnf] Generating formula bobtuint22neg with K=109
[2025-12-12 08:14:35] [run_formula] Running formula bobtuint22neg with K=109 up to limit 1600
[2025-12-12 08:14:36] [generate_cnf] Generating formula bobtuint22neg with K=110
[2025-12-12 08:14:37] [run_formula] Running formula bobtuint22neg with K=110 up to limit 1600
[2025-12-12 08:14:37] [generate_cnf] Generating formula bobtuint22neg with K=111
[2025-12-12 08:14:38] [run_formula] Running formula bobtuint22neg with K=111 up to limit 1600
[2025-12-12 08:14:38] [generate_cnf] Generating formula bobtuint22neg with K=112
[2025-12-12 08:14:39] [run_formula] Running formula bobtuint22neg with K=112 up to limit 1600
[2025-12-12 08:14:40] [generate_cnf] Generating formula bobtuint22neg with K=113
[2025-12-12 08:14:40] [run_formula] Running formula bobtuint22neg with K=113 up to limit 1600
[2025-12-12 08:14:41] [generate_cnf] Generating formula bobtuint22neg with K=114
[2025-12-12 08:14:41] [run_formula] Running formula bobtuint22neg with K=114 up to limit 1600
[2025-12-12 08:14:42] [generate_cnf] Generating formula bobtuint22neg with K=115
[2025-12-12 08:14:43] [run_formula] Running formula bobtuint22neg with K=115 up to limit 1600
[2025-12-12 08:14:43] [generate_cnf] Generating formula bobtuint22neg with K=116
[2025-12-12 08:14:44] [run_formula] Running formula bobtuint22neg with K=116 up to limit 1600
[2025-12-12 08:14:44] [generate_cnf] Generating formula bobtuint22neg with K=117
[2025-12-12 08:14:45] [run_formula] Running formula bobtuint22neg with K=117 up to limit 1600
[2025-12-12 08:14:46] [generate_cnf] Generating formula bobtuint22neg with K=118
[2025-12-12 08:14:46] [run_formula] Running formula bobtuint22neg with K=118 up to limit 1600
[2025-12-12 08:14:47] [generate_cnf] Generating formula bobtuint22neg with K=119
[2025-12-12 08:14:48] [run_formula] Running formula bobtuint22neg with K=119 up to limit 1600
[2025-12-12 08:14:49] [generate_cnf] Generating formula bobtuint22neg with K=120
[2025-12-12 08:14:49] [run_formula] Running formula bobtuint22neg with K=120 up to limit 1600
[2025-12-12 08:14:50] [generate_cnf] Generating formula bobtuint22neg with K=121
[2025-12-12 08:14:50] [run_formula] Running formula bobtuint22neg with K=121 up to limit 1600
[2025-12-12 08:14:51] [generate_cnf] Generating formula bobtuint22neg with K=122
[2025-12-12 08:14:52] [run_formula] Running formula bobtuint22neg with K=122 up to limit 1600
[2025-12-12 08:14:52] [generate_cnf] Generating formula bobtuint22neg with K=123
[2025-12-12 08:14:53] [run_formula] Running formula bobtuint22neg with K=123 up to limit 1600
[2025-12-12 08:14:54] [generate_cnf] Generating formula bobtuint22neg with K=124
[2025-12-12 08:14:55] [run_formula] Running formula bobtuint22neg with K=124 up to limit 1600
[2025-12-12 08:14:55] [generate_cnf] Generating formula bobtuint22neg with K=125
[2025-12-12 08:14:56] [run_formula] Running formula bobtuint22neg with K=125 up to limit 1600
[2025-12-12 08:14:57] [generate_cnf] Generating formula bobtuint22neg with K=126
[2025-12-12 08:14:58] [run_formula] Running formula bobtuint22neg with K=126 up to limit 1600
[2025-12-12 08:14:58] [generate_cnf] Generating formula bobtuint22neg with K=127
[2025-12-12 08:14:59] [run_formula] Running formula bobtuint22neg with K=127 up to limit 1600
[2025-12-12 08:15:00] [generate_cnf] Generating formula bobtuint22neg with K=128
[2025-12-12 08:15:00] [run_formula] Running formula bobtuint22neg with K=128 up to limit 1600
[2025-12-12 08:15:01] [generate_cnf] Generating formula bobtuint22neg with K=129
[2025-12-12 08:15:02] [run_formula] Running formula bobtuint22neg with K=129 up to limit 1600
[2025-12-12 08:15:03] [generate_cnf] Generating formula bobtuint22neg with K=130
[2025-12-12 08:15:04] [run_formula] Running formula bobtuint22neg with K=130 up to limit 1600
[2025-12-12 08:15:05] [generate_cnf] Generating formula bobtuint22neg with K=131
[2025-12-12 08:15:05] [run_formula] Running formula bobtuint22neg with K=131 up to limit 1600
[2025-12-12 08:15:06] [generate_cnf] Generating formula bobtuint22neg with K=132
[2025-12-12 08:15:07] [run_formula] Running formula bobtuint22neg with K=132 up to limit 1600
[2025-12-12 08:15:08] [generate_cnf] Generating formula bobtuint22neg with K=133
[2025-12-12 08:15:08] [run_formula] Running formula bobtuint22neg with K=133 up to limit 1600
[2025-12-12 08:15:09] [generate_cnf] Generating formula bobtuint22neg with K=134
[2025-12-12 08:15:10] [run_formula] Running formula bobtuint22neg with K=134 up to limit 1600
[2025-12-12 08:15:11] [generate_cnf] Generating formula bobtuint22neg with K=135
[2025-12-12 08:15:11] [run_formula] Running formula bobtuint22neg with K=135 up to limit 1600
[2025-12-12 08:15:13] [generate_cnf] Generating formula bobtuint22neg with K=136
[2025-12-12 08:15:13] [run_formula] Running formula bobtuint22neg with K=136 up to limit 1600
[2025-12-12 08:15:14] [generate_cnf] Generating formula bobtuint22neg with K=137
[2025-12-12 08:15:15] [run_formula] Running formula bobtuint22neg with K=137 up to limit 1600
[2025-12-12 08:15:16] [generate_cnf] Generating formula bobtuint22neg with K=138
[2025-12-12 08:15:16] [run_formula] Running formula bobtuint22neg with K=138 up to limit 1600
[2025-12-12 08:15:18] [generate_cnf] Generating formula bobtuint22neg with K=139
[2025-12-12 08:15:18] [run_formula] Running formula bobtuint22neg with K=139 up to limit 1600
[2025-12-12 08:15:19] [generate_cnf] Generating formula bobtuint22neg with K=140
[2025-12-12 08:15:20] [run_formula] Running formula bobtuint22neg with K=140 up to limit 1600
[2025-12-12 08:15:21] [generate_cnf] Generating formula bobtuint22neg with K=141
[2025-12-12 08:15:22] [run_formula] Running formula bobtuint22neg with K=141 up to limit 1600
[2025-12-12 08:15:23] [generate_cnf] Generating formula bobtuint22neg with K=142
[2025-12-12 08:15:24] [run_formula] Running formula bobtuint22neg with K=142 up to limit 1600
[2025-12-12 08:15:25] [generate_cnf] Generating formula bobtuint22neg with K=143
[2025-12-12 08:15:26] [run_formula] Running formula bobtuint22neg with K=143 up to limit 1600
[2025-12-12 08:15:27] [generate_cnf] Generating formula bobtuint22neg with K=144
[2025-12-12 08:15:27] [run_formula] Running formula bobtuint22neg with K=144 up to limit 1600
[2025-12-12 08:15:29] [generate_cnf] Generating formula bobtuint22neg with K=145
[2025-12-12 08:15:29] [run_formula] Running formula bobtuint22neg with K=145 up to limit 1600
[2025-12-12 08:15:30] [generate_cnf] Generating formula bobtuint22neg with K=146
[2025-12-12 08:15:31] [run_formula] Running formula bobtuint22neg with K=146 up to limit 1600
[2025-12-12 08:15:32] [generate_cnf] Generating formula bobtuint22neg with K=147
[2025-12-12 08:15:33] [run_formula] Running formula bobtuint22neg with K=147 up to limit 1600
[2025-12-12 08:15:34] [generate_cnf] Generating formula bobtuint22neg with K=148
[2025-12-12 08:15:34] [run_formula] Running formula bobtuint22neg with K=148 up to limit 1600
[2025-12-12 08:15:36] [generate_cnf] Generating formula bobtuint22neg with K=149
[2025-12-12 08:15:36] [run_formula] Running formula bobtuint22neg with K=149 up to limit 1600
[2025-12-12 08:15:37] [generate_cnf] Generating formula bobtuint22neg with K=150
[2025-12-12 08:15:38] [run_formula] Running formula bobtuint22neg with K=150 up to limit 1600
[2025-12-12 08:15:39] [generate_cnf] Generating formula bobtuint22neg with K=151
[2025-12-12 08:15:40] [run_formula] Running formula bobtuint22neg with K=151 up to limit 1600
[2025-12-12 08:15:41] [generate_cnf] Generating formula bobtuint22neg with K=152
[2025-12-12 08:15:42] [run_formula] Running formula bobtuint22neg with K=152 up to limit 1600
[2025-12-12 08:15:43] [generate_cnf] Generating formula bobtuint22neg with K=153
[2025-12-12 08:15:44] [run_formula] Running formula bobtuint22neg with K=153 up to limit 1600
[2025-12-12 08:15:45] [generate_cnf] Generating formula bobtuint22neg with K=154
[2025-12-12 08:15:46] [run_formula] Running formula bobtuint22neg with K=154 up to limit 1600
[2025-12-12 08:15:48] [generate_cnf] Generating formula bobtuint22neg with K=155
[2025-12-12 08:15:48] [run_formula] Running formula bobtuint22neg with K=155 up to limit 1600
[2025-12-12 08:15:49] [generate_cnf] Generating formula bobtuint22neg with K=156
[2025-12-12 08:15:50] [run_formula] Running formula bobtuint22neg with K=156 up to limit 1600
[2025-12-12 08:15:51] [generate_cnf] Generating formula bobtuint22neg with K=157
[2025-12-12 08:15:52] [run_formula] Running formula bobtuint22neg with K=157 up to limit 1600
[2025-12-12 08:15:53] [generate_cnf] Generating formula bobtuint22neg with K=158
[2025-12-12 08:15:53] [run_formula] Running formula bobtuint22neg with K=158 up to limit 1600
[2025-12-12 08:15:55] [generate_cnf] Generating formula bobtuint22neg with K=159
[2025-12-12 08:15:55] [run_formula] Running formula bobtuint22neg with K=159 up to limit 1600
[2025-12-12 08:15:57] [generate_cnf] Generating formula bobtuint22neg with K=160
[2025-12-12 08:15:58] [run_formula] Running formula bobtuint22neg with K=160 up to limit 1600
[2025-12-12 08:16:00] [generate_cnf] Generating formula bobtuint22neg with K=161
[2025-12-12 08:16:00] [run_formula] Running formula bobtuint22neg with K=161 up to limit 1600
[2025-12-12 08:16:02] [generate_cnf] Generating formula bobtuint22neg with K=162
[2025-12-12 08:16:03] [run_formula] Running formula bobtuint22neg with K=162 up to limit 1600
[2025-12-12 08:16:04] [generate_cnf] Generating formula bobtuint22neg with K=163
[2025-12-12 08:16:05] [run_formula] Running formula bobtuint22neg with K=163 up to limit 1600
[2025-12-12 08:16:07] [generate_cnf] Generating formula bobtuint22neg with K=164
[2025-12-12 08:16:07] [run_formula] Running formula bobtuint22neg with K=164 up to limit 1600
[2025-12-12 08:16:09] [generate_cnf] Generating formula bobtuint22neg with K=165
[2025-12-12 08:16:10] [run_formula] Running formula bobtuint22neg with K=165 up to limit 1600
[2025-12-12 08:16:11] [generate_cnf] Generating formula bobtuint22neg with K=166
[2025-12-12 08:16:12] [run_formula] Running formula bobtuint22neg with K=166 up to limit 1600
[2025-12-12 08:16:13] [generate_cnf] Generating formula bobtuint22neg with K=167
[2025-12-12 08:16:14] [run_formula] Running formula bobtuint22neg with K=167 up to limit 1600
[2025-12-12 08:16:15] [generate_cnf] Generating formula bobtuint22neg with K=168
[2025-12-12 08:16:15] [run_formula] Running formula bobtuint22neg with K=168 up to limit 1600
[2025-12-12 08:16:17] [generate_cnf] Generating formula bobtuint22neg with K=169
[2025-12-12 08:16:18] [run_formula] Running formula bobtuint22neg with K=169 up to limit 1600
[2025-12-12 08:16:19] [generate_cnf] Generating formula bobtuint22neg with K=170
[2025-12-12 08:16:20] [run_formula] Running formula bobtuint22neg with K=170 up to limit 1600
[2025-12-12 08:16:21] [generate_cnf] Generating formula bobtuint22neg with K=171
[2025-12-12 08:16:21] [run_formula] Running formula bobtuint22neg with K=171 up to limit 1600
[2025-12-12 08:16:23] [generate_cnf] Generating formula bobtuint22neg with K=172
[2025-12-12 08:16:23] [run_formula] Running formula bobtuint22neg with K=172 up to limit 1600
[2025-12-12 08:16:24] [generate_cnf] Generating formula bobtuint22neg with K=173
[2025-12-12 08:16:25] [run_formula] Running formula bobtuint22neg with K=173 up to limit 1600
[2025-12-12 08:16:26] [generate_cnf] Generating formula bobtuint22neg with K=174
[2025-12-12 08:16:27] [run_formula] Running formula bobtuint22neg with K=174 up to limit 1600
[2025-12-12 08:16:29] [generate_cnf] Generating formula bobtuint22neg with K=175
[2025-12-12 08:16:30] [run_formula] Running formula bobtuint22neg with K=175 up to limit 1600
[2025-12-12 08:16:31] [generate_cnf] Generating formula bobtuint22neg with K=176
[2025-12-12 08:16:32] [run_formula] Running formula bobtuint22neg with K=176 up to limit 1600
[2025-12-12 08:16:34] [generate_cnf] Generating formula bobtuint22neg with K=177
[2025-12-12 08:16:35] [run_formula] Running formula bobtuint22neg with K=177 up to limit 1600
[2025-12-12 08:16:36] [generate_cnf] Generating formula bobtuint22neg with K=178
[2025-12-12 08:16:36] [run_formula] Running formula bobtuint22neg with K=178 up to limit 1600
[2025-12-12 08:16:38] [generate_cnf] Generating formula bobtuint22neg with K=179
[2025-12-12 08:16:39] [run_formula] Running formula bobtuint22neg with K=179 up to limit 1600
[2025-12-12 08:16:40] [generate_cnf] Generating formula bobtuint22neg with K=180
[2025-12-12 08:16:41] [run_formula] Running formula bobtuint22neg with K=180 up to limit 1600
[2025-12-12 08:16:42] [generate_cnf] Generating formula bobtuint22neg with K=181
[2025-12-12 08:16:43] [run_formula] Running formula bobtuint22neg with K=181 up to limit 1600
[2025-12-12 08:16:46] [generate_cnf] Generating formula bobtuint22neg with K=182
[2025-12-12 08:16:46] [run_formula] Running formula bobtuint22neg with K=182 up to limit 1600
[2025-12-12 08:16:49] [generate_cnf] Generating formula bobtuint22neg with K=183
[2025-12-12 08:16:49] [run_formula] Running formula bobtuint22neg with K=183 up to limit 1600
[2025-12-12 08:16:52] [generate_cnf] Generating formula bobtuint22neg with K=184
[2025-12-12 08:16:52] [run_formula] Running formula bobtuint22neg with K=184 up to limit 1600
[2025-12-12 08:16:55] [generate_cnf] Generating formula bobtuint22neg with K=185
[2025-12-12 08:16:56] [run_formula] Running formula bobtuint22neg with K=185 up to limit 1600
[2025-12-12 08:16:59] [generate_cnf] Generating formula bobtuint22neg with K=186
[2025-12-12 08:17:00] [run_formula] Running formula bobtuint22neg with K=186 up to limit 1600
[2025-12-12 08:17:03] [generate_cnf] Generating formula bobtuint22neg with K=187
[2025-12-12 08:17:04] [run_formula] Running formula bobtuint22neg with K=187 up to limit 1600
[2025-12-12 08:17:06] [generate_cnf] Generating formula bobtuint22neg with K=188
[2025-12-12 08:17:07] [run_formula] Running formula bobtuint22neg with K=188 up to limit 1600
[2025-12-12 08:17:10] [generate_cnf] Generating formula bobtuint22neg with K=189
[2025-12-12 08:17:10] [run_formula] Running formula bobtuint22neg with K=189 up to limit 1600
[2025-12-12 08:17:13] [generate_cnf] Generating formula bobtuint22neg with K=190
[2025-12-12 08:17:14] [run_formula] Running formula bobtuint22neg with K=190 up to limit 1600
[2025-12-12 08:17:17] [generate_cnf] Generating formula bobtuint22neg with K=191
[2025-12-12 08:17:18] [run_formula] Running formula bobtuint22neg with K=191 up to limit 1600
[2025-12-12 08:17:20] [generate_cnf] Generating formula bobtuint22neg with K=192
[2025-12-12 08:17:21] [run_formula] Running formula bobtuint22neg with K=192 up to limit 1600
[2025-12-12 08:17:24] [generate_cnf] Generating formula bobtuint22neg with K=193
[2025-12-12 08:17:24] [run_formula] Running formula bobtuint22neg with K=193 up to limit 1600
[2025-12-12 08:17:26] [generate_cnf] Generating formula bobtuint22neg with K=194
[2025-12-12 08:17:27] [run_formula] Running formula bobtuint22neg with K=194 up to limit 1600
[2025-12-12 08:17:29] [generate_cnf] Generating formula bobtuint22neg with K=195
[2025-12-12 08:17:30] [run_formula] Running formula bobtuint22neg with K=195 up to limit 1600
[2025-12-12 08:17:33] [generate_cnf] Generating formula bobtuint22neg with K=196
[2025-12-12 08:17:34] [run_formula] Running formula bobtuint22neg with K=196 up to limit 1600
[2025-12-12 08:17:37] [generate_cnf] Generating formula bobtuint22neg with K=197
[2025-12-12 08:17:38] [run_formula] Running formula bobtuint22neg with K=197 up to limit 1600
[2025-12-12 08:17:39] [generate_cnf] Generating formula bobtuint22neg with K=198
[2025-12-12 08:17:40] [run_formula] Running formula bobtuint22neg with K=198 up to limit 1600
[2025-12-12 08:17:43] [generate_cnf] Generating formula bobtuint22neg with K=199
[2025-12-12 08:17:44] [run_formula] Running formula bobtuint22neg with K=199 up to limit 1600
[2025-12-12 08:17:45] [generate_cnf] Generating formula bobtuint22neg with K=200
[2025-12-12 08:17:46] [run_formula] Running formula bobtuint22neg with K=200 up to limit 1600
[2025-12-12 08:17:48] [generate_cnf] Generating formula bobtuint22neg with K=201
[2025-12-12 08:17:49] [run_formula] Running formula bobtuint22neg with K=201 up to limit 1600
[2025-12-12 08:17:51] [generate_cnf] Generating formula bobtuint22neg with K=202
[2025-12-12 08:17:52] [run_formula] Running formula bobtuint22neg with K=202 up to limit 1600
[2025-12-12 08:17:54] [generate_cnf] Generating formula bobtuint22neg with K=203
[2025-12-12 08:17:55] [run_formula] Running formula bobtuint22neg with K=203 up to limit 1600
[2025-12-12 08:17:58] [generate_cnf] Generating formula bobtuint22neg with K=204
[2025-12-12 08:17:59] [run_formula] Running formula bobtuint22neg with K=204 up to limit 1600
[2025-12-12 08:18:00] [generate_cnf] Generating formula bobtuint22neg with K=205
[2025-12-12 08:18:01] [run_formula] Running formula bobtuint22neg with K=205 up to limit 1600
[2025-12-12 08:18:03] [generate_cnf] Generating formula bobtuint22neg with K=206
[2025-12-12 08:18:04] [run_formula] Running formula bobtuint22neg with K=206 up to limit 1600
[2025-12-12 08:18:06] [generate_cnf] Generating formula bobtuint22neg with K=207
[2025-12-12 08:18:07] [run_formula] Running formula bobtuint22neg with K=207 up to limit 1600
[2025-12-12 08:18:08] [generate_cnf] Generating formula bobtuint22neg with K=208
[2025-12-12 08:18:09] [run_formula] Running formula bobtuint22neg with K=208 up to limit 1600
[2025-12-12 08:18:11] [generate_cnf] Generating formula bobtuint22neg with K=209
[2025-12-12 08:18:12] [run_formula] Running formula bobtuint22neg with K=209 up to limit 1600
[2025-12-12 08:18:14] [generate_cnf] Generating formula bobtuint22neg with K=210
[2025-12-12 08:18:15] [run_formula] Running formula bobtuint22neg with K=210 up to limit 1600
[2025-12-12 08:18:17] [generate_cnf] Generating formula bobtuint22neg with K=211
[2025-12-12 08:18:18] [run_formula] Running formula bobtuint22neg with K=211 up to limit 1600
[2025-12-12 08:18:20] [generate_cnf] Generating formula bobtuint22neg with K=212
[2025-12-12 08:18:21] [run_formula] Running formula bobtuint22neg with K=212 up to limit 1600
[2025-12-12 08:18:24] [generate_cnf] Generating formula bobtuint22neg with K=213
[2025-12-12 08:18:25] [run_formula] Running formula bobtuint22neg with K=213 up to limit 1600
[2025-12-12 08:18:28] [generate_cnf] Generating formula bobtuint22neg with K=214
[2025-12-12 08:18:29] [run_formula] Running formula bobtuint22neg with K=214 up to limit 1600
[2025-12-12 08:18:31] [generate_cnf] Generating formula bobtuint22neg with K=215
[2025-12-12 08:18:32] [run_formula] Running formula bobtuint22neg with K=215 up to limit 1600
[2025-12-12 08:18:35] [generate_cnf] Generating formula bobtuint22neg with K=216
[2025-12-12 08:18:36] [run_formula] Running formula bobtuint22neg with K=216 up to limit 1600
[2025-12-12 08:18:39] [generate_cnf] Generating formula bobtuint22neg with K=217
[2025-12-12 08:18:40] [run_formula] Running formula bobtuint22neg with K=217 up to limit 1600
[2025-12-12 08:18:42] [generate_cnf] Generating formula bobtuint22neg with K=218
[2025-12-12 08:18:43] [run_formula] Running formula bobtuint22neg with K=218 up to limit 1600
[2025-12-12 08:18:47] [generate_cnf] Generating formula bobtuint22neg with K=219
[2025-12-12 08:18:48] [run_formula] Running formula bobtuint22neg with K=219 up to limit 1600
[2025-12-12 08:18:51] [generate_cnf] Generating formula bobtuint22neg with K=220
[2025-12-12 08:18:52] [run_formula] Running formula bobtuint22neg with K=220 up to limit 1600
[2025-12-12 08:18:55] [generate_cnf] Generating formula bobtuint22neg with K=221
[2025-12-12 08:18:56] [run_formula] Running formula bobtuint22neg with K=221 up to limit 1600
[2025-12-12 08:18:58] [generate_cnf] Generating formula bobtuint22neg with K=222
[2025-12-12 08:18:59] [run_formula] Running formula bobtuint22neg with K=222 up to limit 1600
[2025-12-12 08:19:02] [generate_cnf] Generating formula bobtuint22neg with K=223
[2025-12-12 08:19:03] [run_formula] Running formula bobtuint22neg with K=223 up to limit 1600
[2025-12-12 08:19:05] [generate_cnf] Generating formula bobtuint22neg with K=224
[2025-12-12 08:19:06] [run_formula] Running formula bobtuint22neg with K=224 up to limit 1600
[2025-12-12 08:19:09] [generate_cnf] Generating formula bobtuint22neg with K=225
[2025-12-12 08:19:10] [run_formula] Running formula bobtuint22neg with K=225 up to limit 1600
[2025-12-12 08:19:13] [generate_cnf] Generating formula bobtuint22neg with K=226
[2025-12-12 08:19:14] [run_formula] Running formula bobtuint22neg with K=226 up to limit 1600
[2025-12-12 08:19:17] [generate_cnf] Generating formula bobtuint22neg with K=227
[2025-12-12 08:19:18] [run_formula] Running formula bobtuint22neg with K=227 up to limit 1600
[2025-12-12 08:19:20] [generate_cnf] Generating formula bobtuint22neg with K=228
[2025-12-12 08:19:21] [run_formula] Running formula bobtuint22neg with K=228 up to limit 1600
[2025-12-12 08:19:25] [generate_cnf] Generating formula bobtuint22neg with K=229
[2025-12-12 08:19:26] [run_formula] Running formula bobtuint22neg with K=229 up to limit 1600
[2025-12-12 08:19:37] [generate_cnf] Generating formula bobtuint22neg with K=230
[2025-12-12 08:19:38] [run_formula] Running formula bobtuint22neg with K=230 up to limit 1600
[2025-12-12 08:19:40] [generate_cnf] Generating formula bobtuint22neg with K=231
[2025-12-12 08:19:41] [run_formula] Running formula bobtuint22neg with K=231 up to limit 1600
[2025-12-12 08:19:45] [generate_cnf] Generating formula bobtuint22neg with K=232
[2025-12-12 08:19:46] [run_formula] Running formula bobtuint22neg with K=232 up to limit 1600
[2025-12-12 08:19:50] [generate_cnf] Generating formula bobtuint22neg with K=233
[2025-12-12 08:19:51] [run_formula] Running formula bobtuint22neg with K=233 up to limit 1600
[2025-12-12 08:20:03] [generate_cnf] Generating formula bobtuint22neg with K=234
[2025-12-12 08:20:04] [run_formula] Running formula bobtuint22neg with K=234 up to limit 1600
[2025-12-12 08:20:13] [generate_cnf] Generating formula bobtuint22neg with K=235
[2025-12-12 08:20:14] [run_formula] Running formula bobtuint22neg with K=235 up to limit 1600
[2025-12-12 08:20:17] [generate_cnf] Generating formula bobtuint22neg with K=236
[2025-12-12 08:20:18] [run_formula] Running formula bobtuint22neg with K=236 up to limit 1600
[2025-12-12 08:20:21] [generate_cnf] Generating formula bobtuint22neg with K=237
[2025-12-12 08:20:22] [run_formula] Running formula bobtuint22neg with K=237 up to limit 1600
[2025-12-12 08:20:24] [generate_cnf] Generating formula bobtuint22neg with K=238
[2025-12-12 08:20:25] [run_formula] Running formula bobtuint22neg with K=238 up to limit 1600
[2025-12-12 08:20:39] [generate_cnf] Generating formula bobtuint22neg with K=239
[2025-12-12 08:20:40] [run_formula] Running formula bobtuint22neg with K=239 up to limit 1600
[2025-12-12 08:20:44] [generate_cnf] Generating formula bobtuint22neg with K=240
[2025-12-12 08:20:45] [run_formula] Running formula bobtuint22neg with K=240 up to limit 1600
[2025-12-12 08:20:48] [generate_cnf] Generating formula bobtuint22neg with K=241
[2025-12-12 08:20:49] [run_formula] Running formula bobtuint22neg with K=241 up to limit 1600
[2025-12-12 08:20:54] [generate_cnf] Generating formula bobtuint22neg with K=242
[2025-12-12 08:20:55] [run_formula] Running formula bobtuint22neg with K=242 up to limit 1600
[2025-12-12 08:20:58] [generate_cnf] Generating formula bobtuint22neg with K=243
[2025-12-12 08:20:59] [run_formula] Running formula bobtuint22neg with K=243 up to limit 1600
[2025-12-12 08:21:04] [generate_cnf] Generating formula bobtuint22neg with K=244
[2025-12-12 08:21:06] [run_formula] Running formula bobtuint22neg with K=244 up to limit 1600
[2025-12-12 08:21:09] [generate_cnf] Generating formula bobtuint22neg with K=245
[2025-12-12 08:21:10] [run_formula] Running formula bobtuint22neg with K=245 up to limit 1600
[2025-12-12 08:21:15] [generate_cnf] Generating formula bobtuint22neg with K=246
[2025-12-12 08:21:21] [run_formula] Running formula bobtuint22neg with K=246 up to limit 1600
[2025-12-12 08:21:24] [generate_cnf] Generating formula bobtuint22neg with K=247
[2025-12-12 08:21:25] [run_formula] Running formula bobtuint22neg with K=247 up to limit 1600
[2025-12-12 08:21:28] [generate_cnf] Generating formula bobtuint22neg with K=248
[2025-12-12 08:21:29] [run_formula] Running formula bobtuint22neg with K=248 up to limit 1600
[2025-12-12 08:21:32] [generate_cnf] Generating formula bobtuint22neg with K=249
[2025-12-12 08:21:33] [run_formula] Running formula bobtuint22neg with K=249 up to limit 1600
[2025-12-12 08:21:38] [generate_cnf] Generating formula bobtuint22neg with K=250
[2025-12-12 08:21:39] [run_formula] Running formula bobtuint22neg with K=250 up to limit 1600
[2025-12-12 08:21:42] [generate_cnf] Generating formula bobtuint22neg with K=251
[2025-12-12 08:21:43] [run_formula] Running formula bobtuint22neg with K=251 up to limit 1600
[2025-12-12 08:21:48] [generate_cnf] Generating formula bobtuint22neg with K=252
[2025-12-12 08:21:49] [run_formula] Running formula bobtuint22neg with K=252 up to limit 1600
[2025-12-12 08:21:54] [generate_cnf] Generating formula bobtuint22neg with K=253
[2025-12-12 08:21:55] [run_formula] Running formula bobtuint22neg with K=253 up to limit 1600
[2025-12-12 08:22:00] [generate_cnf] Generating formula bobtuint22neg with K=254
[2025-12-12 08:22:01] [run_formula] Running formula bobtuint22neg with K=254 up to limit 1600
[2025-12-12 08:22:06] [generate_cnf] Generating formula bobtuint22neg with K=255
[2025-12-12 08:22:07] [run_formula] Running formula bobtuint22neg with K=255 up to limit 1600
[2025-12-12 08:22:10] [generate_cnf] Generating formula bobtuint22neg with K=256
[2025-12-12 08:22:11] [run_formula] Running formula bobtuint22neg with K=256 up to limit 1600
[2025-12-12 08:22:15] [generate_cnf] Generating formula bobtuint22neg with K=257
[2025-12-12 08:22:16] [run_formula] Running formula bobtuint22neg with K=257 up to limit 1600
[2025-12-12 08:22:18] [generate_cnf] Generating formula bobtuint22neg with K=258
[2025-12-12 08:22:19] [run_formula] Running formula bobtuint22neg with K=258 up to limit 1600
[2025-12-12 08:22:26] [generate_cnf] Generating formula bobtuint22neg with K=259
[2025-12-12 08:22:27] [run_formula] Running formula bobtuint22neg with K=259 up to limit 1600
[2025-12-12 08:22:30] [generate_cnf] Generating formula bobtuint22neg with K=260
[2025-12-12 08:22:32] [run_formula] Running formula bobtuint22neg with K=260 up to limit 1600
[2025-12-12 08:22:36] [generate_cnf] Generating formula bobtuint22neg with K=261
[2025-12-12 08:22:37] [run_formula] Running formula bobtuint22neg with K=261 up to limit 1600
[2025-12-12 08:22:42] [generate_cnf] Generating formula bobtuint22neg with K=262
[2025-12-12 08:22:43] [run_formula] Running formula bobtuint22neg with K=262 up to limit 1600
[2025-12-12 08:22:49] [generate_cnf] Generating formula bobtuint22neg with K=263
[2025-12-12 08:22:50] [run_formula] Running formula bobtuint22neg with K=263 up to limit 1600
[2025-12-12 08:22:53] [generate_cnf] Generating formula bobtuint22neg with K=264
[2025-12-12 08:22:54] [run_formula] Running formula bobtuint22neg with K=264 up to limit 1600
[2025-12-12 08:22:58] [generate_cnf] Generating formula bobtuint22neg with K=265
[2025-12-12 08:23:00] [run_formula] Running formula bobtuint22neg with K=265 up to limit 1600
[2025-12-12 08:23:04] [generate_cnf] Generating formula bobtuint22neg with K=266
[2025-12-12 08:23:05] [run_formula] Running formula bobtuint22neg with K=266 up to limit 1600
[2025-12-12 08:23:09] [generate_cnf] Generating formula bobtuint22neg with K=267
[2025-12-12 08:23:10] [run_formula] Running formula bobtuint22neg with K=267 up to limit 1600
[2025-12-12 08:23:12] [generate_cnf] Generating formula bobtuint22neg with K=268
[2025-12-12 08:23:14] [run_formula] Running formula bobtuint22neg with K=268 up to limit 1600
[2025-12-12 08:23:18] [generate_cnf] Generating formula bobtuint22neg with K=269
[2025-12-12 08:23:19] [run_formula] Running formula bobtuint22neg with K=269 up to limit 1600
[2025-12-12 08:23:24] [generate_cnf] Generating formula bobtuint22neg with K=270
[2025-12-12 08:23:25] [run_formula] Running formula bobtuint22neg with K=270 up to limit 1600
[2025-12-12 08:23:37] [generate_cnf] Generating formula bobtuint22neg with K=271
[2025-12-12 08:23:38] [run_formula] Running formula bobtuint22neg with K=271 up to limit 1600
[2025-12-12 08:23:43] [generate_cnf] Generating formula bobtuint22neg with K=272
[2025-12-12 08:23:44] [run_formula] Running formula bobtuint22neg with K=272 up to limit 1600
[2025-12-12 08:23:47] [generate_cnf] Generating formula bobtuint22neg with K=273
[2025-12-12 08:23:48] [run_formula] Running formula bobtuint22neg with K=273 up to limit 1600
[2025-12-12 08:23:53] [generate_cnf] Generating formula bobtuint22neg with K=274
[2025-12-12 08:23:55] [run_formula] Running formula bobtuint22neg with K=274 up to limit 1600
[2025-12-12 08:23:59] [generate_cnf] Generating formula bobtuint22neg with K=275
[2025-12-12 08:24:00] [run_formula] Running formula bobtuint22neg with K=275 up to limit 1600
[2025-12-12 08:24:05] [generate_cnf] Generating formula bobtuint22neg with K=276
[2025-12-12 08:24:06] [run_formula] Running formula bobtuint22neg with K=276 up to limit 1600
[2025-12-12 08:24:11] [generate_cnf] Generating formula bobtuint22neg with K=277
[2025-12-12 08:24:12] [run_formula] Running formula bobtuint22neg with K=277 up to limit 1600
[2025-12-12 08:24:18] [generate_cnf] Generating formula bobtuint22neg with K=278
[2025-12-12 08:24:19] [run_formula] Running formula bobtuint22neg with K=278 up to limit 1600
[2025-12-12 08:24:23] [generate_cnf] Generating formula bobtuint22neg with K=279
[2025-12-12 08:24:24] [run_formula] Running formula bobtuint22neg with K=279 up to limit 1600
[2025-12-12 08:24:30] [generate_cnf] Generating formula bobtuint22neg with K=280
[2025-12-12 08:24:31] [run_formula] Running formula bobtuint22neg with K=280 up to limit 1600
[2025-12-12 08:24:34] [generate_cnf] Generating formula bobtuint22neg with K=281
[2025-12-12 08:24:35] [run_formula] Running formula bobtuint22neg with K=281 up to limit 1600
[2025-12-12 08:24:38] [generate_cnf] Generating formula bobtuint22neg with K=282
[2025-12-12 08:24:40] [run_formula] Running formula bobtuint22neg with K=282 up to limit 1600
[2025-12-12 08:24:43] [generate_cnf] Generating formula bobtuint22neg with K=283
[2025-12-12 08:24:45] [run_formula] Running formula bobtuint22neg with K=283 up to limit 1600
[2025-12-12 08:24:48] [generate_cnf] Generating formula bobtuint22neg with K=284
[2025-12-12 08:24:50] [run_formula] Running formula bobtuint22neg with K=284 up to limit 1600
[2025-12-12 08:24:54] [generate_cnf] Generating formula bobtuint22neg with K=285
[2025-12-12 08:24:56] [run_formula] Running formula bobtuint22neg with K=285 up to limit 1600
[2025-12-12 08:24:59] [generate_cnf] Generating formula bobtuint22neg with K=286
[2025-12-12 08:25:00] [run_formula] Running formula bobtuint22neg with K=286 up to limit 1600
[2025-12-12 08:25:06] [generate_cnf] Generating formula bobtuint22neg with K=287
[2025-12-12 08:25:07] [run_formula] Running formula bobtuint22neg with K=287 up to limit 1600
[2025-12-12 08:25:12] [generate_cnf] Generating formula bobtuint22neg with K=288
[2025-12-12 08:25:14] [run_formula] Running formula bobtuint22neg with K=288 up to limit 1600
[2025-12-12 08:25:17] [generate_cnf] Generating formula bobtuint22neg with K=289
[2025-12-12 08:25:19] [run_formula] Running formula bobtuint22neg with K=289 up to limit 1600
[2025-12-12 08:25:24] [generate_cnf] Generating formula bobtuint22neg with K=290
[2025-12-12 08:25:25] [run_formula] Running formula bobtuint22neg with K=290 up to limit 1600
[2025-12-12 08:25:31] [generate_cnf] Generating formula bobtuint22neg with K=291
[2025-12-12 08:25:33] [run_formula] Running formula bobtuint22neg with K=291 up to limit 1600
[2025-12-12 08:25:38] [generate_cnf] Generating formula bobtuint22neg with K=292
[2025-12-12 08:25:39] [run_formula] Running formula bobtuint22neg with K=292 up to limit 1600
[2025-12-12 08:25:42] [generate_cnf] Generating formula bobtuint22neg with K=293
[2025-12-12 08:25:44] [run_formula] Running formula bobtuint22neg with K=293 up to limit 1600
[2025-12-12 08:25:49] [generate_cnf] Generating formula bobtuint22neg with K=294
[2025-12-12 08:25:50] [run_formula] Running formula bobtuint22neg with K=294 up to limit 1600
[2025-12-12 08:25:54] [generate_cnf] Generating formula bobtuint22neg with K=295
[2025-12-12 08:25:55] [run_formula] Running formula bobtuint22neg with K=295 up to limit 1600
[2025-12-12 08:26:01] [generate_cnf] Generating formula bobtuint22neg with K=296
[2025-12-12 08:26:02] [run_formula] Running formula bobtuint22neg with K=296 up to limit 1600
[2025-12-12 08:26:05] [generate_cnf] Generating formula bobtuint22neg with K=297
[2025-12-12 08:26:07] [run_formula] Running formula bobtuint22neg with K=297 up to limit 1600
[2025-12-12 08:26:12] [generate_cnf] Generating formula bobtuint22neg with K=298
[2025-12-12 08:26:14] [run_formula] Running formula bobtuint22neg with K=298 up to limit 1600
[2025-12-12 08:26:17] [generate_cnf] Generating formula bobtuint22neg with K=299
[2025-12-12 08:26:18] [run_formula] Running formula bobtuint22neg with K=299 up to limit 1600
[2025-12-12 08:26:25] [generate_cnf] Generating formula bobtuint22neg with K=300
[2025-12-12 08:26:29] [run_formula] Running formula bobtuint22neg with K=300 up to limit 1600
[2025-12-12 08:26:35] [generate_cnf] Generating formula bobtuint22neg with K=301
[2025-12-12 08:26:36] [run_formula] Running formula bobtuint22neg with K=301 up to limit 1600
[2025-12-12 08:26:42] [generate_cnf] Generating formula bobtuint22neg with K=302
[2025-12-12 08:26:44] [run_formula] Running formula bobtuint22neg with K=302 up to limit 1600
[2025-12-12 08:26:48] [generate_cnf] Generating formula bobtuint22neg with K=303
[2025-12-12 08:26:49] [run_formula] Running formula bobtuint22neg with K=303 up to limit 1600
[2025-12-12 08:26:56] [generate_cnf] Generating formula bobtuint22neg with K=304
[2025-12-12 08:26:58] [run_formula] Running formula bobtuint22neg with K=304 up to limit 1600
[2025-12-12 08:27:03] [generate_cnf] Generating formula bobtuint22neg with K=305
[2025-12-12 08:27:05] [run_formula] Running formula bobtuint22neg with K=305 up to limit 1600
[2025-12-12 08:27:11] [generate_cnf] Generating formula bobtuint22neg with K=306
[2025-12-12 08:27:12] [run_formula] Running formula bobtuint22neg with K=306 up to limit 1600
[2025-12-12 08:27:17] [generate_cnf] Generating formula bobtuint22neg with K=307
[2025-12-12 08:27:18] [run_formula] Running formula bobtuint22neg with K=307 up to limit 1600
[2025-12-12 08:27:23] [generate_cnf] Generating formula bobtuint22neg with K=308
[2025-12-12 08:27:24] [run_formula] Running formula bobtuint22neg with K=308 up to limit 1600
[2025-12-12 08:27:31] [generate_cnf] Generating formula bobtuint22neg with K=309
[2025-12-12 08:27:32] [run_formula] Running formula bobtuint22neg with K=309 up to limit 1600
[2025-12-12 08:27:38] [generate_cnf] Generating formula bobtuint22neg with K=310
[2025-12-12 08:27:39] [run_formula] Running formula bobtuint22neg with K=310 up to limit 1600
[2025-12-12 08:27:43] [generate_cnf] Generating formula bobtuint22neg with K=311
[2025-12-12 08:27:44] [run_formula] Running formula bobtuint22neg with K=311 up to limit 1600
[2025-12-12 08:27:51] [generate_cnf] Generating formula bobtuint22neg with K=312
[2025-12-12 08:27:52] [run_formula] Running formula bobtuint22neg with K=312 up to limit 1600
[2025-12-12 08:27:57] [generate_cnf] Generating formula bobtuint22neg with K=313
[2025-12-12 08:27:58] [generate_and_run_up_to_limit] Failed to generate CNF for bobtuint22neg with K=313, halting
