CNF written.
CNF written.
CNF written.
CNF written.
CNF written.
CNF written.
CNF written.
CNF written.
CNF written.
CNF written.
CNF written.
CNF written.
CNF written.
CNF written.
CNF written.
CNF written.
CNF written.
CNF written.
CNF written.
CNF written.
CNF written.
CNF written.
CNF written.
CNF written.
CNF written.
CNF written.
CNF written.
CNF written.
CNF written.
CNF written.
CNF written.
CNF written.
CNF written.
CNF written.
CNF written.
CNF written.
CNF written.
CNF written.
CNF written.
CNF written.
CNF written.
CNF written.
CNF written.
CNF written.
CNF written.
CNF written.
CNF written.
CNF written.
CNF written.
CNF written.
CNF written.
CNF written.
CNF written.
CNF written.
CNF written.
CNF written.
CNF written.
CNF written.
CNF written.
CNF written.
CNF written.
CNF written.
CNF written.
CNF written.
CNF written.
CNF written.
CNF written.
CNF written.
CNF written.
CNF written.
CNF written.
CNF written.
CNF written.
CNF written.
CNF written.
CNF written.
CNF written.
CNF written.
CNF written.
CNF written.
CNF written.
CNF written.
CNF written.
CNF written.
CNF written.
CNF written.
CNF written.
CNF written.
CNF written.
CNF written.
CNF written.
CNF written.
CNF written.
CNF written.
CNF written.
CNF written.
CNF written.
CNF written.
CNF written.
CNF written.
CNF written.
CNF written.
CNF written.
CNF written.
CNF written.
CNF written.
CNF written.
CNF written.
CNF written.
CNF written.
CNF written.
CNF written.
CNF written.
CNF written.
CNF written.
CNF written.
CNF written.
CNF written.
CNF written.
CNF written.
CNF written.
CNF written.
CNF written.
CNF written.
CNF written.
CNF written.
CNF written.
CNF written.
CNF written.
CNF written.
CNF written.
CNF written.
CNF written.
CNF written.
CNF written.
CNF written.
CNF written.
CNF written.
CNF written.
CNF written.
CNF written.
CNF written.
CNF written.
CNF written.
CNF written.
CNF written.
CNF written.
CNF written.
CNF written.
CNF written.
CNF written.
CNF written.
CNF written.
CNF written.
CNF written.
CNF written.
CNF written.
CNF written.
CNF written.
CNF written.
CNF written.
CNF written.
CNF written.
CNF written.
CNF written.
CNF written.
CNF written.
CNF written.
CNF written.
CNF written.
CNF written.
CNF written.
CNF written.
CNF written.
CNF written.
CNF written.
CNF written.
CNF written.
CNF written.
CNF written.
CNF written.
CNF written.
CNF written.
CNF written.
CNF written.
CNF written.
CNF written.
CNF written.
CNF written.
CNF written.
CNF written.
CNF written.
CNF written.
CNF written.
CNF written.
CNF written.
CNF written.
CNF written.
CNF written.
CNF written.
CNF written.
CNF written.
CNF written.
CNF written.
CNF written.
CNF written.
CNF written.
CNF written.
CNF written.
CNF written.
CNF written.
CNF written.
CNF written.
CNF written.
CNF written.
CNF written.
CNF written.
CNF written.
CNF written.
CNF written.
CNF written.
CNF written.
CNF written.
CNF written.
CNF written.
CNF written.
CNF written.
CNF written.
CNF written.
CNF written.
CNF written.
CNF written.
CNF written.
CNF written.
CNF written.
CNF written.
CNF written.
CNF written.
CNF written.
CNF written.
CNF written.
CNF written.
CNF written.
CNF written.
CNF written.
CNF written.
CNF written.
CNF written.
CNF written.
CNF written.
CNF written.
CNF written.
CNF written.
CNF written.
CNF written.
CNF written.
CNF written.
CNF written.
CNF written.
CNF written.
CNF written.
CNF written.
CNF written.
CNF written.
CNF written.
CNF written.
CNF written.
CNF written.
CNF written.
CNF written.
CNF written.
CNF written.
CNF written.
CNF written.
CNF written.
CNF written.
CNF written.
CNF written.
CNF written.
CNF written.
CNF written.
CNF written.
CNF written.
CNF written.
CNF written.
CNF written.
CNF written.
CNF written.
CNF written.
CNF written.
CNF written.
CNF written.
CNF written.
CNF written.
CNF written.
CNF written.
CNF written.
CNF written.
CNF written.
CNF written.
CNF written.
CNF written.
CNF written.
CNF written.
CNF written.
CNF written.
CNF written.
CNF written.
CNF written.
CNF written.
CNF written.
CNF written.
CNF written.
CNF written.
CNF written.
CNF written.
CNF written.
CNF written.
CNF written.
CNF written.
CNF written.
CNF written.
CNF written.
CNF written.
CNF written.
CNF written.
CNF written.
CNF written.
CNF written.
CNF written.
CNF written.
CNF written.
CNF written.
CNF written.
CNF written.
CNF written.
CNF written.
CNF written.
CNF written.
CNF written.
CNF written.
CNF written.
CNF written.
CNF written.
CNF written.
CNF written.
CNF written.
CNF written.
CNF written.
CNF written.
CNF written.
CNF written.
CNF written.
CNF written.
CNF written.
CNF written.
CNF written.
CNF written.
CNF written.
CNF written.
CNF written.
CNF written.
CNF written.
CNF written.
CNF written.
CNF written.
CNF written.
CNF written.
CNF written.
CNF written.
CNF written.
CNF written.
CNF written.
CNF written.
CNF written.
CNF written.
CNF written.
CNF written.
CNF written.
CNF written.
CNF written.
CNF written.
CNF written.
CNF written.
CNF written.
CNF written.
CNF written.
CNF written.
CNF written.
CNF written.
CNF written.
CNF written.
CNF written.
CNF written.
CNF written.
CNF written.
CNF written.
CNF written.
CNF written.
CNF written.
CNF written.
CNF written.
CNF written.
CNF written.
CNF written.
CNF written.
CNF written.
CNF written.
CNF written.
CNF written.
[2025-12-12 07:23:35] [generate_and_run_up_to_limit] Generating and running bobtuint08neg with K<=500 up to limit 1600
[2025-12-12 07:23:35] [generate_cnf] Generating formula bobtuint08neg with K=1
[2025-12-12 07:23:35] [run_formula] Running formula bobtuint08neg with K=1 up to limit 1600
[2025-12-12 07:23:35] [generate_cnf] Generating formula bobtuint08neg with K=2
[2025-12-12 07:23:35] [run_formula] Running formula bobtuint08neg with K=2 up to limit 1600
[2025-12-12 07:23:35] [generate_cnf] Generating formula bobtuint08neg with K=3
[2025-12-12 07:23:35] [run_formula] Running formula bobtuint08neg with K=3 up to limit 1600
[2025-12-12 07:23:35] [generate_cnf] Generating formula bobtuint08neg with K=4
[2025-12-12 07:23:35] [run_formula] Running formula bobtuint08neg with K=4 up to limit 1600
[2025-12-12 07:23:35] [generate_cnf] Generating formula bobtuint08neg with K=5
[2025-12-12 07:23:35] [run_formula] Running formula bobtuint08neg with K=5 up to limit 1600
[2025-12-12 07:23:35] [generate_cnf] Generating formula bobtuint08neg with K=6
[2025-12-12 07:23:35] [run_formula] Running formula bobtuint08neg with K=6 up to limit 1600
[2025-12-12 07:23:35] [generate_cnf] Generating formula bobtuint08neg with K=7
[2025-12-12 07:23:35] [run_formula] Running formula bobtuint08neg with K=7 up to limit 1600
[2025-12-12 07:23:35] [generate_cnf] Generating formula bobtuint08neg with K=8
[2025-12-12 07:23:35] [run_formula] Running formula bobtuint08neg with K=8 up to limit 1600
[2025-12-12 07:23:35] [generate_cnf] Generating formula bobtuint08neg with K=9
[2025-12-12 07:23:35] [run_formula] Running formula bobtuint08neg with K=9 up to limit 1600
[2025-12-12 07:23:35] [generate_cnf] Generating formula bobtuint08neg with K=10
[2025-12-12 07:23:35] [run_formula] Running formula bobtuint08neg with K=10 up to limit 1600
[2025-12-12 07:23:35] [generate_cnf] Generating formula bobtuint08neg with K=11
[2025-12-12 07:23:35] [run_formula] Running formula bobtuint08neg with K=11 up to limit 1600
[2025-12-12 07:23:35] [generate_cnf] Generating formula bobtuint08neg with K=12
[2025-12-12 07:23:35] [run_formula] Running formula bobtuint08neg with K=12 up to limit 1600
[2025-12-12 07:23:35] [generate_cnf] Generating formula bobtuint08neg with K=13
[2025-12-12 07:23:35] [run_formula] Running formula bobtuint08neg with K=13 up to limit 1600
[2025-12-12 07:23:36] [generate_cnf] Generating formula bobtuint08neg with K=14
[2025-12-12 07:23:36] [run_formula] Running formula bobtuint08neg with K=14 up to limit 1600
[2025-12-12 07:23:36] [generate_cnf] Generating formula bobtuint08neg with K=15
[2025-12-12 07:23:36] [run_formula] Running formula bobtuint08neg with K=15 up to limit 1600
[2025-12-12 07:23:36] [generate_cnf] Generating formula bobtuint08neg with K=16
[2025-12-12 07:23:36] [run_formula] Running formula bobtuint08neg with K=16 up to limit 1600
[2025-12-12 07:23:36] [generate_cnf] Generating formula bobtuint08neg with K=17
[2025-12-12 07:23:36] [run_formula] Running formula bobtuint08neg with K=17 up to limit 1600
[2025-12-12 07:23:36] [generate_cnf] Generating formula bobtuint08neg with K=18
[2025-12-12 07:23:36] [run_formula] Running formula bobtuint08neg with K=18 up to limit 1600
[2025-12-12 07:23:36] [generate_cnf] Generating formula bobtuint08neg with K=19
[2025-12-12 07:23:36] [run_formula] Running formula bobtuint08neg with K=19 up to limit 1600
[2025-12-12 07:23:36] [generate_cnf] Generating formula bobtuint08neg with K=20
[2025-12-12 07:23:36] [run_formula] Running formula bobtuint08neg with K=20 up to limit 1600
[2025-12-12 07:23:36] [generate_cnf] Generating formula bobtuint08neg with K=21
[2025-12-12 07:23:37] [run_formula] Running formula bobtuint08neg with K=21 up to limit 1600
[2025-12-12 07:23:37] [generate_cnf] Generating formula bobtuint08neg with K=22
[2025-12-12 07:23:37] [run_formula] Running formula bobtuint08neg with K=22 up to limit 1600
[2025-12-12 07:23:37] [generate_cnf] Generating formula bobtuint08neg with K=23
[2025-12-12 07:23:37] [run_formula] Running formula bobtuint08neg with K=23 up to limit 1600
[2025-12-12 07:23:37] [generate_cnf] Generating formula bobtuint08neg with K=24
[2025-12-12 07:23:37] [run_formula] Running formula bobtuint08neg with K=24 up to limit 1600
[2025-12-12 07:23:37] [generate_cnf] Generating formula bobtuint08neg with K=25
[2025-12-12 07:23:37] [run_formula] Running formula bobtuint08neg with K=25 up to limit 1600
[2025-12-12 07:23:37] [generate_cnf] Generating formula bobtuint08neg with K=26
[2025-12-12 07:23:37] [run_formula] Running formula bobtuint08neg with K=26 up to limit 1600
[2025-12-12 07:23:38] [generate_cnf] Generating formula bobtuint08neg with K=27
[2025-12-12 07:23:38] [run_formula] Running formula bobtuint08neg with K=27 up to limit 1600
[2025-12-12 07:23:38] [generate_cnf] Generating formula bobtuint08neg with K=28
[2025-12-12 07:23:38] [run_formula] Running formula bobtuint08neg with K=28 up to limit 1600
[2025-12-12 07:23:38] [generate_cnf] Generating formula bobtuint08neg with K=29
[2025-12-12 07:23:38] [run_formula] Running formula bobtuint08neg with K=29 up to limit 1600
[2025-12-12 07:23:38] [generate_cnf] Generating formula bobtuint08neg with K=30
[2025-12-12 07:23:38] [run_formula] Running formula bobtuint08neg with K=30 up to limit 1600
[2025-12-12 07:23:38] [generate_cnf] Generating formula bobtuint08neg with K=31
[2025-12-12 07:23:38] [run_formula] Running formula bobtuint08neg with K=31 up to limit 1600
[2025-12-12 07:23:39] [generate_cnf] Generating formula bobtuint08neg with K=32
[2025-12-12 07:23:39] [run_formula] Running formula bobtuint08neg with K=32 up to limit 1600
[2025-12-12 07:23:39] [generate_cnf] Generating formula bobtuint08neg with K=33
[2025-12-12 07:23:39] [run_formula] Running formula bobtuint08neg with K=33 up to limit 1600
[2025-12-12 07:23:39] [generate_cnf] Generating formula bobtuint08neg with K=34
[2025-12-12 07:23:39] [run_formula] Running formula bobtuint08neg with K=34 up to limit 1600
[2025-12-12 07:23:39] [generate_cnf] Generating formula bobtuint08neg with K=35
[2025-12-12 07:23:40] [run_formula] Running formula bobtuint08neg with K=35 up to limit 1600
[2025-12-12 07:23:40] [generate_cnf] Generating formula bobtuint08neg with K=36
[2025-12-12 07:23:40] [run_formula] Running formula bobtuint08neg with K=36 up to limit 1600
[2025-12-12 07:23:40] [generate_cnf] Generating formula bobtuint08neg with K=37
[2025-12-12 07:23:40] [run_formula] Running formula bobtuint08neg with K=37 up to limit 1600
[2025-12-12 07:23:40] [generate_cnf] Generating formula bobtuint08neg with K=38
[2025-12-12 07:23:40] [run_formula] Running formula bobtuint08neg with K=38 up to limit 1600
[2025-12-12 07:23:41] [generate_cnf] Generating formula bobtuint08neg with K=39
[2025-12-12 07:23:41] [run_formula] Running formula bobtuint08neg with K=39 up to limit 1600
[2025-12-12 07:23:41] [generate_cnf] Generating formula bobtuint08neg with K=40
[2025-12-12 07:23:41] [run_formula] Running formula bobtuint08neg with K=40 up to limit 1600
[2025-12-12 07:23:41] [generate_cnf] Generating formula bobtuint08neg with K=41
[2025-12-12 07:23:41] [run_formula] Running formula bobtuint08neg with K=41 up to limit 1600
[2025-12-12 07:23:42] [generate_cnf] Generating formula bobtuint08neg with K=42
[2025-12-12 07:23:42] [run_formula] Running formula bobtuint08neg with K=42 up to limit 1600
[2025-12-12 07:23:42] [generate_cnf] Generating formula bobtuint08neg with K=43
[2025-12-12 07:23:42] [run_formula] Running formula bobtuint08neg with K=43 up to limit 1600
[2025-12-12 07:23:42] [generate_cnf] Generating formula bobtuint08neg with K=44
[2025-12-12 07:23:42] [run_formula] Running formula bobtuint08neg with K=44 up to limit 1600
[2025-12-12 07:23:43] [generate_cnf] Generating formula bobtuint08neg with K=45
[2025-12-12 07:23:43] [run_formula] Running formula bobtuint08neg with K=45 up to limit 1600
[2025-12-12 07:23:43] [generate_cnf] Generating formula bobtuint08neg with K=46
[2025-12-12 07:23:43] [run_formula] Running formula bobtuint08neg with K=46 up to limit 1600
[2025-12-12 07:23:43] [generate_cnf] Generating formula bobtuint08neg with K=47
[2025-12-12 07:23:44] [run_formula] Running formula bobtuint08neg with K=47 up to limit 1600
[2025-12-12 07:23:44] [generate_cnf] Generating formula bobtuint08neg with K=48
[2025-12-12 07:23:44] [run_formula] Running formula bobtuint08neg with K=48 up to limit 1600
[2025-12-12 07:23:44] [generate_cnf] Generating formula bobtuint08neg with K=49
[2025-12-12 07:23:45] [run_formula] Running formula bobtuint08neg with K=49 up to limit 1600
[2025-12-12 07:23:45] [generate_cnf] Generating formula bobtuint08neg with K=50
[2025-12-12 07:23:45] [run_formula] Running formula bobtuint08neg with K=50 up to limit 1600
[2025-12-12 07:23:45] [generate_cnf] Generating formula bobtuint08neg with K=51
[2025-12-12 07:23:46] [run_formula] Running formula bobtuint08neg with K=51 up to limit 1600
[2025-12-12 07:23:46] [generate_cnf] Generating formula bobtuint08neg with K=52
[2025-12-12 07:23:46] [run_formula] Running formula bobtuint08neg with K=52 up to limit 1600
[2025-12-12 07:23:46] [generate_cnf] Generating formula bobtuint08neg with K=53
[2025-12-12 07:23:47] [run_formula] Running formula bobtuint08neg with K=53 up to limit 1600
[2025-12-12 07:23:47] [generate_cnf] Generating formula bobtuint08neg with K=54
[2025-12-12 07:23:47] [run_formula] Running formula bobtuint08neg with K=54 up to limit 1600
[2025-12-12 07:23:48] [generate_cnf] Generating formula bobtuint08neg with K=55
[2025-12-12 07:23:48] [run_formula] Running formula bobtuint08neg with K=55 up to limit 1600
[2025-12-12 07:23:48] [generate_cnf] Generating formula bobtuint08neg with K=56
[2025-12-12 07:23:48] [run_formula] Running formula bobtuint08neg with K=56 up to limit 1600
[2025-12-12 07:23:49] [generate_cnf] Generating formula bobtuint08neg with K=57
[2025-12-12 07:23:49] [run_formula] Running formula bobtuint08neg with K=57 up to limit 1600
[2025-12-12 07:23:49] [generate_cnf] Generating formula bobtuint08neg with K=58
[2025-12-12 07:23:50] [run_formula] Running formula bobtuint08neg with K=58 up to limit 1600
[2025-12-12 07:23:50] [generate_cnf] Generating formula bobtuint08neg with K=59
[2025-12-12 07:23:50] [run_formula] Running formula bobtuint08neg with K=59 up to limit 1600
[2025-12-12 07:23:51] [generate_cnf] Generating formula bobtuint08neg with K=60
[2025-12-12 07:23:51] [run_formula] Running formula bobtuint08neg with K=60 up to limit 1600
[2025-12-12 07:23:51] [generate_cnf] Generating formula bobtuint08neg with K=61
[2025-12-12 07:23:52] [run_formula] Running formula bobtuint08neg with K=61 up to limit 1600
[2025-12-12 07:23:52] [generate_cnf] Generating formula bobtuint08neg with K=62
[2025-12-12 07:23:54] [run_formula] Running formula bobtuint08neg with K=62 up to limit 1600
[2025-12-12 07:23:54] [generate_cnf] Generating formula bobtuint08neg with K=63
[2025-12-12 07:23:54] [run_formula] Running formula bobtuint08neg with K=63 up to limit 1600
[2025-12-12 07:23:55] [generate_cnf] Generating formula bobtuint08neg with K=64
[2025-12-12 07:23:55] [run_formula] Running formula bobtuint08neg with K=64 up to limit 1600
[2025-12-12 07:23:56] [generate_cnf] Generating formula bobtuint08neg with K=65
[2025-12-12 07:23:56] [run_formula] Running formula bobtuint08neg with K=65 up to limit 1600
[2025-12-12 07:23:56] [generate_cnf] Generating formula bobtuint08neg with K=66
[2025-12-12 07:23:57] [run_formula] Running formula bobtuint08neg with K=66 up to limit 1600
[2025-12-12 07:23:57] [generate_cnf] Generating formula bobtuint08neg with K=67
[2025-12-12 07:23:57] [run_formula] Running formula bobtuint08neg with K=67 up to limit 1600
[2025-12-12 07:23:58] [generate_cnf] Generating formula bobtuint08neg with K=68
[2025-12-12 07:23:58] [run_formula] Running formula bobtuint08neg with K=68 up to limit 1600
[2025-12-12 07:23:59] [generate_cnf] Generating formula bobtuint08neg with K=69
[2025-12-12 07:23:59] [run_formula] Running formula bobtuint08neg with K=69 up to limit 1600
[2025-12-12 07:24:00] [generate_cnf] Generating formula bobtuint08neg with K=70
[2025-12-12 07:24:00] [run_formula] Running formula bobtuint08neg with K=70 up to limit 1600
[2025-12-12 07:24:01] [generate_cnf] Generating formula bobtuint08neg with K=71
[2025-12-12 07:24:01] [run_formula] Running formula bobtuint08neg with K=71 up to limit 1600
[2025-12-12 07:24:01] [generate_cnf] Generating formula bobtuint08neg with K=72
[2025-12-12 07:24:02] [run_formula] Running formula bobtuint08neg with K=72 up to limit 1600
[2025-12-12 07:24:02] [generate_cnf] Generating formula bobtuint08neg with K=73
[2025-12-12 07:24:03] [run_formula] Running formula bobtuint08neg with K=73 up to limit 1600
[2025-12-12 07:24:03] [generate_cnf] Generating formula bobtuint08neg with K=74
[2025-12-12 07:24:04] [run_formula] Running formula bobtuint08neg with K=74 up to limit 1600
[2025-12-12 07:24:04] [generate_cnf] Generating formula bobtuint08neg with K=75
[2025-12-12 07:24:05] [run_formula] Running formula bobtuint08neg with K=75 up to limit 1600
[2025-12-12 07:24:05] [generate_cnf] Generating formula bobtuint08neg with K=76
[2025-12-12 07:24:06] [run_formula] Running formula bobtuint08neg with K=76 up to limit 1600
[2025-12-12 07:24:06] [generate_cnf] Generating formula bobtuint08neg with K=77
[2025-12-12 07:24:07] [run_formula] Running formula bobtuint08neg with K=77 up to limit 1600
[2025-12-12 07:24:07] [generate_cnf] Generating formula bobtuint08neg with K=78
[2025-12-12 07:24:08] [run_formula] Running formula bobtuint08neg with K=78 up to limit 1600
[2025-12-12 07:24:08] [generate_cnf] Generating formula bobtuint08neg with K=79
[2025-12-12 07:24:09] [run_formula] Running formula bobtuint08neg with K=79 up to limit 1600
[2025-12-12 07:24:09] [generate_cnf] Generating formula bobtuint08neg with K=80
[2025-12-12 07:24:10] [run_formula] Running formula bobtuint08neg with K=80 up to limit 1600
[2025-12-12 07:24:11] [generate_cnf] Generating formula bobtuint08neg with K=81
[2025-12-12 07:24:11] [run_formula] Running formula bobtuint08neg with K=81 up to limit 1600
[2025-12-12 07:24:12] [generate_cnf] Generating formula bobtuint08neg with K=82
[2025-12-12 07:24:12] [run_formula] Running formula bobtuint08neg with K=82 up to limit 1600
[2025-12-12 07:24:13] [generate_cnf] Generating formula bobtuint08neg with K=83
[2025-12-12 07:24:14] [run_formula] Running formula bobtuint08neg with K=83 up to limit 1600
[2025-12-12 07:24:14] [generate_cnf] Generating formula bobtuint08neg with K=84
[2025-12-12 07:24:15] [run_formula] Running formula bobtuint08neg with K=84 up to limit 1600
[2025-12-12 07:24:15] [generate_cnf] Generating formula bobtuint08neg with K=85
[2025-12-12 07:24:16] [run_formula] Running formula bobtuint08neg with K=85 up to limit 1600
[2025-12-12 07:24:17] [generate_cnf] Generating formula bobtuint08neg with K=86
[2025-12-12 07:24:17] [run_formula] Running formula bobtuint08neg with K=86 up to limit 1600
[2025-12-12 07:24:18] [generate_cnf] Generating formula bobtuint08neg with K=87
[2025-12-12 07:24:19] [run_formula] Running formula bobtuint08neg with K=87 up to limit 1600
[2025-12-12 07:24:19] [generate_cnf] Generating formula bobtuint08neg with K=88
[2025-12-12 07:24:20] [run_formula] Running formula bobtuint08neg with K=88 up to limit 1600
[2025-12-12 07:24:21] [generate_cnf] Generating formula bobtuint08neg with K=89
[2025-12-12 07:24:21] [run_formula] Running formula bobtuint08neg with K=89 up to limit 1600
[2025-12-12 07:24:22] [generate_cnf] Generating formula bobtuint08neg with K=90
[2025-12-12 07:24:23] [run_formula] Running formula bobtuint08neg with K=90 up to limit 1600
[2025-12-12 07:24:23] [generate_cnf] Generating formula bobtuint08neg with K=91
[2025-12-12 07:24:24] [run_formula] Running formula bobtuint08neg with K=91 up to limit 1600
[2025-12-12 07:24:25] [generate_cnf] Generating formula bobtuint08neg with K=92
[2025-12-12 07:24:26] [run_formula] Running formula bobtuint08neg with K=92 up to limit 1600
[2025-12-12 07:24:27] [generate_cnf] Generating formula bobtuint08neg with K=93
[2025-12-12 07:24:27] [run_formula] Running formula bobtuint08neg with K=93 up to limit 1600
[2025-12-12 07:24:28] [generate_cnf] Generating formula bobtuint08neg with K=94
[2025-12-12 07:24:29] [run_formula] Running formula bobtuint08neg with K=94 up to limit 1600
[2025-12-12 07:24:30] [generate_cnf] Generating formula bobtuint08neg with K=95
[2025-12-12 07:24:30] [run_formula] Running formula bobtuint08neg with K=95 up to limit 1600
[2025-12-12 07:24:32] [generate_cnf] Generating formula bobtuint08neg with K=96
[2025-12-12 07:24:32] [run_formula] Running formula bobtuint08neg with K=96 up to limit 1600
[2025-12-12 07:24:33] [generate_cnf] Generating formula bobtuint08neg with K=97
[2025-12-12 07:24:33] [run_formula] Running formula bobtuint08neg with K=97 up to limit 1600
[2025-12-12 07:24:35] [generate_cnf] Generating formula bobtuint08neg with K=98
[2025-12-12 07:24:35] [run_formula] Running formula bobtuint08neg with K=98 up to limit 1600
[2025-12-12 07:24:36] [generate_cnf] Generating formula bobtuint08neg with K=99
[2025-12-12 07:24:37] [run_formula] Running formula bobtuint08neg with K=99 up to limit 1600
[2025-12-12 07:24:38] [generate_cnf] Generating formula bobtuint08neg with K=100
[2025-12-12 07:24:39] [run_formula] Running formula bobtuint08neg with K=100 up to limit 1600
[2025-12-12 07:24:40] [generate_cnf] Generating formula bobtuint08neg with K=101
[2025-12-12 07:24:40] [run_formula] Running formula bobtuint08neg with K=101 up to limit 1600
[2025-12-12 07:24:42] [generate_cnf] Generating formula bobtuint08neg with K=102
[2025-12-12 07:24:42] [run_formula] Running formula bobtuint08neg with K=102 up to limit 1600
[2025-12-12 07:24:43] [generate_cnf] Generating formula bobtuint08neg with K=103
[2025-12-12 07:24:44] [run_formula] Running formula bobtuint08neg with K=103 up to limit 1600
[2025-12-12 07:24:45] [generate_cnf] Generating formula bobtuint08neg with K=104
[2025-12-12 07:24:46] [run_formula] Running formula bobtuint08neg with K=104 up to limit 1600
[2025-12-12 07:24:47] [generate_cnf] Generating formula bobtuint08neg with K=105
[2025-12-12 07:24:47] [run_formula] Running formula bobtuint08neg with K=105 up to limit 1600
[2025-12-12 07:24:49] [generate_cnf] Generating formula bobtuint08neg with K=106
[2025-12-12 07:24:49] [run_formula] Running formula bobtuint08neg with K=106 up to limit 1600
[2025-12-12 07:24:51] [generate_cnf] Generating formula bobtuint08neg with K=107
[2025-12-12 07:24:51] [run_formula] Running formula bobtuint08neg with K=107 up to limit 1600
[2025-12-12 07:24:52] [generate_cnf] Generating formula bobtuint08neg with K=108
[2025-12-12 07:24:53] [run_formula] Running formula bobtuint08neg with K=108 up to limit 1600
[2025-12-12 07:24:54] [generate_cnf] Generating formula bobtuint08neg with K=109
[2025-12-12 07:24:55] [run_formula] Running formula bobtuint08neg with K=109 up to limit 1600
[2025-12-12 07:24:56] [generate_cnf] Generating formula bobtuint08neg with K=110
[2025-12-12 07:24:57] [run_formula] Running formula bobtuint08neg with K=110 up to limit 1600
[2025-12-12 07:24:59] [generate_cnf] Generating formula bobtuint08neg with K=111
[2025-12-12 07:24:59] [run_formula] Running formula bobtuint08neg with K=111 up to limit 1600
[2025-12-12 07:25:01] [generate_cnf] Generating formula bobtuint08neg with K=112
[2025-12-12 07:25:01] [run_formula] Running formula bobtuint08neg with K=112 up to limit 1600
[2025-12-12 07:25:03] [generate_cnf] Generating formula bobtuint08neg with K=113
[2025-12-12 07:25:04] [run_formula] Running formula bobtuint08neg with K=113 up to limit 1600
[2025-12-12 07:25:05] [generate_cnf] Generating formula bobtuint08neg with K=114
[2025-12-12 07:25:06] [run_formula] Running formula bobtuint08neg with K=114 up to limit 1600
[2025-12-12 07:25:07] [generate_cnf] Generating formula bobtuint08neg with K=115
[2025-12-12 07:25:08] [run_formula] Running formula bobtuint08neg with K=115 up to limit 1600
[2025-12-12 07:25:09] [generate_cnf] Generating formula bobtuint08neg with K=116
[2025-12-12 07:25:10] [run_formula] Running formula bobtuint08neg with K=116 up to limit 1600
[2025-12-12 07:25:11] [generate_cnf] Generating formula bobtuint08neg with K=117
[2025-12-12 07:25:12] [run_formula] Running formula bobtuint08neg with K=117 up to limit 1600
[2025-12-12 07:25:13] [generate_cnf] Generating formula bobtuint08neg with K=118
[2025-12-12 07:25:14] [run_formula] Running formula bobtuint08neg with K=118 up to limit 1600
[2025-12-12 07:25:15] [generate_cnf] Generating formula bobtuint08neg with K=119
[2025-12-12 07:25:16] [run_formula] Running formula bobtuint08neg with K=119 up to limit 1600
[2025-12-12 07:25:18] [generate_cnf] Generating formula bobtuint08neg with K=120
[2025-12-12 07:25:18] [run_formula] Running formula bobtuint08neg with K=120 up to limit 1600
[2025-12-12 07:25:20] [generate_cnf] Generating formula bobtuint08neg with K=121
[2025-12-12 07:25:21] [run_formula] Running formula bobtuint08neg with K=121 up to limit 1600
[2025-12-12 07:25:22] [generate_cnf] Generating formula bobtuint08neg with K=122
[2025-12-12 07:25:23] [run_formula] Running formula bobtuint08neg with K=122 up to limit 1600
[2025-12-12 07:25:25] [generate_cnf] Generating formula bobtuint08neg with K=123
[2025-12-12 07:25:26] [run_formula] Running formula bobtuint08neg with K=123 up to limit 1600
[2025-12-12 07:25:27] [generate_cnf] Generating formula bobtuint08neg with K=124
[2025-12-12 07:25:28] [run_formula] Running formula bobtuint08neg with K=124 up to limit 1600
[2025-12-12 07:25:30] [generate_cnf] Generating formula bobtuint08neg with K=125
[2025-12-12 07:25:30] [run_formula] Running formula bobtuint08neg with K=125 up to limit 1600
[2025-12-12 07:25:32] [generate_cnf] Generating formula bobtuint08neg with K=126
[2025-12-12 07:25:32] [run_formula] Running formula bobtuint08neg with K=126 up to limit 1600
[2025-12-12 07:25:34] [generate_cnf] Generating formula bobtuint08neg with K=127
[2025-12-12 07:25:35] [run_formula] Running formula bobtuint08neg with K=127 up to limit 1600
[2025-12-12 07:25:36] [generate_cnf] Generating formula bobtuint08neg with K=128
[2025-12-12 07:25:37] [run_formula] Running formula bobtuint08neg with K=128 up to limit 1600
[2025-12-12 07:25:39] [generate_cnf] Generating formula bobtuint08neg with K=129
[2025-12-12 07:25:40] [run_formula] Running formula bobtuint08neg with K=129 up to limit 1600
[2025-12-12 07:25:42] [generate_cnf] Generating formula bobtuint08neg with K=130
[2025-12-12 07:25:42] [run_formula] Running formula bobtuint08neg with K=130 up to limit 1600
[2025-12-12 07:25:44] [generate_cnf] Generating formula bobtuint08neg with K=131
[2025-12-12 07:25:45] [run_formula] Running formula bobtuint08neg with K=131 up to limit 1600
[2025-12-12 07:25:47] [generate_cnf] Generating formula bobtuint08neg with K=132
[2025-12-12 07:25:48] [run_formula] Running formula bobtuint08neg with K=132 up to limit 1600
[2025-12-12 07:25:50] [generate_cnf] Generating formula bobtuint08neg with K=133
[2025-12-12 07:25:51] [run_formula] Running formula bobtuint08neg with K=133 up to limit 1600
[2025-12-12 07:25:53] [generate_cnf] Generating formula bobtuint08neg with K=134
[2025-12-12 07:25:54] [run_formula] Running formula bobtuint08neg with K=134 up to limit 1600
[2025-12-12 07:25:55] [generate_cnf] Generating formula bobtuint08neg with K=135
[2025-12-12 07:25:56] [run_formula] Running formula bobtuint08neg with K=135 up to limit 1600
[2025-12-12 07:25:58] [generate_cnf] Generating formula bobtuint08neg with K=136
[2025-12-12 07:25:59] [run_formula] Running formula bobtuint08neg with K=136 up to limit 1600
[2025-12-12 07:26:01] [generate_cnf] Generating formula bobtuint08neg with K=137
[2025-12-12 07:26:02] [run_formula] Running formula bobtuint08neg with K=137 up to limit 1600
[2025-12-12 07:26:04] [generate_cnf] Generating formula bobtuint08neg with K=138
[2025-12-12 07:26:05] [run_formula] Running formula bobtuint08neg with K=138 up to limit 1600
[2025-12-12 07:26:07] [generate_cnf] Generating formula bobtuint08neg with K=139
[2025-12-12 07:26:08] [run_formula] Running formula bobtuint08neg with K=139 up to limit 1600
[2025-12-12 07:26:10] [generate_cnf] Generating formula bobtuint08neg with K=140
[2025-12-12 07:26:11] [run_formula] Running formula bobtuint08neg with K=140 up to limit 1600
[2025-12-12 07:26:13] [generate_cnf] Generating formula bobtuint08neg with K=141
[2025-12-12 07:26:14] [run_formula] Running formula bobtuint08neg with K=141 up to limit 1600
[2025-12-12 07:26:16] [generate_cnf] Generating formula bobtuint08neg with K=142
[2025-12-12 07:26:17] [run_formula] Running formula bobtuint08neg with K=142 up to limit 1600
[2025-12-12 07:26:19] [generate_cnf] Generating formula bobtuint08neg with K=143
[2025-12-12 07:26:20] [run_formula] Running formula bobtuint08neg with K=143 up to limit 1600
[2025-12-12 07:26:23] [generate_cnf] Generating formula bobtuint08neg with K=144
[2025-12-12 07:26:23] [run_formula] Running formula bobtuint08neg with K=144 up to limit 1600
[2025-12-12 07:26:26] [generate_cnf] Generating formula bobtuint08neg with K=145
[2025-12-12 07:26:27] [run_formula] Running formula bobtuint08neg with K=145 up to limit 1600
[2025-12-12 07:26:29] [generate_cnf] Generating formula bobtuint08neg with K=146
[2025-12-12 07:26:30] [run_formula] Running formula bobtuint08neg with K=146 up to limit 1600
[2025-12-12 07:26:33] [generate_cnf] Generating formula bobtuint08neg with K=147
[2025-12-12 07:26:34] [run_formula] Running formula bobtuint08neg with K=147 up to limit 1600
[2025-12-12 07:26:37] [generate_cnf] Generating formula bobtuint08neg with K=148
[2025-12-12 07:26:37] [run_formula] Running formula bobtuint08neg with K=148 up to limit 1600
[2025-12-12 07:26:40] [generate_cnf] Generating formula bobtuint08neg with K=149
[2025-12-12 07:26:41] [run_formula] Running formula bobtuint08neg with K=149 up to limit 1600
[2025-12-12 07:26:44] [generate_cnf] Generating formula bobtuint08neg with K=150
[2025-12-12 07:26:45] [run_formula] Running formula bobtuint08neg with K=150 up to limit 1600
[2025-12-12 07:26:48] [generate_cnf] Generating formula bobtuint08neg with K=151
[2025-12-12 07:26:49] [run_formula] Running formula bobtuint08neg with K=151 up to limit 1600
[2025-12-12 07:26:51] [generate_cnf] Generating formula bobtuint08neg with K=152
[2025-12-12 07:26:52] [run_formula] Running formula bobtuint08neg with K=152 up to limit 1600
[2025-12-12 07:26:54] [generate_cnf] Generating formula bobtuint08neg with K=153
[2025-12-12 07:26:55] [run_formula] Running formula bobtuint08neg with K=153 up to limit 1600
[2025-12-12 07:26:58] [generate_cnf] Generating formula bobtuint08neg with K=154
[2025-12-12 07:26:59] [run_formula] Running formula bobtuint08neg with K=154 up to limit 1600
[2025-12-12 07:27:02] [generate_cnf] Generating formula bobtuint08neg with K=155
[2025-12-12 07:27:03] [run_formula] Running formula bobtuint08neg with K=155 up to limit 1600
[2025-12-12 07:27:06] [generate_cnf] Generating formula bobtuint08neg with K=156
[2025-12-12 07:27:07] [run_formula] Running formula bobtuint08neg with K=156 up to limit 1600
[2025-12-12 07:27:09] [generate_cnf] Generating formula bobtuint08neg with K=157
[2025-12-12 07:27:10] [run_formula] Running formula bobtuint08neg with K=157 up to limit 1600
[2025-12-12 07:27:13] [generate_cnf] Generating formula bobtuint08neg with K=158
[2025-12-12 07:27:14] [run_formula] Running formula bobtuint08neg with K=158 up to limit 1600
[2025-12-12 07:27:16] [generate_cnf] Generating formula bobtuint08neg with K=159
[2025-12-12 07:27:17] [run_formula] Running formula bobtuint08neg with K=159 up to limit 1600
[2025-12-12 07:27:20] [generate_cnf] Generating formula bobtuint08neg with K=160
[2025-12-12 07:27:21] [run_formula] Running formula bobtuint08neg with K=160 up to limit 1600
[2025-12-12 07:27:24] [generate_cnf] Generating formula bobtuint08neg with K=161
[2025-12-12 07:27:25] [run_formula] Running formula bobtuint08neg with K=161 up to limit 1600
[2025-12-12 07:27:28] [generate_cnf] Generating formula bobtuint08neg with K=162
[2025-12-12 07:27:28] [run_formula] Running formula bobtuint08neg with K=162 up to limit 1600
[2025-12-12 07:27:32] [generate_cnf] Generating formula bobtuint08neg with K=163
[2025-12-12 07:27:33] [run_formula] Running formula bobtuint08neg with K=163 up to limit 1600
[2025-12-12 07:27:37] [generate_cnf] Generating formula bobtuint08neg with K=164
[2025-12-12 07:27:37] [run_formula] Running formula bobtuint08neg with K=164 up to limit 1600
[2025-12-12 07:27:41] [generate_cnf] Generating formula bobtuint08neg with K=165
[2025-12-12 07:27:42] [run_formula] Running formula bobtuint08neg with K=165 up to limit 1600
[2025-12-12 07:27:47] [generate_cnf] Generating formula bobtuint08neg with K=166
[2025-12-12 07:27:48] [run_formula] Running formula bobtuint08neg with K=166 up to limit 1600
[2025-12-12 07:27:51] [generate_cnf] Generating formula bobtuint08neg with K=167
[2025-12-12 07:27:52] [run_formula] Running formula bobtuint08neg with K=167 up to limit 1600
[2025-12-12 07:27:56] [generate_cnf] Generating formula bobtuint08neg with K=168
[2025-12-12 07:27:56] [run_formula] Running formula bobtuint08neg with K=168 up to limit 1600
[2025-12-12 07:28:00] [generate_cnf] Generating formula bobtuint08neg with K=169
[2025-12-12 07:28:01] [run_formula] Running formula bobtuint08neg with K=169 up to limit 1600
[2025-12-12 07:28:06] [generate_cnf] Generating formula bobtuint08neg with K=170
[2025-12-12 07:28:06] [run_formula] Running formula bobtuint08neg with K=170 up to limit 1600
[2025-12-12 07:28:10] [generate_cnf] Generating formula bobtuint08neg with K=171
[2025-12-12 07:28:11] [run_formula] Running formula bobtuint08neg with K=171 up to limit 1600
[2025-12-12 07:28:15] [generate_cnf] Generating formula bobtuint08neg with K=172
[2025-12-12 07:28:16] [run_formula] Running formula bobtuint08neg with K=172 up to limit 1600
[2025-12-12 07:28:21] [generate_cnf] Generating formula bobtuint08neg with K=173
[2025-12-12 07:28:22] [run_formula] Running formula bobtuint08neg with K=173 up to limit 1600
[2025-12-12 07:28:25] [generate_cnf] Generating formula bobtuint08neg with K=174
[2025-12-12 07:28:26] [run_formula] Running formula bobtuint08neg with K=174 up to limit 1600
[2025-12-12 07:28:30] [generate_cnf] Generating formula bobtuint08neg with K=175
[2025-12-12 07:28:31] [run_formula] Running formula bobtuint08neg with K=175 up to limit 1600
[2025-12-12 07:28:35] [generate_cnf] Generating formula bobtuint08neg with K=176
[2025-12-12 07:28:36] [run_formula] Running formula bobtuint08neg with K=176 up to limit 1600
[2025-12-12 07:28:40] [generate_cnf] Generating formula bobtuint08neg with K=177
[2025-12-12 07:28:41] [run_formula] Running formula bobtuint08neg with K=177 up to limit 1600
[2025-12-12 07:28:45] [generate_cnf] Generating formula bobtuint08neg with K=178
[2025-12-12 07:28:46] [run_formula] Running formula bobtuint08neg with K=178 up to limit 1600
[2025-12-12 07:28:50] [generate_cnf] Generating formula bobtuint08neg with K=179
[2025-12-12 07:28:51] [run_formula] Running formula bobtuint08neg with K=179 up to limit 1600
[2025-12-12 07:28:55] [generate_cnf] Generating formula bobtuint08neg with K=180
[2025-12-12 07:28:56] [run_formula] Running formula bobtuint08neg with K=180 up to limit 1600
[2025-12-12 07:29:00] [generate_cnf] Generating formula bobtuint08neg with K=181
[2025-12-12 07:29:01] [run_formula] Running formula bobtuint08neg with K=181 up to limit 1600
[2025-12-12 07:29:05] [generate_cnf] Generating formula bobtuint08neg with K=182
[2025-12-12 07:29:06] [run_formula] Running formula bobtuint08neg with K=182 up to limit 1600
[2025-12-12 07:29:11] [generate_cnf] Generating formula bobtuint08neg with K=183
[2025-12-12 07:29:12] [run_formula] Running formula bobtuint08neg with K=183 up to limit 1600
[2025-12-12 07:29:16] [generate_cnf] Generating formula bobtuint08neg with K=184
[2025-12-12 07:29:17] [run_formula] Running formula bobtuint08neg with K=184 up to limit 1600
[2025-12-12 07:29:21] [generate_cnf] Generating formula bobtuint08neg with K=185
[2025-12-12 07:29:22] [run_formula] Running formula bobtuint08neg with K=185 up to limit 1600
[2025-12-12 07:29:27] [generate_cnf] Generating formula bobtuint08neg with K=186
[2025-12-12 07:29:28] [run_formula] Running formula bobtuint08neg with K=186 up to limit 1600
[2025-12-12 07:29:32] [generate_cnf] Generating formula bobtuint08neg with K=187
[2025-12-12 07:29:33] [run_formula] Running formula bobtuint08neg with K=187 up to limit 1600
[2025-12-12 07:29:38] [generate_cnf] Generating formula bobtuint08neg with K=188
[2025-12-12 07:29:39] [run_formula] Running formula bobtuint08neg with K=188 up to limit 1600
[2025-12-12 07:29:43] [generate_cnf] Generating formula bobtuint08neg with K=189
[2025-12-12 07:29:44] [run_formula] Running formula bobtuint08neg with K=189 up to limit 1600
[2025-12-12 07:29:48] [generate_cnf] Generating formula bobtuint08neg with K=190
[2025-12-12 07:29:49] [run_formula] Running formula bobtuint08neg with K=190 up to limit 1600
[2025-12-12 07:29:54] [generate_cnf] Generating formula bobtuint08neg with K=191
[2025-12-12 07:29:55] [run_formula] Running formula bobtuint08neg with K=191 up to limit 1600
[2025-12-12 07:30:00] [generate_cnf] Generating formula bobtuint08neg with K=192
[2025-12-12 07:30:00] [run_formula] Running formula bobtuint08neg with K=192 up to limit 1600
[2025-12-12 07:30:05] [generate_cnf] Generating formula bobtuint08neg with K=193
[2025-12-12 07:30:06] [run_formula] Running formula bobtuint08neg with K=193 up to limit 1600
[2025-12-12 07:30:11] [generate_cnf] Generating formula bobtuint08neg with K=194
[2025-12-12 07:30:12] [run_formula] Running formula bobtuint08neg with K=194 up to limit 1600
[2025-12-12 07:30:17] [generate_cnf] Generating formula bobtuint08neg with K=195
[2025-12-12 07:30:18] [run_formula] Running formula bobtuint08neg with K=195 up to limit 1600
[2025-12-12 07:30:24] [generate_cnf] Generating formula bobtuint08neg with K=196
[2025-12-12 07:30:25] [run_formula] Running formula bobtuint08neg with K=196 up to limit 1600
[2025-12-12 07:30:30] [generate_cnf] Generating formula bobtuint08neg with K=197
[2025-12-12 07:30:31] [run_formula] Running formula bobtuint08neg with K=197 up to limit 1600
[2025-12-12 07:30:36] [generate_cnf] Generating formula bobtuint08neg with K=198
[2025-12-12 07:30:37] [run_formula] Running formula bobtuint08neg with K=198 up to limit 1600
[2025-12-12 07:30:43] [generate_cnf] Generating formula bobtuint08neg with K=199
[2025-12-12 07:30:44] [run_formula] Running formula bobtuint08neg with K=199 up to limit 1600
[2025-12-12 07:30:50] [generate_cnf] Generating formula bobtuint08neg with K=200
[2025-12-12 07:30:51] [run_formula] Running formula bobtuint08neg with K=200 up to limit 1600
[2025-12-12 07:30:55] [generate_cnf] Generating formula bobtuint08neg with K=201
[2025-12-12 07:30:56] [run_formula] Running formula bobtuint08neg with K=201 up to limit 1600
[2025-12-12 07:31:02] [generate_cnf] Generating formula bobtuint08neg with K=202
[2025-12-12 07:31:03] [run_formula] Running formula bobtuint08neg with K=202 up to limit 1600
[2025-12-12 07:31:08] [generate_cnf] Generating formula bobtuint08neg with K=203
[2025-12-12 07:31:09] [run_formula] Running formula bobtuint08neg with K=203 up to limit 1600
[2025-12-12 07:31:14] [generate_cnf] Generating formula bobtuint08neg with K=204
[2025-12-12 07:31:15] [run_formula] Running formula bobtuint08neg with K=204 up to limit 1600
[2025-12-12 07:31:21] [generate_cnf] Generating formula bobtuint08neg with K=205
[2025-12-12 07:31:22] [run_formula] Running formula bobtuint08neg with K=205 up to limit 1600
[2025-12-12 07:31:28] [generate_cnf] Generating formula bobtuint08neg with K=206
[2025-12-12 07:31:29] [run_formula] Running formula bobtuint08neg with K=206 up to limit 1600
[2025-12-12 07:31:35] [generate_cnf] Generating formula bobtuint08neg with K=207
[2025-12-12 07:31:36] [run_formula] Running formula bobtuint08neg with K=207 up to limit 1600
[2025-12-12 07:31:42] [generate_cnf] Generating formula bobtuint08neg with K=208
[2025-12-12 07:31:43] [run_formula] Running formula bobtuint08neg with K=208 up to limit 1600
[2025-12-12 07:31:49] [generate_cnf] Generating formula bobtuint08neg with K=209
[2025-12-12 07:31:50] [run_formula] Running formula bobtuint08neg with K=209 up to limit 1600
[2025-12-12 07:31:58] [generate_cnf] Generating formula bobtuint08neg with K=210
[2025-12-12 07:31:59] [run_formula] Running formula bobtuint08neg with K=210 up to limit 1600
[2025-12-12 07:32:05] [generate_cnf] Generating formula bobtuint08neg with K=211
[2025-12-12 07:32:06] [run_formula] Running formula bobtuint08neg with K=211 up to limit 1600
[2025-12-12 07:32:12] [generate_cnf] Generating formula bobtuint08neg with K=212
[2025-12-12 07:32:13] [run_formula] Running formula bobtuint08neg with K=212 up to limit 1600
[2025-12-12 07:32:19] [generate_cnf] Generating formula bobtuint08neg with K=213
[2025-12-12 07:32:20] [run_formula] Running formula bobtuint08neg with K=213 up to limit 1600
[2025-12-12 07:32:27] [generate_cnf] Generating formula bobtuint08neg with K=214
[2025-12-12 07:32:28] [run_formula] Running formula bobtuint08neg with K=214 up to limit 1600
[2025-12-12 07:32:34] [generate_cnf] Generating formula bobtuint08neg with K=215
[2025-12-12 07:32:35] [run_formula] Running formula bobtuint08neg with K=215 up to limit 1600
[2025-12-12 07:32:42] [generate_cnf] Generating formula bobtuint08neg with K=216
[2025-12-12 07:32:43] [run_formula] Running formula bobtuint08neg with K=216 up to limit 1600
[2025-12-12 07:32:49] [generate_cnf] Generating formula bobtuint08neg with K=217
[2025-12-12 07:32:50] [run_formula] Running formula bobtuint08neg with K=217 up to limit 1600
[2025-12-12 07:32:57] [generate_cnf] Generating formula bobtuint08neg with K=218
[2025-12-12 07:32:58] [run_formula] Running formula bobtuint08neg with K=218 up to limit 1600
[2025-12-12 07:33:04] [generate_cnf] Generating formula bobtuint08neg with K=219
[2025-12-12 07:33:05] [run_formula] Running formula bobtuint08neg with K=219 up to limit 1600
[2025-12-12 07:33:12] [generate_cnf] Generating formula bobtuint08neg with K=220
[2025-12-12 07:33:14] [run_formula] Running formula bobtuint08neg with K=220 up to limit 1600
[2025-12-12 07:33:20] [generate_cnf] Generating formula bobtuint08neg with K=221
[2025-12-12 07:33:22] [run_formula] Running formula bobtuint08neg with K=221 up to limit 1600
[2025-12-12 07:33:28] [generate_cnf] Generating formula bobtuint08neg with K=222
[2025-12-12 07:33:29] [run_formula] Running formula bobtuint08neg with K=222 up to limit 1600
[2025-12-12 07:33:36] [generate_cnf] Generating formula bobtuint08neg with K=223
[2025-12-12 07:33:37] [run_formula] Running formula bobtuint08neg with K=223 up to limit 1600
[2025-12-12 07:33:44] [generate_cnf] Generating formula bobtuint08neg with K=224
[2025-12-12 07:33:45] [run_formula] Running formula bobtuint08neg with K=224 up to limit 1600
[2025-12-12 07:33:51] [generate_cnf] Generating formula bobtuint08neg with K=225
[2025-12-12 07:33:52] [run_formula] Running formula bobtuint08neg with K=225 up to limit 1600
[2025-12-12 07:34:00] [generate_cnf] Generating formula bobtuint08neg with K=226
[2025-12-12 07:34:01] [run_formula] Running formula bobtuint08neg with K=226 up to limit 1600
[2025-12-12 07:34:09] [generate_cnf] Generating formula bobtuint08neg with K=227
[2025-12-12 07:34:10] [run_formula] Running formula bobtuint08neg with K=227 up to limit 1600
[2025-12-12 07:34:17] [generate_cnf] Generating formula bobtuint08neg with K=228
[2025-12-12 07:34:19] [run_formula] Running formula bobtuint08neg with K=228 up to limit 1600
[2025-12-12 07:34:24] [generate_cnf] Generating formula bobtuint08neg with K=229
[2025-12-12 07:34:26] [run_formula] Running formula bobtuint08neg with K=229 up to limit 1600
[2025-12-12 07:34:34] [generate_cnf] Generating formula bobtuint08neg with K=230
[2025-12-12 07:34:35] [run_formula] Running formula bobtuint08neg with K=230 up to limit 1600
[2025-12-12 07:34:44] [generate_cnf] Generating formula bobtuint08neg with K=231
[2025-12-12 07:34:45] [run_formula] Running formula bobtuint08neg with K=231 up to limit 1600
[2025-12-12 07:34:54] [generate_cnf] Generating formula bobtuint08neg with K=232
[2025-12-12 07:34:55] [run_formula] Running formula bobtuint08neg with K=232 up to limit 1600
[2025-12-12 07:35:02] [generate_cnf] Generating formula bobtuint08neg with K=233
[2025-12-12 07:35:03] [run_formula] Running formula bobtuint08neg with K=233 up to limit 1600
[2025-12-12 07:35:10] [generate_cnf] Generating formula bobtuint08neg with K=234
[2025-12-12 07:35:11] [run_formula] Running formula bobtuint08neg with K=234 up to limit 1600
[2025-12-12 07:35:18] [generate_cnf] Generating formula bobtuint08neg with K=235
[2025-12-12 07:35:19] [run_formula] Running formula bobtuint08neg with K=235 up to limit 1600
[2025-12-12 07:35:28] [generate_cnf] Generating formula bobtuint08neg with K=236
[2025-12-12 07:35:29] [run_formula] Running formula bobtuint08neg with K=236 up to limit 1600
[2025-12-12 07:35:36] [generate_cnf] Generating formula bobtuint08neg with K=237
[2025-12-12 07:35:37] [run_formula] Running formula bobtuint08neg with K=237 up to limit 1600
[2025-12-12 07:35:46] [generate_cnf] Generating formula bobtuint08neg with K=238
[2025-12-12 07:35:47] [run_formula] Running formula bobtuint08neg with K=238 up to limit 1600
[2025-12-12 07:35:55] [generate_cnf] Generating formula bobtuint08neg with K=239
[2025-12-12 07:35:56] [run_formula] Running formula bobtuint08neg with K=239 up to limit 1600
[2025-12-12 07:36:03] [generate_cnf] Generating formula bobtuint08neg with K=240
[2025-12-12 07:36:04] [run_formula] Running formula bobtuint08neg with K=240 up to limit 1600
[2025-12-12 07:36:12] [generate_cnf] Generating formula bobtuint08neg with K=241
[2025-12-12 07:36:13] [run_formula] Running formula bobtuint08neg with K=241 up to limit 1600
[2025-12-12 07:36:21] [generate_cnf] Generating formula bobtuint08neg with K=242
[2025-12-12 07:36:22] [run_formula] Running formula bobtuint08neg with K=242 up to limit 1600
[2025-12-12 07:36:30] [generate_cnf] Generating formula bobtuint08neg with K=243
[2025-12-12 07:36:31] [run_formula] Running formula bobtuint08neg with K=243 up to limit 1600
[2025-12-12 07:36:40] [generate_cnf] Generating formula bobtuint08neg with K=244
[2025-12-12 07:36:41] [run_formula] Running formula bobtuint08neg with K=244 up to limit 1600
[2025-12-12 07:36:49] [generate_cnf] Generating formula bobtuint08neg with K=245
[2025-12-12 07:36:50] [run_formula] Running formula bobtuint08neg with K=245 up to limit 1600
[2025-12-12 07:36:59] [generate_cnf] Generating formula bobtuint08neg with K=246
[2025-12-12 07:37:00] [run_formula] Running formula bobtuint08neg with K=246 up to limit 1600
[2025-12-12 07:37:09] [generate_cnf] Generating formula bobtuint08neg with K=247
[2025-12-12 07:37:10] [run_formula] Running formula bobtuint08neg with K=247 up to limit 1600
[2025-12-12 07:37:19] [generate_cnf] Generating formula bobtuint08neg with K=248
[2025-12-12 07:37:20] [run_formula] Running formula bobtuint08neg with K=248 up to limit 1600
[2025-12-12 07:37:29] [generate_cnf] Generating formula bobtuint08neg with K=249
[2025-12-12 07:37:31] [run_formula] Running formula bobtuint08neg with K=249 up to limit 1600
[2025-12-12 07:37:39] [generate_cnf] Generating formula bobtuint08neg with K=250
[2025-12-12 07:37:40] [run_formula] Running formula bobtuint08neg with K=250 up to limit 1600
[2025-12-12 07:37:49] [generate_cnf] Generating formula bobtuint08neg with K=251
[2025-12-12 07:37:50] [run_formula] Running formula bobtuint08neg with K=251 up to limit 1600
[2025-12-12 07:37:59] [generate_cnf] Generating formula bobtuint08neg with K=252
[2025-12-12 07:38:00] [run_formula] Running formula bobtuint08neg with K=252 up to limit 1600
[2025-12-12 07:38:10] [generate_cnf] Generating formula bobtuint08neg with K=253
[2025-12-12 07:38:11] [run_formula] Running formula bobtuint08neg with K=253 up to limit 1600
[2025-12-12 07:38:19] [generate_cnf] Generating formula bobtuint08neg with K=254
[2025-12-12 07:38:20] [run_formula] Running formula bobtuint08neg with K=254 up to limit 1600
[2025-12-12 07:38:29] [generate_cnf] Generating formula bobtuint08neg with K=255
[2025-12-12 07:38:31] [run_formula] Running formula bobtuint08neg with K=255 up to limit 1600
[2025-12-12 07:38:41] [generate_cnf] Generating formula bobtuint08neg with K=256
[2025-12-12 07:38:42] [run_formula] Running formula bobtuint08neg with K=256 up to limit 1600
[2025-12-12 07:38:50] [generate_cnf] Generating formula bobtuint08neg with K=257
[2025-12-12 07:38:52] [run_formula] Running formula bobtuint08neg with K=257 up to limit 1600
[2025-12-12 07:39:02] [generate_cnf] Generating formula bobtuint08neg with K=258
[2025-12-12 07:39:03] [run_formula] Running formula bobtuint08neg with K=258 up to limit 1600
[2025-12-12 07:39:13] [generate_cnf] Generating formula bobtuint08neg with K=259
[2025-12-12 07:39:14] [run_formula] Running formula bobtuint08neg with K=259 up to limit 1600
[2025-12-12 07:39:26] [generate_cnf] Generating formula bobtuint08neg with K=260
[2025-12-12 07:39:27] [run_formula] Running formula bobtuint08neg with K=260 up to limit 1600
[2025-12-12 07:39:37] [generate_cnf] Generating formula bobtuint08neg with K=261
[2025-12-12 07:39:38] [run_formula] Running formula bobtuint08neg with K=261 up to limit 1600
[2025-12-12 07:39:49] [generate_cnf] Generating formula bobtuint08neg with K=262
[2025-12-12 07:39:50] [run_formula] Running formula bobtuint08neg with K=262 up to limit 1600
[2025-12-12 07:39:59] [generate_cnf] Generating formula bobtuint08neg with K=263
[2025-12-12 07:40:01] [run_formula] Running formula bobtuint08neg with K=263 up to limit 1600
[2025-12-12 07:40:12] [generate_cnf] Generating formula bobtuint08neg with K=264
[2025-12-12 07:40:13] [run_formula] Running formula bobtuint08neg with K=264 up to limit 1600
[2025-12-12 07:40:23] [generate_cnf] Generating formula bobtuint08neg with K=265
[2025-12-12 07:40:25] [run_formula] Running formula bobtuint08neg with K=265 up to limit 1600
[2025-12-12 07:40:35] [generate_cnf] Generating formula bobtuint08neg with K=266
[2025-12-12 07:40:37] [run_formula] Running formula bobtuint08neg with K=266 up to limit 1600
[2025-12-12 07:40:47] [generate_cnf] Generating formula bobtuint08neg with K=267
[2025-12-12 07:40:49] [run_formula] Running formula bobtuint08neg with K=267 up to limit 1600
[2025-12-12 07:41:00] [generate_cnf] Generating formula bobtuint08neg with K=268
[2025-12-12 07:41:02] [run_formula] Running formula bobtuint08neg with K=268 up to limit 1600
[2025-12-12 07:41:11] [generate_cnf] Generating formula bobtuint08neg with K=269
[2025-12-12 07:41:13] [run_formula] Running formula bobtuint08neg with K=269 up to limit 1600
[2025-12-12 07:41:21] [generate_cnf] Generating formula bobtuint08neg with K=270
[2025-12-12 07:41:23] [run_formula] Running formula bobtuint08neg with K=270 up to limit 1600
[2025-12-12 07:41:34] [generate_cnf] Generating formula bobtuint08neg with K=271
[2025-12-12 07:41:36] [run_formula] Running formula bobtuint08neg with K=271 up to limit 1600
[2025-12-12 07:41:49] [generate_cnf] Generating formula bobtuint08neg with K=272
[2025-12-12 07:41:50] [run_formula] Running formula bobtuint08neg with K=272 up to limit 1600
[2025-12-12 07:42:01] [generate_cnf] Generating formula bobtuint08neg with K=273
[2025-12-12 07:42:03] [run_formula] Running formula bobtuint08neg with K=273 up to limit 1600
[2025-12-12 07:42:13] [generate_cnf] Generating formula bobtuint08neg with K=274
[2025-12-12 07:42:15] [run_formula] Running formula bobtuint08neg with K=274 up to limit 1600
[2025-12-12 07:42:25] [generate_cnf] Generating formula bobtuint08neg with K=275
[2025-12-12 07:42:26] [run_formula] Running formula bobtuint08neg with K=275 up to limit 1600
[2025-12-12 07:42:37] [generate_cnf] Generating formula bobtuint08neg with K=276
[2025-12-12 07:42:38] [run_formula] Running formula bobtuint08neg with K=276 up to limit 1600
[2025-12-12 07:42:49] [generate_cnf] Generating formula bobtuint08neg with K=277
[2025-12-12 07:42:50] [run_formula] Running formula bobtuint08neg with K=277 up to limit 1600
[2025-12-12 07:43:01] [generate_cnf] Generating formula bobtuint08neg with K=278
[2025-12-12 07:43:02] [run_formula] Running formula bobtuint08neg with K=278 up to limit 1600
[2025-12-12 07:43:14] [generate_cnf] Generating formula bobtuint08neg with K=279
[2025-12-12 07:43:15] [run_formula] Running formula bobtuint08neg with K=279 up to limit 1600
[2025-12-12 07:43:27] [generate_cnf] Generating formula bobtuint08neg with K=280
[2025-12-12 07:43:29] [run_formula] Running formula bobtuint08neg with K=280 up to limit 1600
[2025-12-12 07:43:40] [generate_cnf] Generating formula bobtuint08neg with K=281
[2025-12-12 07:43:42] [run_formula] Running formula bobtuint08neg with K=281 up to limit 1600
[2025-12-12 07:43:51] [generate_cnf] Generating formula bobtuint08neg with K=282
[2025-12-12 07:43:52] [run_formula] Running formula bobtuint08neg with K=282 up to limit 1600
[2025-12-12 07:44:02] [generate_cnf] Generating formula bobtuint08neg with K=283
[2025-12-12 07:44:04] [run_formula] Running formula bobtuint08neg with K=283 up to limit 1600
[2025-12-12 07:44:18] [generate_cnf] Generating formula bobtuint08neg with K=284
[2025-12-12 07:44:19] [run_formula] Running formula bobtuint08neg with K=284 up to limit 1600
[2025-12-12 07:44:30] [generate_cnf] Generating formula bobtuint08neg with K=285
[2025-12-12 07:44:32] [run_formula] Running formula bobtuint08neg with K=285 up to limit 1600
[2025-12-12 07:44:42] [generate_cnf] Generating formula bobtuint08neg with K=286
[2025-12-12 07:44:43] [run_formula] Running formula bobtuint08neg with K=286 up to limit 1600
[2025-12-12 07:44:55] [generate_cnf] Generating formula bobtuint08neg with K=287
[2025-12-12 07:44:56] [run_formula] Running formula bobtuint08neg with K=287 up to limit 1600
[2025-12-12 07:45:07] [generate_cnf] Generating formula bobtuint08neg with K=288
[2025-12-12 07:45:09] [run_formula] Running formula bobtuint08neg with K=288 up to limit 1600
[2025-12-12 07:45:21] [generate_cnf] Generating formula bobtuint08neg with K=289
[2025-12-12 07:45:23] [run_formula] Running formula bobtuint08neg with K=289 up to limit 1600
[2025-12-12 07:45:33] [generate_cnf] Generating formula bobtuint08neg with K=290
[2025-12-12 07:45:35] [run_formula] Running formula bobtuint08neg with K=290 up to limit 1600
[2025-12-12 07:45:47] [generate_cnf] Generating formula bobtuint08neg with K=291
[2025-12-12 07:45:49] [run_formula] Running formula bobtuint08neg with K=291 up to limit 1600
[2025-12-12 07:45:59] [generate_cnf] Generating formula bobtuint08neg with K=292
[2025-12-12 07:46:01] [run_formula] Running formula bobtuint08neg with K=292 up to limit 1600
[2025-12-12 07:46:12] [generate_cnf] Generating formula bobtuint08neg with K=293
[2025-12-12 07:46:13] [run_formula] Running formula bobtuint08neg with K=293 up to limit 1600
[2025-12-12 07:46:25] [generate_cnf] Generating formula bobtuint08neg with K=294
[2025-12-12 07:46:26] [run_formula] Running formula bobtuint08neg with K=294 up to limit 1600
[2025-12-12 07:46:39] [generate_cnf] Generating formula bobtuint08neg with K=295
[2025-12-12 07:46:40] [run_formula] Running formula bobtuint08neg with K=295 up to limit 1600
[2025-12-12 07:46:52] [generate_cnf] Generating formula bobtuint08neg with K=296
[2025-12-12 07:46:53] [run_formula] Running formula bobtuint08neg with K=296 up to limit 1600
[2025-12-12 07:47:05] [generate_cnf] Generating formula bobtuint08neg with K=297
[2025-12-12 07:47:07] [run_formula] Running formula bobtuint08neg with K=297 up to limit 1600
[2025-12-12 07:47:18] [generate_cnf] Generating formula bobtuint08neg with K=298
[2025-12-12 07:47:19] [run_formula] Running formula bobtuint08neg with K=298 up to limit 1600
[2025-12-12 07:47:32] [generate_cnf] Generating formula bobtuint08neg with K=299
[2025-12-12 07:47:33] [run_formula] Running formula bobtuint08neg with K=299 up to limit 1600
[2025-12-12 07:47:45] [generate_cnf] Generating formula bobtuint08neg with K=300
[2025-12-12 07:47:47] [run_formula] Running formula bobtuint08neg with K=300 up to limit 1600
[2025-12-12 07:47:58] [generate_cnf] Generating formula bobtuint08neg with K=301
[2025-12-12 07:47:59] [run_formula] Running formula bobtuint08neg with K=301 up to limit 1600
[2025-12-12 07:48:12] [generate_cnf] Generating formula bobtuint08neg with K=302
[2025-12-12 07:48:14] [run_formula] Running formula bobtuint08neg with K=302 up to limit 1600
[2025-12-12 07:48:29] [generate_cnf] Generating formula bobtuint08neg with K=303
[2025-12-12 07:48:30] [run_formula] Running formula bobtuint08neg with K=303 up to limit 1600
[2025-12-12 07:48:43] [generate_cnf] Generating formula bobtuint08neg with K=304
[2025-12-12 07:48:45] [run_formula] Running formula bobtuint08neg with K=304 up to limit 1600
[2025-12-12 07:48:57] [generate_cnf] Generating formula bobtuint08neg with K=305
[2025-12-12 07:48:58] [run_formula] Running formula bobtuint08neg with K=305 up to limit 1600
[2025-12-12 07:49:10] [generate_cnf] Generating formula bobtuint08neg with K=306
[2025-12-12 07:49:12] [run_formula] Running formula bobtuint08neg with K=306 up to limit 1600
[2025-12-12 07:49:25] [generate_cnf] Generating formula bobtuint08neg with K=307
[2025-12-12 07:49:26] [run_formula] Running formula bobtuint08neg with K=307 up to limit 1600
[2025-12-12 07:49:40] [generate_cnf] Generating formula bobtuint08neg with K=308
[2025-12-12 07:49:41] [run_formula] Running formula bobtuint08neg with K=308 up to limit 1600
[2025-12-12 07:49:54] [generate_cnf] Generating formula bobtuint08neg with K=309
[2025-12-12 07:49:56] [run_formula] Running formula bobtuint08neg with K=309 up to limit 1600
[2025-12-12 07:50:09] [generate_cnf] Generating formula bobtuint08neg with K=310
[2025-12-12 07:50:11] [run_formula] Running formula bobtuint08neg with K=310 up to limit 1600
[2025-12-12 07:50:27] [generate_cnf] Generating formula bobtuint08neg with K=311
[2025-12-12 07:50:29] [run_formula] Running formula bobtuint08neg with K=311 up to limit 1600
[2025-12-12 07:50:42] [generate_cnf] Generating formula bobtuint08neg with K=312
[2025-12-12 07:50:43] [run_formula] Running formula bobtuint08neg with K=312 up to limit 1600
[2025-12-12 07:50:59] [generate_cnf] Generating formula bobtuint08neg with K=313
[2025-12-12 07:51:00] [run_formula] Running formula bobtuint08neg with K=313 up to limit 1600
[2025-12-12 07:51:17] [generate_cnf] Generating formula bobtuint08neg with K=314
[2025-12-12 07:51:19] [run_formula] Running formula bobtuint08neg with K=314 up to limit 1600
[2025-12-12 07:51:36] [generate_cnf] Generating formula bobtuint08neg with K=315
[2025-12-12 07:51:38] [run_formula] Running formula bobtuint08neg with K=315 up to limit 1600
[2025-12-12 07:51:52] [generate_cnf] Generating formula bobtuint08neg with K=316
[2025-12-12 07:51:54] [run_formula] Running formula bobtuint08neg with K=316 up to limit 1600
[2025-12-12 07:52:09] [generate_cnf] Generating formula bobtuint08neg with K=317
[2025-12-12 07:52:10] [run_formula] Running formula bobtuint08neg with K=317 up to limit 1600
[2025-12-12 07:52:25] [generate_cnf] Generating formula bobtuint08neg with K=318
[2025-12-12 07:52:27] [run_formula] Running formula bobtuint08neg with K=318 up to limit 1600
[2025-12-12 07:52:43] [generate_cnf] Generating formula bobtuint08neg with K=319
[2025-12-12 07:52:44] [run_formula] Running formula bobtuint08neg with K=319 up to limit 1600
[2025-12-12 07:53:01] [generate_cnf] Generating formula bobtuint08neg with K=320
[2025-12-12 07:53:02] [run_formula] Running formula bobtuint08neg with K=320 up to limit 1600
[2025-12-12 07:53:20] [generate_cnf] Generating formula bobtuint08neg with K=321
[2025-12-12 07:53:21] [run_formula] Running formula bobtuint08neg with K=321 up to limit 1600
[2025-12-12 07:53:40] [generate_cnf] Generating formula bobtuint08neg with K=322
[2025-12-12 07:53:42] [run_formula] Running formula bobtuint08neg with K=322 up to limit 1600
[2025-12-12 07:54:00] [generate_cnf] Generating formula bobtuint08neg with K=323
[2025-12-12 07:54:02] [run_formula] Running formula bobtuint08neg with K=323 up to limit 1600
[2025-12-12 07:54:20] [generate_cnf] Generating formula bobtuint08neg with K=324
[2025-12-12 07:54:22] [run_formula] Running formula bobtuint08neg with K=324 up to limit 1600
[2025-12-12 07:54:41] [generate_cnf] Generating formula bobtuint08neg with K=325
[2025-12-12 07:54:42] [run_formula] Running formula bobtuint08neg with K=325 up to limit 1600
[2025-12-12 07:54:59] [generate_cnf] Generating formula bobtuint08neg with K=326
[2025-12-12 07:55:01] [run_formula] Running formula bobtuint08neg with K=326 up to limit 1600
[2025-12-12 07:55:17] [generate_cnf] Generating formula bobtuint08neg with K=327
[2025-12-12 07:55:18] [run_formula] Running formula bobtuint08neg with K=327 up to limit 1600
[2025-12-12 07:55:37] [generate_cnf] Generating formula bobtuint08neg with K=328
[2025-12-12 07:55:39] [run_formula] Running formula bobtuint08neg with K=328 up to limit 1600
[2025-12-12 07:55:55] [generate_cnf] Generating formula bobtuint08neg with K=329
[2025-12-12 07:55:57] [run_formula] Running formula bobtuint08neg with K=329 up to limit 1600
[2025-12-12 07:56:16] [generate_cnf] Generating formula bobtuint08neg with K=330
[2025-12-12 07:56:17] [run_formula] Running formula bobtuint08neg with K=330 up to limit 1600
[2025-12-12 07:56:35] [generate_cnf] Generating formula bobtuint08neg with K=331
[2025-12-12 07:56:37] [run_formula] Running formula bobtuint08neg with K=331 up to limit 1600
[2025-12-12 07:56:55] [generate_cnf] Generating formula bobtuint08neg with K=332
[2025-12-12 07:56:57] [run_formula] Running formula bobtuint08neg with K=332 up to limit 1600
[2025-12-12 07:57:15] [generate_cnf] Generating formula bobtuint08neg with K=333
[2025-12-12 07:57:17] [run_formula] Running formula bobtuint08neg with K=333 up to limit 1600
[2025-12-12 07:57:33] [generate_cnf] Generating formula bobtuint08neg with K=334
[2025-12-12 07:57:35] [run_formula] Running formula bobtuint08neg with K=334 up to limit 1600
[2025-12-12 07:57:53] [generate_cnf] Generating formula bobtuint08neg with K=335
[2025-12-12 07:57:54] [run_formula] Running formula bobtuint08neg with K=335 up to limit 1600
[2025-12-12 07:58:11] [generate_cnf] Generating formula bobtuint08neg with K=336
[2025-12-12 07:58:12] [run_formula] Running formula bobtuint08neg with K=336 up to limit 1600
[2025-12-12 07:58:29] [generate_cnf] Generating formula bobtuint08neg with K=337
[2025-12-12 07:58:30] [run_formula] Running formula bobtuint08neg with K=337 up to limit 1600
[2025-12-12 07:58:49] [generate_cnf] Generating formula bobtuint08neg with K=338
[2025-12-12 07:58:50] [run_formula] Running formula bobtuint08neg with K=338 up to limit 1600
[2025-12-12 07:59:09] [generate_cnf] Generating formula bobtuint08neg with K=339
[2025-12-12 07:59:11] [run_formula] Running formula bobtuint08neg with K=339 up to limit 1600
[2025-12-12 07:59:29] [generate_cnf] Generating formula bobtuint08neg with K=340
[2025-12-12 07:59:31] [run_formula] Running formula bobtuint08neg with K=340 up to limit 1600
[2025-12-12 07:59:50] [generate_cnf] Generating formula bobtuint08neg with K=341
[2025-12-12 07:59:51] [run_formula] Running formula bobtuint08neg with K=341 up to limit 1600
[2025-12-12 08:00:09] [generate_cnf] Generating formula bobtuint08neg with K=342
[2025-12-12 08:00:11] [run_formula] Running formula bobtuint08neg with K=342 up to limit 1600
[2025-12-12 08:00:28] [generate_cnf] Generating formula bobtuint08neg with K=343
[2025-12-12 08:00:30] [run_formula] Running formula bobtuint08neg with K=343 up to limit 1600
[2025-12-12 08:00:47] [generate_cnf] Generating formula bobtuint08neg with K=344
[2025-12-12 08:00:49] [run_formula] Running formula bobtuint08neg with K=344 up to limit 1600
[2025-12-12 08:01:10] [generate_cnf] Generating formula bobtuint08neg with K=345
[2025-12-12 08:01:12] [run_formula] Running formula bobtuint08neg with K=345 up to limit 1600
[2025-12-12 08:01:32] [generate_cnf] Generating formula bobtuint08neg with K=346
[2025-12-12 08:01:33] [run_formula] Running formula bobtuint08neg with K=346 up to limit 1600
[2025-12-12 08:01:58] [generate_cnf] Generating formula bobtuint08neg with K=347
[2025-12-12 08:02:00] [run_formula] Running formula bobtuint08neg with K=347 up to limit 1600
[2025-12-12 08:02:19] [generate_cnf] Generating formula bobtuint08neg with K=348
[2025-12-12 08:02:21] [run_formula] Running formula bobtuint08neg with K=348 up to limit 1600
[2025-12-12 08:02:44] [generate_cnf] Generating formula bobtuint08neg with K=349
[2025-12-12 08:02:46] [run_formula] Running formula bobtuint08neg with K=349 up to limit 1600
[2025-12-12 08:03:05] [generate_cnf] Generating formula bobtuint08neg with K=350
[2025-12-12 08:03:07] [run_formula] Running formula bobtuint08neg with K=350 up to limit 1600
[2025-12-12 08:03:29] [generate_cnf] Generating formula bobtuint08neg with K=351
[2025-12-12 08:03:31] [run_formula] Running formula bobtuint08neg with K=351 up to limit 1600
[2025-12-12 08:03:49] [generate_cnf] Generating formula bobtuint08neg with K=352
[2025-12-12 08:03:51] [run_formula] Running formula bobtuint08neg with K=352 up to limit 1600
[2025-12-12 08:04:14] [generate_cnf] Generating formula bobtuint08neg with K=353
[2025-12-12 08:04:16] [run_formula] Running formula bobtuint08neg with K=353 up to limit 1600
[2025-12-12 08:04:36] [generate_cnf] Generating formula bobtuint08neg with K=354
[2025-12-12 08:04:38] [run_formula] Running formula bobtuint08neg with K=354 up to limit 1600
[2025-12-12 08:04:59] [generate_cnf] Generating formula bobtuint08neg with K=355
[2025-12-12 08:05:01] [run_formula] Running formula bobtuint08neg with K=355 up to limit 1600
[2025-12-12 08:05:21] [generate_cnf] Generating formula bobtuint08neg with K=356
[2025-12-12 08:05:23] [run_formula] Running formula bobtuint08neg with K=356 up to limit 1600
[2025-12-12 08:05:45] [generate_cnf] Generating formula bobtuint08neg with K=357
[2025-12-12 08:05:46] [run_formula] Running formula bobtuint08neg with K=357 up to limit 1600
[2025-12-12 08:06:09] [generate_cnf] Generating formula bobtuint08neg with K=358
[2025-12-12 08:06:11] [run_formula] Running formula bobtuint08neg with K=358 up to limit 1600
[2025-12-12 08:06:29] [generate_cnf] Generating formula bobtuint08neg with K=359
[2025-12-12 08:06:31] [run_formula] Running formula bobtuint08neg with K=359 up to limit 1600
[2025-12-12 08:06:50] [generate_cnf] Generating formula bobtuint08neg with K=360
[2025-12-12 08:06:52] [run_formula] Running formula bobtuint08neg with K=360 up to limit 1600
[2025-12-12 08:07:14] [generate_cnf] Generating formula bobtuint08neg with K=361
[2025-12-12 08:07:16] [run_formula] Running formula bobtuint08neg with K=361 up to limit 1600
[2025-12-12 08:07:39] [generate_cnf] Generating formula bobtuint08neg with K=362
[2025-12-12 08:07:41] [run_formula] Running formula bobtuint08neg with K=362 up to limit 1600
[2025-12-12 08:08:06] [generate_cnf] Generating formula bobtuint08neg with K=363
[2025-12-12 08:08:08] [run_formula] Running formula bobtuint08neg with K=363 up to limit 1600
[2025-12-12 08:08:28] [generate_cnf] Generating formula bobtuint08neg with K=364
[2025-12-12 08:08:30] [run_formula] Running formula bobtuint08neg with K=364 up to limit 1600
[2025-12-12 08:08:50] [generate_cnf] Generating formula bobtuint08neg with K=365
[2025-12-12 08:08:52] [run_formula] Running formula bobtuint08neg with K=365 up to limit 1600
[2025-12-12 08:09:13] [generate_cnf] Generating formula bobtuint08neg with K=366
[2025-12-12 08:09:15] [run_formula] Running formula bobtuint08neg with K=366 up to limit 1600
[2025-12-12 08:09:35] [generate_cnf] Generating formula bobtuint08neg with K=367
[2025-12-12 08:09:37] [run_formula] Running formula bobtuint08neg with K=367 up to limit 1600
[2025-12-12 08:09:56] [generate_cnf] Generating formula bobtuint08neg with K=368
[2025-12-12 08:09:58] [run_formula] Running formula bobtuint08neg with K=368 up to limit 1600
[2025-12-12 08:10:21] [generate_cnf] Generating formula bobtuint08neg with K=369
[2025-12-12 08:10:23] [run_formula] Running formula bobtuint08neg with K=369 up to limit 1600
[2025-12-12 08:10:48] [generate_cnf] Generating formula bobtuint08neg with K=370
[2025-12-12 08:10:50] [run_formula] Running formula bobtuint08neg with K=370 up to limit 1600
[2025-12-12 08:11:08] [generate_cnf] Generating formula bobtuint08neg with K=371
[2025-12-12 08:11:10] [run_formula] Running formula bobtuint08neg with K=371 up to limit 1600
[2025-12-12 08:11:29] [generate_cnf] Generating formula bobtuint08neg with K=372
[2025-12-12 08:11:31] [run_formula] Running formula bobtuint08neg with K=372 up to limit 1600
[2025-12-12 08:11:53] [generate_cnf] Generating formula bobtuint08neg with K=373
[2025-12-12 08:11:56] [run_formula] Running formula bobtuint08neg with K=373 up to limit 1600
[2025-12-12 08:12:18] [generate_cnf] Generating formula bobtuint08neg with K=374
[2025-12-12 08:12:20] [run_formula] Running formula bobtuint08neg with K=374 up to limit 1600
[2025-12-12 08:12:44] [generate_cnf] Generating formula bobtuint08neg with K=375
[2025-12-12 08:12:46] [run_formula] Running formula bobtuint08neg with K=375 up to limit 1600
[2025-12-12 08:13:04] [generate_cnf] Generating formula bobtuint08neg with K=376
[2025-12-12 08:13:06] [run_formula] Running formula bobtuint08neg with K=376 up to limit 1600
[2025-12-12 08:13:25] [generate_cnf] Generating formula bobtuint08neg with K=377
[2025-12-12 08:13:27] [run_formula] Running formula bobtuint08neg with K=377 up to limit 1600
[2025-12-12 08:13:53] [generate_cnf] Generating formula bobtuint08neg with K=378
[2025-12-12 08:13:55] [run_formula] Running formula bobtuint08neg with K=378 up to limit 1600
[2025-12-12 08:14:13] [generate_cnf] Generating formula bobtuint08neg with K=379
[2025-12-12 08:14:15] [run_formula] Running formula bobtuint08neg with K=379 up to limit 1600
[2025-12-12 08:14:39] [generate_cnf] Generating formula bobtuint08neg with K=380
[2025-12-12 08:14:41] [run_formula] Running formula bobtuint08neg with K=380 up to limit 1600
[2025-12-12 08:15:06] [generate_cnf] Generating formula bobtuint08neg with K=381
[2025-12-12 08:15:08] [run_formula] Running formula bobtuint08neg with K=381 up to limit 1600
[2025-12-12 08:15:28] [generate_cnf] Generating formula bobtuint08neg with K=382
[2025-12-12 08:15:29] [run_formula] Running formula bobtuint08neg with K=382 up to limit 1600
[2025-12-12 08:15:48] [generate_cnf] Generating formula bobtuint08neg with K=383
[2025-12-12 08:15:50] [run_formula] Running formula bobtuint08neg with K=383 up to limit 1600
[2025-12-12 08:16:11] [generate_cnf] Generating formula bobtuint08neg with K=384
[2025-12-12 08:16:13] [run_formula] Running formula bobtuint08neg with K=384 up to limit 1600
[2025-12-12 08:16:42] [generate_cnf] Generating formula bobtuint08neg with K=385
[2025-12-12 08:16:44] [run_formula] Running formula bobtuint08neg with K=385 up to limit 1600
[2025-12-12 08:17:07] [generate_cnf] Generating formula bobtuint08neg with K=386
[2025-12-12 08:17:09] [run_formula] Running formula bobtuint08neg with K=386 up to limit 1600
[2025-12-12 08:17:29] [generate_cnf] Generating formula bobtuint08neg with K=387
[2025-12-12 08:17:31] [run_formula] Running formula bobtuint08neg with K=387 up to limit 1600
[2025-12-12 08:17:56] [generate_cnf] Generating formula bobtuint08neg with K=388
[2025-12-12 08:17:58] [run_formula] Running formula bobtuint08neg with K=388 up to limit 1600
[2025-12-12 08:18:29] [generate_cnf] Generating formula bobtuint08neg with K=389
[2025-12-12 08:18:31] [run_formula] Running formula bobtuint08neg with K=389 up to limit 1600
[2025-12-12 08:18:52] [generate_cnf] Generating formula bobtuint08neg with K=390
[2025-12-12 08:18:54] [run_formula] Running formula bobtuint08neg with K=390 up to limit 1600
[2025-12-12 08:19:16] [generate_cnf] Generating formula bobtuint08neg with K=391
[2025-12-12 08:19:18] [run_formula] Running formula bobtuint08neg with K=391 up to limit 1600
[2025-12-12 08:19:46] [generate_cnf] Generating formula bobtuint08neg with K=392
[2025-12-12 08:19:48] [run_formula] Running formula bobtuint08neg with K=392 up to limit 1600
[2025-12-12 08:20:14] [generate_cnf] Generating formula bobtuint08neg with K=393
[2025-12-12 08:20:16] [run_formula] Running formula bobtuint08neg with K=393 up to limit 1600
[2025-12-12 08:20:39] [generate_cnf] Generating formula bobtuint08neg with K=394
[2025-12-12 08:20:41] [run_formula] Running formula bobtuint08neg with K=394 up to limit 1600
[2025-12-12 08:21:02] [generate_cnf] Generating formula bobtuint08neg with K=395
[2025-12-12 08:21:04] [run_formula] Running formula bobtuint08neg with K=395 up to limit 1600
[2025-12-12 08:21:30] [generate_cnf] Generating formula bobtuint08neg with K=396
[2025-12-12 08:21:32] [run_formula] Running formula bobtuint08neg with K=396 up to limit 1600
[2025-12-12 08:21:53] [generate_cnf] Generating formula bobtuint08neg with K=397
[2025-12-12 08:21:54] [run_formula] Running formula bobtuint08neg with K=397 up to limit 1600
[2025-12-12 08:22:19] [generate_cnf] Generating formula bobtuint08neg with K=398
[2025-12-12 08:22:21] [run_formula] Running formula bobtuint08neg with K=398 up to limit 1600
[2025-12-12 08:22:42] [generate_cnf] Generating formula bobtuint08neg with K=399
[2025-12-12 08:22:44] [run_formula] Running formula bobtuint08neg with K=399 up to limit 1600
[2025-12-12 08:23:15] [generate_cnf] Generating formula bobtuint08neg with K=400
[2025-12-12 08:23:17] [run_formula] Running formula bobtuint08neg with K=400 up to limit 1600
[2025-12-12 08:23:45] [generate_cnf] Generating formula bobtuint08neg with K=401
[2025-12-12 08:23:47] [run_formula] Running formula bobtuint08neg with K=401 up to limit 1600
[2025-12-12 08:24:16] [generate_cnf] Generating formula bobtuint08neg with K=402
[2025-12-12 08:24:18] [run_formula] Running formula bobtuint08neg with K=402 up to limit 1600
[2025-12-12 08:24:43] [generate_cnf] Generating formula bobtuint08neg with K=403
[2025-12-12 08:24:45] [run_formula] Running formula bobtuint08neg with K=403 up to limit 1600
[2025-12-12 08:25:04] [generate_cnf] Generating formula bobtuint08neg with K=404
[2025-12-12 08:25:06] [run_formula] Running formula bobtuint08neg with K=404 up to limit 1600
[2025-12-12 08:25:32] [generate_cnf] Generating formula bobtuint08neg with K=405
[2025-12-12 08:25:34] [run_formula] Running formula bobtuint08neg with K=405 up to limit 1600
[2025-12-12 08:25:54] [generate_cnf] Generating formula bobtuint08neg with K=406
[2025-12-12 08:25:56] [run_formula] Running formula bobtuint08neg with K=406 up to limit 1600
[2025-12-12 08:26:20] [generate_cnf] Generating formula bobtuint08neg with K=407
[2025-12-12 08:26:22] [run_formula] Running formula bobtuint08neg with K=407 up to limit 1600
[2025-12-12 08:26:44] [generate_cnf] Generating formula bobtuint08neg with K=408
[2025-12-12 08:26:46] [run_formula] Running formula bobtuint08neg with K=408 up to limit 1600
[2025-12-12 08:27:09] [generate_cnf] Generating formula bobtuint08neg with K=409
[2025-12-12 08:27:11] [run_formula] Running formula bobtuint08neg with K=409 up to limit 1600
[2025-12-12 08:27:35] [generate_cnf] Generating formula bobtuint08neg with K=410
[2025-12-12 08:27:37] [run_formula] Running formula bobtuint08neg with K=410 up to limit 1600
[2025-12-12 08:28:00] [run_formula] Error running formula bobtuint08neg with K=410: [Errno 122] Disk quota exceeded: './results/solving_logs/bobtuint08neg//bobtuint08neg.410.log'
[2025-12-12 08:28:00] [generate_and_run_up_to_limit] Failed to run formula bobtuint08neg with K=410, halting
