CNF written.
CNF written.
CNF written.
CNF written.
CNF written.
CNF written.
CNF written.
CNF written.
CNF written.
CNF written.
CNF written.
CNF written.
CNF written.
CNF written.
CNF written.
CNF written.
CNF written.
CNF written.
CNF written.
CNF written.
CNF written.
CNF written.
CNF written.
CNF written.
CNF written.
CNF written.
CNF written.
CNF written.
CNF written.
CNF written.
CNF written.
CNF written.
CNF written.
CNF written.
CNF written.
CNF written.
CNF written.
CNF written.
CNF written.
CNF written.
CNF written.
CNF written.
CNF written.
CNF written.
CNF written.
CNF written.
CNF written.
CNF written.
CNF written.
CNF written.
CNF written.
CNF written.
CNF written.
CNF written.
CNF written.
CNF written.
CNF written.
CNF written.
CNF written.
CNF written.
CNF written.
CNF written.
CNF written.
CNF written.
CNF written.
CNF written.
CNF written.
CNF written.
CNF written.
CNF written.
CNF written.
CNF written.
CNF written.
CNF written.
CNF written.
CNF written.
CNF written.
CNF written.
CNF written.
CNF written.
CNF written.
CNF written.
CNF written.
CNF written.
CNF written.
CNF written.
CNF written.
CNF written.
CNF written.
CNF written.
CNF written.
CNF written.
CNF written.
CNF written.
CNF written.
CNF written.
CNF written.
CNF written.
CNF written.
CNF written.
CNF written.
CNF written.
CNF written.
CNF written.
CNF written.
CNF written.
CNF written.
CNF written.
CNF written.
CNF written.
CNF written.
CNF written.
CNF written.
CNF written.
CNF written.
CNF written.
CNF written.
CNF written.
CNF written.
CNF written.
CNF written.
CNF written.
CNF written.
CNF written.
CNF written.
CNF written.
CNF written.
CNF written.
CNF written.
CNF written.
CNF written.
CNF written.
CNF written.
CNF written.
CNF written.
CNF written.
CNF written.
CNF written.
CNF written.
CNF written.
CNF written.
CNF written.
CNF written.
CNF written.
CNF written.
CNF written.
CNF written.
CNF written.
CNF written.
CNF written.
CNF written.
CNF written.
CNF written.
CNF written.
CNF written.
CNF written.
CNF written.
CNF written.
CNF written.
CNF written.
CNF written.
CNF written.
CNF written.
CNF written.
CNF written.
CNF written.
CNF written.
CNF written.
CNF written.
CNF written.
CNF written.
CNF written.
CNF written.
CNF written.
CNF written.
CNF written.
CNF written.
CNF written.
CNF written.
CNF written.
CNF written.
CNF written.
CNF written.
CNF written.
CNF written.
CNF written.
CNF written.
CNF written.
CNF written.
CNF written.
CNF written.
CNF written.
CNF written.
CNF written.
CNF written.
CNF written.
CNF written.
CNF written.
CNF written.
CNF written.
CNF written.
CNF written.
CNF written.
CNF written.
CNF written.
CNF written.
CNF written.
CNF written.
CNF written.
CNF written.
CNF written.
CNF written.
CNF written.
CNF written.
CNF written.
CNF written.
CNF written.
CNF written.
CNF written.
CNF written.
CNF written.
CNF written.
CNF written.
CNF written.
CNF written.
CNF written.
CNF written.
CNF written.
CNF written.
CNF written.
CNF written.
CNF written.
CNF written.
CNF written.
CNF written.
CNF written.
CNF written.
CNF written.
CNF written.
CNF written.
CNF written.
CNF written.
CNF written.
CNF written.
CNF written.
CNF written.
CNF written.
CNF written.
CNF written.
CNF written.
CNF written.
CNF written.
CNF written.
CNF written.
CNF written.
CNF written.
CNF written.
CNF written.
CNF written.
CNF written.
CNF written.
CNF written.
[2025-12-12 08:06:59] [generate_and_run_up_to_limit] Generating and running bobunr2p10d40l with K<=500 up to limit 1600
[2025-12-12 08:06:59] [generate_cnf] Generating formula bobunr2p10d40l with K=1
[2025-12-12 08:06:59] [run_formula] Running formula bobunr2p10d40l with K=1 up to limit 1600
[2025-12-12 08:06:59] [generate_cnf] Generating formula bobunr2p10d40l with K=2
[2025-12-12 08:06:59] [run_formula] Running formula bobunr2p10d40l with K=2 up to limit 1600
[2025-12-12 08:06:59] [generate_cnf] Generating formula bobunr2p10d40l with K=3
[2025-12-12 08:06:59] [run_formula] Running formula bobunr2p10d40l with K=3 up to limit 1600
[2025-12-12 08:06:59] [generate_cnf] Generating formula bobunr2p10d40l with K=4
[2025-12-12 08:07:00] [run_formula] Running formula bobunr2p10d40l with K=4 up to limit 1600
[2025-12-12 08:07:00] [generate_cnf] Generating formula bobunr2p10d40l with K=5
[2025-12-12 08:07:00] [run_formula] Running formula bobunr2p10d40l with K=5 up to limit 1600
[2025-12-12 08:07:00] [generate_cnf] Generating formula bobunr2p10d40l with K=6
[2025-12-12 08:07:00] [run_formula] Running formula bobunr2p10d40l with K=6 up to limit 1600
[2025-12-12 08:07:01] [generate_cnf] Generating formula bobunr2p10d40l with K=7
[2025-12-12 08:07:01] [run_formula] Running formula bobunr2p10d40l with K=7 up to limit 1600
[2025-12-12 08:07:01] [generate_cnf] Generating formula bobunr2p10d40l with K=8
[2025-12-12 08:07:01] [run_formula] Running formula bobunr2p10d40l with K=8 up to limit 1600
[2025-12-12 08:07:02] [generate_cnf] Generating formula bobunr2p10d40l with K=9
[2025-12-12 08:07:02] [run_formula] Running formula bobunr2p10d40l with K=9 up to limit 1600
[2025-12-12 08:07:02] [generate_cnf] Generating formula bobunr2p10d40l with K=10
[2025-12-12 08:07:02] [run_formula] Running formula bobunr2p10d40l with K=10 up to limit 1600
[2025-12-12 08:07:03] [generate_cnf] Generating formula bobunr2p10d40l with K=11
[2025-12-12 08:07:03] [run_formula] Running formula bobunr2p10d40l with K=11 up to limit 1600
[2025-12-12 08:07:03] [generate_cnf] Generating formula bobunr2p10d40l with K=12
[2025-12-12 08:07:04] [run_formula] Running formula bobunr2p10d40l with K=12 up to limit 1600
[2025-12-12 08:07:04] [generate_cnf] Generating formula bobunr2p10d40l with K=13
[2025-12-12 08:07:04] [run_formula] Running formula bobunr2p10d40l with K=13 up to limit 1600
[2025-12-12 08:07:05] [generate_cnf] Generating formula bobunr2p10d40l with K=14
[2025-12-12 08:07:05] [run_formula] Running formula bobunr2p10d40l with K=14 up to limit 1600
[2025-12-12 08:07:06] [generate_cnf] Generating formula bobunr2p10d40l with K=15
[2025-12-12 08:07:06] [run_formula] Running formula bobunr2p10d40l with K=15 up to limit 1600
[2025-12-12 08:07:07] [generate_cnf] Generating formula bobunr2p10d40l with K=16
[2025-12-12 08:07:07] [run_formula] Running formula bobunr2p10d40l with K=16 up to limit 1600
[2025-12-12 08:07:07] [generate_cnf] Generating formula bobunr2p10d40l with K=17
[2025-12-12 08:07:08] [run_formula] Running formula bobunr2p10d40l with K=17 up to limit 1600
[2025-12-12 08:07:08] [generate_cnf] Generating formula bobunr2p10d40l with K=18
[2025-12-12 08:07:09] [run_formula] Running formula bobunr2p10d40l with K=18 up to limit 1600
[2025-12-12 08:07:09] [generate_cnf] Generating formula bobunr2p10d40l with K=19
[2025-12-12 08:07:10] [run_formula] Running formula bobunr2p10d40l with K=19 up to limit 1600
[2025-12-12 08:07:10] [generate_cnf] Generating formula bobunr2p10d40l with K=20
[2025-12-12 08:07:11] [run_formula] Running formula bobunr2p10d40l with K=20 up to limit 1600
[2025-12-12 08:07:11] [generate_cnf] Generating formula bobunr2p10d40l with K=21
[2025-12-12 08:07:12] [run_formula] Running formula bobunr2p10d40l with K=21 up to limit 1600
[2025-12-12 08:07:12] [generate_cnf] Generating formula bobunr2p10d40l with K=22
[2025-12-12 08:07:13] [run_formula] Running formula bobunr2p10d40l with K=22 up to limit 1600
[2025-12-12 08:07:13] [generate_cnf] Generating formula bobunr2p10d40l with K=23
[2025-12-12 08:07:14] [run_formula] Running formula bobunr2p10d40l with K=23 up to limit 1600
[2025-12-12 08:07:14] [generate_cnf] Generating formula bobunr2p10d40l with K=24
[2025-12-12 08:07:15] [run_formula] Running formula bobunr2p10d40l with K=24 up to limit 1600
[2025-12-12 08:07:16] [generate_cnf] Generating formula bobunr2p10d40l with K=25
[2025-12-12 08:07:16] [run_formula] Running formula bobunr2p10d40l with K=25 up to limit 1600
[2025-12-12 08:07:17] [generate_cnf] Generating formula bobunr2p10d40l with K=26
[2025-12-12 08:07:17] [run_formula] Running formula bobunr2p10d40l with K=26 up to limit 1600
[2025-12-12 08:07:18] [generate_cnf] Generating formula bobunr2p10d40l with K=27
[2025-12-12 08:07:18] [run_formula] Running formula bobunr2p10d40l with K=27 up to limit 1600
[2025-12-12 08:07:19] [generate_cnf] Generating formula bobunr2p10d40l with K=28
[2025-12-12 08:07:20] [run_formula] Running formula bobunr2p10d40l with K=28 up to limit 1600
[2025-12-12 08:07:20] [generate_cnf] Generating formula bobunr2p10d40l with K=29
[2025-12-12 08:07:21] [run_formula] Running formula bobunr2p10d40l with K=29 up to limit 1600
[2025-12-12 08:07:22] [generate_cnf] Generating formula bobunr2p10d40l with K=30
[2025-12-12 08:07:22] [run_formula] Running formula bobunr2p10d40l with K=30 up to limit 1600
[2025-12-12 08:07:23] [generate_cnf] Generating formula bobunr2p10d40l with K=31
[2025-12-12 08:07:23] [run_formula] Running formula bobunr2p10d40l with K=31 up to limit 1600
[2025-12-12 08:07:24] [generate_cnf] Generating formula bobunr2p10d40l with K=32
[2025-12-12 08:07:25] [run_formula] Running formula bobunr2p10d40l with K=32 up to limit 1600
[2025-12-12 08:07:26] [generate_cnf] Generating formula bobunr2p10d40l with K=33
[2025-12-12 08:07:26] [run_formula] Running formula bobunr2p10d40l with K=33 up to limit 1600
[2025-12-12 08:07:27] [generate_cnf] Generating formula bobunr2p10d40l with K=34
[2025-12-12 08:07:28] [run_formula] Running formula bobunr2p10d40l with K=34 up to limit 1600
[2025-12-12 08:07:29] [generate_cnf] Generating formula bobunr2p10d40l with K=35
[2025-12-12 08:07:30] [run_formula] Running formula bobunr2p10d40l with K=35 up to limit 1600
[2025-12-12 08:07:31] [generate_cnf] Generating formula bobunr2p10d40l with K=36
[2025-12-12 08:07:32] [run_formula] Running formula bobunr2p10d40l with K=36 up to limit 1600
[2025-12-12 08:07:33] [generate_cnf] Generating formula bobunr2p10d40l with K=37
[2025-12-12 08:07:33] [run_formula] Running formula bobunr2p10d40l with K=37 up to limit 1600
[2025-12-12 08:07:34] [generate_cnf] Generating formula bobunr2p10d40l with K=38
[2025-12-12 08:07:35] [run_formula] Running formula bobunr2p10d40l with K=38 up to limit 1600
[2025-12-12 08:07:36] [generate_cnf] Generating formula bobunr2p10d40l with K=39
[2025-12-12 08:07:37] [run_formula] Running formula bobunr2p10d40l with K=39 up to limit 1600
[2025-12-12 08:07:37] [generate_cnf] Generating formula bobunr2p10d40l with K=40
[2025-12-12 08:07:38] [run_formula] Running formula bobunr2p10d40l with K=40 up to limit 1600
[2025-12-12 08:07:39] [generate_cnf] Generating formula bobunr2p10d40l with K=41
[2025-12-12 08:07:40] [run_formula] Running formula bobunr2p10d40l with K=41 up to limit 1600
[2025-12-12 08:07:41] [generate_cnf] Generating formula bobunr2p10d40l with K=42
[2025-12-12 08:07:42] [run_formula] Running formula bobunr2p10d40l with K=42 up to limit 1600
[2025-12-12 08:07:42] [generate_cnf] Generating formula bobunr2p10d40l with K=43
[2025-12-12 08:07:43] [run_formula] Running formula bobunr2p10d40l with K=43 up to limit 1600
[2025-12-12 08:07:44] [generate_cnf] Generating formula bobunr2p10d40l with K=44
[2025-12-12 08:07:45] [run_formula] Running formula bobunr2p10d40l with K=44 up to limit 1600
[2025-12-12 08:07:46] [generate_cnf] Generating formula bobunr2p10d40l with K=45
[2025-12-12 08:07:47] [run_formula] Running formula bobunr2p10d40l with K=45 up to limit 1600
[2025-12-12 08:07:48] [generate_cnf] Generating formula bobunr2p10d40l with K=46
[2025-12-12 08:07:49] [run_formula] Running formula bobunr2p10d40l with K=46 up to limit 1600
[2025-12-12 08:07:50] [generate_cnf] Generating formula bobunr2p10d40l with K=47
[2025-12-12 08:07:51] [run_formula] Running formula bobunr2p10d40l with K=47 up to limit 1600
[2025-12-12 08:07:52] [generate_cnf] Generating formula bobunr2p10d40l with K=48
[2025-12-12 08:07:53] [run_formula] Running formula bobunr2p10d40l with K=48 up to limit 1600
[2025-12-12 08:07:53] [generate_cnf] Generating formula bobunr2p10d40l with K=49
[2025-12-12 08:07:55] [run_formula] Running formula bobunr2p10d40l with K=49 up to limit 1600
[2025-12-12 08:07:55] [generate_cnf] Generating formula bobunr2p10d40l with K=50
[2025-12-12 08:07:56] [run_formula] Running formula bobunr2p10d40l with K=50 up to limit 1600
[2025-12-12 08:07:57] [generate_cnf] Generating formula bobunr2p10d40l with K=51
[2025-12-12 08:07:59] [run_formula] Running formula bobunr2p10d40l with K=51 up to limit 1600
[2025-12-12 08:07:59] [generate_cnf] Generating formula bobunr2p10d40l with K=52
[2025-12-12 08:08:01] [run_formula] Running formula bobunr2p10d40l with K=52 up to limit 1600
[2025-12-12 08:08:02] [generate_cnf] Generating formula bobunr2p10d40l with K=53
[2025-12-12 08:08:03] [run_formula] Running formula bobunr2p10d40l with K=53 up to limit 1600
[2025-12-12 08:08:04] [generate_cnf] Generating formula bobunr2p10d40l with K=54
[2025-12-12 08:08:05] [run_formula] Running formula bobunr2p10d40l with K=54 up to limit 1600
[2025-12-12 08:08:06] [generate_cnf] Generating formula bobunr2p10d40l with K=55
[2025-12-12 08:08:07] [run_formula] Running formula bobunr2p10d40l with K=55 up to limit 1600
[2025-12-12 08:08:08] [generate_cnf] Generating formula bobunr2p10d40l with K=56
[2025-12-12 08:08:10] [run_formula] Running formula bobunr2p10d40l with K=56 up to limit 1600
[2025-12-12 08:08:11] [generate_cnf] Generating formula bobunr2p10d40l with K=57
[2025-12-12 08:08:12] [run_formula] Running formula bobunr2p10d40l with K=57 up to limit 1600
[2025-12-12 08:08:13] [generate_cnf] Generating formula bobunr2p10d40l with K=58
[2025-12-12 08:08:14] [run_formula] Running formula bobunr2p10d40l with K=58 up to limit 1600
[2025-12-12 08:08:15] [generate_cnf] Generating formula bobunr2p10d40l with K=59
[2025-12-12 08:08:17] [run_formula] Running formula bobunr2p10d40l with K=59 up to limit 1600
[2025-12-12 08:08:18] [generate_cnf] Generating formula bobunr2p10d40l with K=60
[2025-12-12 08:08:19] [run_formula] Running formula bobunr2p10d40l with K=60 up to limit 1600
[2025-12-12 08:08:20] [generate_cnf] Generating formula bobunr2p10d40l with K=61
[2025-12-12 08:08:22] [run_formula] Running formula bobunr2p10d40l with K=61 up to limit 1600
[2025-12-12 08:08:23] [generate_cnf] Generating formula bobunr2p10d40l with K=62
[2025-12-12 08:08:24] [run_formula] Running formula bobunr2p10d40l with K=62 up to limit 1600
[2025-12-12 08:08:25] [generate_cnf] Generating formula bobunr2p10d40l with K=63
[2025-12-12 08:08:27] [run_formula] Running formula bobunr2p10d40l with K=63 up to limit 1600
[2025-12-12 08:08:28] [generate_cnf] Generating formula bobunr2p10d40l with K=64
[2025-12-12 08:08:29] [run_formula] Running formula bobunr2p10d40l with K=64 up to limit 1600
[2025-12-12 08:08:31] [generate_cnf] Generating formula bobunr2p10d40l with K=65
[2025-12-12 08:08:32] [run_formula] Running formula bobunr2p10d40l with K=65 up to limit 1600
[2025-12-12 08:08:33] [generate_cnf] Generating formula bobunr2p10d40l with K=66
[2025-12-12 08:08:35] [run_formula] Running formula bobunr2p10d40l with K=66 up to limit 1600
[2025-12-12 08:08:36] [generate_cnf] Generating formula bobunr2p10d40l with K=67
[2025-12-12 08:08:37] [run_formula] Running formula bobunr2p10d40l with K=67 up to limit 1600
[2025-12-12 08:08:39] [generate_cnf] Generating formula bobunr2p10d40l with K=68
[2025-12-12 08:08:40] [run_formula] Running formula bobunr2p10d40l with K=68 up to limit 1600
[2025-12-12 08:08:41] [generate_cnf] Generating formula bobunr2p10d40l with K=69
[2025-12-12 08:08:43] [run_formula] Running formula bobunr2p10d40l with K=69 up to limit 1600
[2025-12-12 08:08:44] [generate_cnf] Generating formula bobunr2p10d40l with K=70
[2025-12-12 08:08:46] [run_formula] Running formula bobunr2p10d40l with K=70 up to limit 1600
[2025-12-12 08:08:47] [generate_cnf] Generating formula bobunr2p10d40l with K=71
[2025-12-12 08:08:48] [run_formula] Running formula bobunr2p10d40l with K=71 up to limit 1600
[2025-12-12 08:08:50] [generate_cnf] Generating formula bobunr2p10d40l with K=72
[2025-12-12 08:08:51] [run_formula] Running formula bobunr2p10d40l with K=72 up to limit 1600
[2025-12-12 08:08:52] [generate_cnf] Generating formula bobunr2p10d40l with K=73
[2025-12-12 08:08:54] [run_formula] Running formula bobunr2p10d40l with K=73 up to limit 1600
[2025-12-12 08:08:55] [generate_cnf] Generating formula bobunr2p10d40l with K=74
[2025-12-12 08:08:57] [run_formula] Running formula bobunr2p10d40l with K=74 up to limit 1600
[2025-12-12 08:08:58] [generate_cnf] Generating formula bobunr2p10d40l with K=75
[2025-12-12 08:09:00] [run_formula] Running formula bobunr2p10d40l with K=75 up to limit 1600
[2025-12-12 08:09:01] [generate_cnf] Generating formula bobunr2p10d40l with K=76
[2025-12-12 08:09:03] [run_formula] Running formula bobunr2p10d40l with K=76 up to limit 1600
[2025-12-12 08:09:04] [generate_cnf] Generating formula bobunr2p10d40l with K=77
[2025-12-12 08:09:06] [run_formula] Running formula bobunr2p10d40l with K=77 up to limit 1600
[2025-12-12 08:09:07] [generate_cnf] Generating formula bobunr2p10d40l with K=78
[2025-12-12 08:09:09] [run_formula] Running formula bobunr2p10d40l with K=78 up to limit 1600
[2025-12-12 08:09:10] [generate_cnf] Generating formula bobunr2p10d40l with K=79
[2025-12-12 08:09:12] [run_formula] Running formula bobunr2p10d40l with K=79 up to limit 1600
[2025-12-12 08:09:13] [generate_cnf] Generating formula bobunr2p10d40l with K=80
[2025-12-12 08:09:15] [run_formula] Running formula bobunr2p10d40l with K=80 up to limit 1600
[2025-12-12 08:09:17] [generate_cnf] Generating formula bobunr2p10d40l with K=81
[2025-12-12 08:09:19] [run_formula] Running formula bobunr2p10d40l with K=81 up to limit 1600
[2025-12-12 08:09:20] [generate_cnf] Generating formula bobunr2p10d40l with K=82
[2025-12-12 08:09:22] [run_formula] Running formula bobunr2p10d40l with K=82 up to limit 1600
[2025-12-12 08:09:23] [generate_cnf] Generating formula bobunr2p10d40l with K=83
[2025-12-12 08:09:25] [run_formula] Running formula bobunr2p10d40l with K=83 up to limit 1600
[2025-12-12 08:09:26] [generate_cnf] Generating formula bobunr2p10d40l with K=84
[2025-12-12 08:09:28] [run_formula] Running formula bobunr2p10d40l with K=84 up to limit 1600
[2025-12-12 08:09:29] [generate_cnf] Generating formula bobunr2p10d40l with K=85
[2025-12-12 08:09:31] [run_formula] Running formula bobunr2p10d40l with K=85 up to limit 1600
[2025-12-12 08:09:33] [generate_cnf] Generating formula bobunr2p10d40l with K=86
[2025-12-12 08:09:34] [run_formula] Running formula bobunr2p10d40l with K=86 up to limit 1600
[2025-12-12 08:09:36] [generate_cnf] Generating formula bobunr2p10d40l with K=87
[2025-12-12 08:09:38] [run_formula] Running formula bobunr2p10d40l with K=87 up to limit 1600
[2025-12-12 08:09:39] [generate_cnf] Generating formula bobunr2p10d40l with K=88
[2025-12-12 08:09:41] [run_formula] Running formula bobunr2p10d40l with K=88 up to limit 1600
[2025-12-12 08:09:42] [generate_cnf] Generating formula bobunr2p10d40l with K=89
[2025-12-12 08:09:44] [run_formula] Running formula bobunr2p10d40l with K=89 up to limit 1600
[2025-12-12 08:09:46] [generate_cnf] Generating formula bobunr2p10d40l with K=90
[2025-12-12 08:09:48] [run_formula] Running formula bobunr2p10d40l with K=90 up to limit 1600
[2025-12-12 08:09:49] [generate_cnf] Generating formula bobunr2p10d40l with K=91
[2025-12-12 08:09:51] [run_formula] Running formula bobunr2p10d40l with K=91 up to limit 1600
[2025-12-12 08:09:53] [generate_cnf] Generating formula bobunr2p10d40l with K=92
[2025-12-12 08:09:55] [run_formula] Running formula bobunr2p10d40l with K=92 up to limit 1600
[2025-12-12 08:09:57] [generate_cnf] Generating formula bobunr2p10d40l with K=93
[2025-12-12 08:09:59] [run_formula] Running formula bobunr2p10d40l with K=93 up to limit 1600
[2025-12-12 08:10:00] [generate_cnf] Generating formula bobunr2p10d40l with K=94
[2025-12-12 08:10:02] [run_formula] Running formula bobunr2p10d40l with K=94 up to limit 1600
[2025-12-12 08:10:04] [generate_cnf] Generating formula bobunr2p10d40l with K=95
[2025-12-12 08:10:06] [run_formula] Running formula bobunr2p10d40l with K=95 up to limit 1600
[2025-12-12 08:10:08] [generate_cnf] Generating formula bobunr2p10d40l with K=96
[2025-12-12 08:10:10] [run_formula] Running formula bobunr2p10d40l with K=96 up to limit 1600
[2025-12-12 08:10:11] [generate_cnf] Generating formula bobunr2p10d40l with K=97
[2025-12-12 08:10:14] [run_formula] Running formula bobunr2p10d40l with K=97 up to limit 1600
[2025-12-12 08:10:15] [generate_cnf] Generating formula bobunr2p10d40l with K=98
[2025-12-12 08:10:17] [run_formula] Running formula bobunr2p10d40l with K=98 up to limit 1600
[2025-12-12 08:10:19] [generate_cnf] Generating formula bobunr2p10d40l with K=99
[2025-12-12 08:10:21] [run_formula] Running formula bobunr2p10d40l with K=99 up to limit 1600
[2025-12-12 08:10:22] [generate_cnf] Generating formula bobunr2p10d40l with K=100
[2025-12-12 08:10:24] [run_formula] Running formula bobunr2p10d40l with K=100 up to limit 1600
[2025-12-12 08:10:26] [generate_cnf] Generating formula bobunr2p10d40l with K=101
[2025-12-12 08:10:28] [run_formula] Running formula bobunr2p10d40l with K=101 up to limit 1600
[2025-12-12 08:10:29] [generate_cnf] Generating formula bobunr2p10d40l with K=102
[2025-12-12 08:10:32] [run_formula] Running formula bobunr2p10d40l with K=102 up to limit 1600
[2025-12-12 08:10:33] [generate_cnf] Generating formula bobunr2p10d40l with K=103
[2025-12-12 08:10:35] [run_formula] Running formula bobunr2p10d40l with K=103 up to limit 1600
[2025-12-12 08:10:37] [generate_cnf] Generating formula bobunr2p10d40l with K=104
[2025-12-12 08:10:39] [run_formula] Running formula bobunr2p10d40l with K=104 up to limit 1600
[2025-12-12 08:10:41] [generate_cnf] Generating formula bobunr2p10d40l with K=105
[2025-12-12 08:10:43] [run_formula] Running formula bobunr2p10d40l with K=105 up to limit 1600
[2025-12-12 08:10:44] [generate_cnf] Generating formula bobunr2p10d40l with K=106
[2025-12-12 08:10:47] [run_formula] Running formula bobunr2p10d40l with K=106 up to limit 1600
[2025-12-12 08:10:48] [generate_cnf] Generating formula bobunr2p10d40l with K=107
[2025-12-12 08:10:51] [run_formula] Running formula bobunr2p10d40l with K=107 up to limit 1600
[2025-12-12 08:10:52] [generate_cnf] Generating formula bobunr2p10d40l with K=108
[2025-12-12 08:10:54] [run_formula] Running formula bobunr2p10d40l with K=108 up to limit 1600
[2025-12-12 08:10:56] [generate_cnf] Generating formula bobunr2p10d40l with K=109
[2025-12-12 08:10:58] [run_formula] Running formula bobunr2p10d40l with K=109 up to limit 1600
[2025-12-12 08:11:00] [generate_cnf] Generating formula bobunr2p10d40l with K=110
[2025-12-12 08:11:02] [run_formula] Running formula bobunr2p10d40l with K=110 up to limit 1600
[2025-12-12 08:11:04] [generate_cnf] Generating formula bobunr2p10d40l with K=111
[2025-12-12 08:11:06] [run_formula] Running formula bobunr2p10d40l with K=111 up to limit 1600
[2025-12-12 08:11:08] [generate_cnf] Generating formula bobunr2p10d40l with K=112
[2025-12-12 08:11:11] [run_formula] Running formula bobunr2p10d40l with K=112 up to limit 1600
[2025-12-12 08:11:12] [generate_cnf] Generating formula bobunr2p10d40l with K=113
[2025-12-12 08:11:15] [run_formula] Running formula bobunr2p10d40l with K=113 up to limit 1600
[2025-12-12 08:11:16] [generate_cnf] Generating formula bobunr2p10d40l with K=114
[2025-12-12 08:11:19] [run_formula] Running formula bobunr2p10d40l with K=114 up to limit 1600
[2025-12-12 08:11:21] [generate_cnf] Generating formula bobunr2p10d40l with K=115
[2025-12-12 08:11:23] [run_formula] Running formula bobunr2p10d40l with K=115 up to limit 1600
[2025-12-12 08:11:25] [generate_cnf] Generating formula bobunr2p10d40l with K=116
[2025-12-12 08:11:28] [run_formula] Running formula bobunr2p10d40l with K=116 up to limit 1600
[2025-12-12 08:11:29] [generate_cnf] Generating formula bobunr2p10d40l with K=117
[2025-12-12 08:11:32] [run_formula] Running formula bobunr2p10d40l with K=117 up to limit 1600
[2025-12-12 08:11:33] [generate_cnf] Generating formula bobunr2p10d40l with K=118
[2025-12-12 08:11:36] [run_formula] Running formula bobunr2p10d40l with K=118 up to limit 1600
[2025-12-12 08:11:38] [generate_cnf] Generating formula bobunr2p10d40l with K=119
[2025-12-12 08:11:40] [run_formula] Running formula bobunr2p10d40l with K=119 up to limit 1600
[2025-12-12 08:11:42] [generate_cnf] Generating formula bobunr2p10d40l with K=120
[2025-12-12 08:11:44] [run_formula] Running formula bobunr2p10d40l with K=120 up to limit 1600
[2025-12-12 08:11:46] [generate_cnf] Generating formula bobunr2p10d40l with K=121
[2025-12-12 08:11:48] [run_formula] Running formula bobunr2p10d40l with K=121 up to limit 1600
[2025-12-12 08:11:50] [generate_cnf] Generating formula bobunr2p10d40l with K=122
[2025-12-12 08:11:53] [run_formula] Running formula bobunr2p10d40l with K=122 up to limit 1600
[2025-12-12 08:11:54] [generate_cnf] Generating formula bobunr2p10d40l with K=123
[2025-12-12 08:11:57] [run_formula] Running formula bobunr2p10d40l with K=123 up to limit 1600
[2025-12-12 08:11:59] [generate_cnf] Generating formula bobunr2p10d40l with K=124
[2025-12-12 08:12:01] [run_formula] Running formula bobunr2p10d40l with K=124 up to limit 1600
[2025-12-12 08:12:03] [generate_cnf] Generating formula bobunr2p10d40l with K=125
[2025-12-12 08:12:06] [run_formula] Running formula bobunr2p10d40l with K=125 up to limit 1600
[2025-12-12 08:12:08] [generate_cnf] Generating formula bobunr2p10d40l with K=126
[2025-12-12 08:12:11] [run_formula] Running formula bobunr2p10d40l with K=126 up to limit 1600
[2025-12-12 08:12:13] [generate_cnf] Generating formula bobunr2p10d40l with K=127
[2025-12-12 08:12:15] [run_formula] Running formula bobunr2p10d40l with K=127 up to limit 1600
[2025-12-12 08:12:17] [generate_cnf] Generating formula bobunr2p10d40l with K=128
[2025-12-12 08:12:20] [run_formula] Running formula bobunr2p10d40l with K=128 up to limit 1600
[2025-12-12 08:12:22] [generate_cnf] Generating formula bobunr2p10d40l with K=129
[2025-12-12 08:12:25] [run_formula] Running formula bobunr2p10d40l with K=129 up to limit 1600
[2025-12-12 08:12:27] [generate_cnf] Generating formula bobunr2p10d40l with K=130
[2025-12-12 08:12:29] [run_formula] Running formula bobunr2p10d40l with K=130 up to limit 1600
[2025-12-12 08:12:31] [generate_cnf] Generating formula bobunr2p10d40l with K=131
[2025-12-12 08:12:34] [run_formula] Running formula bobunr2p10d40l with K=131 up to limit 1600
[2025-12-12 08:12:36] [generate_cnf] Generating formula bobunr2p10d40l with K=132
[2025-12-12 08:12:39] [run_formula] Running formula bobunr2p10d40l with K=132 up to limit 1600
[2025-12-12 08:12:41] [generate_cnf] Generating formula bobunr2p10d40l with K=133
[2025-12-12 08:12:44] [run_formula] Running formula bobunr2p10d40l with K=133 up to limit 1600
[2025-12-12 08:12:46] [generate_cnf] Generating formula bobunr2p10d40l with K=134
[2025-12-12 08:12:49] [run_formula] Running formula bobunr2p10d40l with K=134 up to limit 1600
[2025-12-12 08:12:51] [generate_cnf] Generating formula bobunr2p10d40l with K=135
[2025-12-12 08:12:54] [run_formula] Running formula bobunr2p10d40l with K=135 up to limit 1600
[2025-12-12 08:12:56] [generate_cnf] Generating formula bobunr2p10d40l with K=136
[2025-12-12 08:12:59] [run_formula] Running formula bobunr2p10d40l with K=136 up to limit 1600
[2025-12-12 08:13:01] [generate_cnf] Generating formula bobunr2p10d40l with K=137
[2025-12-12 08:13:04] [run_formula] Running formula bobunr2p10d40l with K=137 up to limit 1600
[2025-12-12 08:13:06] [generate_cnf] Generating formula bobunr2p10d40l with K=138
[2025-12-12 08:13:09] [run_formula] Running formula bobunr2p10d40l with K=138 up to limit 1600
[2025-12-12 08:13:11] [generate_cnf] Generating formula bobunr2p10d40l with K=139
[2025-12-12 08:13:14] [run_formula] Running formula bobunr2p10d40l with K=139 up to limit 1600
[2025-12-12 08:13:16] [generate_cnf] Generating formula bobunr2p10d40l with K=140
[2025-12-12 08:13:19] [run_formula] Running formula bobunr2p10d40l with K=140 up to limit 1600
[2025-12-12 08:13:21] [generate_cnf] Generating formula bobunr2p10d40l with K=141
[2025-12-12 08:13:24] [run_formula] Running formula bobunr2p10d40l with K=141 up to limit 1600
[2025-12-12 08:13:26] [generate_cnf] Generating formula bobunr2p10d40l with K=142
[2025-12-12 08:13:29] [run_formula] Running formula bobunr2p10d40l with K=142 up to limit 1600
[2025-12-12 08:13:31] [generate_cnf] Generating formula bobunr2p10d40l with K=143
[2025-12-12 08:13:34] [run_formula] Running formula bobunr2p10d40l with K=143 up to limit 1600
[2025-12-12 08:13:37] [generate_cnf] Generating formula bobunr2p10d40l with K=144
[2025-12-12 08:13:40] [run_formula] Running formula bobunr2p10d40l with K=144 up to limit 1600
[2025-12-12 08:13:42] [generate_cnf] Generating formula bobunr2p10d40l with K=145
[2025-12-12 08:13:45] [run_formula] Running formula bobunr2p10d40l with K=145 up to limit 1600
[2025-12-12 08:13:47] [generate_cnf] Generating formula bobunr2p10d40l with K=146
[2025-12-12 08:13:50] [run_formula] Running formula bobunr2p10d40l with K=146 up to limit 1600
[2025-12-12 08:13:53] [generate_cnf] Generating formula bobunr2p10d40l with K=147
[2025-12-12 08:13:56] [run_formula] Running formula bobunr2p10d40l with K=147 up to limit 1600
[2025-12-12 08:13:58] [generate_cnf] Generating formula bobunr2p10d40l with K=148
[2025-12-12 08:14:01] [run_formula] Running formula bobunr2p10d40l with K=148 up to limit 1600
[2025-12-12 08:14:03] [generate_cnf] Generating formula bobunr2p10d40l with K=149
[2025-12-12 08:14:07] [run_formula] Running formula bobunr2p10d40l with K=149 up to limit 1600
[2025-12-12 08:14:09] [generate_cnf] Generating formula bobunr2p10d40l with K=150
[2025-12-12 08:14:12] [run_formula] Running formula bobunr2p10d40l with K=150 up to limit 1600
[2025-12-12 08:14:15] [generate_cnf] Generating formula bobunr2p10d40l with K=151
[2025-12-12 08:14:18] [run_formula] Running formula bobunr2p10d40l with K=151 up to limit 1600
[2025-12-12 08:14:20] [generate_cnf] Generating formula bobunr2p10d40l with K=152
[2025-12-12 08:14:23] [run_formula] Running formula bobunr2p10d40l with K=152 up to limit 1600
[2025-12-12 08:14:25] [generate_cnf] Generating formula bobunr2p10d40l with K=153
[2025-12-12 08:14:28] [run_formula] Running formula bobunr2p10d40l with K=153 up to limit 1600
[2025-12-12 08:14:31] [generate_cnf] Generating formula bobunr2p10d40l with K=154
[2025-12-12 08:14:34] [run_formula] Running formula bobunr2p10d40l with K=154 up to limit 1600
[2025-12-12 08:14:36] [generate_cnf] Generating formula bobunr2p10d40l with K=155
[2025-12-12 08:14:40] [run_formula] Running formula bobunr2p10d40l with K=155 up to limit 1600
[2025-12-12 08:14:42] [generate_cnf] Generating formula bobunr2p10d40l with K=156
[2025-12-12 08:14:45] [run_formula] Running formula bobunr2p10d40l with K=156 up to limit 1600
[2025-12-12 08:14:48] [generate_cnf] Generating formula bobunr2p10d40l with K=157
[2025-12-12 08:14:51] [run_formula] Running formula bobunr2p10d40l with K=157 up to limit 1600
[2025-12-12 08:14:53] [generate_cnf] Generating formula bobunr2p10d40l with K=158
[2025-12-12 08:14:57] [run_formula] Running formula bobunr2p10d40l with K=158 up to limit 1600
[2025-12-12 08:14:59] [generate_cnf] Generating formula bobunr2p10d40l with K=159
[2025-12-12 08:15:02] [run_formula] Running formula bobunr2p10d40l with K=159 up to limit 1600
[2025-12-12 08:15:05] [generate_cnf] Generating formula bobunr2p10d40l with K=160
[2025-12-12 08:15:08] [run_formula] Running formula bobunr2p10d40l with K=160 up to limit 1600
[2025-12-12 08:15:11] [generate_cnf] Generating formula bobunr2p10d40l with K=161
[2025-12-12 08:15:14] [run_formula] Running formula bobunr2p10d40l with K=161 up to limit 1600
[2025-12-12 08:15:16] [generate_cnf] Generating formula bobunr2p10d40l with K=162
[2025-12-12 08:15:20] [run_formula] Running formula bobunr2p10d40l with K=162 up to limit 1600
[2025-12-12 08:15:22] [generate_cnf] Generating formula bobunr2p10d40l with K=163
[2025-12-12 08:15:26] [run_formula] Running formula bobunr2p10d40l with K=163 up to limit 1600
[2025-12-12 08:15:28] [generate_cnf] Generating formula bobunr2p10d40l with K=164
[2025-12-12 08:15:32] [run_formula] Running formula bobunr2p10d40l with K=164 up to limit 1600
[2025-12-12 08:15:34] [generate_cnf] Generating formula bobunr2p10d40l with K=165
[2025-12-12 08:15:37] [run_formula] Running formula bobunr2p10d40l with K=165 up to limit 1600
[2025-12-12 08:15:40] [generate_cnf] Generating formula bobunr2p10d40l with K=166
[2025-12-12 08:15:43] [run_formula] Running formula bobunr2p10d40l with K=166 up to limit 1600
[2025-12-12 08:15:45] [generate_cnf] Generating formula bobunr2p10d40l with K=167
[2025-12-12 08:15:49] [run_formula] Running formula bobunr2p10d40l with K=167 up to limit 1600
[2025-12-12 08:15:51] [generate_cnf] Generating formula bobunr2p10d40l with K=168
[2025-12-12 08:15:55] [run_formula] Running formula bobunr2p10d40l with K=168 up to limit 1600
[2025-12-12 08:15:57] [generate_cnf] Generating formula bobunr2p10d40l with K=169
[2025-12-12 08:16:01] [run_formula] Running formula bobunr2p10d40l with K=169 up to limit 1600
[2025-12-12 08:16:03] [generate_cnf] Generating formula bobunr2p10d40l with K=170
[2025-12-12 08:16:07] [run_formula] Running formula bobunr2p10d40l with K=170 up to limit 1600
[2025-12-12 08:16:09] [generate_cnf] Generating formula bobunr2p10d40l with K=171
[2025-12-12 08:16:13] [run_formula] Running formula bobunr2p10d40l with K=171 up to limit 1600
[2025-12-12 08:16:15] [generate_cnf] Generating formula bobunr2p10d40l with K=172
[2025-12-12 08:16:19] [run_formula] Running formula bobunr2p10d40l with K=172 up to limit 1600
[2025-12-12 08:16:22] [generate_cnf] Generating formula bobunr2p10d40l with K=173
[2025-12-12 08:16:25] [run_formula] Running formula bobunr2p10d40l with K=173 up to limit 1600
[2025-12-12 08:16:28] [generate_cnf] Generating formula bobunr2p10d40l with K=174
[2025-12-12 08:16:31] [run_formula] Running formula bobunr2p10d40l with K=174 up to limit 1600
[2025-12-12 08:16:34] [generate_cnf] Generating formula bobunr2p10d40l with K=175
[2025-12-12 08:16:38] [run_formula] Running formula bobunr2p10d40l with K=175 up to limit 1600
[2025-12-12 08:16:40] [generate_cnf] Generating formula bobunr2p10d40l with K=176
[2025-12-12 08:16:44] [run_formula] Running formula bobunr2p10d40l with K=176 up to limit 1600
[2025-12-12 08:16:47] [generate_cnf] Generating formula bobunr2p10d40l with K=177
[2025-12-12 08:16:50] [run_formula] Running formula bobunr2p10d40l with K=177 up to limit 1600
[2025-12-12 08:16:53] [generate_cnf] Generating formula bobunr2p10d40l with K=178
[2025-12-12 08:16:57] [run_formula] Running formula bobunr2p10d40l with K=178 up to limit 1600
[2025-12-12 08:17:00] [generate_cnf] Generating formula bobunr2p10d40l with K=179
[2025-12-12 08:17:03] [run_formula] Running formula bobunr2p10d40l with K=179 up to limit 1600
[2025-12-12 08:17:06] [generate_cnf] Generating formula bobunr2p10d40l with K=180
[2025-12-12 08:17:10] [run_formula] Running formula bobunr2p10d40l with K=180 up to limit 1600
[2025-12-12 08:17:12] [generate_cnf] Generating formula bobunr2p10d40l with K=181
[2025-12-12 08:17:16] [run_formula] Running formula bobunr2p10d40l with K=181 up to limit 1600
[2025-12-12 08:17:19] [generate_cnf] Generating formula bobunr2p10d40l with K=182
[2025-12-12 08:17:22] [run_formula] Running formula bobunr2p10d40l with K=182 up to limit 1600
[2025-12-12 08:17:25] [generate_cnf] Generating formula bobunr2p10d40l with K=183
[2025-12-12 08:17:29] [run_formula] Running formula bobunr2p10d40l with K=183 up to limit 1600
[2025-12-12 08:17:31] [generate_cnf] Generating formula bobunr2p10d40l with K=184
[2025-12-12 08:17:35] [run_formula] Running formula bobunr2p10d40l with K=184 up to limit 1600
[2025-12-12 08:17:38] [generate_cnf] Generating formula bobunr2p10d40l with K=185
[2025-12-12 08:17:42] [run_formula] Running formula bobunr2p10d40l with K=185 up to limit 1600
[2025-12-12 08:17:44] [generate_cnf] Generating formula bobunr2p10d40l with K=186
[2025-12-12 08:17:48] [run_formula] Running formula bobunr2p10d40l with K=186 up to limit 1600
[2025-12-12 08:17:51] [generate_cnf] Generating formula bobunr2p10d40l with K=187
[2025-12-12 08:17:55] [run_formula] Running formula bobunr2p10d40l with K=187 up to limit 1600
[2025-12-12 08:17:57] [generate_cnf] Generating formula bobunr2p10d40l with K=188
[2025-12-12 08:18:01] [run_formula] Running formula bobunr2p10d40l with K=188 up to limit 1600
[2025-12-12 08:18:04] [generate_cnf] Generating formula bobunr2p10d40l with K=189
[2025-12-12 08:18:08] [run_formula] Running formula bobunr2p10d40l with K=189 up to limit 1600
[2025-12-12 08:18:10] [generate_cnf] Generating formula bobunr2p10d40l with K=190
[2025-12-12 08:18:14] [run_formula] Running formula bobunr2p10d40l with K=190 up to limit 1600
[2025-12-12 08:18:17] [generate_cnf] Generating formula bobunr2p10d40l with K=191
[2025-12-12 08:18:21] [run_formula] Running formula bobunr2p10d40l with K=191 up to limit 1600
[2025-12-12 08:18:23] [generate_cnf] Generating formula bobunr2p10d40l with K=192
[2025-12-12 08:18:27] [run_formula] Running formula bobunr2p10d40l with K=192 up to limit 1600
[2025-12-12 08:18:30] [generate_cnf] Generating formula bobunr2p10d40l with K=193
[2025-12-12 08:18:34] [run_formula] Running formula bobunr2p10d40l with K=193 up to limit 1600
[2025-12-12 08:18:37] [generate_cnf] Generating formula bobunr2p10d40l with K=194
[2025-12-12 08:18:41] [run_formula] Running formula bobunr2p10d40l with K=194 up to limit 1600
[2025-12-12 08:18:44] [generate_cnf] Generating formula bobunr2p10d40l with K=195
[2025-12-12 08:18:48] [run_formula] Running formula bobunr2p10d40l with K=195 up to limit 1600
[2025-12-12 08:18:51] [generate_cnf] Generating formula bobunr2p10d40l with K=196
[2025-12-12 08:18:55] [run_formula] Running formula bobunr2p10d40l with K=196 up to limit 1600
[2025-12-12 08:18:58] [generate_cnf] Generating formula bobunr2p10d40l with K=197
[2025-12-12 08:19:03] [run_formula] Running formula bobunr2p10d40l with K=197 up to limit 1600
[2025-12-12 08:19:06] [generate_cnf] Generating formula bobunr2p10d40l with K=198
[2025-12-12 08:19:10] [run_formula] Running formula bobunr2p10d40l with K=198 up to limit 1600
[2025-12-12 08:19:13] [generate_cnf] Generating formula bobunr2p10d40l with K=199
[2025-12-12 08:19:17] [run_formula] Running formula bobunr2p10d40l with K=199 up to limit 1600
[2025-12-12 08:19:20] [generate_cnf] Generating formula bobunr2p10d40l with K=200
[2025-12-12 08:19:24] [run_formula] Running formula bobunr2p10d40l with K=200 up to limit 1600
[2025-12-12 08:19:27] [generate_cnf] Generating formula bobunr2p10d40l with K=201
[2025-12-12 08:19:31] [run_formula] Running formula bobunr2p10d40l with K=201 up to limit 1600
[2025-12-12 08:19:34] [generate_cnf] Generating formula bobunr2p10d40l with K=202
[2025-12-12 08:19:38] [run_formula] Running formula bobunr2p10d40l with K=202 up to limit 1600
[2025-12-12 08:19:41] [generate_cnf] Generating formula bobunr2p10d40l with K=203
[2025-12-12 08:19:45] [run_formula] Running formula bobunr2p10d40l with K=203 up to limit 1600
[2025-12-12 08:19:49] [generate_cnf] Generating formula bobunr2p10d40l with K=204
[2025-12-12 08:19:53] [run_formula] Running formula bobunr2p10d40l with K=204 up to limit 1600
[2025-12-12 08:19:56] [generate_cnf] Generating formula bobunr2p10d40l with K=205
[2025-12-12 08:20:00] [run_formula] Running formula bobunr2p10d40l with K=205 up to limit 1600
[2025-12-12 08:20:03] [generate_cnf] Generating formula bobunr2p10d40l with K=206
[2025-12-12 08:20:08] [run_formula] Running formula bobunr2p10d40l with K=206 up to limit 1600
[2025-12-12 08:20:11] [generate_cnf] Generating formula bobunr2p10d40l with K=207
[2025-12-12 08:20:15] [run_formula] Running formula bobunr2p10d40l with K=207 up to limit 1600
[2025-12-12 08:20:18] [generate_cnf] Generating formula bobunr2p10d40l with K=208
[2025-12-12 08:20:22] [run_formula] Running formula bobunr2p10d40l with K=208 up to limit 1600
[2025-12-12 08:20:26] [generate_cnf] Generating formula bobunr2p10d40l with K=209
[2025-12-12 08:20:30] [run_formula] Running formula bobunr2p10d40l with K=209 up to limit 1600
[2025-12-12 08:20:33] [generate_cnf] Generating formula bobunr2p10d40l with K=210
[2025-12-12 08:20:37] [run_formula] Running formula bobunr2p10d40l with K=210 up to limit 1600
[2025-12-12 08:20:41] [generate_cnf] Generating formula bobunr2p10d40l with K=211
[2025-12-12 08:20:45] [run_formula] Running formula bobunr2p10d40l with K=211 up to limit 1600
[2025-12-12 08:20:48] [generate_cnf] Generating formula bobunr2p10d40l with K=212
[2025-12-12 08:20:52] [run_formula] Running formula bobunr2p10d40l with K=212 up to limit 1600
[2025-12-12 08:20:56] [generate_cnf] Generating formula bobunr2p10d40l with K=213
[2025-12-12 08:21:00] [run_formula] Running formula bobunr2p10d40l with K=213 up to limit 1600
[2025-12-12 08:21:03] [generate_cnf] Generating formula bobunr2p10d40l with K=214
[2025-12-12 08:21:08] [run_formula] Running formula bobunr2p10d40l with K=214 up to limit 1600
[2025-12-12 08:21:11] [generate_cnf] Generating formula bobunr2p10d40l with K=215
[2025-12-12 08:21:15] [run_formula] Running formula bobunr2p10d40l with K=215 up to limit 1600
[2025-12-12 08:21:19] [generate_cnf] Generating formula bobunr2p10d40l with K=216
[2025-12-12 08:21:23] [run_formula] Running formula bobunr2p10d40l with K=216 up to limit 1600
[2025-12-12 08:21:26] [generate_cnf] Generating formula bobunr2p10d40l with K=217
[2025-12-12 08:21:31] [run_formula] Running formula bobunr2p10d40l with K=217 up to limit 1600
[2025-12-12 08:21:34] [generate_cnf] Generating formula bobunr2p10d40l with K=218
[2025-12-12 08:21:39] [run_formula] Running formula bobunr2p10d40l with K=218 up to limit 1600
[2025-12-12 08:21:42] [generate_cnf] Generating formula bobunr2p10d40l with K=219
[2025-12-12 08:21:47] [run_formula] Running formula bobunr2p10d40l with K=219 up to limit 1600
[2025-12-12 08:21:50] [generate_cnf] Generating formula bobunr2p10d40l with K=220
[2025-12-12 08:21:55] [run_formula] Running formula bobunr2p10d40l with K=220 up to limit 1600
[2025-12-12 08:21:58] [generate_cnf] Generating formula bobunr2p10d40l with K=221
[2025-12-12 08:22:02] [run_formula] Running formula bobunr2p10d40l with K=221 up to limit 1600
[2025-12-12 08:22:06] [generate_cnf] Generating formula bobunr2p10d40l with K=222
[2025-12-12 08:22:10] [run_formula] Running formula bobunr2p10d40l with K=222 up to limit 1600
[2025-12-12 08:22:14] [generate_cnf] Generating formula bobunr2p10d40l with K=223
[2025-12-12 08:22:18] [run_formula] Running formula bobunr2p10d40l with K=223 up to limit 1600
[2025-12-12 08:22:22] [generate_cnf] Generating formula bobunr2p10d40l with K=224
[2025-12-12 08:22:26] [run_formula] Running formula bobunr2p10d40l with K=224 up to limit 1600
[2025-12-12 08:22:30] [generate_cnf] Generating formula bobunr2p10d40l with K=225
[2025-12-12 08:22:35] [run_formula] Running formula bobunr2p10d40l with K=225 up to limit 1600
[2025-12-12 08:22:38] [generate_cnf] Generating formula bobunr2p10d40l with K=226
[2025-12-12 08:22:43] [run_formula] Running formula bobunr2p10d40l with K=226 up to limit 1600
[2025-12-12 08:22:46] [generate_cnf] Generating formula bobunr2p10d40l with K=227
[2025-12-12 08:22:51] [run_formula] Running formula bobunr2p10d40l with K=227 up to limit 1600
[2025-12-12 08:22:54] [generate_cnf] Generating formula bobunr2p10d40l with K=228
[2025-12-12 08:22:59] [run_formula] Running formula bobunr2p10d40l with K=228 up to limit 1600
[2025-12-12 08:23:02] [generate_cnf] Generating formula bobunr2p10d40l with K=229
[2025-12-12 08:23:07] [run_formula] Running formula bobunr2p10d40l with K=229 up to limit 1600
[2025-12-12 08:23:10] [generate_cnf] Generating formula bobunr2p10d40l with K=230
[2025-12-12 08:23:15] [run_formula] Running formula bobunr2p10d40l with K=230 up to limit 1600
[2025-12-12 08:23:18] [generate_cnf] Generating formula bobunr2p10d40l with K=231
[2025-12-12 08:23:23] [run_formula] Running formula bobunr2p10d40l with K=231 up to limit 1600
[2025-12-12 08:23:26] [generate_cnf] Generating formula bobunr2p10d40l with K=232
[2025-12-12 08:23:31] [run_formula] Running formula bobunr2p10d40l with K=232 up to limit 1600
[2025-12-12 08:23:35] [generate_cnf] Generating formula bobunr2p10d40l with K=233
[2025-12-12 08:23:40] [run_formula] Running formula bobunr2p10d40l with K=233 up to limit 1600
[2025-12-12 08:23:43] [generate_cnf] Generating formula bobunr2p10d40l with K=234
[2025-12-12 08:23:48] [run_formula] Running formula bobunr2p10d40l with K=234 up to limit 1600
[2025-12-12 08:23:52] [generate_cnf] Generating formula bobunr2p10d40l with K=235
[2025-12-12 08:23:57] [run_formula] Running formula bobunr2p10d40l with K=235 up to limit 1600
[2025-12-12 08:24:00] [generate_cnf] Generating formula bobunr2p10d40l with K=236
[2025-12-12 08:24:05] [run_formula] Running formula bobunr2p10d40l with K=236 up to limit 1600
[2025-12-12 08:24:09] [generate_cnf] Generating formula bobunr2p10d40l with K=237
[2025-12-12 08:24:14] [run_formula] Running formula bobunr2p10d40l with K=237 up to limit 1600
[2025-12-12 08:24:18] [generate_cnf] Generating formula bobunr2p10d40l with K=238
[2025-12-12 08:24:23] [run_formula] Running formula bobunr2p10d40l with K=238 up to limit 1600
[2025-12-12 08:24:27] [generate_cnf] Generating formula bobunr2p10d40l with K=239
[2025-12-12 08:24:31] [run_formula] Running formula bobunr2p10d40l with K=239 up to limit 1600
[2025-12-12 08:24:35] [generate_cnf] Generating formula bobunr2p10d40l with K=240
[2025-12-12 08:24:40] [run_formula] Running formula bobunr2p10d40l with K=240 up to limit 1600
[2025-12-12 08:24:43] [generate_cnf] Generating formula bobunr2p10d40l with K=241
[2025-12-12 08:24:48] [run_formula] Running formula bobunr2p10d40l with K=241 up to limit 1600
[2025-12-12 08:24:52] [generate_cnf] Generating formula bobunr2p10d40l with K=242
[2025-12-12 08:24:57] [run_formula] Running formula bobunr2p10d40l with K=242 up to limit 1600
[2025-12-12 08:25:00] [generate_cnf] Generating formula bobunr2p10d40l with K=243
[2025-12-12 08:25:05] [run_formula] Running formula bobunr2p10d40l with K=243 up to limit 1600
[2025-12-12 08:25:09] [generate_cnf] Generating formula bobunr2p10d40l with K=244
[2025-12-12 08:25:14] [run_formula] Running formula bobunr2p10d40l with K=244 up to limit 1600
[2025-12-12 08:25:18] [generate_cnf] Generating formula bobunr2p10d40l with K=245
[2025-12-12 08:25:23] [run_formula] Running formula bobunr2p10d40l with K=245 up to limit 1600
[2025-12-12 08:25:27] [generate_cnf] Generating formula bobunr2p10d40l with K=246
[2025-12-12 08:25:32] [run_formula] Running formula bobunr2p10d40l with K=246 up to limit 1600
[2025-12-12 08:25:35] [generate_cnf] Generating formula bobunr2p10d40l with K=247
[2025-12-12 08:25:40] [run_formula] Running formula bobunr2p10d40l with K=247 up to limit 1600
[2025-12-12 08:25:44] [generate_cnf] Generating formula bobunr2p10d40l with K=248
[2025-12-12 08:25:49] [run_formula] Running formula bobunr2p10d40l with K=248 up to limit 1600
[2025-12-12 08:25:52] [generate_cnf] Generating formula bobunr2p10d40l with K=249
[2025-12-12 08:25:57] [run_formula] Running formula bobunr2p10d40l with K=249 up to limit 1600
[2025-12-12 08:26:01] [generate_cnf] Generating formula bobunr2p10d40l with K=250
[2025-12-12 08:26:06] [run_formula] Running formula bobunr2p10d40l with K=250 up to limit 1600
[2025-12-12 08:26:10] [generate_cnf] Generating formula bobunr2p10d40l with K=251
[2025-12-12 08:26:15] [run_formula] Running formula bobunr2p10d40l with K=251 up to limit 1600
[2025-12-12 08:26:19] [generate_cnf] Generating formula bobunr2p10d40l with K=252
[2025-12-12 08:26:24] [run_formula] Running formula bobunr2p10d40l with K=252 up to limit 1600
[2025-12-12 08:26:28] [generate_cnf] Generating formula bobunr2p10d40l with K=253
[2025-12-12 08:26:33] [run_formula] Running formula bobunr2p10d40l with K=253 up to limit 1600
[2025-12-12 08:26:37] [generate_cnf] Generating formula bobunr2p10d40l with K=254
[2025-12-12 08:26:43] [run_formula] Running formula bobunr2p10d40l with K=254 up to limit 1600
[2025-12-12 08:26:46] [generate_cnf] Generating formula bobunr2p10d40l with K=255
[2025-12-12 08:26:52] [run_formula] Running formula bobunr2p10d40l with K=255 up to limit 1600
[2025-12-12 08:26:56] [generate_cnf] Generating formula bobunr2p10d40l with K=256
[2025-12-12 08:27:01] [run_formula] Running formula bobunr2p10d40l with K=256 up to limit 1600
[2025-12-12 08:27:05] [generate_cnf] Generating formula bobunr2p10d40l with K=257
[2025-12-12 08:27:10] [run_formula] Running formula bobunr2p10d40l with K=257 up to limit 1600
[2025-12-12 08:27:14] [generate_cnf] Generating formula bobunr2p10d40l with K=258
[2025-12-12 08:27:19] [run_formula] Running formula bobunr2p10d40l with K=258 up to limit 1600
[2025-12-12 08:27:23] [generate_cnf] Generating formula bobunr2p10d40l with K=259
[2025-12-12 08:27:28] [run_formula] Running formula bobunr2p10d40l with K=259 up to limit 1600
[2025-12-12 08:27:32] [generate_cnf] Generating formula bobunr2p10d40l with K=260
[2025-12-12 08:27:38] [run_formula] Running formula bobunr2p10d40l with K=260 up to limit 1600
[2025-12-12 08:27:41] [generate_cnf] Generating formula bobunr2p10d40l with K=261
[2025-12-12 08:27:47] [run_formula] Running formula bobunr2p10d40l with K=261 up to limit 1600
[2025-12-12 08:27:52] [generate_cnf] Generating formula bobunr2p10d40l with K=262
[2025-12-12 08:27:58] [run_formula] Running formula bobunr2p10d40l with K=262 up to limit 1600
[2025-12-12 08:28:02] [run_formula] Error running formula bobunr2p10d40l with K=262: [Errno 122] Disk quota exceeded: './results/solving_logs/bobunr2p10d40l//bobunr2p10d40l.262.log'
[2025-12-12 08:28:02] [generate_and_run_up_to_limit] Failed to run formula bobunr2p10d40l with K=262, halting
