CNF written.
CNF written.
CNF written.
CNF written.
CNF written.
CNF written.
CNF written.
CNF written.
CNF written.
CNF written.
CNF written.
CNF written.
CNF written.
CNF written.
[2025-12-12 08:10:20] [generate_and_run_up_to_limit] Generating and running buggy_ridecore with K<=500 up to limit 1600
[2025-12-12 08:10:20] [generate_cnf] Generating formula buggy_ridecore with K=1
[2025-12-12 08:10:27] [run_formula] Running formula buggy_ridecore with K=1 up to limit 1600
[2025-12-12 08:10:28] [generate_cnf] Generating formula buggy_ridecore with K=2
[2025-12-12 08:10:36] [run_formula] Running formula buggy_ridecore with K=2 up to limit 1600
[2025-12-12 08:10:37] [generate_cnf] Generating formula buggy_ridecore with K=3
[2025-12-12 08:10:47] [run_formula] Running formula buggy_ridecore with K=3 up to limit 1600
[2025-12-12 08:10:49] [generate_cnf] Generating formula buggy_ridecore with K=4
[2025-12-12 08:11:01] [run_formula] Running formula buggy_ridecore with K=4 up to limit 1600
[2025-12-12 08:11:02] [generate_cnf] Generating formula buggy_ridecore with K=5
[2025-12-12 08:11:18] [run_formula] Running formula buggy_ridecore with K=5 up to limit 1600
[2025-12-12 08:11:20] [generate_cnf] Generating formula buggy_ridecore with K=6
[2025-12-12 08:11:36] [run_formula] Running formula buggy_ridecore with K=6 up to limit 1600
[2025-12-12 08:11:38] [generate_cnf] Generating formula buggy_ridecore with K=7
[2025-12-12 08:11:56] [run_formula] Running formula buggy_ridecore with K=7 up to limit 1600
[2025-12-12 08:11:59] [generate_cnf] Generating formula buggy_ridecore with K=8
[2025-12-12 08:12:19] [run_formula] Running formula buggy_ridecore with K=8 up to limit 1600
[2025-12-12 08:12:22] [generate_cnf] Generating formula buggy_ridecore with K=9
[2025-12-12 08:12:44] [run_formula] Running formula buggy_ridecore with K=9 up to limit 1600
[2025-12-12 08:12:47] [generate_cnf] Generating formula buggy_ridecore with K=10
[2025-12-12 08:13:11] [run_formula] Running formula buggy_ridecore with K=10 up to limit 1600
[2025-12-12 08:13:16] [generate_cnf] Generating formula buggy_ridecore with K=11
[2025-12-12 08:13:42] [run_formula] Running formula buggy_ridecore with K=11 up to limit 1600
[2025-12-12 08:13:55] [generate_cnf] Generating formula buggy_ridecore with K=12
[2025-12-12 08:14:23] [run_formula] Running formula buggy_ridecore with K=12 up to limit 1600
[2025-12-12 08:15:11] [generate_cnf] Generating formula buggy_ridecore with K=13
[2025-12-12 08:15:41] [run_formula] Running formula buggy_ridecore with K=13 up to limit 1600
[2025-12-12 08:18:53] [generate_cnf] Generating formula buggy_ridecore with K=14
[2025-12-12 08:19:24] [run_formula] Running formula buggy_ridecore with K=14 up to limit 1600
[2025-12-12 08:29:37] [run_formula] Error running formula buggy_ridecore with K=14: [Errno 122] Disk quota exceeded: './results/solving_logs/buggy_ridecore//buggy_ridecore.14.log'
[2025-12-12 08:29:37] [generate_and_run_up_to_limit] Failed to run formula buggy_ridecore with K=14, halting
