CNF written.
CNF written.
CNF written.
CNF written.
CNF written.
CNF written.
CNF written.
CNF written.
CNF written.
[2025-12-12 07:56:55] [generate_and_run_up_to_limit] Generating and running cal119 with K<=500 up to limit 1600
[2025-12-12 07:56:55] [generate_cnf] Generating formula cal119 with K=1
[2025-12-12 07:56:56] [run_formula] Running formula cal119 with K=1 up to limit 1600
[2025-12-12 07:56:56] [generate_cnf] Generating formula cal119 with K=2
[2025-12-12 07:56:57] [run_formula] Running formula cal119 with K=2 up to limit 1600
[2025-12-12 07:56:59] [generate_cnf] Generating formula cal119 with K=3
[2025-12-12 07:56:59] [run_formula] Running formula cal119 with K=3 up to limit 1600
[2025-12-12 07:57:03] [generate_cnf] Generating formula cal119 with K=4
[2025-12-12 07:57:04] [run_formula] Running formula cal119 with K=4 up to limit 1600
[2025-12-12 07:57:08] [generate_cnf] Generating formula cal119 with K=5
[2025-12-12 07:57:09] [run_formula] Running formula cal119 with K=5 up to limit 1600
[2025-12-12 07:57:25] [generate_cnf] Generating formula cal119 with K=6
[2025-12-12 07:57:26] [run_formula] Running formula cal119 with K=6 up to limit 1600
[2025-12-12 07:59:24] [generate_cnf] Generating formula cal119 with K=7
[2025-12-12 07:59:26] [run_formula] Running formula cal119 with K=7 up to limit 1600
[2025-12-12 08:06:31] [generate_cnf] Generating formula cal119 with K=8
[2025-12-12 08:06:32] [run_formula] Running formula cal119 with K=8 up to limit 1600
[2025-12-12 08:21:16] [generate_cnf] Generating formula cal119 with K=9
[2025-12-12 08:21:17] [run_formula] Running formula cal119 with K=9 up to limit 1600
[2025-12-12 08:47:57] [run_formula] Formula cal119 with K=9 timed out after 1600 seconds
[2025-12-12 08:47:57] [generate_and_run_up_to_limit] Failed to run formula cal119 with K=9, halting
