CNF written.
CNF written.
CNF written.
CNF written.
CNF written.
CNF written.
CNF written.
CNF written.
[2025-12-12 07:23:35] [generate_and_run_up_to_limit] Generating and running cal142 with K<=500 up to limit 1600
[2025-12-12 07:23:35] [generate_cnf] Generating formula cal142 with K=1
[2025-12-12 07:23:35] [run_formula] Running formula cal142 with K=1 up to limit 1600
[2025-12-12 07:23:35] [generate_cnf] Generating formula cal142 with K=2
[2025-12-12 07:23:36] [run_formula] Running formula cal142 with K=2 up to limit 1600
[2025-12-12 07:23:38] [generate_cnf] Generating formula cal142 with K=3
[2025-12-12 07:23:38] [run_formula] Running formula cal142 with K=3 up to limit 1600
[2025-12-12 07:23:42] [generate_cnf] Generating formula cal142 with K=4
[2025-12-12 07:23:43] [run_formula] Running formula cal142 with K=4 up to limit 1600
[2025-12-12 07:23:50] [generate_cnf] Generating formula cal142 with K=5
[2025-12-12 07:23:51] [run_formula] Running formula cal142 with K=5 up to limit 1600
[2025-12-12 07:24:03] [generate_cnf] Generating formula cal142 with K=6
[2025-12-12 07:24:04] [run_formula] Running formula cal142 with K=6 up to limit 1600
[2025-12-12 07:25:43] [generate_cnf] Generating formula cal142 with K=7
[2025-12-12 07:25:44] [run_formula] Running formula cal142 with K=7 up to limit 1600
[2025-12-12 07:32:41] [generate_cnf] Generating formula cal142 with K=8
[2025-12-12 07:32:42] [run_formula] Running formula cal142 with K=8 up to limit 1600
[2025-12-12 07:59:22] [run_formula] Formula cal142 with K=8 timed out after 1600 seconds
[2025-12-12 07:59:22] [generate_and_run_up_to_limit] Failed to run formula cal142 with K=8, halting
