CNF written.
CNF written.
CNF written.
CNF written.
CNF written.
CNF written.
CNF written.
CNF written.
CNF written.
CNF written.
CNF written.
CNF written.
CNF written.
CNF written.
CNF written.
CNF written.
CNF written.
CNF written.
CNF written.
CNF written.
CNF written.
CNF written.
CNF written.
CNF written.
CNF written.
CNF written.
CNF written.
CNF written.
CNF written.
CNF written.
CNF written.
CNF written.
CNF written.
CNF written.
CNF written.
CNF written.
CNF written.
CNF written.
CNF written.
CNF written.
CNF written.
CNF written.
CNF written.
CNF written.
CNF written.
CNF written.
CNF written.
CNF written.
CNF written.
CNF written.
CNF written.
CNF written.
CNF written.
CNF written.
CNF written.
CNF written.
CNF written.
CNF written.
CNF written.
CNF written.
CNF written.
CNF written.
CNF written.
CNF written.
CNF written.
CNF written.
CNF written.
CNF written.
CNF written.
CNF written.
CNF written.
CNF written.
CNF written.
CNF written.
CNF written.
CNF written.
CNF written.
CNF written.
CNF written.
CNF written.
CNF written.
CNF written.
[2025-12-12 07:07:11] [generate_and_run_up_to_limit] Generating and running cal161 with K<=500 up to limit 1600
[2025-12-12 07:07:11] [generate_cnf] Generating formula cal161 with K=1
[2025-12-12 07:07:11] [run_formula] Running formula cal161 with K=1 up to limit 1600
[2025-12-12 07:07:11] [generate_cnf] Generating formula cal161 with K=2
[2025-12-12 07:07:12] [run_formula] Running formula cal161 with K=2 up to limit 1600
[2025-12-12 07:07:12] [generate_cnf] Generating formula cal161 with K=3
[2025-12-12 07:07:13] [run_formula] Running formula cal161 with K=3 up to limit 1600
[2025-12-12 07:07:13] [generate_cnf] Generating formula cal161 with K=4
[2025-12-12 07:07:14] [run_formula] Running formula cal161 with K=4 up to limit 1600
[2025-12-12 07:07:14] [generate_cnf] Generating formula cal161 with K=5
[2025-12-12 07:07:15] [run_formula] Running formula cal161 with K=5 up to limit 1600
[2025-12-12 07:07:16] [generate_cnf] Generating formula cal161 with K=6
[2025-12-12 07:07:17] [run_formula] Running formula cal161 with K=6 up to limit 1600
[2025-12-12 07:07:17] [generate_cnf] Generating formula cal161 with K=7
[2025-12-12 07:07:19] [run_formula] Running formula cal161 with K=7 up to limit 1600
[2025-12-12 07:07:19] [generate_cnf] Generating formula cal161 with K=8
[2025-12-12 07:07:21] [run_formula] Running formula cal161 with K=8 up to limit 1600
[2025-12-12 07:07:22] [generate_cnf] Generating formula cal161 with K=9
[2025-12-12 07:07:23] [run_formula] Running formula cal161 with K=9 up to limit 1600
[2025-12-12 07:07:25] [generate_cnf] Generating formula cal161 with K=10
[2025-12-12 07:07:26] [run_formula] Running formula cal161 with K=10 up to limit 1600
[2025-12-12 07:07:28] [generate_cnf] Generating formula cal161 with K=11
[2025-12-12 07:07:29] [run_formula] Running formula cal161 with K=11 up to limit 1600
[2025-12-12 07:07:32] [generate_cnf] Generating formula cal161 with K=12
[2025-12-12 07:07:34] [run_formula] Running formula cal161 with K=12 up to limit 1600
[2025-12-12 07:07:40] [generate_cnf] Generating formula cal161 with K=13
[2025-12-12 07:07:42] [run_formula] Running formula cal161 with K=13 up to limit 1600
[2025-12-12 07:07:45] [generate_cnf] Generating formula cal161 with K=14
[2025-12-12 07:07:48] [run_formula] Running formula cal161 with K=14 up to limit 1600
[2025-12-12 07:07:50] [generate_cnf] Generating formula cal161 with K=15
[2025-12-12 07:07:52] [run_formula] Running formula cal161 with K=15 up to limit 1600
[2025-12-12 07:07:59] [generate_cnf] Generating formula cal161 with K=16
[2025-12-12 07:08:02] [run_formula] Running formula cal161 with K=16 up to limit 1600
[2025-12-12 07:08:06] [generate_cnf] Generating formula cal161 with K=17
[2025-12-12 07:08:08] [run_formula] Running formula cal161 with K=17 up to limit 1600
[2025-12-12 07:08:14] [generate_cnf] Generating formula cal161 with K=18
[2025-12-12 07:08:16] [run_formula] Running formula cal161 with K=18 up to limit 1600
[2025-12-12 07:08:21] [generate_cnf] Generating formula cal161 with K=19
[2025-12-12 07:08:24] [run_formula] Running formula cal161 with K=19 up to limit 1600
[2025-12-12 07:08:31] [generate_cnf] Generating formula cal161 with K=20
[2025-12-12 07:08:34] [run_formula] Running formula cal161 with K=20 up to limit 1600
[2025-12-12 07:08:44] [generate_cnf] Generating formula cal161 with K=21
[2025-12-12 07:08:47] [run_formula] Running formula cal161 with K=21 up to limit 1600
[2025-12-12 07:08:54] [generate_cnf] Generating formula cal161 with K=22
[2025-12-12 07:08:58] [run_formula] Running formula cal161 with K=22 up to limit 1600
[2025-12-12 07:09:06] [generate_cnf] Generating formula cal161 with K=23
[2025-12-12 07:09:10] [run_formula] Running formula cal161 with K=23 up to limit 1600
[2025-12-12 07:09:20] [generate_cnf] Generating formula cal161 with K=24
[2025-12-12 07:09:24] [run_formula] Running formula cal161 with K=24 up to limit 1600
[2025-12-12 07:09:39] [generate_cnf] Generating formula cal161 with K=25
[2025-12-12 07:09:42] [run_formula] Running formula cal161 with K=25 up to limit 1600
[2025-12-12 07:10:02] [generate_cnf] Generating formula cal161 with K=26
[2025-12-12 07:10:06] [run_formula] Running formula cal161 with K=26 up to limit 1600
[2025-12-12 07:10:19] [generate_cnf] Generating formula cal161 with K=27
[2025-12-12 07:10:23] [run_formula] Running formula cal161 with K=27 up to limit 1600
[2025-12-12 07:10:37] [generate_cnf] Generating formula cal161 with K=28
[2025-12-12 07:10:41] [run_formula] Running formula cal161 with K=28 up to limit 1600
[2025-12-12 07:11:11] [generate_cnf] Generating formula cal161 with K=29
[2025-12-12 07:11:15] [run_formula] Running formula cal161 with K=29 up to limit 1600
[2025-12-12 07:11:31] [generate_cnf] Generating formula cal161 with K=30
[2025-12-12 07:11:35] [run_formula] Running formula cal161 with K=30 up to limit 1600
[2025-12-12 07:12:11] [generate_cnf] Generating formula cal161 with K=31
[2025-12-12 07:12:15] [run_formula] Running formula cal161 with K=31 up to limit 1600
[2025-12-12 07:12:45] [generate_cnf] Generating formula cal161 with K=32
[2025-12-12 07:12:50] [run_formula] Running formula cal161 with K=32 up to limit 1600
[2025-12-12 07:13:21] [generate_cnf] Generating formula cal161 with K=33
[2025-12-12 07:13:27] [run_formula] Running formula cal161 with K=33 up to limit 1600
[2025-12-12 07:13:55] [generate_cnf] Generating formula cal161 with K=34
[2025-12-12 07:14:00] [run_formula] Running formula cal161 with K=34 up to limit 1600
[2025-12-12 07:14:25] [generate_cnf] Generating formula cal161 with K=35
[2025-12-12 07:14:30] [run_formula] Running formula cal161 with K=35 up to limit 1600
[2025-12-12 07:14:59] [generate_cnf] Generating formula cal161 with K=36
[2025-12-12 07:15:04] [run_formula] Running formula cal161 with K=36 up to limit 1600
[2025-12-12 07:15:29] [generate_cnf] Generating formula cal161 with K=37
[2025-12-12 07:15:34] [run_formula] Running formula cal161 with K=37 up to limit 1600
[2025-12-12 07:16:03] [generate_cnf] Generating formula cal161 with K=38
[2025-12-12 07:16:09] [run_formula] Running formula cal161 with K=38 up to limit 1600
[2025-12-12 07:16:36] [generate_cnf] Generating formula cal161 with K=39
[2025-12-12 07:16:42] [run_formula] Running formula cal161 with K=39 up to limit 1600
[2025-12-12 07:17:11] [generate_cnf] Generating formula cal161 with K=40
[2025-12-12 07:17:17] [run_formula] Running formula cal161 with K=40 up to limit 1600
[2025-12-12 07:17:50] [generate_cnf] Generating formula cal161 with K=41
[2025-12-12 07:17:56] [run_formula] Running formula cal161 with K=41 up to limit 1600
[2025-12-12 07:18:30] [generate_cnf] Generating formula cal161 with K=42
[2025-12-12 07:18:35] [run_formula] Running formula cal161 with K=42 up to limit 1600
[2025-12-12 07:19:16] [generate_cnf] Generating formula cal161 with K=43
[2025-12-12 07:19:23] [run_formula] Running formula cal161 with K=43 up to limit 1600
[2025-12-12 07:20:01] [generate_cnf] Generating formula cal161 with K=44
[2025-12-12 07:20:07] [run_formula] Running formula cal161 with K=44 up to limit 1600
[2025-12-12 07:20:38] [generate_cnf] Generating formula cal161 with K=45
[2025-12-12 07:20:45] [run_formula] Running formula cal161 with K=45 up to limit 1600
[2025-12-12 07:21:38] [generate_cnf] Generating formula cal161 with K=46
[2025-12-12 07:21:44] [run_formula] Running formula cal161 with K=46 up to limit 1600
[2025-12-12 07:22:21] [generate_cnf] Generating formula cal161 with K=47
[2025-12-12 07:22:27] [run_formula] Running formula cal161 with K=47 up to limit 1600
[2025-12-12 07:23:12] [generate_cnf] Generating formula cal161 with K=48
[2025-12-12 07:23:19] [run_formula] Running formula cal161 with K=48 up to limit 1600
[2025-12-12 07:23:58] [generate_cnf] Generating formula cal161 with K=49
[2025-12-12 07:24:05] [run_formula] Running formula cal161 with K=49 up to limit 1600
[2025-12-12 07:24:58] [generate_cnf] Generating formula cal161 with K=50
[2025-12-12 07:25:04] [run_formula] Running formula cal161 with K=50 up to limit 1600
[2025-12-12 07:25:47] [generate_cnf] Generating formula cal161 with K=51
[2025-12-12 07:25:54] [run_formula] Running formula cal161 with K=51 up to limit 1600
[2025-12-12 07:27:07] [generate_cnf] Generating formula cal161 with K=52
[2025-12-12 07:27:15] [run_formula] Running formula cal161 with K=52 up to limit 1600
[2025-12-12 07:28:13] [generate_cnf] Generating formula cal161 with K=53
[2025-12-12 07:28:20] [run_formula] Running formula cal161 with K=53 up to limit 1600
[2025-12-12 07:29:11] [generate_cnf] Generating formula cal161 with K=54
[2025-12-12 07:29:19] [run_formula] Running formula cal161 with K=54 up to limit 1600
[2025-12-12 07:30:11] [generate_cnf] Generating formula cal161 with K=55
[2025-12-12 07:30:18] [run_formula] Running formula cal161 with K=55 up to limit 1600
[2025-12-12 07:31:27] [generate_cnf] Generating formula cal161 with K=56
[2025-12-12 07:31:35] [run_formula] Running formula cal161 with K=56 up to limit 1600
[2025-12-12 07:32:35] [generate_cnf] Generating formula cal161 with K=57
[2025-12-12 07:32:44] [run_formula] Running formula cal161 with K=57 up to limit 1600
[2025-12-12 07:33:32] [generate_cnf] Generating formula cal161 with K=58
[2025-12-12 07:33:40] [run_formula] Running formula cal161 with K=58 up to limit 1600
[2025-12-12 07:34:35] [generate_cnf] Generating formula cal161 with K=59
[2025-12-12 07:34:43] [run_formula] Running formula cal161 with K=59 up to limit 1600
[2025-12-12 07:35:58] [generate_cnf] Generating formula cal161 with K=60
[2025-12-12 07:36:06] [run_formula] Running formula cal161 with K=60 up to limit 1600
[2025-12-12 07:37:09] [generate_cnf] Generating formula cal161 with K=61
[2025-12-12 07:37:18] [run_formula] Running formula cal161 with K=61 up to limit 1600
[2025-12-12 07:38:47] [generate_cnf] Generating formula cal161 with K=62
[2025-12-12 07:38:55] [run_formula] Running formula cal161 with K=62 up to limit 1600
[2025-12-12 07:40:18] [generate_cnf] Generating formula cal161 with K=63
[2025-12-12 07:40:26] [run_formula] Running formula cal161 with K=63 up to limit 1600
[2025-12-12 07:42:33] [generate_cnf] Generating formula cal161 with K=64
[2025-12-12 07:42:42] [run_formula] Running formula cal161 with K=64 up to limit 1600
[2025-12-12 07:44:17] [generate_cnf] Generating formula cal161 with K=65
[2025-12-12 07:44:26] [run_formula] Running formula cal161 with K=65 up to limit 1600
[2025-12-12 07:45:57] [generate_cnf] Generating formula cal161 with K=66
[2025-12-12 07:46:06] [run_formula] Running formula cal161 with K=66 up to limit 1600
[2025-12-12 07:47:56] [generate_cnf] Generating formula cal161 with K=67
[2025-12-12 07:48:06] [run_formula] Running formula cal161 with K=67 up to limit 1600
[2025-12-12 07:50:13] [generate_cnf] Generating formula cal161 with K=68
[2025-12-12 07:50:23] [run_formula] Running formula cal161 with K=68 up to limit 1600
[2025-12-12 07:52:15] [generate_cnf] Generating formula cal161 with K=69
[2025-12-12 07:52:25] [run_formula] Running formula cal161 with K=69 up to limit 1600
[2025-12-12 07:54:53] [generate_cnf] Generating formula cal161 with K=70
[2025-12-12 07:55:03] [run_formula] Running formula cal161 with K=70 up to limit 1600
[2025-12-12 07:56:59] [generate_cnf] Generating formula cal161 with K=71
[2025-12-12 07:57:09] [run_formula] Running formula cal161 with K=71 up to limit 1600
[2025-12-12 07:59:08] [generate_cnf] Generating formula cal161 with K=72
[2025-12-12 07:59:18] [run_formula] Running formula cal161 with K=72 up to limit 1600
[2025-12-12 08:01:31] [generate_cnf] Generating formula cal161 with K=73
[2025-12-12 08:01:42] [run_formula] Running formula cal161 with K=73 up to limit 1600
[2025-12-12 08:03:46] [generate_cnf] Generating formula cal161 with K=74
[2025-12-12 08:03:57] [run_formula] Running formula cal161 with K=74 up to limit 1600
[2025-12-12 08:06:20] [generate_cnf] Generating formula cal161 with K=75
[2025-12-12 08:06:31] [run_formula] Running formula cal161 with K=75 up to limit 1600
[2025-12-12 08:08:40] [generate_cnf] Generating formula cal161 with K=76
[2025-12-12 08:08:52] [run_formula] Running formula cal161 with K=76 up to limit 1600
[2025-12-12 08:11:19] [generate_cnf] Generating formula cal161 with K=77
[2025-12-12 08:11:30] [run_formula] Running formula cal161 with K=77 up to limit 1600
[2025-12-12 08:14:32] [generate_cnf] Generating formula cal161 with K=78
[2025-12-12 08:14:43] [run_formula] Running formula cal161 with K=78 up to limit 1600
[2025-12-12 08:17:05] [generate_cnf] Generating formula cal161 with K=79
[2025-12-12 08:17:16] [run_formula] Running formula cal161 with K=79 up to limit 1600
[2025-12-12 08:20:10] [generate_cnf] Generating formula cal161 with K=80
[2025-12-12 08:20:22] [run_formula] Running formula cal161 with K=80 up to limit 1600
[2025-12-12 08:22:40] [generate_cnf] Generating formula cal161 with K=81
[2025-12-12 08:22:52] [run_formula] Running formula cal161 with K=81 up to limit 1600
[2025-12-12 08:25:21] [generate_cnf] Generating formula cal161 with K=82
[2025-12-12 08:25:33] [run_formula] Running formula cal161 with K=82 up to limit 1600
[2025-12-12 08:28:20] [run_formula] Error running formula cal161 with K=82: [Errno 122] Disk quota exceeded: './results/solving_logs/cal161//cal161.82.log'
[2025-12-12 08:28:20] [generate_and_run_up_to_limit] Failed to run formula cal161 with K=82, halting
