CNF written.
CNF written.
CNF written.
CNF written.
CNF written.
CNF written.
CNF written.
CNF written.
CNF written.
[2025-12-12 07:40:05] [generate_and_run_up_to_limit] Generating and running cal122 with K<=500 up to limit 1600
[2025-12-12 07:40:05] [generate_cnf] Generating formula cal122 with K=1
[2025-12-12 07:40:05] [run_formula] Running formula cal122 with K=1 up to limit 1600
[2025-12-12 07:40:05] [generate_cnf] Generating formula cal122 with K=2
[2025-12-12 07:40:06] [run_formula] Running formula cal122 with K=2 up to limit 1600
[2025-12-12 07:40:06] [generate_cnf] Generating formula cal122 with K=3
[2025-12-12 07:40:07] [run_formula] Running formula cal122 with K=3 up to limit 1600
[2025-12-12 07:40:09] [generate_cnf] Generating formula cal122 with K=4
[2025-12-12 07:40:09] [run_formula] Running formula cal122 with K=4 up to limit 1600
[2025-12-12 07:40:12] [generate_cnf] Generating formula cal122 with K=5
[2025-12-12 07:40:13] [run_formula] Running formula cal122 with K=5 up to limit 1600
[2025-12-12 07:40:22] [generate_cnf] Generating formula cal122 with K=6
[2025-12-12 07:40:22] [run_formula] Running formula cal122 with K=6 up to limit 1600
[2025-12-12 07:41:20] [generate_cnf] Generating formula cal122 with K=7
[2025-12-12 07:41:21] [run_formula] Running formula cal122 with K=7 up to limit 1600
[2025-12-12 07:45:58] [generate_cnf] Generating formula cal122 with K=8
[2025-12-12 07:45:59] [run_formula] Running formula cal122 with K=8 up to limit 1600
[2025-12-12 08:03:41] [generate_cnf] Generating formula cal122 with K=9
[2025-12-12 08:03:42] [run_formula] Running formula cal122 with K=9 up to limit 1600
[2025-12-12 08:30:22] [run_formula] Formula cal122 with K=9 timed out after 1600 seconds
[2025-12-12 08:30:22] [generate_and_run_up_to_limit] Failed to run formula cal122 with K=9, halting
