CNF written.
CNF written.
CNF written.
CNF written.
CNF written.
CNF written.
CNF written.
CNF written.
CNF written.
[2025-12-12 07:17:01] [generate_and_run_up_to_limit] Generating and running cal140 with K<=500 up to limit 1600
[2025-12-12 07:17:01] [generate_cnf] Generating formula cal140 with K=1
[2025-12-12 07:17:01] [run_formula] Running formula cal140 with K=1 up to limit 1600
[2025-12-12 07:17:02] [generate_cnf] Generating formula cal140 with K=2
[2025-12-12 07:17:02] [run_formula] Running formula cal140 with K=2 up to limit 1600
[2025-12-12 07:17:03] [generate_cnf] Generating formula cal140 with K=3
[2025-12-12 07:17:03] [run_formula] Running formula cal140 with K=3 up to limit 1600
[2025-12-12 07:17:06] [generate_cnf] Generating formula cal140 with K=4
[2025-12-12 07:17:06] [run_formula] Running formula cal140 with K=4 up to limit 1600
[2025-12-12 07:17:10] [generate_cnf] Generating formula cal140 with K=5
[2025-12-12 07:17:11] [run_formula] Running formula cal140 with K=5 up to limit 1600
[2025-12-12 07:17:18] [generate_cnf] Generating formula cal140 with K=6
[2025-12-12 07:17:19] [run_formula] Running formula cal140 with K=6 up to limit 1600
[2025-12-12 07:18:56] [generate_cnf] Generating formula cal140 with K=7
[2025-12-12 07:18:57] [run_formula] Running formula cal140 with K=7 up to limit 1600
[2025-12-12 07:24:16] [generate_cnf] Generating formula cal140 with K=8
[2025-12-12 07:24:17] [run_formula] Running formula cal140 with K=8 up to limit 1600
[2025-12-12 07:43:16] [generate_cnf] Generating formula cal140 with K=9
[2025-12-12 07:43:17] [run_formula] Running formula cal140 with K=9 up to limit 1600
[2025-12-12 08:09:57] [run_formula] Formula cal140 with K=9 timed out after 1600 seconds
[2025-12-12 08:09:57] [generate_and_run_up_to_limit] Failed to run formula cal140 with K=9, halting
