CNF written.
CNF written.
CNF written.
CNF written.
CNF written.
CNF written.
CNF written.
CNF written.
CNF written.
[2025-12-12 07:57:05] [generate_and_run_up_to_limit] Generating and running cal107 with K<=500 up to limit 1600
[2025-12-12 07:57:05] [generate_cnf] Generating formula cal107 with K=1
[2025-12-12 07:57:05] [run_formula] Running formula cal107 with K=1 up to limit 1600
[2025-12-12 07:57:09] [generate_cnf] Generating formula cal107 with K=2
[2025-12-12 07:57:09] [run_formula] Running formula cal107 with K=2 up to limit 1600
[2025-12-12 07:57:18] [generate_cnf] Generating formula cal107 with K=3
[2025-12-12 07:57:19] [run_formula] Running formula cal107 with K=3 up to limit 1600
[2025-12-12 07:57:50] [generate_cnf] Generating formula cal107 with K=4
[2025-12-12 07:57:51] [run_formula] Running formula cal107 with K=4 up to limit 1600
[2025-12-12 07:58:25] [generate_cnf] Generating formula cal107 with K=5
[2025-12-12 07:58:25] [run_formula] Running formula cal107 with K=5 up to limit 1600
[2025-12-12 07:59:14] [generate_cnf] Generating formula cal107 with K=6
[2025-12-12 07:59:15] [run_formula] Running formula cal107 with K=6 up to limit 1600
[2025-12-12 08:00:30] [generate_cnf] Generating formula cal107 with K=7
[2025-12-12 08:00:30] [run_formula] Running formula cal107 with K=7 up to limit 1600
[2025-12-12 08:05:17] [generate_cnf] Generating formula cal107 with K=8
[2025-12-12 08:05:18] [run_formula] Running formula cal107 with K=8 up to limit 1600
[2025-12-12 08:13:46] [generate_cnf] Generating formula cal107 with K=9
[2025-12-12 08:13:47] [run_formula] Running formula cal107 with K=9 up to limit 1600
[2025-12-12 08:34:16] [run_formula] Error running formula cal107 with K=9: [Errno 122] Disk quota exceeded: './results/solving_logs/cal107//cal107.9.log'
[2025-12-12 08:34:16] [generate_and_run_up_to_limit] Failed to run formula cal107 with K=9, halting
