CNF written.
CNF written.
CNF written.
CNF written.
CNF written.
CNF written.
CNF written.
CNF written.
CNF written.
[2025-12-12 07:20:20] [generate_and_run_up_to_limit] Generating and running cal123 with K<=500 up to limit 1600
[2025-12-12 07:20:20] [generate_cnf] Generating formula cal123 with K=1
[2025-12-12 07:20:20] [run_formula] Running formula cal123 with K=1 up to limit 1600
[2025-12-12 07:20:21] [generate_cnf] Generating formula cal123 with K=2
[2025-12-12 07:20:21] [run_formula] Running formula cal123 with K=2 up to limit 1600
[2025-12-12 07:20:22] [generate_cnf] Generating formula cal123 with K=3
[2025-12-12 07:20:23] [run_formula] Running formula cal123 with K=3 up to limit 1600
[2025-12-12 07:20:25] [generate_cnf] Generating formula cal123 with K=4
[2025-12-12 07:20:26] [run_formula] Running formula cal123 with K=4 up to limit 1600
[2025-12-12 07:20:29] [generate_cnf] Generating formula cal123 with K=5
[2025-12-12 07:20:30] [run_formula] Running formula cal123 with K=5 up to limit 1600
[2025-12-12 07:20:40] [generate_cnf] Generating formula cal123 with K=6
[2025-12-12 07:20:41] [run_formula] Running formula cal123 with K=6 up to limit 1600
[2025-12-12 07:22:07] [generate_cnf] Generating formula cal123 with K=7
[2025-12-12 07:22:07] [run_formula] Running formula cal123 with K=7 up to limit 1600
[2025-12-12 07:28:29] [generate_cnf] Generating formula cal123 with K=8
[2025-12-12 07:28:30] [run_formula] Running formula cal123 with K=8 up to limit 1600
[2025-12-12 07:53:11] [generate_cnf] Generating formula cal123 with K=9
[2025-12-12 07:53:12] [run_formula] Running formula cal123 with K=9 up to limit 1600
[2025-12-12 08:19:52] [run_formula] Formula cal123 with K=9 timed out after 1600 seconds
[2025-12-12 08:19:52] [generate_and_run_up_to_limit] Failed to run formula cal123 with K=9, halting
