CNF written.
CNF written.
CNF written.
CNF written.
CNF written.
CNF written.
CNF written.
CNF written.
[2025-12-12 08:10:21] [generate_and_run_up_to_limit] Generating and running cal143 with K<=500 up to limit 1600
[2025-12-12 08:10:21] [generate_cnf] Generating formula cal143 with K=1
[2025-12-12 08:10:21] [run_formula] Running formula cal143 with K=1 up to limit 1600
[2025-12-12 08:10:21] [generate_cnf] Generating formula cal143 with K=2
[2025-12-12 08:10:22] [run_formula] Running formula cal143 with K=2 up to limit 1600
[2025-12-12 08:10:23] [generate_cnf] Generating formula cal143 with K=3
[2025-12-12 08:10:23] [run_formula] Running formula cal143 with K=3 up to limit 1600
[2025-12-12 08:10:25] [generate_cnf] Generating formula cal143 with K=4
[2025-12-12 08:10:26] [run_formula] Running formula cal143 with K=4 up to limit 1600
[2025-12-12 08:10:29] [generate_cnf] Generating formula cal143 with K=5
[2025-12-12 08:10:29] [run_formula] Running formula cal143 with K=5 up to limit 1600
[2025-12-12 08:10:34] [generate_cnf] Generating formula cal143 with K=6
[2025-12-12 08:10:34] [run_formula] Running formula cal143 with K=6 up to limit 1600
[2025-12-12 08:11:48] [generate_cnf] Generating formula cal143 with K=7
[2025-12-12 08:11:49] [run_formula] Running formula cal143 with K=7 up to limit 1600
[2025-12-12 08:16:14] [generate_cnf] Generating formula cal143 with K=8
[2025-12-12 08:16:15] [run_formula] Running formula cal143 with K=8 up to limit 1600
[2025-12-12 08:32:24] [run_formula] Error running formula cal143 with K=8: [Errno 122] Disk quota exceeded: './results/solving_logs/cal143//cal143.8.log'
[2025-12-12 08:32:24] [generate_and_run_up_to_limit] Failed to run formula cal143 with K=8, halting
