CNF written.
[2025-12-12 16:00:21] [generate_and_run_up_to_limit] Generating and running cal112 with K<=500 up to limit 1600
[2025-12-12 16:00:21] [generate_cnf] Generating formula cal112 with K=1
[2025-12-12 16:00:21] [run_formula] Running formula cal112 with K=1 up to limit 1600
[2025-12-12 16:00:21] [generate_cnf] Generating formula cal112 with K=2
[2025-12-12 16:00:21] [run_formula] Running formula cal112 with K=2 up to limit 1600
[2025-12-12 16:00:21] [generate_cnf] Generating formula cal112 with K=3
[2025-12-12 16:00:21] [run_formula] Running formula cal112 with K=3 up to limit 1600
[2025-12-12 16:00:21] [generate_cnf] Generating formula cal112 with K=4
[2025-12-12 16:00:21] [run_formula] Running formula cal112 with K=4 up to limit 1600
[2025-12-12 16:00:21] [generate_cnf] Generating formula cal112 with K=5
[2025-12-12 16:00:21] [run_formula] Running formula cal112 with K=5 up to limit 1600
[2025-12-12 16:00:21] [generate_cnf] Generating formula cal112 with K=6
[2025-12-12 16:00:21] [run_formula] Running formula cal112 with K=6 up to limit 1600
[2025-12-12 16:00:21] [generate_cnf] Generating formula cal112 with K=7
[2025-12-12 16:00:21] [run_formula] Running formula cal112 with K=7 up to limit 1600
[2025-12-12 16:00:21] [generate_cnf] Generating formula cal112 with K=8
[2025-12-12 16:00:21] [run_formula] Running formula cal112 with K=8 up to limit 1600
[2025-12-12 16:00:21] [generate_cnf] Generating formula cal112 with K=9
[2025-12-12 16:00:21] [run_formula] Running formula cal112 with K=9 up to limit 1600
[2025-12-12 16:00:21] [generate_cnf] Generating formula cal112 with K=10
[2025-12-12 16:00:21] [run_formula] Running formula cal112 with K=10 up to limit 1600
[2025-12-12 16:22:52] [generate_cnf] Generating formula cal112 with K=11
[2025-12-12 16:22:53] [run_formula] Running formula cal112 with K=11 up to limit 1600
[2025-12-12 16:49:33] [run_formula] Formula cal112 with K=11 timed out after 1600 seconds
[2025-12-12 16:49:33] [generate_and_run_up_to_limit] Failed to run formula cal112 with K=11, halting
