CNF written.
CNF written.
CNF written.
CNF written.
CNF written.
CNF written.
CNF written.
CNF written.
CNF written.
[2025-12-12 07:53:31] [generate_and_run_up_to_limit] Generating and running cal117 with K<=500 up to limit 1600
[2025-12-12 07:53:31] [generate_cnf] Generating formula cal117 with K=1
[2025-12-12 07:53:31] [run_formula] Running formula cal117 with K=1 up to limit 1600
[2025-12-12 07:53:31] [generate_cnf] Generating formula cal117 with K=2
[2025-12-12 07:53:31] [run_formula] Running formula cal117 with K=2 up to limit 1600
[2025-12-12 07:53:32] [generate_cnf] Generating formula cal117 with K=3
[2025-12-12 07:53:32] [run_formula] Running formula cal117 with K=3 up to limit 1600
[2025-12-12 07:53:32] [generate_cnf] Generating formula cal117 with K=4
[2025-12-12 07:53:33] [run_formula] Running formula cal117 with K=4 up to limit 1600
[2025-12-12 07:53:33] [generate_cnf] Generating formula cal117 with K=5
[2025-12-12 07:53:34] [run_formula] Running formula cal117 with K=5 up to limit 1600
[2025-12-12 07:53:37] [generate_cnf] Generating formula cal117 with K=6
[2025-12-12 07:53:37] [run_formula] Running formula cal117 with K=6 up to limit 1600
[2025-12-12 07:54:05] [generate_cnf] Generating formula cal117 with K=7
[2025-12-12 07:54:06] [run_formula] Running formula cal117 with K=7 up to limit 1600
[2025-12-12 07:57:53] [generate_cnf] Generating formula cal117 with K=8
[2025-12-12 07:57:54] [run_formula] Running formula cal117 with K=8 up to limit 1600
[2025-12-12 08:08:29] [generate_cnf] Generating formula cal117 with K=9
[2025-12-12 08:08:30] [run_formula] Running formula cal117 with K=9 up to limit 1600
[2025-12-12 08:28:44] [run_formula] Error running formula cal117 with K=9: [Errno 122] Disk quota exceeded: './results/solving_logs/cal117//cal117.9.log'
[2025-12-12 08:28:44] [generate_and_run_up_to_limit] Failed to run formula cal117 with K=9, halting
