CNF written.
CNF written.
CNF written.
CNF written.
CNF written.
CNF written.
CNF written.
CNF written.
[2025-12-12 07:50:07] [generate_and_run_up_to_limit] Generating and running cal106 with K<=500 up to limit 1600
[2025-12-12 07:50:07] [generate_cnf] Generating formula cal106 with K=1
[2025-12-12 07:50:09] [run_formula] Running formula cal106 with K=1 up to limit 1600
[2025-12-12 07:50:14] [generate_cnf] Generating formula cal106 with K=2
[2025-12-12 07:50:15] [run_formula] Running formula cal106 with K=2 up to limit 1600
[2025-12-12 07:50:28] [generate_cnf] Generating formula cal106 with K=3
[2025-12-12 07:50:29] [run_formula] Running formula cal106 with K=3 up to limit 1600
[2025-12-12 07:51:15] [generate_cnf] Generating formula cal106 with K=4
[2025-12-12 07:51:15] [run_formula] Running formula cal106 with K=4 up to limit 1600
[2025-12-12 07:52:40] [generate_cnf] Generating formula cal106 with K=5
[2025-12-12 07:52:41] [run_formula] Running formula cal106 with K=5 up to limit 1600
[2025-12-12 07:53:32] [generate_cnf] Generating formula cal106 with K=6
[2025-12-12 07:53:32] [run_formula] Running formula cal106 with K=6 up to limit 1600
[2025-12-12 07:56:06] [generate_cnf] Generating formula cal106 with K=7
[2025-12-12 07:56:07] [run_formula] Running formula cal106 with K=7 up to limit 1600
[2025-12-12 08:02:51] [generate_cnf] Generating formula cal106 with K=8
[2025-12-12 08:02:52] [run_formula] Running formula cal106 with K=8 up to limit 1600
[2025-12-12 08:29:32] [run_formula] Formula cal106 with K=8 timed out after 1600 seconds
[2025-12-12 08:29:32] [generate_and_run_up_to_limit] Failed to run formula cal106 with K=8, halting
