[2025-12-12 16:00:10] [generate_and_run_up_to_limit] Generating and running cal129 with K<=500 up to limit 1600
[2025-12-12 16:00:10] [generate_cnf] Generating formula cal129 with K=1
[2025-12-12 16:00:10] [run_formula] Running formula cal129 with K=1 up to limit 1600
[2025-12-12 16:00:10] [generate_cnf] Generating formula cal129 with K=2
[2025-12-12 16:00:10] [run_formula] Running formula cal129 with K=2 up to limit 1600
[2025-12-12 16:00:10] [generate_cnf] Generating formula cal129 with K=3
[2025-12-12 16:00:10] [run_formula] Running formula cal129 with K=3 up to limit 1600
[2025-12-12 16:00:10] [generate_cnf] Generating formula cal129 with K=4
[2025-12-12 16:00:10] [run_formula] Running formula cal129 with K=4 up to limit 1600
[2025-12-12 16:00:10] [generate_cnf] Generating formula cal129 with K=5
[2025-12-12 16:00:10] [run_formula] Running formula cal129 with K=5 up to limit 1600
[2025-12-12 16:00:10] [generate_cnf] Generating formula cal129 with K=6
[2025-12-12 16:00:10] [run_formula] Running formula cal129 with K=6 up to limit 1600
[2025-12-12 16:00:10] [generate_cnf] Generating formula cal129 with K=7
[2025-12-12 16:00:10] [run_formula] Running formula cal129 with K=7 up to limit 1600
[2025-12-12 16:00:10] [generate_cnf] Generating formula cal129 with K=8
[2025-12-12 16:00:10] [run_formula] Running formula cal129 with K=8 up to limit 1600
[2025-12-12 16:00:10] [generate_cnf] Generating formula cal129 with K=9
[2025-12-12 16:00:10] [run_formula] Running formula cal129 with K=9 up to limit 1600
[2025-12-12 16:26:50] [run_formula] Formula cal129 with K=9 timed out after 1600 seconds
[2025-12-12 16:26:50] [generate_and_run_up_to_limit] Failed to run formula cal129 with K=9, halting
