CNF written.
CNF written.
CNF written.
CNF written.
CNF written.
CNF written.
CNF written.
CNF written.
CNF written.
CNF written.
CNF written.
CNF written.
CNF written.
CNF written.
CNF written.
CNF written.
CNF written.
CNF written.
CNF written.
CNF written.
CNF written.
CNF written.
CNF written.
CNF written.
CNF written.
CNF written.
CNF written.
CNF written.
CNF written.
CNF written.
CNF written.
CNF written.
CNF written.
CNF written.
CNF written.
CNF written.
CNF written.
CNF written.
CNF written.
CNF written.
CNF written.
CNF written.
CNF written.
CNF written.
CNF written.
CNF written.
CNF written.
CNF written.
CNF written.
CNF written.
CNF written.
CNF written.
CNF written.
CNF written.
CNF written.
CNF written.
CNF written.
CNF written.
CNF written.
CNF written.
CNF written.
CNF written.
CNF written.
CNF written.
CNF written.
CNF written.
CNF written.
CNF written.
CNF written.
CNF written.
[2025-12-12 07:50:08] [generate_and_run_up_to_limit] Generating and running cal21 with K<=500 up to limit 1600
[2025-12-12 07:50:08] [generate_cnf] Generating formula cal21 with K=1
[2025-12-12 07:50:08] [run_formula] Running formula cal21 with K=1 up to limit 1600
[2025-12-12 07:50:08] [generate_cnf] Generating formula cal21 with K=2
[2025-12-12 07:50:08] [run_formula] Running formula cal21 with K=2 up to limit 1600
[2025-12-12 07:50:08] [generate_cnf] Generating formula cal21 with K=3
[2025-12-12 07:50:08] [run_formula] Running formula cal21 with K=3 up to limit 1600
[2025-12-12 07:50:08] [generate_cnf] Generating formula cal21 with K=4
[2025-12-12 07:50:08] [run_formula] Running formula cal21 with K=4 up to limit 1600
[2025-12-12 07:50:08] [generate_cnf] Generating formula cal21 with K=5
[2025-12-12 07:50:08] [run_formula] Running formula cal21 with K=5 up to limit 1600
[2025-12-12 07:50:08] [generate_cnf] Generating formula cal21 with K=6
[2025-12-12 07:50:08] [run_formula] Running formula cal21 with K=6 up to limit 1600
[2025-12-12 07:50:09] [generate_cnf] Generating formula cal21 with K=7
[2025-12-12 07:50:09] [run_formula] Running formula cal21 with K=7 up to limit 1600
[2025-12-12 07:50:09] [generate_cnf] Generating formula cal21 with K=8
[2025-12-12 07:50:09] [run_formula] Running formula cal21 with K=8 up to limit 1600
[2025-12-12 07:50:09] [generate_cnf] Generating formula cal21 with K=9
[2025-12-12 07:50:09] [run_formula] Running formula cal21 with K=9 up to limit 1600
[2025-12-12 07:50:10] [generate_cnf] Generating formula cal21 with K=10
[2025-12-12 07:50:10] [run_formula] Running formula cal21 with K=10 up to limit 1600
[2025-12-12 07:50:11] [generate_cnf] Generating formula cal21 with K=11
[2025-12-12 07:50:11] [run_formula] Running formula cal21 with K=11 up to limit 1600
[2025-12-12 07:50:13] [generate_cnf] Generating formula cal21 with K=12
[2025-12-12 07:50:13] [run_formula] Running formula cal21 with K=12 up to limit 1600
[2025-12-12 07:50:14] [generate_cnf] Generating formula cal21 with K=13
[2025-12-12 07:50:14] [run_formula] Running formula cal21 with K=13 up to limit 1600
[2025-12-12 07:50:16] [generate_cnf] Generating formula cal21 with K=14
[2025-12-12 07:50:16] [run_formula] Running formula cal21 with K=14 up to limit 1600
[2025-12-12 07:50:18] [generate_cnf] Generating formula cal21 with K=15
[2025-12-12 07:50:18] [run_formula] Running formula cal21 with K=15 up to limit 1600
[2025-12-12 07:50:20] [generate_cnf] Generating formula cal21 with K=16
[2025-12-12 07:50:20] [run_formula] Running formula cal21 with K=16 up to limit 1600
[2025-12-12 07:50:23] [generate_cnf] Generating formula cal21 with K=17
[2025-12-12 07:50:23] [run_formula] Running formula cal21 with K=17 up to limit 1600
[2025-12-12 07:50:28] [generate_cnf] Generating formula cal21 with K=18
[2025-12-12 07:50:28] [run_formula] Running formula cal21 with K=18 up to limit 1600
[2025-12-12 07:50:33] [generate_cnf] Generating formula cal21 with K=19
[2025-12-12 07:50:33] [run_formula] Running formula cal21 with K=19 up to limit 1600
[2025-12-12 07:50:39] [generate_cnf] Generating formula cal21 with K=20
[2025-12-12 07:50:39] [run_formula] Running formula cal21 with K=20 up to limit 1600
[2025-12-12 07:50:45] [generate_cnf] Generating formula cal21 with K=21
[2025-12-12 07:50:45] [run_formula] Running formula cal21 with K=21 up to limit 1600
[2025-12-12 07:50:53] [generate_cnf] Generating formula cal21 with K=22
[2025-12-12 07:50:53] [run_formula] Running formula cal21 with K=22 up to limit 1600
[2025-12-12 07:50:59] [generate_cnf] Generating formula cal21 with K=23
[2025-12-12 07:50:59] [run_formula] Running formula cal21 with K=23 up to limit 1600
[2025-12-12 07:51:05] [generate_cnf] Generating formula cal21 with K=24
[2025-12-12 07:51:05] [run_formula] Running formula cal21 with K=24 up to limit 1600
[2025-12-12 07:51:12] [generate_cnf] Generating formula cal21 with K=25
[2025-12-12 07:51:12] [run_formula] Running formula cal21 with K=25 up to limit 1600
[2025-12-12 07:51:20] [generate_cnf] Generating formula cal21 with K=26
[2025-12-12 07:51:20] [run_formula] Running formula cal21 with K=26 up to limit 1600
[2025-12-12 07:51:31] [generate_cnf] Generating formula cal21 with K=27
[2025-12-12 07:51:31] [run_formula] Running formula cal21 with K=27 up to limit 1600
[2025-12-12 07:51:40] [generate_cnf] Generating formula cal21 with K=28
[2025-12-12 07:51:40] [run_formula] Running formula cal21 with K=28 up to limit 1600
[2025-12-12 07:51:52] [generate_cnf] Generating formula cal21 with K=29
[2025-12-12 07:51:52] [run_formula] Running formula cal21 with K=29 up to limit 1600
[2025-12-12 07:52:05] [generate_cnf] Generating formula cal21 with K=30
[2025-12-12 07:52:05] [run_formula] Running formula cal21 with K=30 up to limit 1600
[2025-12-12 07:52:21] [generate_cnf] Generating formula cal21 with K=31
[2025-12-12 07:52:21] [run_formula] Running formula cal21 with K=31 up to limit 1600
[2025-12-12 07:52:33] [generate_cnf] Generating formula cal21 with K=32
[2025-12-12 07:52:33] [run_formula] Running formula cal21 with K=32 up to limit 1600
[2025-12-12 07:52:51] [generate_cnf] Generating formula cal21 with K=33
[2025-12-12 07:52:51] [run_formula] Running formula cal21 with K=33 up to limit 1600
[2025-12-12 07:53:04] [generate_cnf] Generating formula cal21 with K=34
[2025-12-12 07:53:04] [run_formula] Running formula cal21 with K=34 up to limit 1600
[2025-12-12 07:53:32] [generate_cnf] Generating formula cal21 with K=35
[2025-12-12 07:53:32] [run_formula] Running formula cal21 with K=35 up to limit 1600
[2025-12-12 07:53:50] [generate_cnf] Generating formula cal21 with K=36
[2025-12-12 07:53:50] [run_formula] Running formula cal21 with K=36 up to limit 1600
[2025-12-12 07:54:16] [generate_cnf] Generating formula cal21 with K=37
[2025-12-12 07:54:17] [run_formula] Running formula cal21 with K=37 up to limit 1600
[2025-12-12 07:54:36] [generate_cnf] Generating formula cal21 with K=38
[2025-12-12 07:54:36] [run_formula] Running formula cal21 with K=38 up to limit 1600
[2025-12-12 07:54:56] [generate_cnf] Generating formula cal21 with K=39
[2025-12-12 07:54:56] [run_formula] Running formula cal21 with K=39 up to limit 1600
[2025-12-12 07:55:14] [generate_cnf] Generating formula cal21 with K=40
[2025-12-12 07:55:14] [run_formula] Running formula cal21 with K=40 up to limit 1600
[2025-12-12 07:55:40] [generate_cnf] Generating formula cal21 with K=41
[2025-12-12 07:55:40] [run_formula] Running formula cal21 with K=41 up to limit 1600
[2025-12-12 07:56:09] [generate_cnf] Generating formula cal21 with K=42
[2025-12-12 07:56:09] [run_formula] Running formula cal21 with K=42 up to limit 1600
[2025-12-12 07:56:52] [generate_cnf] Generating formula cal21 with K=43
[2025-12-12 07:56:52] [run_formula] Running formula cal21 with K=43 up to limit 1600
[2025-12-12 07:57:33] [generate_cnf] Generating formula cal21 with K=44
[2025-12-12 07:57:33] [run_formula] Running formula cal21 with K=44 up to limit 1600
[2025-12-12 07:58:03] [generate_cnf] Generating formula cal21 with K=45
[2025-12-12 07:58:03] [run_formula] Running formula cal21 with K=45 up to limit 1600
[2025-12-12 07:58:42] [generate_cnf] Generating formula cal21 with K=46
[2025-12-12 07:58:42] [run_formula] Running formula cal21 with K=46 up to limit 1600
[2025-12-12 07:59:24] [generate_cnf] Generating formula cal21 with K=47
[2025-12-12 07:59:24] [run_formula] Running formula cal21 with K=47 up to limit 1600
[2025-12-12 07:59:56] [generate_cnf] Generating formula cal21 with K=48
[2025-12-12 07:59:56] [run_formula] Running formula cal21 with K=48 up to limit 1600
[2025-12-12 08:00:38] [generate_cnf] Generating formula cal21 with K=49
[2025-12-12 08:00:38] [run_formula] Running formula cal21 with K=49 up to limit 1600
[2025-12-12 08:01:22] [generate_cnf] Generating formula cal21 with K=50
[2025-12-12 08:01:22] [run_formula] Running formula cal21 with K=50 up to limit 1600
[2025-12-12 08:02:07] [generate_cnf] Generating formula cal21 with K=51
[2025-12-12 08:02:07] [run_formula] Running formula cal21 with K=51 up to limit 1600
[2025-12-12 08:02:49] [generate_cnf] Generating formula cal21 with K=52
[2025-12-12 08:02:49] [run_formula] Running formula cal21 with K=52 up to limit 1600
[2025-12-12 08:03:34] [generate_cnf] Generating formula cal21 with K=53
[2025-12-12 08:03:35] [run_formula] Running formula cal21 with K=53 up to limit 1600
[2025-12-12 08:04:34] [generate_cnf] Generating formula cal21 with K=54
[2025-12-12 08:04:34] [run_formula] Running formula cal21 with K=54 up to limit 1600
[2025-12-12 08:05:39] [generate_cnf] Generating formula cal21 with K=55
[2025-12-12 08:05:40] [run_formula] Running formula cal21 with K=55 up to limit 1600
[2025-12-12 08:06:32] [generate_cnf] Generating formula cal21 with K=56
[2025-12-12 08:06:32] [run_formula] Running formula cal21 with K=56 up to limit 1600
[2025-12-12 08:07:39] [generate_cnf] Generating formula cal21 with K=57
[2025-12-12 08:07:39] [run_formula] Running formula cal21 with K=57 up to limit 1600
[2025-12-12 08:08:53] [generate_cnf] Generating formula cal21 with K=58
[2025-12-12 08:08:53] [run_formula] Running formula cal21 with K=58 up to limit 1600
[2025-12-12 08:09:57] [generate_cnf] Generating formula cal21 with K=59
[2025-12-12 08:09:57] [run_formula] Running formula cal21 with K=59 up to limit 1600
[2025-12-12 08:11:00] [generate_cnf] Generating formula cal21 with K=60
[2025-12-12 08:11:01] [run_formula] Running formula cal21 with K=60 up to limit 1600
[2025-12-12 08:12:20] [generate_cnf] Generating formula cal21 with K=61
[2025-12-12 08:12:20] [run_formula] Running formula cal21 with K=61 up to limit 1600
[2025-12-12 08:13:35] [generate_cnf] Generating formula cal21 with K=62
[2025-12-12 08:13:35] [run_formula] Running formula cal21 with K=62 up to limit 1600
[2025-12-12 08:14:43] [generate_cnf] Generating formula cal21 with K=63
[2025-12-12 08:14:43] [run_formula] Running formula cal21 with K=63 up to limit 1600
[2025-12-12 08:16:37] [generate_cnf] Generating formula cal21 with K=64
[2025-12-12 08:16:37] [run_formula] Running formula cal21 with K=64 up to limit 1600
[2025-12-12 08:17:58] [generate_cnf] Generating formula cal21 with K=65
[2025-12-12 08:17:58] [run_formula] Running formula cal21 with K=65 up to limit 1600
[2025-12-12 08:19:43] [generate_cnf] Generating formula cal21 with K=66
[2025-12-12 08:19:43] [run_formula] Running formula cal21 with K=66 up to limit 1600
[2025-12-12 08:21:33] [generate_cnf] Generating formula cal21 with K=67
[2025-12-12 08:21:34] [run_formula] Running formula cal21 with K=67 up to limit 1600
[2025-12-12 08:23:27] [generate_cnf] Generating formula cal21 with K=68
[2025-12-12 08:23:27] [run_formula] Running formula cal21 with K=68 up to limit 1600
[2025-12-12 08:25:50] [generate_cnf] Generating formula cal21 with K=69
[2025-12-12 08:25:50] [run_formula] Running formula cal21 with K=69 up to limit 1600
[2025-12-12 08:26:59] [generate_cnf] Generating formula cal21 with K=70
[2025-12-12 08:26:59] [run_formula] Running formula cal21 with K=70 up to limit 1600
[2025-12-12 08:29:20] [run_formula] Error running formula cal21 with K=70: [Errno 122] Disk quota exceeded: './results/solving_logs/cal21//cal21.70.log'
[2025-12-12 08:29:20] [generate_and_run_up_to_limit] Failed to run formula cal21 with K=70, halting
