CNF written.
CNF written.
CNF written.
CNF written.
CNF written.
CNF written.
CNF written.
CNF written.
CNF written.
CNF written.
CNF written.
CNF written.
CNF written.
CNF written.
CNF written.
CNF written.
CNF written.
CNF written.
CNF written.
CNF written.
CNF written.
CNF written.
CNF written.
CNF written.
CNF written.
CNF written.
CNF written.
CNF written.
CNF written.
CNF written.
CNF written.
CNF written.
CNF written.
CNF written.
[2025-12-12 07:20:18] [generate_and_run_up_to_limit] Generating and running cal33 with K<=500 up to limit 1600
[2025-12-12 07:20:18] [generate_cnf] Generating formula cal33 with K=1
[2025-12-12 07:20:18] [run_formula] Running formula cal33 with K=1 up to limit 1600
[2025-12-12 07:20:18] [generate_cnf] Generating formula cal33 with K=2
[2025-12-12 07:20:18] [run_formula] Running formula cal33 with K=2 up to limit 1600
[2025-12-12 07:20:18] [generate_cnf] Generating formula cal33 with K=3
[2025-12-12 07:20:18] [run_formula] Running formula cal33 with K=3 up to limit 1600
[2025-12-12 07:20:18] [generate_cnf] Generating formula cal33 with K=4
[2025-12-12 07:20:18] [run_formula] Running formula cal33 with K=4 up to limit 1600
[2025-12-12 07:20:18] [generate_cnf] Generating formula cal33 with K=5
[2025-12-12 07:20:18] [run_formula] Running formula cal33 with K=5 up to limit 1600
[2025-12-12 07:20:21] [generate_cnf] Generating formula cal33 with K=6
[2025-12-12 07:20:21] [run_formula] Running formula cal33 with K=6 up to limit 1600
[2025-12-12 07:20:27] [generate_cnf] Generating formula cal33 with K=7
[2025-12-12 07:20:27] [run_formula] Running formula cal33 with K=7 up to limit 1600
[2025-12-12 07:20:45] [generate_cnf] Generating formula cal33 with K=8
[2025-12-12 07:20:45] [run_formula] Running formula cal33 with K=8 up to limit 1600
[2025-12-12 07:21:08] [generate_cnf] Generating formula cal33 with K=9
[2025-12-12 07:21:08] [run_formula] Running formula cal33 with K=9 up to limit 1600
[2025-12-12 07:21:22] [generate_cnf] Generating formula cal33 with K=10
[2025-12-12 07:21:22] [run_formula] Running formula cal33 with K=10 up to limit 1600
[2025-12-12 07:21:43] [generate_cnf] Generating formula cal33 with K=11
[2025-12-12 07:21:43] [run_formula] Running formula cal33 with K=11 up to limit 1600
[2025-12-12 07:22:09] [generate_cnf] Generating formula cal33 with K=12
[2025-12-12 07:22:09] [run_formula] Running formula cal33 with K=12 up to limit 1600
[2025-12-12 07:22:35] [generate_cnf] Generating formula cal33 with K=13
[2025-12-12 07:22:35] [run_formula] Running formula cal33 with K=13 up to limit 1600
[2025-12-12 07:23:22] [generate_cnf] Generating formula cal33 with K=14
[2025-12-12 07:23:22] [run_formula] Running formula cal33 with K=14 up to limit 1600
[2025-12-12 07:24:12] [generate_cnf] Generating formula cal33 with K=15
[2025-12-12 07:24:13] [run_formula] Running formula cal33 with K=15 up to limit 1600
[2025-12-12 07:25:05] [generate_cnf] Generating formula cal33 with K=16
[2025-12-12 07:25:05] [run_formula] Running formula cal33 with K=16 up to limit 1600
[2025-12-12 07:25:57] [generate_cnf] Generating formula cal33 with K=17
[2025-12-12 07:25:57] [run_formula] Running formula cal33 with K=17 up to limit 1600
[2025-12-12 07:26:54] [generate_cnf] Generating formula cal33 with K=18
[2025-12-12 07:26:54] [run_formula] Running formula cal33 with K=18 up to limit 1600
[2025-12-12 07:28:45] [generate_cnf] Generating formula cal33 with K=19
[2025-12-12 07:28:45] [run_formula] Running formula cal33 with K=19 up to limit 1600
[2025-12-12 07:30:04] [generate_cnf] Generating formula cal33 with K=20
[2025-12-12 07:30:04] [run_formula] Running formula cal33 with K=20 up to limit 1600
[2025-12-12 07:31:31] [generate_cnf] Generating formula cal33 with K=21
[2025-12-12 07:31:31] [run_formula] Running formula cal33 with K=21 up to limit 1600
[2025-12-12 07:33:13] [generate_cnf] Generating formula cal33 with K=22
[2025-12-12 07:33:13] [run_formula] Running formula cal33 with K=22 up to limit 1600
[2025-12-12 07:35:02] [generate_cnf] Generating formula cal33 with K=23
[2025-12-12 07:35:03] [run_formula] Running formula cal33 with K=23 up to limit 1600
[2025-12-12 07:36:57] [generate_cnf] Generating formula cal33 with K=24
[2025-12-12 07:36:58] [run_formula] Running formula cal33 with K=24 up to limit 1600
[2025-12-12 07:39:11] [generate_cnf] Generating formula cal33 with K=25
[2025-12-12 07:39:11] [run_formula] Running formula cal33 with K=25 up to limit 1600
[2025-12-12 07:42:09] [generate_cnf] Generating formula cal33 with K=26
[2025-12-12 07:42:09] [run_formula] Running formula cal33 with K=26 up to limit 1600
[2025-12-12 07:44:57] [generate_cnf] Generating formula cal33 with K=27
[2025-12-12 07:44:57] [run_formula] Running formula cal33 with K=27 up to limit 1600
[2025-12-12 07:48:19] [generate_cnf] Generating formula cal33 with K=28
[2025-12-12 07:48:19] [run_formula] Running formula cal33 with K=28 up to limit 1600
[2025-12-12 07:51:41] [generate_cnf] Generating formula cal33 with K=29
[2025-12-12 07:51:41] [run_formula] Running formula cal33 with K=29 up to limit 1600
[2025-12-12 07:55:08] [generate_cnf] Generating formula cal33 with K=30
[2025-12-12 07:55:08] [run_formula] Running formula cal33 with K=30 up to limit 1600
[2025-12-12 07:59:36] [generate_cnf] Generating formula cal33 with K=31
[2025-12-12 07:59:36] [run_formula] Running formula cal33 with K=31 up to limit 1600
[2025-12-12 08:04:51] [generate_cnf] Generating formula cal33 with K=32
[2025-12-12 08:04:51] [run_formula] Running formula cal33 with K=32 up to limit 1600
[2025-12-12 08:11:24] [generate_cnf] Generating formula cal33 with K=33
[2025-12-12 08:11:25] [run_formula] Running formula cal33 with K=33 up to limit 1600
[2025-12-12 08:19:31] [generate_cnf] Generating formula cal33 with K=34
[2025-12-12 08:19:31] [run_formula] Running formula cal33 with K=34 up to limit 1600
[2025-12-12 08:30:30] [run_formula] Error running formula cal33 with K=34: [Errno 122] Disk quota exceeded: './results/solving_logs/cal33//cal33.34.log'
[2025-12-12 08:30:30] [generate_and_run_up_to_limit] Failed to run formula cal33 with K=34, halting
