CNF written.
CNF written.
CNF written.
CNF written.
CNF written.
CNF written.
CNF written.
CNF written.
CNF written.
CNF written.
CNF written.
CNF written.
CNF written.
CNF written.
CNF written.
CNF written.
CNF written.
CNF written.
[2025-12-12 07:40:05] [generate_and_run_up_to_limit] Generating and running cal34 with K<=500 up to limit 1600
[2025-12-12 07:40:05] [generate_cnf] Generating formula cal34 with K=1
[2025-12-12 07:40:05] [run_formula] Running formula cal34 with K=1 up to limit 1600
[2025-12-12 07:40:05] [generate_cnf] Generating formula cal34 with K=2
[2025-12-12 07:40:05] [run_formula] Running formula cal34 with K=2 up to limit 1600
[2025-12-12 07:40:05] [generate_cnf] Generating formula cal34 with K=3
[2025-12-12 07:40:05] [run_formula] Running formula cal34 with K=3 up to limit 1600
[2025-12-12 07:40:05] [generate_cnf] Generating formula cal34 with K=4
[2025-12-12 07:40:05] [run_formula] Running formula cal34 with K=4 up to limit 1600
[2025-12-12 07:40:06] [generate_cnf] Generating formula cal34 with K=5
[2025-12-12 07:40:06] [run_formula] Running formula cal34 with K=5 up to limit 1600
[2025-12-12 07:40:07] [generate_cnf] Generating formula cal34 with K=6
[2025-12-12 07:40:07] [run_formula] Running formula cal34 with K=6 up to limit 1600
[2025-12-12 07:40:22] [generate_cnf] Generating formula cal34 with K=7
[2025-12-12 07:40:22] [run_formula] Running formula cal34 with K=7 up to limit 1600
[2025-12-12 07:41:09] [generate_cnf] Generating formula cal34 with K=8
[2025-12-12 07:41:09] [run_formula] Running formula cal34 with K=8 up to limit 1600
[2025-12-12 07:42:08] [generate_cnf] Generating formula cal34 with K=9
[2025-12-12 07:42:09] [run_formula] Running formula cal34 with K=9 up to limit 1600
[2025-12-12 07:46:09] [generate_cnf] Generating formula cal34 with K=10
[2025-12-12 07:46:09] [run_formula] Running formula cal34 with K=10 up to limit 1600
[2025-12-12 07:48:42] [generate_cnf] Generating formula cal34 with K=11
[2025-12-12 07:48:43] [run_formula] Running formula cal34 with K=11 up to limit 1600
[2025-12-12 07:52:07] [generate_cnf] Generating formula cal34 with K=12
[2025-12-12 07:52:07] [run_formula] Running formula cal34 with K=12 up to limit 1600
[2025-12-12 07:55:57] [generate_cnf] Generating formula cal34 with K=13
[2025-12-12 07:55:57] [run_formula] Running formula cal34 with K=13 up to limit 1600
[2025-12-12 07:59:49] [generate_cnf] Generating formula cal34 with K=14
[2025-12-12 07:59:50] [run_formula] Running formula cal34 with K=14 up to limit 1600
[2025-12-12 08:04:25] [generate_cnf] Generating formula cal34 with K=15
[2025-12-12 08:04:25] [run_formula] Running formula cal34 with K=15 up to limit 1600
[2025-12-12 08:10:40] [generate_cnf] Generating formula cal34 with K=16
[2025-12-12 08:10:40] [run_formula] Running formula cal34 with K=16 up to limit 1600
[2025-12-12 08:16:43] [generate_cnf] Generating formula cal34 with K=17
[2025-12-12 08:16:43] [run_formula] Running formula cal34 with K=17 up to limit 1600
[2025-12-12 08:27:17] [generate_cnf] Generating formula cal34 with K=18
[2025-12-12 08:27:17] [run_formula] Running formula cal34 with K=18 up to limit 1600
[2025-12-12 08:37:32] [run_formula] Error running formula cal34 with K=18: [Errno 122] Disk quota exceeded: './results/solving_logs/cal34//cal34.18.log'
[2025-12-12 08:37:32] [generate_and_run_up_to_limit] Failed to run formula cal34 with K=18, halting
