CNF written.
CNF written.
CNF written.
CNF written.
CNF written.
CNF written.
CNF written.
CNF written.
CNF written.
CNF written.
CNF written.
CNF written.
CNF written.
CNF written.
CNF written.
CNF written.
CNF written.
CNF written.
CNF written.
CNF written.
CNF written.
CNF written.
CNF written.
CNF written.
CNF written.
CNF written.
CNF written.
CNF written.
CNF written.
CNF written.
CNF written.
CNF written.
CNF written.
CNF written.
CNF written.
CNF written.
CNF written.
CNF written.
CNF written.
CNF written.
CNF written.
CNF written.
CNF written.
CNF written.
CNF written.
CNF written.
CNF written.
CNF written.
CNF written.
CNF written.
CNF written.
CNF written.
CNF written.
CNF written.
CNF written.
CNF written.
CNF written.
CNF written.
CNF written.
CNF written.
CNF written.
CNF written.
CNF written.
CNF written.
CNF written.
CNF written.
CNF written.
CNF written.
CNF written.
CNF written.
CNF written.
CNF written.
CNF written.
CNF written.
CNF written.
CNF written.
CNF written.
CNF written.
CNF written.
CNF written.
CNF written.
CNF written.
CNF written.
CNF written.
CNF written.
CNF written.
CNF written.
CNF written.
CNF written.
CNF written.
CNF written.
CNF written.
CNF written.
CNF written.
CNF written.
CNF written.
CNF written.
CNF written.
[2025-12-12 08:03:38] [generate_and_run_up_to_limit] Generating and running cal4 with K<=500 up to limit 1600
[2025-12-12 08:03:38] [generate_cnf] Generating formula cal4 with K=1
[2025-12-12 08:03:38] [run_formula] Running formula cal4 with K=1 up to limit 1600
[2025-12-12 08:03:38] [generate_cnf] Generating formula cal4 with K=2
[2025-12-12 08:03:38] [run_formula] Running formula cal4 with K=2 up to limit 1600
[2025-12-12 08:03:38] [generate_cnf] Generating formula cal4 with K=3
[2025-12-12 08:03:38] [run_formula] Running formula cal4 with K=3 up to limit 1600
[2025-12-12 08:03:39] [generate_cnf] Generating formula cal4 with K=4
[2025-12-12 08:03:39] [run_formula] Running formula cal4 with K=4 up to limit 1600
[2025-12-12 08:03:39] [generate_cnf] Generating formula cal4 with K=5
[2025-12-12 08:03:39] [run_formula] Running formula cal4 with K=5 up to limit 1600
[2025-12-12 08:03:39] [generate_cnf] Generating formula cal4 with K=6
[2025-12-12 08:03:39] [run_formula] Running formula cal4 with K=6 up to limit 1600
[2025-12-12 08:03:39] [generate_cnf] Generating formula cal4 with K=7
[2025-12-12 08:03:40] [run_formula] Running formula cal4 with K=7 up to limit 1600
[2025-12-12 08:03:40] [generate_cnf] Generating formula cal4 with K=8
[2025-12-12 08:03:40] [run_formula] Running formula cal4 with K=8 up to limit 1600
[2025-12-12 08:03:40] [generate_cnf] Generating formula cal4 with K=9
[2025-12-12 08:03:40] [run_formula] Running formula cal4 with K=9 up to limit 1600
[2025-12-12 08:03:41] [generate_cnf] Generating formula cal4 with K=10
[2025-12-12 08:03:41] [run_formula] Running formula cal4 with K=10 up to limit 1600
[2025-12-12 08:03:42] [generate_cnf] Generating formula cal4 with K=11
[2025-12-12 08:03:42] [run_formula] Running formula cal4 with K=11 up to limit 1600
[2025-12-12 08:03:43] [generate_cnf] Generating formula cal4 with K=12
[2025-12-12 08:03:43] [run_formula] Running formula cal4 with K=12 up to limit 1600
[2025-12-12 08:03:44] [generate_cnf] Generating formula cal4 with K=13
[2025-12-12 08:03:44] [run_formula] Running formula cal4 with K=13 up to limit 1600
[2025-12-12 08:03:45] [generate_cnf] Generating formula cal4 with K=14
[2025-12-12 08:03:45] [run_formula] Running formula cal4 with K=14 up to limit 1600
[2025-12-12 08:03:46] [generate_cnf] Generating formula cal4 with K=15
[2025-12-12 08:03:46] [run_formula] Running formula cal4 with K=15 up to limit 1600
[2025-12-12 08:03:47] [generate_cnf] Generating formula cal4 with K=16
[2025-12-12 08:03:48] [run_formula] Running formula cal4 with K=16 up to limit 1600
[2025-12-12 08:03:49] [generate_cnf] Generating formula cal4 with K=17
[2025-12-12 08:03:49] [run_formula] Running formula cal4 with K=17 up to limit 1600
[2025-12-12 08:03:50] [generate_cnf] Generating formula cal4 with K=18
[2025-12-12 08:03:51] [run_formula] Running formula cal4 with K=18 up to limit 1600
[2025-12-12 08:03:52] [generate_cnf] Generating formula cal4 with K=19
[2025-12-12 08:03:52] [run_formula] Running formula cal4 with K=19 up to limit 1600
[2025-12-12 08:03:54] [generate_cnf] Generating formula cal4 with K=20
[2025-12-12 08:03:54] [run_formula] Running formula cal4 with K=20 up to limit 1600
[2025-12-12 08:03:56] [generate_cnf] Generating formula cal4 with K=21
[2025-12-12 08:03:56] [run_formula] Running formula cal4 with K=21 up to limit 1600
[2025-12-12 08:03:58] [generate_cnf] Generating formula cal4 with K=22
[2025-12-12 08:03:58] [run_formula] Running formula cal4 with K=22 up to limit 1600
[2025-12-12 08:04:00] [generate_cnf] Generating formula cal4 with K=23
[2025-12-12 08:04:01] [run_formula] Running formula cal4 with K=23 up to limit 1600
[2025-12-12 08:04:03] [generate_cnf] Generating formula cal4 with K=24
[2025-12-12 08:04:03] [run_formula] Running formula cal4 with K=24 up to limit 1600
[2025-12-12 08:04:05] [generate_cnf] Generating formula cal4 with K=25
[2025-12-12 08:04:05] [run_formula] Running formula cal4 with K=25 up to limit 1600
[2025-12-12 08:04:09] [generate_cnf] Generating formula cal4 with K=26
[2025-12-12 08:04:09] [run_formula] Running formula cal4 with K=26 up to limit 1600
[2025-12-12 08:04:11] [generate_cnf] Generating formula cal4 with K=27
[2025-12-12 08:04:11] [run_formula] Running formula cal4 with K=27 up to limit 1600
[2025-12-12 08:04:14] [generate_cnf] Generating formula cal4 with K=28
[2025-12-12 08:04:14] [run_formula] Running formula cal4 with K=28 up to limit 1600
[2025-12-12 08:04:18] [generate_cnf] Generating formula cal4 with K=29
[2025-12-12 08:04:19] [run_formula] Running formula cal4 with K=29 up to limit 1600
[2025-12-12 08:04:23] [generate_cnf] Generating formula cal4 with K=30
[2025-12-12 08:04:24] [run_formula] Running formula cal4 with K=30 up to limit 1600
[2025-12-12 08:04:29] [generate_cnf] Generating formula cal4 with K=31
[2025-12-12 08:04:29] [run_formula] Running formula cal4 with K=31 up to limit 1600
[2025-12-12 08:04:34] [generate_cnf] Generating formula cal4 with K=32
[2025-12-12 08:04:35] [run_formula] Running formula cal4 with K=32 up to limit 1600
[2025-12-12 08:04:40] [generate_cnf] Generating formula cal4 with K=33
[2025-12-12 08:04:41] [run_formula] Running formula cal4 with K=33 up to limit 1600
[2025-12-12 08:04:46] [generate_cnf] Generating formula cal4 with K=34
[2025-12-12 08:04:46] [run_formula] Running formula cal4 with K=34 up to limit 1600
[2025-12-12 08:04:52] [generate_cnf] Generating formula cal4 with K=35
[2025-12-12 08:04:53] [run_formula] Running formula cal4 with K=35 up to limit 1600
[2025-12-12 08:04:58] [generate_cnf] Generating formula cal4 with K=36
[2025-12-12 08:04:58] [run_formula] Running formula cal4 with K=36 up to limit 1600
[2025-12-12 08:05:03] [generate_cnf] Generating formula cal4 with K=37
[2025-12-12 08:05:03] [run_formula] Running formula cal4 with K=37 up to limit 1600
[2025-12-12 08:05:10] [generate_cnf] Generating formula cal4 with K=38
[2025-12-12 08:05:10] [run_formula] Running formula cal4 with K=38 up to limit 1600
[2025-12-12 08:05:16] [generate_cnf] Generating formula cal4 with K=39
[2025-12-12 08:05:17] [run_formula] Running formula cal4 with K=39 up to limit 1600
[2025-12-12 08:05:24] [generate_cnf] Generating formula cal4 with K=40
[2025-12-12 08:05:25] [run_formula] Running formula cal4 with K=40 up to limit 1600
[2025-12-12 08:05:30] [generate_cnf] Generating formula cal4 with K=41
[2025-12-12 08:05:30] [run_formula] Running formula cal4 with K=41 up to limit 1600
[2025-12-12 08:05:37] [generate_cnf] Generating formula cal4 with K=42
[2025-12-12 08:05:37] [run_formula] Running formula cal4 with K=42 up to limit 1600
[2025-12-12 08:05:43] [generate_cnf] Generating formula cal4 with K=43
[2025-12-12 08:05:44] [run_formula] Running formula cal4 with K=43 up to limit 1600
[2025-12-12 08:05:52] [generate_cnf] Generating formula cal4 with K=44
[2025-12-12 08:05:52] [run_formula] Running formula cal4 with K=44 up to limit 1600
[2025-12-12 08:05:59] [generate_cnf] Generating formula cal4 with K=45
[2025-12-12 08:05:59] [run_formula] Running formula cal4 with K=45 up to limit 1600
[2025-12-12 08:06:09] [generate_cnf] Generating formula cal4 with K=46
[2025-12-12 08:06:09] [run_formula] Running formula cal4 with K=46 up to limit 1600
[2025-12-12 08:06:19] [generate_cnf] Generating formula cal4 with K=47
[2025-12-12 08:06:19] [run_formula] Running formula cal4 with K=47 up to limit 1600
[2025-12-12 08:06:28] [generate_cnf] Generating formula cal4 with K=48
[2025-12-12 08:06:28] [run_formula] Running formula cal4 with K=48 up to limit 1600
[2025-12-12 08:06:39] [generate_cnf] Generating formula cal4 with K=49
[2025-12-12 08:06:39] [run_formula] Running formula cal4 with K=49 up to limit 1600
[2025-12-12 08:06:49] [generate_cnf] Generating formula cal4 with K=50
[2025-12-12 08:06:49] [run_formula] Running formula cal4 with K=50 up to limit 1600
[2025-12-12 08:07:01] [generate_cnf] Generating formula cal4 with K=51
[2025-12-12 08:07:01] [run_formula] Running formula cal4 with K=51 up to limit 1600
[2025-12-12 08:07:11] [generate_cnf] Generating formula cal4 with K=52
[2025-12-12 08:07:11] [run_formula] Running formula cal4 with K=52 up to limit 1600
[2025-12-12 08:07:23] [generate_cnf] Generating formula cal4 with K=53
[2025-12-12 08:07:23] [run_formula] Running formula cal4 with K=53 up to limit 1600
[2025-12-12 08:07:37] [generate_cnf] Generating formula cal4 with K=54
[2025-12-12 08:07:38] [run_formula] Running formula cal4 with K=54 up to limit 1600
[2025-12-12 08:07:51] [generate_cnf] Generating formula cal4 with K=55
[2025-12-12 08:07:51] [run_formula] Running formula cal4 with K=55 up to limit 1600
[2025-12-12 08:08:04] [generate_cnf] Generating formula cal4 with K=56
[2025-12-12 08:08:05] [run_formula] Running formula cal4 with K=56 up to limit 1600
[2025-12-12 08:08:18] [generate_cnf] Generating formula cal4 with K=57
[2025-12-12 08:08:18] [run_formula] Running formula cal4 with K=57 up to limit 1600
[2025-12-12 08:08:30] [generate_cnf] Generating formula cal4 with K=58
[2025-12-12 08:08:31] [run_formula] Running formula cal4 with K=58 up to limit 1600
[2025-12-12 08:08:44] [generate_cnf] Generating formula cal4 with K=59
[2025-12-12 08:08:45] [run_formula] Running formula cal4 with K=59 up to limit 1600
[2025-12-12 08:08:59] [generate_cnf] Generating formula cal4 with K=60
[2025-12-12 08:08:59] [run_formula] Running formula cal4 with K=60 up to limit 1600
[2025-12-12 08:09:14] [generate_cnf] Generating formula cal4 with K=61
[2025-12-12 08:09:14] [run_formula] Running formula cal4 with K=61 up to limit 1600
[2025-12-12 08:09:30] [generate_cnf] Generating formula cal4 with K=62
[2025-12-12 08:09:30] [run_formula] Running formula cal4 with K=62 up to limit 1600
[2025-12-12 08:09:46] [generate_cnf] Generating formula cal4 with K=63
[2025-12-12 08:09:47] [run_formula] Running formula cal4 with K=63 up to limit 1600
[2025-12-12 08:10:02] [generate_cnf] Generating formula cal4 with K=64
[2025-12-12 08:10:02] [run_formula] Running formula cal4 with K=64 up to limit 1600
[2025-12-12 08:10:22] [generate_cnf] Generating formula cal4 with K=65
[2025-12-12 08:10:23] [run_formula] Running formula cal4 with K=65 up to limit 1600
[2025-12-12 08:10:35] [generate_cnf] Generating formula cal4 with K=66
[2025-12-12 08:10:35] [run_formula] Running formula cal4 with K=66 up to limit 1600
[2025-12-12 08:10:50] [generate_cnf] Generating formula cal4 with K=67
[2025-12-12 08:10:51] [run_formula] Running formula cal4 with K=67 up to limit 1600
[2025-12-12 08:11:09] [generate_cnf] Generating formula cal4 with K=68
[2025-12-12 08:11:09] [run_formula] Running formula cal4 with K=68 up to limit 1600
[2025-12-12 08:11:28] [generate_cnf] Generating formula cal4 with K=69
[2025-12-12 08:11:28] [run_formula] Running formula cal4 with K=69 up to limit 1600
[2025-12-12 08:11:49] [generate_cnf] Generating formula cal4 with K=70
[2025-12-12 08:11:50] [run_formula] Running formula cal4 with K=70 up to limit 1600
[2025-12-12 08:12:07] [generate_cnf] Generating formula cal4 with K=71
[2025-12-12 08:12:07] [run_formula] Running formula cal4 with K=71 up to limit 1600
[2025-12-12 08:12:27] [generate_cnf] Generating formula cal4 with K=72
[2025-12-12 08:12:28] [run_formula] Running formula cal4 with K=72 up to limit 1600
[2025-12-12 08:12:47] [generate_cnf] Generating formula cal4 with K=73
[2025-12-12 08:12:47] [run_formula] Running formula cal4 with K=73 up to limit 1600
[2025-12-12 08:13:08] [generate_cnf] Generating formula cal4 with K=74
[2025-12-12 08:13:08] [run_formula] Running formula cal4 with K=74 up to limit 1600
[2025-12-12 08:13:27] [generate_cnf] Generating formula cal4 with K=75
[2025-12-12 08:13:27] [run_formula] Running formula cal4 with K=75 up to limit 1600
[2025-12-12 08:13:49] [generate_cnf] Generating formula cal4 with K=76
[2025-12-12 08:13:49] [run_formula] Running formula cal4 with K=76 up to limit 1600
[2025-12-12 08:14:10] [generate_cnf] Generating formula cal4 with K=77
[2025-12-12 08:14:11] [run_formula] Running formula cal4 with K=77 up to limit 1600
[2025-12-12 08:14:36] [generate_cnf] Generating formula cal4 with K=78
[2025-12-12 08:14:37] [run_formula] Running formula cal4 with K=78 up to limit 1600
[2025-12-12 08:14:59] [generate_cnf] Generating formula cal4 with K=79
[2025-12-12 08:14:59] [run_formula] Running formula cal4 with K=79 up to limit 1600
[2025-12-12 08:15:22] [generate_cnf] Generating formula cal4 with K=80
[2025-12-12 08:15:22] [run_formula] Running formula cal4 with K=80 up to limit 1600
[2025-12-12 08:15:52] [generate_cnf] Generating formula cal4 with K=81
[2025-12-12 08:15:52] [run_formula] Running formula cal4 with K=81 up to limit 1600
[2025-12-12 08:16:28] [generate_cnf] Generating formula cal4 with K=82
[2025-12-12 08:16:29] [run_formula] Running formula cal4 with K=82 up to limit 1600
[2025-12-12 08:17:03] [generate_cnf] Generating formula cal4 with K=83
[2025-12-12 08:17:03] [run_formula] Running formula cal4 with K=83 up to limit 1600
[2025-12-12 08:17:33] [generate_cnf] Generating formula cal4 with K=84
[2025-12-12 08:17:34] [run_formula] Running formula cal4 with K=84 up to limit 1600
[2025-12-12 08:18:14] [generate_cnf] Generating formula cal4 with K=85
[2025-12-12 08:18:15] [run_formula] Running formula cal4 with K=85 up to limit 1600
[2025-12-12 08:18:41] [generate_cnf] Generating formula cal4 with K=86
[2025-12-12 08:18:42] [run_formula] Running formula cal4 with K=86 up to limit 1600
[2025-12-12 08:19:15] [generate_cnf] Generating formula cal4 with K=87
[2025-12-12 08:19:15] [run_formula] Running formula cal4 with K=87 up to limit 1600
[2025-12-12 08:19:52] [generate_cnf] Generating formula cal4 with K=88
[2025-12-12 08:19:52] [run_formula] Running formula cal4 with K=88 up to limit 1600
[2025-12-12 08:20:29] [generate_cnf] Generating formula cal4 with K=89
[2025-12-12 08:20:29] [run_formula] Running formula cal4 with K=89 up to limit 1600
[2025-12-12 08:21:08] [generate_cnf] Generating formula cal4 with K=90
[2025-12-12 08:21:08] [run_formula] Running formula cal4 with K=90 up to limit 1600
[2025-12-12 08:21:50] [generate_cnf] Generating formula cal4 with K=91
[2025-12-12 08:21:50] [run_formula] Running formula cal4 with K=91 up to limit 1600
[2025-12-12 08:22:33] [generate_cnf] Generating formula cal4 with K=92
[2025-12-12 08:22:34] [run_formula] Running formula cal4 with K=92 up to limit 1600
[2025-12-12 08:23:22] [generate_cnf] Generating formula cal4 with K=93
[2025-12-12 08:23:22] [run_formula] Running formula cal4 with K=93 up to limit 1600
[2025-12-12 08:24:06] [generate_cnf] Generating formula cal4 with K=94
[2025-12-12 08:24:06] [run_formula] Running formula cal4 with K=94 up to limit 1600
[2025-12-12 08:24:55] [generate_cnf] Generating formula cal4 with K=95
[2025-12-12 08:24:55] [run_formula] Running formula cal4 with K=95 up to limit 1600
[2025-12-12 08:25:44] [generate_cnf] Generating formula cal4 with K=96
[2025-12-12 08:25:45] [run_formula] Running formula cal4 with K=96 up to limit 1600
[2025-12-12 08:26:26] [generate_cnf] Generating formula cal4 with K=97
[2025-12-12 08:26:27] [run_formula] Running formula cal4 with K=97 up to limit 1600
[2025-12-12 08:27:21] [generate_cnf] Generating formula cal4 with K=98
[2025-12-12 08:27:22] [run_formula] Running formula cal4 with K=98 up to limit 1600
[2025-12-12 08:28:15] [run_formula] Error running formula cal4 with K=98: [Errno 122] Disk quota exceeded: './results/solving_logs/cal4//cal4.98.log'
[2025-12-12 08:28:15] [generate_and_run_up_to_limit] Failed to run formula cal4 with K=98, halting
