CNF written.
CNF written.
CNF written.
CNF written.
CNF written.
CNF written.
CNF written.
CNF written.
[2025-12-12 08:03:39] [generate_and_run_up_to_limit] Generating and running cal99 with K<=500 up to limit 1600
[2025-12-12 08:03:39] [generate_cnf] Generating formula cal99 with K=1
[2025-12-12 08:03:40] [run_formula] Running formula cal99 with K=1 up to limit 1600
[2025-12-12 08:03:40] [generate_cnf] Generating formula cal99 with K=2
[2025-12-12 08:03:40] [run_formula] Running formula cal99 with K=2 up to limit 1600
[2025-12-12 08:03:41] [generate_cnf] Generating formula cal99 with K=3
[2025-12-12 08:03:41] [run_formula] Running formula cal99 with K=3 up to limit 1600
[2025-12-12 08:03:43] [generate_cnf] Generating formula cal99 with K=4
[2025-12-12 08:03:44] [run_formula] Running formula cal99 with K=4 up to limit 1600
[2025-12-12 08:03:48] [generate_cnf] Generating formula cal99 with K=5
[2025-12-12 08:03:48] [run_formula] Running formula cal99 with K=5 up to limit 1600
[2025-12-12 08:03:58] [generate_cnf] Generating formula cal99 with K=6
[2025-12-12 08:03:59] [run_formula] Running formula cal99 with K=6 up to limit 1600
[2025-12-12 08:05:15] [generate_cnf] Generating formula cal99 with K=7
[2025-12-12 08:05:15] [run_formula] Running formula cal99 with K=7 up to limit 1600
[2025-12-12 08:11:39] [generate_cnf] Generating formula cal99 with K=8
[2025-12-12 08:11:39] [run_formula] Running formula cal99 with K=8 up to limit 1600
[2025-12-12 08:33:57] [run_formula] Error running formula cal99 with K=8: [Errno 122] Disk quota exceeded: './results/solving_logs/cal99//cal99.8.log'
[2025-12-12 08:33:57] [generate_and_run_up_to_limit] Failed to run formula cal99 with K=8, halting
