CNF written.
CNF written.
CNF written.
CNF written.
CNF written.
CNF written.
CNF written.
CNF written.
CNF written.
[2025-12-12 07:53:30] [generate_and_run_up_to_limit] Generating and running cal97 with K<=500 up to limit 1600
[2025-12-12 07:53:30] [generate_cnf] Generating formula cal97 with K=1
[2025-12-12 07:53:30] [run_formula] Running formula cal97 with K=1 up to limit 1600
[2025-12-12 07:53:33] [generate_cnf] Generating formula cal97 with K=2
[2025-12-12 07:53:34] [run_formula] Running formula cal97 with K=2 up to limit 1600
[2025-12-12 07:53:41] [generate_cnf] Generating formula cal97 with K=3
[2025-12-12 07:53:42] [run_formula] Running formula cal97 with K=3 up to limit 1600
[2025-12-12 07:54:07] [generate_cnf] Generating formula cal97 with K=4
[2025-12-12 07:54:07] [run_formula] Running formula cal97 with K=4 up to limit 1600
[2025-12-12 07:54:48] [generate_cnf] Generating formula cal97 with K=5
[2025-12-12 07:54:48] [run_formula] Running formula cal97 with K=5 up to limit 1600
[2025-12-12 07:55:40] [generate_cnf] Generating formula cal97 with K=6
[2025-12-12 07:55:41] [run_formula] Running formula cal97 with K=6 up to limit 1600
[2025-12-12 07:57:05] [generate_cnf] Generating formula cal97 with K=7
[2025-12-12 07:57:06] [run_formula] Running formula cal97 with K=7 up to limit 1600
[2025-12-12 08:02:54] [generate_cnf] Generating formula cal97 with K=8
[2025-12-12 08:02:55] [run_formula] Running formula cal97 with K=8 up to limit 1600
[2025-12-12 08:14:55] [generate_cnf] Generating formula cal97 with K=9
[2025-12-12 08:14:55] [run_formula] Running formula cal97 with K=9 up to limit 1600
[2025-12-12 08:41:36] [run_formula] Formula cal97 with K=9 timed out after 1600 seconds
[2025-12-12 08:41:36] [generate_and_run_up_to_limit] Failed to run formula cal97 with K=9, halting
