CNF written.
CNF written.
CNF written.
CNF written.
CNF written.
CNF written.
CNF written.
CNF written.
CNF written.
CNF written.
CNF written.
CNF written.
CNF written.
CNF written.
CNF written.
CNF written.
CNF written.
CNF written.
CNF written.
CNF written.
CNF written.
CNF written.
CNF written.
CNF written.
CNF written.
CNF written.
CNF written.
CNF written.
CNF written.
CNF written.
CNF written.
CNF written.
CNF written.
CNF written.
CNF written.
CNF written.
CNF written.
CNF written.
CNF written.
CNF written.
CNF written.
CNF written.
CNF written.
CNF written.
CNF written.
CNF written.
CNF written.
CNF written.
CNF written.
CNF written.
CNF written.
CNF written.
CNF written.
CNF written.
CNF written.
CNF written.
CNF written.
CNF written.
CNF written.
CNF written.
CNF written.
CNF written.
CNF written.
CNF written.
CNF written.
CNF written.
CNF written.
CNF written.
CNF written.
CNF written.
CNF written.
CNF written.
CNF written.
CNF written.
CNF written.
CNF written.
CNF written.
CNF written.
CNF written.
CNF written.
CNF written.
CNF written.
CNF written.
CNF written.
CNF written.
CNF written.
CNF written.
CNF written.
CNF written.
CNF written.
CNF written.
CNF written.
CNF written.
CNF written.
CNF written.
CNF written.
CNF written.
CNF written.
CNF written.
CNF written.
CNF written.
CNF written.
CNF written.
CNF written.
CNF written.
CNF written.
CNF written.
CNF written.
CNF written.
CNF written.
CNF written.
CNF written.
CNF written.
CNF written.
CNF written.
CNF written.
CNF written.
CNF written.
CNF written.
CNF written.
CNF written.
CNF written.
CNF written.
CNF written.
CNF written.
CNF written.
CNF written.
CNF written.
CNF written.
CNF written.
CNF written.
CNF written.
CNF written.
CNF written.
CNF written.
CNF written.
CNF written.
CNF written.
CNF written.
CNF written.
CNF written.
CNF written.
CNF written.
CNF written.
CNF written.
CNF written.
CNF written.
CNF written.
CNF written.
CNF written.
CNF written.
CNF written.
CNF written.
CNF written.
CNF written.
CNF written.
CNF written.
CNF written.
CNF written.
CNF written.
CNF written.
CNF written.
CNF written.
CNF written.
CNF written.
CNF written.
CNF written.
CNF written.
CNF written.
CNF written.
CNF written.
CNF written.
CNF written.
CNF written.
CNF written.
CNF written.
CNF written.
CNF written.
CNF written.
CNF written.
CNF written.
CNF written.
CNF written.
CNF written.
CNF written.
CNF written.
CNF written.
CNF written.
CNF written.
CNF written.
CNF written.
CNF written.
CNF written.
CNF written.
CNF written.
CNF written.
CNF written.
CNF written.
CNF written.
CNF written.
CNF written.
CNF written.
CNF written.
CNF written.
CNF written.
CNF written.
CNF written.
CNF written.
CNF written.
CNF written.
CNF written.
CNF written.
CNF written.
CNF written.
CNF written.
CNF written.
CNF written.
CNF written.
CNF written.
CNF written.
CNF written.
CNF written.
CNF written.
CNF written.
CNF written.
CNF written.
CNF written.
CNF written.
CNF written.
CNF written.
CNF written.
CNF written.
CNF written.
CNF written.
CNF written.
CNF written.
CNF written.
CNF written.
CNF written.
CNF written.
CNF written.
CNF written.
CNF written.
CNF written.
CNF written.
CNF written.
CNF written.
CNF written.
CNF written.
CNF written.
CNF written.
CNF written.
CNF written.
CNF written.
CNF written.
CNF written.
CNF written.
CNF written.
CNF written.
CNF written.
CNF written.
CNF written.
CNF written.
CNF written.
CNF written.
CNF written.
CNF written.
CNF written.
CNF written.
CNF written.
CNF written.
CNF written.
CNF written.
CNF written.
CNF written.
CNF written.
CNF written.
CNF written.
CNF written.
CNF written.
CNF written.
CNF written.
CNF written.
CNF written.
CNF written.
CNF written.
CNF written.
CNF written.
CNF written.
CNF written.
CNF written.
CNF written.
CNF written.
CNF written.
CNF written.
CNF written.
CNF written.
CNF written.
CNF written.
CNF written.
CNF written.
CNF written.
CNF written.
CNF written.
CNF written.
CNF written.
CNF written.
CNF written.
CNF written.
CNF written.
CNF written.
CNF written.
CNF written.
CNF written.
CNF written.
CNF written.
CNF written.
CNF written.
CNF written.
CNF written.
CNF written.
CNF written.
CNF written.
CNF written.
CNF written.
CNF written.
CNF written.
CNF written.
CNF written.
CNF written.
CNF written.
CNF written.
CNF written.
CNF written.
CNF written.
CNF written.
CNF written.
CNF written.
CNF written.
CNF written.
CNF written.
CNF written.
CNF written.
CNF written.
CNF written.
CNF written.
CNF written.
CNF written.
CNF written.
CNF written.
CNF written.
CNF written.
CNF written.
CNF written.
CNF written.
CNF written.
CNF written.
CNF written.
CNF written.
CNF written.
CNF written.
[2025-12-12 07:57:05] [generate_and_run_up_to_limit] Generating and running cmugigamax with K<=500 up to limit 1600
[2025-12-12 07:57:05] [generate_cnf] Generating formula cmugigamax with K=1
[2025-12-12 07:57:05] [run_formula] Running formula cmugigamax with K=1 up to limit 1600
[2025-12-12 07:57:05] [generate_cnf] Generating formula cmugigamax with K=2
[2025-12-12 07:57:05] [run_formula] Running formula cmugigamax with K=2 up to limit 1600
[2025-12-12 07:57:05] [generate_cnf] Generating formula cmugigamax with K=3
[2025-12-12 07:57:05] [run_formula] Running formula cmugigamax with K=3 up to limit 1600
[2025-12-12 07:57:05] [generate_cnf] Generating formula cmugigamax with K=4
[2025-12-12 07:57:05] [run_formula] Running formula cmugigamax with K=4 up to limit 1600
[2025-12-12 07:57:05] [generate_cnf] Generating formula cmugigamax with K=5
[2025-12-12 07:57:05] [run_formula] Running formula cmugigamax with K=5 up to limit 1600
[2025-12-12 07:57:05] [generate_cnf] Generating formula cmugigamax with K=6
[2025-12-12 07:57:05] [run_formula] Running formula cmugigamax with K=6 up to limit 1600
[2025-12-12 07:57:05] [generate_cnf] Generating formula cmugigamax with K=7
[2025-12-12 07:57:05] [run_formula] Running formula cmugigamax with K=7 up to limit 1600
[2025-12-12 07:57:05] [generate_cnf] Generating formula cmugigamax with K=8
[2025-12-12 07:57:05] [run_formula] Running formula cmugigamax with K=8 up to limit 1600
[2025-12-12 07:57:06] [generate_cnf] Generating formula cmugigamax with K=9
[2025-12-12 07:57:06] [run_formula] Running formula cmugigamax with K=9 up to limit 1600
[2025-12-12 07:57:06] [generate_cnf] Generating formula cmugigamax with K=10
[2025-12-12 07:57:06] [run_formula] Running formula cmugigamax with K=10 up to limit 1600
[2025-12-12 07:57:06] [generate_cnf] Generating formula cmugigamax with K=11
[2025-12-12 07:57:06] [run_formula] Running formula cmugigamax with K=11 up to limit 1600
[2025-12-12 07:57:06] [generate_cnf] Generating formula cmugigamax with K=12
[2025-12-12 07:57:06] [run_formula] Running formula cmugigamax with K=12 up to limit 1600
[2025-12-12 07:57:06] [generate_cnf] Generating formula cmugigamax with K=13
[2025-12-12 07:57:06] [run_formula] Running formula cmugigamax with K=13 up to limit 1600
[2025-12-12 07:57:06] [generate_cnf] Generating formula cmugigamax with K=14
[2025-12-12 07:57:06] [run_formula] Running formula cmugigamax with K=14 up to limit 1600
[2025-12-12 07:57:06] [generate_cnf] Generating formula cmugigamax with K=15
[2025-12-12 07:57:06] [run_formula] Running formula cmugigamax with K=15 up to limit 1600
[2025-12-12 07:57:06] [generate_cnf] Generating formula cmugigamax with K=16
[2025-12-12 07:57:06] [run_formula] Running formula cmugigamax with K=16 up to limit 1600
[2025-12-12 07:57:06] [generate_cnf] Generating formula cmugigamax with K=17
[2025-12-12 07:57:06] [run_formula] Running formula cmugigamax with K=17 up to limit 1600
[2025-12-12 07:57:06] [generate_cnf] Generating formula cmugigamax with K=18
[2025-12-12 07:57:06] [run_formula] Running formula cmugigamax with K=18 up to limit 1600
[2025-12-12 07:57:06] [generate_cnf] Generating formula cmugigamax with K=19
[2025-12-12 07:57:06] [run_formula] Running formula cmugigamax with K=19 up to limit 1600
[2025-12-12 07:57:06] [generate_cnf] Generating formula cmugigamax with K=20
[2025-12-12 07:57:06] [run_formula] Running formula cmugigamax with K=20 up to limit 1600
[2025-12-12 07:57:07] [generate_cnf] Generating formula cmugigamax with K=21
[2025-12-12 07:57:07] [run_formula] Running formula cmugigamax with K=21 up to limit 1600
[2025-12-12 07:57:07] [generate_cnf] Generating formula cmugigamax with K=22
[2025-12-12 07:57:07] [run_formula] Running formula cmugigamax with K=22 up to limit 1600
[2025-12-12 07:57:07] [generate_cnf] Generating formula cmugigamax with K=23
[2025-12-12 07:57:07] [run_formula] Running formula cmugigamax with K=23 up to limit 1600
[2025-12-12 07:57:07] [generate_cnf] Generating formula cmugigamax with K=24
[2025-12-12 07:57:07] [run_formula] Running formula cmugigamax with K=24 up to limit 1600
[2025-12-12 07:57:07] [generate_cnf] Generating formula cmugigamax with K=25
[2025-12-12 07:57:07] [run_formula] Running formula cmugigamax with K=25 up to limit 1600
[2025-12-12 07:57:07] [generate_cnf] Generating formula cmugigamax with K=26
[2025-12-12 07:57:07] [run_formula] Running formula cmugigamax with K=26 up to limit 1600
[2025-12-12 07:57:07] [generate_cnf] Generating formula cmugigamax with K=27
[2025-12-12 07:57:07] [run_formula] Running formula cmugigamax with K=27 up to limit 1600
[2025-12-12 07:57:07] [generate_cnf] Generating formula cmugigamax with K=28
[2025-12-12 07:57:07] [run_formula] Running formula cmugigamax with K=28 up to limit 1600
[2025-12-12 07:57:07] [generate_cnf] Generating formula cmugigamax with K=29
[2025-12-12 07:57:07] [run_formula] Running formula cmugigamax with K=29 up to limit 1600
[2025-12-12 07:57:08] [generate_cnf] Generating formula cmugigamax with K=30
[2025-12-12 07:57:08] [run_formula] Running formula cmugigamax with K=30 up to limit 1600
[2025-12-12 07:57:08] [generate_cnf] Generating formula cmugigamax with K=31
[2025-12-12 07:57:08] [run_formula] Running formula cmugigamax with K=31 up to limit 1600
[2025-12-12 07:57:08] [generate_cnf] Generating formula cmugigamax with K=32
[2025-12-12 07:57:08] [run_formula] Running formula cmugigamax with K=32 up to limit 1600
[2025-12-12 07:57:08] [generate_cnf] Generating formula cmugigamax with K=33
[2025-12-12 07:57:08] [run_formula] Running formula cmugigamax with K=33 up to limit 1600
[2025-12-12 07:57:08] [generate_cnf] Generating formula cmugigamax with K=34
[2025-12-12 07:57:08] [run_formula] Running formula cmugigamax with K=34 up to limit 1600
[2025-12-12 07:57:08] [generate_cnf] Generating formula cmugigamax with K=35
[2025-12-12 07:57:08] [run_formula] Running formula cmugigamax with K=35 up to limit 1600
[2025-12-12 07:57:08] [generate_cnf] Generating formula cmugigamax with K=36
[2025-12-12 07:57:08] [run_formula] Running formula cmugigamax with K=36 up to limit 1600
[2025-12-12 07:57:09] [generate_cnf] Generating formula cmugigamax with K=37
[2025-12-12 07:57:09] [run_formula] Running formula cmugigamax with K=37 up to limit 1600
[2025-12-12 07:57:09] [generate_cnf] Generating formula cmugigamax with K=38
[2025-12-12 07:57:09] [run_formula] Running formula cmugigamax with K=38 up to limit 1600
[2025-12-12 07:57:09] [generate_cnf] Generating formula cmugigamax with K=39
[2025-12-12 07:57:09] [run_formula] Running formula cmugigamax with K=39 up to limit 1600
[2025-12-12 07:57:09] [generate_cnf] Generating formula cmugigamax with K=40
[2025-12-12 07:57:09] [run_formula] Running formula cmugigamax with K=40 up to limit 1600
[2025-12-12 07:57:09] [generate_cnf] Generating formula cmugigamax with K=41
[2025-12-12 07:57:09] [run_formula] Running formula cmugigamax with K=41 up to limit 1600
[2025-12-12 07:57:09] [generate_cnf] Generating formula cmugigamax with K=42
[2025-12-12 07:57:10] [run_formula] Running formula cmugigamax with K=42 up to limit 1600
[2025-12-12 07:57:10] [generate_cnf] Generating formula cmugigamax with K=43
[2025-12-12 07:57:10] [run_formula] Running formula cmugigamax with K=43 up to limit 1600
[2025-12-12 07:57:10] [generate_cnf] Generating formula cmugigamax with K=44
[2025-12-12 07:57:10] [run_formula] Running formula cmugigamax with K=44 up to limit 1600
[2025-12-12 07:57:10] [generate_cnf] Generating formula cmugigamax with K=45
[2025-12-12 07:57:10] [run_formula] Running formula cmugigamax with K=45 up to limit 1600
[2025-12-12 07:57:10] [generate_cnf] Generating formula cmugigamax with K=46
[2025-12-12 07:57:10] [run_formula] Running formula cmugigamax with K=46 up to limit 1600
[2025-12-12 07:57:10] [generate_cnf] Generating formula cmugigamax with K=47
[2025-12-12 07:57:11] [run_formula] Running formula cmugigamax with K=47 up to limit 1600
[2025-12-12 07:57:11] [generate_cnf] Generating formula cmugigamax with K=48
[2025-12-12 07:57:11] [run_formula] Running formula cmugigamax with K=48 up to limit 1600
[2025-12-12 07:57:11] [generate_cnf] Generating formula cmugigamax with K=49
[2025-12-12 07:57:11] [run_formula] Running formula cmugigamax with K=49 up to limit 1600
[2025-12-12 07:57:11] [generate_cnf] Generating formula cmugigamax with K=50
[2025-12-12 07:57:11] [run_formula] Running formula cmugigamax with K=50 up to limit 1600
[2025-12-12 07:57:12] [generate_cnf] Generating formula cmugigamax with K=51
[2025-12-12 07:57:12] [run_formula] Running formula cmugigamax with K=51 up to limit 1600
[2025-12-12 07:57:12] [generate_cnf] Generating formula cmugigamax with K=52
[2025-12-12 07:57:12] [run_formula] Running formula cmugigamax with K=52 up to limit 1600
[2025-12-12 07:57:12] [generate_cnf] Generating formula cmugigamax with K=53
[2025-12-12 07:57:12] [run_formula] Running formula cmugigamax with K=53 up to limit 1600
[2025-12-12 07:57:13] [generate_cnf] Generating formula cmugigamax with K=54
[2025-12-12 07:57:13] [run_formula] Running formula cmugigamax with K=54 up to limit 1600
[2025-12-12 07:57:13] [generate_cnf] Generating formula cmugigamax with K=55
[2025-12-12 07:57:13] [run_formula] Running formula cmugigamax with K=55 up to limit 1600
[2025-12-12 07:57:14] [generate_cnf] Generating formula cmugigamax with K=56
[2025-12-12 07:57:14] [run_formula] Running formula cmugigamax with K=56 up to limit 1600
[2025-12-12 07:57:15] [generate_cnf] Generating formula cmugigamax with K=57
[2025-12-12 07:57:15] [run_formula] Running formula cmugigamax with K=57 up to limit 1600
[2025-12-12 07:57:15] [generate_cnf] Generating formula cmugigamax with K=58
[2025-12-12 07:57:15] [run_formula] Running formula cmugigamax with K=58 up to limit 1600
[2025-12-12 07:57:16] [generate_cnf] Generating formula cmugigamax with K=59
[2025-12-12 07:57:16] [run_formula] Running formula cmugigamax with K=59 up to limit 1600
[2025-12-12 07:57:16] [generate_cnf] Generating formula cmugigamax with K=60
[2025-12-12 07:57:16] [run_formula] Running formula cmugigamax with K=60 up to limit 1600
[2025-12-12 07:57:17] [generate_cnf] Generating formula cmugigamax with K=61
[2025-12-12 07:57:17] [run_formula] Running formula cmugigamax with K=61 up to limit 1600
[2025-12-12 07:57:17] [generate_cnf] Generating formula cmugigamax with K=62
[2025-12-12 07:57:17] [run_formula] Running formula cmugigamax with K=62 up to limit 1600
[2025-12-12 07:57:18] [generate_cnf] Generating formula cmugigamax with K=63
[2025-12-12 07:57:18] [run_formula] Running formula cmugigamax with K=63 up to limit 1600
[2025-12-12 07:57:18] [generate_cnf] Generating formula cmugigamax with K=64
[2025-12-12 07:57:19] [run_formula] Running formula cmugigamax with K=64 up to limit 1600
[2025-12-12 07:57:19] [generate_cnf] Generating formula cmugigamax with K=65
[2025-12-12 07:57:19] [run_formula] Running formula cmugigamax with K=65 up to limit 1600
[2025-12-12 07:57:20] [generate_cnf] Generating formula cmugigamax with K=66
[2025-12-12 07:57:20] [run_formula] Running formula cmugigamax with K=66 up to limit 1600
[2025-12-12 07:57:21] [generate_cnf] Generating formula cmugigamax with K=67
[2025-12-12 07:57:21] [run_formula] Running formula cmugigamax with K=67 up to limit 1600
[2025-12-12 07:57:21] [generate_cnf] Generating formula cmugigamax with K=68
[2025-12-12 07:57:21] [run_formula] Running formula cmugigamax with K=68 up to limit 1600
[2025-12-12 07:57:22] [generate_cnf] Generating formula cmugigamax with K=69
[2025-12-12 07:57:22] [run_formula] Running formula cmugigamax with K=69 up to limit 1600
[2025-12-12 07:57:23] [generate_cnf] Generating formula cmugigamax with K=70
[2025-12-12 07:57:23] [run_formula] Running formula cmugigamax with K=70 up to limit 1600
[2025-12-12 07:57:23] [generate_cnf] Generating formula cmugigamax with K=71
[2025-12-12 07:57:24] [run_formula] Running formula cmugigamax with K=71 up to limit 1600
[2025-12-12 07:57:24] [generate_cnf] Generating formula cmugigamax with K=72
[2025-12-12 07:57:24] [run_formula] Running formula cmugigamax with K=72 up to limit 1600
[2025-12-12 07:57:25] [generate_cnf] Generating formula cmugigamax with K=73
[2025-12-12 07:57:25] [run_formula] Running formula cmugigamax with K=73 up to limit 1600
[2025-12-12 07:57:26] [generate_cnf] Generating formula cmugigamax with K=74
[2025-12-12 07:57:26] [run_formula] Running formula cmugigamax with K=74 up to limit 1600
[2025-12-12 07:57:26] [generate_cnf] Generating formula cmugigamax with K=75
[2025-12-12 07:57:27] [run_formula] Running formula cmugigamax with K=75 up to limit 1600
[2025-12-12 07:57:27] [generate_cnf] Generating formula cmugigamax with K=76
[2025-12-12 07:57:28] [run_formula] Running formula cmugigamax with K=76 up to limit 1600
[2025-12-12 07:57:28] [generate_cnf] Generating formula cmugigamax with K=77
[2025-12-12 07:57:28] [run_formula] Running formula cmugigamax with K=77 up to limit 1600
[2025-12-12 07:57:29] [generate_cnf] Generating formula cmugigamax with K=78
[2025-12-12 07:57:29] [run_formula] Running formula cmugigamax with K=78 up to limit 1600
[2025-12-12 07:57:31] [generate_cnf] Generating formula cmugigamax with K=79
[2025-12-12 07:57:31] [run_formula] Running formula cmugigamax with K=79 up to limit 1600
[2025-12-12 07:57:32] [generate_cnf] Generating formula cmugigamax with K=80
[2025-12-12 07:57:32] [run_formula] Running formula cmugigamax with K=80 up to limit 1600
[2025-12-12 07:57:33] [generate_cnf] Generating formula cmugigamax with K=81
[2025-12-12 07:57:33] [run_formula] Running formula cmugigamax with K=81 up to limit 1600
[2025-12-12 07:57:34] [generate_cnf] Generating formula cmugigamax with K=82
[2025-12-12 07:57:34] [run_formula] Running formula cmugigamax with K=82 up to limit 1600
[2025-12-12 07:57:35] [generate_cnf] Generating formula cmugigamax with K=83
[2025-12-12 07:57:35] [run_formula] Running formula cmugigamax with K=83 up to limit 1600
[2025-12-12 07:57:36] [generate_cnf] Generating formula cmugigamax with K=84
[2025-12-12 07:57:36] [run_formula] Running formula cmugigamax with K=84 up to limit 1600
[2025-12-12 07:57:37] [generate_cnf] Generating formula cmugigamax with K=85
[2025-12-12 07:57:37] [run_formula] Running formula cmugigamax with K=85 up to limit 1600
[2025-12-12 07:57:38] [generate_cnf] Generating formula cmugigamax with K=86
[2025-12-12 07:57:38] [run_formula] Running formula cmugigamax with K=86 up to limit 1600
[2025-12-12 07:57:39] [generate_cnf] Generating formula cmugigamax with K=87
[2025-12-12 07:57:39] [run_formula] Running formula cmugigamax with K=87 up to limit 1600
[2025-12-12 07:57:40] [generate_cnf] Generating formula cmugigamax with K=88
[2025-12-12 07:57:40] [run_formula] Running formula cmugigamax with K=88 up to limit 1600
[2025-12-12 07:57:42] [generate_cnf] Generating formula cmugigamax with K=89
[2025-12-12 07:57:42] [run_formula] Running formula cmugigamax with K=89 up to limit 1600
[2025-12-12 07:57:43] [generate_cnf] Generating formula cmugigamax with K=90
[2025-12-12 07:57:43] [run_formula] Running formula cmugigamax with K=90 up to limit 1600
[2025-12-12 07:57:45] [generate_cnf] Generating formula cmugigamax with K=91
[2025-12-12 07:57:45] [run_formula] Running formula cmugigamax with K=91 up to limit 1600
[2025-12-12 07:57:45] [generate_cnf] Generating formula cmugigamax with K=92
[2025-12-12 07:57:46] [run_formula] Running formula cmugigamax with K=92 up to limit 1600
[2025-12-12 07:57:47] [generate_cnf] Generating formula cmugigamax with K=93
[2025-12-12 07:57:47] [run_formula] Running formula cmugigamax with K=93 up to limit 1600
[2025-12-12 07:57:48] [generate_cnf] Generating formula cmugigamax with K=94
[2025-12-12 07:57:49] [run_formula] Running formula cmugigamax with K=94 up to limit 1600
[2025-12-12 07:57:50] [generate_cnf] Generating formula cmugigamax with K=95
[2025-12-12 07:57:50] [run_formula] Running formula cmugigamax with K=95 up to limit 1600
[2025-12-12 07:57:51] [generate_cnf] Generating formula cmugigamax with K=96
[2025-12-12 07:57:51] [run_formula] Running formula cmugigamax with K=96 up to limit 1600
[2025-12-12 07:57:52] [generate_cnf] Generating formula cmugigamax with K=97
[2025-12-12 07:57:53] [run_formula] Running formula cmugigamax with K=97 up to limit 1600
[2025-12-12 07:57:54] [generate_cnf] Generating formula cmugigamax with K=98
[2025-12-12 07:57:54] [run_formula] Running formula cmugigamax with K=98 up to limit 1600
[2025-12-12 07:57:55] [generate_cnf] Generating formula cmugigamax with K=99
[2025-12-12 07:57:55] [run_formula] Running formula cmugigamax with K=99 up to limit 1600
[2025-12-12 07:57:56] [generate_cnf] Generating formula cmugigamax with K=100
[2025-12-12 07:57:56] [run_formula] Running formula cmugigamax with K=100 up to limit 1600
[2025-12-12 07:57:57] [generate_cnf] Generating formula cmugigamax with K=101
[2025-12-12 07:57:58] [run_formula] Running formula cmugigamax with K=101 up to limit 1600
[2025-12-12 07:57:58] [generate_cnf] Generating formula cmugigamax with K=102
[2025-12-12 07:57:58] [run_formula] Running formula cmugigamax with K=102 up to limit 1600
[2025-12-12 07:58:00] [generate_cnf] Generating formula cmugigamax with K=103
[2025-12-12 07:58:00] [run_formula] Running formula cmugigamax with K=103 up to limit 1600
[2025-12-12 07:58:01] [generate_cnf] Generating formula cmugigamax with K=104
[2025-12-12 07:58:01] [run_formula] Running formula cmugigamax with K=104 up to limit 1600
[2025-12-12 07:58:02] [generate_cnf] Generating formula cmugigamax with K=105
[2025-12-12 07:58:02] [run_formula] Running formula cmugigamax with K=105 up to limit 1600
[2025-12-12 07:58:03] [generate_cnf] Generating formula cmugigamax with K=106
[2025-12-12 07:58:03] [run_formula] Running formula cmugigamax with K=106 up to limit 1600
[2025-12-12 07:58:04] [generate_cnf] Generating formula cmugigamax with K=107
[2025-12-12 07:58:04] [run_formula] Running formula cmugigamax with K=107 up to limit 1600
[2025-12-12 07:58:06] [generate_cnf] Generating formula cmugigamax with K=108
[2025-12-12 07:58:06] [run_formula] Running formula cmugigamax with K=108 up to limit 1600
[2025-12-12 07:58:07] [generate_cnf] Generating formula cmugigamax with K=109
[2025-12-12 07:58:07] [run_formula] Running formula cmugigamax with K=109 up to limit 1600
[2025-12-12 07:58:09] [generate_cnf] Generating formula cmugigamax with K=110
[2025-12-12 07:58:09] [run_formula] Running formula cmugigamax with K=110 up to limit 1600
[2025-12-12 07:58:11] [generate_cnf] Generating formula cmugigamax with K=111
[2025-12-12 07:58:12] [run_formula] Running formula cmugigamax with K=111 up to limit 1600
[2025-12-12 07:58:12] [generate_cnf] Generating formula cmugigamax with K=112
[2025-12-12 07:58:13] [run_formula] Running formula cmugigamax with K=112 up to limit 1600
[2025-12-12 07:58:14] [generate_cnf] Generating formula cmugigamax with K=113
[2025-12-12 07:58:14] [run_formula] Running formula cmugigamax with K=113 up to limit 1600
[2025-12-12 07:58:16] [generate_cnf] Generating formula cmugigamax with K=114
[2025-12-12 07:58:17] [run_formula] Running formula cmugigamax with K=114 up to limit 1600
[2025-12-12 07:58:17] [generate_cnf] Generating formula cmugigamax with K=115
[2025-12-12 07:58:18] [run_formula] Running formula cmugigamax with K=115 up to limit 1600
[2025-12-12 07:58:20] [generate_cnf] Generating formula cmugigamax with K=116
[2025-12-12 07:58:20] [run_formula] Running formula cmugigamax with K=116 up to limit 1600
[2025-12-12 07:58:22] [generate_cnf] Generating formula cmugigamax with K=117
[2025-12-12 07:58:22] [run_formula] Running formula cmugigamax with K=117 up to limit 1600
[2025-12-12 07:58:23] [generate_cnf] Generating formula cmugigamax with K=118
[2025-12-12 07:58:23] [run_formula] Running formula cmugigamax with K=118 up to limit 1600
[2025-12-12 07:58:25] [generate_cnf] Generating formula cmugigamax with K=119
[2025-12-12 07:58:26] [run_formula] Running formula cmugigamax with K=119 up to limit 1600
[2025-12-12 07:58:26] [generate_cnf] Generating formula cmugigamax with K=120
[2025-12-12 07:58:27] [run_formula] Running formula cmugigamax with K=120 up to limit 1600
[2025-12-12 07:58:28] [generate_cnf] Generating formula cmugigamax with K=121
[2025-12-12 07:58:29] [run_formula] Running formula cmugigamax with K=121 up to limit 1600
[2025-12-12 07:58:31] [generate_cnf] Generating formula cmugigamax with K=122
[2025-12-12 07:58:32] [run_formula] Running formula cmugigamax with K=122 up to limit 1600
[2025-12-12 07:58:34] [generate_cnf] Generating formula cmugigamax with K=123
[2025-12-12 07:58:34] [run_formula] Running formula cmugigamax with K=123 up to limit 1600
[2025-12-12 07:58:37] [generate_cnf] Generating formula cmugigamax with K=124
[2025-12-12 07:58:37] [run_formula] Running formula cmugigamax with K=124 up to limit 1600
[2025-12-12 07:58:41] [generate_cnf] Generating formula cmugigamax with K=125
[2025-12-12 07:58:41] [run_formula] Running formula cmugigamax with K=125 up to limit 1600
[2025-12-12 07:58:43] [generate_cnf] Generating formula cmugigamax with K=126
[2025-12-12 07:58:44] [run_formula] Running formula cmugigamax with K=126 up to limit 1600
[2025-12-12 07:58:46] [generate_cnf] Generating formula cmugigamax with K=127
[2025-12-12 07:58:46] [run_formula] Running formula cmugigamax with K=127 up to limit 1600
[2025-12-12 07:58:49] [generate_cnf] Generating formula cmugigamax with K=128
[2025-12-12 07:58:49] [run_formula] Running formula cmugigamax with K=128 up to limit 1600
[2025-12-12 07:58:51] [generate_cnf] Generating formula cmugigamax with K=129
[2025-12-12 07:58:51] [run_formula] Running formula cmugigamax with K=129 up to limit 1600
[2025-12-12 07:58:54] [generate_cnf] Generating formula cmugigamax with K=130
[2025-12-12 07:58:54] [run_formula] Running formula cmugigamax with K=130 up to limit 1600
[2025-12-12 07:58:56] [generate_cnf] Generating formula cmugigamax with K=131
[2025-12-12 07:58:57] [run_formula] Running formula cmugigamax with K=131 up to limit 1600
[2025-12-12 07:59:00] [generate_cnf] Generating formula cmugigamax with K=132
[2025-12-12 07:59:00] [run_formula] Running formula cmugigamax with K=132 up to limit 1600
[2025-12-12 07:59:03] [generate_cnf] Generating formula cmugigamax with K=133
[2025-12-12 07:59:03] [run_formula] Running formula cmugigamax with K=133 up to limit 1600
[2025-12-12 07:59:05] [generate_cnf] Generating formula cmugigamax with K=134
[2025-12-12 07:59:05] [run_formula] Running formula cmugigamax with K=134 up to limit 1600
[2025-12-12 07:59:09] [generate_cnf] Generating formula cmugigamax with K=135
[2025-12-12 07:59:09] [run_formula] Running formula cmugigamax with K=135 up to limit 1600
[2025-12-12 07:59:12] [generate_cnf] Generating formula cmugigamax with K=136
[2025-12-12 07:59:12] [run_formula] Running formula cmugigamax with K=136 up to limit 1600
[2025-12-12 07:59:16] [generate_cnf] Generating formula cmugigamax with K=137
[2025-12-12 07:59:16] [run_formula] Running formula cmugigamax with K=137 up to limit 1600
[2025-12-12 07:59:19] [generate_cnf] Generating formula cmugigamax with K=138
[2025-12-12 07:59:19] [run_formula] Running formula cmugigamax with K=138 up to limit 1600
[2025-12-12 07:59:21] [generate_cnf] Generating formula cmugigamax with K=139
[2025-12-12 07:59:21] [run_formula] Running formula cmugigamax with K=139 up to limit 1600
[2025-12-12 07:59:24] [generate_cnf] Generating formula cmugigamax with K=140
[2025-12-12 07:59:24] [run_formula] Running formula cmugigamax with K=140 up to limit 1600
[2025-12-12 07:59:28] [generate_cnf] Generating formula cmugigamax with K=141
[2025-12-12 07:59:29] [run_formula] Running formula cmugigamax with K=141 up to limit 1600
[2025-12-12 07:59:32] [generate_cnf] Generating formula cmugigamax with K=142
[2025-12-12 07:59:32] [run_formula] Running formula cmugigamax with K=142 up to limit 1600
[2025-12-12 07:59:35] [generate_cnf] Generating formula cmugigamax with K=143
[2025-12-12 07:59:36] [run_formula] Running formula cmugigamax with K=143 up to limit 1600
[2025-12-12 07:59:40] [generate_cnf] Generating formula cmugigamax with K=144
[2025-12-12 07:59:40] [run_formula] Running formula cmugigamax with K=144 up to limit 1600
[2025-12-12 07:59:45] [generate_cnf] Generating formula cmugigamax with K=145
[2025-12-12 07:59:45] [run_formula] Running formula cmugigamax with K=145 up to limit 1600
[2025-12-12 07:59:48] [generate_cnf] Generating formula cmugigamax with K=146
[2025-12-12 07:59:48] [run_formula] Running formula cmugigamax with K=146 up to limit 1600
[2025-12-12 07:59:51] [generate_cnf] Generating formula cmugigamax with K=147
[2025-12-12 07:59:51] [run_formula] Running formula cmugigamax with K=147 up to limit 1600
[2025-12-12 07:59:54] [generate_cnf] Generating formula cmugigamax with K=148
[2025-12-12 07:59:55] [run_formula] Running formula cmugigamax with K=148 up to limit 1600
[2025-12-12 07:59:59] [generate_cnf] Generating formula cmugigamax with K=149
[2025-12-12 07:59:59] [run_formula] Running formula cmugigamax with K=149 up to limit 1600
[2025-12-12 08:00:03] [generate_cnf] Generating formula cmugigamax with K=150
[2025-12-12 08:00:03] [run_formula] Running formula cmugigamax with K=150 up to limit 1600
[2025-12-12 08:00:06] [generate_cnf] Generating formula cmugigamax with K=151
[2025-12-12 08:00:07] [run_formula] Running formula cmugigamax with K=151 up to limit 1600
[2025-12-12 08:00:10] [generate_cnf] Generating formula cmugigamax with K=152
[2025-12-12 08:00:11] [run_formula] Running formula cmugigamax with K=152 up to limit 1600
[2025-12-12 08:00:14] [generate_cnf] Generating formula cmugigamax with K=153
[2025-12-12 08:00:14] [run_formula] Running formula cmugigamax with K=153 up to limit 1600
[2025-12-12 08:00:18] [generate_cnf] Generating formula cmugigamax with K=154
[2025-12-12 08:00:18] [run_formula] Running formula cmugigamax with K=154 up to limit 1600
[2025-12-12 08:00:22] [generate_cnf] Generating formula cmugigamax with K=155
[2025-12-12 08:00:22] [run_formula] Running formula cmugigamax with K=155 up to limit 1600
[2025-12-12 08:00:26] [generate_cnf] Generating formula cmugigamax with K=156
[2025-12-12 08:00:26] [run_formula] Running formula cmugigamax with K=156 up to limit 1600
[2025-12-12 08:00:29] [generate_cnf] Generating formula cmugigamax with K=157
[2025-12-12 08:00:29] [run_formula] Running formula cmugigamax with K=157 up to limit 1600
[2025-12-12 08:00:33] [generate_cnf] Generating formula cmugigamax with K=158
[2025-12-12 08:00:33] [run_formula] Running formula cmugigamax with K=158 up to limit 1600
[2025-12-12 08:00:36] [generate_cnf] Generating formula cmugigamax with K=159
[2025-12-12 08:00:37] [run_formula] Running formula cmugigamax with K=159 up to limit 1600
[2025-12-12 08:00:40] [generate_cnf] Generating formula cmugigamax with K=160
[2025-12-12 08:00:40] [run_formula] Running formula cmugigamax with K=160 up to limit 1600
[2025-12-12 08:00:44] [generate_cnf] Generating formula cmugigamax with K=161
[2025-12-12 08:00:44] [run_formula] Running formula cmugigamax with K=161 up to limit 1600
[2025-12-12 08:00:48] [generate_cnf] Generating formula cmugigamax with K=162
[2025-12-12 08:00:49] [run_formula] Running formula cmugigamax with K=162 up to limit 1600
[2025-12-12 08:00:51] [generate_cnf] Generating formula cmugigamax with K=163
[2025-12-12 08:00:51] [run_formula] Running formula cmugigamax with K=163 up to limit 1600
[2025-12-12 08:00:55] [generate_cnf] Generating formula cmugigamax with K=164
[2025-12-12 08:00:55] [run_formula] Running formula cmugigamax with K=164 up to limit 1600
[2025-12-12 08:00:59] [generate_cnf] Generating formula cmugigamax with K=165
[2025-12-12 08:00:59] [run_formula] Running formula cmugigamax with K=165 up to limit 1600
[2025-12-12 08:01:04] [generate_cnf] Generating formula cmugigamax with K=166
[2025-12-12 08:01:04] [run_formula] Running formula cmugigamax with K=166 up to limit 1600
[2025-12-12 08:01:08] [generate_cnf] Generating formula cmugigamax with K=167
[2025-12-12 08:01:09] [run_formula] Running formula cmugigamax with K=167 up to limit 1600
[2025-12-12 08:01:13] [generate_cnf] Generating formula cmugigamax with K=168
[2025-12-12 08:01:13] [run_formula] Running formula cmugigamax with K=168 up to limit 1600
[2025-12-12 08:01:19] [generate_cnf] Generating formula cmugigamax with K=169
[2025-12-12 08:01:19] [run_formula] Running formula cmugigamax with K=169 up to limit 1600
[2025-12-12 08:01:22] [generate_cnf] Generating formula cmugigamax with K=170
[2025-12-12 08:01:22] [run_formula] Running formula cmugigamax with K=170 up to limit 1600
[2025-12-12 08:01:27] [generate_cnf] Generating formula cmugigamax with K=171
[2025-12-12 08:01:28] [run_formula] Running formula cmugigamax with K=171 up to limit 1600
[2025-12-12 08:01:32] [generate_cnf] Generating formula cmugigamax with K=172
[2025-12-12 08:01:32] [run_formula] Running formula cmugigamax with K=172 up to limit 1600
[2025-12-12 08:01:35] [generate_cnf] Generating formula cmugigamax with K=173
[2025-12-12 08:01:35] [run_formula] Running formula cmugigamax with K=173 up to limit 1600
[2025-12-12 08:01:39] [generate_cnf] Generating formula cmugigamax with K=174
[2025-12-12 08:01:40] [run_formula] Running formula cmugigamax with K=174 up to limit 1600
[2025-12-12 08:01:43] [generate_cnf] Generating formula cmugigamax with K=175
[2025-12-12 08:01:43] [run_formula] Running formula cmugigamax with K=175 up to limit 1600
[2025-12-12 08:01:47] [generate_cnf] Generating formula cmugigamax with K=176
[2025-12-12 08:01:48] [run_formula] Running formula cmugigamax with K=176 up to limit 1600
[2025-12-12 08:01:52] [generate_cnf] Generating formula cmugigamax with K=177
[2025-12-12 08:01:53] [run_formula] Running formula cmugigamax with K=177 up to limit 1600
[2025-12-12 08:01:56] [generate_cnf] Generating formula cmugigamax with K=178
[2025-12-12 08:01:56] [run_formula] Running formula cmugigamax with K=178 up to limit 1600
[2025-12-12 08:02:00] [generate_cnf] Generating formula cmugigamax with K=179
[2025-12-12 08:02:00] [run_formula] Running formula cmugigamax with K=179 up to limit 1600
[2025-12-12 08:02:04] [generate_cnf] Generating formula cmugigamax with K=180
[2025-12-12 08:02:04] [run_formula] Running formula cmugigamax with K=180 up to limit 1600
[2025-12-12 08:02:08] [generate_cnf] Generating formula cmugigamax with K=181
[2025-12-12 08:02:08] [run_formula] Running formula cmugigamax with K=181 up to limit 1600
[2025-12-12 08:02:13] [generate_cnf] Generating formula cmugigamax with K=182
[2025-12-12 08:02:14] [run_formula] Running formula cmugigamax with K=182 up to limit 1600
[2025-12-12 08:02:18] [generate_cnf] Generating formula cmugigamax with K=183
[2025-12-12 08:02:18] [run_formula] Running formula cmugigamax with K=183 up to limit 1600
[2025-12-12 08:02:24] [generate_cnf] Generating formula cmugigamax with K=184
[2025-12-12 08:02:24] [run_formula] Running formula cmugigamax with K=184 up to limit 1600
[2025-12-12 08:02:28] [generate_cnf] Generating formula cmugigamax with K=185
[2025-12-12 08:02:28] [run_formula] Running formula cmugigamax with K=185 up to limit 1600
[2025-12-12 08:02:33] [generate_cnf] Generating formula cmugigamax with K=186
[2025-12-12 08:02:33] [run_formula] Running formula cmugigamax with K=186 up to limit 1600
[2025-12-12 08:02:37] [generate_cnf] Generating formula cmugigamax with K=187
[2025-12-12 08:02:37] [run_formula] Running formula cmugigamax with K=187 up to limit 1600
[2025-12-12 08:02:41] [generate_cnf] Generating formula cmugigamax with K=188
[2025-12-12 08:02:41] [run_formula] Running formula cmugigamax with K=188 up to limit 1600
[2025-12-12 08:02:45] [generate_cnf] Generating formula cmugigamax with K=189
[2025-12-12 08:02:46] [run_formula] Running formula cmugigamax with K=189 up to limit 1600
[2025-12-12 08:02:49] [generate_cnf] Generating formula cmugigamax with K=190
[2025-12-12 08:02:50] [run_formula] Running formula cmugigamax with K=190 up to limit 1600
[2025-12-12 08:02:53] [generate_cnf] Generating formula cmugigamax with K=191
[2025-12-12 08:02:54] [run_formula] Running formula cmugigamax with K=191 up to limit 1600
[2025-12-12 08:02:56] [generate_cnf] Generating formula cmugigamax with K=192
[2025-12-12 08:02:57] [run_formula] Running formula cmugigamax with K=192 up to limit 1600
[2025-12-12 08:03:01] [generate_cnf] Generating formula cmugigamax with K=193
[2025-12-12 08:03:02] [run_formula] Running formula cmugigamax with K=193 up to limit 1600
[2025-12-12 08:03:06] [generate_cnf] Generating formula cmugigamax with K=194
[2025-12-12 08:03:06] [run_formula] Running formula cmugigamax with K=194 up to limit 1600
[2025-12-12 08:03:11] [generate_cnf] Generating formula cmugigamax with K=195
[2025-12-12 08:03:11] [run_formula] Running formula cmugigamax with K=195 up to limit 1600
[2025-12-12 08:03:16] [generate_cnf] Generating formula cmugigamax with K=196
[2025-12-12 08:03:16] [run_formula] Running formula cmugigamax with K=196 up to limit 1600
[2025-12-12 08:03:20] [generate_cnf] Generating formula cmugigamax with K=197
[2025-12-12 08:03:20] [run_formula] Running formula cmugigamax with K=197 up to limit 1600
[2025-12-12 08:03:26] [generate_cnf] Generating formula cmugigamax with K=198
[2025-12-12 08:03:26] [run_formula] Running formula cmugigamax with K=198 up to limit 1600
[2025-12-12 08:03:31] [generate_cnf] Generating formula cmugigamax with K=199
[2025-12-12 08:03:32] [run_formula] Running formula cmugigamax with K=199 up to limit 1600
[2025-12-12 08:03:36] [generate_cnf] Generating formula cmugigamax with K=200
[2025-12-12 08:03:36] [run_formula] Running formula cmugigamax with K=200 up to limit 1600
[2025-12-12 08:03:41] [generate_cnf] Generating formula cmugigamax with K=201
[2025-12-12 08:03:41] [run_formula] Running formula cmugigamax with K=201 up to limit 1600
[2025-12-12 08:03:45] [generate_cnf] Generating formula cmugigamax with K=202
[2025-12-12 08:03:46] [run_formula] Running formula cmugigamax with K=202 up to limit 1600
[2025-12-12 08:03:50] [generate_cnf] Generating formula cmugigamax with K=203
[2025-12-12 08:03:51] [run_formula] Running formula cmugigamax with K=203 up to limit 1600
[2025-12-12 08:03:55] [generate_cnf] Generating formula cmugigamax with K=204
[2025-12-12 08:03:56] [run_formula] Running formula cmugigamax with K=204 up to limit 1600
[2025-12-12 08:04:01] [generate_cnf] Generating formula cmugigamax with K=205
[2025-12-12 08:04:02] [run_formula] Running formula cmugigamax with K=205 up to limit 1600
[2025-12-12 08:04:06] [generate_cnf] Generating formula cmugigamax with K=206
[2025-12-12 08:04:06] [run_formula] Running formula cmugigamax with K=206 up to limit 1600
[2025-12-12 08:04:11] [generate_cnf] Generating formula cmugigamax with K=207
[2025-12-12 08:04:11] [run_formula] Running formula cmugigamax with K=207 up to limit 1600
[2025-12-12 08:04:16] [generate_cnf] Generating formula cmugigamax with K=208
[2025-12-12 08:04:16] [run_formula] Running formula cmugigamax with K=208 up to limit 1600
[2025-12-12 08:04:21] [generate_cnf] Generating formula cmugigamax with K=209
[2025-12-12 08:04:22] [run_formula] Running formula cmugigamax with K=209 up to limit 1600
[2025-12-12 08:04:28] [generate_cnf] Generating formula cmugigamax with K=210
[2025-12-12 08:04:28] [run_formula] Running formula cmugigamax with K=210 up to limit 1600
[2025-12-12 08:04:32] [generate_cnf] Generating formula cmugigamax with K=211
[2025-12-12 08:04:32] [run_formula] Running formula cmugigamax with K=211 up to limit 1600
[2025-12-12 08:04:37] [generate_cnf] Generating formula cmugigamax with K=212
[2025-12-12 08:04:38] [run_formula] Running formula cmugigamax with K=212 up to limit 1600
[2025-12-12 08:04:42] [generate_cnf] Generating formula cmugigamax with K=213
[2025-12-12 08:04:42] [run_formula] Running formula cmugigamax with K=213 up to limit 1600
[2025-12-12 08:04:47] [generate_cnf] Generating formula cmugigamax with K=214
[2025-12-12 08:04:47] [run_formula] Running formula cmugigamax with K=214 up to limit 1600
[2025-12-12 08:04:53] [generate_cnf] Generating formula cmugigamax with K=215
[2025-12-12 08:04:54] [run_formula] Running formula cmugigamax with K=215 up to limit 1600
[2025-12-12 08:04:58] [generate_cnf] Generating formula cmugigamax with K=216
[2025-12-12 08:04:58] [run_formula] Running formula cmugigamax with K=216 up to limit 1600
[2025-12-12 08:05:02] [generate_cnf] Generating formula cmugigamax with K=217
[2025-12-12 08:05:02] [run_formula] Running formula cmugigamax with K=217 up to limit 1600
[2025-12-12 08:05:07] [generate_cnf] Generating formula cmugigamax with K=218
[2025-12-12 08:05:08] [run_formula] Running formula cmugigamax with K=218 up to limit 1600
[2025-12-12 08:05:12] [generate_cnf] Generating formula cmugigamax with K=219
[2025-12-12 08:05:14] [run_formula] Running formula cmugigamax with K=219 up to limit 1600
[2025-12-12 08:05:19] [generate_cnf] Generating formula cmugigamax with K=220
[2025-12-12 08:05:19] [run_formula] Running formula cmugigamax with K=220 up to limit 1600
[2025-12-12 08:05:24] [generate_cnf] Generating formula cmugigamax with K=221
[2025-12-12 08:05:25] [run_formula] Running formula cmugigamax with K=221 up to limit 1600
[2025-12-12 08:05:29] [generate_cnf] Generating formula cmugigamax with K=222
[2025-12-12 08:05:30] [run_formula] Running formula cmugigamax with K=222 up to limit 1600
[2025-12-12 08:05:36] [generate_cnf] Generating formula cmugigamax with K=223
[2025-12-12 08:05:36] [run_formula] Running formula cmugigamax with K=223 up to limit 1600
[2025-12-12 08:05:41] [generate_cnf] Generating formula cmugigamax with K=224
[2025-12-12 08:05:41] [run_formula] Running formula cmugigamax with K=224 up to limit 1600
[2025-12-12 08:05:45] [generate_cnf] Generating formula cmugigamax with K=225
[2025-12-12 08:05:45] [run_formula] Running formula cmugigamax with K=225 up to limit 1600
[2025-12-12 08:05:50] [generate_cnf] Generating formula cmugigamax with K=226
[2025-12-12 08:05:50] [run_formula] Running formula cmugigamax with K=226 up to limit 1600
[2025-12-12 08:05:55] [generate_cnf] Generating formula cmugigamax with K=227
[2025-12-12 08:05:56] [run_formula] Running formula cmugigamax with K=227 up to limit 1600
[2025-12-12 08:06:00] [generate_cnf] Generating formula cmugigamax with K=228
[2025-12-12 08:06:01] [run_formula] Running formula cmugigamax with K=228 up to limit 1600
[2025-12-12 08:06:06] [generate_cnf] Generating formula cmugigamax with K=229
[2025-12-12 08:06:06] [run_formula] Running formula cmugigamax with K=229 up to limit 1600
[2025-12-12 08:06:10] [generate_cnf] Generating formula cmugigamax with K=230
[2025-12-12 08:06:10] [run_formula] Running formula cmugigamax with K=230 up to limit 1600
[2025-12-12 08:06:14] [generate_cnf] Generating formula cmugigamax with K=231
[2025-12-12 08:06:15] [run_formula] Running formula cmugigamax with K=231 up to limit 1600
[2025-12-12 08:06:20] [generate_cnf] Generating formula cmugigamax with K=232
[2025-12-12 08:06:21] [run_formula] Running formula cmugigamax with K=232 up to limit 1600
[2025-12-12 08:06:25] [generate_cnf] Generating formula cmugigamax with K=233
[2025-12-12 08:06:25] [run_formula] Running formula cmugigamax with K=233 up to limit 1600
[2025-12-12 08:06:31] [generate_cnf] Generating formula cmugigamax with K=234
[2025-12-12 08:06:31] [run_formula] Running formula cmugigamax with K=234 up to limit 1600
[2025-12-12 08:06:38] [generate_cnf] Generating formula cmugigamax with K=235
[2025-12-12 08:06:39] [run_formula] Running formula cmugigamax with K=235 up to limit 1600
[2025-12-12 08:06:44] [generate_cnf] Generating formula cmugigamax with K=236
[2025-12-12 08:06:44] [run_formula] Running formula cmugigamax with K=236 up to limit 1600
[2025-12-12 08:06:50] [generate_cnf] Generating formula cmugigamax with K=237
[2025-12-12 08:06:51] [run_formula] Running formula cmugigamax with K=237 up to limit 1600
[2025-12-12 08:06:56] [generate_cnf] Generating formula cmugigamax with K=238
[2025-12-12 08:06:56] [run_formula] Running formula cmugigamax with K=238 up to limit 1600
[2025-12-12 08:07:00] [generate_cnf] Generating formula cmugigamax with K=239
[2025-12-12 08:07:01] [run_formula] Running formula cmugigamax with K=239 up to limit 1600
[2025-12-12 08:07:06] [generate_cnf] Generating formula cmugigamax with K=240
[2025-12-12 08:07:06] [run_formula] Running formula cmugigamax with K=240 up to limit 1600
[2025-12-12 08:07:10] [generate_cnf] Generating formula cmugigamax with K=241
[2025-12-12 08:07:11] [run_formula] Running formula cmugigamax with K=241 up to limit 1600
[2025-12-12 08:07:18] [generate_cnf] Generating formula cmugigamax with K=242
[2025-12-12 08:07:18] [run_formula] Running formula cmugigamax with K=242 up to limit 1600
[2025-12-12 08:07:24] [generate_cnf] Generating formula cmugigamax with K=243
[2025-12-12 08:07:25] [run_formula] Running formula cmugigamax with K=243 up to limit 1600
[2025-12-12 08:07:30] [generate_cnf] Generating formula cmugigamax with K=244
[2025-12-12 08:07:30] [run_formula] Running formula cmugigamax with K=244 up to limit 1600
[2025-12-12 08:07:34] [generate_cnf] Generating formula cmugigamax with K=245
[2025-12-12 08:07:35] [run_formula] Running formula cmugigamax with K=245 up to limit 1600
[2025-12-12 08:07:41] [generate_cnf] Generating formula cmugigamax with K=246
[2025-12-12 08:07:41] [run_formula] Running formula cmugigamax with K=246 up to limit 1600
[2025-12-12 08:07:47] [generate_cnf] Generating formula cmugigamax with K=247
[2025-12-12 08:07:48] [run_formula] Running formula cmugigamax with K=247 up to limit 1600
[2025-12-12 08:07:53] [generate_cnf] Generating formula cmugigamax with K=248
[2025-12-12 08:07:54] [run_formula] Running formula cmugigamax with K=248 up to limit 1600
[2025-12-12 08:07:59] [generate_cnf] Generating formula cmugigamax with K=249
[2025-12-12 08:07:59] [run_formula] Running formula cmugigamax with K=249 up to limit 1600
[2025-12-12 08:08:07] [generate_cnf] Generating formula cmugigamax with K=250
[2025-12-12 08:08:07] [run_formula] Running formula cmugigamax with K=250 up to limit 1600
[2025-12-12 08:08:12] [generate_cnf] Generating formula cmugigamax with K=251
[2025-12-12 08:08:12] [run_formula] Running formula cmugigamax with K=251 up to limit 1600
[2025-12-12 08:08:18] [generate_cnf] Generating formula cmugigamax with K=252
[2025-12-12 08:08:18] [run_formula] Running formula cmugigamax with K=252 up to limit 1600
[2025-12-12 08:08:25] [generate_cnf] Generating formula cmugigamax with K=253
[2025-12-12 08:08:25] [run_formula] Running formula cmugigamax with K=253 up to limit 1600
[2025-12-12 08:08:31] [generate_cnf] Generating formula cmugigamax with K=254
[2025-12-12 08:08:32] [run_formula] Running formula cmugigamax with K=254 up to limit 1600
[2025-12-12 08:08:37] [generate_cnf] Generating formula cmugigamax with K=255
[2025-12-12 08:08:37] [run_formula] Running formula cmugigamax with K=255 up to limit 1600
[2025-12-12 08:08:45] [generate_cnf] Generating formula cmugigamax with K=256
[2025-12-12 08:08:45] [run_formula] Running formula cmugigamax with K=256 up to limit 1600
[2025-12-12 08:08:48] [generate_cnf] Generating formula cmugigamax with K=257
[2025-12-12 08:08:49] [run_formula] Running formula cmugigamax with K=257 up to limit 1600
[2025-12-12 08:08:55] [generate_cnf] Generating formula cmugigamax with K=258
[2025-12-12 08:08:55] [run_formula] Running formula cmugigamax with K=258 up to limit 1600
[2025-12-12 08:09:01] [generate_cnf] Generating formula cmugigamax with K=259
[2025-12-12 08:09:01] [run_formula] Running formula cmugigamax with K=259 up to limit 1600
[2025-12-12 08:09:09] [generate_cnf] Generating formula cmugigamax with K=260
[2025-12-12 08:09:10] [run_formula] Running formula cmugigamax with K=260 up to limit 1600
[2025-12-12 08:09:13] [generate_cnf] Generating formula cmugigamax with K=261
[2025-12-12 08:09:14] [run_formula] Running formula cmugigamax with K=261 up to limit 1600
[2025-12-12 08:09:19] [generate_cnf] Generating formula cmugigamax with K=262
[2025-12-12 08:09:19] [run_formula] Running formula cmugigamax with K=262 up to limit 1600
[2025-12-12 08:09:26] [generate_cnf] Generating formula cmugigamax with K=263
[2025-12-12 08:09:27] [run_formula] Running formula cmugigamax with K=263 up to limit 1600
[2025-12-12 08:09:31] [generate_cnf] Generating formula cmugigamax with K=264
[2025-12-12 08:09:31] [run_formula] Running formula cmugigamax with K=264 up to limit 1600
[2025-12-12 08:09:36] [generate_cnf] Generating formula cmugigamax with K=265
[2025-12-12 08:09:37] [run_formula] Running formula cmugigamax with K=265 up to limit 1600
[2025-12-12 08:09:42] [generate_cnf] Generating formula cmugigamax with K=266
[2025-12-12 08:09:42] [run_formula] Running formula cmugigamax with K=266 up to limit 1600
[2025-12-12 08:09:47] [generate_cnf] Generating formula cmugigamax with K=267
[2025-12-12 08:09:48] [run_formula] Running formula cmugigamax with K=267 up to limit 1600
[2025-12-12 08:09:53] [generate_cnf] Generating formula cmugigamax with K=268
[2025-12-12 08:09:53] [run_formula] Running formula cmugigamax with K=268 up to limit 1600
[2025-12-12 08:10:01] [generate_cnf] Generating formula cmugigamax with K=269
[2025-12-12 08:10:01] [run_formula] Running formula cmugigamax with K=269 up to limit 1600
[2025-12-12 08:10:08] [generate_cnf] Generating formula cmugigamax with K=270
[2025-12-12 08:10:08] [run_formula] Running formula cmugigamax with K=270 up to limit 1600
[2025-12-12 08:10:14] [generate_cnf] Generating formula cmugigamax with K=271
[2025-12-12 08:10:14] [run_formula] Running formula cmugigamax with K=271 up to limit 1600
[2025-12-12 08:10:21] [generate_cnf] Generating formula cmugigamax with K=272
[2025-12-12 08:10:22] [run_formula] Running formula cmugigamax with K=272 up to limit 1600
[2025-12-12 08:10:33] [generate_cnf] Generating formula cmugigamax with K=273
[2025-12-12 08:10:34] [run_formula] Running formula cmugigamax with K=273 up to limit 1600
[2025-12-12 08:10:39] [generate_cnf] Generating formula cmugigamax with K=274
[2025-12-12 08:10:40] [run_formula] Running formula cmugigamax with K=274 up to limit 1600
[2025-12-12 08:10:46] [generate_cnf] Generating formula cmugigamax with K=275
[2025-12-12 08:10:47] [run_formula] Running formula cmugigamax with K=275 up to limit 1600
[2025-12-12 08:10:53] [generate_cnf] Generating formula cmugigamax with K=276
[2025-12-12 08:10:53] [run_formula] Running formula cmugigamax with K=276 up to limit 1600
[2025-12-12 08:11:00] [generate_cnf] Generating formula cmugigamax with K=277
[2025-12-12 08:11:01] [run_formula] Running formula cmugigamax with K=277 up to limit 1600
[2025-12-12 08:11:07] [generate_cnf] Generating formula cmugigamax with K=278
[2025-12-12 08:11:08] [run_formula] Running formula cmugigamax with K=278 up to limit 1600
[2025-12-12 08:11:19] [generate_cnf] Generating formula cmugigamax with K=279
[2025-12-12 08:11:19] [run_formula] Running formula cmugigamax with K=279 up to limit 1600
[2025-12-12 08:11:27] [generate_cnf] Generating formula cmugigamax with K=280
[2025-12-12 08:11:27] [run_formula] Running formula cmugigamax with K=280 up to limit 1600
[2025-12-12 08:11:37] [generate_cnf] Generating formula cmugigamax with K=281
[2025-12-12 08:11:37] [run_formula] Running formula cmugigamax with K=281 up to limit 1600
[2025-12-12 08:11:43] [generate_cnf] Generating formula cmugigamax with K=282
[2025-12-12 08:11:43] [run_formula] Running formula cmugigamax with K=282 up to limit 1600
[2025-12-12 08:11:50] [generate_cnf] Generating formula cmugigamax with K=283
[2025-12-12 08:11:51] [run_formula] Running formula cmugigamax with K=283 up to limit 1600
[2025-12-12 08:11:56] [generate_cnf] Generating formula cmugigamax with K=284
[2025-12-12 08:11:57] [run_formula] Running formula cmugigamax with K=284 up to limit 1600
[2025-12-12 08:12:04] [generate_cnf] Generating formula cmugigamax with K=285
[2025-12-12 08:12:04] [run_formula] Running formula cmugigamax with K=285 up to limit 1600
[2025-12-12 08:12:13] [generate_cnf] Generating formula cmugigamax with K=286
[2025-12-12 08:12:14] [run_formula] Running formula cmugigamax with K=286 up to limit 1600
[2025-12-12 08:12:20] [generate_cnf] Generating formula cmugigamax with K=287
[2025-12-12 08:12:21] [run_formula] Running formula cmugigamax with K=287 up to limit 1600
[2025-12-12 08:12:30] [generate_cnf] Generating formula cmugigamax with K=288
[2025-12-12 08:12:30] [run_formula] Running formula cmugigamax with K=288 up to limit 1600
[2025-12-12 08:12:35] [generate_cnf] Generating formula cmugigamax with K=289
[2025-12-12 08:12:36] [run_formula] Running formula cmugigamax with K=289 up to limit 1600
[2025-12-12 08:12:54] [generate_cnf] Generating formula cmugigamax with K=290
[2025-12-12 08:12:55] [run_formula] Running formula cmugigamax with K=290 up to limit 1600
[2025-12-12 08:13:04] [generate_cnf] Generating formula cmugigamax with K=291
[2025-12-12 08:13:05] [run_formula] Running formula cmugigamax with K=291 up to limit 1600
[2025-12-12 08:13:11] [generate_cnf] Generating formula cmugigamax with K=292
[2025-12-12 08:13:11] [run_formula] Running formula cmugigamax with K=292 up to limit 1600
[2025-12-12 08:13:22] [generate_cnf] Generating formula cmugigamax with K=293
[2025-12-12 08:13:23] [run_formula] Running formula cmugigamax with K=293 up to limit 1600
[2025-12-12 08:13:30] [generate_cnf] Generating formula cmugigamax with K=294
[2025-12-12 08:13:31] [run_formula] Running formula cmugigamax with K=294 up to limit 1600
[2025-12-12 08:13:36] [generate_cnf] Generating formula cmugigamax with K=295
[2025-12-12 08:13:36] [run_formula] Running formula cmugigamax with K=295 up to limit 1600
[2025-12-12 08:13:48] [generate_cnf] Generating formula cmugigamax with K=296
[2025-12-12 08:13:48] [run_formula] Running formula cmugigamax with K=296 up to limit 1600
[2025-12-12 08:13:53] [generate_cnf] Generating formula cmugigamax with K=297
[2025-12-12 08:13:53] [run_formula] Running formula cmugigamax with K=297 up to limit 1600
[2025-12-12 08:14:03] [generate_cnf] Generating formula cmugigamax with K=298
[2025-12-12 08:14:04] [run_formula] Running formula cmugigamax with K=298 up to limit 1600
[2025-12-12 08:14:16] [generate_cnf] Generating formula cmugigamax with K=299
[2025-12-12 08:14:17] [run_formula] Running formula cmugigamax with K=299 up to limit 1600
[2025-12-12 08:14:29] [generate_cnf] Generating formula cmugigamax with K=300
[2025-12-12 08:14:29] [run_formula] Running formula cmugigamax with K=300 up to limit 1600
[2025-12-12 08:14:40] [generate_cnf] Generating formula cmugigamax with K=301
[2025-12-12 08:14:40] [run_formula] Running formula cmugigamax with K=301 up to limit 1600
[2025-12-12 08:14:58] [generate_cnf] Generating formula cmugigamax with K=302
[2025-12-12 08:14:58] [run_formula] Running formula cmugigamax with K=302 up to limit 1600
[2025-12-12 08:15:11] [generate_cnf] Generating formula cmugigamax with K=303
[2025-12-12 08:15:12] [run_formula] Running formula cmugigamax with K=303 up to limit 1600
[2025-12-12 08:15:23] [generate_cnf] Generating formula cmugigamax with K=304
[2025-12-12 08:15:24] [run_formula] Running formula cmugigamax with K=304 up to limit 1600
[2025-12-12 08:15:36] [generate_cnf] Generating formula cmugigamax with K=305
[2025-12-12 08:15:37] [run_formula] Running formula cmugigamax with K=305 up to limit 1600
[2025-12-12 08:15:42] [generate_cnf] Generating formula cmugigamax with K=306
[2025-12-12 08:15:43] [run_formula] Running formula cmugigamax with K=306 up to limit 1600
[2025-12-12 08:15:54] [generate_cnf] Generating formula cmugigamax with K=307
[2025-12-12 08:15:54] [run_formula] Running formula cmugigamax with K=307 up to limit 1600
[2025-12-12 08:16:06] [generate_cnf] Generating formula cmugigamax with K=308
[2025-12-12 08:16:06] [run_formula] Running formula cmugigamax with K=308 up to limit 1600
[2025-12-12 08:16:13] [generate_cnf] Generating formula cmugigamax with K=309
[2025-12-12 08:16:14] [run_formula] Running formula cmugigamax with K=309 up to limit 1600
[2025-12-12 08:16:22] [generate_cnf] Generating formula cmugigamax with K=310
[2025-12-12 08:16:23] [run_formula] Running formula cmugigamax with K=310 up to limit 1600
[2025-12-12 08:16:34] [generate_cnf] Generating formula cmugigamax with K=311
[2025-12-12 08:16:35] [run_formula] Running formula cmugigamax with K=311 up to limit 1600
[2025-12-12 08:16:44] [generate_cnf] Generating formula cmugigamax with K=312
[2025-12-12 08:16:44] [run_formula] Running formula cmugigamax with K=312 up to limit 1600
[2025-12-12 08:16:58] [generate_cnf] Generating formula cmugigamax with K=313
[2025-12-12 08:16:58] [run_formula] Running formula cmugigamax with K=313 up to limit 1600
[2025-12-12 08:17:11] [generate_cnf] Generating formula cmugigamax with K=314
[2025-12-12 08:17:12] [run_formula] Running formula cmugigamax with K=314 up to limit 1600
[2025-12-12 08:17:24] [generate_cnf] Generating formula cmugigamax with K=315
[2025-12-12 08:17:25] [run_formula] Running formula cmugigamax with K=315 up to limit 1600
[2025-12-12 08:17:41] [generate_cnf] Generating formula cmugigamax with K=316
[2025-12-12 08:17:42] [run_formula] Running formula cmugigamax with K=316 up to limit 1600
[2025-12-12 08:17:49] [generate_cnf] Generating formula cmugigamax with K=317
[2025-12-12 08:17:50] [run_formula] Running formula cmugigamax with K=317 up to limit 1600
[2025-12-12 08:17:58] [generate_cnf] Generating formula cmugigamax with K=318
[2025-12-12 08:17:59] [run_formula] Running formula cmugigamax with K=318 up to limit 1600
[2025-12-12 08:18:05] [generate_cnf] Generating formula cmugigamax with K=319
[2025-12-12 08:18:06] [run_formula] Running formula cmugigamax with K=319 up to limit 1600
[2025-12-12 08:18:15] [generate_cnf] Generating formula cmugigamax with K=320
[2025-12-12 08:18:16] [run_formula] Running formula cmugigamax with K=320 up to limit 1600
[2025-12-12 08:18:31] [generate_cnf] Generating formula cmugigamax with K=321
[2025-12-12 08:18:31] [run_formula] Running formula cmugigamax with K=321 up to limit 1600
[2025-12-12 08:18:38] [generate_cnf] Generating formula cmugigamax with K=322
[2025-12-12 08:18:38] [run_formula] Running formula cmugigamax with K=322 up to limit 1600
[2025-12-12 08:18:54] [generate_cnf] Generating formula cmugigamax with K=323
[2025-12-12 08:18:54] [run_formula] Running formula cmugigamax with K=323 up to limit 1600
[2025-12-12 08:19:10] [generate_cnf] Generating formula cmugigamax with K=324
[2025-12-12 08:19:11] [run_formula] Running formula cmugigamax with K=324 up to limit 1600
[2025-12-12 08:19:18] [generate_cnf] Generating formula cmugigamax with K=325
[2025-12-12 08:19:18] [run_formula] Running formula cmugigamax with K=325 up to limit 1600
[2025-12-12 08:19:25] [generate_cnf] Generating formula cmugigamax with K=326
[2025-12-12 08:19:25] [run_formula] Running formula cmugigamax with K=326 up to limit 1600
[2025-12-12 08:19:32] [generate_cnf] Generating formula cmugigamax with K=327
[2025-12-12 08:19:33] [run_formula] Running formula cmugigamax with K=327 up to limit 1600
[2025-12-12 08:19:48] [generate_cnf] Generating formula cmugigamax with K=328
[2025-12-12 08:19:49] [run_formula] Running formula cmugigamax with K=328 up to limit 1600
[2025-12-12 08:19:56] [generate_cnf] Generating formula cmugigamax with K=329
[2025-12-12 08:19:56] [run_formula] Running formula cmugigamax with K=329 up to limit 1600
[2025-12-12 08:20:05] [generate_cnf] Generating formula cmugigamax with K=330
[2025-12-12 08:20:05] [run_formula] Running formula cmugigamax with K=330 up to limit 1600
[2025-12-12 08:20:20] [generate_cnf] Generating formula cmugigamax with K=331
[2025-12-12 08:20:21] [run_formula] Running formula cmugigamax with K=331 up to limit 1600
[2025-12-12 08:20:36] [generate_cnf] Generating formula cmugigamax with K=332
[2025-12-12 08:20:36] [run_formula] Running formula cmugigamax with K=332 up to limit 1600
[2025-12-12 08:20:42] [generate_cnf] Generating formula cmugigamax with K=333
[2025-12-12 08:20:43] [run_formula] Running formula cmugigamax with K=333 up to limit 1600
[2025-12-12 08:20:58] [generate_cnf] Generating formula cmugigamax with K=334
[2025-12-12 08:20:58] [run_formula] Running formula cmugigamax with K=334 up to limit 1600
[2025-12-12 08:21:11] [generate_cnf] Generating formula cmugigamax with K=335
[2025-12-12 08:21:12] [run_formula] Running formula cmugigamax with K=335 up to limit 1600
[2025-12-12 08:21:20] [generate_cnf] Generating formula cmugigamax with K=336
[2025-12-12 08:21:21] [run_formula] Running formula cmugigamax with K=336 up to limit 1600
[2025-12-12 08:21:40] [generate_cnf] Generating formula cmugigamax with K=337
[2025-12-12 08:21:40] [run_formula] Running formula cmugigamax with K=337 up to limit 1600
[2025-12-12 08:21:59] [generate_cnf] Generating formula cmugigamax with K=338
[2025-12-12 08:21:59] [run_formula] Running formula cmugigamax with K=338 up to limit 1600
[2025-12-12 08:22:07] [generate_cnf] Generating formula cmugigamax with K=339
[2025-12-12 08:22:08] [run_formula] Running formula cmugigamax with K=339 up to limit 1600
[2025-12-12 08:22:17] [generate_cnf] Generating formula cmugigamax with K=340
[2025-12-12 08:22:17] [run_formula] Running formula cmugigamax with K=340 up to limit 1600
[2025-12-12 08:22:36] [generate_cnf] Generating formula cmugigamax with K=341
[2025-12-12 08:22:37] [run_formula] Running formula cmugigamax with K=341 up to limit 1600
[2025-12-12 08:22:44] [generate_cnf] Generating formula cmugigamax with K=342
[2025-12-12 08:22:44] [run_formula] Running formula cmugigamax with K=342 up to limit 1600
[2025-12-12 08:22:59] [generate_cnf] Generating formula cmugigamax with K=343
[2025-12-12 08:22:59] [run_formula] Running formula cmugigamax with K=343 up to limit 1600
[2025-12-12 08:23:15] [generate_cnf] Generating formula cmugigamax with K=344
[2025-12-12 08:23:16] [run_formula] Running formula cmugigamax with K=344 up to limit 1600
[2025-12-12 08:23:30] [generate_cnf] Generating formula cmugigamax with K=345
[2025-12-12 08:23:31] [run_formula] Running formula cmugigamax with K=345 up to limit 1600
[2025-12-12 08:23:47] [generate_cnf] Generating formula cmugigamax with K=346
[2025-12-12 08:23:47] [run_formula] Running formula cmugigamax with K=346 up to limit 1600
[2025-12-12 08:24:02] [generate_cnf] Generating formula cmugigamax with K=347
[2025-12-12 08:24:02] [run_formula] Running formula cmugigamax with K=347 up to limit 1600
[2025-12-12 08:24:16] [generate_cnf] Generating formula cmugigamax with K=348
[2025-12-12 08:24:17] [run_formula] Running formula cmugigamax with K=348 up to limit 1600
[2025-12-12 08:24:37] [generate_cnf] Generating formula cmugigamax with K=349
[2025-12-12 08:24:37] [run_formula] Running formula cmugigamax with K=349 up to limit 1600
[2025-12-12 08:24:53] [generate_cnf] Generating formula cmugigamax with K=350
[2025-12-12 08:24:54] [run_formula] Running formula cmugigamax with K=350 up to limit 1600
[2025-12-12 08:25:09] [generate_cnf] Generating formula cmugigamax with K=351
[2025-12-12 08:25:10] [run_formula] Running formula cmugigamax with K=351 up to limit 1600
[2025-12-12 08:25:26] [generate_cnf] Generating formula cmugigamax with K=352
[2025-12-12 08:25:27] [run_formula] Running formula cmugigamax with K=352 up to limit 1600
[2025-12-12 08:25:44] [generate_cnf] Generating formula cmugigamax with K=353
[2025-12-12 08:25:45] [run_formula] Running formula cmugigamax with K=353 up to limit 1600
[2025-12-12 08:26:01] [generate_cnf] Generating formula cmugigamax with K=354
[2025-12-12 08:26:02] [run_formula] Running formula cmugigamax with K=354 up to limit 1600
[2025-12-12 08:26:16] [generate_cnf] Generating formula cmugigamax with K=355
[2025-12-12 08:26:17] [run_formula] Running formula cmugigamax with K=355 up to limit 1600
[2025-12-12 08:26:31] [generate_cnf] Generating formula cmugigamax with K=356
[2025-12-12 08:26:32] [run_formula] Running formula cmugigamax with K=356 up to limit 1600
[2025-12-12 08:26:44] [generate_cnf] Generating formula cmugigamax with K=357
[2025-12-12 08:26:44] [run_formula] Running formula cmugigamax with K=357 up to limit 1600
[2025-12-12 08:26:54] [generate_cnf] Generating formula cmugigamax with K=358
[2025-12-12 08:26:54] [run_formula] Running formula cmugigamax with K=358 up to limit 1600
[2025-12-12 08:27:15] [generate_cnf] Generating formula cmugigamax with K=359
[2025-12-12 08:27:16] [run_formula] Running formula cmugigamax with K=359 up to limit 1600
[2025-12-12 08:27:32] [generate_cnf] Generating formula cmugigamax with K=360
[2025-12-12 08:27:33] [run_formula] Running formula cmugigamax with K=360 up to limit 1600
[2025-12-12 08:27:54] [generate_cnf] Generating formula cmugigamax with K=361
[2025-12-12 08:27:54] [run_formula] Running formula cmugigamax with K=361 up to limit 1600
[2025-12-12 08:28:13] [run_formula] Error running formula cmugigamax with K=361: [Errno 122] Disk quota exceeded: './results/solving_logs/cmugigamax//cmugigamax.361.log'
[2025-12-12 08:28:13] [generate_and_run_up_to_limit] Failed to run formula cmugigamax with K=361, halting
