CNF written.
CNF written.
CNF written.
CNF written.
CNF written.
CNF written.
CNF written.
CNF written.
CNF written.
CNF written.
CNF written.
CNF written.
CNF written.
CNF written.
CNF written.
CNF written.
CNF written.
CNF written.
CNF written.
CNF written.
CNF written.
CNF written.
CNF written.
CNF written.
CNF written.
CNF written.
CNF written.
CNF written.
CNF written.
CNF written.
CNF written.
CNF written.
CNF written.
CNF written.
CNF written.
CNF written.
CNF written.
CNF written.
CNF written.
CNF written.
CNF written.
CNF written.
CNF written.
CNF written.
CNF written.
CNF written.
CNF written.
CNF written.
CNF written.
CNF written.
CNF written.
CNF written.
CNF written.
CNF written.
CNF written.
CNF written.
CNF written.
CNF written.
CNF written.
CNF written.
CNF written.
CNF written.
CNF written.
CNF written.
CNF written.
CNF written.
CNF written.
CNF written.
CNF written.
CNF written.
CNF written.
CNF written.
CNF written.
CNF written.
CNF written.
CNF written.
CNF written.
CNF written.
CNF written.
CNF written.
CNF written.
CNF written.
CNF written.
CNF written.
CNF written.
CNF written.
CNF written.
CNF written.
CNF written.
CNF written.
CNF written.
CNF written.
CNF written.
CNF written.
CNF written.
CNF written.
CNF written.
CNF written.
CNF written.
CNF written.
CNF written.
CNF written.
CNF written.
CNF written.
CNF written.
CNF written.
CNF written.
CNF written.
CNF written.
CNF written.
CNF written.
CNF written.
CNF written.
CNF written.
CNF written.
CNF written.
CNF written.
CNF written.
CNF written.
CNF written.
CNF written.
CNF written.
CNF written.
CNF written.
CNF written.
CNF written.
CNF written.
CNF written.
CNF written.
CNF written.
CNF written.
CNF written.
CNF written.
CNF written.
CNF written.
CNF written.
CNF written.
CNF written.
[2025-12-12 08:03:38] [generate_and_run_up_to_limit] Generating and running dspfilters_fastfir_second-p04 with K<=500 up to limit 1600
[2025-12-12 08:03:38] [generate_cnf] Generating formula dspfilters_fastfir_second-p04 with K=1
[2025-12-12 08:03:38] [run_formula] Running formula dspfilters_fastfir_second-p04 with K=1 up to limit 1600
[2025-12-12 08:03:38] [generate_cnf] Generating formula dspfilters_fastfir_second-p04 with K=2
[2025-12-12 08:03:39] [run_formula] Running formula dspfilters_fastfir_second-p04 with K=2 up to limit 1600
[2025-12-12 08:03:39] [generate_cnf] Generating formula dspfilters_fastfir_second-p04 with K=3
[2025-12-12 08:03:39] [run_formula] Running formula dspfilters_fastfir_second-p04 with K=3 up to limit 1600
[2025-12-12 08:03:39] [generate_cnf] Generating formula dspfilters_fastfir_second-p04 with K=4
[2025-12-12 08:03:40] [run_formula] Running formula dspfilters_fastfir_second-p04 with K=4 up to limit 1600
[2025-12-12 08:03:40] [generate_cnf] Generating formula dspfilters_fastfir_second-p04 with K=5
[2025-12-12 08:03:40] [run_formula] Running formula dspfilters_fastfir_second-p04 with K=5 up to limit 1600
[2025-12-12 08:03:41] [generate_cnf] Generating formula dspfilters_fastfir_second-p04 with K=6
[2025-12-12 08:03:42] [run_formula] Running formula dspfilters_fastfir_second-p04 with K=6 up to limit 1600
[2025-12-12 08:03:43] [generate_cnf] Generating formula dspfilters_fastfir_second-p04 with K=7
[2025-12-12 08:03:43] [run_formula] Running formula dspfilters_fastfir_second-p04 with K=7 up to limit 1600
[2025-12-12 08:03:44] [generate_cnf] Generating formula dspfilters_fastfir_second-p04 with K=8
[2025-12-12 08:03:45] [run_formula] Running formula dspfilters_fastfir_second-p04 with K=8 up to limit 1600
[2025-12-12 08:03:45] [generate_cnf] Generating formula dspfilters_fastfir_second-p04 with K=9
[2025-12-12 08:03:46] [run_formula] Running formula dspfilters_fastfir_second-p04 with K=9 up to limit 1600
[2025-12-12 08:03:47] [generate_cnf] Generating formula dspfilters_fastfir_second-p04 with K=10
[2025-12-12 08:03:48] [run_formula] Running formula dspfilters_fastfir_second-p04 with K=10 up to limit 1600
[2025-12-12 08:03:49] [generate_cnf] Generating formula dspfilters_fastfir_second-p04 with K=11
[2025-12-12 08:03:50] [run_formula] Running formula dspfilters_fastfir_second-p04 with K=11 up to limit 1600
[2025-12-12 08:03:51] [generate_cnf] Generating formula dspfilters_fastfir_second-p04 with K=12
[2025-12-12 08:03:52] [run_formula] Running formula dspfilters_fastfir_second-p04 with K=12 up to limit 1600
[2025-12-12 08:03:53] [generate_cnf] Generating formula dspfilters_fastfir_second-p04 with K=13
[2025-12-12 08:03:54] [run_formula] Running formula dspfilters_fastfir_second-p04 with K=13 up to limit 1600
[2025-12-12 08:03:55] [generate_cnf] Generating formula dspfilters_fastfir_second-p04 with K=14
[2025-12-12 08:03:57] [run_formula] Running formula dspfilters_fastfir_second-p04 with K=14 up to limit 1600
[2025-12-12 08:03:58] [generate_cnf] Generating formula dspfilters_fastfir_second-p04 with K=15
[2025-12-12 08:03:59] [run_formula] Running formula dspfilters_fastfir_second-p04 with K=15 up to limit 1600
[2025-12-12 08:04:00] [generate_cnf] Generating formula dspfilters_fastfir_second-p04 with K=16
[2025-12-12 08:04:02] [run_formula] Running formula dspfilters_fastfir_second-p04 with K=16 up to limit 1600
[2025-12-12 08:04:03] [generate_cnf] Generating formula dspfilters_fastfir_second-p04 with K=17
[2025-12-12 08:04:05] [run_formula] Running formula dspfilters_fastfir_second-p04 with K=17 up to limit 1600
[2025-12-12 08:04:06] [generate_cnf] Generating formula dspfilters_fastfir_second-p04 with K=18
[2025-12-12 08:04:08] [run_formula] Running formula dspfilters_fastfir_second-p04 with K=18 up to limit 1600
[2025-12-12 08:04:09] [generate_cnf] Generating formula dspfilters_fastfir_second-p04 with K=19
[2025-12-12 08:04:11] [run_formula] Running formula dspfilters_fastfir_second-p04 with K=19 up to limit 1600
[2025-12-12 08:04:12] [generate_cnf] Generating formula dspfilters_fastfir_second-p04 with K=20
[2025-12-12 08:04:14] [run_formula] Running formula dspfilters_fastfir_second-p04 with K=20 up to limit 1600
[2025-12-12 08:04:15] [generate_cnf] Generating formula dspfilters_fastfir_second-p04 with K=21
[2025-12-12 08:04:17] [run_formula] Running formula dspfilters_fastfir_second-p04 with K=21 up to limit 1600
[2025-12-12 08:04:18] [generate_cnf] Generating formula dspfilters_fastfir_second-p04 with K=22
[2025-12-12 08:04:20] [run_formula] Running formula dspfilters_fastfir_second-p04 with K=22 up to limit 1600
[2025-12-12 08:04:22] [generate_cnf] Generating formula dspfilters_fastfir_second-p04 with K=23
[2025-12-12 08:04:24] [run_formula] Running formula dspfilters_fastfir_second-p04 with K=23 up to limit 1600
[2025-12-12 08:04:25] [generate_cnf] Generating formula dspfilters_fastfir_second-p04 with K=24
[2025-12-12 08:04:28] [run_formula] Running formula dspfilters_fastfir_second-p04 with K=24 up to limit 1600
[2025-12-12 08:04:29] [generate_cnf] Generating formula dspfilters_fastfir_second-p04 with K=25
[2025-12-12 08:04:32] [run_formula] Running formula dspfilters_fastfir_second-p04 with K=25 up to limit 1600
[2025-12-12 08:04:33] [generate_cnf] Generating formula dspfilters_fastfir_second-p04 with K=26
[2025-12-12 08:04:36] [run_formula] Running formula dspfilters_fastfir_second-p04 with K=26 up to limit 1600
[2025-12-12 08:04:37] [generate_cnf] Generating formula dspfilters_fastfir_second-p04 with K=27
[2025-12-12 08:04:40] [run_formula] Running formula dspfilters_fastfir_second-p04 with K=27 up to limit 1600
[2025-12-12 08:04:41] [generate_cnf] Generating formula dspfilters_fastfir_second-p04 with K=28
[2025-12-12 08:04:44] [run_formula] Running formula dspfilters_fastfir_second-p04 with K=28 up to limit 1600
[2025-12-12 08:04:46] [generate_cnf] Generating formula dspfilters_fastfir_second-p04 with K=29
[2025-12-12 08:04:48] [run_formula] Running formula dspfilters_fastfir_second-p04 with K=29 up to limit 1600
[2025-12-12 08:04:50] [generate_cnf] Generating formula dspfilters_fastfir_second-p04 with K=30
[2025-12-12 08:04:53] [run_formula] Running formula dspfilters_fastfir_second-p04 with K=30 up to limit 1600
[2025-12-12 08:04:55] [generate_cnf] Generating formula dspfilters_fastfir_second-p04 with K=31
[2025-12-12 08:04:58] [run_formula] Running formula dspfilters_fastfir_second-p04 with K=31 up to limit 1600
[2025-12-12 08:04:59] [generate_cnf] Generating formula dspfilters_fastfir_second-p04 with K=32
[2025-12-12 08:05:03] [run_formula] Running formula dspfilters_fastfir_second-p04 with K=32 up to limit 1600
[2025-12-12 08:05:04] [generate_cnf] Generating formula dspfilters_fastfir_second-p04 with K=33
[2025-12-12 08:05:07] [run_formula] Running formula dspfilters_fastfir_second-p04 with K=33 up to limit 1600
[2025-12-12 08:05:09] [generate_cnf] Generating formula dspfilters_fastfir_second-p04 with K=34
[2025-12-12 08:05:12] [run_formula] Running formula dspfilters_fastfir_second-p04 with K=34 up to limit 1600
[2025-12-12 08:05:14] [generate_cnf] Generating formula dspfilters_fastfir_second-p04 with K=35
[2025-12-12 08:05:17] [run_formula] Running formula dspfilters_fastfir_second-p04 with K=35 up to limit 1600
[2025-12-12 08:05:19] [generate_cnf] Generating formula dspfilters_fastfir_second-p04 with K=36
[2025-12-12 08:05:23] [run_formula] Running formula dspfilters_fastfir_second-p04 with K=36 up to limit 1600
[2025-12-12 08:05:25] [generate_cnf] Generating formula dspfilters_fastfir_second-p04 with K=37
[2025-12-12 08:05:28] [run_formula] Running formula dspfilters_fastfir_second-p04 with K=37 up to limit 1600
[2025-12-12 08:05:31] [generate_cnf] Generating formula dspfilters_fastfir_second-p04 with K=38
[2025-12-12 08:05:34] [run_formula] Running formula dspfilters_fastfir_second-p04 with K=38 up to limit 1600
[2025-12-12 08:05:36] [generate_cnf] Generating formula dspfilters_fastfir_second-p04 with K=39
[2025-12-12 08:05:40] [run_formula] Running formula dspfilters_fastfir_second-p04 with K=39 up to limit 1600
[2025-12-12 08:05:43] [generate_cnf] Generating formula dspfilters_fastfir_second-p04 with K=40
[2025-12-12 08:05:46] [run_formula] Running formula dspfilters_fastfir_second-p04 with K=40 up to limit 1600
[2025-12-12 08:05:49] [generate_cnf] Generating formula dspfilters_fastfir_second-p04 with K=41
[2025-12-12 08:05:53] [run_formula] Running formula dspfilters_fastfir_second-p04 with K=41 up to limit 1600
[2025-12-12 08:05:55] [generate_cnf] Generating formula dspfilters_fastfir_second-p04 with K=42
[2025-12-12 08:05:59] [run_formula] Running formula dspfilters_fastfir_second-p04 with K=42 up to limit 1600
[2025-12-12 08:06:02] [generate_cnf] Generating formula dspfilters_fastfir_second-p04 with K=43
[2025-12-12 08:06:06] [run_formula] Running formula dspfilters_fastfir_second-p04 with K=43 up to limit 1600
[2025-12-12 08:06:08] [generate_cnf] Generating formula dspfilters_fastfir_second-p04 with K=44
[2025-12-12 08:06:13] [run_formula] Running formula dspfilters_fastfir_second-p04 with K=44 up to limit 1600
[2025-12-12 08:06:15] [generate_cnf] Generating formula dspfilters_fastfir_second-p04 with K=45
[2025-12-12 08:06:20] [run_formula] Running formula dspfilters_fastfir_second-p04 with K=45 up to limit 1600
[2025-12-12 08:06:22] [generate_cnf] Generating formula dspfilters_fastfir_second-p04 with K=46
[2025-12-12 08:06:27] [run_formula] Running formula dspfilters_fastfir_second-p04 with K=46 up to limit 1600
[2025-12-12 08:06:30] [generate_cnf] Generating formula dspfilters_fastfir_second-p04 with K=47
[2025-12-12 08:06:34] [run_formula] Running formula dspfilters_fastfir_second-p04 with K=47 up to limit 1600
[2025-12-12 08:06:37] [generate_cnf] Generating formula dspfilters_fastfir_second-p04 with K=48
[2025-12-12 08:06:41] [run_formula] Running formula dspfilters_fastfir_second-p04 with K=48 up to limit 1600
[2025-12-12 08:06:44] [generate_cnf] Generating formula dspfilters_fastfir_second-p04 with K=49
[2025-12-12 08:06:49] [run_formula] Running formula dspfilters_fastfir_second-p04 with K=49 up to limit 1600
[2025-12-12 08:06:52] [generate_cnf] Generating formula dspfilters_fastfir_second-p04 with K=50
[2025-12-12 08:06:57] [run_formula] Running formula dspfilters_fastfir_second-p04 with K=50 up to limit 1600
[2025-12-12 08:06:59] [generate_cnf] Generating formula dspfilters_fastfir_second-p04 with K=51
[2025-12-12 08:07:04] [run_formula] Running formula dspfilters_fastfir_second-p04 with K=51 up to limit 1600
[2025-12-12 08:07:07] [generate_cnf] Generating formula dspfilters_fastfir_second-p04 with K=52
[2025-12-12 08:07:12] [run_formula] Running formula dspfilters_fastfir_second-p04 with K=52 up to limit 1600
[2025-12-12 08:07:15] [generate_cnf] Generating formula dspfilters_fastfir_second-p04 with K=53
[2025-12-12 08:07:21] [run_formula] Running formula dspfilters_fastfir_second-p04 with K=53 up to limit 1600
[2025-12-12 08:07:24] [generate_cnf] Generating formula dspfilters_fastfir_second-p04 with K=54
[2025-12-12 08:07:29] [run_formula] Running formula dspfilters_fastfir_second-p04 with K=54 up to limit 1600
[2025-12-12 08:07:32] [generate_cnf] Generating formula dspfilters_fastfir_second-p04 with K=55
[2025-12-12 08:07:38] [run_formula] Running formula dspfilters_fastfir_second-p04 with K=55 up to limit 1600
[2025-12-12 08:07:41] [generate_cnf] Generating formula dspfilters_fastfir_second-p04 with K=56
[2025-12-12 08:07:46] [run_formula] Running formula dspfilters_fastfir_second-p04 with K=56 up to limit 1600
[2025-12-12 08:07:49] [generate_cnf] Generating formula dspfilters_fastfir_second-p04 with K=57
[2025-12-12 08:07:55] [run_formula] Running formula dspfilters_fastfir_second-p04 with K=57 up to limit 1600
[2025-12-12 08:07:58] [generate_cnf] Generating formula dspfilters_fastfir_second-p04 with K=58
[2025-12-12 08:08:04] [run_formula] Running formula dspfilters_fastfir_second-p04 with K=58 up to limit 1600
[2025-12-12 08:08:07] [generate_cnf] Generating formula dspfilters_fastfir_second-p04 with K=59
[2025-12-12 08:08:13] [run_formula] Running formula dspfilters_fastfir_second-p04 with K=59 up to limit 1600
[2025-12-12 08:08:16] [generate_cnf] Generating formula dspfilters_fastfir_second-p04 with K=60
[2025-12-12 08:08:22] [run_formula] Running formula dspfilters_fastfir_second-p04 with K=60 up to limit 1600
[2025-12-12 08:08:26] [generate_cnf] Generating formula dspfilters_fastfir_second-p04 with K=61
[2025-12-12 08:08:32] [run_formula] Running formula dspfilters_fastfir_second-p04 with K=61 up to limit 1600
[2025-12-12 08:08:35] [generate_cnf] Generating formula dspfilters_fastfir_second-p04 with K=62
[2025-12-12 08:08:41] [run_formula] Running formula dspfilters_fastfir_second-p04 with K=62 up to limit 1600
[2025-12-12 08:08:45] [generate_cnf] Generating formula dspfilters_fastfir_second-p04 with K=63
[2025-12-12 08:08:51] [run_formula] Running formula dspfilters_fastfir_second-p04 with K=63 up to limit 1600
[2025-12-12 08:08:55] [generate_cnf] Generating formula dspfilters_fastfir_second-p04 with K=64
[2025-12-12 08:09:01] [run_formula] Running formula dspfilters_fastfir_second-p04 with K=64 up to limit 1600
[2025-12-12 08:09:05] [generate_cnf] Generating formula dspfilters_fastfir_second-p04 with K=65
[2025-12-12 08:09:11] [run_formula] Running formula dspfilters_fastfir_second-p04 with K=65 up to limit 1600
[2025-12-12 08:09:15] [generate_cnf] Generating formula dspfilters_fastfir_second-p04 with K=66
[2025-12-12 08:09:22] [run_formula] Running formula dspfilters_fastfir_second-p04 with K=66 up to limit 1600
[2025-12-12 08:09:25] [generate_cnf] Generating formula dspfilters_fastfir_second-p04 with K=67
[2025-12-12 08:09:32] [run_formula] Running formula dspfilters_fastfir_second-p04 with K=67 up to limit 1600
[2025-12-12 08:09:36] [generate_cnf] Generating formula dspfilters_fastfir_second-p04 with K=68
[2025-12-12 08:09:42] [run_formula] Running formula dspfilters_fastfir_second-p04 with K=68 up to limit 1600
[2025-12-12 08:09:46] [generate_cnf] Generating formula dspfilters_fastfir_second-p04 with K=69
[2025-12-12 08:09:53] [run_formula] Running formula dspfilters_fastfir_second-p04 with K=69 up to limit 1600
[2025-12-12 08:09:56] [generate_cnf] Generating formula dspfilters_fastfir_second-p04 with K=70
[2025-12-12 08:10:03] [run_formula] Running formula dspfilters_fastfir_second-p04 with K=70 up to limit 1600
[2025-12-12 08:10:07] [generate_cnf] Generating formula dspfilters_fastfir_second-p04 with K=71
[2025-12-12 08:10:13] [run_formula] Running formula dspfilters_fastfir_second-p04 with K=71 up to limit 1600
[2025-12-12 08:10:17] [generate_cnf] Generating formula dspfilters_fastfir_second-p04 with K=72
[2025-12-12 08:10:24] [run_formula] Running formula dspfilters_fastfir_second-p04 with K=72 up to limit 1600
[2025-12-12 08:10:28] [generate_cnf] Generating formula dspfilters_fastfir_second-p04 with K=73
[2025-12-12 08:10:35] [run_formula] Running formula dspfilters_fastfir_second-p04 with K=73 up to limit 1600
[2025-12-12 08:10:39] [generate_cnf] Generating formula dspfilters_fastfir_second-p04 with K=74
[2025-12-12 08:10:46] [run_formula] Running formula dspfilters_fastfir_second-p04 with K=74 up to limit 1600
[2025-12-12 08:10:51] [generate_cnf] Generating formula dspfilters_fastfir_second-p04 with K=75
[2025-12-12 08:10:58] [run_formula] Running formula dspfilters_fastfir_second-p04 with K=75 up to limit 1600
[2025-12-12 08:11:02] [generate_cnf] Generating formula dspfilters_fastfir_second-p04 with K=76
[2025-12-12 08:11:09] [run_formula] Running formula dspfilters_fastfir_second-p04 with K=76 up to limit 1600
[2025-12-12 08:11:14] [generate_cnf] Generating formula dspfilters_fastfir_second-p04 with K=77
[2025-12-12 08:11:21] [run_formula] Running formula dspfilters_fastfir_second-p04 with K=77 up to limit 1600
[2025-12-12 08:11:25] [generate_cnf] Generating formula dspfilters_fastfir_second-p04 with K=78
[2025-12-12 08:11:33] [run_formula] Running formula dspfilters_fastfir_second-p04 with K=78 up to limit 1600
[2025-12-12 08:11:37] [generate_cnf] Generating formula dspfilters_fastfir_second-p04 with K=79
[2025-12-12 08:11:45] [run_formula] Running formula dspfilters_fastfir_second-p04 with K=79 up to limit 1600
[2025-12-12 08:11:49] [generate_cnf] Generating formula dspfilters_fastfir_second-p04 with K=80
[2025-12-12 08:11:57] [run_formula] Running formula dspfilters_fastfir_second-p04 with K=80 up to limit 1600
[2025-12-12 08:12:02] [generate_cnf] Generating formula dspfilters_fastfir_second-p04 with K=81
[2025-12-12 08:12:09] [run_formula] Running formula dspfilters_fastfir_second-p04 with K=81 up to limit 1600
[2025-12-12 08:12:14] [generate_cnf] Generating formula dspfilters_fastfir_second-p04 with K=82
[2025-12-12 08:12:22] [run_formula] Running formula dspfilters_fastfir_second-p04 with K=82 up to limit 1600
[2025-12-12 08:12:26] [generate_cnf] Generating formula dspfilters_fastfir_second-p04 with K=83
[2025-12-12 08:12:34] [run_formula] Running formula dspfilters_fastfir_second-p04 with K=83 up to limit 1600
[2025-12-12 08:12:39] [generate_cnf] Generating formula dspfilters_fastfir_second-p04 with K=84
[2025-12-12 08:12:47] [run_formula] Running formula dspfilters_fastfir_second-p04 with K=84 up to limit 1600
[2025-12-12 08:12:52] [generate_cnf] Generating formula dspfilters_fastfir_second-p04 with K=85
[2025-12-12 08:13:00] [run_formula] Running formula dspfilters_fastfir_second-p04 with K=85 up to limit 1600
[2025-12-12 08:13:05] [generate_cnf] Generating formula dspfilters_fastfir_second-p04 with K=86
[2025-12-12 08:13:15] [run_formula] Running formula dspfilters_fastfir_second-p04 with K=86 up to limit 1600
[2025-12-12 08:13:20] [generate_cnf] Generating formula dspfilters_fastfir_second-p04 with K=87
[2025-12-12 08:13:30] [run_formula] Running formula dspfilters_fastfir_second-p04 with K=87 up to limit 1600
[2025-12-12 08:13:35] [generate_cnf] Generating formula dspfilters_fastfir_second-p04 with K=88
[2025-12-12 08:13:43] [run_formula] Running formula dspfilters_fastfir_second-p04 with K=88 up to limit 1600
[2025-12-12 08:13:48] [generate_cnf] Generating formula dspfilters_fastfir_second-p04 with K=89
[2025-12-12 08:13:57] [run_formula] Running formula dspfilters_fastfir_second-p04 with K=89 up to limit 1600
[2025-12-12 08:14:02] [generate_cnf] Generating formula dspfilters_fastfir_second-p04 with K=90
[2025-12-12 08:14:11] [run_formula] Running formula dspfilters_fastfir_second-p04 with K=90 up to limit 1600
[2025-12-12 08:14:16] [generate_cnf] Generating formula dspfilters_fastfir_second-p04 with K=91
[2025-12-12 08:14:24] [run_formula] Running formula dspfilters_fastfir_second-p04 with K=91 up to limit 1600
[2025-12-12 08:14:29] [generate_cnf] Generating formula dspfilters_fastfir_second-p04 with K=92
[2025-12-12 08:14:37] [run_formula] Running formula dspfilters_fastfir_second-p04 with K=92 up to limit 1600
[2025-12-12 08:14:42] [generate_cnf] Generating formula dspfilters_fastfir_second-p04 with K=93
[2025-12-12 08:14:51] [run_formula] Running formula dspfilters_fastfir_second-p04 with K=93 up to limit 1600
[2025-12-12 08:14:56] [generate_cnf] Generating formula dspfilters_fastfir_second-p04 with K=94
[2025-12-12 08:15:05] [run_formula] Running formula dspfilters_fastfir_second-p04 with K=94 up to limit 1600
[2025-12-12 08:15:10] [generate_cnf] Generating formula dspfilters_fastfir_second-p04 with K=95
[2025-12-12 08:15:19] [run_formula] Running formula dspfilters_fastfir_second-p04 with K=95 up to limit 1600
[2025-12-12 08:15:24] [generate_cnf] Generating formula dspfilters_fastfir_second-p04 with K=96
[2025-12-12 08:15:34] [run_formula] Running formula dspfilters_fastfir_second-p04 with K=96 up to limit 1600
[2025-12-12 08:15:39] [generate_cnf] Generating formula dspfilters_fastfir_second-p04 with K=97
[2025-12-12 08:15:48] [run_formula] Running formula dspfilters_fastfir_second-p04 with K=97 up to limit 1600
[2025-12-12 08:15:53] [generate_cnf] Generating formula dspfilters_fastfir_second-p04 with K=98
[2025-12-12 08:16:02] [run_formula] Running formula dspfilters_fastfir_second-p04 with K=98 up to limit 1600
[2025-12-12 08:16:08] [generate_cnf] Generating formula dspfilters_fastfir_second-p04 with K=99
[2025-12-12 08:16:17] [run_formula] Running formula dspfilters_fastfir_second-p04 with K=99 up to limit 1600
[2025-12-12 08:16:23] [generate_cnf] Generating formula dspfilters_fastfir_second-p04 with K=100
[2025-12-12 08:16:33] [run_formula] Running formula dspfilters_fastfir_second-p04 with K=100 up to limit 1600
[2025-12-12 08:16:38] [generate_cnf] Generating formula dspfilters_fastfir_second-p04 with K=101
[2025-12-12 08:16:48] [run_formula] Running formula dspfilters_fastfir_second-p04 with K=101 up to limit 1600
[2025-12-12 08:16:53] [generate_cnf] Generating formula dspfilters_fastfir_second-p04 with K=102
[2025-12-12 08:17:03] [run_formula] Running formula dspfilters_fastfir_second-p04 with K=102 up to limit 1600
[2025-12-12 08:17:08] [generate_cnf] Generating formula dspfilters_fastfir_second-p04 with K=103
[2025-12-12 08:17:18] [run_formula] Running formula dspfilters_fastfir_second-p04 with K=103 up to limit 1600
[2025-12-12 08:17:24] [generate_cnf] Generating formula dspfilters_fastfir_second-p04 with K=104
[2025-12-12 08:17:34] [run_formula] Running formula dspfilters_fastfir_second-p04 with K=104 up to limit 1600
[2025-12-12 08:17:40] [generate_cnf] Generating formula dspfilters_fastfir_second-p04 with K=105
[2025-12-12 08:17:50] [run_formula] Running formula dspfilters_fastfir_second-p04 with K=105 up to limit 1600
[2025-12-12 08:17:56] [generate_cnf] Generating formula dspfilters_fastfir_second-p04 with K=106
[2025-12-12 08:18:06] [run_formula] Running formula dspfilters_fastfir_second-p04 with K=106 up to limit 1600
[2025-12-12 08:18:12] [generate_cnf] Generating formula dspfilters_fastfir_second-p04 with K=107
[2025-12-12 08:18:23] [run_formula] Running formula dspfilters_fastfir_second-p04 with K=107 up to limit 1600
[2025-12-12 08:18:29] [generate_cnf] Generating formula dspfilters_fastfir_second-p04 with K=108
[2025-12-12 08:18:39] [run_formula] Running formula dspfilters_fastfir_second-p04 with K=108 up to limit 1600
[2025-12-12 08:18:45] [generate_cnf] Generating formula dspfilters_fastfir_second-p04 with K=109
[2025-12-12 08:18:56] [run_formula] Running formula dspfilters_fastfir_second-p04 with K=109 up to limit 1600
[2025-12-12 08:19:03] [generate_cnf] Generating formula dspfilters_fastfir_second-p04 with K=110
[2025-12-12 08:19:13] [run_formula] Running formula dspfilters_fastfir_second-p04 with K=110 up to limit 1600
[2025-12-12 08:19:19] [generate_cnf] Generating formula dspfilters_fastfir_second-p04 with K=111
[2025-12-12 08:19:30] [run_formula] Running formula dspfilters_fastfir_second-p04 with K=111 up to limit 1600
[2025-12-12 08:19:37] [generate_cnf] Generating formula dspfilters_fastfir_second-p04 with K=112
[2025-12-12 08:19:47] [run_formula] Running formula dspfilters_fastfir_second-p04 with K=112 up to limit 1600
[2025-12-12 08:19:54] [generate_cnf] Generating formula dspfilters_fastfir_second-p04 with K=113
[2025-12-12 08:20:05] [run_formula] Running formula dspfilters_fastfir_second-p04 with K=113 up to limit 1600
[2025-12-12 08:20:11] [generate_cnf] Generating formula dspfilters_fastfir_second-p04 with K=114
[2025-12-12 08:20:23] [run_formula] Running formula dspfilters_fastfir_second-p04 with K=114 up to limit 1600
[2025-12-12 08:20:29] [generate_cnf] Generating formula dspfilters_fastfir_second-p04 with K=115
[2025-12-12 08:20:40] [run_formula] Running formula dspfilters_fastfir_second-p04 with K=115 up to limit 1600
[2025-12-12 08:20:47] [generate_cnf] Generating formula dspfilters_fastfir_second-p04 with K=116
[2025-12-12 08:20:58] [run_formula] Running formula dspfilters_fastfir_second-p04 with K=116 up to limit 1600
[2025-12-12 08:21:04] [generate_cnf] Generating formula dspfilters_fastfir_second-p04 with K=117
[2025-12-12 08:21:16] [run_formula] Running formula dspfilters_fastfir_second-p04 with K=117 up to limit 1600
[2025-12-12 08:21:23] [generate_cnf] Generating formula dspfilters_fastfir_second-p04 with K=118
[2025-12-12 08:21:34] [run_formula] Running formula dspfilters_fastfir_second-p04 with K=118 up to limit 1600
[2025-12-12 08:21:41] [generate_cnf] Generating formula dspfilters_fastfir_second-p04 with K=119
[2025-12-12 08:21:52] [run_formula] Running formula dspfilters_fastfir_second-p04 with K=119 up to limit 1600
[2025-12-12 08:21:59] [generate_cnf] Generating formula dspfilters_fastfir_second-p04 with K=120
[2025-12-12 08:22:11] [run_formula] Running formula dspfilters_fastfir_second-p04 with K=120 up to limit 1600
[2025-12-12 08:22:18] [generate_cnf] Generating formula dspfilters_fastfir_second-p04 with K=121
[2025-12-12 08:22:30] [run_formula] Running formula dspfilters_fastfir_second-p04 with K=121 up to limit 1600
[2025-12-12 08:22:37] [generate_cnf] Generating formula dspfilters_fastfir_second-p04 with K=122
[2025-12-12 08:22:48] [run_formula] Running formula dspfilters_fastfir_second-p04 with K=122 up to limit 1600
[2025-12-12 08:22:55] [generate_cnf] Generating formula dspfilters_fastfir_second-p04 with K=123
[2025-12-12 08:23:09] [run_formula] Running formula dspfilters_fastfir_second-p04 with K=123 up to limit 1600
[2025-12-12 08:23:16] [generate_cnf] Generating formula dspfilters_fastfir_second-p04 with K=124
[2025-12-12 08:23:28] [run_formula] Running formula dspfilters_fastfir_second-p04 with K=124 up to limit 1600
[2025-12-12 08:23:35] [generate_cnf] Generating formula dspfilters_fastfir_second-p04 with K=125
[2025-12-12 08:23:47] [run_formula] Running formula dspfilters_fastfir_second-p04 with K=125 up to limit 1600
[2025-12-12 08:23:54] [generate_cnf] Generating formula dspfilters_fastfir_second-p04 with K=126
[2025-12-12 08:24:05] [run_formula] Running formula dspfilters_fastfir_second-p04 with K=126 up to limit 1600
[2025-12-12 08:24:12] [generate_cnf] Generating formula dspfilters_fastfir_second-p04 with K=127
[2025-12-12 08:24:24] [run_formula] Running formula dspfilters_fastfir_second-p04 with K=127 up to limit 1600
[2025-12-12 08:24:31] [generate_cnf] Generating formula dspfilters_fastfir_second-p04 with K=128
[2025-12-12 08:24:43] [run_formula] Running formula dspfilters_fastfir_second-p04 with K=128 up to limit 1600
[2025-12-12 08:24:51] [generate_cnf] Generating formula dspfilters_fastfir_second-p04 with K=129
[2025-12-12 08:25:03] [run_formula] Running formula dspfilters_fastfir_second-p04 with K=129 up to limit 1600
[2025-12-12 08:25:10] [generate_cnf] Generating formula dspfilters_fastfir_second-p04 with K=130
[2025-12-12 08:25:23] [run_formula] Running formula dspfilters_fastfir_second-p04 with K=130 up to limit 1600
[2025-12-12 08:25:31] [generate_cnf] Generating formula dspfilters_fastfir_second-p04 with K=131
[2025-12-12 08:25:43] [run_formula] Running formula dspfilters_fastfir_second-p04 with K=131 up to limit 1600
[2025-12-12 08:25:51] [generate_cnf] Generating formula dspfilters_fastfir_second-p04 with K=132
[2025-12-12 08:26:03] [run_formula] Running formula dspfilters_fastfir_second-p04 with K=132 up to limit 1600
[2025-12-12 08:26:11] [generate_cnf] Generating formula dspfilters_fastfir_second-p04 with K=133
[2025-12-12 08:26:23] [run_formula] Running formula dspfilters_fastfir_second-p04 with K=133 up to limit 1600
[2025-12-12 08:26:31] [generate_cnf] Generating formula dspfilters_fastfir_second-p04 with K=134
[2025-12-12 08:26:43] [run_formula] Running formula dspfilters_fastfir_second-p04 with K=134 up to limit 1600
[2025-12-12 08:26:51] [generate_cnf] Generating formula dspfilters_fastfir_second-p04 with K=135
[2025-12-12 08:27:03] [run_formula] Running formula dspfilters_fastfir_second-p04 with K=135 up to limit 1600
[2025-12-12 08:27:10] [generate_cnf] Generating formula dspfilters_fastfir_second-p04 with K=136
[2025-12-12 08:27:23] [run_formula] Running formula dspfilters_fastfir_second-p04 with K=136 up to limit 1600
[2025-12-12 08:27:31] [generate_cnf] Generating formula dspfilters_fastfir_second-p04 with K=137
[2025-12-12 08:27:43] [run_formula] Running formula dspfilters_fastfir_second-p04 with K=137 up to limit 1600
[2025-12-12 08:27:51] [generate_cnf] Generating formula dspfilters_fastfir_second-p04 with K=138
[2025-12-12 08:27:59] [generate_and_run_up_to_limit] Failed to generate CNF for dspfilters_fastfir_second-p04 with K=138, halting
