CNF written.
CNF written.
CNF written.
CNF written.
CNF written.
CNF written.
CNF written.
CNF written.
CNF written.
CNF written.
CNF written.
CNF written.
CNF written.
CNF written.
CNF written.
CNF written.
CNF written.
CNF written.
CNF written.
CNF written.
CNF written.
CNF written.
CNF written.
CNF written.
CNF written.
CNF written.
CNF written.
CNF written.
CNF written.
CNF written.
CNF written.
CNF written.
CNF written.
CNF written.
CNF written.
CNF written.
CNF written.
CNF written.
CNF written.
CNF written.
CNF written.
CNF written.
CNF written.
CNF written.
CNF written.
CNF written.
CNF written.
CNF written.
CNF written.
CNF written.
CNF written.
CNF written.
CNF written.
CNF written.
CNF written.
CNF written.
CNF written.
CNF written.
CNF written.
CNF written.
CNF written.
CNF written.
CNF written.
CNF written.
CNF written.
CNF written.
CNF written.
CNF written.
CNF written.
CNF written.
CNF written.
CNF written.
CNF written.
CNF written.
CNF written.
CNF written.
CNF written.
CNF written.
CNF written.
CNF written.
CNF written.
CNF written.
CNF written.
CNF written.
CNF written.
CNF written.
CNF written.
CNF written.
CNF written.
CNF written.
CNF written.
CNF written.
CNF written.
CNF written.
CNF written.
CNF written.
CNF written.
CNF written.
CNF written.
CNF written.
CNF written.
CNF written.
CNF written.
CNF written.
CNF written.
CNF written.
CNF written.
CNF written.
CNF written.
CNF written.
CNF written.
CNF written.
CNF written.
CNF written.
CNF written.
[2025-12-12 07:43:24] [generate_and_run_up_to_limit] Generating and running dspfilters_fastfir_second-p09 with K<=500 up to limit 1600
[2025-12-12 07:43:24] [generate_cnf] Generating formula dspfilters_fastfir_second-p09 with K=1
[2025-12-12 07:43:24] [run_formula] Running formula dspfilters_fastfir_second-p09 with K=1 up to limit 1600
[2025-12-12 07:43:24] [generate_cnf] Generating formula dspfilters_fastfir_second-p09 with K=2
[2025-12-12 07:43:25] [run_formula] Running formula dspfilters_fastfir_second-p09 with K=2 up to limit 1600
[2025-12-12 07:43:25] [generate_cnf] Generating formula dspfilters_fastfir_second-p09 with K=3
[2025-12-12 07:43:25] [run_formula] Running formula dspfilters_fastfir_second-p09 with K=3 up to limit 1600
[2025-12-12 07:43:25] [generate_cnf] Generating formula dspfilters_fastfir_second-p09 with K=4
[2025-12-12 07:43:26] [run_formula] Running formula dspfilters_fastfir_second-p09 with K=4 up to limit 1600
[2025-12-12 07:43:26] [generate_cnf] Generating formula dspfilters_fastfir_second-p09 with K=5
[2025-12-12 07:43:26] [run_formula] Running formula dspfilters_fastfir_second-p09 with K=5 up to limit 1600
[2025-12-12 07:43:27] [generate_cnf] Generating formula dspfilters_fastfir_second-p09 with K=6
[2025-12-12 07:43:27] [run_formula] Running formula dspfilters_fastfir_second-p09 with K=6 up to limit 1600
[2025-12-12 07:43:28] [generate_cnf] Generating formula dspfilters_fastfir_second-p09 with K=7
[2025-12-12 07:43:29] [run_formula] Running formula dspfilters_fastfir_second-p09 with K=7 up to limit 1600
[2025-12-12 07:43:30] [generate_cnf] Generating formula dspfilters_fastfir_second-p09 with K=8
[2025-12-12 07:43:30] [run_formula] Running formula dspfilters_fastfir_second-p09 with K=8 up to limit 1600
[2025-12-12 07:43:33] [generate_cnf] Generating formula dspfilters_fastfir_second-p09 with K=9
[2025-12-12 07:43:34] [run_formula] Running formula dspfilters_fastfir_second-p09 with K=9 up to limit 1600
[2025-12-12 07:43:43] [generate_cnf] Generating formula dspfilters_fastfir_second-p09 with K=10
[2025-12-12 07:43:44] [run_formula] Running formula dspfilters_fastfir_second-p09 with K=10 up to limit 1600
[2025-12-12 07:43:56] [generate_cnf] Generating formula dspfilters_fastfir_second-p09 with K=11
[2025-12-12 07:43:57] [run_formula] Running formula dspfilters_fastfir_second-p09 with K=11 up to limit 1600
[2025-12-12 07:44:11] [generate_cnf] Generating formula dspfilters_fastfir_second-p09 with K=12
[2025-12-12 07:44:13] [run_formula] Running formula dspfilters_fastfir_second-p09 with K=12 up to limit 1600
[2025-12-12 07:44:29] [generate_cnf] Generating formula dspfilters_fastfir_second-p09 with K=13
[2025-12-12 07:44:30] [run_formula] Running formula dspfilters_fastfir_second-p09 with K=13 up to limit 1600
[2025-12-12 07:44:48] [generate_cnf] Generating formula dspfilters_fastfir_second-p09 with K=14
[2025-12-12 07:44:49] [run_formula] Running formula dspfilters_fastfir_second-p09 with K=14 up to limit 1600
[2025-12-12 07:45:00] [generate_cnf] Generating formula dspfilters_fastfir_second-p09 with K=15
[2025-12-12 07:45:01] [run_formula] Running formula dspfilters_fastfir_second-p09 with K=15 up to limit 1600
[2025-12-12 07:45:13] [generate_cnf] Generating formula dspfilters_fastfir_second-p09 with K=16
[2025-12-12 07:45:14] [run_formula] Running formula dspfilters_fastfir_second-p09 with K=16 up to limit 1600
[2025-12-12 07:45:25] [generate_cnf] Generating formula dspfilters_fastfir_second-p09 with K=17
[2025-12-12 07:45:27] [run_formula] Running formula dspfilters_fastfir_second-p09 with K=17 up to limit 1600
[2025-12-12 07:45:39] [generate_cnf] Generating formula dspfilters_fastfir_second-p09 with K=18
[2025-12-12 07:45:40] [run_formula] Running formula dspfilters_fastfir_second-p09 with K=18 up to limit 1600
[2025-12-12 07:45:51] [generate_cnf] Generating formula dspfilters_fastfir_second-p09 with K=19
[2025-12-12 07:45:53] [run_formula] Running formula dspfilters_fastfir_second-p09 with K=19 up to limit 1600
[2025-12-12 07:46:02] [generate_cnf] Generating formula dspfilters_fastfir_second-p09 with K=20
[2025-12-12 07:46:04] [run_formula] Running formula dspfilters_fastfir_second-p09 with K=20 up to limit 1600
[2025-12-12 07:46:15] [generate_cnf] Generating formula dspfilters_fastfir_second-p09 with K=21
[2025-12-12 07:46:16] [run_formula] Running formula dspfilters_fastfir_second-p09 with K=21 up to limit 1600
[2025-12-12 07:46:26] [generate_cnf] Generating formula dspfilters_fastfir_second-p09 with K=22
[2025-12-12 07:46:28] [run_formula] Running formula dspfilters_fastfir_second-p09 with K=22 up to limit 1600
[2025-12-12 07:46:41] [generate_cnf] Generating formula dspfilters_fastfir_second-p09 with K=23
[2025-12-12 07:46:43] [run_formula] Running formula dspfilters_fastfir_second-p09 with K=23 up to limit 1600
[2025-12-12 07:46:54] [generate_cnf] Generating formula dspfilters_fastfir_second-p09 with K=24
[2025-12-12 07:46:56] [run_formula] Running formula dspfilters_fastfir_second-p09 with K=24 up to limit 1600
[2025-12-12 07:47:08] [generate_cnf] Generating formula dspfilters_fastfir_second-p09 with K=25
[2025-12-12 07:47:10] [run_formula] Running formula dspfilters_fastfir_second-p09 with K=25 up to limit 1600
[2025-12-12 07:47:22] [generate_cnf] Generating formula dspfilters_fastfir_second-p09 with K=26
[2025-12-12 07:47:24] [run_formula] Running formula dspfilters_fastfir_second-p09 with K=26 up to limit 1600
[2025-12-12 07:47:35] [generate_cnf] Generating formula dspfilters_fastfir_second-p09 with K=27
[2025-12-12 07:47:37] [run_formula] Running formula dspfilters_fastfir_second-p09 with K=27 up to limit 1600
[2025-12-12 07:47:48] [generate_cnf] Generating formula dspfilters_fastfir_second-p09 with K=28
[2025-12-12 07:47:51] [run_formula] Running formula dspfilters_fastfir_second-p09 with K=28 up to limit 1600
[2025-12-12 07:48:03] [generate_cnf] Generating formula dspfilters_fastfir_second-p09 with K=29
[2025-12-12 07:48:06] [run_formula] Running formula dspfilters_fastfir_second-p09 with K=29 up to limit 1600
[2025-12-12 07:48:18] [generate_cnf] Generating formula dspfilters_fastfir_second-p09 with K=30
[2025-12-12 07:48:20] [run_formula] Running formula dspfilters_fastfir_second-p09 with K=30 up to limit 1600
[2025-12-12 07:48:32] [generate_cnf] Generating formula dspfilters_fastfir_second-p09 with K=31
[2025-12-12 07:48:35] [run_formula] Running formula dspfilters_fastfir_second-p09 with K=31 up to limit 1600
[2025-12-12 07:48:47] [generate_cnf] Generating formula dspfilters_fastfir_second-p09 with K=32
[2025-12-12 07:48:49] [run_formula] Running formula dspfilters_fastfir_second-p09 with K=32 up to limit 1600
[2025-12-12 07:49:02] [generate_cnf] Generating formula dspfilters_fastfir_second-p09 with K=33
[2025-12-12 07:49:05] [run_formula] Running formula dspfilters_fastfir_second-p09 with K=33 up to limit 1600
[2025-12-12 07:49:21] [generate_cnf] Generating formula dspfilters_fastfir_second-p09 with K=34
[2025-12-12 07:49:24] [run_formula] Running formula dspfilters_fastfir_second-p09 with K=34 up to limit 1600
[2025-12-12 07:49:36] [generate_cnf] Generating formula dspfilters_fastfir_second-p09 with K=35
[2025-12-12 07:49:39] [run_formula] Running formula dspfilters_fastfir_second-p09 with K=35 up to limit 1600
[2025-12-12 07:49:55] [generate_cnf] Generating formula dspfilters_fastfir_second-p09 with K=36
[2025-12-12 07:49:58] [run_formula] Running formula dspfilters_fastfir_second-p09 with K=36 up to limit 1600
[2025-12-12 07:50:10] [generate_cnf] Generating formula dspfilters_fastfir_second-p09 with K=37
[2025-12-12 07:50:13] [run_formula] Running formula dspfilters_fastfir_second-p09 with K=37 up to limit 1600
[2025-12-12 07:50:26] [generate_cnf] Generating formula dspfilters_fastfir_second-p09 with K=38
[2025-12-12 07:50:29] [run_formula] Running formula dspfilters_fastfir_second-p09 with K=38 up to limit 1600
[2025-12-12 07:50:41] [generate_cnf] Generating formula dspfilters_fastfir_second-p09 with K=39
[2025-12-12 07:50:44] [run_formula] Running formula dspfilters_fastfir_second-p09 with K=39 up to limit 1600
[2025-12-12 07:50:56] [generate_cnf] Generating formula dspfilters_fastfir_second-p09 with K=40
[2025-12-12 07:50:59] [run_formula] Running formula dspfilters_fastfir_second-p09 with K=40 up to limit 1600
[2025-12-12 07:51:11] [generate_cnf] Generating formula dspfilters_fastfir_second-p09 with K=41
[2025-12-12 07:51:15] [run_formula] Running formula dspfilters_fastfir_second-p09 with K=41 up to limit 1600
[2025-12-12 07:51:26] [generate_cnf] Generating formula dspfilters_fastfir_second-p09 with K=42
[2025-12-12 07:51:29] [run_formula] Running formula dspfilters_fastfir_second-p09 with K=42 up to limit 1600
[2025-12-12 07:51:41] [generate_cnf] Generating formula dspfilters_fastfir_second-p09 with K=43
[2025-12-12 07:51:44] [run_formula] Running formula dspfilters_fastfir_second-p09 with K=43 up to limit 1600
[2025-12-12 07:51:56] [generate_cnf] Generating formula dspfilters_fastfir_second-p09 with K=44
[2025-12-12 07:51:59] [run_formula] Running formula dspfilters_fastfir_second-p09 with K=44 up to limit 1600
[2025-12-12 07:52:11] [generate_cnf] Generating formula dspfilters_fastfir_second-p09 with K=45
[2025-12-12 07:52:14] [run_formula] Running formula dspfilters_fastfir_second-p09 with K=45 up to limit 1600
[2025-12-12 07:52:28] [generate_cnf] Generating formula dspfilters_fastfir_second-p09 with K=46
[2025-12-12 07:52:32] [run_formula] Running formula dspfilters_fastfir_second-p09 with K=46 up to limit 1600
[2025-12-12 07:52:43] [generate_cnf] Generating formula dspfilters_fastfir_second-p09 with K=47
[2025-12-12 07:52:48] [run_formula] Running formula dspfilters_fastfir_second-p09 with K=47 up to limit 1600
[2025-12-12 07:53:00] [generate_cnf] Generating formula dspfilters_fastfir_second-p09 with K=48
[2025-12-12 07:53:03] [run_formula] Running formula dspfilters_fastfir_second-p09 with K=48 up to limit 1600
[2025-12-12 07:53:19] [generate_cnf] Generating formula dspfilters_fastfir_second-p09 with K=49
[2025-12-12 07:53:23] [run_formula] Running formula dspfilters_fastfir_second-p09 with K=49 up to limit 1600
[2025-12-12 07:53:36] [generate_cnf] Generating formula dspfilters_fastfir_second-p09 with K=50
[2025-12-12 07:53:40] [run_formula] Running formula dspfilters_fastfir_second-p09 with K=50 up to limit 1600
[2025-12-12 07:53:58] [generate_cnf] Generating formula dspfilters_fastfir_second-p09 with K=51
[2025-12-12 07:54:03] [run_formula] Running formula dspfilters_fastfir_second-p09 with K=51 up to limit 1600
[2025-12-12 07:54:20] [generate_cnf] Generating formula dspfilters_fastfir_second-p09 with K=52
[2025-12-12 07:54:25] [run_formula] Running formula dspfilters_fastfir_second-p09 with K=52 up to limit 1600
[2025-12-12 07:54:44] [generate_cnf] Generating formula dspfilters_fastfir_second-p09 with K=53
[2025-12-12 07:54:49] [run_formula] Running formula dspfilters_fastfir_second-p09 with K=53 up to limit 1600
[2025-12-12 07:55:08] [generate_cnf] Generating formula dspfilters_fastfir_second-p09 with K=54
[2025-12-12 07:55:13] [run_formula] Running formula dspfilters_fastfir_second-p09 with K=54 up to limit 1600
[2025-12-12 07:55:35] [generate_cnf] Generating formula dspfilters_fastfir_second-p09 with K=55
[2025-12-12 07:55:41] [run_formula] Running formula dspfilters_fastfir_second-p09 with K=55 up to limit 1600
[2025-12-12 07:55:59] [generate_cnf] Generating formula dspfilters_fastfir_second-p09 with K=56
[2025-12-12 07:56:04] [run_formula] Running formula dspfilters_fastfir_second-p09 with K=56 up to limit 1600
[2025-12-12 07:56:26] [generate_cnf] Generating formula dspfilters_fastfir_second-p09 with K=57
[2025-12-12 07:56:31] [run_formula] Running formula dspfilters_fastfir_second-p09 with K=57 up to limit 1600
[2025-12-12 07:56:50] [generate_cnf] Generating formula dspfilters_fastfir_second-p09 with K=58
[2025-12-12 07:56:54] [run_formula] Running formula dspfilters_fastfir_second-p09 with K=58 up to limit 1600
[2025-12-12 07:57:15] [generate_cnf] Generating formula dspfilters_fastfir_second-p09 with K=59
[2025-12-12 07:57:20] [run_formula] Running formula dspfilters_fastfir_second-p09 with K=59 up to limit 1600
[2025-12-12 07:57:39] [generate_cnf] Generating formula dspfilters_fastfir_second-p09 with K=60
[2025-12-12 07:57:44] [run_formula] Running formula dspfilters_fastfir_second-p09 with K=60 up to limit 1600
[2025-12-12 07:58:04] [generate_cnf] Generating formula dspfilters_fastfir_second-p09 with K=61
[2025-12-12 07:58:09] [run_formula] Running formula dspfilters_fastfir_second-p09 with K=61 up to limit 1600
[2025-12-12 07:58:30] [generate_cnf] Generating formula dspfilters_fastfir_second-p09 with K=62
[2025-12-12 07:58:36] [run_formula] Running formula dspfilters_fastfir_second-p09 with K=62 up to limit 1600
[2025-12-12 07:58:56] [generate_cnf] Generating formula dspfilters_fastfir_second-p09 with K=63
[2025-12-12 07:59:01] [run_formula] Running formula dspfilters_fastfir_second-p09 with K=63 up to limit 1600
[2025-12-12 07:59:21] [generate_cnf] Generating formula dspfilters_fastfir_second-p09 with K=64
[2025-12-12 07:59:27] [run_formula] Running formula dspfilters_fastfir_second-p09 with K=64 up to limit 1600
[2025-12-12 07:59:48] [generate_cnf] Generating formula dspfilters_fastfir_second-p09 with K=65
[2025-12-12 07:59:54] [run_formula] Running formula dspfilters_fastfir_second-p09 with K=65 up to limit 1600
[2025-12-12 08:00:15] [generate_cnf] Generating formula dspfilters_fastfir_second-p09 with K=66
[2025-12-12 08:00:21] [run_formula] Running formula dspfilters_fastfir_second-p09 with K=66 up to limit 1600
[2025-12-12 08:00:40] [generate_cnf] Generating formula dspfilters_fastfir_second-p09 with K=67
[2025-12-12 08:00:46] [run_formula] Running formula dspfilters_fastfir_second-p09 with K=67 up to limit 1600
[2025-12-12 08:01:09] [generate_cnf] Generating formula dspfilters_fastfir_second-p09 with K=68
[2025-12-12 08:01:15] [run_formula] Running formula dspfilters_fastfir_second-p09 with K=68 up to limit 1600
[2025-12-12 08:01:36] [generate_cnf] Generating formula dspfilters_fastfir_second-p09 with K=69
[2025-12-12 08:01:42] [run_formula] Running formula dspfilters_fastfir_second-p09 with K=69 up to limit 1600
[2025-12-12 08:02:06] [generate_cnf] Generating formula dspfilters_fastfir_second-p09 with K=70
[2025-12-12 08:02:12] [run_formula] Running formula dspfilters_fastfir_second-p09 with K=70 up to limit 1600
[2025-12-12 08:02:31] [generate_cnf] Generating formula dspfilters_fastfir_second-p09 with K=71
[2025-12-12 08:02:37] [run_formula] Running formula dspfilters_fastfir_second-p09 with K=71 up to limit 1600
[2025-12-12 08:02:57] [generate_cnf] Generating formula dspfilters_fastfir_second-p09 with K=72
[2025-12-12 08:03:03] [run_formula] Running formula dspfilters_fastfir_second-p09 with K=72 up to limit 1600
[2025-12-12 08:03:23] [generate_cnf] Generating formula dspfilters_fastfir_second-p09 with K=73
[2025-12-12 08:03:29] [run_formula] Running formula dspfilters_fastfir_second-p09 with K=73 up to limit 1600
[2025-12-12 08:03:48] [generate_cnf] Generating formula dspfilters_fastfir_second-p09 with K=74
[2025-12-12 08:03:54] [run_formula] Running formula dspfilters_fastfir_second-p09 with K=74 up to limit 1600
[2025-12-12 08:04:13] [generate_cnf] Generating formula dspfilters_fastfir_second-p09 with K=75
[2025-12-12 08:04:19] [run_formula] Running formula dspfilters_fastfir_second-p09 with K=75 up to limit 1600
[2025-12-12 08:04:38] [generate_cnf] Generating formula dspfilters_fastfir_second-p09 with K=76
[2025-12-12 08:04:44] [run_formula] Running formula dspfilters_fastfir_second-p09 with K=76 up to limit 1600
[2025-12-12 08:05:04] [generate_cnf] Generating formula dspfilters_fastfir_second-p09 with K=77
[2025-12-12 08:05:11] [run_formula] Running formula dspfilters_fastfir_second-p09 with K=77 up to limit 1600
[2025-12-12 08:05:32] [generate_cnf] Generating formula dspfilters_fastfir_second-p09 with K=78
[2025-12-12 08:05:39] [run_formula] Running formula dspfilters_fastfir_second-p09 with K=78 up to limit 1600
[2025-12-12 08:06:03] [generate_cnf] Generating formula dspfilters_fastfir_second-p09 with K=79
[2025-12-12 08:06:11] [run_formula] Running formula dspfilters_fastfir_second-p09 with K=79 up to limit 1600
[2025-12-12 08:06:38] [generate_cnf] Generating formula dspfilters_fastfir_second-p09 with K=80
[2025-12-12 08:06:45] [run_formula] Running formula dspfilters_fastfir_second-p09 with K=80 up to limit 1600
[2025-12-12 08:07:10] [generate_cnf] Generating formula dspfilters_fastfir_second-p09 with K=81
[2025-12-12 08:07:18] [run_formula] Running formula dspfilters_fastfir_second-p09 with K=81 up to limit 1600
[2025-12-12 08:07:42] [generate_cnf] Generating formula dspfilters_fastfir_second-p09 with K=82
[2025-12-12 08:07:49] [run_formula] Running formula dspfilters_fastfir_second-p09 with K=82 up to limit 1600
[2025-12-12 08:08:13] [generate_cnf] Generating formula dspfilters_fastfir_second-p09 with K=83
[2025-12-12 08:08:20] [run_formula] Running formula dspfilters_fastfir_second-p09 with K=83 up to limit 1600
[2025-12-12 08:08:43] [generate_cnf] Generating formula dspfilters_fastfir_second-p09 with K=84
[2025-12-12 08:08:51] [run_formula] Running formula dspfilters_fastfir_second-p09 with K=84 up to limit 1600
[2025-12-12 08:09:16] [generate_cnf] Generating formula dspfilters_fastfir_second-p09 with K=85
[2025-12-12 08:09:23] [run_formula] Running formula dspfilters_fastfir_second-p09 with K=85 up to limit 1600
[2025-12-12 08:09:48] [generate_cnf] Generating formula dspfilters_fastfir_second-p09 with K=86
[2025-12-12 08:09:56] [run_formula] Running formula dspfilters_fastfir_second-p09 with K=86 up to limit 1600
[2025-12-12 08:10:21] [generate_cnf] Generating formula dspfilters_fastfir_second-p09 with K=87
[2025-12-12 08:10:29] [run_formula] Running formula dspfilters_fastfir_second-p09 with K=87 up to limit 1600
[2025-12-12 08:10:54] [generate_cnf] Generating formula dspfilters_fastfir_second-p09 with K=88
[2025-12-12 08:11:02] [run_formula] Running formula dspfilters_fastfir_second-p09 with K=88 up to limit 1600
[2025-12-12 08:11:26] [generate_cnf] Generating formula dspfilters_fastfir_second-p09 with K=89
[2025-12-12 08:11:35] [run_formula] Running formula dspfilters_fastfir_second-p09 with K=89 up to limit 1600
[2025-12-12 08:12:02] [generate_cnf] Generating formula dspfilters_fastfir_second-p09 with K=90
[2025-12-12 08:12:10] [run_formula] Running formula dspfilters_fastfir_second-p09 with K=90 up to limit 1600
[2025-12-12 08:12:37] [generate_cnf] Generating formula dspfilters_fastfir_second-p09 with K=91
[2025-12-12 08:12:45] [run_formula] Running formula dspfilters_fastfir_second-p09 with K=91 up to limit 1600
[2025-12-12 08:13:11] [generate_cnf] Generating formula dspfilters_fastfir_second-p09 with K=92
[2025-12-12 08:13:21] [run_formula] Running formula dspfilters_fastfir_second-p09 with K=92 up to limit 1600
[2025-12-12 08:13:47] [generate_cnf] Generating formula dspfilters_fastfir_second-p09 with K=93
[2025-12-12 08:13:55] [run_formula] Running formula dspfilters_fastfir_second-p09 with K=93 up to limit 1600
[2025-12-12 08:14:21] [generate_cnf] Generating formula dspfilters_fastfir_second-p09 with K=94
[2025-12-12 08:14:29] [run_formula] Running formula dspfilters_fastfir_second-p09 with K=94 up to limit 1600
[2025-12-12 08:14:54] [generate_cnf] Generating formula dspfilters_fastfir_second-p09 with K=95
[2025-12-12 08:15:01] [run_formula] Running formula dspfilters_fastfir_second-p09 with K=95 up to limit 1600
[2025-12-12 08:15:24] [generate_cnf] Generating formula dspfilters_fastfir_second-p09 with K=96
[2025-12-12 08:15:32] [run_formula] Running formula dspfilters_fastfir_second-p09 with K=96 up to limit 1600
[2025-12-12 08:15:55] [generate_cnf] Generating formula dspfilters_fastfir_second-p09 with K=97
[2025-12-12 08:16:03] [run_formula] Running formula dspfilters_fastfir_second-p09 with K=97 up to limit 1600
[2025-12-12 08:16:29] [generate_cnf] Generating formula dspfilters_fastfir_second-p09 with K=98
[2025-12-12 08:16:37] [run_formula] Running formula dspfilters_fastfir_second-p09 with K=98 up to limit 1600
[2025-12-12 08:17:01] [generate_cnf] Generating formula dspfilters_fastfir_second-p09 with K=99
[2025-12-12 08:17:09] [run_formula] Running formula dspfilters_fastfir_second-p09 with K=99 up to limit 1600
[2025-12-12 08:17:32] [generate_cnf] Generating formula dspfilters_fastfir_second-p09 with K=100
[2025-12-12 08:17:40] [run_formula] Running formula dspfilters_fastfir_second-p09 with K=100 up to limit 1600
[2025-12-12 08:18:10] [generate_cnf] Generating formula dspfilters_fastfir_second-p09 with K=101
[2025-12-12 08:18:19] [run_formula] Running formula dspfilters_fastfir_second-p09 with K=101 up to limit 1600
[2025-12-12 08:18:47] [generate_cnf] Generating formula dspfilters_fastfir_second-p09 with K=102
[2025-12-12 08:18:57] [run_formula] Running formula dspfilters_fastfir_second-p09 with K=102 up to limit 1600
[2025-12-12 08:19:26] [generate_cnf] Generating formula dspfilters_fastfir_second-p09 with K=103
[2025-12-12 08:19:35] [run_formula] Running formula dspfilters_fastfir_second-p09 with K=103 up to limit 1600
[2025-12-12 08:20:03] [generate_cnf] Generating formula dspfilters_fastfir_second-p09 with K=104
[2025-12-12 08:20:12] [run_formula] Running formula dspfilters_fastfir_second-p09 with K=104 up to limit 1600
[2025-12-12 08:20:41] [generate_cnf] Generating formula dspfilters_fastfir_second-p09 with K=105
[2025-12-12 08:20:51] [run_formula] Running formula dspfilters_fastfir_second-p09 with K=105 up to limit 1600
[2025-12-12 08:21:19] [generate_cnf] Generating formula dspfilters_fastfir_second-p09 with K=106
[2025-12-12 08:21:29] [run_formula] Running formula dspfilters_fastfir_second-p09 with K=106 up to limit 1600
[2025-12-12 08:21:58] [generate_cnf] Generating formula dspfilters_fastfir_second-p09 with K=107
[2025-12-12 08:22:08] [run_formula] Running formula dspfilters_fastfir_second-p09 with K=107 up to limit 1600
[2025-12-12 08:22:43] [generate_cnf] Generating formula dspfilters_fastfir_second-p09 with K=108
[2025-12-12 08:22:53] [run_formula] Running formula dspfilters_fastfir_second-p09 with K=108 up to limit 1600
[2025-12-12 08:23:25] [generate_cnf] Generating formula dspfilters_fastfir_second-p09 with K=109
[2025-12-12 08:23:35] [run_formula] Running formula dspfilters_fastfir_second-p09 with K=109 up to limit 1600
[2025-12-12 08:24:04] [generate_cnf] Generating formula dspfilters_fastfir_second-p09 with K=110
[2025-12-12 08:24:13] [run_formula] Running formula dspfilters_fastfir_second-p09 with K=110 up to limit 1600
[2025-12-12 08:24:45] [generate_cnf] Generating formula dspfilters_fastfir_second-p09 with K=111
[2025-12-12 08:24:55] [run_formula] Running formula dspfilters_fastfir_second-p09 with K=111 up to limit 1600
[2025-12-12 08:25:26] [generate_cnf] Generating formula dspfilters_fastfir_second-p09 with K=112
[2025-12-12 08:25:36] [run_formula] Running formula dspfilters_fastfir_second-p09 with K=112 up to limit 1600
[2025-12-12 08:26:08] [generate_cnf] Generating formula dspfilters_fastfir_second-p09 with K=113
[2025-12-12 08:26:18] [run_formula] Running formula dspfilters_fastfir_second-p09 with K=113 up to limit 1600
[2025-12-12 08:26:45] [generate_cnf] Generating formula dspfilters_fastfir_second-p09 with K=114
[2025-12-12 08:26:54] [run_formula] Running formula dspfilters_fastfir_second-p09 with K=114 up to limit 1600
[2025-12-12 08:27:23] [generate_cnf] Generating formula dspfilters_fastfir_second-p09 with K=115
[2025-12-12 08:27:32] [run_formula] Running formula dspfilters_fastfir_second-p09 with K=115 up to limit 1600
[2025-12-12 08:28:02] [run_formula] Error running formula dspfilters_fastfir_second-p09 with K=115: [Errno 122] Disk quota exceeded: './results/solving_logs/dspfilters_fastfir_second-p09//dspfilters_fastfir_second-p09.115.log'
[2025-12-12 08:28:02] [generate_and_run_up_to_limit] Failed to run formula dspfilters_fastfir_second-p09 with K=115, halting
