CNF written.
CNF written.
CNF written.
CNF written.
CNF written.
CNF written.
CNF written.
CNF written.
CNF written.
CNF written.
CNF written.
CNF written.
CNF written.
CNF written.
CNF written.
CNF written.
CNF written.
CNF written.
CNF written.
CNF written.
CNF written.
CNF written.
CNF written.
CNF written.
CNF written.
CNF written.
CNF written.
CNF written.
CNF written.
CNF written.
CNF written.
CNF written.
CNF written.
CNF written.
CNF written.
CNF written.
CNF written.
CNF written.
CNF written.
CNF written.
CNF written.
CNF written.
CNF written.
CNF written.
CNF written.
CNF written.
CNF written.
CNF written.
CNF written.
CNF written.
CNF written.
CNF written.
CNF written.
CNF written.
CNF written.
CNF written.
CNF written.
CNF written.
CNF written.
CNF written.
CNF written.
CNF written.
CNF written.
CNF written.
CNF written.
CNF written.
CNF written.
CNF written.
CNF written.
CNF written.
CNF written.
CNF written.
CNF written.
CNF written.
CNF written.
CNF written.
CNF written.
CNF written.
CNF written.
CNF written.
CNF written.
CNF written.
CNF written.
CNF written.
CNF written.
CNF written.
CNF written.
CNF written.
CNF written.
CNF written.
CNF written.
CNF written.
CNF written.
CNF written.
CNF written.
CNF written.
CNF written.
CNF written.
CNF written.
CNF written.
CNF written.
CNF written.
CNF written.
[2025-12-12 07:23:34] [generate_and_run_up_to_limit] Generating and running dspfilters_fastfir_second-p10 with K<=500 up to limit 1600
[2025-12-12 07:23:34] [generate_cnf] Generating formula dspfilters_fastfir_second-p10 with K=1
[2025-12-12 07:23:35] [run_formula] Running formula dspfilters_fastfir_second-p10 with K=1 up to limit 1600
[2025-12-12 07:23:35] [generate_cnf] Generating formula dspfilters_fastfir_second-p10 with K=2
[2025-12-12 07:23:35] [run_formula] Running formula dspfilters_fastfir_second-p10 with K=2 up to limit 1600
[2025-12-12 07:23:35] [generate_cnf] Generating formula dspfilters_fastfir_second-p10 with K=3
[2025-12-12 07:23:35] [run_formula] Running formula dspfilters_fastfir_second-p10 with K=3 up to limit 1600
[2025-12-12 07:23:36] [generate_cnf] Generating formula dspfilters_fastfir_second-p10 with K=4
[2025-12-12 07:23:36] [run_formula] Running formula dspfilters_fastfir_second-p10 with K=4 up to limit 1600
[2025-12-12 07:23:36] [generate_cnf] Generating formula dspfilters_fastfir_second-p10 with K=5
[2025-12-12 07:23:37] [run_formula] Running formula dspfilters_fastfir_second-p10 with K=5 up to limit 1600
[2025-12-12 07:23:37] [generate_cnf] Generating formula dspfilters_fastfir_second-p10 with K=6
[2025-12-12 07:23:38] [run_formula] Running formula dspfilters_fastfir_second-p10 with K=6 up to limit 1600
[2025-12-12 07:23:38] [generate_cnf] Generating formula dspfilters_fastfir_second-p10 with K=7
[2025-12-12 07:23:39] [run_formula] Running formula dspfilters_fastfir_second-p10 with K=7 up to limit 1600
[2025-12-12 07:23:40] [generate_cnf] Generating formula dspfilters_fastfir_second-p10 with K=8
[2025-12-12 07:23:41] [run_formula] Running formula dspfilters_fastfir_second-p10 with K=8 up to limit 1600
[2025-12-12 07:23:42] [generate_cnf] Generating formula dspfilters_fastfir_second-p10 with K=9
[2025-12-12 07:23:43] [run_formula] Running formula dspfilters_fastfir_second-p10 with K=9 up to limit 1600
[2025-12-12 07:23:47] [generate_cnf] Generating formula dspfilters_fastfir_second-p10 with K=10
[2025-12-12 07:23:48] [run_formula] Running formula dspfilters_fastfir_second-p10 with K=10 up to limit 1600
[2025-12-12 07:24:01] [generate_cnf] Generating formula dspfilters_fastfir_second-p10 with K=11
[2025-12-12 07:24:02] [run_formula] Running formula dspfilters_fastfir_second-p10 with K=11 up to limit 1600
[2025-12-12 07:24:28] [generate_cnf] Generating formula dspfilters_fastfir_second-p10 with K=12
[2025-12-12 07:24:29] [run_formula] Running formula dspfilters_fastfir_second-p10 with K=12 up to limit 1600
[2025-12-12 07:25:06] [generate_cnf] Generating formula dspfilters_fastfir_second-p10 with K=13
[2025-12-12 07:25:08] [run_formula] Running formula dspfilters_fastfir_second-p10 with K=13 up to limit 1600
[2025-12-12 07:25:49] [generate_cnf] Generating formula dspfilters_fastfir_second-p10 with K=14
[2025-12-12 07:25:51] [run_formula] Running formula dspfilters_fastfir_second-p10 with K=14 up to limit 1600
[2025-12-12 07:26:36] [generate_cnf] Generating formula dspfilters_fastfir_second-p10 with K=15
[2025-12-12 07:26:38] [run_formula] Running formula dspfilters_fastfir_second-p10 with K=15 up to limit 1600
[2025-12-12 07:27:04] [generate_cnf] Generating formula dspfilters_fastfir_second-p10 with K=16
[2025-12-12 07:27:05] [run_formula] Running formula dspfilters_fastfir_second-p10 with K=16 up to limit 1600
[2025-12-12 07:27:32] [generate_cnf] Generating formula dspfilters_fastfir_second-p10 with K=17
[2025-12-12 07:27:34] [run_formula] Running formula dspfilters_fastfir_second-p10 with K=17 up to limit 1600
[2025-12-12 07:27:57] [generate_cnf] Generating formula dspfilters_fastfir_second-p10 with K=18
[2025-12-12 07:27:59] [run_formula] Running formula dspfilters_fastfir_second-p10 with K=18 up to limit 1600
[2025-12-12 07:28:34] [generate_cnf] Generating formula dspfilters_fastfir_second-p10 with K=19
[2025-12-12 07:28:36] [run_formula] Running formula dspfilters_fastfir_second-p10 with K=19 up to limit 1600
[2025-12-12 07:29:05] [generate_cnf] Generating formula dspfilters_fastfir_second-p10 with K=20
[2025-12-12 07:29:07] [run_formula] Running formula dspfilters_fastfir_second-p10 with K=20 up to limit 1600
[2025-12-12 07:29:36] [generate_cnf] Generating formula dspfilters_fastfir_second-p10 with K=21
[2025-12-12 07:29:38] [run_formula] Running formula dspfilters_fastfir_second-p10 with K=21 up to limit 1600
[2025-12-12 07:30:03] [generate_cnf] Generating formula dspfilters_fastfir_second-p10 with K=22
[2025-12-12 07:30:05] [run_formula] Running formula dspfilters_fastfir_second-p10 with K=22 up to limit 1600
[2025-12-12 07:30:29] [generate_cnf] Generating formula dspfilters_fastfir_second-p10 with K=23
[2025-12-12 07:30:32] [run_formula] Running formula dspfilters_fastfir_second-p10 with K=23 up to limit 1600
[2025-12-12 07:31:00] [generate_cnf] Generating formula dspfilters_fastfir_second-p10 with K=24
[2025-12-12 07:31:02] [run_formula] Running formula dspfilters_fastfir_second-p10 with K=24 up to limit 1600
[2025-12-12 07:31:33] [generate_cnf] Generating formula dspfilters_fastfir_second-p10 with K=25
[2025-12-12 07:31:35] [run_formula] Running formula dspfilters_fastfir_second-p10 with K=25 up to limit 1600
[2025-12-12 07:32:04] [generate_cnf] Generating formula dspfilters_fastfir_second-p10 with K=26
[2025-12-12 07:32:07] [run_formula] Running formula dspfilters_fastfir_second-p10 with K=26 up to limit 1600
[2025-12-12 07:32:35] [generate_cnf] Generating formula dspfilters_fastfir_second-p10 with K=27
[2025-12-12 07:32:38] [run_formula] Running formula dspfilters_fastfir_second-p10 with K=27 up to limit 1600
[2025-12-12 07:33:11] [generate_cnf] Generating formula dspfilters_fastfir_second-p10 with K=28
[2025-12-12 07:33:14] [run_formula] Running formula dspfilters_fastfir_second-p10 with K=28 up to limit 1600
[2025-12-12 07:33:43] [generate_cnf] Generating formula dspfilters_fastfir_second-p10 with K=29
[2025-12-12 07:33:46] [run_formula] Running formula dspfilters_fastfir_second-p10 with K=29 up to limit 1600
[2025-12-12 07:34:13] [generate_cnf] Generating formula dspfilters_fastfir_second-p10 with K=30
[2025-12-12 07:34:15] [run_formula] Running formula dspfilters_fastfir_second-p10 with K=30 up to limit 1600
[2025-12-12 07:34:45] [generate_cnf] Generating formula dspfilters_fastfir_second-p10 with K=31
[2025-12-12 07:34:48] [run_formula] Running formula dspfilters_fastfir_second-p10 with K=31 up to limit 1600
[2025-12-12 07:35:16] [generate_cnf] Generating formula dspfilters_fastfir_second-p10 with K=32
[2025-12-12 07:35:19] [run_formula] Running formula dspfilters_fastfir_second-p10 with K=32 up to limit 1600
[2025-12-12 07:35:44] [generate_cnf] Generating formula dspfilters_fastfir_second-p10 with K=33
[2025-12-12 07:35:47] [run_formula] Running formula dspfilters_fastfir_second-p10 with K=33 up to limit 1600
[2025-12-12 07:36:18] [generate_cnf] Generating formula dspfilters_fastfir_second-p10 with K=34
[2025-12-12 07:36:21] [run_formula] Running formula dspfilters_fastfir_second-p10 with K=34 up to limit 1600
[2025-12-12 07:36:45] [generate_cnf] Generating formula dspfilters_fastfir_second-p10 with K=35
[2025-12-12 07:36:48] [run_formula] Running formula dspfilters_fastfir_second-p10 with K=35 up to limit 1600
[2025-12-12 07:37:18] [generate_cnf] Generating formula dspfilters_fastfir_second-p10 with K=36
[2025-12-12 07:37:21] [run_formula] Running formula dspfilters_fastfir_second-p10 with K=36 up to limit 1600
[2025-12-12 07:37:49] [generate_cnf] Generating formula dspfilters_fastfir_second-p10 with K=37
[2025-12-12 07:37:52] [run_formula] Running formula dspfilters_fastfir_second-p10 with K=37 up to limit 1600
[2025-12-12 07:38:28] [generate_cnf] Generating formula dspfilters_fastfir_second-p10 with K=38
[2025-12-12 07:38:32] [run_formula] Running formula dspfilters_fastfir_second-p10 with K=38 up to limit 1600
[2025-12-12 07:38:59] [generate_cnf] Generating formula dspfilters_fastfir_second-p10 with K=39
[2025-12-12 07:39:03] [run_formula] Running formula dspfilters_fastfir_second-p10 with K=39 up to limit 1600
[2025-12-12 07:39:30] [generate_cnf] Generating formula dspfilters_fastfir_second-p10 with K=40
[2025-12-12 07:39:34] [run_formula] Running formula dspfilters_fastfir_second-p10 with K=40 up to limit 1600
[2025-12-12 07:40:03] [generate_cnf] Generating formula dspfilters_fastfir_second-p10 with K=41
[2025-12-12 07:40:07] [run_formula] Running formula dspfilters_fastfir_second-p10 with K=41 up to limit 1600
[2025-12-12 07:40:34] [generate_cnf] Generating formula dspfilters_fastfir_second-p10 with K=42
[2025-12-12 07:40:38] [run_formula] Running formula dspfilters_fastfir_second-p10 with K=42 up to limit 1600
[2025-12-12 07:41:06] [generate_cnf] Generating formula dspfilters_fastfir_second-p10 with K=43
[2025-12-12 07:41:10] [run_formula] Running formula dspfilters_fastfir_second-p10 with K=43 up to limit 1600
[2025-12-12 07:41:36] [generate_cnf] Generating formula dspfilters_fastfir_second-p10 with K=44
[2025-12-12 07:41:40] [run_formula] Running formula dspfilters_fastfir_second-p10 with K=44 up to limit 1600
[2025-12-12 07:42:08] [generate_cnf] Generating formula dspfilters_fastfir_second-p10 with K=45
[2025-12-12 07:42:12] [run_formula] Running formula dspfilters_fastfir_second-p10 with K=45 up to limit 1600
[2025-12-12 07:42:40] [generate_cnf] Generating formula dspfilters_fastfir_second-p10 with K=46
[2025-12-12 07:42:44] [run_formula] Running formula dspfilters_fastfir_second-p10 with K=46 up to limit 1600
[2025-12-12 07:43:13] [generate_cnf] Generating formula dspfilters_fastfir_second-p10 with K=47
[2025-12-12 07:43:17] [run_formula] Running formula dspfilters_fastfir_second-p10 with K=47 up to limit 1600
[2025-12-12 07:43:48] [generate_cnf] Generating formula dspfilters_fastfir_second-p10 with K=48
[2025-12-12 07:43:52] [run_formula] Running formula dspfilters_fastfir_second-p10 with K=48 up to limit 1600
[2025-12-12 07:44:21] [generate_cnf] Generating formula dspfilters_fastfir_second-p10 with K=49
[2025-12-12 07:44:26] [run_formula] Running formula dspfilters_fastfir_second-p10 with K=49 up to limit 1600
[2025-12-12 07:44:57] [generate_cnf] Generating formula dspfilters_fastfir_second-p10 with K=50
[2025-12-12 07:45:01] [run_formula] Running formula dspfilters_fastfir_second-p10 with K=50 up to limit 1600
[2025-12-12 07:45:32] [generate_cnf] Generating formula dspfilters_fastfir_second-p10 with K=51
[2025-12-12 07:45:37] [run_formula] Running formula dspfilters_fastfir_second-p10 with K=51 up to limit 1600
[2025-12-12 07:46:09] [generate_cnf] Generating formula dspfilters_fastfir_second-p10 with K=52
[2025-12-12 07:46:14] [run_formula] Running formula dspfilters_fastfir_second-p10 with K=52 up to limit 1600
[2025-12-12 07:46:48] [generate_cnf] Generating formula dspfilters_fastfir_second-p10 with K=53
[2025-12-12 07:46:52] [run_formula] Running formula dspfilters_fastfir_second-p10 with K=53 up to limit 1600
[2025-12-12 07:47:25] [generate_cnf] Generating formula dspfilters_fastfir_second-p10 with K=54
[2025-12-12 07:47:29] [run_formula] Running formula dspfilters_fastfir_second-p10 with K=54 up to limit 1600
[2025-12-12 07:47:59] [generate_cnf] Generating formula dspfilters_fastfir_second-p10 with K=55
[2025-12-12 07:48:04] [run_formula] Running formula dspfilters_fastfir_second-p10 with K=55 up to limit 1600
[2025-12-12 07:48:41] [generate_cnf] Generating formula dspfilters_fastfir_second-p10 with K=56
[2025-12-12 07:48:45] [run_formula] Running formula dspfilters_fastfir_second-p10 with K=56 up to limit 1600
[2025-12-12 07:49:15] [generate_cnf] Generating formula dspfilters_fastfir_second-p10 with K=57
[2025-12-12 07:49:20] [run_formula] Running formula dspfilters_fastfir_second-p10 with K=57 up to limit 1600
[2025-12-12 07:49:55] [generate_cnf] Generating formula dspfilters_fastfir_second-p10 with K=58
[2025-12-12 07:49:59] [run_formula] Running formula dspfilters_fastfir_second-p10 with K=58 up to limit 1600
[2025-12-12 07:50:31] [generate_cnf] Generating formula dspfilters_fastfir_second-p10 with K=59
[2025-12-12 07:50:36] [run_formula] Running formula dspfilters_fastfir_second-p10 with K=59 up to limit 1600
[2025-12-12 07:51:08] [generate_cnf] Generating formula dspfilters_fastfir_second-p10 with K=60
[2025-12-12 07:51:13] [run_formula] Running formula dspfilters_fastfir_second-p10 with K=60 up to limit 1600
[2025-12-12 07:51:44] [generate_cnf] Generating formula dspfilters_fastfir_second-p10 with K=61
[2025-12-12 07:51:50] [run_formula] Running formula dspfilters_fastfir_second-p10 with K=61 up to limit 1600
[2025-12-12 07:52:26] [generate_cnf] Generating formula dspfilters_fastfir_second-p10 with K=62
[2025-12-12 07:52:32] [run_formula] Running formula dspfilters_fastfir_second-p10 with K=62 up to limit 1600
[2025-12-12 07:53:01] [generate_cnf] Generating formula dspfilters_fastfir_second-p10 with K=63
[2025-12-12 07:53:06] [run_formula] Running formula dspfilters_fastfir_second-p10 with K=63 up to limit 1600
[2025-12-12 07:53:47] [generate_cnf] Generating formula dspfilters_fastfir_second-p10 with K=64
[2025-12-12 07:53:53] [run_formula] Running formula dspfilters_fastfir_second-p10 with K=64 up to limit 1600
[2025-12-12 07:54:28] [generate_cnf] Generating formula dspfilters_fastfir_second-p10 with K=65
[2025-12-12 07:54:34] [run_formula] Running formula dspfilters_fastfir_second-p10 with K=65 up to limit 1600
[2025-12-12 07:55:13] [generate_cnf] Generating formula dspfilters_fastfir_second-p10 with K=66
[2025-12-12 07:55:19] [run_formula] Running formula dspfilters_fastfir_second-p10 with K=66 up to limit 1600
[2025-12-12 07:55:52] [generate_cnf] Generating formula dspfilters_fastfir_second-p10 with K=67
[2025-12-12 07:55:58] [run_formula] Running formula dspfilters_fastfir_second-p10 with K=67 up to limit 1600
[2025-12-12 07:56:30] [generate_cnf] Generating formula dspfilters_fastfir_second-p10 with K=68
[2025-12-12 07:56:36] [run_formula] Running formula dspfilters_fastfir_second-p10 with K=68 up to limit 1600
[2025-12-12 07:57:08] [generate_cnf] Generating formula dspfilters_fastfir_second-p10 with K=69
[2025-12-12 07:57:15] [run_formula] Running formula dspfilters_fastfir_second-p10 with K=69 up to limit 1600
[2025-12-12 07:57:51] [generate_cnf] Generating formula dspfilters_fastfir_second-p10 with K=70
[2025-12-12 07:57:58] [run_formula] Running formula dspfilters_fastfir_second-p10 with K=70 up to limit 1600
[2025-12-12 07:58:30] [generate_cnf] Generating formula dspfilters_fastfir_second-p10 with K=71
[2025-12-12 07:58:36] [run_formula] Running formula dspfilters_fastfir_second-p10 with K=71 up to limit 1600
[2025-12-12 07:59:12] [generate_cnf] Generating formula dspfilters_fastfir_second-p10 with K=72
[2025-12-12 07:59:19] [run_formula] Running formula dspfilters_fastfir_second-p10 with K=72 up to limit 1600
[2025-12-12 08:00:03] [generate_cnf] Generating formula dspfilters_fastfir_second-p10 with K=73
[2025-12-12 08:00:11] [run_formula] Running formula dspfilters_fastfir_second-p10 with K=73 up to limit 1600
[2025-12-12 08:00:50] [generate_cnf] Generating formula dspfilters_fastfir_second-p10 with K=74
[2025-12-12 08:00:57] [run_formula] Running formula dspfilters_fastfir_second-p10 with K=74 up to limit 1600
[2025-12-12 08:01:34] [generate_cnf] Generating formula dspfilters_fastfir_second-p10 with K=75
[2025-12-12 08:01:40] [run_formula] Running formula dspfilters_fastfir_second-p10 with K=75 up to limit 1600
[2025-12-12 08:02:18] [generate_cnf] Generating formula dspfilters_fastfir_second-p10 with K=76
[2025-12-12 08:02:24] [run_formula] Running formula dspfilters_fastfir_second-p10 with K=76 up to limit 1600
[2025-12-12 08:03:02] [generate_cnf] Generating formula dspfilters_fastfir_second-p10 with K=77
[2025-12-12 08:03:09] [run_formula] Running formula dspfilters_fastfir_second-p10 with K=77 up to limit 1600
[2025-12-12 08:03:54] [generate_cnf] Generating formula dspfilters_fastfir_second-p10 with K=78
[2025-12-12 08:04:01] [run_formula] Running formula dspfilters_fastfir_second-p10 with K=78 up to limit 1600
[2025-12-12 08:04:40] [generate_cnf] Generating formula dspfilters_fastfir_second-p10 with K=79
[2025-12-12 08:04:48] [run_formula] Running formula dspfilters_fastfir_second-p10 with K=79 up to limit 1600
[2025-12-12 08:05:29] [generate_cnf] Generating formula dspfilters_fastfir_second-p10 with K=80
[2025-12-12 08:05:38] [run_formula] Running formula dspfilters_fastfir_second-p10 with K=80 up to limit 1600
[2025-12-12 08:06:16] [generate_cnf] Generating formula dspfilters_fastfir_second-p10 with K=81
[2025-12-12 08:06:23] [run_formula] Running formula dspfilters_fastfir_second-p10 with K=81 up to limit 1600
[2025-12-12 08:07:06] [generate_cnf] Generating formula dspfilters_fastfir_second-p10 with K=82
[2025-12-12 08:07:14] [run_formula] Running formula dspfilters_fastfir_second-p10 with K=82 up to limit 1600
[2025-12-12 08:07:59] [generate_cnf] Generating formula dspfilters_fastfir_second-p10 with K=83
[2025-12-12 08:08:08] [run_formula] Running formula dspfilters_fastfir_second-p10 with K=83 up to limit 1600
[2025-12-12 08:08:58] [generate_cnf] Generating formula dspfilters_fastfir_second-p10 with K=84
[2025-12-12 08:09:06] [run_formula] Running formula dspfilters_fastfir_second-p10 with K=84 up to limit 1600
[2025-12-12 08:09:49] [generate_cnf] Generating formula dspfilters_fastfir_second-p10 with K=85
[2025-12-12 08:09:57] [run_formula] Running formula dspfilters_fastfir_second-p10 with K=85 up to limit 1600
[2025-12-12 08:10:43] [generate_cnf] Generating formula dspfilters_fastfir_second-p10 with K=86
[2025-12-12 08:10:51] [run_formula] Running formula dspfilters_fastfir_second-p10 with K=86 up to limit 1600
[2025-12-12 08:11:33] [generate_cnf] Generating formula dspfilters_fastfir_second-p10 with K=87
[2025-12-12 08:11:44] [run_formula] Running formula dspfilters_fastfir_second-p10 with K=87 up to limit 1600
[2025-12-12 08:12:34] [generate_cnf] Generating formula dspfilters_fastfir_second-p10 with K=88
[2025-12-12 08:12:42] [run_formula] Running formula dspfilters_fastfir_second-p10 with K=88 up to limit 1600
[2025-12-12 08:13:30] [generate_cnf] Generating formula dspfilters_fastfir_second-p10 with K=89
[2025-12-12 08:13:38] [run_formula] Running formula dspfilters_fastfir_second-p10 with K=89 up to limit 1600
[2025-12-12 08:14:30] [generate_cnf] Generating formula dspfilters_fastfir_second-p10 with K=90
[2025-12-12 08:14:39] [run_formula] Running formula dspfilters_fastfir_second-p10 with K=90 up to limit 1600
[2025-12-12 08:15:23] [generate_cnf] Generating formula dspfilters_fastfir_second-p10 with K=91
[2025-12-12 08:15:32] [run_formula] Running formula dspfilters_fastfir_second-p10 with K=91 up to limit 1600
[2025-12-12 08:16:31] [generate_cnf] Generating formula dspfilters_fastfir_second-p10 with K=92
[2025-12-12 08:16:40] [run_formula] Running formula dspfilters_fastfir_second-p10 with K=92 up to limit 1600
[2025-12-12 08:17:24] [generate_cnf] Generating formula dspfilters_fastfir_second-p10 with K=93
[2025-12-12 08:17:33] [run_formula] Running formula dspfilters_fastfir_second-p10 with K=93 up to limit 1600
[2025-12-12 08:18:27] [generate_cnf] Generating formula dspfilters_fastfir_second-p10 with K=94
[2025-12-12 08:18:37] [run_formula] Running formula dspfilters_fastfir_second-p10 with K=94 up to limit 1600
[2025-12-12 08:19:27] [generate_cnf] Generating formula dspfilters_fastfir_second-p10 with K=95
[2025-12-12 08:19:36] [run_formula] Running formula dspfilters_fastfir_second-p10 with K=95 up to limit 1600
[2025-12-12 08:20:33] [generate_cnf] Generating formula dspfilters_fastfir_second-p10 with K=96
[2025-12-12 08:20:42] [run_formula] Running formula dspfilters_fastfir_second-p10 with K=96 up to limit 1600
[2025-12-12 08:21:27] [generate_cnf] Generating formula dspfilters_fastfir_second-p10 with K=97
[2025-12-12 08:21:36] [run_formula] Running formula dspfilters_fastfir_second-p10 with K=97 up to limit 1600
[2025-12-12 08:22:25] [generate_cnf] Generating formula dspfilters_fastfir_second-p10 with K=98
[2025-12-12 08:22:35] [run_formula] Running formula dspfilters_fastfir_second-p10 with K=98 up to limit 1600
[2025-12-12 08:23:17] [generate_cnf] Generating formula dspfilters_fastfir_second-p10 with K=99
[2025-12-12 08:23:29] [run_formula] Running formula dspfilters_fastfir_second-p10 with K=99 up to limit 1600
[2025-12-12 08:24:21] [generate_cnf] Generating formula dspfilters_fastfir_second-p10 with K=100
[2025-12-12 08:24:33] [run_formula] Running formula dspfilters_fastfir_second-p10 with K=100 up to limit 1600
[2025-12-12 08:25:27] [generate_cnf] Generating formula dspfilters_fastfir_second-p10 with K=101
[2025-12-12 08:25:40] [run_formula] Running formula dspfilters_fastfir_second-p10 with K=101 up to limit 1600
[2025-12-12 08:26:30] [generate_cnf] Generating formula dspfilters_fastfir_second-p10 with K=102
[2025-12-12 08:26:43] [run_formula] Running formula dspfilters_fastfir_second-p10 with K=102 up to limit 1600
[2025-12-12 08:27:36] [generate_cnf] Generating formula dspfilters_fastfir_second-p10 with K=103
[2025-12-12 08:27:49] [run_formula] Running formula dspfilters_fastfir_second-p10 with K=103 up to limit 1600
[2025-12-12 08:28:46] [run_formula] Error running formula dspfilters_fastfir_second-p10 with K=103: [Errno 122] Disk quota exceeded: './results/solving_logs/dspfilters_fastfir_second-p10//dspfilters_fastfir_second-p10.103.log'
[2025-12-12 08:28:46] [generate_and_run_up_to_limit] Failed to run formula dspfilters_fastfir_second-p10 with K=103, halting
