CNF written.
CNF written.
CNF written.
CNF written.
CNF written.
CNF written.
CNF written.
CNF written.
CNF written.
CNF written.
CNF written.
CNF written.
CNF written.
CNF written.
CNF written.
CNF written.
CNF written.
CNF written.
CNF written.
[2025-12-12 07:26:51] [generate_and_run_up_to_limit] Generating and running eijks1423 with K<=500 up to limit 1600
[2025-12-12 07:26:51] [generate_cnf] Generating formula eijks1423 with K=1
[2025-12-12 07:26:52] [run_formula] Running formula eijks1423 with K=1 up to limit 1600
[2025-12-12 07:26:52] [generate_cnf] Generating formula eijks1423 with K=2
[2025-12-12 07:26:52] [run_formula] Running formula eijks1423 with K=2 up to limit 1600
[2025-12-12 07:26:52] [generate_cnf] Generating formula eijks1423 with K=3
[2025-12-12 07:26:52] [run_formula] Running formula eijks1423 with K=3 up to limit 1600
[2025-12-12 07:26:52] [generate_cnf] Generating formula eijks1423 with K=4
[2025-12-12 07:26:52] [run_formula] Running formula eijks1423 with K=4 up to limit 1600
[2025-12-12 07:26:52] [generate_cnf] Generating formula eijks1423 with K=5
[2025-12-12 07:26:52] [run_formula] Running formula eijks1423 with K=5 up to limit 1600
[2025-12-12 07:26:52] [generate_cnf] Generating formula eijks1423 with K=6
[2025-12-12 07:26:52] [run_formula] Running formula eijks1423 with K=6 up to limit 1600
[2025-12-12 07:26:52] [generate_cnf] Generating formula eijks1423 with K=7
[2025-12-12 07:26:52] [run_formula] Running formula eijks1423 with K=7 up to limit 1600
[2025-12-12 07:26:53] [generate_cnf] Generating formula eijks1423 with K=8
[2025-12-12 07:26:53] [run_formula] Running formula eijks1423 with K=8 up to limit 1600
[2025-12-12 07:26:54] [generate_cnf] Generating formula eijks1423 with K=9
[2025-12-12 07:26:54] [run_formula] Running formula eijks1423 with K=9 up to limit 1600
[2025-12-12 07:26:57] [generate_cnf] Generating formula eijks1423 with K=10
[2025-12-12 07:26:57] [run_formula] Running formula eijks1423 with K=10 up to limit 1600
[2025-12-12 07:27:03] [generate_cnf] Generating formula eijks1423 with K=11
[2025-12-12 07:27:03] [run_formula] Running formula eijks1423 with K=11 up to limit 1600
[2025-12-12 07:27:21] [generate_cnf] Generating formula eijks1423 with K=12
[2025-12-12 07:27:21] [run_formula] Running formula eijks1423 with K=12 up to limit 1600
[2025-12-12 07:28:05] [generate_cnf] Generating formula eijks1423 with K=13
[2025-12-12 07:28:05] [run_formula] Running formula eijks1423 with K=13 up to limit 1600
[2025-12-12 07:29:11] [generate_cnf] Generating formula eijks1423 with K=14
[2025-12-12 07:29:11] [run_formula] Running formula eijks1423 with K=14 up to limit 1600
[2025-12-12 07:31:21] [generate_cnf] Generating formula eijks1423 with K=15
[2025-12-12 07:31:22] [run_formula] Running formula eijks1423 with K=15 up to limit 1600
[2025-12-12 07:34:06] [generate_cnf] Generating formula eijks1423 with K=16
[2025-12-12 07:34:06] [run_formula] Running formula eijks1423 with K=16 up to limit 1600
[2025-12-12 07:39:55] [generate_cnf] Generating formula eijks1423 with K=17
[2025-12-12 07:39:55] [run_formula] Running formula eijks1423 with K=17 up to limit 1600
[2025-12-12 07:48:27] [generate_cnf] Generating formula eijks1423 with K=18
[2025-12-12 07:48:27] [run_formula] Running formula eijks1423 with K=18 up to limit 1600
[2025-12-12 08:10:54] [generate_cnf] Generating formula eijks1423 with K=19
[2025-12-12 08:10:54] [run_formula] Running formula eijks1423 with K=19 up to limit 1600
[2025-12-12 08:37:34] [run_formula] Formula eijks1423 with K=19 timed out after 1600 seconds
[2025-12-12 08:37:34] [generate_and_run_up_to_limit] Failed to run formula eijks1423 with K=19, halting
