CNF written.
CNF written.
CNF written.
CNF written.
CNF written.
CNF written.
CNF written.
CNF written.
CNF written.
CNF written.
CNF written.
CNF written.
CNF written.
CNF written.
CNF written.
CNF written.
CNF written.
CNF written.
CNF written.
CNF written.
CNF written.
CNF written.
CNF written.
CNF written.
CNF written.
CNF written.
CNF written.
CNF written.
CNF written.
CNF written.
CNF written.
CNF written.
CNF written.
CNF written.
CNF written.
CNF written.
CNF written.
CNF written.
CNF written.
CNF written.
CNF written.
CNF written.
CNF written.
CNF written.
CNF written.
CNF written.
CNF written.
CNF written.
CNF written.
CNF written.
CNF written.
CNF written.
CNF written.
CNF written.
CNF written.
CNF written.
CNF written.
CNF written.
CNF written.
CNF written.
CNF written.
CNF written.
CNF written.
CNF written.
CNF written.
CNF written.
CNF written.
CNF written.
CNF written.
CNF written.
CNF written.
CNF written.
CNF written.
CNF written.
CNF written.
CNF written.
CNF written.
CNF written.
CNF written.
CNF written.
CNF written.
CNF written.
CNF written.
CNF written.
CNF written.
CNF written.
CNF written.
CNF written.
CNF written.
CNF written.
CNF written.
CNF written.
CNF written.
CNF written.
CNF written.
CNF written.
CNF written.
[2025-12-12 07:53:30] [generate_and_run_up_to_limit] Generating and running h_TreeArb with K<=500 up to limit 1600
[2025-12-12 07:53:30] [generate_cnf] Generating formula h_TreeArb with K=1
[2025-12-12 07:53:30] [run_formula] Running formula h_TreeArb with K=1 up to limit 1600
[2025-12-12 07:53:30] [generate_cnf] Generating formula h_TreeArb with K=2
[2025-12-12 07:53:30] [run_formula] Running formula h_TreeArb with K=2 up to limit 1600
[2025-12-12 07:53:30] [generate_cnf] Generating formula h_TreeArb with K=3
[2025-12-12 07:53:30] [run_formula] Running formula h_TreeArb with K=3 up to limit 1600
[2025-12-12 07:53:30] [generate_cnf] Generating formula h_TreeArb with K=4
[2025-12-12 07:53:30] [run_formula] Running formula h_TreeArb with K=4 up to limit 1600
[2025-12-12 07:53:30] [generate_cnf] Generating formula h_TreeArb with K=5
[2025-12-12 07:53:30] [run_formula] Running formula h_TreeArb with K=5 up to limit 1600
[2025-12-12 07:53:30] [generate_cnf] Generating formula h_TreeArb with K=6
[2025-12-12 07:53:30] [run_formula] Running formula h_TreeArb with K=6 up to limit 1600
[2025-12-12 07:53:30] [generate_cnf] Generating formula h_TreeArb with K=7
[2025-12-12 07:53:30] [run_formula] Running formula h_TreeArb with K=7 up to limit 1600
[2025-12-12 07:53:30] [generate_cnf] Generating formula h_TreeArb with K=8
[2025-12-12 07:53:30] [run_formula] Running formula h_TreeArb with K=8 up to limit 1600
[2025-12-12 07:53:30] [generate_cnf] Generating formula h_TreeArb with K=9
[2025-12-12 07:53:30] [run_formula] Running formula h_TreeArb with K=9 up to limit 1600
[2025-12-12 07:53:30] [generate_cnf] Generating formula h_TreeArb with K=10
[2025-12-12 07:53:30] [run_formula] Running formula h_TreeArb with K=10 up to limit 1600
[2025-12-12 07:53:30] [generate_cnf] Generating formula h_TreeArb with K=11
[2025-12-12 07:53:30] [run_formula] Running formula h_TreeArb with K=11 up to limit 1600
[2025-12-12 07:53:30] [generate_cnf] Generating formula h_TreeArb with K=12
[2025-12-12 07:53:31] [run_formula] Running formula h_TreeArb with K=12 up to limit 1600
[2025-12-12 07:53:31] [generate_cnf] Generating formula h_TreeArb with K=13
[2025-12-12 07:53:31] [run_formula] Running formula h_TreeArb with K=13 up to limit 1600
[2025-12-12 07:53:31] [generate_cnf] Generating formula h_TreeArb with K=14
[2025-12-12 07:53:31] [run_formula] Running formula h_TreeArb with K=14 up to limit 1600
[2025-12-12 07:53:31] [generate_cnf] Generating formula h_TreeArb with K=15
[2025-12-12 07:53:31] [run_formula] Running formula h_TreeArb with K=15 up to limit 1600
[2025-12-12 07:53:31] [generate_cnf] Generating formula h_TreeArb with K=16
[2025-12-12 07:53:31] [run_formula] Running formula h_TreeArb with K=16 up to limit 1600
[2025-12-12 07:53:32] [generate_cnf] Generating formula h_TreeArb with K=17
[2025-12-12 07:53:32] [run_formula] Running formula h_TreeArb with K=17 up to limit 1600
[2025-12-12 07:53:32] [generate_cnf] Generating formula h_TreeArb with K=18
[2025-12-12 07:53:32] [run_formula] Running formula h_TreeArb with K=18 up to limit 1600
[2025-12-12 07:53:33] [generate_cnf] Generating formula h_TreeArb with K=19
[2025-12-12 07:53:33] [run_formula] Running formula h_TreeArb with K=19 up to limit 1600
[2025-12-12 07:53:34] [generate_cnf] Generating formula h_TreeArb with K=20
[2025-12-12 07:53:34] [run_formula] Running formula h_TreeArb with K=20 up to limit 1600
[2025-12-12 07:53:34] [generate_cnf] Generating formula h_TreeArb with K=21
[2025-12-12 07:53:34] [run_formula] Running formula h_TreeArb with K=21 up to limit 1600
[2025-12-12 07:53:35] [generate_cnf] Generating formula h_TreeArb with K=22
[2025-12-12 07:53:35] [run_formula] Running formula h_TreeArb with K=22 up to limit 1600
[2025-12-12 07:53:36] [generate_cnf] Generating formula h_TreeArb with K=23
[2025-12-12 07:53:36] [run_formula] Running formula h_TreeArb with K=23 up to limit 1600
[2025-12-12 07:53:38] [generate_cnf] Generating formula h_TreeArb with K=24
[2025-12-12 07:53:38] [run_formula] Running formula h_TreeArb with K=24 up to limit 1600
[2025-12-12 07:53:40] [generate_cnf] Generating formula h_TreeArb with K=25
[2025-12-12 07:53:40] [run_formula] Running formula h_TreeArb with K=25 up to limit 1600
[2025-12-12 07:53:42] [generate_cnf] Generating formula h_TreeArb with K=26
[2025-12-12 07:53:42] [run_formula] Running formula h_TreeArb with K=26 up to limit 1600
[2025-12-12 07:53:45] [generate_cnf] Generating formula h_TreeArb with K=27
[2025-12-12 07:53:45] [run_formula] Running formula h_TreeArb with K=27 up to limit 1600
[2025-12-12 07:53:47] [generate_cnf] Generating formula h_TreeArb with K=28
[2025-12-12 07:53:47] [run_formula] Running formula h_TreeArb with K=28 up to limit 1600
[2025-12-12 07:53:50] [generate_cnf] Generating formula h_TreeArb with K=29
[2025-12-12 07:53:50] [run_formula] Running formula h_TreeArb with K=29 up to limit 1600
[2025-12-12 07:53:53] [generate_cnf] Generating formula h_TreeArb with K=30
[2025-12-12 07:53:53] [run_formula] Running formula h_TreeArb with K=30 up to limit 1600
[2025-12-12 07:53:56] [generate_cnf] Generating formula h_TreeArb with K=31
[2025-12-12 07:53:56] [run_formula] Running formula h_TreeArb with K=31 up to limit 1600
[2025-12-12 07:53:59] [generate_cnf] Generating formula h_TreeArb with K=32
[2025-12-12 07:53:59] [run_formula] Running formula h_TreeArb with K=32 up to limit 1600
[2025-12-12 07:54:04] [generate_cnf] Generating formula h_TreeArb with K=33
[2025-12-12 07:54:04] [run_formula] Running formula h_TreeArb with K=33 up to limit 1600
[2025-12-12 07:54:08] [generate_cnf] Generating formula h_TreeArb with K=34
[2025-12-12 07:54:08] [run_formula] Running formula h_TreeArb with K=34 up to limit 1600
[2025-12-12 07:54:13] [generate_cnf] Generating formula h_TreeArb with K=35
[2025-12-12 07:54:13] [run_formula] Running formula h_TreeArb with K=35 up to limit 1600
[2025-12-12 07:54:20] [generate_cnf] Generating formula h_TreeArb with K=36
[2025-12-12 07:54:20] [run_formula] Running formula h_TreeArb with K=36 up to limit 1600
[2025-12-12 07:54:25] [generate_cnf] Generating formula h_TreeArb with K=37
[2025-12-12 07:54:25] [run_formula] Running formula h_TreeArb with K=37 up to limit 1600
[2025-12-12 07:54:31] [generate_cnf] Generating formula h_TreeArb with K=38
[2025-12-12 07:54:31] [run_formula] Running formula h_TreeArb with K=38 up to limit 1600
[2025-12-12 07:54:37] [generate_cnf] Generating formula h_TreeArb with K=39
[2025-12-12 07:54:37] [run_formula] Running formula h_TreeArb with K=39 up to limit 1600
[2025-12-12 07:54:46] [generate_cnf] Generating formula h_TreeArb with K=40
[2025-12-12 07:54:46] [run_formula] Running formula h_TreeArb with K=40 up to limit 1600
[2025-12-12 07:54:54] [generate_cnf] Generating formula h_TreeArb with K=41
[2025-12-12 07:54:54] [run_formula] Running formula h_TreeArb with K=41 up to limit 1600
[2025-12-12 07:55:03] [generate_cnf] Generating formula h_TreeArb with K=42
[2025-12-12 07:55:03] [run_formula] Running formula h_TreeArb with K=42 up to limit 1600
[2025-12-12 07:55:12] [generate_cnf] Generating formula h_TreeArb with K=43
[2025-12-12 07:55:12] [run_formula] Running formula h_TreeArb with K=43 up to limit 1600
[2025-12-12 07:55:21] [generate_cnf] Generating formula h_TreeArb with K=44
[2025-12-12 07:55:21] [run_formula] Running formula h_TreeArb with K=44 up to limit 1600
[2025-12-12 07:55:31] [generate_cnf] Generating formula h_TreeArb with K=45
[2025-12-12 07:55:32] [run_formula] Running formula h_TreeArb with K=45 up to limit 1600
[2025-12-12 07:55:43] [generate_cnf] Generating formula h_TreeArb with K=46
[2025-12-12 07:55:43] [run_formula] Running formula h_TreeArb with K=46 up to limit 1600
[2025-12-12 07:55:55] [generate_cnf] Generating formula h_TreeArb with K=47
[2025-12-12 07:55:55] [run_formula] Running formula h_TreeArb with K=47 up to limit 1600
[2025-12-12 07:56:05] [generate_cnf] Generating formula h_TreeArb with K=48
[2025-12-12 07:56:05] [run_formula] Running formula h_TreeArb with K=48 up to limit 1600
[2025-12-12 07:56:16] [generate_cnf] Generating formula h_TreeArb with K=49
[2025-12-12 07:56:16] [run_formula] Running formula h_TreeArb with K=49 up to limit 1600
[2025-12-12 07:56:29] [generate_cnf] Generating formula h_TreeArb with K=50
[2025-12-12 07:56:29] [run_formula] Running formula h_TreeArb with K=50 up to limit 1600
[2025-12-12 07:56:45] [generate_cnf] Generating formula h_TreeArb with K=51
[2025-12-12 07:56:45] [run_formula] Running formula h_TreeArb with K=51 up to limit 1600
[2025-12-12 07:56:58] [generate_cnf] Generating formula h_TreeArb with K=52
[2025-12-12 07:56:58] [run_formula] Running formula h_TreeArb with K=52 up to limit 1600
[2025-12-12 07:57:17] [generate_cnf] Generating formula h_TreeArb with K=53
[2025-12-12 07:57:17] [run_formula] Running formula h_TreeArb with K=53 up to limit 1600
[2025-12-12 07:57:36] [generate_cnf] Generating formula h_TreeArb with K=54
[2025-12-12 07:57:36] [run_formula] Running formula h_TreeArb with K=54 up to limit 1600
[2025-12-12 07:57:53] [generate_cnf] Generating formula h_TreeArb with K=55
[2025-12-12 07:57:53] [run_formula] Running formula h_TreeArb with K=55 up to limit 1600
[2025-12-12 07:58:16] [generate_cnf] Generating formula h_TreeArb with K=56
[2025-12-12 07:58:16] [run_formula] Running formula h_TreeArb with K=56 up to limit 1600
[2025-12-12 07:58:40] [generate_cnf] Generating formula h_TreeArb with K=57
[2025-12-12 07:58:40] [run_formula] Running formula h_TreeArb with K=57 up to limit 1600
[2025-12-12 07:59:02] [generate_cnf] Generating formula h_TreeArb with K=58
[2025-12-12 07:59:02] [run_formula] Running formula h_TreeArb with K=58 up to limit 1600
[2025-12-12 07:59:22] [generate_cnf] Generating formula h_TreeArb with K=59
[2025-12-12 07:59:22] [run_formula] Running formula h_TreeArb with K=59 up to limit 1600
[2025-12-12 07:59:46] [generate_cnf] Generating formula h_TreeArb with K=60
[2025-12-12 07:59:46] [run_formula] Running formula h_TreeArb with K=60 up to limit 1600
[2025-12-12 08:00:02] [generate_cnf] Generating formula h_TreeArb with K=61
[2025-12-12 08:00:02] [run_formula] Running formula h_TreeArb with K=61 up to limit 1600
[2025-12-12 08:00:27] [generate_cnf] Generating formula h_TreeArb with K=62
[2025-12-12 08:00:27] [run_formula] Running formula h_TreeArb with K=62 up to limit 1600
[2025-12-12 08:00:54] [generate_cnf] Generating formula h_TreeArb with K=63
[2025-12-12 08:00:54] [run_formula] Running formula h_TreeArb with K=63 up to limit 1600
[2025-12-12 08:01:18] [generate_cnf] Generating formula h_TreeArb with K=64
[2025-12-12 08:01:18] [run_formula] Running formula h_TreeArb with K=64 up to limit 1600
[2025-12-12 08:01:40] [generate_cnf] Generating formula h_TreeArb with K=65
[2025-12-12 08:01:41] [run_formula] Running formula h_TreeArb with K=65 up to limit 1600
[2025-12-12 08:02:08] [generate_cnf] Generating formula h_TreeArb with K=66
[2025-12-12 08:02:08] [run_formula] Running formula h_TreeArb with K=66 up to limit 1600
[2025-12-12 08:02:30] [generate_cnf] Generating formula h_TreeArb with K=67
[2025-12-12 08:02:30] [run_formula] Running formula h_TreeArb with K=67 up to limit 1600
[2025-12-12 08:03:06] [generate_cnf] Generating formula h_TreeArb with K=68
[2025-12-12 08:03:06] [run_formula] Running formula h_TreeArb with K=68 up to limit 1600
[2025-12-12 08:03:46] [generate_cnf] Generating formula h_TreeArb with K=69
[2025-12-12 08:03:46] [run_formula] Running formula h_TreeArb with K=69 up to limit 1600
[2025-12-12 08:04:30] [generate_cnf] Generating formula h_TreeArb with K=70
[2025-12-12 08:04:31] [run_formula] Running formula h_TreeArb with K=70 up to limit 1600
[2025-12-12 08:05:09] [generate_cnf] Generating formula h_TreeArb with K=71
[2025-12-12 08:05:09] [run_formula] Running formula h_TreeArb with K=71 up to limit 1600
[2025-12-12 08:05:41] [generate_cnf] Generating formula h_TreeArb with K=72
[2025-12-12 08:05:42] [run_formula] Running formula h_TreeArb with K=72 up to limit 1600
[2025-12-12 08:06:13] [generate_cnf] Generating formula h_TreeArb with K=73
[2025-12-12 08:06:13] [run_formula] Running formula h_TreeArb with K=73 up to limit 1600
[2025-12-12 08:07:08] [generate_cnf] Generating formula h_TreeArb with K=74
[2025-12-12 08:07:08] [run_formula] Running formula h_TreeArb with K=74 up to limit 1600
[2025-12-12 08:07:47] [generate_cnf] Generating formula h_TreeArb with K=75
[2025-12-12 08:07:47] [run_formula] Running formula h_TreeArb with K=75 up to limit 1600
[2025-12-12 08:08:16] [generate_cnf] Generating formula h_TreeArb with K=76
[2025-12-12 08:08:17] [run_formula] Running formula h_TreeArb with K=76 up to limit 1600
[2025-12-12 08:08:59] [generate_cnf] Generating formula h_TreeArb with K=77
[2025-12-12 08:08:59] [run_formula] Running formula h_TreeArb with K=77 up to limit 1600
[2025-12-12 08:09:44] [generate_cnf] Generating formula h_TreeArb with K=78
[2025-12-12 08:09:45] [run_formula] Running formula h_TreeArb with K=78 up to limit 1600
[2025-12-12 08:10:33] [generate_cnf] Generating formula h_TreeArb with K=79
[2025-12-12 08:10:33] [run_formula] Running formula h_TreeArb with K=79 up to limit 1600
[2025-12-12 08:11:08] [generate_cnf] Generating formula h_TreeArb with K=80
[2025-12-12 08:11:08] [run_formula] Running formula h_TreeArb with K=80 up to limit 1600
[2025-12-12 08:12:06] [generate_cnf] Generating formula h_TreeArb with K=81
[2025-12-12 08:12:06] [run_formula] Running formula h_TreeArb with K=81 up to limit 1600
[2025-12-12 08:12:57] [generate_cnf] Generating formula h_TreeArb with K=82
[2025-12-12 08:12:58] [run_formula] Running formula h_TreeArb with K=82 up to limit 1600
[2025-12-12 08:13:48] [generate_cnf] Generating formula h_TreeArb with K=83
[2025-12-12 08:13:48] [run_formula] Running formula h_TreeArb with K=83 up to limit 1600
[2025-12-12 08:14:25] [generate_cnf] Generating formula h_TreeArb with K=84
[2025-12-12 08:14:25] [run_formula] Running formula h_TreeArb with K=84 up to limit 1600
[2025-12-12 08:15:27] [generate_cnf] Generating formula h_TreeArb with K=85
[2025-12-12 08:15:27] [run_formula] Running formula h_TreeArb with K=85 up to limit 1600
[2025-12-12 08:16:21] [generate_cnf] Generating formula h_TreeArb with K=86
[2025-12-12 08:16:21] [run_formula] Running formula h_TreeArb with K=86 up to limit 1600
[2025-12-12 08:17:41] [generate_cnf] Generating formula h_TreeArb with K=87
[2025-12-12 08:17:41] [run_formula] Running formula h_TreeArb with K=87 up to limit 1600
[2025-12-12 08:18:42] [generate_cnf] Generating formula h_TreeArb with K=88
[2025-12-12 08:18:42] [run_formula] Running formula h_TreeArb with K=88 up to limit 1600
[2025-12-12 08:19:31] [generate_cnf] Generating formula h_TreeArb with K=89
[2025-12-12 08:19:31] [run_formula] Running formula h_TreeArb with K=89 up to limit 1600
[2025-12-12 08:20:48] [generate_cnf] Generating formula h_TreeArb with K=90
[2025-12-12 08:20:49] [run_formula] Running formula h_TreeArb with K=90 up to limit 1600
[2025-12-12 08:21:45] [generate_cnf] Generating formula h_TreeArb with K=91
[2025-12-12 08:21:45] [run_formula] Running formula h_TreeArb with K=91 up to limit 1600
[2025-12-12 08:23:00] [generate_cnf] Generating formula h_TreeArb with K=92
[2025-12-12 08:23:01] [run_formula] Running formula h_TreeArb with K=92 up to limit 1600
[2025-12-12 08:23:54] [generate_cnf] Generating formula h_TreeArb with K=93
[2025-12-12 08:23:54] [run_formula] Running formula h_TreeArb with K=93 up to limit 1600
[2025-12-12 08:24:54] [generate_cnf] Generating formula h_TreeArb with K=94
[2025-12-12 08:24:55] [run_formula] Running formula h_TreeArb with K=94 up to limit 1600
[2025-12-12 08:25:50] [generate_cnf] Generating formula h_TreeArb with K=95
[2025-12-12 08:25:50] [run_formula] Running formula h_TreeArb with K=95 up to limit 1600
[2025-12-12 08:26:56] [generate_cnf] Generating formula h_TreeArb with K=96
[2025-12-12 08:26:56] [run_formula] Running formula h_TreeArb with K=96 up to limit 1600
[2025-12-12 08:27:47] [generate_cnf] Generating formula h_TreeArb with K=97
[2025-12-12 08:27:47] [run_formula] Running formula h_TreeArb with K=97 up to limit 1600
[2025-12-12 08:28:49] [run_formula] Error running formula h_TreeArb with K=97: [Errno 122] Disk quota exceeded: './results/solving_logs/h_TreeArb//h_TreeArb.97.log'
[2025-12-12 08:28:49] [generate_and_run_up_to_limit] Failed to run formula h_TreeArb with K=97, halting
