CNF written.
CNF written.
CNF written.
CNF written.
CNF written.
CNF written.
CNF written.
CNF written.
CNF written.
CNF written.
CNF written.
CNF written.
CNF written.
CNF written.
CNF written.
CNF written.
CNF written.
CNF written.
CNF written.
CNF written.
CNF written.
CNF written.
CNF written.
CNF written.
CNF written.
CNF written.
CNF written.
CNF written.
CNF written.
CNF written.
CNF written.
CNF written.
CNF written.
CNF written.
CNF written.
CNF written.
CNF written.
CNF written.
CNF written.
CNF written.
CNF written.
CNF written.
CNF written.
CNF written.
CNF written.
CNF written.
CNF written.
CNF written.
CNF written.
CNF written.
CNF written.
CNF written.
CNF written.
CNF written.
CNF written.
CNF written.
CNF written.
CNF written.
CNF written.
CNF written.
CNF written.
CNF written.
CNF written.
CNF written.
CNF written.
CNF written.
CNF written.
CNF written.
CNF written.
CNF written.
CNF written.
CNF written.
CNF written.
CNF written.
CNF written.
CNF written.
CNF written.
CNF written.
CNF written.
CNF written.
CNF written.
CNF written.
CNF written.
CNF written.
CNF written.
CNF written.
CNF written.
CNF written.
CNF written.
CNF written.
CNF written.
CNF written.
CNF written.
CNF written.
CNF written.
CNF written.
CNF written.
CNF written.
CNF written.
CNF written.
CNF written.
CNF written.
CNF written.
CNF written.
CNF written.
CNF written.
CNF written.
CNF written.
CNF written.
CNF written.
CNF written.
CNF written.
CNF written.
CNF written.
CNF written.
CNF written.
CNF written.
CNF written.
CNF written.
CNF written.
CNF written.
CNF written.
CNF written.
CNF written.
CNF written.
CNF written.
CNF written.
CNF written.
CNF written.
CNF written.
CNF written.
CNF written.
CNF written.
CNF written.
CNF written.
CNF written.
CNF written.
CNF written.
CNF written.
CNF written.
CNF written.
CNF written.
CNF written.
CNF written.
CNF written.
CNF written.
CNF written.
CNF written.
CNF written.
CNF written.
CNF written.
CNF written.
CNF written.
CNF written.
CNF written.
CNF written.
CNF written.
CNF written.
CNF written.
CNF written.
CNF written.
CNF written.
CNF written.
CNF written.
CNF written.
CNF written.
CNF written.
CNF written.
CNF written.
CNF written.
CNF written.
CNF written.
CNF written.
CNF written.
CNF written.
CNF written.
CNF written.
CNF written.
CNF written.
CNF written.
CNF written.
CNF written.
CNF written.
CNF written.
CNF written.
CNF written.
CNF written.
CNF written.
CNF written.
CNF written.
CNF written.
CNF written.
CNF written.
CNF written.
CNF written.
CNF written.
CNF written.
CNF written.
CNF written.
CNF written.
CNF written.
CNF written.
CNF written.
CNF written.
CNF written.
CNF written.
CNF written.
CNF written.
CNF written.
CNF written.
CNF written.
CNF written.
CNF written.
CNF written.
CNF written.
CNF written.
CNF written.
CNF written.
CNF written.
CNF written.
CNF written.
CNF written.
CNF written.
CNF written.
CNF written.
CNF written.
CNF written.
CNF written.
CNF written.
CNF written.
CNF written.
CNF written.
CNF written.
CNF written.
CNF written.
CNF written.
CNF written.
CNF written.
CNF written.
CNF written.
CNF written.
CNF written.
CNF written.
CNF written.
CNF written.
CNF written.
CNF written.
CNF written.
CNF written.
CNF written.
CNF written.
CNF written.
CNF written.
CNF written.
CNF written.
CNF written.
CNF written.
CNF written.
CNF written.
CNF written.
CNF written.
CNF written.
CNF written.
CNF written.
CNF written.
CNF written.
CNF written.
CNF written.
CNF written.
CNF written.
CNF written.
CNF written.
CNF written.
CNF written.
CNF written.
CNF written.
CNF written.
CNF written.
CNF written.
CNF written.
CNF written.
CNF written.
CNF written.
CNF written.
CNF written.
CNF written.
CNF written.
CNF written.
CNF written.
CNF written.
CNF written.
CNF written.
CNF written.
CNF written.
CNF written.
CNF written.
CNF written.
CNF written.
CNF written.
CNF written.
CNF written.
CNF written.
CNF written.
CNF written.
CNF written.
CNF written.
CNF written.
CNF written.
CNF written.
CNF written.
CNF written.
CNF written.
CNF written.
CNF written.
CNF written.
CNF written.
CNF written.
CNF written.
CNF written.
CNF written.
CNF written.
CNF written.
CNF written.
CNF written.
CNF written.
CNF written.
CNF written.
CNF written.
CNF written.
CNF written.
CNF written.
CNF written.
CNF written.
CNF written.
CNF written.
CNF written.
CNF written.
CNF written.
CNF written.
CNF written.
CNF written.
CNF written.
CNF written.
CNF written.
CNF written.
CNF written.
CNF written.
CNF written.
CNF written.
CNF written.
CNF written.
CNF written.
CNF written.
CNF written.
CNF written.
CNF written.
CNF written.
CNF written.
CNF written.
CNF written.
CNF written.
CNF written.
CNF written.
CNF written.
CNF written.
CNF written.
CNF written.
CNF written.
CNF written.
CNF written.
CNF written.
CNF written.
CNF written.
CNF written.
CNF written.
CNF written.
CNF written.
CNF written.
CNF written.
CNF written.
CNF written.
CNF written.
CNF written.
CNF written.
CNF written.
CNF written.
CNF written.
CNF written.
CNF written.
CNF written.
CNF written.
CNF written.
CNF written.
CNF written.
CNF written.
CNF written.
CNF written.
CNF written.
CNF written.
CNF written.
CNF written.
CNF written.
CNF written.
CNF written.
CNF written.
CNF written.
CNF written.
CNF written.
CNF written.
CNF written.
CNF written.
CNF written.
CNF written.
CNF written.
CNF written.
CNF written.
[2025-12-12 07:53:29] [generate_and_run_up_to_limit] Generating and running intel004 with K<=500 up to limit 1600
[2025-12-12 07:53:29] [generate_cnf] Generating formula intel004 with K=1
[2025-12-12 07:53:29] [run_formula] Running formula intel004 with K=1 up to limit 1600
[2025-12-12 07:53:29] [generate_cnf] Generating formula intel004 with K=2
[2025-12-12 07:53:29] [run_formula] Running formula intel004 with K=2 up to limit 1600
[2025-12-12 07:53:30] [generate_cnf] Generating formula intel004 with K=3
[2025-12-12 07:53:30] [run_formula] Running formula intel004 with K=3 up to limit 1600
[2025-12-12 07:53:30] [generate_cnf] Generating formula intel004 with K=4
[2025-12-12 07:53:30] [run_formula] Running formula intel004 with K=4 up to limit 1600
[2025-12-12 07:53:30] [generate_cnf] Generating formula intel004 with K=5
[2025-12-12 07:53:30] [run_formula] Running formula intel004 with K=5 up to limit 1600
[2025-12-12 07:53:30] [generate_cnf] Generating formula intel004 with K=6
[2025-12-12 07:53:30] [run_formula] Running formula intel004 with K=6 up to limit 1600
[2025-12-12 07:53:30] [generate_cnf] Generating formula intel004 with K=7
[2025-12-12 07:53:30] [run_formula] Running formula intel004 with K=7 up to limit 1600
[2025-12-12 07:53:30] [generate_cnf] Generating formula intel004 with K=8
[2025-12-12 07:53:30] [run_formula] Running formula intel004 with K=8 up to limit 1600
[2025-12-12 07:53:30] [generate_cnf] Generating formula intel004 with K=9
[2025-12-12 07:53:30] [run_formula] Running formula intel004 with K=9 up to limit 1600
[2025-12-12 07:53:30] [generate_cnf] Generating formula intel004 with K=10
[2025-12-12 07:53:30] [run_formula] Running formula intel004 with K=10 up to limit 1600
[2025-12-12 07:53:30] [generate_cnf] Generating formula intel004 with K=11
[2025-12-12 07:53:30] [run_formula] Running formula intel004 with K=11 up to limit 1600
[2025-12-12 07:53:30] [generate_cnf] Generating formula intel004 with K=12
[2025-12-12 07:53:30] [run_formula] Running formula intel004 with K=12 up to limit 1600
[2025-12-12 07:53:30] [generate_cnf] Generating formula intel004 with K=13
[2025-12-12 07:53:30] [run_formula] Running formula intel004 with K=13 up to limit 1600
[2025-12-12 07:53:30] [generate_cnf] Generating formula intel004 with K=14
[2025-12-12 07:53:30] [run_formula] Running formula intel004 with K=14 up to limit 1600
[2025-12-12 07:53:30] [generate_cnf] Generating formula intel004 with K=15
[2025-12-12 07:53:30] [run_formula] Running formula intel004 with K=15 up to limit 1600
[2025-12-12 07:53:30] [generate_cnf] Generating formula intel004 with K=16
[2025-12-12 07:53:30] [run_formula] Running formula intel004 with K=16 up to limit 1600
[2025-12-12 07:53:30] [generate_cnf] Generating formula intel004 with K=17
[2025-12-12 07:53:30] [run_formula] Running formula intel004 with K=17 up to limit 1600
[2025-12-12 07:53:30] [generate_cnf] Generating formula intel004 with K=18
[2025-12-12 07:53:30] [run_formula] Running formula intel004 with K=18 up to limit 1600
[2025-12-12 07:53:30] [generate_cnf] Generating formula intel004 with K=19
[2025-12-12 07:53:30] [run_formula] Running formula intel004 with K=19 up to limit 1600
[2025-12-12 07:53:30] [generate_cnf] Generating formula intel004 with K=20
[2025-12-12 07:53:30] [run_formula] Running formula intel004 with K=20 up to limit 1600
[2025-12-12 07:53:30] [generate_cnf] Generating formula intel004 with K=21
[2025-12-12 07:53:30] [run_formula] Running formula intel004 with K=21 up to limit 1600
[2025-12-12 07:53:30] [generate_cnf] Generating formula intel004 with K=22
[2025-12-12 07:53:30] [run_formula] Running formula intel004 with K=22 up to limit 1600
[2025-12-12 07:53:31] [generate_cnf] Generating formula intel004 with K=23
[2025-12-12 07:53:31] [run_formula] Running formula intel004 with K=23 up to limit 1600
[2025-12-12 07:53:31] [generate_cnf] Generating formula intel004 with K=24
[2025-12-12 07:53:31] [run_formula] Running formula intel004 with K=24 up to limit 1600
[2025-12-12 07:53:31] [generate_cnf] Generating formula intel004 with K=25
[2025-12-12 07:53:31] [run_formula] Running formula intel004 with K=25 up to limit 1600
[2025-12-12 07:53:31] [generate_cnf] Generating formula intel004 with K=26
[2025-12-12 07:53:31] [run_formula] Running formula intel004 with K=26 up to limit 1600
[2025-12-12 07:53:31] [generate_cnf] Generating formula intel004 with K=27
[2025-12-12 07:53:31] [run_formula] Running formula intel004 with K=27 up to limit 1600
[2025-12-12 07:53:31] [generate_cnf] Generating formula intel004 with K=28
[2025-12-12 07:53:31] [run_formula] Running formula intel004 with K=28 up to limit 1600
[2025-12-12 07:53:31] [generate_cnf] Generating formula intel004 with K=29
[2025-12-12 07:53:31] [run_formula] Running formula intel004 with K=29 up to limit 1600
[2025-12-12 07:53:31] [generate_cnf] Generating formula intel004 with K=30
[2025-12-12 07:53:31] [run_formula] Running formula intel004 with K=30 up to limit 1600
[2025-12-12 07:53:32] [generate_cnf] Generating formula intel004 with K=31
[2025-12-12 07:53:32] [run_formula] Running formula intel004 with K=31 up to limit 1600
[2025-12-12 07:53:32] [generate_cnf] Generating formula intel004 with K=32
[2025-12-12 07:53:32] [run_formula] Running formula intel004 with K=32 up to limit 1600
[2025-12-12 07:53:32] [generate_cnf] Generating formula intel004 with K=33
[2025-12-12 07:53:32] [run_formula] Running formula intel004 with K=33 up to limit 1600
[2025-12-12 07:53:32] [generate_cnf] Generating formula intel004 with K=34
[2025-12-12 07:53:32] [run_formula] Running formula intel004 with K=34 up to limit 1600
[2025-12-12 07:53:32] [generate_cnf] Generating formula intel004 with K=35
[2025-12-12 07:53:32] [run_formula] Running formula intel004 with K=35 up to limit 1600
[2025-12-12 07:53:32] [generate_cnf] Generating formula intel004 with K=36
[2025-12-12 07:53:32] [run_formula] Running formula intel004 with K=36 up to limit 1600
[2025-12-12 07:53:33] [generate_cnf] Generating formula intel004 with K=37
[2025-12-12 07:53:33] [run_formula] Running formula intel004 with K=37 up to limit 1600
[2025-12-12 07:53:33] [generate_cnf] Generating formula intel004 with K=38
[2025-12-12 07:53:33] [run_formula] Running formula intel004 with K=38 up to limit 1600
[2025-12-12 07:53:33] [generate_cnf] Generating formula intel004 with K=39
[2025-12-12 07:53:33] [run_formula] Running formula intel004 with K=39 up to limit 1600
[2025-12-12 07:53:33] [generate_cnf] Generating formula intel004 with K=40
[2025-12-12 07:53:33] [run_formula] Running formula intel004 with K=40 up to limit 1600
[2025-12-12 07:53:33] [generate_cnf] Generating formula intel004 with K=41
[2025-12-12 07:53:34] [run_formula] Running formula intel004 with K=41 up to limit 1600
[2025-12-12 07:53:34] [generate_cnf] Generating formula intel004 with K=42
[2025-12-12 07:53:34] [run_formula] Running formula intel004 with K=42 up to limit 1600
[2025-12-12 07:53:34] [generate_cnf] Generating formula intel004 with K=43
[2025-12-12 07:53:34] [run_formula] Running formula intel004 with K=43 up to limit 1600
[2025-12-12 07:53:34] [generate_cnf] Generating formula intel004 with K=44
[2025-12-12 07:53:34] [run_formula] Running formula intel004 with K=44 up to limit 1600
[2025-12-12 07:53:34] [generate_cnf] Generating formula intel004 with K=45
[2025-12-12 07:53:34] [run_formula] Running formula intel004 with K=45 up to limit 1600
[2025-12-12 07:53:35] [generate_cnf] Generating formula intel004 with K=46
[2025-12-12 07:53:35] [run_formula] Running formula intel004 with K=46 up to limit 1600
[2025-12-12 07:53:35] [generate_cnf] Generating formula intel004 with K=47
[2025-12-12 07:53:35] [run_formula] Running formula intel004 with K=47 up to limit 1600
[2025-12-12 07:53:35] [generate_cnf] Generating formula intel004 with K=48
[2025-12-12 07:53:35] [run_formula] Running formula intel004 with K=48 up to limit 1600
[2025-12-12 07:53:35] [generate_cnf] Generating formula intel004 with K=49
[2025-12-12 07:53:36] [run_formula] Running formula intel004 with K=49 up to limit 1600
[2025-12-12 07:53:36] [generate_cnf] Generating formula intel004 with K=50
[2025-12-12 07:53:36] [run_formula] Running formula intel004 with K=50 up to limit 1600
[2025-12-12 07:53:36] [generate_cnf] Generating formula intel004 with K=51
[2025-12-12 07:53:36] [run_formula] Running formula intel004 with K=51 up to limit 1600
[2025-12-12 07:53:36] [generate_cnf] Generating formula intel004 with K=52
[2025-12-12 07:53:36] [run_formula] Running formula intel004 with K=52 up to limit 1600
[2025-12-12 07:53:37] [generate_cnf] Generating formula intel004 with K=53
[2025-12-12 07:53:37] [run_formula] Running formula intel004 with K=53 up to limit 1600
[2025-12-12 07:53:37] [generate_cnf] Generating formula intel004 with K=54
[2025-12-12 07:53:37] [run_formula] Running formula intel004 with K=54 up to limit 1600
[2025-12-12 07:53:37] [generate_cnf] Generating formula intel004 with K=55
[2025-12-12 07:53:37] [run_formula] Running formula intel004 with K=55 up to limit 1600
[2025-12-12 07:53:38] [generate_cnf] Generating formula intel004 with K=56
[2025-12-12 07:53:38] [run_formula] Running formula intel004 with K=56 up to limit 1600
[2025-12-12 07:53:38] [generate_cnf] Generating formula intel004 with K=57
[2025-12-12 07:53:38] [run_formula] Running formula intel004 with K=57 up to limit 1600
[2025-12-12 07:53:38] [generate_cnf] Generating formula intel004 with K=58
[2025-12-12 07:53:39] [run_formula] Running formula intel004 with K=58 up to limit 1600
[2025-12-12 07:53:39] [generate_cnf] Generating formula intel004 with K=59
[2025-12-12 07:53:39] [run_formula] Running formula intel004 with K=59 up to limit 1600
[2025-12-12 07:53:39] [generate_cnf] Generating formula intel004 with K=60
[2025-12-12 07:53:39] [run_formula] Running formula intel004 with K=60 up to limit 1600
[2025-12-12 07:53:40] [generate_cnf] Generating formula intel004 with K=61
[2025-12-12 07:53:40] [run_formula] Running formula intel004 with K=61 up to limit 1600
[2025-12-12 07:53:40] [generate_cnf] Generating formula intel004 with K=62
[2025-12-12 07:53:41] [run_formula] Running formula intel004 with K=62 up to limit 1600
[2025-12-12 07:53:41] [generate_cnf] Generating formula intel004 with K=63
[2025-12-12 07:53:41] [run_formula] Running formula intel004 with K=63 up to limit 1600
[2025-12-12 07:53:42] [generate_cnf] Generating formula intel004 with K=64
[2025-12-12 07:53:42] [run_formula] Running formula intel004 with K=64 up to limit 1600
[2025-12-12 07:53:42] [generate_cnf] Generating formula intel004 with K=65
[2025-12-12 07:53:42] [run_formula] Running formula intel004 with K=65 up to limit 1600
[2025-12-12 07:53:43] [generate_cnf] Generating formula intel004 with K=66
[2025-12-12 07:53:43] [run_formula] Running formula intel004 with K=66 up to limit 1600
[2025-12-12 07:53:43] [generate_cnf] Generating formula intel004 with K=67
[2025-12-12 07:53:43] [run_formula] Running formula intel004 with K=67 up to limit 1600
[2025-12-12 07:53:44] [generate_cnf] Generating formula intel004 with K=68
[2025-12-12 07:53:44] [run_formula] Running formula intel004 with K=68 up to limit 1600
[2025-12-12 07:53:44] [generate_cnf] Generating formula intel004 with K=69
[2025-12-12 07:53:44] [run_formula] Running formula intel004 with K=69 up to limit 1600
[2025-12-12 07:53:45] [generate_cnf] Generating formula intel004 with K=70
[2025-12-12 07:53:45] [run_formula] Running formula intel004 with K=70 up to limit 1600
[2025-12-12 07:53:45] [generate_cnf] Generating formula intel004 with K=71
[2025-12-12 07:53:45] [run_formula] Running formula intel004 with K=71 up to limit 1600
[2025-12-12 07:53:46] [generate_cnf] Generating formula intel004 with K=72
[2025-12-12 07:53:46] [run_formula] Running formula intel004 with K=72 up to limit 1600
[2025-12-12 07:53:46] [generate_cnf] Generating formula intel004 with K=73
[2025-12-12 07:53:47] [run_formula] Running formula intel004 with K=73 up to limit 1600
[2025-12-12 07:53:47] [generate_cnf] Generating formula intel004 with K=74
[2025-12-12 07:53:47] [run_formula] Running formula intel004 with K=74 up to limit 1600
[2025-12-12 07:53:48] [generate_cnf] Generating formula intel004 with K=75
[2025-12-12 07:53:48] [run_formula] Running formula intel004 with K=75 up to limit 1600
[2025-12-12 07:53:48] [generate_cnf] Generating formula intel004 with K=76
[2025-12-12 07:53:49] [run_formula] Running formula intel004 with K=76 up to limit 1600
[2025-12-12 07:53:49] [generate_cnf] Generating formula intel004 with K=77
[2025-12-12 07:53:49] [run_formula] Running formula intel004 with K=77 up to limit 1600
[2025-12-12 07:53:50] [generate_cnf] Generating formula intel004 with K=78
[2025-12-12 07:53:50] [run_formula] Running formula intel004 with K=78 up to limit 1600
[2025-12-12 07:53:51] [generate_cnf] Generating formula intel004 with K=79
[2025-12-12 07:53:51] [run_formula] Running formula intel004 with K=79 up to limit 1600
[2025-12-12 07:53:52] [generate_cnf] Generating formula intel004 with K=80
[2025-12-12 07:53:52] [run_formula] Running formula intel004 with K=80 up to limit 1600
[2025-12-12 07:53:52] [generate_cnf] Generating formula intel004 with K=81
[2025-12-12 07:53:52] [run_formula] Running formula intel004 with K=81 up to limit 1600
[2025-12-12 07:53:53] [generate_cnf] Generating formula intel004 with K=82
[2025-12-12 07:53:53] [run_formula] Running formula intel004 with K=82 up to limit 1600
[2025-12-12 07:53:54] [generate_cnf] Generating formula intel004 with K=83
[2025-12-12 07:53:54] [run_formula] Running formula intel004 with K=83 up to limit 1600
[2025-12-12 07:53:55] [generate_cnf] Generating formula intel004 with K=84
[2025-12-12 07:53:55] [run_formula] Running formula intel004 with K=84 up to limit 1600
[2025-12-12 07:53:55] [generate_cnf] Generating formula intel004 with K=85
[2025-12-12 07:53:56] [run_formula] Running formula intel004 with K=85 up to limit 1600
[2025-12-12 07:53:56] [generate_cnf] Generating formula intel004 with K=86
[2025-12-12 07:53:56] [run_formula] Running formula intel004 with K=86 up to limit 1600
[2025-12-12 07:53:57] [generate_cnf] Generating formula intel004 with K=87
[2025-12-12 07:53:57] [run_formula] Running formula intel004 with K=87 up to limit 1600
[2025-12-12 07:53:58] [generate_cnf] Generating formula intel004 with K=88
[2025-12-12 07:53:58] [run_formula] Running formula intel004 with K=88 up to limit 1600
[2025-12-12 07:53:58] [generate_cnf] Generating formula intel004 with K=89
[2025-12-12 07:53:59] [run_formula] Running formula intel004 with K=89 up to limit 1600
[2025-12-12 07:53:59] [generate_cnf] Generating formula intel004 with K=90
[2025-12-12 07:53:59] [run_formula] Running formula intel004 with K=90 up to limit 1600
[2025-12-12 07:54:00] [generate_cnf] Generating formula intel004 with K=91
[2025-12-12 07:54:00] [run_formula] Running formula intel004 with K=91 up to limit 1600
[2025-12-12 07:54:01] [generate_cnf] Generating formula intel004 with K=92
[2025-12-12 07:54:01] [run_formula] Running formula intel004 with K=92 up to limit 1600
[2025-12-12 07:54:02] [generate_cnf] Generating formula intel004 with K=93
[2025-12-12 07:54:02] [run_formula] Running formula intel004 with K=93 up to limit 1600
[2025-12-12 07:54:03] [generate_cnf] Generating formula intel004 with K=94
[2025-12-12 07:54:03] [run_formula] Running formula intel004 with K=94 up to limit 1600
[2025-12-12 07:54:04] [generate_cnf] Generating formula intel004 with K=95
[2025-12-12 07:54:04] [run_formula] Running formula intel004 with K=95 up to limit 1600
[2025-12-12 07:54:05] [generate_cnf] Generating formula intel004 with K=96
[2025-12-12 07:54:05] [run_formula] Running formula intel004 with K=96 up to limit 1600
[2025-12-12 07:54:06] [generate_cnf] Generating formula intel004 with K=97
[2025-12-12 07:54:06] [run_formula] Running formula intel004 with K=97 up to limit 1600
[2025-12-12 07:54:07] [generate_cnf] Generating formula intel004 with K=98
[2025-12-12 07:54:07] [run_formula] Running formula intel004 with K=98 up to limit 1600
[2025-12-12 07:54:08] [generate_cnf] Generating formula intel004 with K=99
[2025-12-12 07:54:08] [run_formula] Running formula intel004 with K=99 up to limit 1600
[2025-12-12 07:54:09] [generate_cnf] Generating formula intel004 with K=100
[2025-12-12 07:54:09] [run_formula] Running formula intel004 with K=100 up to limit 1600
[2025-12-12 07:54:10] [generate_cnf] Generating formula intel004 with K=101
[2025-12-12 07:54:10] [run_formula] Running formula intel004 with K=101 up to limit 1600
[2025-12-12 07:54:11] [generate_cnf] Generating formula intel004 with K=102
[2025-12-12 07:54:11] [run_formula] Running formula intel004 with K=102 up to limit 1600
[2025-12-12 07:54:12] [generate_cnf] Generating formula intel004 with K=103
[2025-12-12 07:54:13] [run_formula] Running formula intel004 with K=103 up to limit 1600
[2025-12-12 07:54:14] [generate_cnf] Generating formula intel004 with K=104
[2025-12-12 07:54:14] [run_formula] Running formula intel004 with K=104 up to limit 1600
[2025-12-12 07:54:15] [generate_cnf] Generating formula intel004 with K=105
[2025-12-12 07:54:15] [run_formula] Running formula intel004 with K=105 up to limit 1600
[2025-12-12 07:54:16] [generate_cnf] Generating formula intel004 with K=106
[2025-12-12 07:54:16] [run_formula] Running formula intel004 with K=106 up to limit 1600
[2025-12-12 07:54:17] [generate_cnf] Generating formula intel004 with K=107
[2025-12-12 07:54:18] [run_formula] Running formula intel004 with K=107 up to limit 1600
[2025-12-12 07:54:19] [generate_cnf] Generating formula intel004 with K=108
[2025-12-12 07:54:19] [run_formula] Running formula intel004 with K=108 up to limit 1600
[2025-12-12 07:54:20] [generate_cnf] Generating formula intel004 with K=109
[2025-12-12 07:54:20] [run_formula] Running formula intel004 with K=109 up to limit 1600
[2025-12-12 07:54:21] [generate_cnf] Generating formula intel004 with K=110
[2025-12-12 07:54:21] [run_formula] Running formula intel004 with K=110 up to limit 1600
[2025-12-12 07:54:23] [generate_cnf] Generating formula intel004 with K=111
[2025-12-12 07:54:23] [run_formula] Running formula intel004 with K=111 up to limit 1600
[2025-12-12 07:54:24] [generate_cnf] Generating formula intel004 with K=112
[2025-12-12 07:54:24] [run_formula] Running formula intel004 with K=112 up to limit 1600
[2025-12-12 07:54:26] [generate_cnf] Generating formula intel004 with K=113
[2025-12-12 07:54:26] [run_formula] Running formula intel004 with K=113 up to limit 1600
[2025-12-12 07:54:27] [generate_cnf] Generating formula intel004 with K=114
[2025-12-12 07:54:27] [run_formula] Running formula intel004 with K=114 up to limit 1600
[2025-12-12 07:54:28] [generate_cnf] Generating formula intel004 with K=115
[2025-12-12 07:54:29] [run_formula] Running formula intel004 with K=115 up to limit 1600
[2025-12-12 07:54:30] [generate_cnf] Generating formula intel004 with K=116
[2025-12-12 07:54:30] [run_formula] Running formula intel004 with K=116 up to limit 1600
[2025-12-12 07:54:31] [generate_cnf] Generating formula intel004 with K=117
[2025-12-12 07:54:31] [run_formula] Running formula intel004 with K=117 up to limit 1600
[2025-12-12 07:54:33] [generate_cnf] Generating formula intel004 with K=118
[2025-12-12 07:54:33] [run_formula] Running formula intel004 with K=118 up to limit 1600
[2025-12-12 07:54:34] [generate_cnf] Generating formula intel004 with K=119
[2025-12-12 07:54:34] [run_formula] Running formula intel004 with K=119 up to limit 1600
[2025-12-12 07:54:36] [generate_cnf] Generating formula intel004 with K=120
[2025-12-12 07:54:36] [run_formula] Running formula intel004 with K=120 up to limit 1600
[2025-12-12 07:54:37] [generate_cnf] Generating formula intel004 with K=121
[2025-12-12 07:54:37] [run_formula] Running formula intel004 with K=121 up to limit 1600
[2025-12-12 07:54:39] [generate_cnf] Generating formula intel004 with K=122
[2025-12-12 07:54:39] [run_formula] Running formula intel004 with K=122 up to limit 1600
[2025-12-12 07:54:40] [generate_cnf] Generating formula intel004 with K=123
[2025-12-12 07:54:40] [run_formula] Running formula intel004 with K=123 up to limit 1600
[2025-12-12 07:54:42] [generate_cnf] Generating formula intel004 with K=124
[2025-12-12 07:54:42] [run_formula] Running formula intel004 with K=124 up to limit 1600
[2025-12-12 07:54:43] [generate_cnf] Generating formula intel004 with K=125
[2025-12-12 07:54:43] [run_formula] Running formula intel004 with K=125 up to limit 1600
[2025-12-12 07:54:45] [generate_cnf] Generating formula intel004 with K=126
[2025-12-12 07:54:45] [run_formula] Running formula intel004 with K=126 up to limit 1600
[2025-12-12 07:54:47] [generate_cnf] Generating formula intel004 with K=127
[2025-12-12 07:54:47] [run_formula] Running formula intel004 with K=127 up to limit 1600
[2025-12-12 07:54:48] [generate_cnf] Generating formula intel004 with K=128
[2025-12-12 07:54:49] [run_formula] Running formula intel004 with K=128 up to limit 1600
[2025-12-12 07:54:50] [generate_cnf] Generating formula intel004 with K=129
[2025-12-12 07:54:50] [run_formula] Running formula intel004 with K=129 up to limit 1600
[2025-12-12 07:54:52] [generate_cnf] Generating formula intel004 with K=130
[2025-12-12 07:54:52] [run_formula] Running formula intel004 with K=130 up to limit 1600
[2025-12-12 07:54:53] [generate_cnf] Generating formula intel004 with K=131
[2025-12-12 07:54:54] [run_formula] Running formula intel004 with K=131 up to limit 1600
[2025-12-12 07:54:55] [generate_cnf] Generating formula intel004 with K=132
[2025-12-12 07:54:55] [run_formula] Running formula intel004 with K=132 up to limit 1600
[2025-12-12 07:54:57] [generate_cnf] Generating formula intel004 with K=133
[2025-12-12 07:54:57] [run_formula] Running formula intel004 with K=133 up to limit 1600
[2025-12-12 07:54:58] [generate_cnf] Generating formula intel004 with K=134
[2025-12-12 07:54:59] [run_formula] Running formula intel004 with K=134 up to limit 1600
[2025-12-12 07:55:00] [generate_cnf] Generating formula intel004 with K=135
[2025-12-12 07:55:01] [run_formula] Running formula intel004 with K=135 up to limit 1600
[2025-12-12 07:55:02] [generate_cnf] Generating formula intel004 with K=136
[2025-12-12 07:55:03] [run_formula] Running formula intel004 with K=136 up to limit 1600
[2025-12-12 07:55:04] [generate_cnf] Generating formula intel004 with K=137
[2025-12-12 07:55:04] [run_formula] Running formula intel004 with K=137 up to limit 1600
[2025-12-12 07:55:06] [generate_cnf] Generating formula intel004 with K=138
[2025-12-12 07:55:06] [run_formula] Running formula intel004 with K=138 up to limit 1600
[2025-12-12 07:55:08] [generate_cnf] Generating formula intel004 with K=139
[2025-12-12 07:55:08] [run_formula] Running formula intel004 with K=139 up to limit 1600
[2025-12-12 07:55:10] [generate_cnf] Generating formula intel004 with K=140
[2025-12-12 07:55:10] [run_formula] Running formula intel004 with K=140 up to limit 1600
[2025-12-12 07:55:12] [generate_cnf] Generating formula intel004 with K=141
[2025-12-12 07:55:12] [run_formula] Running formula intel004 with K=141 up to limit 1600
[2025-12-12 07:55:14] [generate_cnf] Generating formula intel004 with K=142
[2025-12-12 07:55:15] [run_formula] Running formula intel004 with K=142 up to limit 1600
[2025-12-12 07:55:16] [generate_cnf] Generating formula intel004 with K=143
[2025-12-12 07:55:16] [run_formula] Running formula intel004 with K=143 up to limit 1600
[2025-12-12 07:55:18] [generate_cnf] Generating formula intel004 with K=144
[2025-12-12 07:55:18] [run_formula] Running formula intel004 with K=144 up to limit 1600
[2025-12-12 07:55:20] [generate_cnf] Generating formula intel004 with K=145
[2025-12-12 07:55:20] [run_formula] Running formula intel004 with K=145 up to limit 1600
[2025-12-12 07:55:21] [generate_cnf] Generating formula intel004 with K=146
[2025-12-12 07:55:22] [run_formula] Running formula intel004 with K=146 up to limit 1600
[2025-12-12 07:55:23] [generate_cnf] Generating formula intel004 with K=147
[2025-12-12 07:55:23] [run_formula] Running formula intel004 with K=147 up to limit 1600
[2025-12-12 07:55:25] [generate_cnf] Generating formula intel004 with K=148
[2025-12-12 07:55:25] [run_formula] Running formula intel004 with K=148 up to limit 1600
[2025-12-12 07:55:27] [generate_cnf] Generating formula intel004 with K=149
[2025-12-12 07:55:27] [run_formula] Running formula intel004 with K=149 up to limit 1600
[2025-12-12 07:55:29] [generate_cnf] Generating formula intel004 with K=150
[2025-12-12 07:55:29] [run_formula] Running formula intel004 with K=150 up to limit 1600
[2025-12-12 07:55:31] [generate_cnf] Generating formula intel004 with K=151
[2025-12-12 07:55:31] [run_formula] Running formula intel004 with K=151 up to limit 1600
[2025-12-12 07:55:33] [generate_cnf] Generating formula intel004 with K=152
[2025-12-12 07:55:33] [run_formula] Running formula intel004 with K=152 up to limit 1600
[2025-12-12 07:55:35] [generate_cnf] Generating formula intel004 with K=153
[2025-12-12 07:55:35] [run_formula] Running formula intel004 with K=153 up to limit 1600
[2025-12-12 07:55:36] [generate_cnf] Generating formula intel004 with K=154
[2025-12-12 07:55:37] [run_formula] Running formula intel004 with K=154 up to limit 1600
[2025-12-12 07:55:39] [generate_cnf] Generating formula intel004 with K=155
[2025-12-12 07:55:39] [run_formula] Running formula intel004 with K=155 up to limit 1600
[2025-12-12 07:55:40] [generate_cnf] Generating formula intel004 with K=156
[2025-12-12 07:55:41] [run_formula] Running formula intel004 with K=156 up to limit 1600
[2025-12-12 07:55:43] [generate_cnf] Generating formula intel004 with K=157
[2025-12-12 07:55:43] [run_formula] Running formula intel004 with K=157 up to limit 1600
[2025-12-12 07:55:45] [generate_cnf] Generating formula intel004 with K=158
[2025-12-12 07:55:45] [run_formula] Running formula intel004 with K=158 up to limit 1600
[2025-12-12 07:55:47] [generate_cnf] Generating formula intel004 with K=159
[2025-12-12 07:55:47] [run_formula] Running formula intel004 with K=159 up to limit 1600
[2025-12-12 07:55:49] [generate_cnf] Generating formula intel004 with K=160
[2025-12-12 07:55:49] [run_formula] Running formula intel004 with K=160 up to limit 1600
[2025-12-12 07:55:51] [generate_cnf] Generating formula intel004 with K=161
[2025-12-12 07:55:52] [run_formula] Running formula intel004 with K=161 up to limit 1600
[2025-12-12 07:55:53] [generate_cnf] Generating formula intel004 with K=162
[2025-12-12 07:55:54] [run_formula] Running formula intel004 with K=162 up to limit 1600
[2025-12-12 07:55:58] [generate_cnf] Generating formula intel004 with K=163
[2025-12-12 07:55:58] [run_formula] Running formula intel004 with K=163 up to limit 1600
[2025-12-12 07:56:00] [generate_cnf] Generating formula intel004 with K=164
[2025-12-12 07:56:00] [run_formula] Running formula intel004 with K=164 up to limit 1600
[2025-12-12 07:56:02] [generate_cnf] Generating formula intel004 with K=165
[2025-12-12 07:56:02] [run_formula] Running formula intel004 with K=165 up to limit 1600
[2025-12-12 07:56:04] [generate_cnf] Generating formula intel004 with K=166
[2025-12-12 07:56:04] [run_formula] Running formula intel004 with K=166 up to limit 1600
[2025-12-12 07:56:08] [generate_cnf] Generating formula intel004 with K=167
[2025-12-12 07:56:08] [run_formula] Running formula intel004 with K=167 up to limit 1600
[2025-12-12 07:56:10] [generate_cnf] Generating formula intel004 with K=168
[2025-12-12 07:56:11] [run_formula] Running formula intel004 with K=168 up to limit 1600
[2025-12-12 07:56:13] [generate_cnf] Generating formula intel004 with K=169
[2025-12-12 07:56:13] [run_formula] Running formula intel004 with K=169 up to limit 1600
[2025-12-12 07:56:15] [generate_cnf] Generating formula intel004 with K=170
[2025-12-12 07:56:15] [run_formula] Running formula intel004 with K=170 up to limit 1600
[2025-12-12 07:56:17] [generate_cnf] Generating formula intel004 with K=171
[2025-12-12 07:56:18] [run_formula] Running formula intel004 with K=171 up to limit 1600
[2025-12-12 07:56:20] [generate_cnf] Generating formula intel004 with K=172
[2025-12-12 07:56:21] [run_formula] Running formula intel004 with K=172 up to limit 1600
[2025-12-12 07:56:24] [generate_cnf] Generating formula intel004 with K=173
[2025-12-12 07:56:24] [run_formula] Running formula intel004 with K=173 up to limit 1600
[2025-12-12 07:56:26] [generate_cnf] Generating formula intel004 with K=174
[2025-12-12 07:56:26] [run_formula] Running formula intel004 with K=174 up to limit 1600
[2025-12-12 07:56:28] [generate_cnf] Generating formula intel004 with K=175
[2025-12-12 07:56:29] [run_formula] Running formula intel004 with K=175 up to limit 1600
[2025-12-12 07:56:31] [generate_cnf] Generating formula intel004 with K=176
[2025-12-12 07:56:31] [run_formula] Running formula intel004 with K=176 up to limit 1600
[2025-12-12 07:56:34] [generate_cnf] Generating formula intel004 with K=177
[2025-12-12 07:56:34] [run_formula] Running formula intel004 with K=177 up to limit 1600
[2025-12-12 07:56:37] [generate_cnf] Generating formula intel004 with K=178
[2025-12-12 07:56:37] [run_formula] Running formula intel004 with K=178 up to limit 1600
[2025-12-12 07:56:39] [generate_cnf] Generating formula intel004 with K=179
[2025-12-12 07:56:40] [run_formula] Running formula intel004 with K=179 up to limit 1600
[2025-12-12 07:56:42] [generate_cnf] Generating formula intel004 with K=180
[2025-12-12 07:56:43] [run_formula] Running formula intel004 with K=180 up to limit 1600
[2025-12-12 07:56:45] [generate_cnf] Generating formula intel004 with K=181
[2025-12-12 07:56:45] [run_formula] Running formula intel004 with K=181 up to limit 1600
[2025-12-12 07:56:48] [generate_cnf] Generating formula intel004 with K=182
[2025-12-12 07:56:49] [run_formula] Running formula intel004 with K=182 up to limit 1600
[2025-12-12 07:56:51] [generate_cnf] Generating formula intel004 with K=183
[2025-12-12 07:56:51] [run_formula] Running formula intel004 with K=183 up to limit 1600
[2025-12-12 07:56:55] [generate_cnf] Generating formula intel004 with K=184
[2025-12-12 07:56:55] [run_formula] Running formula intel004 with K=184 up to limit 1600
[2025-12-12 07:56:58] [generate_cnf] Generating formula intel004 with K=185
[2025-12-12 07:56:58] [run_formula] Running formula intel004 with K=185 up to limit 1600
[2025-12-12 07:57:00] [generate_cnf] Generating formula intel004 with K=186
[2025-12-12 07:57:01] [run_formula] Running formula intel004 with K=186 up to limit 1600
[2025-12-12 07:57:04] [generate_cnf] Generating formula intel004 with K=187
[2025-12-12 07:57:04] [run_formula] Running formula intel004 with K=187 up to limit 1600
[2025-12-12 07:57:06] [generate_cnf] Generating formula intel004 with K=188
[2025-12-12 07:57:07] [run_formula] Running formula intel004 with K=188 up to limit 1600
[2025-12-12 07:57:10] [generate_cnf] Generating formula intel004 with K=189
[2025-12-12 07:57:10] [run_formula] Running formula intel004 with K=189 up to limit 1600
[2025-12-12 07:57:14] [generate_cnf] Generating formula intel004 with K=190
[2025-12-12 07:57:14] [run_formula] Running formula intel004 with K=190 up to limit 1600
[2025-12-12 07:57:17] [generate_cnf] Generating formula intel004 with K=191
[2025-12-12 07:57:18] [run_formula] Running formula intel004 with K=191 up to limit 1600
[2025-12-12 07:57:21] [generate_cnf] Generating formula intel004 with K=192
[2025-12-12 07:57:22] [run_formula] Running formula intel004 with K=192 up to limit 1600
[2025-12-12 07:57:25] [generate_cnf] Generating formula intel004 with K=193
[2025-12-12 07:57:25] [run_formula] Running formula intel004 with K=193 up to limit 1600
[2025-12-12 07:57:29] [generate_cnf] Generating formula intel004 with K=194
[2025-12-12 07:57:29] [run_formula] Running formula intel004 with K=194 up to limit 1600
[2025-12-12 07:57:32] [generate_cnf] Generating formula intel004 with K=195
[2025-12-12 07:57:32] [run_formula] Running formula intel004 with K=195 up to limit 1600
[2025-12-12 07:57:36] [generate_cnf] Generating formula intel004 with K=196
[2025-12-12 07:57:37] [run_formula] Running formula intel004 with K=196 up to limit 1600
[2025-12-12 07:57:40] [generate_cnf] Generating formula intel004 with K=197
[2025-12-12 07:57:41] [run_formula] Running formula intel004 with K=197 up to limit 1600
[2025-12-12 07:57:45] [generate_cnf] Generating formula intel004 with K=198
[2025-12-12 07:57:45] [run_formula] Running formula intel004 with K=198 up to limit 1600
[2025-12-12 07:57:49] [generate_cnf] Generating formula intel004 with K=199
[2025-12-12 07:57:49] [run_formula] Running formula intel004 with K=199 up to limit 1600
[2025-12-12 07:57:53] [generate_cnf] Generating formula intel004 with K=200
[2025-12-12 07:57:53] [run_formula] Running formula intel004 with K=200 up to limit 1600
[2025-12-12 07:57:56] [generate_cnf] Generating formula intel004 with K=201
[2025-12-12 07:57:57] [run_formula] Running formula intel004 with K=201 up to limit 1600
[2025-12-12 07:57:59] [generate_cnf] Generating formula intel004 with K=202
[2025-12-12 07:57:59] [run_formula] Running formula intel004 with K=202 up to limit 1600
[2025-12-12 07:58:03] [generate_cnf] Generating formula intel004 with K=203
[2025-12-12 07:58:03] [run_formula] Running formula intel004 with K=203 up to limit 1600
[2025-12-12 07:58:07] [generate_cnf] Generating formula intel004 with K=204
[2025-12-12 07:58:07] [run_formula] Running formula intel004 with K=204 up to limit 1600
[2025-12-12 07:58:11] [generate_cnf] Generating formula intel004 with K=205
[2025-12-12 07:58:11] [run_formula] Running formula intel004 with K=205 up to limit 1600
[2025-12-12 07:58:15] [generate_cnf] Generating formula intel004 with K=206
[2025-12-12 07:58:15] [run_formula] Running formula intel004 with K=206 up to limit 1600
[2025-12-12 07:58:19] [generate_cnf] Generating formula intel004 with K=207
[2025-12-12 07:58:19] [run_formula] Running formula intel004 with K=207 up to limit 1600
[2025-12-12 07:58:24] [generate_cnf] Generating formula intel004 with K=208
[2025-12-12 07:58:24] [run_formula] Running formula intel004 with K=208 up to limit 1600
[2025-12-12 07:58:28] [generate_cnf] Generating formula intel004 with K=209
[2025-12-12 07:58:28] [run_formula] Running formula intel004 with K=209 up to limit 1600
[2025-12-12 07:58:33] [generate_cnf] Generating formula intel004 with K=210
[2025-12-12 07:58:34] [run_formula] Running formula intel004 with K=210 up to limit 1600
[2025-12-12 07:58:37] [generate_cnf] Generating formula intel004 with K=211
[2025-12-12 07:58:37] [run_formula] Running formula intel004 with K=211 up to limit 1600
[2025-12-12 07:58:42] [generate_cnf] Generating formula intel004 with K=212
[2025-12-12 07:58:43] [run_formula] Running formula intel004 with K=212 up to limit 1600
[2025-12-12 07:58:47] [generate_cnf] Generating formula intel004 with K=213
[2025-12-12 07:58:47] [run_formula] Running formula intel004 with K=213 up to limit 1600
[2025-12-12 07:58:51] [generate_cnf] Generating formula intel004 with K=214
[2025-12-12 07:58:51] [run_formula] Running formula intel004 with K=214 up to limit 1600
[2025-12-12 07:58:55] [generate_cnf] Generating formula intel004 with K=215
[2025-12-12 07:58:55] [run_formula] Running formula intel004 with K=215 up to limit 1600
[2025-12-12 07:58:59] [generate_cnf] Generating formula intel004 with K=216
[2025-12-12 07:59:00] [run_formula] Running formula intel004 with K=216 up to limit 1600
[2025-12-12 07:59:04] [generate_cnf] Generating formula intel004 with K=217
[2025-12-12 07:59:05] [run_formula] Running formula intel004 with K=217 up to limit 1600
[2025-12-12 07:59:09] [generate_cnf] Generating formula intel004 with K=218
[2025-12-12 07:59:10] [run_formula] Running formula intel004 with K=218 up to limit 1600
[2025-12-12 07:59:12] [generate_cnf] Generating formula intel004 with K=219
[2025-12-12 07:59:13] [run_formula] Running formula intel004 with K=219 up to limit 1600
[2025-12-12 07:59:17] [generate_cnf] Generating formula intel004 with K=220
[2025-12-12 07:59:17] [run_formula] Running formula intel004 with K=220 up to limit 1600
[2025-12-12 07:59:21] [generate_cnf] Generating formula intel004 with K=221
[2025-12-12 07:59:22] [run_formula] Running formula intel004 with K=221 up to limit 1600
[2025-12-12 07:59:27] [generate_cnf] Generating formula intel004 with K=222
[2025-12-12 07:59:27] [run_formula] Running formula intel004 with K=222 up to limit 1600
[2025-12-12 07:59:30] [generate_cnf] Generating formula intel004 with K=223
[2025-12-12 07:59:30] [run_formula] Running formula intel004 with K=223 up to limit 1600
[2025-12-12 07:59:35] [generate_cnf] Generating formula intel004 with K=224
[2025-12-12 07:59:36] [run_formula] Running formula intel004 with K=224 up to limit 1600
[2025-12-12 07:59:39] [generate_cnf] Generating formula intel004 with K=225
[2025-12-12 07:59:40] [run_formula] Running formula intel004 with K=225 up to limit 1600
[2025-12-12 07:59:44] [generate_cnf] Generating formula intel004 with K=226
[2025-12-12 07:59:45] [run_formula] Running formula intel004 with K=226 up to limit 1600
[2025-12-12 07:59:49] [generate_cnf] Generating formula intel004 with K=227
[2025-12-12 07:59:49] [run_formula] Running formula intel004 with K=227 up to limit 1600
[2025-12-12 07:59:54] [generate_cnf] Generating formula intel004 with K=228
[2025-12-12 07:59:55] [run_formula] Running formula intel004 with K=228 up to limit 1600
[2025-12-12 07:59:58] [generate_cnf] Generating formula intel004 with K=229
[2025-12-12 07:59:58] [run_formula] Running formula intel004 with K=229 up to limit 1600
[2025-12-12 08:00:06] [generate_cnf] Generating formula intel004 with K=230
[2025-12-12 08:00:07] [run_formula] Running formula intel004 with K=230 up to limit 1600
[2025-12-12 08:00:11] [generate_cnf] Generating formula intel004 with K=231
[2025-12-12 08:00:11] [run_formula] Running formula intel004 with K=231 up to limit 1600
[2025-12-12 08:00:17] [generate_cnf] Generating formula intel004 with K=232
[2025-12-12 08:00:18] [run_formula] Running formula intel004 with K=232 up to limit 1600
[2025-12-12 08:00:24] [generate_cnf] Generating formula intel004 with K=233
[2025-12-12 08:00:24] [run_formula] Running formula intel004 with K=233 up to limit 1600
[2025-12-12 08:00:30] [generate_cnf] Generating formula intel004 with K=234
[2025-12-12 08:00:30] [run_formula] Running formula intel004 with K=234 up to limit 1600
[2025-12-12 08:00:34] [generate_cnf] Generating formula intel004 with K=235
[2025-12-12 08:00:35] [run_formula] Running formula intel004 with K=235 up to limit 1600
[2025-12-12 08:00:39] [generate_cnf] Generating formula intel004 with K=236
[2025-12-12 08:00:39] [run_formula] Running formula intel004 with K=236 up to limit 1600
[2025-12-12 08:00:43] [generate_cnf] Generating formula intel004 with K=237
[2025-12-12 08:00:44] [run_formula] Running formula intel004 with K=237 up to limit 1600
[2025-12-12 08:00:50] [generate_cnf] Generating formula intel004 with K=238
[2025-12-12 08:00:50] [run_formula] Running formula intel004 with K=238 up to limit 1600
[2025-12-12 08:00:55] [generate_cnf] Generating formula intel004 with K=239
[2025-12-12 08:00:55] [run_formula] Running formula intel004 with K=239 up to limit 1600
[2025-12-12 08:01:01] [generate_cnf] Generating formula intel004 with K=240
[2025-12-12 08:01:01] [run_formula] Running formula intel004 with K=240 up to limit 1600
[2025-12-12 08:01:06] [generate_cnf] Generating formula intel004 with K=241
[2025-12-12 08:01:07] [run_formula] Running formula intel004 with K=241 up to limit 1600
[2025-12-12 08:01:14] [generate_cnf] Generating formula intel004 with K=242
[2025-12-12 08:01:14] [run_formula] Running formula intel004 with K=242 up to limit 1600
[2025-12-12 08:01:19] [generate_cnf] Generating formula intel004 with K=243
[2025-12-12 08:01:20] [run_formula] Running formula intel004 with K=243 up to limit 1600
[2025-12-12 08:01:25] [generate_cnf] Generating formula intel004 with K=244
[2025-12-12 08:01:25] [run_formula] Running formula intel004 with K=244 up to limit 1600
[2025-12-12 08:01:30] [generate_cnf] Generating formula intel004 with K=245
[2025-12-12 08:01:30] [run_formula] Running formula intel004 with K=245 up to limit 1600
[2025-12-12 08:01:36] [generate_cnf] Generating formula intel004 with K=246
[2025-12-12 08:01:36] [run_formula] Running formula intel004 with K=246 up to limit 1600
[2025-12-12 08:01:41] [generate_cnf] Generating formula intel004 with K=247
[2025-12-12 08:01:42] [run_formula] Running formula intel004 with K=247 up to limit 1600
[2025-12-12 08:01:48] [generate_cnf] Generating formula intel004 with K=248
[2025-12-12 08:01:48] [run_formula] Running formula intel004 with K=248 up to limit 1600
[2025-12-12 08:01:54] [generate_cnf] Generating formula intel004 with K=249
[2025-12-12 08:01:55] [run_formula] Running formula intel004 with K=249 up to limit 1600
[2025-12-12 08:02:01] [generate_cnf] Generating formula intel004 with K=250
[2025-12-12 08:02:01] [run_formula] Running formula intel004 with K=250 up to limit 1600
[2025-12-12 08:02:08] [generate_cnf] Generating formula intel004 with K=251
[2025-12-12 08:02:08] [run_formula] Running formula intel004 with K=251 up to limit 1600
[2025-12-12 08:02:14] [generate_cnf] Generating formula intel004 with K=252
[2025-12-12 08:02:15] [run_formula] Running formula intel004 with K=252 up to limit 1600
[2025-12-12 08:02:20] [generate_cnf] Generating formula intel004 with K=253
[2025-12-12 08:02:20] [run_formula] Running formula intel004 with K=253 up to limit 1600
[2025-12-12 08:02:27] [generate_cnf] Generating formula intel004 with K=254
[2025-12-12 08:02:27] [run_formula] Running formula intel004 with K=254 up to limit 1600
[2025-12-12 08:02:33] [generate_cnf] Generating formula intel004 with K=255
[2025-12-12 08:02:33] [run_formula] Running formula intel004 with K=255 up to limit 1600
[2025-12-12 08:02:40] [generate_cnf] Generating formula intel004 with K=256
[2025-12-12 08:02:40] [run_formula] Running formula intel004 with K=256 up to limit 1600
[2025-12-12 08:02:47] [generate_cnf] Generating formula intel004 with K=257
[2025-12-12 08:02:47] [run_formula] Running formula intel004 with K=257 up to limit 1600
[2025-12-12 08:02:54] [generate_cnf] Generating formula intel004 with K=258
[2025-12-12 08:02:54] [run_formula] Running formula intel004 with K=258 up to limit 1600
[2025-12-12 08:03:01] [generate_cnf] Generating formula intel004 with K=259
[2025-12-12 08:03:02] [run_formula] Running formula intel004 with K=259 up to limit 1600
[2025-12-12 08:03:08] [generate_cnf] Generating formula intel004 with K=260
[2025-12-12 08:03:09] [run_formula] Running formula intel004 with K=260 up to limit 1600
[2025-12-12 08:03:14] [generate_cnf] Generating formula intel004 with K=261
[2025-12-12 08:03:14] [run_formula] Running formula intel004 with K=261 up to limit 1600
[2025-12-12 08:03:22] [generate_cnf] Generating formula intel004 with K=262
[2025-12-12 08:03:22] [run_formula] Running formula intel004 with K=262 up to limit 1600
[2025-12-12 08:03:27] [generate_cnf] Generating formula intel004 with K=263
[2025-12-12 08:03:28] [run_formula] Running formula intel004 with K=263 up to limit 1600
[2025-12-12 08:03:34] [generate_cnf] Generating formula intel004 with K=264
[2025-12-12 08:03:35] [run_formula] Running formula intel004 with K=264 up to limit 1600
[2025-12-12 08:03:40] [generate_cnf] Generating formula intel004 with K=265
[2025-12-12 08:03:40] [run_formula] Running formula intel004 with K=265 up to limit 1600
[2025-12-12 08:03:47] [generate_cnf] Generating formula intel004 with K=266
[2025-12-12 08:03:48] [run_formula] Running formula intel004 with K=266 up to limit 1600
[2025-12-12 08:03:53] [generate_cnf] Generating formula intel004 with K=267
[2025-12-12 08:03:54] [run_formula] Running formula intel004 with K=267 up to limit 1600
[2025-12-12 08:04:02] [generate_cnf] Generating formula intel004 with K=268
[2025-12-12 08:04:03] [run_formula] Running formula intel004 with K=268 up to limit 1600
[2025-12-12 08:04:09] [generate_cnf] Generating formula intel004 with K=269
[2025-12-12 08:04:09] [run_formula] Running formula intel004 with K=269 up to limit 1600
[2025-12-12 08:04:17] [generate_cnf] Generating formula intel004 with K=270
[2025-12-12 08:04:18] [run_formula] Running formula intel004 with K=270 up to limit 1600
[2025-12-12 08:04:24] [generate_cnf] Generating formula intel004 with K=271
[2025-12-12 08:04:25] [run_formula] Running formula intel004 with K=271 up to limit 1600
[2025-12-12 08:04:32] [generate_cnf] Generating formula intel004 with K=272
[2025-12-12 08:04:32] [run_formula] Running formula intel004 with K=272 up to limit 1600
[2025-12-12 08:04:40] [generate_cnf] Generating formula intel004 with K=273
[2025-12-12 08:04:40] [run_formula] Running formula intel004 with K=273 up to limit 1600
[2025-12-12 08:04:46] [generate_cnf] Generating formula intel004 with K=274
[2025-12-12 08:04:47] [run_formula] Running formula intel004 with K=274 up to limit 1600
[2025-12-12 08:04:54] [generate_cnf] Generating formula intel004 with K=275
[2025-12-12 08:04:55] [run_formula] Running formula intel004 with K=275 up to limit 1600
[2025-12-12 08:05:01] [generate_cnf] Generating formula intel004 with K=276
[2025-12-12 08:05:02] [run_formula] Running formula intel004 with K=276 up to limit 1600
[2025-12-12 08:05:10] [generate_cnf] Generating formula intel004 with K=277
[2025-12-12 08:05:11] [run_formula] Running formula intel004 with K=277 up to limit 1600
[2025-12-12 08:05:17] [generate_cnf] Generating formula intel004 with K=278
[2025-12-12 08:05:18] [run_formula] Running formula intel004 with K=278 up to limit 1600
[2025-12-12 08:05:24] [generate_cnf] Generating formula intel004 with K=279
[2025-12-12 08:05:24] [run_formula] Running formula intel004 with K=279 up to limit 1600
[2025-12-12 08:05:31] [generate_cnf] Generating formula intel004 with K=280
[2025-12-12 08:05:32] [run_formula] Running formula intel004 with K=280 up to limit 1600
[2025-12-12 08:05:40] [generate_cnf] Generating formula intel004 with K=281
[2025-12-12 08:05:40] [run_formula] Running formula intel004 with K=281 up to limit 1600
[2025-12-12 08:05:47] [generate_cnf] Generating formula intel004 with K=282
[2025-12-12 08:05:48] [run_formula] Running formula intel004 with K=282 up to limit 1600
[2025-12-12 08:05:54] [generate_cnf] Generating formula intel004 with K=283
[2025-12-12 08:05:54] [run_formula] Running formula intel004 with K=283 up to limit 1600
[2025-12-12 08:06:02] [generate_cnf] Generating formula intel004 with K=284
[2025-12-12 08:06:02] [run_formula] Running formula intel004 with K=284 up to limit 1600
[2025-12-12 08:06:09] [generate_cnf] Generating formula intel004 with K=285
[2025-12-12 08:06:09] [run_formula] Running formula intel004 with K=285 up to limit 1600
[2025-12-12 08:06:18] [generate_cnf] Generating formula intel004 with K=286
[2025-12-12 08:06:19] [run_formula] Running formula intel004 with K=286 up to limit 1600
[2025-12-12 08:06:26] [generate_cnf] Generating formula intel004 with K=287
[2025-12-12 08:06:26] [run_formula] Running formula intel004 with K=287 up to limit 1600
[2025-12-12 08:06:34] [generate_cnf] Generating formula intel004 with K=288
[2025-12-12 08:06:34] [run_formula] Running formula intel004 with K=288 up to limit 1600
[2025-12-12 08:06:40] [generate_cnf] Generating formula intel004 with K=289
[2025-12-12 08:06:41] [run_formula] Running formula intel004 with K=289 up to limit 1600
[2025-12-12 08:06:47] [generate_cnf] Generating formula intel004 with K=290
[2025-12-12 08:06:48] [run_formula] Running formula intel004 with K=290 up to limit 1600
[2025-12-12 08:06:53] [generate_cnf] Generating formula intel004 with K=291
[2025-12-12 08:06:54] [run_formula] Running formula intel004 with K=291 up to limit 1600
[2025-12-12 08:07:01] [generate_cnf] Generating formula intel004 with K=292
[2025-12-12 08:07:01] [run_formula] Running formula intel004 with K=292 up to limit 1600
[2025-12-12 08:07:08] [generate_cnf] Generating formula intel004 with K=293
[2025-12-12 08:07:08] [run_formula] Running formula intel004 with K=293 up to limit 1600
[2025-12-12 08:07:16] [generate_cnf] Generating formula intel004 with K=294
[2025-12-12 08:07:17] [run_formula] Running formula intel004 with K=294 up to limit 1600
[2025-12-12 08:07:25] [generate_cnf] Generating formula intel004 with K=295
[2025-12-12 08:07:26] [run_formula] Running formula intel004 with K=295 up to limit 1600
[2025-12-12 08:07:33] [generate_cnf] Generating formula intel004 with K=296
[2025-12-12 08:07:34] [run_formula] Running formula intel004 with K=296 up to limit 1600
[2025-12-12 08:07:40] [generate_cnf] Generating formula intel004 with K=297
[2025-12-12 08:07:41] [run_formula] Running formula intel004 with K=297 up to limit 1600
[2025-12-12 08:07:48] [generate_cnf] Generating formula intel004 with K=298
[2025-12-12 08:07:49] [run_formula] Running formula intel004 with K=298 up to limit 1600
[2025-12-12 08:07:55] [generate_cnf] Generating formula intel004 with K=299
[2025-12-12 08:07:56] [run_formula] Running formula intel004 with K=299 up to limit 1600
[2025-12-12 08:08:04] [generate_cnf] Generating formula intel004 with K=300
[2025-12-12 08:08:05] [run_formula] Running formula intel004 with K=300 up to limit 1600
[2025-12-12 08:08:12] [generate_cnf] Generating formula intel004 with K=301
[2025-12-12 08:08:12] [run_formula] Running formula intel004 with K=301 up to limit 1600
[2025-12-12 08:08:20] [generate_cnf] Generating formula intel004 with K=302
[2025-12-12 08:08:20] [run_formula] Running formula intel004 with K=302 up to limit 1600
[2025-12-12 08:08:28] [generate_cnf] Generating formula intel004 with K=303
[2025-12-12 08:08:28] [run_formula] Running formula intel004 with K=303 up to limit 1600
[2025-12-12 08:08:36] [generate_cnf] Generating formula intel004 with K=304
[2025-12-12 08:08:36] [run_formula] Running formula intel004 with K=304 up to limit 1600
[2025-12-12 08:08:44] [generate_cnf] Generating formula intel004 with K=305
[2025-12-12 08:08:44] [run_formula] Running formula intel004 with K=305 up to limit 1600
[2025-12-12 08:08:51] [generate_cnf] Generating formula intel004 with K=306
[2025-12-12 08:08:52] [run_formula] Running formula intel004 with K=306 up to limit 1600
[2025-12-12 08:08:59] [generate_cnf] Generating formula intel004 with K=307
[2025-12-12 08:09:00] [run_formula] Running formula intel004 with K=307 up to limit 1600
[2025-12-12 08:09:07] [generate_cnf] Generating formula intel004 with K=308
[2025-12-12 08:09:07] [run_formula] Running formula intel004 with K=308 up to limit 1600
[2025-12-12 08:09:15] [generate_cnf] Generating formula intel004 with K=309
[2025-12-12 08:09:15] [run_formula] Running formula intel004 with K=309 up to limit 1600
[2025-12-12 08:09:23] [generate_cnf] Generating formula intel004 with K=310
[2025-12-12 08:09:23] [run_formula] Running formula intel004 with K=310 up to limit 1600
[2025-12-12 08:09:31] [generate_cnf] Generating formula intel004 with K=311
[2025-12-12 08:09:31] [run_formula] Running formula intel004 with K=311 up to limit 1600
[2025-12-12 08:09:39] [generate_cnf] Generating formula intel004 with K=312
[2025-12-12 08:09:39] [run_formula] Running formula intel004 with K=312 up to limit 1600
[2025-12-12 08:09:46] [generate_cnf] Generating formula intel004 with K=313
[2025-12-12 08:09:46] [run_formula] Running formula intel004 with K=313 up to limit 1600
[2025-12-12 08:09:57] [generate_cnf] Generating formula intel004 with K=314
[2025-12-12 08:09:57] [run_formula] Running formula intel004 with K=314 up to limit 1600
[2025-12-12 08:10:04] [generate_cnf] Generating formula intel004 with K=315
[2025-12-12 08:10:05] [run_formula] Running formula intel004 with K=315 up to limit 1600
[2025-12-12 08:10:15] [generate_cnf] Generating formula intel004 with K=316
[2025-12-12 08:10:15] [run_formula] Running formula intel004 with K=316 up to limit 1600
[2025-12-12 08:10:24] [generate_cnf] Generating formula intel004 with K=317
[2025-12-12 08:10:24] [run_formula] Running formula intel004 with K=317 up to limit 1600
[2025-12-12 08:10:37] [generate_cnf] Generating formula intel004 with K=318
[2025-12-12 08:10:37] [run_formula] Running formula intel004 with K=318 up to limit 1600
[2025-12-12 08:10:45] [generate_cnf] Generating formula intel004 with K=319
[2025-12-12 08:10:45] [run_formula] Running formula intel004 with K=319 up to limit 1600
[2025-12-12 08:10:55] [generate_cnf] Generating formula intel004 with K=320
[2025-12-12 08:10:55] [run_formula] Running formula intel004 with K=320 up to limit 1600
[2025-12-12 08:11:04] [generate_cnf] Generating formula intel004 with K=321
[2025-12-12 08:11:04] [run_formula] Running formula intel004 with K=321 up to limit 1600
[2025-12-12 08:11:12] [generate_cnf] Generating formula intel004 with K=322
[2025-12-12 08:11:13] [run_formula] Running formula intel004 with K=322 up to limit 1600
[2025-12-12 08:11:21] [generate_cnf] Generating formula intel004 with K=323
[2025-12-12 08:11:21] [run_formula] Running formula intel004 with K=323 up to limit 1600
[2025-12-12 08:11:31] [generate_cnf] Generating formula intel004 with K=324
[2025-12-12 08:11:31] [run_formula] Running formula intel004 with K=324 up to limit 1600
[2025-12-12 08:11:39] [generate_cnf] Generating formula intel004 with K=325
[2025-12-12 08:11:40] [run_formula] Running formula intel004 with K=325 up to limit 1600
[2025-12-12 08:11:48] [generate_cnf] Generating formula intel004 with K=326
[2025-12-12 08:11:49] [run_formula] Running formula intel004 with K=326 up to limit 1600
[2025-12-12 08:11:57] [generate_cnf] Generating formula intel004 with K=327
[2025-12-12 08:11:58] [run_formula] Running formula intel004 with K=327 up to limit 1600
[2025-12-12 08:12:07] [generate_cnf] Generating formula intel004 with K=328
[2025-12-12 08:12:07] [run_formula] Running formula intel004 with K=328 up to limit 1600
[2025-12-12 08:12:17] [generate_cnf] Generating formula intel004 with K=329
[2025-12-12 08:12:17] [run_formula] Running formula intel004 with K=329 up to limit 1600
[2025-12-12 08:12:26] [generate_cnf] Generating formula intel004 with K=330
[2025-12-12 08:12:26] [run_formula] Running formula intel004 with K=330 up to limit 1600
[2025-12-12 08:12:35] [generate_cnf] Generating formula intel004 with K=331
[2025-12-12 08:12:35] [run_formula] Running formula intel004 with K=331 up to limit 1600
[2025-12-12 08:12:44] [generate_cnf] Generating formula intel004 with K=332
[2025-12-12 08:12:44] [run_formula] Running formula intel004 with K=332 up to limit 1600
[2025-12-12 08:12:53] [generate_cnf] Generating formula intel004 with K=333
[2025-12-12 08:12:54] [run_formula] Running formula intel004 with K=333 up to limit 1600
[2025-12-12 08:13:01] [generate_cnf] Generating formula intel004 with K=334
[2025-12-12 08:13:02] [run_formula] Running formula intel004 with K=334 up to limit 1600
[2025-12-12 08:13:10] [generate_cnf] Generating formula intel004 with K=335
[2025-12-12 08:13:10] [run_formula] Running formula intel004 with K=335 up to limit 1600
[2025-12-12 08:13:19] [generate_cnf] Generating formula intel004 with K=336
[2025-12-12 08:13:20] [run_formula] Running formula intel004 with K=336 up to limit 1600
[2025-12-12 08:13:29] [generate_cnf] Generating formula intel004 with K=337
[2025-12-12 08:13:29] [run_formula] Running formula intel004 with K=337 up to limit 1600
[2025-12-12 08:13:38] [generate_cnf] Generating formula intel004 with K=338
[2025-12-12 08:13:38] [run_formula] Running formula intel004 with K=338 up to limit 1600
[2025-12-12 08:13:46] [generate_cnf] Generating formula intel004 with K=339
[2025-12-12 08:13:46] [run_formula] Running formula intel004 with K=339 up to limit 1600
[2025-12-12 08:13:55] [generate_cnf] Generating formula intel004 with K=340
[2025-12-12 08:13:56] [run_formula] Running formula intel004 with K=340 up to limit 1600
[2025-12-12 08:14:05] [generate_cnf] Generating formula intel004 with K=341
[2025-12-12 08:14:05] [run_formula] Running formula intel004 with K=341 up to limit 1600
[2025-12-12 08:14:14] [generate_cnf] Generating formula intel004 with K=342
[2025-12-12 08:14:14] [run_formula] Running formula intel004 with K=342 up to limit 1600
[2025-12-12 08:14:22] [generate_cnf] Generating formula intel004 with K=343
[2025-12-12 08:14:22] [run_formula] Running formula intel004 with K=343 up to limit 1600
[2025-12-12 08:14:31] [generate_cnf] Generating formula intel004 with K=344
[2025-12-12 08:14:31] [run_formula] Running formula intel004 with K=344 up to limit 1600
[2025-12-12 08:14:39] [generate_cnf] Generating formula intel004 with K=345
[2025-12-12 08:14:40] [run_formula] Running formula intel004 with K=345 up to limit 1600
[2025-12-12 08:14:49] [generate_cnf] Generating formula intel004 with K=346
[2025-12-12 08:14:49] [run_formula] Running formula intel004 with K=346 up to limit 1600
[2025-12-12 08:14:58] [generate_cnf] Generating formula intel004 with K=347
[2025-12-12 08:14:58] [run_formula] Running formula intel004 with K=347 up to limit 1600
[2025-12-12 08:15:06] [generate_cnf] Generating formula intel004 with K=348
[2025-12-12 08:15:07] [run_formula] Running formula intel004 with K=348 up to limit 1600
[2025-12-12 08:15:15] [generate_cnf] Generating formula intel004 with K=349
[2025-12-12 08:15:15] [run_formula] Running formula intel004 with K=349 up to limit 1600
[2025-12-12 08:15:24] [generate_cnf] Generating formula intel004 with K=350
[2025-12-12 08:15:25] [run_formula] Running formula intel004 with K=350 up to limit 1600
[2025-12-12 08:15:34] [generate_cnf] Generating formula intel004 with K=351
[2025-12-12 08:15:35] [run_formula] Running formula intel004 with K=351 up to limit 1600
[2025-12-12 08:15:44] [generate_cnf] Generating formula intel004 with K=352
[2025-12-12 08:15:45] [run_formula] Running formula intel004 with K=352 up to limit 1600
[2025-12-12 08:15:54] [generate_cnf] Generating formula intel004 with K=353
[2025-12-12 08:15:54] [run_formula] Running formula intel004 with K=353 up to limit 1600
[2025-12-12 08:16:05] [generate_cnf] Generating formula intel004 with K=354
[2025-12-12 08:16:06] [run_formula] Running formula intel004 with K=354 up to limit 1600
[2025-12-12 08:16:15] [generate_cnf] Generating formula intel004 with K=355
[2025-12-12 08:16:16] [run_formula] Running formula intel004 with K=355 up to limit 1600
[2025-12-12 08:16:25] [generate_cnf] Generating formula intel004 with K=356
[2025-12-12 08:16:25] [run_formula] Running formula intel004 with K=356 up to limit 1600
[2025-12-12 08:16:34] [generate_cnf] Generating formula intel004 with K=357
[2025-12-12 08:16:35] [run_formula] Running formula intel004 with K=357 up to limit 1600
[2025-12-12 08:16:45] [generate_cnf] Generating formula intel004 with K=358
[2025-12-12 08:16:45] [run_formula] Running formula intel004 with K=358 up to limit 1600
[2025-12-12 08:16:54] [generate_cnf] Generating formula intel004 with K=359
[2025-12-12 08:16:54] [run_formula] Running formula intel004 with K=359 up to limit 1600
[2025-12-12 08:17:05] [generate_cnf] Generating formula intel004 with K=360
[2025-12-12 08:17:05] [run_formula] Running formula intel004 with K=360 up to limit 1600
[2025-12-12 08:17:17] [generate_cnf] Generating formula intel004 with K=361
[2025-12-12 08:17:17] [run_formula] Running formula intel004 with K=361 up to limit 1600
[2025-12-12 08:17:27] [generate_cnf] Generating formula intel004 with K=362
[2025-12-12 08:17:28] [run_formula] Running formula intel004 with K=362 up to limit 1600
[2025-12-12 08:17:36] [generate_cnf] Generating formula intel004 with K=363
[2025-12-12 08:17:36] [run_formula] Running formula intel004 with K=363 up to limit 1600
[2025-12-12 08:17:45] [generate_cnf] Generating formula intel004 with K=364
[2025-12-12 08:17:46] [run_formula] Running formula intel004 with K=364 up to limit 1600
[2025-12-12 08:17:55] [generate_cnf] Generating formula intel004 with K=365
[2025-12-12 08:17:56] [run_formula] Running formula intel004 with K=365 up to limit 1600
[2025-12-12 08:18:05] [generate_cnf] Generating formula intel004 with K=366
[2025-12-12 08:18:05] [run_formula] Running formula intel004 with K=366 up to limit 1600
[2025-12-12 08:18:16] [generate_cnf] Generating formula intel004 with K=367
[2025-12-12 08:18:17] [run_formula] Running formula intel004 with K=367 up to limit 1600
[2025-12-12 08:18:30] [generate_cnf] Generating formula intel004 with K=368
[2025-12-12 08:18:30] [run_formula] Running formula intel004 with K=368 up to limit 1600
[2025-12-12 08:18:40] [generate_cnf] Generating formula intel004 with K=369
[2025-12-12 08:18:41] [run_formula] Running formula intel004 with K=369 up to limit 1600
[2025-12-12 08:18:53] [generate_cnf] Generating formula intel004 with K=370
[2025-12-12 08:18:54] [run_formula] Running formula intel004 with K=370 up to limit 1600
[2025-12-12 08:19:04] [generate_cnf] Generating formula intel004 with K=371
[2025-12-12 08:19:05] [run_formula] Running formula intel004 with K=371 up to limit 1600
[2025-12-12 08:19:15] [generate_cnf] Generating formula intel004 with K=372
[2025-12-12 08:19:16] [run_formula] Running formula intel004 with K=372 up to limit 1600
[2025-12-12 08:19:26] [generate_cnf] Generating formula intel004 with K=373
[2025-12-12 08:19:26] [run_formula] Running formula intel004 with K=373 up to limit 1600
[2025-12-12 08:19:37] [generate_cnf] Generating formula intel004 with K=374
[2025-12-12 08:19:37] [run_formula] Running formula intel004 with K=374 up to limit 1600
[2025-12-12 08:19:46] [generate_cnf] Generating formula intel004 with K=375
[2025-12-12 08:19:46] [run_formula] Running formula intel004 with K=375 up to limit 1600
[2025-12-12 08:19:58] [generate_cnf] Generating formula intel004 with K=376
[2025-12-12 08:19:58] [run_formula] Running formula intel004 with K=376 up to limit 1600
[2025-12-12 08:20:09] [generate_cnf] Generating formula intel004 with K=377
[2025-12-12 08:20:09] [run_formula] Running formula intel004 with K=377 up to limit 1600
[2025-12-12 08:20:19] [generate_cnf] Generating formula intel004 with K=378
[2025-12-12 08:20:19] [run_formula] Running formula intel004 with K=378 up to limit 1600
[2025-12-12 08:20:31] [generate_cnf] Generating formula intel004 with K=379
[2025-12-12 08:20:32] [run_formula] Running formula intel004 with K=379 up to limit 1600
[2025-12-12 08:20:42] [generate_cnf] Generating formula intel004 with K=380
[2025-12-12 08:20:43] [run_formula] Running formula intel004 with K=380 up to limit 1600
[2025-12-12 08:20:53] [generate_cnf] Generating formula intel004 with K=381
[2025-12-12 08:20:53] [run_formula] Running formula intel004 with K=381 up to limit 1600
[2025-12-12 08:21:05] [generate_cnf] Generating formula intel004 with K=382
[2025-12-12 08:21:06] [run_formula] Running formula intel004 with K=382 up to limit 1600
[2025-12-12 08:21:16] [generate_cnf] Generating formula intel004 with K=383
[2025-12-12 08:21:17] [run_formula] Running formula intel004 with K=383 up to limit 1600
[2025-12-12 08:21:26] [generate_cnf] Generating formula intel004 with K=384
[2025-12-12 08:21:27] [run_formula] Running formula intel004 with K=384 up to limit 1600
[2025-12-12 08:21:37] [generate_cnf] Generating formula intel004 with K=385
[2025-12-12 08:21:37] [run_formula] Running formula intel004 with K=385 up to limit 1600
[2025-12-12 08:21:49] [generate_cnf] Generating formula intel004 with K=386
[2025-12-12 08:21:49] [run_formula] Running formula intel004 with K=386 up to limit 1600
[2025-12-12 08:22:01] [generate_cnf] Generating formula intel004 with K=387
[2025-12-12 08:22:02] [run_formula] Running formula intel004 with K=387 up to limit 1600
[2025-12-12 08:22:13] [generate_cnf] Generating formula intel004 with K=388
[2025-12-12 08:22:14] [run_formula] Running formula intel004 with K=388 up to limit 1600
[2025-12-12 08:22:24] [generate_cnf] Generating formula intel004 with K=389
[2025-12-12 08:22:25] [run_formula] Running formula intel004 with K=389 up to limit 1600
[2025-12-12 08:22:38] [generate_cnf] Generating formula intel004 with K=390
[2025-12-12 08:22:38] [run_formula] Running formula intel004 with K=390 up to limit 1600
[2025-12-12 08:22:49] [generate_cnf] Generating formula intel004 with K=391
[2025-12-12 08:22:50] [run_formula] Running formula intel004 with K=391 up to limit 1600
[2025-12-12 08:22:59] [generate_cnf] Generating formula intel004 with K=392
[2025-12-12 08:23:00] [run_formula] Running formula intel004 with K=392 up to limit 1600
[2025-12-12 08:23:11] [generate_cnf] Generating formula intel004 with K=393
[2025-12-12 08:23:12] [run_formula] Running formula intel004 with K=393 up to limit 1600
[2025-12-12 08:23:23] [generate_cnf] Generating formula intel004 with K=394
[2025-12-12 08:23:24] [run_formula] Running formula intel004 with K=394 up to limit 1600
[2025-12-12 08:23:34] [generate_cnf] Generating formula intel004 with K=395
[2025-12-12 08:23:35] [run_formula] Running formula intel004 with K=395 up to limit 1600
[2025-12-12 08:23:45] [generate_cnf] Generating formula intel004 with K=396
[2025-12-12 08:23:46] [run_formula] Running formula intel004 with K=396 up to limit 1600
[2025-12-12 08:23:58] [generate_cnf] Generating formula intel004 with K=397
[2025-12-12 08:23:59] [run_formula] Running formula intel004 with K=397 up to limit 1600
[2025-12-12 08:24:11] [generate_cnf] Generating formula intel004 with K=398
[2025-12-12 08:24:12] [run_formula] Running formula intel004 with K=398 up to limit 1600
[2025-12-12 08:24:24] [generate_cnf] Generating formula intel004 with K=399
[2025-12-12 08:24:25] [run_formula] Running formula intel004 with K=399 up to limit 1600
[2025-12-12 08:24:37] [generate_cnf] Generating formula intel004 with K=400
[2025-12-12 08:24:38] [run_formula] Running formula intel004 with K=400 up to limit 1600
[2025-12-12 08:24:48] [generate_cnf] Generating formula intel004 with K=401
[2025-12-12 08:24:49] [run_formula] Running formula intel004 with K=401 up to limit 1600
[2025-12-12 08:24:59] [generate_cnf] Generating formula intel004 with K=402
[2025-12-12 08:25:00] [run_formula] Running formula intel004 with K=402 up to limit 1600
[2025-12-12 08:25:12] [generate_cnf] Generating formula intel004 with K=403
[2025-12-12 08:25:13] [run_formula] Running formula intel004 with K=403 up to limit 1600
[2025-12-12 08:25:23] [generate_cnf] Generating formula intel004 with K=404
[2025-12-12 08:25:24] [run_formula] Running formula intel004 with K=404 up to limit 1600
[2025-12-12 08:25:33] [generate_cnf] Generating formula intel004 with K=405
[2025-12-12 08:25:34] [run_formula] Running formula intel004 with K=405 up to limit 1600
[2025-12-12 08:25:45] [generate_cnf] Generating formula intel004 with K=406
[2025-12-12 08:25:46] [run_formula] Running formula intel004 with K=406 up to limit 1600
[2025-12-12 08:25:57] [generate_cnf] Generating formula intel004 with K=407
[2025-12-12 08:25:58] [run_formula] Running formula intel004 with K=407 up to limit 1600
[2025-12-12 08:26:10] [generate_cnf] Generating formula intel004 with K=408
[2025-12-12 08:26:11] [run_formula] Running formula intel004 with K=408 up to limit 1600
[2025-12-12 08:26:27] [generate_cnf] Generating formula intel004 with K=409
[2025-12-12 08:26:28] [run_formula] Running formula intel004 with K=409 up to limit 1600
[2025-12-12 08:26:41] [generate_cnf] Generating formula intel004 with K=410
[2025-12-12 08:26:42] [run_formula] Running formula intel004 with K=410 up to limit 1600
[2025-12-12 08:26:55] [generate_cnf] Generating formula intel004 with K=411
[2025-12-12 08:26:56] [run_formula] Running formula intel004 with K=411 up to limit 1600
[2025-12-12 08:27:07] [generate_cnf] Generating formula intel004 with K=412
[2025-12-12 08:27:08] [run_formula] Running formula intel004 with K=412 up to limit 1600
[2025-12-12 08:27:18] [generate_cnf] Generating formula intel004 with K=413
[2025-12-12 08:27:19] [run_formula] Running formula intel004 with K=413 up to limit 1600
[2025-12-12 08:27:30] [generate_cnf] Generating formula intel004 with K=414
[2025-12-12 08:27:31] [run_formula] Running formula intel004 with K=414 up to limit 1600
[2025-12-12 08:27:42] [generate_cnf] Generating formula intel004 with K=415
[2025-12-12 08:27:43] [run_formula] Running formula intel004 with K=415 up to limit 1600
[2025-12-12 08:27:57] [generate_cnf] Generating formula intel004 with K=416
[2025-12-12 08:27:57] [generate_and_run_up_to_limit] Failed to generate CNF for intel004 with K=416, halting
