CNF written.
CNF written.
CNF written.
CNF written.
CNF written.
CNF written.
CNF written.
CNF written.
CNF written.
CNF written.
CNF written.
CNF written.
CNF written.
CNF written.
CNF written.
CNF written.
CNF written.
CNF written.
CNF written.
CNF written.
CNF written.
CNF written.
CNF written.
CNF written.
CNF written.
CNF written.
CNF written.
CNF written.
CNF written.
CNF written.
CNF written.
CNF written.
CNF written.
CNF written.
CNF written.
CNF written.
CNF written.
CNF written.
CNF written.
CNF written.
CNF written.
CNF written.
CNF written.
CNF written.
CNF written.
CNF written.
CNF written.
CNF written.
CNF written.
CNF written.
CNF written.
CNF written.
CNF written.
CNF written.
CNF written.
CNF written.
CNF written.
CNF written.
CNF written.
CNF written.
CNF written.
CNF written.
CNF written.
CNF written.
CNF written.
CNF written.
CNF written.
CNF written.
CNF written.
CNF written.
CNF written.
CNF written.
CNF written.
CNF written.
CNF written.
CNF written.
CNF written.
CNF written.
CNF written.
CNF written.
CNF written.
CNF written.
CNF written.
CNF written.
CNF written.
CNF written.
CNF written.
CNF written.
CNF written.
CNF written.
CNF written.
CNF written.
CNF written.
CNF written.
CNF written.
CNF written.
CNF written.
CNF written.
CNF written.
CNF written.
CNF written.
CNF written.
CNF written.
CNF written.
CNF written.
CNF written.
CNF written.
CNF written.
CNF written.
CNF written.
CNF written.
CNF written.
CNF written.
CNF written.
CNF written.
CNF written.
CNF written.
CNF written.
CNF written.
CNF written.
CNF written.
CNF written.
CNF written.
CNF written.
CNF written.
CNF written.
CNF written.
CNF written.
CNF written.
CNF written.
CNF written.
CNF written.
CNF written.
CNF written.
CNF written.
CNF written.
CNF written.
CNF written.
CNF written.
CNF written.
CNF written.
[2025-12-12 07:00:38] [generate_and_run_up_to_limit] Generating and running intel057 with K<=500 up to limit 1600
[2025-12-12 07:00:38] [generate_cnf] Generating formula intel057 with K=1
[2025-12-12 07:00:38] [run_formula] Running formula intel057 with K=1 up to limit 1600
[2025-12-12 07:00:38] [generate_cnf] Generating formula intel057 with K=2
[2025-12-12 07:00:38] [run_formula] Running formula intel057 with K=2 up to limit 1600
[2025-12-12 07:00:38] [generate_cnf] Generating formula intel057 with K=3
[2025-12-12 07:00:38] [run_formula] Running formula intel057 with K=3 up to limit 1600
[2025-12-12 07:00:38] [generate_cnf] Generating formula intel057 with K=4
[2025-12-12 07:00:38] [run_formula] Running formula intel057 with K=4 up to limit 1600
[2025-12-12 07:00:38] [generate_cnf] Generating formula intel057 with K=5
[2025-12-12 07:00:39] [run_formula] Running formula intel057 with K=5 up to limit 1600
[2025-12-12 07:00:39] [generate_cnf] Generating formula intel057 with K=6
[2025-12-12 07:00:39] [run_formula] Running formula intel057 with K=6 up to limit 1600
[2025-12-12 07:00:39] [generate_cnf] Generating formula intel057 with K=7
[2025-12-12 07:00:39] [run_formula] Running formula intel057 with K=7 up to limit 1600
[2025-12-12 07:00:39] [generate_cnf] Generating formula intel057 with K=8
[2025-12-12 07:00:39] [run_formula] Running formula intel057 with K=8 up to limit 1600
[2025-12-12 07:00:39] [generate_cnf] Generating formula intel057 with K=9
[2025-12-12 07:00:39] [run_formula] Running formula intel057 with K=9 up to limit 1600
[2025-12-12 07:00:39] [generate_cnf] Generating formula intel057 with K=10
[2025-12-12 07:00:39] [run_formula] Running formula intel057 with K=10 up to limit 1600
[2025-12-12 07:00:39] [generate_cnf] Generating formula intel057 with K=11
[2025-12-12 07:00:39] [run_formula] Running formula intel057 with K=11 up to limit 1600
[2025-12-12 07:00:39] [generate_cnf] Generating formula intel057 with K=12
[2025-12-12 07:00:39] [run_formula] Running formula intel057 with K=12 up to limit 1600
[2025-12-12 07:00:39] [generate_cnf] Generating formula intel057 with K=13
[2025-12-12 07:00:40] [run_formula] Running formula intel057 with K=13 up to limit 1600
[2025-12-12 07:00:40] [generate_cnf] Generating formula intel057 with K=14
[2025-12-12 07:00:40] [run_formula] Running formula intel057 with K=14 up to limit 1600
[2025-12-12 07:00:40] [generate_cnf] Generating formula intel057 with K=15
[2025-12-12 07:00:40] [run_formula] Running formula intel057 with K=15 up to limit 1600
[2025-12-12 07:00:40] [generate_cnf] Generating formula intel057 with K=16
[2025-12-12 07:00:40] [run_formula] Running formula intel057 with K=16 up to limit 1600
[2025-12-12 07:00:40] [generate_cnf] Generating formula intel057 with K=17
[2025-12-12 07:00:40] [run_formula] Running formula intel057 with K=17 up to limit 1600
[2025-12-12 07:00:41] [generate_cnf] Generating formula intel057 with K=18
[2025-12-12 07:00:41] [run_formula] Running formula intel057 with K=18 up to limit 1600
[2025-12-12 07:00:41] [generate_cnf] Generating formula intel057 with K=19
[2025-12-12 07:00:41] [run_formula] Running formula intel057 with K=19 up to limit 1600
[2025-12-12 07:00:41] [generate_cnf] Generating formula intel057 with K=20
[2025-12-12 07:00:42] [run_formula] Running formula intel057 with K=20 up to limit 1600
[2025-12-12 07:00:42] [generate_cnf] Generating formula intel057 with K=21
[2025-12-12 07:00:42] [run_formula] Running formula intel057 with K=21 up to limit 1600
[2025-12-12 07:00:43] [generate_cnf] Generating formula intel057 with K=22
[2025-12-12 07:00:43] [run_formula] Running formula intel057 with K=22 up to limit 1600
[2025-12-12 07:00:43] [generate_cnf] Generating formula intel057 with K=23
[2025-12-12 07:00:43] [run_formula] Running formula intel057 with K=23 up to limit 1600
[2025-12-12 07:00:46] [generate_cnf] Generating formula intel057 with K=24
[2025-12-12 07:00:46] [run_formula] Running formula intel057 with K=24 up to limit 1600
[2025-12-12 07:00:46] [generate_cnf] Generating formula intel057 with K=25
[2025-12-12 07:00:46] [run_formula] Running formula intel057 with K=25 up to limit 1600
[2025-12-12 07:00:49] [generate_cnf] Generating formula intel057 with K=26
[2025-12-12 07:00:49] [run_formula] Running formula intel057 with K=26 up to limit 1600
[2025-12-12 07:00:50] [generate_cnf] Generating formula intel057 with K=27
[2025-12-12 07:00:50] [run_formula] Running formula intel057 with K=27 up to limit 1600
[2025-12-12 07:00:54] [generate_cnf] Generating formula intel057 with K=28
[2025-12-12 07:00:54] [run_formula] Running formula intel057 with K=28 up to limit 1600
[2025-12-12 07:00:54] [generate_cnf] Generating formula intel057 with K=29
[2025-12-12 07:00:54] [run_formula] Running formula intel057 with K=29 up to limit 1600
[2025-12-12 07:01:01] [generate_cnf] Generating formula intel057 with K=30
[2025-12-12 07:01:02] [run_formula] Running formula intel057 with K=30 up to limit 1600
[2025-12-12 07:01:02] [generate_cnf] Generating formula intel057 with K=31
[2025-12-12 07:01:02] [run_formula] Running formula intel057 with K=31 up to limit 1600
[2025-12-12 07:01:10] [generate_cnf] Generating formula intel057 with K=32
[2025-12-12 07:01:10] [run_formula] Running formula intel057 with K=32 up to limit 1600
[2025-12-12 07:01:11] [generate_cnf] Generating formula intel057 with K=33
[2025-12-12 07:01:11] [run_formula] Running formula intel057 with K=33 up to limit 1600
[2025-12-12 07:01:20] [generate_cnf] Generating formula intel057 with K=34
[2025-12-12 07:01:21] [run_formula] Running formula intel057 with K=34 up to limit 1600
[2025-12-12 07:01:21] [generate_cnf] Generating formula intel057 with K=35
[2025-12-12 07:01:21] [run_formula] Running formula intel057 with K=35 up to limit 1600
[2025-12-12 07:01:31] [generate_cnf] Generating formula intel057 with K=36
[2025-12-12 07:01:32] [run_formula] Running formula intel057 with K=36 up to limit 1600
[2025-12-12 07:01:32] [generate_cnf] Generating formula intel057 with K=37
[2025-12-12 07:01:32] [run_formula] Running formula intel057 with K=37 up to limit 1600
[2025-12-12 07:01:44] [generate_cnf] Generating formula intel057 with K=38
[2025-12-12 07:01:44] [run_formula] Running formula intel057 with K=38 up to limit 1600
[2025-12-12 07:01:44] [generate_cnf] Generating formula intel057 with K=39
[2025-12-12 07:01:45] [run_formula] Running formula intel057 with K=39 up to limit 1600
[2025-12-12 07:01:57] [generate_cnf] Generating formula intel057 with K=40
[2025-12-12 07:01:57] [run_formula] Running formula intel057 with K=40 up to limit 1600
[2025-12-12 07:01:57] [generate_cnf] Generating formula intel057 with K=41
[2025-12-12 07:01:57] [run_formula] Running formula intel057 with K=41 up to limit 1600
[2025-12-12 07:02:10] [generate_cnf] Generating formula intel057 with K=42
[2025-12-12 07:02:10] [run_formula] Running formula intel057 with K=42 up to limit 1600
[2025-12-12 07:02:10] [generate_cnf] Generating formula intel057 with K=43
[2025-12-12 07:02:11] [run_formula] Running formula intel057 with K=43 up to limit 1600
[2025-12-12 07:02:27] [generate_cnf] Generating formula intel057 with K=44
[2025-12-12 07:02:27] [run_formula] Running formula intel057 with K=44 up to limit 1600
[2025-12-12 07:02:27] [generate_cnf] Generating formula intel057 with K=45
[2025-12-12 07:02:27] [run_formula] Running formula intel057 with K=45 up to limit 1600
[2025-12-12 07:02:42] [generate_cnf] Generating formula intel057 with K=46
[2025-12-12 07:02:42] [run_formula] Running formula intel057 with K=46 up to limit 1600
[2025-12-12 07:02:42] [generate_cnf] Generating formula intel057 with K=47
[2025-12-12 07:02:43] [run_formula] Running formula intel057 with K=47 up to limit 1600
[2025-12-12 07:02:58] [generate_cnf] Generating formula intel057 with K=48
[2025-12-12 07:02:58] [run_formula] Running formula intel057 with K=48 up to limit 1600
[2025-12-12 07:02:58] [generate_cnf] Generating formula intel057 with K=49
[2025-12-12 07:02:59] [run_formula] Running formula intel057 with K=49 up to limit 1600
[2025-12-12 07:03:16] [generate_cnf] Generating formula intel057 with K=50
[2025-12-12 07:03:16] [run_formula] Running formula intel057 with K=50 up to limit 1600
[2025-12-12 07:03:17] [generate_cnf] Generating formula intel057 with K=51
[2025-12-12 07:03:17] [run_formula] Running formula intel057 with K=51 up to limit 1600
[2025-12-12 07:03:46] [generate_cnf] Generating formula intel057 with K=52
[2025-12-12 07:03:47] [run_formula] Running formula intel057 with K=52 up to limit 1600
[2025-12-12 07:03:47] [generate_cnf] Generating formula intel057 with K=53
[2025-12-12 07:03:47] [run_formula] Running formula intel057 with K=53 up to limit 1600
[2025-12-12 07:04:05] [generate_cnf] Generating formula intel057 with K=54
[2025-12-12 07:04:05] [run_formula] Running formula intel057 with K=54 up to limit 1600
[2025-12-12 07:04:05] [generate_cnf] Generating formula intel057 with K=55
[2025-12-12 07:04:06] [run_formula] Running formula intel057 with K=55 up to limit 1600
[2025-12-12 07:04:41] [generate_cnf] Generating formula intel057 with K=56
[2025-12-12 07:04:41] [run_formula] Running formula intel057 with K=56 up to limit 1600
[2025-12-12 07:04:41] [generate_cnf] Generating formula intel057 with K=57
[2025-12-12 07:04:42] [run_formula] Running formula intel057 with K=57 up to limit 1600
[2025-12-12 07:05:15] [generate_cnf] Generating formula intel057 with K=58
[2025-12-12 07:05:16] [run_formula] Running formula intel057 with K=58 up to limit 1600
[2025-12-12 07:05:16] [generate_cnf] Generating formula intel057 with K=59
[2025-12-12 07:05:16] [run_formula] Running formula intel057 with K=59 up to limit 1600
[2025-12-12 07:05:53] [generate_cnf] Generating formula intel057 with K=60
[2025-12-12 07:05:54] [run_formula] Running formula intel057 with K=60 up to limit 1600
[2025-12-12 07:05:54] [generate_cnf] Generating formula intel057 with K=61
[2025-12-12 07:05:54] [run_formula] Running formula intel057 with K=61 up to limit 1600
[2025-12-12 07:06:32] [generate_cnf] Generating formula intel057 with K=62
[2025-12-12 07:06:32] [run_formula] Running formula intel057 with K=62 up to limit 1600
[2025-12-12 07:06:33] [generate_cnf] Generating formula intel057 with K=63
[2025-12-12 07:06:33] [run_formula] Running formula intel057 with K=63 up to limit 1600
[2025-12-12 07:07:18] [generate_cnf] Generating formula intel057 with K=64
[2025-12-12 07:07:19] [run_formula] Running formula intel057 with K=64 up to limit 1600
[2025-12-12 07:07:19] [generate_cnf] Generating formula intel057 with K=65
[2025-12-12 07:07:19] [run_formula] Running formula intel057 with K=65 up to limit 1600
[2025-12-12 07:08:02] [generate_cnf] Generating formula intel057 with K=66
[2025-12-12 07:08:03] [run_formula] Running formula intel057 with K=66 up to limit 1600
[2025-12-12 07:08:03] [generate_cnf] Generating formula intel057 with K=67
[2025-12-12 07:08:03] [run_formula] Running formula intel057 with K=67 up to limit 1600
[2025-12-12 07:08:47] [generate_cnf] Generating formula intel057 with K=68
[2025-12-12 07:08:48] [run_formula] Running formula intel057 with K=68 up to limit 1600
[2025-12-12 07:08:48] [generate_cnf] Generating formula intel057 with K=69
[2025-12-12 07:08:49] [run_formula] Running formula intel057 with K=69 up to limit 1600
[2025-12-12 07:09:38] [generate_cnf] Generating formula intel057 with K=70
[2025-12-12 07:09:39] [run_formula] Running formula intel057 with K=70 up to limit 1600
[2025-12-12 07:09:39] [generate_cnf] Generating formula intel057 with K=71
[2025-12-12 07:09:40] [run_formula] Running formula intel057 with K=71 up to limit 1600
[2025-12-12 07:10:27] [generate_cnf] Generating formula intel057 with K=72
[2025-12-12 07:10:28] [run_formula] Running formula intel057 with K=72 up to limit 1600
[2025-12-12 07:10:28] [generate_cnf] Generating formula intel057 with K=73
[2025-12-12 07:10:29] [run_formula] Running formula intel057 with K=73 up to limit 1600
[2025-12-12 07:11:27] [generate_cnf] Generating formula intel057 with K=74
[2025-12-12 07:11:27] [run_formula] Running formula intel057 with K=74 up to limit 1600
[2025-12-12 07:11:28] [generate_cnf] Generating formula intel057 with K=75
[2025-12-12 07:11:28] [run_formula] Running formula intel057 with K=75 up to limit 1600
[2025-12-12 07:12:32] [generate_cnf] Generating formula intel057 with K=76
[2025-12-12 07:12:33] [run_formula] Running formula intel057 with K=76 up to limit 1600
[2025-12-12 07:12:33] [generate_cnf] Generating formula intel057 with K=77
[2025-12-12 07:12:34] [run_formula] Running formula intel057 with K=77 up to limit 1600
[2025-12-12 07:13:32] [generate_cnf] Generating formula intel057 with K=78
[2025-12-12 07:13:33] [run_formula] Running formula intel057 with K=78 up to limit 1600
[2025-12-12 07:13:33] [generate_cnf] Generating formula intel057 with K=79
[2025-12-12 07:13:33] [run_formula] Running formula intel057 with K=79 up to limit 1600
[2025-12-12 07:14:35] [generate_cnf] Generating formula intel057 with K=80
[2025-12-12 07:14:35] [run_formula] Running formula intel057 with K=80 up to limit 1600
[2025-12-12 07:14:36] [generate_cnf] Generating formula intel057 with K=81
[2025-12-12 07:14:36] [run_formula] Running formula intel057 with K=81 up to limit 1600
[2025-12-12 07:15:38] [generate_cnf] Generating formula intel057 with K=82
[2025-12-12 07:15:39] [run_formula] Running formula intel057 with K=82 up to limit 1600
[2025-12-12 07:15:39] [generate_cnf] Generating formula intel057 with K=83
[2025-12-12 07:15:40] [run_formula] Running formula intel057 with K=83 up to limit 1600
[2025-12-12 07:16:47] [generate_cnf] Generating formula intel057 with K=84
[2025-12-12 07:16:47] [run_formula] Running formula intel057 with K=84 up to limit 1600
[2025-12-12 07:16:48] [generate_cnf] Generating formula intel057 with K=85
[2025-12-12 07:16:48] [run_formula] Running formula intel057 with K=85 up to limit 1600
[2025-12-12 07:18:00] [generate_cnf] Generating formula intel057 with K=86
[2025-12-12 07:18:00] [run_formula] Running formula intel057 with K=86 up to limit 1600
[2025-12-12 07:18:01] [generate_cnf] Generating formula intel057 with K=87
[2025-12-12 07:18:01] [run_formula] Running formula intel057 with K=87 up to limit 1600
[2025-12-12 07:19:08] [generate_cnf] Generating formula intel057 with K=88
[2025-12-12 07:19:09] [run_formula] Running formula intel057 with K=88 up to limit 1600
[2025-12-12 07:19:09] [generate_cnf] Generating formula intel057 with K=89
[2025-12-12 07:19:10] [run_formula] Running formula intel057 with K=89 up to limit 1600
[2025-12-12 07:20:17] [generate_cnf] Generating formula intel057 with K=90
[2025-12-12 07:20:18] [run_formula] Running formula intel057 with K=90 up to limit 1600
[2025-12-12 07:20:18] [generate_cnf] Generating formula intel057 with K=91
[2025-12-12 07:20:19] [run_formula] Running formula intel057 with K=91 up to limit 1600
[2025-12-12 07:21:37] [generate_cnf] Generating formula intel057 with K=92
[2025-12-12 07:21:37] [run_formula] Running formula intel057 with K=92 up to limit 1600
[2025-12-12 07:21:38] [generate_cnf] Generating formula intel057 with K=93
[2025-12-12 07:21:38] [run_formula] Running formula intel057 with K=93 up to limit 1600
[2025-12-12 07:22:50] [generate_cnf] Generating formula intel057 with K=94
[2025-12-12 07:22:51] [run_formula] Running formula intel057 with K=94 up to limit 1600
[2025-12-12 07:22:51] [generate_cnf] Generating formula intel057 with K=95
[2025-12-12 07:22:52] [run_formula] Running formula intel057 with K=95 up to limit 1600
[2025-12-12 07:24:23] [generate_cnf] Generating formula intel057 with K=96
[2025-12-12 07:24:23] [run_formula] Running formula intel057 with K=96 up to limit 1600
[2025-12-12 07:24:24] [generate_cnf] Generating formula intel057 with K=97
[2025-12-12 07:24:24] [run_formula] Running formula intel057 with K=97 up to limit 1600
[2025-12-12 07:25:47] [generate_cnf] Generating formula intel057 with K=98
[2025-12-12 07:25:47] [run_formula] Running formula intel057 with K=98 up to limit 1600
[2025-12-12 07:25:48] [generate_cnf] Generating formula intel057 with K=99
[2025-12-12 07:25:48] [run_formula] Running formula intel057 with K=99 up to limit 1600
[2025-12-12 07:27:14] [generate_cnf] Generating formula intel057 with K=100
[2025-12-12 07:27:15] [run_formula] Running formula intel057 with K=100 up to limit 1600
[2025-12-12 07:27:15] [generate_cnf] Generating formula intel057 with K=101
[2025-12-12 07:27:16] [run_formula] Running formula intel057 with K=101 up to limit 1600
[2025-12-12 07:28:43] [generate_cnf] Generating formula intel057 with K=102
[2025-12-12 07:28:44] [run_formula] Running formula intel057 with K=102 up to limit 1600
[2025-12-12 07:28:44] [generate_cnf] Generating formula intel057 with K=103
[2025-12-12 07:28:45] [run_formula] Running formula intel057 with K=103 up to limit 1600
[2025-12-12 07:30:30] [generate_cnf] Generating formula intel057 with K=104
[2025-12-12 07:30:32] [run_formula] Running formula intel057 with K=104 up to limit 1600
[2025-12-12 07:30:32] [generate_cnf] Generating formula intel057 with K=105
[2025-12-12 07:30:33] [run_formula] Running formula intel057 with K=105 up to limit 1600
[2025-12-12 07:32:03] [generate_cnf] Generating formula intel057 with K=106
[2025-12-12 07:32:04] [run_formula] Running formula intel057 with K=106 up to limit 1600
[2025-12-12 07:32:04] [generate_cnf] Generating formula intel057 with K=107
[2025-12-12 07:32:05] [run_formula] Running formula intel057 with K=107 up to limit 1600
[2025-12-12 07:33:35] [generate_cnf] Generating formula intel057 with K=108
[2025-12-12 07:33:35] [run_formula] Running formula intel057 with K=108 up to limit 1600
[2025-12-12 07:33:36] [generate_cnf] Generating formula intel057 with K=109
[2025-12-12 07:33:36] [run_formula] Running formula intel057 with K=109 up to limit 1600
[2025-12-12 07:35:35] [generate_cnf] Generating formula intel057 with K=110
[2025-12-12 07:35:35] [run_formula] Running formula intel057 with K=110 up to limit 1600
[2025-12-12 07:35:36] [generate_cnf] Generating formula intel057 with K=111
[2025-12-12 07:35:37] [run_formula] Running formula intel057 with K=111 up to limit 1600
[2025-12-12 07:37:47] [generate_cnf] Generating formula intel057 with K=112
[2025-12-12 07:37:48] [run_formula] Running formula intel057 with K=112 up to limit 1600
[2025-12-12 07:37:48] [generate_cnf] Generating formula intel057 with K=113
[2025-12-12 07:37:49] [run_formula] Running formula intel057 with K=113 up to limit 1600
[2025-12-12 07:40:09] [generate_cnf] Generating formula intel057 with K=114
[2025-12-12 07:40:10] [run_formula] Running formula intel057 with K=114 up to limit 1600
[2025-12-12 07:40:10] [generate_cnf] Generating formula intel057 with K=115
[2025-12-12 07:40:11] [run_formula] Running formula intel057 with K=115 up to limit 1600
[2025-12-12 07:41:50] [generate_cnf] Generating formula intel057 with K=116
[2025-12-12 07:41:51] [run_formula] Running formula intel057 with K=116 up to limit 1600
[2025-12-12 07:41:51] [generate_cnf] Generating formula intel057 with K=117
[2025-12-12 07:41:52] [run_formula] Running formula intel057 with K=117 up to limit 1600
[2025-12-12 07:43:56] [generate_cnf] Generating formula intel057 with K=118
[2025-12-12 07:43:57] [run_formula] Running formula intel057 with K=118 up to limit 1600
[2025-12-12 07:43:57] [generate_cnf] Generating formula intel057 with K=119
[2025-12-12 07:43:58] [run_formula] Running formula intel057 with K=119 up to limit 1600
[2025-12-12 07:46:39] [generate_cnf] Generating formula intel057 with K=120
[2025-12-12 07:46:40] [run_formula] Running formula intel057 with K=120 up to limit 1600
[2025-12-12 07:46:40] [generate_cnf] Generating formula intel057 with K=121
[2025-12-12 07:46:41] [run_formula] Running formula intel057 with K=121 up to limit 1600
[2025-12-12 07:49:35] [generate_cnf] Generating formula intel057 with K=122
[2025-12-12 07:49:36] [run_formula] Running formula intel057 with K=122 up to limit 1600
[2025-12-12 07:49:36] [generate_cnf] Generating formula intel057 with K=123
[2025-12-12 07:49:37] [run_formula] Running formula intel057 with K=123 up to limit 1600
[2025-12-12 07:52:55] [generate_cnf] Generating formula intel057 with K=124
[2025-12-12 07:52:56] [run_formula] Running formula intel057 with K=124 up to limit 1600
[2025-12-12 07:52:57] [generate_cnf] Generating formula intel057 with K=125
[2025-12-12 07:52:58] [run_formula] Running formula intel057 with K=125 up to limit 1600
[2025-12-12 07:57:00] [generate_cnf] Generating formula intel057 with K=126
[2025-12-12 07:57:02] [run_formula] Running formula intel057 with K=126 up to limit 1600
[2025-12-12 07:57:02] [generate_cnf] Generating formula intel057 with K=127
[2025-12-12 07:57:03] [run_formula] Running formula intel057 with K=127 up to limit 1600
[2025-12-12 08:00:54] [generate_cnf] Generating formula intel057 with K=128
[2025-12-12 08:00:55] [run_formula] Running formula intel057 with K=128 up to limit 1600
[2025-12-12 08:00:56] [generate_cnf] Generating formula intel057 with K=129
[2025-12-12 08:00:57] [run_formula] Running formula intel057 with K=129 up to limit 1600
[2025-12-12 08:04:48] [generate_cnf] Generating formula intel057 with K=130
[2025-12-12 08:04:49] [run_formula] Running formula intel057 with K=130 up to limit 1600
[2025-12-12 08:04:50] [generate_cnf] Generating formula intel057 with K=131
[2025-12-12 08:04:51] [run_formula] Running formula intel057 with K=131 up to limit 1600
[2025-12-12 08:09:12] [generate_cnf] Generating formula intel057 with K=132
[2025-12-12 08:09:13] [run_formula] Running formula intel057 with K=132 up to limit 1600
[2025-12-12 08:09:14] [generate_cnf] Generating formula intel057 with K=133
[2025-12-12 08:09:15] [run_formula] Running formula intel057 with K=133 up to limit 1600
[2025-12-12 08:13:22] [generate_cnf] Generating formula intel057 with K=134
[2025-12-12 08:13:24] [run_formula] Running formula intel057 with K=134 up to limit 1600
[2025-12-12 08:13:24] [generate_cnf] Generating formula intel057 with K=135
[2025-12-12 08:13:25] [run_formula] Running formula intel057 with K=135 up to limit 1600
[2025-12-12 08:17:15] [generate_cnf] Generating formula intel057 with K=136
[2025-12-12 08:17:16] [run_formula] Running formula intel057 with K=136 up to limit 1600
[2025-12-12 08:17:17] [generate_cnf] Generating formula intel057 with K=137
[2025-12-12 08:17:18] [run_formula] Running formula intel057 with K=137 up to limit 1600
[2025-12-12 08:21:53] [generate_cnf] Generating formula intel057 with K=138
[2025-12-12 08:21:54] [run_formula] Running formula intel057 with K=138 up to limit 1600
[2025-12-12 08:21:55] [generate_cnf] Generating formula intel057 with K=139
[2025-12-12 08:21:56] [run_formula] Running formula intel057 with K=139 up to limit 1600
[2025-12-12 08:26:55] [generate_cnf] Generating formula intel057 with K=140
[2025-12-12 08:26:56] [run_formula] Running formula intel057 with K=140 up to limit 1600
[2025-12-12 08:26:57] [generate_cnf] Generating formula intel057 with K=141
[2025-12-12 08:26:58] [run_formula] Running formula intel057 with K=141 up to limit 1600
[2025-12-12 08:31:40] [run_formula] Error running formula intel057 with K=141: [Errno 122] Disk quota exceeded: './results/solving_logs/intel057//intel057.141.log'
[2025-12-12 08:31:40] [generate_and_run_up_to_limit] Failed to run formula intel057 with K=141, halting
