CNF written.
CNF written.
CNF written.
CNF written.
CNF written.
CNF written.
CNF written.
CNF written.
CNF written.
CNF written.
CNF written.
CNF written.
CNF written.
CNF written.
CNF written.
CNF written.
CNF written.
CNF written.
CNF written.
CNF written.
CNF written.
CNF written.
CNF written.
CNF written.
CNF written.
CNF written.
CNF written.
CNF written.
CNF written.
CNF written.
CNF written.
CNF written.
CNF written.
CNF written.
CNF written.
CNF written.
CNF written.
CNF written.
CNF written.
CNF written.
CNF written.
CNF written.
CNF written.
CNF written.
CNF written.
CNF written.
CNF written.
CNF written.
CNF written.
CNF written.
CNF written.
CNF written.
CNF written.
CNF written.
CNF written.
CNF written.
CNF written.
CNF written.
CNF written.
CNF written.
CNF written.
CNF written.
CNF written.
CNF written.
CNF written.
CNF written.
CNF written.
CNF written.
CNF written.
CNF written.
CNF written.
CNF written.
CNF written.
CNF written.
CNF written.
CNF written.
CNF written.
CNF written.
CNF written.
CNF written.
CNF written.
CNF written.
CNF written.
[2025-12-12 07:30:11] [generate_and_run_up_to_limit] Generating and running intel042 with K<=500 up to limit 1600
[2025-12-12 07:30:11] [generate_cnf] Generating formula intel042 with K=1
[2025-12-12 07:30:12] [run_formula] Running formula intel042 with K=1 up to limit 1600
[2025-12-12 07:30:13] [generate_cnf] Generating formula intel042 with K=2
[2025-12-12 07:30:14] [run_formula] Running formula intel042 with K=2 up to limit 1600
[2025-12-12 07:30:15] [generate_cnf] Generating formula intel042 with K=3
[2025-12-12 07:30:17] [run_formula] Running formula intel042 with K=3 up to limit 1600
[2025-12-12 07:30:17] [generate_cnf] Generating formula intel042 with K=4
[2025-12-12 07:30:20] [run_formula] Running formula intel042 with K=4 up to limit 1600
[2025-12-12 07:30:20] [generate_cnf] Generating formula intel042 with K=5
[2025-12-12 07:30:23] [run_formula] Running formula intel042 with K=5 up to limit 1600
[2025-12-12 07:30:24] [generate_cnf] Generating formula intel042 with K=6
[2025-12-12 07:30:27] [run_formula] Running formula intel042 with K=6 up to limit 1600
[2025-12-12 07:30:28] [generate_cnf] Generating formula intel042 with K=7
[2025-12-12 07:30:32] [run_formula] Running formula intel042 with K=7 up to limit 1600
[2025-12-12 07:30:32] [generate_cnf] Generating formula intel042 with K=8
[2025-12-12 07:30:36] [run_formula] Running formula intel042 with K=8 up to limit 1600
[2025-12-12 07:30:37] [generate_cnf] Generating formula intel042 with K=9
[2025-12-12 07:30:42] [run_formula] Running formula intel042 with K=9 up to limit 1600
[2025-12-12 07:30:43] [generate_cnf] Generating formula intel042 with K=10
[2025-12-12 07:30:47] [run_formula] Running formula intel042 with K=10 up to limit 1600
[2025-12-12 07:30:49] [generate_cnf] Generating formula intel042 with K=11
[2025-12-12 07:30:54] [run_formula] Running formula intel042 with K=11 up to limit 1600
[2025-12-12 07:30:55] [generate_cnf] Generating formula intel042 with K=12
[2025-12-12 07:31:01] [run_formula] Running formula intel042 with K=12 up to limit 1600
[2025-12-12 07:31:02] [generate_cnf] Generating formula intel042 with K=13
[2025-12-12 07:31:08] [run_formula] Running formula intel042 with K=13 up to limit 1600
[2025-12-12 07:31:10] [generate_cnf] Generating formula intel042 with K=14
[2025-12-12 07:31:16] [run_formula] Running formula intel042 with K=14 up to limit 1600
[2025-12-12 07:31:18] [generate_cnf] Generating formula intel042 with K=15
[2025-12-12 07:31:24] [run_formula] Running formula intel042 with K=15 up to limit 1600
[2025-12-12 07:31:26] [generate_cnf] Generating formula intel042 with K=16
[2025-12-12 07:31:33] [run_formula] Running formula intel042 with K=16 up to limit 1600
[2025-12-12 07:31:35] [generate_cnf] Generating formula intel042 with K=17
[2025-12-12 07:31:43] [run_formula] Running formula intel042 with K=17 up to limit 1600
[2025-12-12 07:31:45] [generate_cnf] Generating formula intel042 with K=18
[2025-12-12 07:31:53] [run_formula] Running formula intel042 with K=18 up to limit 1600
[2025-12-12 07:31:55] [generate_cnf] Generating formula intel042 with K=19
[2025-12-12 07:32:03] [run_formula] Running formula intel042 with K=19 up to limit 1600
[2025-12-12 07:32:05] [generate_cnf] Generating formula intel042 with K=20
[2025-12-12 07:32:14] [run_formula] Running formula intel042 with K=20 up to limit 1600
[2025-12-12 07:32:16] [generate_cnf] Generating formula intel042 with K=21
[2025-12-12 07:32:25] [run_formula] Running formula intel042 with K=21 up to limit 1600
[2025-12-12 07:32:28] [generate_cnf] Generating formula intel042 with K=22
[2025-12-12 07:32:37] [run_formula] Running formula intel042 with K=22 up to limit 1600
[2025-12-12 07:32:39] [generate_cnf] Generating formula intel042 with K=23
[2025-12-12 07:32:49] [run_formula] Running formula intel042 with K=23 up to limit 1600
[2025-12-12 07:32:52] [generate_cnf] Generating formula intel042 with K=24
[2025-12-12 07:33:02] [run_formula] Running formula intel042 with K=24 up to limit 1600
[2025-12-12 07:33:05] [generate_cnf] Generating formula intel042 with K=25
[2025-12-12 07:33:15] [run_formula] Running formula intel042 with K=25 up to limit 1600
[2025-12-12 07:33:18] [generate_cnf] Generating formula intel042 with K=26
[2025-12-12 07:33:29] [run_formula] Running formula intel042 with K=26 up to limit 1600
[2025-12-12 07:33:33] [generate_cnf] Generating formula intel042 with K=27
[2025-12-12 07:33:44] [run_formula] Running formula intel042 with K=27 up to limit 1600
[2025-12-12 07:33:48] [generate_cnf] Generating formula intel042 with K=28
[2025-12-12 07:34:00] [run_formula] Running formula intel042 with K=28 up to limit 1600
[2025-12-12 07:34:04] [generate_cnf] Generating formula intel042 with K=29
[2025-12-12 07:34:16] [run_formula] Running formula intel042 with K=29 up to limit 1600
[2025-12-12 07:34:20] [generate_cnf] Generating formula intel042 with K=30
[2025-12-12 07:34:32] [run_formula] Running formula intel042 with K=30 up to limit 1600
[2025-12-12 07:34:36] [generate_cnf] Generating formula intel042 with K=31
[2025-12-12 07:34:49] [run_formula] Running formula intel042 with K=31 up to limit 1600
[2025-12-12 07:34:52] [generate_cnf] Generating formula intel042 with K=32
[2025-12-12 07:35:04] [run_formula] Running formula intel042 with K=32 up to limit 1600
[2025-12-12 07:35:07] [generate_cnf] Generating formula intel042 with K=33
[2025-12-12 07:35:20] [run_formula] Running formula intel042 with K=33 up to limit 1600
[2025-12-12 07:35:24] [generate_cnf] Generating formula intel042 with K=34
[2025-12-12 07:35:37] [run_formula] Running formula intel042 with K=34 up to limit 1600
[2025-12-12 07:35:40] [generate_cnf] Generating formula intel042 with K=35
[2025-12-12 07:35:53] [run_formula] Running formula intel042 with K=35 up to limit 1600
[2025-12-12 07:35:57] [generate_cnf] Generating formula intel042 with K=36
[2025-12-12 07:36:11] [run_formula] Running formula intel042 with K=36 up to limit 1600
[2025-12-12 07:36:15] [generate_cnf] Generating formula intel042 with K=37
[2025-12-12 07:36:30] [run_formula] Running formula intel042 with K=37 up to limit 1600
[2025-12-12 07:36:34] [generate_cnf] Generating formula intel042 with K=38
[2025-12-12 07:36:50] [run_formula] Running formula intel042 with K=38 up to limit 1600
[2025-12-12 07:36:54] [generate_cnf] Generating formula intel042 with K=39
[2025-12-12 07:37:09] [run_formula] Running formula intel042 with K=39 up to limit 1600
[2025-12-12 07:37:13] [generate_cnf] Generating formula intel042 with K=40
[2025-12-12 07:37:30] [run_formula] Running formula intel042 with K=40 up to limit 1600
[2025-12-12 07:37:34] [generate_cnf] Generating formula intel042 with K=41
[2025-12-12 07:37:50] [run_formula] Running formula intel042 with K=41 up to limit 1600
[2025-12-12 07:37:55] [generate_cnf] Generating formula intel042 with K=42
[2025-12-12 07:38:12] [run_formula] Running formula intel042 with K=42 up to limit 1600
[2025-12-12 07:38:16] [generate_cnf] Generating formula intel042 with K=43
[2025-12-12 07:38:34] [run_formula] Running formula intel042 with K=43 up to limit 1600
[2025-12-12 07:38:38] [generate_cnf] Generating formula intel042 with K=44
[2025-12-12 07:38:57] [run_formula] Running formula intel042 with K=44 up to limit 1600
[2025-12-12 07:39:01] [generate_cnf] Generating formula intel042 with K=45
[2025-12-12 07:39:20] [run_formula] Running formula intel042 with K=45 up to limit 1600
[2025-12-12 07:39:25] [generate_cnf] Generating formula intel042 with K=46
[2025-12-12 07:39:44] [run_formula] Running formula intel042 with K=46 up to limit 1600
[2025-12-12 07:39:49] [generate_cnf] Generating formula intel042 with K=47
[2025-12-12 07:40:08] [run_formula] Running formula intel042 with K=47 up to limit 1600
[2025-12-12 07:40:41] [generate_cnf] Generating formula intel042 with K=48
[2025-12-12 07:41:01] [run_formula] Running formula intel042 with K=48 up to limit 1600
[2025-12-12 07:41:06] [generate_cnf] Generating formula intel042 with K=49
[2025-12-12 07:41:26] [run_formula] Running formula intel042 with K=49 up to limit 1600
[2025-12-12 07:41:59] [generate_cnf] Generating formula intel042 with K=50
[2025-12-12 07:42:19] [run_formula] Running formula intel042 with K=50 up to limit 1600
[2025-12-12 07:42:25] [generate_cnf] Generating formula intel042 with K=51
[2025-12-12 07:42:45] [run_formula] Running formula intel042 with K=51 up to limit 1600
[2025-12-12 07:43:36] [generate_cnf] Generating formula intel042 with K=52
[2025-12-12 07:43:56] [run_formula] Running formula intel042 with K=52 up to limit 1600
[2025-12-12 07:44:01] [generate_cnf] Generating formula intel042 with K=53
[2025-12-12 07:44:21] [run_formula] Running formula intel042 with K=53 up to limit 1600
[2025-12-12 07:45:09] [generate_cnf] Generating formula intel042 with K=54
[2025-12-12 07:45:31] [run_formula] Running formula intel042 with K=54 up to limit 1600
[2025-12-12 07:45:37] [generate_cnf] Generating formula intel042 with K=55
[2025-12-12 07:45:57] [run_formula] Running formula intel042 with K=55 up to limit 1600
[2025-12-12 07:46:57] [generate_cnf] Generating formula intel042 with K=56
[2025-12-12 07:47:19] [run_formula] Running formula intel042 with K=56 up to limit 1600
[2025-12-12 07:47:25] [generate_cnf] Generating formula intel042 with K=57
[2025-12-12 07:47:47] [run_formula] Running formula intel042 with K=57 up to limit 1600
[2025-12-12 07:48:54] [generate_cnf] Generating formula intel042 with K=58
[2025-12-12 07:49:18] [run_formula] Running formula intel042 with K=58 up to limit 1600
[2025-12-12 07:49:24] [generate_cnf] Generating formula intel042 with K=59
[2025-12-12 07:49:47] [run_formula] Running formula intel042 with K=59 up to limit 1600
[2025-12-12 07:50:21] [generate_cnf] Generating formula intel042 with K=60
[2025-12-12 07:50:45] [run_formula] Running formula intel042 with K=60 up to limit 1600
[2025-12-12 07:50:51] [generate_cnf] Generating formula intel042 with K=61
[2025-12-12 07:51:14] [run_formula] Running formula intel042 with K=61 up to limit 1600
[2025-12-12 07:51:55] [generate_cnf] Generating formula intel042 with K=62
[2025-12-12 07:52:20] [run_formula] Running formula intel042 with K=62 up to limit 1600
[2025-12-12 07:52:26] [generate_cnf] Generating formula intel042 with K=63
[2025-12-12 07:52:50] [run_formula] Running formula intel042 with K=63 up to limit 1600
[2025-12-12 07:53:43] [generate_cnf] Generating formula intel042 with K=64
[2025-12-12 07:54:08] [run_formula] Running formula intel042 with K=64 up to limit 1600
[2025-12-12 07:54:15] [generate_cnf] Generating formula intel042 with K=65
[2025-12-12 07:54:41] [run_formula] Running formula intel042 with K=65 up to limit 1600
[2025-12-12 07:55:39] [generate_cnf] Generating formula intel042 with K=66
[2025-12-12 07:56:05] [run_formula] Running formula intel042 with K=66 up to limit 1600
[2025-12-12 07:56:12] [generate_cnf] Generating formula intel042 with K=67
[2025-12-12 07:56:39] [run_formula] Running formula intel042 with K=67 up to limit 1600
[2025-12-12 07:57:49] [generate_cnf] Generating formula intel042 with K=68
[2025-12-12 07:58:18] [run_formula] Running formula intel042 with K=68 up to limit 1600
[2025-12-12 07:58:25] [generate_cnf] Generating formula intel042 with K=69
[2025-12-12 07:58:54] [run_formula] Running formula intel042 with K=69 up to limit 1600
[2025-12-12 08:00:03] [generate_cnf] Generating formula intel042 with K=70
[2025-12-12 08:00:48] [run_formula] Running formula intel042 with K=70 up to limit 1600
[2025-12-12 08:00:58] [generate_cnf] Generating formula intel042 with K=71
[2025-12-12 08:01:24] [run_formula] Running formula intel042 with K=71 up to limit 1600
[2025-12-12 08:02:35] [generate_cnf] Generating formula intel042 with K=72
[2025-12-12 08:03:09] [run_formula] Running formula intel042 with K=72 up to limit 1600
[2025-12-12 08:03:19] [generate_cnf] Generating formula intel042 with K=73
[2025-12-12 08:03:57] [run_formula] Running formula intel042 with K=73 up to limit 1600
[2025-12-12 08:07:26] [generate_cnf] Generating formula intel042 with K=74
[2025-12-12 08:08:03] [run_formula] Running formula intel042 with K=74 up to limit 1600
[2025-12-12 08:08:12] [generate_cnf] Generating formula intel042 with K=75
[2025-12-12 08:08:49] [run_formula] Running formula intel042 with K=75 up to limit 1600
[2025-12-12 08:10:40] [generate_cnf] Generating formula intel042 with K=76
[2025-12-12 08:11:17] [run_formula] Running formula intel042 with K=76 up to limit 1600
[2025-12-12 08:11:27] [generate_cnf] Generating formula intel042 with K=77
[2025-12-12 08:12:05] [run_formula] Running formula intel042 with K=77 up to limit 1600
[2025-12-12 08:15:47] [generate_cnf] Generating formula intel042 with K=78
[2025-12-12 08:16:24] [run_formula] Running formula intel042 with K=78 up to limit 1600
[2025-12-12 08:16:35] [generate_cnf] Generating formula intel042 with K=79
[2025-12-12 08:17:15] [run_formula] Running formula intel042 with K=79 up to limit 1600
[2025-12-12 08:20:58] [generate_cnf] Generating formula intel042 with K=80
[2025-12-12 08:21:37] [run_formula] Running formula intel042 with K=80 up to limit 1600
[2025-12-12 08:21:48] [generate_cnf] Generating formula intel042 with K=81
[2025-12-12 08:22:28] [run_formula] Running formula intel042 with K=81 up to limit 1600
[2025-12-12 08:25:19] [generate_cnf] Generating formula intel042 with K=82
[2025-12-12 08:25:52] [run_formula] Running formula intel042 with K=82 up to limit 1600
[2025-12-12 08:26:01] [generate_cnf] Generating formula intel042 with K=83
[2025-12-12 08:26:34] [run_formula] Running formula intel042 with K=83 up to limit 1600
[2025-12-12 08:28:03] [run_formula] Error running formula intel042 with K=83: [Errno 122] Disk quota exceeded: './results/solving_logs/intel042//intel042.83.log'
[2025-12-12 08:28:03] [generate_and_run_up_to_limit] Failed to run formula intel042 with K=83, halting
