[2025-12-12 16:17:05] [generate_and_run_up_to_limit] Generating and running intel012 with K<=500 up to limit 1600
[2025-12-12 16:17:05] [generate_cnf] Generating formula intel012 with K=1
[2025-12-12 16:17:05] [run_formula] Running formula intel012 with K=1 up to limit 1600
[2025-12-12 16:17:05] [generate_cnf] Generating formula intel012 with K=2
[2025-12-12 16:17:05] [run_formula] Running formula intel012 with K=2 up to limit 1600
[2025-12-12 16:17:05] [generate_cnf] Generating formula intel012 with K=3
[2025-12-12 16:17:05] [run_formula] Running formula intel012 with K=3 up to limit 1600
[2025-12-12 16:17:05] [generate_cnf] Generating formula intel012 with K=4
[2025-12-12 16:17:05] [run_formula] Running formula intel012 with K=4 up to limit 1600
[2025-12-12 16:17:05] [generate_cnf] Generating formula intel012 with K=5
[2025-12-12 16:17:05] [run_formula] Running formula intel012 with K=5 up to limit 1600
[2025-12-12 16:17:05] [generate_cnf] Generating formula intel012 with K=6
[2025-12-12 16:17:05] [run_formula] Running formula intel012 with K=6 up to limit 1600
[2025-12-12 16:17:05] [generate_cnf] Generating formula intel012 with K=7
[2025-12-12 16:17:05] [run_formula] Running formula intel012 with K=7 up to limit 1600
[2025-12-12 16:17:05] [generate_cnf] Generating formula intel012 with K=8
[2025-12-12 16:17:05] [run_formula] Running formula intel012 with K=8 up to limit 1600
[2025-12-12 16:17:05] [generate_cnf] Generating formula intel012 with K=9
[2025-12-12 16:17:05] [run_formula] Running formula intel012 with K=9 up to limit 1600
[2025-12-12 16:17:05] [generate_cnf] Generating formula intel012 with K=10
[2025-12-12 16:17:05] [run_formula] Running formula intel012 with K=10 up to limit 1600
[2025-12-12 16:17:05] [generate_cnf] Generating formula intel012 with K=11
[2025-12-12 16:17:05] [run_formula] Running formula intel012 with K=11 up to limit 1600
[2025-12-12 16:17:05] [generate_cnf] Generating formula intel012 with K=12
[2025-12-12 16:17:05] [run_formula] Running formula intel012 with K=12 up to limit 1600
[2025-12-12 16:17:05] [generate_cnf] Generating formula intel012 with K=13
[2025-12-12 16:17:05] [run_formula] Running formula intel012 with K=13 up to limit 1600
[2025-12-12 16:17:05] [generate_cnf] Generating formula intel012 with K=14
[2025-12-12 16:17:05] [run_formula] Running formula intel012 with K=14 up to limit 1600
[2025-12-12 16:17:05] [generate_cnf] Generating formula intel012 with K=15
[2025-12-12 16:17:05] [run_formula] Running formula intel012 with K=15 up to limit 1600
[2025-12-12 16:17:05] [generate_cnf] Generating formula intel012 with K=16
[2025-12-12 16:17:05] [run_formula] Running formula intel012 with K=16 up to limit 1600
[2025-12-12 16:17:05] [generate_cnf] Generating formula intel012 with K=17
[2025-12-12 16:17:05] [run_formula] Running formula intel012 with K=17 up to limit 1600
[2025-12-12 16:17:05] [generate_cnf] Generating formula intel012 with K=18
[2025-12-12 16:17:05] [run_formula] Running formula intel012 with K=18 up to limit 1600
[2025-12-12 16:17:05] [generate_cnf] Generating formula intel012 with K=19
[2025-12-12 16:17:05] [run_formula] Running formula intel012 with K=19 up to limit 1600
[2025-12-12 16:17:05] [generate_cnf] Generating formula intel012 with K=20
[2025-12-12 16:17:05] [run_formula] Running formula intel012 with K=20 up to limit 1600
[2025-12-12 16:17:05] [generate_cnf] Generating formula intel012 with K=21
[2025-12-12 16:17:05] [run_formula] Running formula intel012 with K=21 up to limit 1600
[2025-12-12 16:17:05] [generate_cnf] Generating formula intel012 with K=22
[2025-12-12 16:17:05] [run_formula] Running formula intel012 with K=22 up to limit 1600
[2025-12-12 16:17:05] [generate_cnf] Generating formula intel012 with K=23
[2025-12-12 16:17:05] [run_formula] Running formula intel012 with K=23 up to limit 1600
[2025-12-12 16:17:05] [generate_cnf] Generating formula intel012 with K=24
[2025-12-12 16:17:05] [run_formula] Running formula intel012 with K=24 up to limit 1600
[2025-12-12 16:17:05] [generate_cnf] Generating formula intel012 with K=25
[2025-12-12 16:17:05] [run_formula] Running formula intel012 with K=25 up to limit 1600
[2025-12-12 16:17:05] [generate_cnf] Generating formula intel012 with K=26
[2025-12-12 16:17:05] [run_formula] Running formula intel012 with K=26 up to limit 1600
[2025-12-12 16:17:05] [generate_cnf] Generating formula intel012 with K=27
[2025-12-12 16:17:05] [run_formula] Running formula intel012 with K=27 up to limit 1600
[2025-12-12 16:17:05] [generate_cnf] Generating formula intel012 with K=28
[2025-12-12 16:17:05] [run_formula] Running formula intel012 with K=28 up to limit 1600
[2025-12-12 16:17:05] [generate_cnf] Generating formula intel012 with K=29
[2025-12-12 16:17:05] [run_formula] Running formula intel012 with K=29 up to limit 1600
[2025-12-12 16:17:05] [generate_cnf] Generating formula intel012 with K=30
[2025-12-12 16:17:05] [run_formula] Running formula intel012 with K=30 up to limit 1600
[2025-12-12 16:17:05] [generate_cnf] Generating formula intel012 with K=31
[2025-12-12 16:17:05] [run_formula] Running formula intel012 with K=31 up to limit 1600
[2025-12-12 16:17:05] [generate_cnf] Generating formula intel012 with K=32
[2025-12-12 16:17:05] [run_formula] Running formula intel012 with K=32 up to limit 1600
[2025-12-12 16:17:05] [generate_cnf] Generating formula intel012 with K=33
[2025-12-12 16:17:05] [run_formula] Running formula intel012 with K=33 up to limit 1600
[2025-12-12 16:17:05] [generate_cnf] Generating formula intel012 with K=34
[2025-12-12 16:17:05] [run_formula] Running formula intel012 with K=34 up to limit 1600
[2025-12-12 16:17:05] [generate_cnf] Generating formula intel012 with K=35
[2025-12-12 16:17:05] [run_formula] Running formula intel012 with K=35 up to limit 1600
[2025-12-12 16:17:05] [generate_cnf] Generating formula intel012 with K=36
[2025-12-12 16:17:05] [run_formula] Running formula intel012 with K=36 up to limit 1600
[2025-12-12 16:17:05] [generate_cnf] Generating formula intel012 with K=37
[2025-12-12 16:17:05] [run_formula] Running formula intel012 with K=37 up to limit 1600
[2025-12-12 16:17:05] [generate_cnf] Generating formula intel012 with K=38
[2025-12-12 16:17:05] [run_formula] Running formula intel012 with K=38 up to limit 1600
[2025-12-12 16:17:05] [generate_cnf] Generating formula intel012 with K=39
[2025-12-12 16:17:05] [run_formula] Running formula intel012 with K=39 up to limit 1600
[2025-12-12 16:17:05] [generate_cnf] Generating formula intel012 with K=40
[2025-12-12 16:17:05] [run_formula] Running formula intel012 with K=40 up to limit 1600
[2025-12-12 16:17:05] [generate_cnf] Generating formula intel012 with K=41
[2025-12-12 16:17:05] [run_formula] Running formula intel012 with K=41 up to limit 1600
[2025-12-12 16:17:05] [generate_cnf] Generating formula intel012 with K=42
[2025-12-12 16:17:05] [run_formula] Running formula intel012 with K=42 up to limit 1600
[2025-12-12 16:17:05] [generate_cnf] Generating formula intel012 with K=43
[2025-12-12 16:17:05] [run_formula] Running formula intel012 with K=43 up to limit 1600
[2025-12-12 16:17:05] [generate_cnf] Generating formula intel012 with K=44
[2025-12-12 16:17:05] [run_formula] Running formula intel012 with K=44 up to limit 1600
[2025-12-12 16:17:05] [generate_cnf] Generating formula intel012 with K=45
[2025-12-12 16:17:05] [run_formula] Running formula intel012 with K=45 up to limit 1600
[2025-12-12 16:17:05] [generate_cnf] Generating formula intel012 with K=46
[2025-12-12 16:17:05] [run_formula] Running formula intel012 with K=46 up to limit 1600
[2025-12-12 16:17:05] [generate_cnf] Generating formula intel012 with K=47
[2025-12-12 16:17:05] [run_formula] Running formula intel012 with K=47 up to limit 1600
[2025-12-12 16:17:05] [generate_cnf] Generating formula intel012 with K=48
[2025-12-12 16:17:05] [run_formula] Running formula intel012 with K=48 up to limit 1600
[2025-12-12 16:17:05] [generate_cnf] Generating formula intel012 with K=49
[2025-12-12 16:17:05] [run_formula] Running formula intel012 with K=49 up to limit 1600
[2025-12-12 16:17:05] [generate_cnf] Generating formula intel012 with K=50
[2025-12-12 16:17:05] [run_formula] Running formula intel012 with K=50 up to limit 1600
[2025-12-12 16:17:05] [generate_cnf] Generating formula intel012 with K=51
[2025-12-12 16:17:05] [run_formula] Running formula intel012 with K=51 up to limit 1600
[2025-12-12 16:17:05] [generate_cnf] Generating formula intel012 with K=52
[2025-12-12 16:17:05] [run_formula] Running formula intel012 with K=52 up to limit 1600
[2025-12-12 16:17:05] [generate_cnf] Generating formula intel012 with K=53
[2025-12-12 16:17:05] [run_formula] Running formula intel012 with K=53 up to limit 1600
[2025-12-12 16:17:05] [generate_cnf] Generating formula intel012 with K=54
[2025-12-12 16:17:05] [run_formula] Running formula intel012 with K=54 up to limit 1600
[2025-12-12 16:17:05] [generate_cnf] Generating formula intel012 with K=55
[2025-12-12 16:17:05] [run_formula] Running formula intel012 with K=55 up to limit 1600
[2025-12-12 16:17:05] [generate_cnf] Generating formula intel012 with K=56
[2025-12-12 16:17:05] [run_formula] Running formula intel012 with K=56 up to limit 1600
[2025-12-12 16:17:05] [generate_cnf] Generating formula intel012 with K=57
[2025-12-12 16:17:05] [run_formula] Running formula intel012 with K=57 up to limit 1600
[2025-12-12 16:17:05] [generate_cnf] Generating formula intel012 with K=58
[2025-12-12 16:17:05] [run_formula] Running formula intel012 with K=58 up to limit 1600
[2025-12-12 16:17:05] [generate_cnf] Generating formula intel012 with K=59
[2025-12-12 16:17:05] [run_formula] Running formula intel012 with K=59 up to limit 1600
[2025-12-12 16:17:05] [generate_cnf] Generating formula intel012 with K=60
[2025-12-12 16:17:05] [run_formula] Running formula intel012 with K=60 up to limit 1600
[2025-12-12 16:17:05] [generate_cnf] Generating formula intel012 with K=61
[2025-12-12 16:17:05] [run_formula] Running formula intel012 with K=61 up to limit 1600
[2025-12-12 16:17:05] [generate_cnf] Generating formula intel012 with K=62
[2025-12-12 16:17:05] [run_formula] Running formula intel012 with K=62 up to limit 1600
[2025-12-12 16:17:05] [generate_cnf] Generating formula intel012 with K=63
[2025-12-12 16:17:05] [run_formula] Running formula intel012 with K=63 up to limit 1600
[2025-12-12 16:17:05] [generate_cnf] Generating formula intel012 with K=64
[2025-12-12 16:17:05] [run_formula] Running formula intel012 with K=64 up to limit 1600
[2025-12-12 16:17:05] [generate_cnf] Generating formula intel012 with K=65
[2025-12-12 16:17:05] [run_formula] Running formula intel012 with K=65 up to limit 1600
[2025-12-12 16:17:05] [generate_cnf] Generating formula intel012 with K=66
[2025-12-12 16:17:05] [run_formula] Running formula intel012 with K=66 up to limit 1600
[2025-12-12 16:17:05] [generate_cnf] Generating formula intel012 with K=67
[2025-12-12 16:17:05] [run_formula] Running formula intel012 with K=67 up to limit 1600
[2025-12-12 16:17:05] [generate_cnf] Generating formula intel012 with K=68
[2025-12-12 16:17:05] [run_formula] Running formula intel012 with K=68 up to limit 1600
[2025-12-12 16:17:05] [generate_cnf] Generating formula intel012 with K=69
[2025-12-12 16:17:05] [run_formula] Running formula intel012 with K=69 up to limit 1600
[2025-12-12 16:17:05] [generate_cnf] Generating formula intel012 with K=70
[2025-12-12 16:17:05] [run_formula] Running formula intel012 with K=70 up to limit 1600
[2025-12-12 16:17:05] [generate_cnf] Generating formula intel012 with K=71
[2025-12-12 16:17:05] [run_formula] Running formula intel012 with K=71 up to limit 1600
[2025-12-12 16:17:05] [generate_cnf] Generating formula intel012 with K=72
[2025-12-12 16:17:05] [run_formula] Running formula intel012 with K=72 up to limit 1600
[2025-12-12 16:17:05] [generate_cnf] Generating formula intel012 with K=73
[2025-12-12 16:17:05] [run_formula] Running formula intel012 with K=73 up to limit 1600
[2025-12-12 16:17:05] [generate_cnf] Generating formula intel012 with K=74
[2025-12-12 16:17:05] [run_formula] Running formula intel012 with K=74 up to limit 1600
[2025-12-12 16:17:05] [generate_cnf] Generating formula intel012 with K=75
[2025-12-12 16:17:05] [run_formula] Running formula intel012 with K=75 up to limit 1600
[2025-12-12 16:17:05] [generate_cnf] Generating formula intel012 with K=76
[2025-12-12 16:17:05] [run_formula] Running formula intel012 with K=76 up to limit 1600
[2025-12-12 16:17:05] [generate_cnf] Generating formula intel012 with K=77
[2025-12-12 16:17:05] [run_formula] Running formula intel012 with K=77 up to limit 1600
[2025-12-12 16:17:05] [generate_cnf] Generating formula intel012 with K=78
[2025-12-12 16:17:05] [run_formula] Running formula intel012 with K=78 up to limit 1600
[2025-12-12 16:17:05] [generate_cnf] Generating formula intel012 with K=79
[2025-12-12 16:17:05] [run_formula] Running formula intel012 with K=79 up to limit 1600
[2025-12-12 16:17:05] [generate_cnf] Generating formula intel012 with K=80
[2025-12-12 16:17:05] [run_formula] Running formula intel012 with K=80 up to limit 1600
[2025-12-12 16:17:05] [generate_cnf] Generating formula intel012 with K=81
[2025-12-12 16:17:05] [run_formula] Running formula intel012 with K=81 up to limit 1600
[2025-12-12 16:17:05] [generate_cnf] Generating formula intel012 with K=82
[2025-12-12 16:17:05] [run_formula] Running formula intel012 with K=82 up to limit 1600
[2025-12-12 16:17:05] [generate_cnf] Generating formula intel012 with K=83
[2025-12-12 16:17:06] [run_formula] Running formula intel012 with K=83 up to limit 1600
[2025-12-12 16:17:06] [generate_cnf] Generating formula intel012 with K=84
[2025-12-12 16:17:06] [run_formula] Running formula intel012 with K=84 up to limit 1600
[2025-12-12 16:17:06] [generate_cnf] Generating formula intel012 with K=85
[2025-12-12 16:17:06] [run_formula] Running formula intel012 with K=85 up to limit 1600
[2025-12-12 16:17:06] [generate_cnf] Generating formula intel012 with K=86
[2025-12-12 16:17:06] [run_formula] Running formula intel012 with K=86 up to limit 1600
[2025-12-12 16:17:06] [generate_cnf] Generating formula intel012 with K=87
[2025-12-12 16:17:06] [run_formula] Running formula intel012 with K=87 up to limit 1600
[2025-12-12 16:17:06] [generate_cnf] Generating formula intel012 with K=88
[2025-12-12 16:17:06] [run_formula] Running formula intel012 with K=88 up to limit 1600
[2025-12-12 16:17:06] [generate_cnf] Generating formula intel012 with K=89
[2025-12-12 16:17:06] [run_formula] Running formula intel012 with K=89 up to limit 1600
[2025-12-12 16:43:46] [run_formula] Formula intel012 with K=89 timed out after 1600 seconds
[2025-12-12 16:43:46] [generate_and_run_up_to_limit] Failed to run formula intel012 with K=89, halting
