CNF written.
CNF written.
CNF written.
CNF written.
CNF written.
CNF written.
CNF written.
CNF written.
CNF written.
CNF written.
CNF written.
CNF written.
CNF written.
CNF written.
CNF written.
CNF written.
CNF written.
CNF written.
CNF written.
CNF written.
CNF written.
CNF written.
CNF written.
CNF written.
CNF written.
CNF written.
CNF written.
CNF written.
CNF written.
CNF written.
CNF written.
CNF written.
CNF written.
CNF written.
CNF written.
CNF written.
CNF written.
CNF written.
CNF written.
CNF written.
CNF written.
CNF written.
CNF written.
CNF written.
CNF written.
CNF written.
CNF written.
CNF written.
CNF written.
CNF written.
CNF written.
CNF written.
[2025-12-12 07:33:29] [generate_and_run_up_to_limit] Generating and running intersymbol_analog_estimation_convergence with K<=500 up to limit 1600
[2025-12-12 07:33:29] [generate_cnf] Generating formula intersymbol_analog_estimation_convergence with K=1
[2025-12-12 07:33:29] [run_formula] Running formula intersymbol_analog_estimation_convergence with K=1 up to limit 1600
[2025-12-12 07:33:29] [generate_cnf] Generating formula intersymbol_analog_estimation_convergence with K=2
[2025-12-12 07:33:29] [run_formula] Running formula intersymbol_analog_estimation_convergence with K=2 up to limit 1600
[2025-12-12 07:33:29] [generate_cnf] Generating formula intersymbol_analog_estimation_convergence with K=3
[2025-12-12 07:33:29] [run_formula] Running formula intersymbol_analog_estimation_convergence with K=3 up to limit 1600
[2025-12-12 07:33:29] [generate_cnf] Generating formula intersymbol_analog_estimation_convergence with K=4
[2025-12-12 07:33:29] [run_formula] Running formula intersymbol_analog_estimation_convergence with K=4 up to limit 1600
[2025-12-12 07:33:29] [generate_cnf] Generating formula intersymbol_analog_estimation_convergence with K=5
[2025-12-12 07:33:29] [run_formula] Running formula intersymbol_analog_estimation_convergence with K=5 up to limit 1600
[2025-12-12 07:33:29] [generate_cnf] Generating formula intersymbol_analog_estimation_convergence with K=6
[2025-12-12 07:33:29] [run_formula] Running formula intersymbol_analog_estimation_convergence with K=6 up to limit 1600
[2025-12-12 07:33:29] [generate_cnf] Generating formula intersymbol_analog_estimation_convergence with K=7
[2025-12-12 07:33:29] [run_formula] Running formula intersymbol_analog_estimation_convergence with K=7 up to limit 1600
[2025-12-12 07:33:29] [generate_cnf] Generating formula intersymbol_analog_estimation_convergence with K=8
[2025-12-12 07:33:29] [run_formula] Running formula intersymbol_analog_estimation_convergence with K=8 up to limit 1600
[2025-12-12 07:33:29] [generate_cnf] Generating formula intersymbol_analog_estimation_convergence with K=9
[2025-12-12 07:33:29] [run_formula] Running formula intersymbol_analog_estimation_convergence with K=9 up to limit 1600
[2025-12-12 07:33:30] [generate_cnf] Generating formula intersymbol_analog_estimation_convergence with K=10
[2025-12-12 07:33:30] [run_formula] Running formula intersymbol_analog_estimation_convergence with K=10 up to limit 1600
[2025-12-12 07:33:30] [generate_cnf] Generating formula intersymbol_analog_estimation_convergence with K=11
[2025-12-12 07:33:30] [run_formula] Running formula intersymbol_analog_estimation_convergence with K=11 up to limit 1600
[2025-12-12 07:33:30] [generate_cnf] Generating formula intersymbol_analog_estimation_convergence with K=12
[2025-12-12 07:33:31] [run_formula] Running formula intersymbol_analog_estimation_convergence with K=12 up to limit 1600
[2025-12-12 07:33:31] [generate_cnf] Generating formula intersymbol_analog_estimation_convergence with K=13
[2025-12-12 07:33:31] [run_formula] Running formula intersymbol_analog_estimation_convergence with K=13 up to limit 1600
[2025-12-12 07:33:32] [generate_cnf] Generating formula intersymbol_analog_estimation_convergence with K=14
[2025-12-12 07:33:32] [run_formula] Running formula intersymbol_analog_estimation_convergence with K=14 up to limit 1600
[2025-12-12 07:33:34] [generate_cnf] Generating formula intersymbol_analog_estimation_convergence with K=15
[2025-12-12 07:33:34] [run_formula] Running formula intersymbol_analog_estimation_convergence with K=15 up to limit 1600
[2025-12-12 07:33:35] [generate_cnf] Generating formula intersymbol_analog_estimation_convergence with K=16
[2025-12-12 07:33:35] [run_formula] Running formula intersymbol_analog_estimation_convergence with K=16 up to limit 1600
[2025-12-12 07:33:37] [generate_cnf] Generating formula intersymbol_analog_estimation_convergence with K=17
[2025-12-12 07:33:37] [run_formula] Running formula intersymbol_analog_estimation_convergence with K=17 up to limit 1600
[2025-12-12 07:33:39] [generate_cnf] Generating formula intersymbol_analog_estimation_convergence with K=18
[2025-12-12 07:33:39] [run_formula] Running formula intersymbol_analog_estimation_convergence with K=18 up to limit 1600
[2025-12-12 07:33:42] [generate_cnf] Generating formula intersymbol_analog_estimation_convergence with K=19
[2025-12-12 07:33:42] [run_formula] Running formula intersymbol_analog_estimation_convergence with K=19 up to limit 1600
[2025-12-12 07:33:45] [generate_cnf] Generating formula intersymbol_analog_estimation_convergence with K=20
[2025-12-12 07:33:45] [run_formula] Running formula intersymbol_analog_estimation_convergence with K=20 up to limit 1600
[2025-12-12 07:33:52] [generate_cnf] Generating formula intersymbol_analog_estimation_convergence with K=21
[2025-12-12 07:33:52] [run_formula] Running formula intersymbol_analog_estimation_convergence with K=21 up to limit 1600
[2025-12-12 07:33:56] [generate_cnf] Generating formula intersymbol_analog_estimation_convergence with K=22
[2025-12-12 07:33:56] [run_formula] Running formula intersymbol_analog_estimation_convergence with K=22 up to limit 1600
[2025-12-12 07:34:07] [generate_cnf] Generating formula intersymbol_analog_estimation_convergence with K=23
[2025-12-12 07:34:07] [run_formula] Running formula intersymbol_analog_estimation_convergence with K=23 up to limit 1600
[2025-12-12 07:34:18] [generate_cnf] Generating formula intersymbol_analog_estimation_convergence with K=24
[2025-12-12 07:34:18] [run_formula] Running formula intersymbol_analog_estimation_convergence with K=24 up to limit 1600
[2025-12-12 07:34:32] [generate_cnf] Generating formula intersymbol_analog_estimation_convergence with K=25
[2025-12-12 07:34:32] [run_formula] Running formula intersymbol_analog_estimation_convergence with K=25 up to limit 1600
[2025-12-12 07:34:51] [generate_cnf] Generating formula intersymbol_analog_estimation_convergence with K=26
[2025-12-12 07:34:52] [run_formula] Running formula intersymbol_analog_estimation_convergence with K=26 up to limit 1600
[2025-12-12 07:35:05] [generate_cnf] Generating formula intersymbol_analog_estimation_convergence with K=27
[2025-12-12 07:35:05] [run_formula] Running formula intersymbol_analog_estimation_convergence with K=27 up to limit 1600
[2025-12-12 07:35:28] [generate_cnf] Generating formula intersymbol_analog_estimation_convergence with K=28
[2025-12-12 07:35:28] [run_formula] Running formula intersymbol_analog_estimation_convergence with K=28 up to limit 1600
[2025-12-12 07:35:48] [generate_cnf] Generating formula intersymbol_analog_estimation_convergence with K=29
[2025-12-12 07:35:48] [run_formula] Running formula intersymbol_analog_estimation_convergence with K=29 up to limit 1600
[2025-12-12 07:36:31] [generate_cnf] Generating formula intersymbol_analog_estimation_convergence with K=30
[2025-12-12 07:36:31] [run_formula] Running formula intersymbol_analog_estimation_convergence with K=30 up to limit 1600
[2025-12-12 07:37:06] [generate_cnf] Generating formula intersymbol_analog_estimation_convergence with K=31
[2025-12-12 07:37:06] [run_formula] Running formula intersymbol_analog_estimation_convergence with K=31 up to limit 1600
[2025-12-12 07:37:34] [generate_cnf] Generating formula intersymbol_analog_estimation_convergence with K=32
[2025-12-12 07:37:34] [run_formula] Running formula intersymbol_analog_estimation_convergence with K=32 up to limit 1600
[2025-12-12 07:38:25] [generate_cnf] Generating formula intersymbol_analog_estimation_convergence with K=33
[2025-12-12 07:38:25] [run_formula] Running formula intersymbol_analog_estimation_convergence with K=33 up to limit 1600
[2025-12-12 07:39:23] [generate_cnf] Generating formula intersymbol_analog_estimation_convergence with K=34
[2025-12-12 07:39:24] [run_formula] Running formula intersymbol_analog_estimation_convergence with K=34 up to limit 1600
[2025-12-12 07:40:04] [generate_cnf] Generating formula intersymbol_analog_estimation_convergence with K=35
[2025-12-12 07:40:04] [run_formula] Running formula intersymbol_analog_estimation_convergence with K=35 up to limit 1600
[2025-12-12 07:40:55] [generate_cnf] Generating formula intersymbol_analog_estimation_convergence with K=36
[2025-12-12 07:40:56] [run_formula] Running formula intersymbol_analog_estimation_convergence with K=36 up to limit 1600
[2025-12-12 07:41:49] [generate_cnf] Generating formula intersymbol_analog_estimation_convergence with K=37
[2025-12-12 07:41:49] [run_formula] Running formula intersymbol_analog_estimation_convergence with K=37 up to limit 1600
[2025-12-12 07:43:20] [generate_cnf] Generating formula intersymbol_analog_estimation_convergence with K=38
[2025-12-12 07:43:20] [run_formula] Running formula intersymbol_analog_estimation_convergence with K=38 up to limit 1600
[2025-12-12 07:44:46] [generate_cnf] Generating formula intersymbol_analog_estimation_convergence with K=39
[2025-12-12 07:44:46] [run_formula] Running formula intersymbol_analog_estimation_convergence with K=39 up to limit 1600
[2025-12-12 07:45:48] [generate_cnf] Generating formula intersymbol_analog_estimation_convergence with K=40
[2025-12-12 07:45:48] [run_formula] Running formula intersymbol_analog_estimation_convergence with K=40 up to limit 1600
[2025-12-12 07:47:49] [generate_cnf] Generating formula intersymbol_analog_estimation_convergence with K=41
[2025-12-12 07:47:49] [run_formula] Running formula intersymbol_analog_estimation_convergence with K=41 up to limit 1600
[2025-12-12 07:49:03] [generate_cnf] Generating formula intersymbol_analog_estimation_convergence with K=42
[2025-12-12 07:49:03] [run_formula] Running formula intersymbol_analog_estimation_convergence with K=42 up to limit 1600
[2025-12-12 07:52:11] [generate_cnf] Generating formula intersymbol_analog_estimation_convergence with K=43
[2025-12-12 07:52:11] [run_formula] Running formula intersymbol_analog_estimation_convergence with K=43 up to limit 1600
[2025-12-12 07:54:36] [generate_cnf] Generating formula intersymbol_analog_estimation_convergence with K=44
[2025-12-12 07:54:37] [run_formula] Running formula intersymbol_analog_estimation_convergence with K=44 up to limit 1600
[2025-12-12 07:58:28] [generate_cnf] Generating formula intersymbol_analog_estimation_convergence with K=45
[2025-12-12 07:58:28] [run_formula] Running formula intersymbol_analog_estimation_convergence with K=45 up to limit 1600
[2025-12-12 08:02:33] [generate_cnf] Generating formula intersymbol_analog_estimation_convergence with K=46
[2025-12-12 08:02:33] [run_formula] Running formula intersymbol_analog_estimation_convergence with K=46 up to limit 1600
[2025-12-12 08:06:58] [generate_cnf] Generating formula intersymbol_analog_estimation_convergence with K=47
[2025-12-12 08:06:58] [run_formula] Running formula intersymbol_analog_estimation_convergence with K=47 up to limit 1600
[2025-12-12 08:09:05] [generate_cnf] Generating formula intersymbol_analog_estimation_convergence with K=48
[2025-12-12 08:09:06] [run_formula] Running formula intersymbol_analog_estimation_convergence with K=48 up to limit 1600
[2025-12-12 08:13:06] [generate_cnf] Generating formula intersymbol_analog_estimation_convergence with K=49
[2025-12-12 08:13:06] [run_formula] Running formula intersymbol_analog_estimation_convergence with K=49 up to limit 1600
[2025-12-12 08:17:24] [generate_cnf] Generating formula intersymbol_analog_estimation_convergence with K=50
[2025-12-12 08:17:25] [run_formula] Running formula intersymbol_analog_estimation_convergence with K=50 up to limit 1600
[2025-12-12 08:22:12] [generate_cnf] Generating formula intersymbol_analog_estimation_convergence with K=51
[2025-12-12 08:22:12] [run_formula] Running formula intersymbol_analog_estimation_convergence with K=51 up to limit 1600
[2025-12-12 08:26:56] [generate_cnf] Generating formula intersymbol_analog_estimation_convergence with K=52
[2025-12-12 08:26:57] [run_formula] Running formula intersymbol_analog_estimation_convergence with K=52 up to limit 1600
[2025-12-12 08:29:09] [run_formula] Error running formula intersymbol_analog_estimation_convergence with K=52: [Errno 122] Disk quota exceeded: './results/solving_logs/intersymbol_analog_estimation_convergence//intersymbol_analog_estimation_convergence.52.log'
[2025-12-12 08:29:09] [generate_and_run_up_to_limit] Failed to run formula intersymbol_analog_estimation_convergence with K=52, halting
