CNF written.
CNF written.
CNF written.
CNF written.
CNF written.
CNF written.
CNF written.
CNF written.
CNF written.
CNF written.
CNF written.
CNF written.
CNF written.
CNF written.
CNF written.
CNF written.
CNF written.
CNF written.
CNF written.
CNF written.
CNF written.
CNF written.
CNF written.
CNF written.
CNF written.
CNF written.
CNF written.
CNF written.
CNF written.
CNF written.
CNF written.
CNF written.
CNF written.
CNF written.
CNF written.
CNF written.
CNF written.
CNF written.
CNF written.
CNF written.
CNF written.
CNF written.
CNF written.
CNF written.
CNF written.
CNF written.
CNF written.
CNF written.
CNF written.
CNF written.
CNF written.
CNF written.
CNF written.
CNF written.
CNF written.
CNF written.
CNF written.
CNF written.
CNF written.
CNF written.
CNF written.
CNF written.
CNF written.
CNF written.
CNF written.
CNF written.
CNF written.
CNF written.
CNF written.
CNF written.
CNF written.
CNF written.
CNF written.
CNF written.
CNF written.
CNF written.
CNF written.
CNF written.
CNF written.
CNF written.
CNF written.
CNF written.
CNF written.
CNF written.
CNF written.
CNF written.
CNF written.
CNF written.
CNF written.
CNF written.
CNF written.
CNF written.
CNF written.
CNF written.
CNF written.
CNF written.
CNF written.
CNF written.
CNF written.
CNF written.
CNF written.
CNF written.
CNF written.
CNF written.
CNF written.
CNF written.
CNF written.
CNF written.
CNF written.
CNF written.
CNF written.
CNF written.
CNF written.
CNF written.
CNF written.
CNF written.
CNF written.
[2025-12-12 07:40:06] [generate_and_run_up_to_limit] Generating and running intel036 with K<=500 up to limit 1600
[2025-12-12 07:40:06] [generate_cnf] Generating formula intel036 with K=1
[2025-12-12 07:40:06] [run_formula] Running formula intel036 with K=1 up to limit 1600
[2025-12-12 07:40:07] [generate_cnf] Generating formula intel036 with K=2
[2025-12-12 07:40:08] [run_formula] Running formula intel036 with K=2 up to limit 1600
[2025-12-12 07:40:08] [generate_cnf] Generating formula intel036 with K=3
[2025-12-12 07:40:09] [run_formula] Running formula intel036 with K=3 up to limit 1600
[2025-12-12 07:40:09] [generate_cnf] Generating formula intel036 with K=4
[2025-12-12 07:40:11] [run_formula] Running formula intel036 with K=4 up to limit 1600
[2025-12-12 07:40:11] [generate_cnf] Generating formula intel036 with K=5
[2025-12-12 07:40:13] [run_formula] Running formula intel036 with K=5 up to limit 1600
[2025-12-12 07:40:14] [generate_cnf] Generating formula intel036 with K=6
[2025-12-12 07:40:16] [run_formula] Running formula intel036 with K=6 up to limit 1600
[2025-12-12 07:40:16] [generate_cnf] Generating formula intel036 with K=7
[2025-12-12 07:40:19] [run_formula] Running formula intel036 with K=7 up to limit 1600
[2025-12-12 07:40:19] [generate_cnf] Generating formula intel036 with K=8
[2025-12-12 07:40:22] [run_formula] Running formula intel036 with K=8 up to limit 1600
[2025-12-12 07:40:22] [generate_cnf] Generating formula intel036 with K=9
[2025-12-12 07:40:25] [run_formula] Running formula intel036 with K=9 up to limit 1600
[2025-12-12 07:40:26] [generate_cnf] Generating formula intel036 with K=10
[2025-12-12 07:40:29] [run_formula] Running formula intel036 with K=10 up to limit 1600
[2025-12-12 07:40:30] [generate_cnf] Generating formula intel036 with K=11
[2025-12-12 07:40:34] [run_formula] Running formula intel036 with K=11 up to limit 1600
[2025-12-12 07:40:34] [generate_cnf] Generating formula intel036 with K=12
[2025-12-12 07:40:38] [run_formula] Running formula intel036 with K=12 up to limit 1600
[2025-12-12 07:40:39] [generate_cnf] Generating formula intel036 with K=13
[2025-12-12 07:40:43] [run_formula] Running formula intel036 with K=13 up to limit 1600
[2025-12-12 07:40:45] [generate_cnf] Generating formula intel036 with K=14
[2025-12-12 07:40:50] [run_formula] Running formula intel036 with K=14 up to limit 1600
[2025-12-12 07:40:51] [generate_cnf] Generating formula intel036 with K=15
[2025-12-12 07:40:57] [run_formula] Running formula intel036 with K=15 up to limit 1600
[2025-12-12 07:40:58] [generate_cnf] Generating formula intel036 with K=16
[2025-12-12 07:41:03] [run_formula] Running formula intel036 with K=16 up to limit 1600
[2025-12-12 07:41:04] [generate_cnf] Generating formula intel036 with K=17
[2025-12-12 07:41:09] [run_formula] Running formula intel036 with K=17 up to limit 1600
[2025-12-12 07:41:10] [generate_cnf] Generating formula intel036 with K=18
[2025-12-12 07:41:16] [run_formula] Running formula intel036 with K=18 up to limit 1600
[2025-12-12 07:41:17] [generate_cnf] Generating formula intel036 with K=19
[2025-12-12 07:41:23] [run_formula] Running formula intel036 with K=19 up to limit 1600
[2025-12-12 07:41:24] [generate_cnf] Generating formula intel036 with K=20
[2025-12-12 07:41:30] [run_formula] Running formula intel036 with K=20 up to limit 1600
[2025-12-12 07:41:32] [generate_cnf] Generating formula intel036 with K=21
[2025-12-12 07:41:38] [run_formula] Running formula intel036 with K=21 up to limit 1600
[2025-12-12 07:41:40] [generate_cnf] Generating formula intel036 with K=22
[2025-12-12 07:41:46] [run_formula] Running formula intel036 with K=22 up to limit 1600
[2025-12-12 07:41:48] [generate_cnf] Generating formula intel036 with K=23
[2025-12-12 07:41:56] [run_formula] Running formula intel036 with K=23 up to limit 1600
[2025-12-12 07:41:57] [generate_cnf] Generating formula intel036 with K=24
[2025-12-12 07:42:04] [run_formula] Running formula intel036 with K=24 up to limit 1600
[2025-12-12 07:42:06] [generate_cnf] Generating formula intel036 with K=25
[2025-12-12 07:42:14] [run_formula] Running formula intel036 with K=25 up to limit 1600
[2025-12-12 07:42:15] [generate_cnf] Generating formula intel036 with K=26
[2025-12-12 07:42:23] [run_formula] Running formula intel036 with K=26 up to limit 1600
[2025-12-12 07:42:25] [generate_cnf] Generating formula intel036 with K=27
[2025-12-12 07:42:33] [run_formula] Running formula intel036 with K=27 up to limit 1600
[2025-12-12 07:42:34] [generate_cnf] Generating formula intel036 with K=28
[2025-12-12 07:42:43] [run_formula] Running formula intel036 with K=28 up to limit 1600
[2025-12-12 07:42:45] [generate_cnf] Generating formula intel036 with K=29
[2025-12-12 07:42:54] [run_formula] Running formula intel036 with K=29 up to limit 1600
[2025-12-12 07:42:56] [generate_cnf] Generating formula intel036 with K=30
[2025-12-12 07:43:05] [run_formula] Running formula intel036 with K=30 up to limit 1600
[2025-12-12 07:43:07] [generate_cnf] Generating formula intel036 with K=31
[2025-12-12 07:43:17] [run_formula] Running formula intel036 with K=31 up to limit 1600
[2025-12-12 07:43:19] [generate_cnf] Generating formula intel036 with K=32
[2025-12-12 07:43:30] [run_formula] Running formula intel036 with K=32 up to limit 1600
[2025-12-12 07:43:32] [generate_cnf] Generating formula intel036 with K=33
[2025-12-12 07:43:43] [run_formula] Running formula intel036 with K=33 up to limit 1600
[2025-12-12 07:43:45] [generate_cnf] Generating formula intel036 with K=34
[2025-12-12 07:43:57] [run_formula] Running formula intel036 with K=34 up to limit 1600
[2025-12-12 07:43:59] [generate_cnf] Generating formula intel036 with K=35
[2025-12-12 07:44:10] [run_formula] Running formula intel036 with K=35 up to limit 1600
[2025-12-12 07:44:13] [generate_cnf] Generating formula intel036 with K=36
[2025-12-12 07:44:25] [run_formula] Running formula intel036 with K=36 up to limit 1600
[2025-12-12 07:44:27] [generate_cnf] Generating formula intel036 with K=37
[2025-12-12 07:44:39] [run_formula] Running formula intel036 with K=37 up to limit 1600
[2025-12-12 07:44:42] [generate_cnf] Generating formula intel036 with K=38
[2025-12-12 07:44:54] [run_formula] Running formula intel036 with K=38 up to limit 1600
[2025-12-12 07:44:57] [generate_cnf] Generating formula intel036 with K=39
[2025-12-12 07:45:10] [run_formula] Running formula intel036 with K=39 up to limit 1600
[2025-12-12 07:45:14] [generate_cnf] Generating formula intel036 with K=40
[2025-12-12 07:45:26] [run_formula] Running formula intel036 with K=40 up to limit 1600
[2025-12-12 07:45:29] [generate_cnf] Generating formula intel036 with K=41
[2025-12-12 07:45:41] [run_formula] Running formula intel036 with K=41 up to limit 1600
[2025-12-12 07:45:44] [generate_cnf] Generating formula intel036 with K=42
[2025-12-12 07:45:57] [run_formula] Running formula intel036 with K=42 up to limit 1600
[2025-12-12 07:45:59] [generate_cnf] Generating formula intel036 with K=43
[2025-12-12 07:46:12] [run_formula] Running formula intel036 with K=43 up to limit 1600
[2025-12-12 07:46:15] [generate_cnf] Generating formula intel036 with K=44
[2025-12-12 07:46:29] [run_formula] Running formula intel036 with K=44 up to limit 1600
[2025-12-12 07:46:33] [generate_cnf] Generating formula intel036 with K=45
[2025-12-12 07:46:48] [run_formula] Running formula intel036 with K=45 up to limit 1600
[2025-12-12 07:46:51] [generate_cnf] Generating formula intel036 with K=46
[2025-12-12 07:47:04] [run_formula] Running formula intel036 with K=46 up to limit 1600
[2025-12-12 07:47:07] [generate_cnf] Generating formula intel036 with K=47
[2025-12-12 07:47:21] [run_formula] Running formula intel036 with K=47 up to limit 1600
[2025-12-12 07:47:24] [generate_cnf] Generating formula intel036 with K=48
[2025-12-12 07:47:38] [run_formula] Running formula intel036 with K=48 up to limit 1600
[2025-12-12 07:47:41] [generate_cnf] Generating formula intel036 with K=49
[2025-12-12 07:47:56] [run_formula] Running formula intel036 with K=49 up to limit 1600
[2025-12-12 07:48:00] [generate_cnf] Generating formula intel036 with K=50
[2025-12-12 07:48:16] [run_formula] Running formula intel036 with K=50 up to limit 1600
[2025-12-12 07:48:19] [generate_cnf] Generating formula intel036 with K=51
[2025-12-12 07:48:34] [run_formula] Running formula intel036 with K=51 up to limit 1600
[2025-12-12 07:48:37] [generate_cnf] Generating formula intel036 with K=52
[2025-12-12 07:48:52] [run_formula] Running formula intel036 with K=52 up to limit 1600
[2025-12-12 07:48:56] [generate_cnf] Generating formula intel036 with K=53
[2025-12-12 07:49:11] [run_formula] Running formula intel036 with K=53 up to limit 1600
[2025-12-12 07:49:16] [generate_cnf] Generating formula intel036 with K=54
[2025-12-12 07:49:33] [run_formula] Running formula intel036 with K=54 up to limit 1600
[2025-12-12 07:49:36] [generate_cnf] Generating formula intel036 with K=55
[2025-12-12 07:49:52] [run_formula] Running formula intel036 with K=55 up to limit 1600
[2025-12-12 07:49:56] [generate_cnf] Generating formula intel036 with K=56
[2025-12-12 07:50:12] [run_formula] Running formula intel036 with K=56 up to limit 1600
[2025-12-12 07:50:16] [generate_cnf] Generating formula intel036 with K=57
[2025-12-12 07:50:32] [run_formula] Running formula intel036 with K=57 up to limit 1600
[2025-12-12 07:50:36] [generate_cnf] Generating formula intel036 with K=58
[2025-12-12 07:50:53] [run_formula] Running formula intel036 with K=58 up to limit 1600
[2025-12-12 07:50:58] [generate_cnf] Generating formula intel036 with K=59
[2025-12-12 07:51:17] [run_formula] Running formula intel036 with K=59 up to limit 1600
[2025-12-12 07:51:21] [generate_cnf] Generating formula intel036 with K=60
[2025-12-12 07:51:38] [run_formula] Running formula intel036 with K=60 up to limit 1600
[2025-12-12 07:51:42] [generate_cnf] Generating formula intel036 with K=61
[2025-12-12 07:51:59] [run_formula] Running formula intel036 with K=61 up to limit 1600
[2025-12-12 07:52:11] [generate_cnf] Generating formula intel036 with K=62
[2025-12-12 07:52:31] [run_formula] Running formula intel036 with K=62 up to limit 1600
[2025-12-12 07:52:35] [generate_cnf] Generating formula intel036 with K=63
[2025-12-12 07:52:52] [run_formula] Running formula intel036 with K=63 up to limit 1600
[2025-12-12 07:52:57] [generate_cnf] Generating formula intel036 with K=64
[2025-12-12 07:53:15] [run_formula] Running formula intel036 with K=64 up to limit 1600
[2025-12-12 07:53:20] [generate_cnf] Generating formula intel036 with K=65
[2025-12-12 07:53:40] [run_formula] Running formula intel036 with K=65 up to limit 1600
[2025-12-12 07:53:53] [generate_cnf] Generating formula intel036 with K=66
[2025-12-12 07:54:12] [run_formula] Running formula intel036 with K=66 up to limit 1600
[2025-12-12 07:54:17] [generate_cnf] Generating formula intel036 with K=67
[2025-12-12 07:54:42] [run_formula] Running formula intel036 with K=67 up to limit 1600
[2025-12-12 07:54:46] [generate_cnf] Generating formula intel036 with K=68
[2025-12-12 07:55:06] [run_formula] Running formula intel036 with K=68 up to limit 1600
[2025-12-12 07:55:10] [generate_cnf] Generating formula intel036 with K=69
[2025-12-12 07:55:31] [run_formula] Running formula intel036 with K=69 up to limit 1600
[2025-12-12 07:55:43] [generate_cnf] Generating formula intel036 with K=70
[2025-12-12 07:56:02] [run_formula] Running formula intel036 with K=70 up to limit 1600
[2025-12-12 07:56:07] [generate_cnf] Generating formula intel036 with K=71
[2025-12-12 07:56:26] [run_formula] Running formula intel036 with K=71 up to limit 1600
[2025-12-12 07:56:31] [generate_cnf] Generating formula intel036 with K=72
[2025-12-12 07:56:51] [run_formula] Running formula intel036 with K=72 up to limit 1600
[2025-12-12 07:56:56] [generate_cnf] Generating formula intel036 with K=73
[2025-12-12 07:57:16] [run_formula] Running formula intel036 with K=73 up to limit 1600
[2025-12-12 07:57:30] [generate_cnf] Generating formula intel036 with K=74
[2025-12-12 07:57:50] [run_formula] Running formula intel036 with K=74 up to limit 1600
[2025-12-12 07:57:55] [generate_cnf] Generating formula intel036 with K=75
[2025-12-12 07:58:18] [run_formula] Running formula intel036 with K=75 up to limit 1600
[2025-12-12 07:58:22] [generate_cnf] Generating formula intel036 with K=76
[2025-12-12 07:58:42] [run_formula] Running formula intel036 with K=76 up to limit 1600
[2025-12-12 07:58:47] [generate_cnf] Generating formula intel036 with K=77
[2025-12-12 07:59:07] [run_formula] Running formula intel036 with K=77 up to limit 1600
[2025-12-12 07:59:21] [generate_cnf] Generating formula intel036 with K=78
[2025-12-12 07:59:42] [run_formula] Running formula intel036 with K=78 up to limit 1600
[2025-12-12 07:59:47] [generate_cnf] Generating formula intel036 with K=79
[2025-12-12 08:00:09] [run_formula] Running formula intel036 with K=79 up to limit 1600
[2025-12-12 08:00:14] [generate_cnf] Generating formula intel036 with K=80
[2025-12-12 08:00:36] [run_formula] Running formula intel036 with K=80 up to limit 1600
[2025-12-12 08:00:41] [generate_cnf] Generating formula intel036 with K=81
[2025-12-12 08:01:03] [run_formula] Running formula intel036 with K=81 up to limit 1600
[2025-12-12 08:01:18] [generate_cnf] Generating formula intel036 with K=82
[2025-12-12 08:01:40] [run_formula] Running formula intel036 with K=82 up to limit 1600
[2025-12-12 08:01:45] [generate_cnf] Generating formula intel036 with K=83
[2025-12-12 08:02:08] [run_formula] Running formula intel036 with K=83 up to limit 1600
[2025-12-12 08:02:13] [generate_cnf] Generating formula intel036 with K=84
[2025-12-12 08:02:35] [run_formula] Running formula intel036 with K=84 up to limit 1600
[2025-12-12 08:02:41] [generate_cnf] Generating formula intel036 with K=85
[2025-12-12 08:03:03] [run_formula] Running formula intel036 with K=85 up to limit 1600
[2025-12-12 08:03:18] [generate_cnf] Generating formula intel036 with K=86
[2025-12-12 08:03:41] [run_formula] Running formula intel036 with K=86 up to limit 1600
[2025-12-12 08:03:47] [generate_cnf] Generating formula intel036 with K=87
[2025-12-12 08:04:10] [run_formula] Running formula intel036 with K=87 up to limit 1600
[2025-12-12 08:04:15] [generate_cnf] Generating formula intel036 with K=88
[2025-12-12 08:04:38] [run_formula] Running formula intel036 with K=88 up to limit 1600
[2025-12-12 08:04:44] [generate_cnf] Generating formula intel036 with K=89
[2025-12-12 08:05:07] [run_formula] Running formula intel036 with K=89 up to limit 1600
[2025-12-12 08:05:23] [generate_cnf] Generating formula intel036 with K=90
[2025-12-12 08:05:47] [run_formula] Running formula intel036 with K=90 up to limit 1600
[2025-12-12 08:05:53] [generate_cnf] Generating formula intel036 with K=91
[2025-12-12 08:06:17] [run_formula] Running formula intel036 with K=91 up to limit 1600
[2025-12-12 08:06:23] [generate_cnf] Generating formula intel036 with K=92
[2025-12-12 08:06:47] [run_formula] Running formula intel036 with K=92 up to limit 1600
[2025-12-12 08:06:53] [generate_cnf] Generating formula intel036 with K=93
[2025-12-12 08:07:17] [run_formula] Running formula intel036 with K=93 up to limit 1600
[2025-12-12 08:07:34] [generate_cnf] Generating formula intel036 with K=94
[2025-12-12 08:07:59] [run_formula] Running formula intel036 with K=94 up to limit 1600
[2025-12-12 08:08:05] [generate_cnf] Generating formula intel036 with K=95
[2025-12-12 08:08:30] [run_formula] Running formula intel036 with K=95 up to limit 1600
[2025-12-12 08:08:35] [generate_cnf] Generating formula intel036 with K=96
[2025-12-12 08:09:04] [run_formula] Running formula intel036 with K=96 up to limit 1600
[2025-12-12 08:09:10] [generate_cnf] Generating formula intel036 with K=97
[2025-12-12 08:09:35] [run_formula] Running formula intel036 with K=97 up to limit 1600
[2025-12-12 08:09:53] [generate_cnf] Generating formula intel036 with K=98
[2025-12-12 08:10:19] [run_formula] Running formula intel036 with K=98 up to limit 1600
[2025-12-12 08:10:25] [generate_cnf] Generating formula intel036 with K=99
[2025-12-12 08:10:51] [run_formula] Running formula intel036 with K=99 up to limit 1600
[2025-12-12 08:10:58] [generate_cnf] Generating formula intel036 with K=100
[2025-12-12 08:11:24] [run_formula] Running formula intel036 with K=100 up to limit 1600
[2025-12-12 08:11:30] [generate_cnf] Generating formula intel036 with K=101
[2025-12-12 08:11:57] [run_formula] Running formula intel036 with K=101 up to limit 1600
[2025-12-12 08:12:16] [generate_cnf] Generating formula intel036 with K=102
[2025-12-12 08:12:43] [run_formula] Running formula intel036 with K=102 up to limit 1600
[2025-12-12 08:12:50] [generate_cnf] Generating formula intel036 with K=103
[2025-12-12 08:13:21] [run_formula] Running formula intel036 with K=103 up to limit 1600
[2025-12-12 08:13:27] [generate_cnf] Generating formula intel036 with K=104
[2025-12-12 08:13:54] [run_formula] Running formula intel036 with K=104 up to limit 1600
[2025-12-12 08:14:00] [generate_cnf] Generating formula intel036 with K=105
[2025-12-12 08:14:27] [run_formula] Running formula intel036 with K=105 up to limit 1600
[2025-12-12 08:14:54] [generate_cnf] Generating formula intel036 with K=106
[2025-12-12 08:15:21] [run_formula] Running formula intel036 with K=106 up to limit 1600
[2025-12-12 08:15:28] [generate_cnf] Generating formula intel036 with K=107
[2025-12-12 08:15:55] [run_formula] Running formula intel036 with K=107 up to limit 1600
[2025-12-12 08:16:02] [generate_cnf] Generating formula intel036 with K=108
[2025-12-12 08:16:30] [run_formula] Running formula intel036 with K=108 up to limit 1600
[2025-12-12 08:16:37] [generate_cnf] Generating formula intel036 with K=109
[2025-12-12 08:17:05] [run_formula] Running formula intel036 with K=109 up to limit 1600
[2025-12-12 08:18:14] [generate_cnf] Generating formula intel036 with K=110
[2025-12-12 08:18:42] [run_formula] Running formula intel036 with K=110 up to limit 1600
[2025-12-12 08:18:49] [generate_cnf] Generating formula intel036 with K=111
[2025-12-12 08:19:18] [run_formula] Running formula intel036 with K=111 up to limit 1600
[2025-12-12 08:19:25] [generate_cnf] Generating formula intel036 with K=112
[2025-12-12 08:19:53] [run_formula] Running formula intel036 with K=112 up to limit 1600
[2025-12-12 08:20:00] [generate_cnf] Generating formula intel036 with K=113
[2025-12-12 08:20:29] [run_formula] Running formula intel036 with K=113 up to limit 1600
[2025-12-12 08:23:46] [generate_cnf] Generating formula intel036 with K=114
[2025-12-12 08:24:16] [run_formula] Running formula intel036 with K=114 up to limit 1600
[2025-12-12 08:24:23] [generate_cnf] Generating formula intel036 with K=115
[2025-12-12 08:24:53] [run_formula] Running formula intel036 with K=115 up to limit 1600
[2025-12-12 08:25:00] [generate_cnf] Generating formula intel036 with K=116
[2025-12-12 08:25:31] [run_formula] Running formula intel036 with K=116 up to limit 1600
[2025-12-12 08:25:38] [generate_cnf] Generating formula intel036 with K=117
[2025-12-12 08:26:08] [run_formula] Running formula intel036 with K=117 up to limit 1600
[2025-12-12 08:34:09] [run_formula] Error running formula intel036 with K=117: [Errno 122] Disk quota exceeded: './results/solving_logs/intel036//intel036.117.log'
[2025-12-12 08:34:09] [generate_and_run_up_to_limit] Failed to run formula intel036 with K=117, halting
