CNF written.
CNF written.
CNF written.
CNF written.
CNF written.
CNF written.
CNF written.
CNF written.
CNF written.
CNF written.
CNF written.
CNF written.
CNF written.
CNF written.
CNF written.
CNF written.
CNF written.
CNF written.
CNF written.
CNF written.
CNF written.
CNF written.
CNF written.
CNF written.
CNF written.
CNF written.
CNF written.
CNF written.
CNF written.
CNF written.
CNF written.
CNF written.
CNF written.
CNF written.
CNF written.
CNF written.
CNF written.
CNF written.
CNF written.
CNF written.
CNF written.
CNF written.
CNF written.
CNF written.
CNF written.
CNF written.
CNF written.
CNF written.
CNF written.
CNF written.
CNF written.
CNF written.
CNF written.
CNF written.
CNF written.
CNF written.
CNF written.
CNF written.
CNF written.
CNF written.
CNF written.
CNF written.
CNF written.
CNF written.
CNF written.
CNF written.
CNF written.
CNF written.
CNF written.
CNF written.
CNF written.
CNF written.
CNF written.
CNF written.
CNF written.
CNF written.
CNF written.
CNF written.
CNF written.
CNF written.
CNF written.
CNF written.
CNF written.
CNF written.
CNF written.
CNF written.
CNF written.
CNF written.
CNF written.
CNF written.
CNF written.
CNF written.
CNF written.
CNF written.
CNF written.
CNF written.
CNF written.
CNF written.
CNF written.
CNF written.
CNF written.
CNF written.
CNF written.
CNF written.
CNF written.
CNF written.
CNF written.
CNF written.
CNF written.
CNF written.
CNF written.
CNF written.
CNF written.
CNF written.
CNF written.
CNF written.
CNF written.
CNF written.
CNF written.
CNF written.
CNF written.
CNF written.
CNF written.
CNF written.
CNF written.
CNF written.
CNF written.
CNF written.
CNF written.
CNF written.
CNF written.
CNF written.
CNF written.
CNF written.
CNF written.
CNF written.
CNF written.
CNF written.
CNF written.
CNF written.
CNF written.
CNF written.
CNF written.
CNF written.
CNF written.
CNF written.
CNF written.
CNF written.
CNF written.
CNF written.
CNF written.
CNF written.
CNF written.
CNF written.
CNF written.
CNF written.
CNF written.
CNF written.
CNF written.
CNF written.
CNF written.
CNF written.
CNF written.
CNF written.
CNF written.
[2025-12-12 07:17:01] [generate_and_run_up_to_limit] Generating and running intel037 with K<=500 up to limit 1600
[2025-12-12 07:17:01] [generate_cnf] Generating formula intel037 with K=1
[2025-12-12 07:17:02] [run_formula] Running formula intel037 with K=1 up to limit 1600
[2025-12-12 07:17:02] [generate_cnf] Generating formula intel037 with K=2
[2025-12-12 07:17:03] [run_formula] Running formula intel037 with K=2 up to limit 1600
[2025-12-12 07:17:03] [generate_cnf] Generating formula intel037 with K=3
[2025-12-12 07:17:04] [run_formula] Running formula intel037 with K=3 up to limit 1600
[2025-12-12 07:17:04] [generate_cnf] Generating formula intel037 with K=4
[2025-12-12 07:17:06] [run_formula] Running formula intel037 with K=4 up to limit 1600
[2025-12-12 07:17:06] [generate_cnf] Generating formula intel037 with K=5
[2025-12-12 07:17:07] [run_formula] Running formula intel037 with K=5 up to limit 1600
[2025-12-12 07:17:08] [generate_cnf] Generating formula intel037 with K=6
[2025-12-12 07:17:09] [run_formula] Running formula intel037 with K=6 up to limit 1600
[2025-12-12 07:17:10] [generate_cnf] Generating formula intel037 with K=7
[2025-12-12 07:17:12] [run_formula] Running formula intel037 with K=7 up to limit 1600
[2025-12-12 07:17:12] [generate_cnf] Generating formula intel037 with K=8
[2025-12-12 07:17:14] [run_formula] Running formula intel037 with K=8 up to limit 1600
[2025-12-12 07:17:15] [generate_cnf] Generating formula intel037 with K=9
[2025-12-12 07:17:17] [run_formula] Running formula intel037 with K=9 up to limit 1600
[2025-12-12 07:17:17] [generate_cnf] Generating formula intel037 with K=10
[2025-12-12 07:17:20] [run_formula] Running formula intel037 with K=10 up to limit 1600
[2025-12-12 07:17:20] [generate_cnf] Generating formula intel037 with K=11
[2025-12-12 07:17:23] [run_formula] Running formula intel037 with K=11 up to limit 1600
[2025-12-12 07:17:23] [generate_cnf] Generating formula intel037 with K=12
[2025-12-12 07:17:26] [run_formula] Running formula intel037 with K=12 up to limit 1600
[2025-12-12 07:17:27] [generate_cnf] Generating formula intel037 with K=13
[2025-12-12 07:17:30] [run_formula] Running formula intel037 with K=13 up to limit 1600
[2025-12-12 07:17:31] [generate_cnf] Generating formula intel037 with K=14
[2025-12-12 07:17:34] [run_formula] Running formula intel037 with K=14 up to limit 1600
[2025-12-12 07:17:35] [generate_cnf] Generating formula intel037 with K=15
[2025-12-12 07:17:39] [run_formula] Running formula intel037 with K=15 up to limit 1600
[2025-12-12 07:17:40] [generate_cnf] Generating formula intel037 with K=16
[2025-12-12 07:17:45] [run_formula] Running formula intel037 with K=16 up to limit 1600
[2025-12-12 07:17:46] [generate_cnf] Generating formula intel037 with K=17
[2025-12-12 07:17:51] [run_formula] Running formula intel037 with K=17 up to limit 1600
[2025-12-12 07:17:52] [generate_cnf] Generating formula intel037 with K=18
[2025-12-12 07:17:57] [run_formula] Running formula intel037 with K=18 up to limit 1600
[2025-12-12 07:17:58] [generate_cnf] Generating formula intel037 with K=19
[2025-12-12 07:18:03] [run_formula] Running formula intel037 with K=19 up to limit 1600
[2025-12-12 07:18:04] [generate_cnf] Generating formula intel037 with K=20
[2025-12-12 07:18:09] [run_formula] Running formula intel037 with K=20 up to limit 1600
[2025-12-12 07:18:10] [generate_cnf] Generating formula intel037 with K=21
[2025-12-12 07:18:16] [run_formula] Running formula intel037 with K=21 up to limit 1600
[2025-12-12 07:18:17] [generate_cnf] Generating formula intel037 with K=22
[2025-12-12 07:18:23] [run_formula] Running formula intel037 with K=22 up to limit 1600
[2025-12-12 07:18:24] [generate_cnf] Generating formula intel037 with K=23
[2025-12-12 07:18:30] [run_formula] Running formula intel037 with K=23 up to limit 1600
[2025-12-12 07:18:31] [generate_cnf] Generating formula intel037 with K=24
[2025-12-12 07:18:37] [run_formula] Running formula intel037 with K=24 up to limit 1600
[2025-12-12 07:18:39] [generate_cnf] Generating formula intel037 with K=25
[2025-12-12 07:18:45] [run_formula] Running formula intel037 with K=25 up to limit 1600
[2025-12-12 07:18:46] [generate_cnf] Generating formula intel037 with K=26
[2025-12-12 07:18:53] [run_formula] Running formula intel037 with K=26 up to limit 1600
[2025-12-12 07:18:54] [generate_cnf] Generating formula intel037 with K=27
[2025-12-12 07:19:01] [run_formula] Running formula intel037 with K=27 up to limit 1600
[2025-12-12 07:19:02] [generate_cnf] Generating formula intel037 with K=28
[2025-12-12 07:19:09] [run_formula] Running formula intel037 with K=28 up to limit 1600
[2025-12-12 07:19:11] [generate_cnf] Generating formula intel037 with K=29
[2025-12-12 07:19:17] [run_formula] Running formula intel037 with K=29 up to limit 1600
[2025-12-12 07:19:19] [generate_cnf] Generating formula intel037 with K=30
[2025-12-12 07:19:26] [run_formula] Running formula intel037 with K=30 up to limit 1600
[2025-12-12 07:19:28] [generate_cnf] Generating formula intel037 with K=31
[2025-12-12 07:19:36] [run_formula] Running formula intel037 with K=31 up to limit 1600
[2025-12-12 07:19:38] [generate_cnf] Generating formula intel037 with K=32
[2025-12-12 07:19:46] [run_formula] Running formula intel037 with K=32 up to limit 1600
[2025-12-12 07:19:48] [generate_cnf] Generating formula intel037 with K=33
[2025-12-12 07:19:56] [run_formula] Running formula intel037 with K=33 up to limit 1600
[2025-12-12 07:19:58] [generate_cnf] Generating formula intel037 with K=34
[2025-12-12 07:20:07] [run_formula] Running formula intel037 with K=34 up to limit 1600
[2025-12-12 07:20:09] [generate_cnf] Generating formula intel037 with K=35
[2025-12-12 07:20:18] [run_formula] Running formula intel037 with K=35 up to limit 1600
[2025-12-12 07:20:20] [generate_cnf] Generating formula intel037 with K=36
[2025-12-12 07:20:29] [run_formula] Running formula intel037 with K=36 up to limit 1600
[2025-12-12 07:20:31] [generate_cnf] Generating formula intel037 with K=37
[2025-12-12 07:20:41] [run_formula] Running formula intel037 with K=37 up to limit 1600
[2025-12-12 07:20:43] [generate_cnf] Generating formula intel037 with K=38
[2025-12-12 07:20:52] [run_formula] Running formula intel037 with K=38 up to limit 1600
[2025-12-12 07:20:55] [generate_cnf] Generating formula intel037 with K=39
[2025-12-12 07:21:04] [run_formula] Running formula intel037 with K=39 up to limit 1600
[2025-12-12 07:21:07] [generate_cnf] Generating formula intel037 with K=40
[2025-12-12 07:21:16] [run_formula] Running formula intel037 with K=40 up to limit 1600
[2025-12-12 07:21:18] [generate_cnf] Generating formula intel037 with K=41
[2025-12-12 07:21:28] [run_formula] Running formula intel037 with K=41 up to limit 1600
[2025-12-12 07:21:30] [generate_cnf] Generating formula intel037 with K=42
[2025-12-12 07:21:40] [run_formula] Running formula intel037 with K=42 up to limit 1600
[2025-12-12 07:21:43] [generate_cnf] Generating formula intel037 with K=43
[2025-12-12 07:21:53] [run_formula] Running formula intel037 with K=43 up to limit 1600
[2025-12-12 07:21:56] [generate_cnf] Generating formula intel037 with K=44
[2025-12-12 07:22:06] [run_formula] Running formula intel037 with K=44 up to limit 1600
[2025-12-12 07:22:09] [generate_cnf] Generating formula intel037 with K=45
[2025-12-12 07:22:19] [run_formula] Running formula intel037 with K=45 up to limit 1600
[2025-12-12 07:22:22] [generate_cnf] Generating formula intel037 with K=46
[2025-12-12 07:22:34] [run_formula] Running formula intel037 with K=46 up to limit 1600
[2025-12-12 07:22:37] [generate_cnf] Generating formula intel037 with K=47
[2025-12-12 07:22:49] [run_formula] Running formula intel037 with K=47 up to limit 1600
[2025-12-12 07:22:52] [generate_cnf] Generating formula intel037 with K=48
[2025-12-12 07:23:04] [run_formula] Running formula intel037 with K=48 up to limit 1600
[2025-12-12 07:23:07] [generate_cnf] Generating formula intel037 with K=49
[2025-12-12 07:23:20] [run_formula] Running formula intel037 with K=49 up to limit 1600
[2025-12-12 07:23:23] [generate_cnf] Generating formula intel037 with K=50
[2025-12-12 07:23:36] [run_formula] Running formula intel037 with K=50 up to limit 1600
[2025-12-12 07:23:39] [generate_cnf] Generating formula intel037 with K=51
[2025-12-12 07:23:51] [run_formula] Running formula intel037 with K=51 up to limit 1600
[2025-12-12 07:23:55] [generate_cnf] Generating formula intel037 with K=52
[2025-12-12 07:24:07] [run_formula] Running formula intel037 with K=52 up to limit 1600
[2025-12-12 07:24:10] [generate_cnf] Generating formula intel037 with K=53
[2025-12-12 07:24:22] [run_formula] Running formula intel037 with K=53 up to limit 1600
[2025-12-12 07:24:25] [generate_cnf] Generating formula intel037 with K=54
[2025-12-12 07:24:38] [run_formula] Running formula intel037 with K=54 up to limit 1600
[2025-12-12 07:24:42] [generate_cnf] Generating formula intel037 with K=55
[2025-12-12 07:24:55] [run_formula] Running formula intel037 with K=55 up to limit 1600
[2025-12-12 07:24:59] [generate_cnf] Generating formula intel037 with K=56
[2025-12-12 07:25:13] [run_formula] Running formula intel037 with K=56 up to limit 1600
[2025-12-12 07:25:16] [generate_cnf] Generating formula intel037 with K=57
[2025-12-12 07:25:30] [run_formula] Running formula intel037 with K=57 up to limit 1600
[2025-12-12 07:25:33] [generate_cnf] Generating formula intel037 with K=58
[2025-12-12 07:25:47] [run_formula] Running formula intel037 with K=58 up to limit 1600
[2025-12-12 07:25:51] [generate_cnf] Generating formula intel037 with K=59
[2025-12-12 07:26:04] [run_formula] Running formula intel037 with K=59 up to limit 1600
[2025-12-12 07:26:08] [generate_cnf] Generating formula intel037 with K=60
[2025-12-12 07:26:22] [run_formula] Running formula intel037 with K=60 up to limit 1600
[2025-12-12 07:26:26] [generate_cnf] Generating formula intel037 with K=61
[2025-12-12 07:26:42] [run_formula] Running formula intel037 with K=61 up to limit 1600
[2025-12-12 07:26:46] [generate_cnf] Generating formula intel037 with K=62
[2025-12-12 07:27:03] [run_formula] Running formula intel037 with K=62 up to limit 1600
[2025-12-12 07:27:07] [generate_cnf] Generating formula intel037 with K=63
[2025-12-12 07:27:23] [run_formula] Running formula intel037 with K=63 up to limit 1600
[2025-12-12 07:27:27] [generate_cnf] Generating formula intel037 with K=64
[2025-12-12 07:27:43] [run_formula] Running formula intel037 with K=64 up to limit 1600
[2025-12-12 07:27:47] [generate_cnf] Generating formula intel037 with K=65
[2025-12-12 07:28:04] [run_formula] Running formula intel037 with K=65 up to limit 1600
[2025-12-12 07:28:08] [generate_cnf] Generating formula intel037 with K=66
[2025-12-12 07:28:25] [run_formula] Running formula intel037 with K=66 up to limit 1600
[2025-12-12 07:28:29] [generate_cnf] Generating formula intel037 with K=67
[2025-12-12 07:28:46] [run_formula] Running formula intel037 with K=67 up to limit 1600
[2025-12-12 07:28:50] [generate_cnf] Generating formula intel037 with K=68
[2025-12-12 07:29:07] [run_formula] Running formula intel037 with K=68 up to limit 1600
[2025-12-12 07:29:11] [generate_cnf] Generating formula intel037 with K=69
[2025-12-12 07:29:29] [run_formula] Running formula intel037 with K=69 up to limit 1600
[2025-12-12 07:29:33] [generate_cnf] Generating formula intel037 with K=70
[2025-12-12 07:29:51] [run_formula] Running formula intel037 with K=70 up to limit 1600
[2025-12-12 07:29:55] [generate_cnf] Generating formula intel037 with K=71
[2025-12-12 07:30:12] [run_formula] Running formula intel037 with K=71 up to limit 1600
[2025-12-12 07:30:16] [generate_cnf] Generating formula intel037 with K=72
[2025-12-12 07:30:34] [run_formula] Running formula intel037 with K=72 up to limit 1600
[2025-12-12 07:30:38] [generate_cnf] Generating formula intel037 with K=73
[2025-12-12 07:30:55] [run_formula] Running formula intel037 with K=73 up to limit 1600
[2025-12-12 07:30:59] [generate_cnf] Generating formula intel037 with K=74
[2025-12-12 07:31:17] [run_formula] Running formula intel037 with K=74 up to limit 1600
[2025-12-12 07:31:21] [generate_cnf] Generating formula intel037 with K=75
[2025-12-12 07:31:40] [run_formula] Running formula intel037 with K=75 up to limit 1600
[2025-12-12 07:31:45] [generate_cnf] Generating formula intel037 with K=76
[2025-12-12 07:32:04] [run_formula] Running formula intel037 with K=76 up to limit 1600
[2025-12-12 07:32:08] [generate_cnf] Generating formula intel037 with K=77
[2025-12-12 07:32:28] [run_formula] Running formula intel037 with K=77 up to limit 1600
[2025-12-12 07:32:33] [generate_cnf] Generating formula intel037 with K=78
[2025-12-12 07:32:52] [run_formula] Running formula intel037 with K=78 up to limit 1600
[2025-12-12 07:32:57] [generate_cnf] Generating formula intel037 with K=79
[2025-12-12 07:33:16] [run_formula] Running formula intel037 with K=79 up to limit 1600
[2025-12-12 07:33:21] [generate_cnf] Generating formula intel037 with K=80
[2025-12-12 07:33:40] [run_formula] Running formula intel037 with K=80 up to limit 1600
[2025-12-12 07:33:46] [generate_cnf] Generating formula intel037 with K=81
[2025-12-12 07:34:07] [run_formula] Running formula intel037 with K=81 up to limit 1600
[2025-12-12 07:34:13] [generate_cnf] Generating formula intel037 with K=82
[2025-12-12 07:34:34] [run_formula] Running formula intel037 with K=82 up to limit 1600
[2025-12-12 07:34:39] [generate_cnf] Generating formula intel037 with K=83
[2025-12-12 07:35:00] [run_formula] Running formula intel037 with K=83 up to limit 1600
[2025-12-12 07:35:05] [generate_cnf] Generating formula intel037 with K=84
[2025-12-12 07:35:25] [run_formula] Running formula intel037 with K=84 up to limit 1600
[2025-12-12 07:35:30] [generate_cnf] Generating formula intel037 with K=85
[2025-12-12 07:35:51] [run_formula] Running formula intel037 with K=85 up to limit 1600
[2025-12-12 07:35:56] [generate_cnf] Generating formula intel037 with K=86
[2025-12-12 07:36:18] [run_formula] Running formula intel037 with K=86 up to limit 1600
[2025-12-12 07:36:23] [generate_cnf] Generating formula intel037 with K=87
[2025-12-12 07:36:45] [run_formula] Running formula intel037 with K=87 up to limit 1600
[2025-12-12 07:36:50] [generate_cnf] Generating formula intel037 with K=88
[2025-12-12 07:37:11] [run_formula] Running formula intel037 with K=88 up to limit 1600
[2025-12-12 07:37:17] [generate_cnf] Generating formula intel037 with K=89
[2025-12-12 07:37:38] [run_formula] Running formula intel037 with K=89 up to limit 1600
[2025-12-12 07:37:44] [generate_cnf] Generating formula intel037 with K=90
[2025-12-12 07:38:06] [run_formula] Running formula intel037 with K=90 up to limit 1600
[2025-12-12 07:38:12] [generate_cnf] Generating formula intel037 with K=91
[2025-12-12 07:38:34] [run_formula] Running formula intel037 with K=91 up to limit 1600
[2025-12-12 07:38:40] [generate_cnf] Generating formula intel037 with K=92
[2025-12-12 07:39:02] [run_formula] Running formula intel037 with K=92 up to limit 1600
[2025-12-12 07:39:08] [generate_cnf] Generating formula intel037 with K=93
[2025-12-12 07:39:31] [run_formula] Running formula intel037 with K=93 up to limit 1600
[2025-12-12 07:39:37] [generate_cnf] Generating formula intel037 with K=94
[2025-12-12 07:40:01] [run_formula] Running formula intel037 with K=94 up to limit 1600
[2025-12-12 07:40:07] [generate_cnf] Generating formula intel037 with K=95
[2025-12-12 07:40:31] [run_formula] Running formula intel037 with K=95 up to limit 1600
[2025-12-12 07:40:37] [generate_cnf] Generating formula intel037 with K=96
[2025-12-12 07:41:01] [run_formula] Running formula intel037 with K=96 up to limit 1600
[2025-12-12 07:41:07] [generate_cnf] Generating formula intel037 with K=97
[2025-12-12 07:41:30] [run_formula] Running formula intel037 with K=97 up to limit 1600
[2025-12-12 07:41:36] [generate_cnf] Generating formula intel037 with K=98
[2025-12-12 07:42:02] [run_formula] Running formula intel037 with K=98 up to limit 1600
[2025-12-12 07:42:08] [generate_cnf] Generating formula intel037 with K=99
[2025-12-12 07:42:34] [run_formula] Running formula intel037 with K=99 up to limit 1600
[2025-12-12 07:42:40] [generate_cnf] Generating formula intel037 with K=100
[2025-12-12 07:43:05] [run_formula] Running formula intel037 with K=100 up to limit 1600
[2025-12-12 07:43:11] [generate_cnf] Generating formula intel037 with K=101
[2025-12-12 07:43:36] [run_formula] Running formula intel037 with K=101 up to limit 1600
[2025-12-12 07:43:43] [generate_cnf] Generating formula intel037 with K=102
[2025-12-12 07:44:09] [run_formula] Running formula intel037 with K=102 up to limit 1600
[2025-12-12 07:44:15] [generate_cnf] Generating formula intel037 with K=103
[2025-12-12 07:44:42] [run_formula] Running formula intel037 with K=103 up to limit 1600
[2025-12-12 07:44:48] [generate_cnf] Generating formula intel037 with K=104
[2025-12-12 07:45:15] [run_formula] Running formula intel037 with K=104 up to limit 1600
[2025-12-12 07:45:22] [generate_cnf] Generating formula intel037 with K=105
[2025-12-12 07:45:49] [run_formula] Running formula intel037 with K=105 up to limit 1600
[2025-12-12 07:45:55] [generate_cnf] Generating formula intel037 with K=106
[2025-12-12 07:46:22] [run_formula] Running formula intel037 with K=106 up to limit 1600
[2025-12-12 07:46:29] [generate_cnf] Generating formula intel037 with K=107
[2025-12-12 07:46:56] [run_formula] Running formula intel037 with K=107 up to limit 1600
[2025-12-12 07:47:03] [generate_cnf] Generating formula intel037 with K=108
[2025-12-12 07:47:31] [run_formula] Running formula intel037 with K=108 up to limit 1600
[2025-12-12 07:47:38] [generate_cnf] Generating formula intel037 with K=109
[2025-12-12 07:48:05] [run_formula] Running formula intel037 with K=109 up to limit 1600
[2025-12-12 07:48:12] [generate_cnf] Generating formula intel037 with K=110
[2025-12-12 07:48:40] [run_formula] Running formula intel037 with K=110 up to limit 1600
[2025-12-12 07:48:47] [generate_cnf] Generating formula intel037 with K=111
[2025-12-12 07:49:15] [run_formula] Running formula intel037 with K=111 up to limit 1600
[2025-12-12 07:49:22] [generate_cnf] Generating formula intel037 with K=112
[2025-12-12 07:49:49] [run_formula] Running formula intel037 with K=112 up to limit 1600
[2025-12-12 07:49:56] [generate_cnf] Generating formula intel037 with K=113
[2025-12-12 07:50:25] [run_formula] Running formula intel037 with K=113 up to limit 1600
[2025-12-12 07:50:32] [generate_cnf] Generating formula intel037 with K=114
[2025-12-12 07:51:00] [run_formula] Running formula intel037 with K=114 up to limit 1600
[2025-12-12 07:51:07] [generate_cnf] Generating formula intel037 with K=115
[2025-12-12 07:51:36] [run_formula] Running formula intel037 with K=115 up to limit 1600
[2025-12-12 07:51:43] [generate_cnf] Generating formula intel037 with K=116
[2025-12-12 07:52:11] [run_formula] Running formula intel037 with K=116 up to limit 1600
[2025-12-12 07:52:18] [generate_cnf] Generating formula intel037 with K=117
[2025-12-12 07:52:48] [run_formula] Running formula intel037 with K=117 up to limit 1600
[2025-12-12 07:52:56] [generate_cnf] Generating formula intel037 with K=118
[2025-12-12 07:53:26] [run_formula] Running formula intel037 with K=118 up to limit 1600
[2025-12-12 07:53:34] [generate_cnf] Generating formula intel037 with K=119
[2025-12-12 07:54:04] [run_formula] Running formula intel037 with K=119 up to limit 1600
[2025-12-12 07:54:12] [generate_cnf] Generating formula intel037 with K=120
[2025-12-12 07:54:43] [run_formula] Running formula intel037 with K=120 up to limit 1600
[2025-12-12 07:54:50] [generate_cnf] Generating formula intel037 with K=121
[2025-12-12 07:55:21] [run_formula] Running formula intel037 with K=121 up to limit 1600
[2025-12-12 07:55:29] [generate_cnf] Generating formula intel037 with K=122
[2025-12-12 07:55:59] [run_formula] Running formula intel037 with K=122 up to limit 1600
[2025-12-12 07:56:07] [generate_cnf] Generating formula intel037 with K=123
[2025-12-12 07:56:36] [run_formula] Running formula intel037 with K=123 up to limit 1600
[2025-12-12 07:56:44] [generate_cnf] Generating formula intel037 with K=124
[2025-12-12 07:57:16] [run_formula] Running formula intel037 with K=124 up to limit 1600
[2025-12-12 07:57:24] [generate_cnf] Generating formula intel037 with K=125
[2025-12-12 07:57:55] [run_formula] Running formula intel037 with K=125 up to limit 1600
[2025-12-12 07:58:03] [generate_cnf] Generating formula intel037 with K=126
[2025-12-12 07:58:35] [run_formula] Running formula intel037 with K=126 up to limit 1600
[2025-12-12 07:58:43] [generate_cnf] Generating formula intel037 with K=127
[2025-12-12 07:59:14] [run_formula] Running formula intel037 with K=127 up to limit 1600
[2025-12-12 07:59:22] [generate_cnf] Generating formula intel037 with K=128
[2025-12-12 07:59:53] [run_formula] Running formula intel037 with K=128 up to limit 1600
[2025-12-12 08:00:01] [generate_cnf] Generating formula intel037 with K=129
[2025-12-12 08:00:35] [run_formula] Running formula intel037 with K=129 up to limit 1600
[2025-12-12 08:00:43] [generate_cnf] Generating formula intel037 with K=130
[2025-12-12 08:01:16] [run_formula] Running formula intel037 with K=130 up to limit 1600
[2025-12-12 08:01:24] [generate_cnf] Generating formula intel037 with K=131
[2025-12-12 08:01:56] [run_formula] Running formula intel037 with K=131 up to limit 1600
[2025-12-12 08:02:05] [generate_cnf] Generating formula intel037 with K=132
[2025-12-12 08:02:36] [run_formula] Running formula intel037 with K=132 up to limit 1600
[2025-12-12 08:02:44] [generate_cnf] Generating formula intel037 with K=133
[2025-12-12 08:03:17] [run_formula] Running formula intel037 with K=133 up to limit 1600
[2025-12-12 08:03:25] [generate_cnf] Generating formula intel037 with K=134
[2025-12-12 08:03:57] [run_formula] Running formula intel037 with K=134 up to limit 1600
[2025-12-12 08:04:06] [generate_cnf] Generating formula intel037 with K=135
[2025-12-12 08:04:38] [run_formula] Running formula intel037 with K=135 up to limit 1600
[2025-12-12 08:04:47] [generate_cnf] Generating formula intel037 with K=136
[2025-12-12 08:05:20] [run_formula] Running formula intel037 with K=136 up to limit 1600
[2025-12-12 08:05:28] [generate_cnf] Generating formula intel037 with K=137
[2025-12-12 08:06:03] [run_formula] Running formula intel037 with K=137 up to limit 1600
[2025-12-12 08:06:12] [generate_cnf] Generating formula intel037 with K=138
[2025-12-12 08:06:49] [run_formula] Running formula intel037 with K=138 up to limit 1600
[2025-12-12 08:06:57] [generate_cnf] Generating formula intel037 with K=139
[2025-12-12 08:07:33] [run_formula] Running formula intel037 with K=139 up to limit 1600
[2025-12-12 08:07:42] [generate_cnf] Generating formula intel037 with K=140
[2025-12-12 08:08:17] [run_formula] Running formula intel037 with K=140 up to limit 1600
[2025-12-12 08:08:27] [generate_cnf] Generating formula intel037 with K=141
[2025-12-12 08:09:01] [run_formula] Running formula intel037 with K=141 up to limit 1600
[2025-12-12 08:09:10] [generate_cnf] Generating formula intel037 with K=142
[2025-12-12 08:09:46] [run_formula] Running formula intel037 with K=142 up to limit 1600
[2025-12-12 08:09:55] [generate_cnf] Generating formula intel037 with K=143
[2025-12-12 08:10:31] [run_formula] Running formula intel037 with K=143 up to limit 1600
[2025-12-12 08:10:41] [generate_cnf] Generating formula intel037 with K=144
[2025-12-12 08:11:17] [run_formula] Running formula intel037 with K=144 up to limit 1600
[2025-12-12 08:11:26] [generate_cnf] Generating formula intel037 with K=145
[2025-12-12 08:12:01] [run_formula] Running formula intel037 with K=145 up to limit 1600
[2025-12-12 08:12:10] [generate_cnf] Generating formula intel037 with K=146
[2025-12-12 08:12:46] [run_formula] Running formula intel037 with K=146 up to limit 1600
[2025-12-12 08:12:55] [generate_cnf] Generating formula intel037 with K=147
[2025-12-12 08:13:32] [run_formula] Running formula intel037 with K=147 up to limit 1600
[2025-12-12 08:13:42] [generate_cnf] Generating formula intel037 with K=148
[2025-12-12 08:14:17] [run_formula] Running formula intel037 with K=148 up to limit 1600
[2025-12-12 08:14:26] [generate_cnf] Generating formula intel037 with K=149
[2025-12-12 08:15:04] [run_formula] Running formula intel037 with K=149 up to limit 1600
[2025-12-12 08:15:15] [generate_cnf] Generating formula intel037 with K=150
[2025-12-12 08:15:53] [run_formula] Running formula intel037 with K=150 up to limit 1600
[2025-12-12 08:16:03] [generate_cnf] Generating formula intel037 with K=151
[2025-12-12 08:16:42] [run_formula] Running formula intel037 with K=151 up to limit 1600
[2025-12-12 08:16:51] [generate_cnf] Generating formula intel037 with K=152
[2025-12-12 08:17:29] [run_formula] Running formula intel037 with K=152 up to limit 1600
[2025-12-12 08:17:39] [generate_cnf] Generating formula intel037 with K=153
[2025-12-12 08:18:18] [run_formula] Running formula intel037 with K=153 up to limit 1600
[2025-12-12 08:18:28] [generate_cnf] Generating formula intel037 with K=154
[2025-12-12 08:19:07] [run_formula] Running formula intel037 with K=154 up to limit 1600
[2025-12-12 08:19:17] [generate_cnf] Generating formula intel037 with K=155
[2025-12-12 08:19:56] [run_formula] Running formula intel037 with K=155 up to limit 1600
[2025-12-12 08:20:06] [generate_cnf] Generating formula intel037 with K=156
[2025-12-12 08:20:46] [run_formula] Running formula intel037 with K=156 up to limit 1600
[2025-12-12 08:20:56] [generate_cnf] Generating formula intel037 with K=157
[2025-12-12 08:21:34] [run_formula] Running formula intel037 with K=157 up to limit 1600
[2025-12-12 08:21:44] [generate_cnf] Generating formula intel037 with K=158
[2025-12-12 08:22:23] [run_formula] Running formula intel037 with K=158 up to limit 1600
[2025-12-12 08:22:33] [generate_cnf] Generating formula intel037 with K=159
[2025-12-12 08:23:13] [run_formula] Running formula intel037 with K=159 up to limit 1600
[2025-12-12 08:23:24] [generate_cnf] Generating formula intel037 with K=160
[2025-12-12 08:24:04] [run_formula] Running formula intel037 with K=160 up to limit 1600
[2025-12-12 08:24:14] [generate_cnf] Generating formula intel037 with K=161
[2025-12-12 08:24:55] [run_formula] Running formula intel037 with K=161 up to limit 1600
[2025-12-12 08:25:05] [generate_cnf] Generating formula intel037 with K=162
[2025-12-12 08:25:46] [run_formula] Running formula intel037 with K=162 up to limit 1600
[2025-12-12 08:25:56] [generate_cnf] Generating formula intel037 with K=163
[2025-12-12 08:26:38] [run_formula] Running formula intel037 with K=163 up to limit 1600
[2025-12-12 08:26:50] [generate_cnf] Generating formula intel037 with K=164
[2025-12-12 08:27:33] [run_formula] Running formula intel037 with K=164 up to limit 1600
[2025-12-12 08:27:43] [generate_cnf] Generating formula intel037 with K=165
[2025-12-12 08:28:07] [generate_and_run_up_to_limit] Failed to generate CNF for intel037 with K=165, halting
