CNF written.
CNF written.
CNF written.
CNF written.
CNF written.
CNF written.
CNF written.
CNF written.
CNF written.
CNF written.
CNF written.
CNF written.
CNF written.
CNF written.
CNF written.
CNF written.
CNF written.
CNF written.
CNF written.
CNF written.
CNF written.
CNF written.
CNF written.
CNF written.
CNF written.
CNF written.
CNF written.
CNF written.
CNF written.
CNF written.
CNF written.
CNF written.
CNF written.
CNF written.
CNF written.
CNF written.
CNF written.
CNF written.
CNF written.
CNF written.
CNF written.
CNF written.
CNF written.
CNF written.
CNF written.
CNF written.
CNF written.
CNF written.
CNF written.
CNF written.
CNF written.
CNF written.
CNF written.
CNF written.
CNF written.
CNF written.
CNF written.
CNF written.
CNF written.
CNF written.
CNF written.
CNF written.
CNF written.
CNF written.
CNF written.
CNF written.
CNF written.
CNF written.
CNF written.
CNF written.
CNF written.
CNF written.
CNF written.
CNF written.
CNF written.
CNF written.
CNF written.
CNF written.
CNF written.
CNF written.
CNF written.
CNF written.
CNF written.
CNF written.
CNF written.
CNF written.
CNF written.
CNF written.
CNF written.
CNF written.
CNF written.
CNF written.
CNF written.
CNF written.
CNF written.
CNF written.
CNF written.
CNF written.
CNF written.
CNF written.
CNF written.
CNF written.
CNF written.
CNF written.
CNF written.
CNF written.
CNF written.
CNF written.
CNF written.
CNF written.
CNF written.
CNF written.
CNF written.
CNF written.
CNF written.
CNF written.
CNF written.
CNF written.
CNF written.
CNF written.
CNF written.
[2025-12-12 07:33:29] [generate_and_run_up_to_limit] Generating and running intel009 with K<=500 up to limit 1600
[2025-12-12 07:33:29] [generate_cnf] Generating formula intel009 with K=1
[2025-12-12 07:33:30] [run_formula] Running formula intel009 with K=1 up to limit 1600
[2025-12-12 07:33:30] [generate_cnf] Generating formula intel009 with K=2
[2025-12-12 07:33:31] [run_formula] Running formula intel009 with K=2 up to limit 1600
[2025-12-12 07:33:32] [generate_cnf] Generating formula intel009 with K=3
[2025-12-12 07:33:33] [run_formula] Running formula intel009 with K=3 up to limit 1600
[2025-12-12 07:33:34] [generate_cnf] Generating formula intel009 with K=4
[2025-12-12 07:33:35] [run_formula] Running formula intel009 with K=4 up to limit 1600
[2025-12-12 07:33:36] [generate_cnf] Generating formula intel009 with K=5
[2025-12-12 07:33:38] [run_formula] Running formula intel009 with K=5 up to limit 1600
[2025-12-12 07:33:38] [generate_cnf] Generating formula intel009 with K=6
[2025-12-12 07:33:41] [run_formula] Running formula intel009 with K=6 up to limit 1600
[2025-12-12 07:33:41] [generate_cnf] Generating formula intel009 with K=7
[2025-12-12 07:33:43] [run_formula] Running formula intel009 with K=7 up to limit 1600
[2025-12-12 07:33:44] [generate_cnf] Generating formula intel009 with K=8
[2025-12-12 07:33:47] [run_formula] Running formula intel009 with K=8 up to limit 1600
[2025-12-12 07:33:48] [generate_cnf] Generating formula intel009 with K=9
[2025-12-12 07:33:50] [run_formula] Running formula intel009 with K=9 up to limit 1600
[2025-12-12 07:33:51] [generate_cnf] Generating formula intel009 with K=10
[2025-12-12 07:33:54] [run_formula] Running formula intel009 with K=10 up to limit 1600
[2025-12-12 07:33:55] [generate_cnf] Generating formula intel009 with K=11
[2025-12-12 07:33:59] [run_formula] Running formula intel009 with K=11 up to limit 1600
[2025-12-12 07:34:00] [generate_cnf] Generating formula intel009 with K=12
[2025-12-12 07:34:04] [run_formula] Running formula intel009 with K=12 up to limit 1600
[2025-12-12 07:34:05] [generate_cnf] Generating formula intel009 with K=13
[2025-12-12 07:34:09] [run_formula] Running formula intel009 with K=13 up to limit 1600
[2025-12-12 07:34:10] [generate_cnf] Generating formula intel009 with K=14
[2025-12-12 07:34:14] [run_formula] Running formula intel009 with K=14 up to limit 1600
[2025-12-12 07:34:15] [generate_cnf] Generating formula intel009 with K=15
[2025-12-12 07:34:20] [run_formula] Running formula intel009 with K=15 up to limit 1600
[2025-12-12 07:34:21] [generate_cnf] Generating formula intel009 with K=16
[2025-12-12 07:34:26] [run_formula] Running formula intel009 with K=16 up to limit 1600
[2025-12-12 07:34:27] [generate_cnf] Generating formula intel009 with K=17
[2025-12-12 07:34:32] [run_formula] Running formula intel009 with K=17 up to limit 1600
[2025-12-12 07:34:34] [generate_cnf] Generating formula intel009 with K=18
[2025-12-12 07:34:39] [run_formula] Running formula intel009 with K=18 up to limit 1600
[2025-12-12 07:34:41] [generate_cnf] Generating formula intel009 with K=19
[2025-12-12 07:34:46] [run_formula] Running formula intel009 with K=19 up to limit 1600
[2025-12-12 07:34:47] [generate_cnf] Generating formula intel009 with K=20
[2025-12-12 07:34:53] [run_formula] Running formula intel009 with K=20 up to limit 1600
[2025-12-12 07:34:54] [generate_cnf] Generating formula intel009 with K=21
[2025-12-12 07:35:00] [run_formula] Running formula intel009 with K=21 up to limit 1600
[2025-12-12 07:35:02] [generate_cnf] Generating formula intel009 with K=22
[2025-12-12 07:35:08] [run_formula] Running formula intel009 with K=22 up to limit 1600
[2025-12-12 07:35:09] [generate_cnf] Generating formula intel009 with K=23
[2025-12-12 07:35:16] [run_formula] Running formula intel009 with K=23 up to limit 1600
[2025-12-12 07:35:17] [generate_cnf] Generating formula intel009 with K=24
[2025-12-12 07:35:24] [run_formula] Running formula intel009 with K=24 up to limit 1600
[2025-12-12 07:35:26] [generate_cnf] Generating formula intel009 with K=25
[2025-12-12 07:35:32] [run_formula] Running formula intel009 with K=25 up to limit 1600
[2025-12-12 07:35:34] [generate_cnf] Generating formula intel009 with K=26
[2025-12-12 07:35:41] [run_formula] Running formula intel009 with K=26 up to limit 1600
[2025-12-12 07:35:43] [generate_cnf] Generating formula intel009 with K=27
[2025-12-12 07:35:50] [run_formula] Running formula intel009 with K=27 up to limit 1600
[2025-12-12 07:35:52] [generate_cnf] Generating formula intel009 with K=28
[2025-12-12 07:36:00] [run_formula] Running formula intel009 with K=28 up to limit 1600
[2025-12-12 07:36:02] [generate_cnf] Generating formula intel009 with K=29
[2025-12-12 07:36:10] [run_formula] Running formula intel009 with K=29 up to limit 1600
[2025-12-12 07:36:12] [generate_cnf] Generating formula intel009 with K=30
[2025-12-12 07:36:20] [run_formula] Running formula intel009 with K=30 up to limit 1600
[2025-12-12 07:36:22] [generate_cnf] Generating formula intel009 with K=31
[2025-12-12 07:36:31] [run_formula] Running formula intel009 with K=31 up to limit 1600
[2025-12-12 07:36:33] [generate_cnf] Generating formula intel009 with K=32
[2025-12-12 07:36:42] [run_formula] Running formula intel009 with K=32 up to limit 1600
[2025-12-12 07:36:44] [generate_cnf] Generating formula intel009 with K=33
[2025-12-12 07:36:53] [run_formula] Running formula intel009 with K=33 up to limit 1600
[2025-12-12 07:36:55] [generate_cnf] Generating formula intel009 with K=34
[2025-12-12 07:37:05] [run_formula] Running formula intel009 with K=34 up to limit 1600
[2025-12-12 07:37:07] [generate_cnf] Generating formula intel009 with K=35
[2025-12-12 07:37:17] [run_formula] Running formula intel009 with K=35 up to limit 1600
[2025-12-12 07:37:19] [generate_cnf] Generating formula intel009 with K=36
[2025-12-12 07:37:29] [run_formula] Running formula intel009 with K=36 up to limit 1600
[2025-12-12 07:37:31] [generate_cnf] Generating formula intel009 with K=37
[2025-12-12 07:37:42] [run_formula] Running formula intel009 with K=37 up to limit 1600
[2025-12-12 07:37:44] [generate_cnf] Generating formula intel009 with K=38
[2025-12-12 07:37:55] [run_formula] Running formula intel009 with K=38 up to limit 1600
[2025-12-12 07:37:58] [generate_cnf] Generating formula intel009 with K=39
[2025-12-12 07:38:09] [run_formula] Running formula intel009 with K=39 up to limit 1600
[2025-12-12 07:38:12] [generate_cnf] Generating formula intel009 with K=40
[2025-12-12 07:38:23] [run_formula] Running formula intel009 with K=40 up to limit 1600
[2025-12-12 07:38:26] [generate_cnf] Generating formula intel009 with K=41
[2025-12-12 07:38:37] [run_formula] Running formula intel009 with K=41 up to limit 1600
[2025-12-12 07:38:40] [generate_cnf] Generating formula intel009 with K=42
[2025-12-12 07:38:52] [run_formula] Running formula intel009 with K=42 up to limit 1600
[2025-12-12 07:38:55] [generate_cnf] Generating formula intel009 with K=43
[2025-12-12 07:39:07] [run_formula] Running formula intel009 with K=43 up to limit 1600
[2025-12-12 07:39:10] [generate_cnf] Generating formula intel009 with K=44
[2025-12-12 07:39:22] [run_formula] Running formula intel009 with K=44 up to limit 1600
[2025-12-12 07:39:25] [generate_cnf] Generating formula intel009 with K=45
[2025-12-12 07:39:38] [run_formula] Running formula intel009 with K=45 up to limit 1600
[2025-12-12 07:39:41] [generate_cnf] Generating formula intel009 with K=46
[2025-12-12 07:39:54] [run_formula] Running formula intel009 with K=46 up to limit 1600
[2025-12-12 07:39:57] [generate_cnf] Generating formula intel009 with K=47
[2025-12-12 07:40:10] [run_formula] Running formula intel009 with K=47 up to limit 1600
[2025-12-12 07:40:13] [generate_cnf] Generating formula intel009 with K=48
[2025-12-12 07:40:26] [run_formula] Running formula intel009 with K=48 up to limit 1600
[2025-12-12 07:40:30] [generate_cnf] Generating formula intel009 with K=49
[2025-12-12 07:40:43] [run_formula] Running formula intel009 with K=49 up to limit 1600
[2025-12-12 07:40:46] [generate_cnf] Generating formula intel009 with K=50
[2025-12-12 07:41:00] [run_formula] Running formula intel009 with K=50 up to limit 1600
[2025-12-12 07:41:03] [generate_cnf] Generating formula intel009 with K=51
[2025-12-12 07:41:18] [run_formula] Running formula intel009 with K=51 up to limit 1600
[2025-12-12 07:41:22] [generate_cnf] Generating formula intel009 with K=52
[2025-12-12 07:41:36] [run_formula] Running formula intel009 with K=52 up to limit 1600
[2025-12-12 07:41:40] [generate_cnf] Generating formula intel009 with K=53
[2025-12-12 07:41:55] [run_formula] Running formula intel009 with K=53 up to limit 1600
[2025-12-12 07:41:59] [generate_cnf] Generating formula intel009 with K=54
[2025-12-12 07:42:14] [run_formula] Running formula intel009 with K=54 up to limit 1600
[2025-12-12 07:42:17] [generate_cnf] Generating formula intel009 with K=55
[2025-12-12 07:42:33] [run_formula] Running formula intel009 with K=55 up to limit 1600
[2025-12-12 07:42:36] [generate_cnf] Generating formula intel009 with K=56
[2025-12-12 07:42:52] [run_formula] Running formula intel009 with K=56 up to limit 1600
[2025-12-12 07:42:55] [generate_cnf] Generating formula intel009 with K=57
[2025-12-12 07:43:11] [run_formula] Running formula intel009 with K=57 up to limit 1600
[2025-12-12 07:43:16] [generate_cnf] Generating formula intel009 with K=58
[2025-12-12 07:43:32] [run_formula] Running formula intel009 with K=58 up to limit 1600
[2025-12-12 07:43:36] [generate_cnf] Generating formula intel009 with K=59
[2025-12-12 07:43:52] [run_formula] Running formula intel009 with K=59 up to limit 1600
[2025-12-12 07:43:56] [generate_cnf] Generating formula intel009 with K=60
[2025-12-12 07:44:13] [run_formula] Running formula intel009 with K=60 up to limit 1600
[2025-12-12 07:44:17] [generate_cnf] Generating formula intel009 with K=61
[2025-12-12 07:44:33] [run_formula] Running formula intel009 with K=61 up to limit 1600
[2025-12-12 07:44:45] [generate_cnf] Generating formula intel009 with K=62
[2025-12-12 07:45:02] [run_formula] Running formula intel009 with K=62 up to limit 1600
[2025-12-12 07:45:06] [generate_cnf] Generating formula intel009 with K=63
[2025-12-12 07:45:23] [run_formula] Running formula intel009 with K=63 up to limit 1600
[2025-12-12 07:45:27] [generate_cnf] Generating formula intel009 with K=64
[2025-12-12 07:45:44] [run_formula] Running formula intel009 with K=64 up to limit 1600
[2025-12-12 07:45:49] [generate_cnf] Generating formula intel009 with K=65
[2025-12-12 07:46:06] [run_formula] Running formula intel009 with K=65 up to limit 1600
[2025-12-12 07:46:18] [generate_cnf] Generating formula intel009 with K=66
[2025-12-12 07:46:36] [run_formula] Running formula intel009 with K=66 up to limit 1600
[2025-12-12 07:46:40] [generate_cnf] Generating formula intel009 with K=67
[2025-12-12 07:46:59] [run_formula] Running formula intel009 with K=67 up to limit 1600
[2025-12-12 07:47:03] [generate_cnf] Generating formula intel009 with K=68
[2025-12-12 07:47:21] [run_formula] Running formula intel009 with K=68 up to limit 1600
[2025-12-12 07:47:26] [generate_cnf] Generating formula intel009 with K=69
[2025-12-12 07:47:45] [run_formula] Running formula intel009 with K=69 up to limit 1600
[2025-12-12 07:47:58] [generate_cnf] Generating formula intel009 with K=70
[2025-12-12 07:48:17] [run_formula] Running formula intel009 with K=70 up to limit 1600
[2025-12-12 07:48:22] [generate_cnf] Generating formula intel009 with K=71
[2025-12-12 07:48:41] [run_formula] Running formula intel009 with K=71 up to limit 1600
[2025-12-12 07:48:46] [generate_cnf] Generating formula intel009 with K=72
[2025-12-12 07:49:06] [run_formula] Running formula intel009 with K=72 up to limit 1600
[2025-12-12 07:49:11] [generate_cnf] Generating formula intel009 with K=73
[2025-12-12 07:49:30] [run_formula] Running formula intel009 with K=73 up to limit 1600
[2025-12-12 07:49:44] [generate_cnf] Generating formula intel009 with K=74
[2025-12-12 07:50:04] [run_formula] Running formula intel009 with K=74 up to limit 1600
[2025-12-12 07:50:09] [generate_cnf] Generating formula intel009 with K=75
[2025-12-12 07:50:30] [run_formula] Running formula intel009 with K=75 up to limit 1600
[2025-12-12 07:50:35] [generate_cnf] Generating formula intel009 with K=76
[2025-12-12 07:50:56] [run_formula] Running formula intel009 with K=76 up to limit 1600
[2025-12-12 07:51:02] [generate_cnf] Generating formula intel009 with K=77
[2025-12-12 07:51:24] [run_formula] Running formula intel009 with K=77 up to limit 1600
[2025-12-12 07:51:39] [generate_cnf] Generating formula intel009 with K=78
[2025-12-12 07:52:01] [run_formula] Running formula intel009 with K=78 up to limit 1600
[2025-12-12 07:52:07] [generate_cnf] Generating formula intel009 with K=79
[2025-12-12 07:52:29] [run_formula] Running formula intel009 with K=79 up to limit 1600
[2025-12-12 07:52:35] [generate_cnf] Generating formula intel009 with K=80
[2025-12-12 07:52:57] [run_formula] Running formula intel009 with K=80 up to limit 1600
[2025-12-12 07:53:03] [generate_cnf] Generating formula intel009 with K=81
[2025-12-12 07:53:26] [run_formula] Running formula intel009 with K=81 up to limit 1600
[2025-12-12 07:53:41] [generate_cnf] Generating formula intel009 with K=82
[2025-12-12 07:54:04] [run_formula] Running formula intel009 with K=82 up to limit 1600
[2025-12-12 07:54:10] [generate_cnf] Generating formula intel009 with K=83
[2025-12-12 07:54:33] [run_formula] Running formula intel009 with K=83 up to limit 1600
[2025-12-12 07:54:39] [generate_cnf] Generating formula intel009 with K=84
[2025-12-12 07:55:02] [run_formula] Running formula intel009 with K=84 up to limit 1600
[2025-12-12 07:55:08] [generate_cnf] Generating formula intel009 with K=85
[2025-12-12 07:55:32] [run_formula] Running formula intel009 with K=85 up to limit 1600
[2025-12-12 07:55:49] [generate_cnf] Generating formula intel009 with K=86
[2025-12-12 07:56:13] [run_formula] Running formula intel009 with K=86 up to limit 1600
[2025-12-12 07:56:19] [generate_cnf] Generating formula intel009 with K=87
[2025-12-12 07:56:43] [run_formula] Running formula intel009 with K=87 up to limit 1600
[2025-12-12 07:56:49] [generate_cnf] Generating formula intel009 with K=88
[2025-12-12 07:57:14] [run_formula] Running formula intel009 with K=88 up to limit 1600
[2025-12-12 07:57:20] [generate_cnf] Generating formula intel009 with K=89
[2025-12-12 07:57:45] [run_formula] Running formula intel009 with K=89 up to limit 1600
[2025-12-12 07:58:03] [generate_cnf] Generating formula intel009 with K=90
[2025-12-12 07:58:28] [run_formula] Running formula intel009 with K=90 up to limit 1600
[2025-12-12 07:58:35] [generate_cnf] Generating formula intel009 with K=91
[2025-12-12 07:59:00] [run_formula] Running formula intel009 with K=91 up to limit 1600
[2025-12-12 07:59:06] [generate_cnf] Generating formula intel009 with K=92
[2025-12-12 07:59:33] [run_formula] Running formula intel009 with K=92 up to limit 1600
[2025-12-12 07:59:40] [generate_cnf] Generating formula intel009 with K=93
[2025-12-12 08:00:06] [run_formula] Running formula intel009 with K=93 up to limit 1600
[2025-12-12 08:00:24] [generate_cnf] Generating formula intel009 with K=94
[2025-12-12 08:00:51] [run_formula] Running formula intel009 with K=94 up to limit 1600
[2025-12-12 08:00:58] [generate_cnf] Generating formula intel009 with K=95
[2025-12-12 08:01:24] [run_formula] Running formula intel009 with K=95 up to limit 1600
[2025-12-12 08:01:31] [generate_cnf] Generating formula intel009 with K=96
[2025-12-12 08:01:58] [run_formula] Running formula intel009 with K=96 up to limit 1600
[2025-12-12 08:02:06] [generate_cnf] Generating formula intel009 with K=97
[2025-12-12 08:02:33] [run_formula] Running formula intel009 with K=97 up to limit 1600
[2025-12-12 08:02:53] [generate_cnf] Generating formula intel009 with K=98
[2025-12-12 08:03:20] [run_formula] Running formula intel009 with K=98 up to limit 1600
[2025-12-12 08:03:28] [generate_cnf] Generating formula intel009 with K=99
[2025-12-12 08:03:55] [run_formula] Running formula intel009 with K=99 up to limit 1600
[2025-12-12 08:04:02] [generate_cnf] Generating formula intel009 with K=100
[2025-12-12 08:04:30] [run_formula] Running formula intel009 with K=100 up to limit 1600
[2025-12-12 08:04:38] [generate_cnf] Generating formula intel009 with K=101
[2025-12-12 08:05:06] [run_formula] Running formula intel009 with K=101 up to limit 1600
[2025-12-12 08:05:26] [generate_cnf] Generating formula intel009 with K=102
[2025-12-12 08:05:54] [run_formula] Running formula intel009 with K=102 up to limit 1600
[2025-12-12 08:06:01] [generate_cnf] Generating formula intel009 with K=103
[2025-12-12 08:06:30] [run_formula] Running formula intel009 with K=103 up to limit 1600
[2025-12-12 08:06:37] [generate_cnf] Generating formula intel009 with K=104
[2025-12-12 08:07:08] [run_formula] Running formula intel009 with K=104 up to limit 1600
[2025-12-12 08:07:16] [generate_cnf] Generating formula intel009 with K=105
[2025-12-12 08:07:47] [run_formula] Running formula intel009 with K=105 up to limit 1600
[2025-12-12 08:08:14] [generate_cnf] Generating formula intel009 with K=106
[2025-12-12 08:08:44] [run_formula] Running formula intel009 with K=106 up to limit 1600
[2025-12-12 08:08:52] [generate_cnf] Generating formula intel009 with K=107
[2025-12-12 08:09:22] [run_formula] Running formula intel009 with K=107 up to limit 1600
[2025-12-12 08:09:30] [generate_cnf] Generating formula intel009 with K=108
[2025-12-12 08:10:01] [run_formula] Running formula intel009 with K=108 up to limit 1600
[2025-12-12 08:10:09] [generate_cnf] Generating formula intel009 with K=109
[2025-12-12 08:10:39] [run_formula] Running formula intel009 with K=109 up to limit 1600
[2025-12-12 08:11:12] [generate_cnf] Generating formula intel009 with K=110
[2025-12-12 08:11:43] [run_formula] Running formula intel009 with K=110 up to limit 1600
[2025-12-12 08:11:50] [generate_cnf] Generating formula intel009 with K=111
[2025-12-12 08:12:21] [run_formula] Running formula intel009 with K=111 up to limit 1600
[2025-12-12 08:12:30] [generate_cnf] Generating formula intel009 with K=112
[2025-12-12 08:13:01] [run_formula] Running formula intel009 with K=112 up to limit 1600
[2025-12-12 08:13:09] [generate_cnf] Generating formula intel009 with K=113
[2025-12-12 08:13:41] [run_formula] Running formula intel009 with K=113 up to limit 1600
[2025-12-12 08:17:33] [generate_cnf] Generating formula intel009 with K=114
[2025-12-12 08:18:04] [run_formula] Running formula intel009 with K=114 up to limit 1600
[2025-12-12 08:18:12] [generate_cnf] Generating formula intel009 with K=115
[2025-12-12 08:18:46] [run_formula] Running formula intel009 with K=115 up to limit 1600
[2025-12-12 08:18:54] [generate_cnf] Generating formula intel009 with K=116
[2025-12-12 08:19:27] [run_formula] Running formula intel009 with K=116 up to limit 1600
[2025-12-12 08:19:36] [generate_cnf] Generating formula intel009 with K=117
[2025-12-12 08:20:09] [run_formula] Running formula intel009 with K=117 up to limit 1600
[2025-12-12 08:24:41] [generate_cnf] Generating formula intel009 with K=118
[2025-12-12 08:25:14] [run_formula] Running formula intel009 with K=118 up to limit 1600
[2025-12-12 08:25:22] [generate_cnf] Generating formula intel009 with K=119
[2025-12-12 08:25:56] [run_formula] Running formula intel009 with K=119 up to limit 1600
[2025-12-12 08:26:05] [generate_cnf] Generating formula intel009 with K=120
[2025-12-12 08:26:40] [run_formula] Running formula intel009 with K=120 up to limit 1600
[2025-12-12 08:26:48] [generate_cnf] Generating formula intel009 with K=121
[2025-12-12 08:27:22] [run_formula] Running formula intel009 with K=121 up to limit 1600
[2025-12-12 08:28:08] [run_formula] Error running formula intel009 with K=121: [Errno 122] Disk quota exceeded: './results/solving_logs/intel009//intel009.121.log'
[2025-12-12 08:28:08] [generate_and_run_up_to_limit] Failed to run formula intel009 with K=121, halting
