CNF written.
CNF written.
CNF written.
CNF written.
CNF written.
CNF written.
CNF written.
CNF written.
CNF written.
CNF written.
CNF written.
CNF written.
CNF written.
CNF written.
CNF written.
CNF written.
CNF written.
CNF written.
CNF written.
CNF written.
CNF written.
CNF written.
CNF written.
CNF written.
CNF written.
CNF written.
CNF written.
CNF written.
CNF written.
CNF written.
CNF written.
CNF written.
CNF written.
CNF written.
CNF written.
CNF written.
CNF written.
CNF written.
CNF written.
CNF written.
CNF written.
CNF written.
CNF written.
CNF written.
CNF written.
CNF written.
CNF written.
CNF written.
CNF written.
CNF written.
CNF written.
CNF written.
CNF written.
CNF written.
CNF written.
CNF written.
CNF written.
CNF written.
CNF written.
CNF written.
CNF written.
CNF written.
CNF written.
CNF written.
CNF written.
CNF written.
[2025-12-12 08:10:20] [generate_and_run_up_to_limit] Generating and running intel047 with K<=500 up to limit 1600
[2025-12-12 08:10:20] [generate_cnf] Generating formula intel047 with K=1
[2025-12-12 08:10:20] [run_formula] Running formula intel047 with K=1 up to limit 1600
[2025-12-12 08:10:20] [generate_cnf] Generating formula intel047 with K=2
[2025-12-12 08:10:21] [run_formula] Running formula intel047 with K=2 up to limit 1600
[2025-12-12 08:10:21] [generate_cnf] Generating formula intel047 with K=3
[2025-12-12 08:10:21] [run_formula] Running formula intel047 with K=3 up to limit 1600
[2025-12-12 08:10:21] [generate_cnf] Generating formula intel047 with K=4
[2025-12-12 08:10:21] [run_formula] Running formula intel047 with K=4 up to limit 1600
[2025-12-12 08:10:21] [generate_cnf] Generating formula intel047 with K=5
[2025-12-12 08:10:21] [run_formula] Running formula intel047 with K=5 up to limit 1600
[2025-12-12 08:10:21] [generate_cnf] Generating formula intel047 with K=6
[2025-12-12 08:10:21] [run_formula] Running formula intel047 with K=6 up to limit 1600
[2025-12-12 08:10:21] [generate_cnf] Generating formula intel047 with K=7
[2025-12-12 08:10:22] [run_formula] Running formula intel047 with K=7 up to limit 1600
[2025-12-12 08:10:22] [generate_cnf] Generating formula intel047 with K=8
[2025-12-12 08:10:22] [run_formula] Running formula intel047 with K=8 up to limit 1600
[2025-12-12 08:10:22] [generate_cnf] Generating formula intel047 with K=9
[2025-12-12 08:10:22] [run_formula] Running formula intel047 with K=9 up to limit 1600
[2025-12-12 08:10:22] [generate_cnf] Generating formula intel047 with K=10
[2025-12-12 08:10:22] [run_formula] Running formula intel047 with K=10 up to limit 1600
[2025-12-12 08:10:22] [generate_cnf] Generating formula intel047 with K=11
[2025-12-12 08:10:23] [run_formula] Running formula intel047 with K=11 up to limit 1600
[2025-12-12 08:10:23] [generate_cnf] Generating formula intel047 with K=12
[2025-12-12 08:10:23] [run_formula] Running formula intel047 with K=12 up to limit 1600
[2025-12-12 08:10:23] [generate_cnf] Generating formula intel047 with K=13
[2025-12-12 08:10:23] [run_formula] Running formula intel047 with K=13 up to limit 1600
[2025-12-12 08:10:23] [generate_cnf] Generating formula intel047 with K=14
[2025-12-12 08:10:24] [run_formula] Running formula intel047 with K=14 up to limit 1600
[2025-12-12 08:10:24] [generate_cnf] Generating formula intel047 with K=15
[2025-12-12 08:10:25] [run_formula] Running formula intel047 with K=15 up to limit 1600
[2025-12-12 08:10:25] [generate_cnf] Generating formula intel047 with K=16
[2025-12-12 08:10:25] [run_formula] Running formula intel047 with K=16 up to limit 1600
[2025-12-12 08:10:26] [generate_cnf] Generating formula intel047 with K=17
[2025-12-12 08:10:26] [run_formula] Running formula intel047 with K=17 up to limit 1600
[2025-12-12 08:10:26] [generate_cnf] Generating formula intel047 with K=18
[2025-12-12 08:10:27] [run_formula] Running formula intel047 with K=18 up to limit 1600
[2025-12-12 08:10:29] [generate_cnf] Generating formula intel047 with K=19
[2025-12-12 08:10:29] [run_formula] Running formula intel047 with K=19 up to limit 1600
[2025-12-12 08:10:30] [generate_cnf] Generating formula intel047 with K=20
[2025-12-12 08:10:30] [run_formula] Running formula intel047 with K=20 up to limit 1600
[2025-12-12 08:10:34] [generate_cnf] Generating formula intel047 with K=21
[2025-12-12 08:10:34] [run_formula] Running formula intel047 with K=21 up to limit 1600
[2025-12-12 08:10:34] [generate_cnf] Generating formula intel047 with K=22
[2025-12-12 08:10:34] [run_formula] Running formula intel047 with K=22 up to limit 1600
[2025-12-12 08:10:39] [generate_cnf] Generating formula intel047 with K=23
[2025-12-12 08:10:40] [run_formula] Running formula intel047 with K=23 up to limit 1600
[2025-12-12 08:10:40] [generate_cnf] Generating formula intel047 with K=24
[2025-12-12 08:10:40] [run_formula] Running formula intel047 with K=24 up to limit 1600
[2025-12-12 08:10:45] [generate_cnf] Generating formula intel047 with K=25
[2025-12-12 08:10:45] [run_formula] Running formula intel047 with K=25 up to limit 1600
[2025-12-12 08:10:46] [generate_cnf] Generating formula intel047 with K=26
[2025-12-12 08:10:46] [run_formula] Running formula intel047 with K=26 up to limit 1600
[2025-12-12 08:10:54] [generate_cnf] Generating formula intel047 with K=27
[2025-12-12 08:10:54] [run_formula] Running formula intel047 with K=27 up to limit 1600
[2025-12-12 08:10:54] [generate_cnf] Generating formula intel047 with K=28
[2025-12-12 08:10:55] [run_formula] Running formula intel047 with K=28 up to limit 1600
[2025-12-12 08:11:08] [generate_cnf] Generating formula intel047 with K=29
[2025-12-12 08:11:09] [run_formula] Running formula intel047 with K=29 up to limit 1600
[2025-12-12 08:11:09] [generate_cnf] Generating formula intel047 with K=30
[2025-12-12 08:11:10] [run_formula] Running formula intel047 with K=30 up to limit 1600
[2025-12-12 08:11:41] [generate_cnf] Generating formula intel047 with K=31
[2025-12-12 08:11:42] [run_formula] Running formula intel047 with K=31 up to limit 1600
[2025-12-12 08:11:42] [generate_cnf] Generating formula intel047 with K=32
[2025-12-12 08:11:42] [run_formula] Running formula intel047 with K=32 up to limit 1600
[2025-12-12 08:11:57] [generate_cnf] Generating formula intel047 with K=33
[2025-12-12 08:11:57] [run_formula] Running formula intel047 with K=33 up to limit 1600
[2025-12-12 08:11:57] [generate_cnf] Generating formula intel047 with K=34
[2025-12-12 08:11:58] [run_formula] Running formula intel047 with K=34 up to limit 1600
[2025-12-12 08:12:15] [generate_cnf] Generating formula intel047 with K=35
[2025-12-12 08:12:15] [run_formula] Running formula intel047 with K=35 up to limit 1600
[2025-12-12 08:12:15] [generate_cnf] Generating formula intel047 with K=36
[2025-12-12 08:12:16] [run_formula] Running formula intel047 with K=36 up to limit 1600
[2025-12-12 08:12:46] [generate_cnf] Generating formula intel047 with K=37
[2025-12-12 08:12:47] [run_formula] Running formula intel047 with K=37 up to limit 1600
[2025-12-12 08:12:47] [generate_cnf] Generating formula intel047 with K=38
[2025-12-12 08:12:48] [run_formula] Running formula intel047 with K=38 up to limit 1600
[2025-12-12 08:13:12] [generate_cnf] Generating formula intel047 with K=39
[2025-12-12 08:13:13] [run_formula] Running formula intel047 with K=39 up to limit 1600
[2025-12-12 08:13:13] [generate_cnf] Generating formula intel047 with K=40
[2025-12-12 08:13:14] [run_formula] Running formula intel047 with K=40 up to limit 1600
[2025-12-12 08:13:36] [generate_cnf] Generating formula intel047 with K=41
[2025-12-12 08:13:37] [run_formula] Running formula intel047 with K=41 up to limit 1600
[2025-12-12 08:13:37] [generate_cnf] Generating formula intel047 with K=42
[2025-12-12 08:13:38] [run_formula] Running formula intel047 with K=42 up to limit 1600
[2025-12-12 08:14:16] [generate_cnf] Generating formula intel047 with K=43
[2025-12-12 08:14:17] [run_formula] Running formula intel047 with K=43 up to limit 1600
[2025-12-12 08:14:17] [generate_cnf] Generating formula intel047 with K=44
[2025-12-12 08:14:18] [run_formula] Running formula intel047 with K=44 up to limit 1600
[2025-12-12 08:14:44] [generate_cnf] Generating formula intel047 with K=45
[2025-12-12 08:14:45] [run_formula] Running formula intel047 with K=45 up to limit 1600
[2025-12-12 08:14:45] [generate_cnf] Generating formula intel047 with K=46
[2025-12-12 08:14:46] [run_formula] Running formula intel047 with K=46 up to limit 1600
[2025-12-12 08:15:41] [generate_cnf] Generating formula intel047 with K=47
[2025-12-12 08:15:42] [run_formula] Running formula intel047 with K=47 up to limit 1600
[2025-12-12 08:15:42] [generate_cnf] Generating formula intel047 with K=48
[2025-12-12 08:15:43] [run_formula] Running formula intel047 with K=48 up to limit 1600
[2025-12-12 08:16:25] [generate_cnf] Generating formula intel047 with K=49
[2025-12-12 08:16:26] [run_formula] Running formula intel047 with K=49 up to limit 1600
[2025-12-12 08:16:26] [generate_cnf] Generating formula intel047 with K=50
[2025-12-12 08:16:27] [run_formula] Running formula intel047 with K=50 up to limit 1600
[2025-12-12 08:17:39] [generate_cnf] Generating formula intel047 with K=51
[2025-12-12 08:17:40] [run_formula] Running formula intel047 with K=51 up to limit 1600
[2025-12-12 08:17:40] [generate_cnf] Generating formula intel047 with K=52
[2025-12-12 08:17:41] [run_formula] Running formula intel047 with K=52 up to limit 1600
[2025-12-12 08:19:08] [generate_cnf] Generating formula intel047 with K=53
[2025-12-12 08:19:09] [run_formula] Running formula intel047 with K=53 up to limit 1600
[2025-12-12 08:19:09] [generate_cnf] Generating formula intel047 with K=54
[2025-12-12 08:19:10] [run_formula] Running formula intel047 with K=54 up to limit 1600
[2025-12-12 08:20:22] [generate_cnf] Generating formula intel047 with K=55
[2025-12-12 08:20:23] [run_formula] Running formula intel047 with K=55 up to limit 1600
[2025-12-12 08:20:24] [generate_cnf] Generating formula intel047 with K=56
[2025-12-12 08:20:25] [run_formula] Running formula intel047 with K=56 up to limit 1600
[2025-12-12 08:21:43] [generate_cnf] Generating formula intel047 with K=57
[2025-12-12 08:21:44] [run_formula] Running formula intel047 with K=57 up to limit 1600
[2025-12-12 08:21:45] [generate_cnf] Generating formula intel047 with K=58
[2025-12-12 08:21:46] [run_formula] Running formula intel047 with K=58 up to limit 1600
[2025-12-12 08:23:11] [generate_cnf] Generating formula intel047 with K=59
[2025-12-12 08:23:12] [run_formula] Running formula intel047 with K=59 up to limit 1600
[2025-12-12 08:23:12] [generate_cnf] Generating formula intel047 with K=60
[2025-12-12 08:23:13] [run_formula] Running formula intel047 with K=60 up to limit 1600
[2025-12-12 08:24:42] [generate_cnf] Generating formula intel047 with K=61
[2025-12-12 08:24:43] [run_formula] Running formula intel047 with K=61 up to limit 1600
[2025-12-12 08:24:43] [generate_cnf] Generating formula intel047 with K=62
[2025-12-12 08:24:44] [run_formula] Running formula intel047 with K=62 up to limit 1600
[2025-12-12 08:26:16] [generate_cnf] Generating formula intel047 with K=63
[2025-12-12 08:26:17] [run_formula] Running formula intel047 with K=63 up to limit 1600
[2025-12-12 08:26:18] [generate_cnf] Generating formula intel047 with K=64
[2025-12-12 08:26:19] [run_formula] Running formula intel047 with K=64 up to limit 1600
[2025-12-12 08:27:45] [generate_cnf] Generating formula intel047 with K=65
[2025-12-12 08:27:46] [run_formula] Running formula intel047 with K=65 up to limit 1600
[2025-12-12 08:27:46] [generate_cnf] Generating formula intel047 with K=66
[2025-12-12 08:27:47] [run_formula] Running formula intel047 with K=66 up to limit 1600
[2025-12-12 08:29:31] [run_formula] Error running formula intel047 with K=66: [Errno 122] Disk quota exceeded: './results/solving_logs/intel047//intel047.66.log'
[2025-12-12 08:29:31] [generate_and_run_up_to_limit] Failed to run formula intel047 with K=66, halting
