CNF written.
CNF written.
CNF written.
CNF written.
CNF written.
CNF written.
CNF written.
CNF written.
CNF written.
CNF written.
CNF written.
CNF written.
CNF written.
CNF written.
CNF written.
CNF written.
CNF written.
CNF written.
CNF written.
CNF written.
CNF written.
CNF written.
CNF written.
CNF written.
CNF written.
CNF written.
CNF written.
CNF written.
CNF written.
CNF written.
CNF written.
CNF written.
CNF written.
CNF written.
CNF written.
CNF written.
CNF written.
CNF written.
CNF written.
CNF written.
CNF written.
CNF written.
CNF written.
CNF written.
CNF written.
CNF written.
CNF written.
CNF written.
CNF written.
CNF written.
CNF written.
CNF written.
CNF written.
CNF written.
CNF written.
CNF written.
CNF written.
CNF written.
CNF written.
CNF written.
CNF written.
CNF written.
CNF written.
CNF written.
CNF written.
CNF written.
CNF written.
CNF written.
CNF written.
CNF written.
CNF written.
CNF written.
CNF written.
CNF written.
CNF written.
CNF written.
CNF written.
CNF written.
CNF written.
CNF written.
CNF written.
CNF written.
CNF written.
CNF written.
CNF written.
CNF written.
CNF written.
CNF written.
CNF written.
CNF written.
CNF written.
CNF written.
CNF written.
CNF written.
CNF written.
CNF written.
CNF written.
CNF written.
CNF written.
CNF written.
CNF written.
CNF written.
CNF written.
CNF written.
CNF written.
CNF written.
CNF written.
CNF written.
CNF written.
CNF written.
CNF written.
CNF written.
CNF written.
CNF written.
CNF written.
CNF written.
CNF written.
CNF written.
CNF written.
CNF written.
CNF written.
CNF written.
CNF written.
CNF written.
CNF written.
CNF written.
CNF written.
CNF written.
CNF written.
CNF written.
CNF written.
CNF written.
CNF written.
CNF written.
CNF written.
CNF written.
CNF written.
CNF written.
CNF written.
CNF written.
CNF written.
CNF written.
CNF written.
CNF written.
CNF written.
CNF written.
CNF written.
CNF written.
CNF written.
CNF written.
CNF written.
CNF written.
CNF written.
CNF written.
CNF written.
CNF written.
CNF written.
CNF written.
CNF written.
CNF written.
CNF written.
CNF written.
CNF written.
[2025-12-12 07:40:06] [generate_and_run_up_to_limit] Generating and running intel020 with K<=500 up to limit 1600
[2025-12-12 07:40:06] [generate_cnf] Generating formula intel020 with K=1
[2025-12-12 07:40:06] [run_formula] Running formula intel020 with K=1 up to limit 1600
[2025-12-12 07:40:06] [generate_cnf] Generating formula intel020 with K=2
[2025-12-12 07:40:06] [run_formula] Running formula intel020 with K=2 up to limit 1600
[2025-12-12 07:40:06] [generate_cnf] Generating formula intel020 with K=3
[2025-12-12 07:40:06] [run_formula] Running formula intel020 with K=3 up to limit 1600
[2025-12-12 07:40:06] [generate_cnf] Generating formula intel020 with K=4
[2025-12-12 07:40:06] [run_formula] Running formula intel020 with K=4 up to limit 1600
[2025-12-12 07:40:06] [generate_cnf] Generating formula intel020 with K=5
[2025-12-12 07:40:06] [run_formula] Running formula intel020 with K=5 up to limit 1600
[2025-12-12 07:40:06] [generate_cnf] Generating formula intel020 with K=6
[2025-12-12 07:40:06] [run_formula] Running formula intel020 with K=6 up to limit 1600
[2025-12-12 07:40:06] [generate_cnf] Generating formula intel020 with K=7
[2025-12-12 07:40:06] [run_formula] Running formula intel020 with K=7 up to limit 1600
[2025-12-12 07:40:07] [generate_cnf] Generating formula intel020 with K=8
[2025-12-12 07:40:07] [run_formula] Running formula intel020 with K=8 up to limit 1600
[2025-12-12 07:40:07] [generate_cnf] Generating formula intel020 with K=9
[2025-12-12 07:40:07] [run_formula] Running formula intel020 with K=9 up to limit 1600
[2025-12-12 07:40:07] [generate_cnf] Generating formula intel020 with K=10
[2025-12-12 07:40:07] [run_formula] Running formula intel020 with K=10 up to limit 1600
[2025-12-12 07:40:07] [generate_cnf] Generating formula intel020 with K=11
[2025-12-12 07:40:07] [run_formula] Running formula intel020 with K=11 up to limit 1600
[2025-12-12 07:40:07] [generate_cnf] Generating formula intel020 with K=12
[2025-12-12 07:40:08] [run_formula] Running formula intel020 with K=12 up to limit 1600
[2025-12-12 07:40:08] [generate_cnf] Generating formula intel020 with K=13
[2025-12-12 07:40:08] [run_formula] Running formula intel020 with K=13 up to limit 1600
[2025-12-12 07:40:08] [generate_cnf] Generating formula intel020 with K=14
[2025-12-12 07:40:08] [run_formula] Running formula intel020 with K=14 up to limit 1600
[2025-12-12 07:40:08] [generate_cnf] Generating formula intel020 with K=15
[2025-12-12 07:40:08] [run_formula] Running formula intel020 with K=15 up to limit 1600
[2025-12-12 07:40:09] [generate_cnf] Generating formula intel020 with K=16
[2025-12-12 07:40:09] [run_formula] Running formula intel020 with K=16 up to limit 1600
[2025-12-12 07:40:09] [generate_cnf] Generating formula intel020 with K=17
[2025-12-12 07:40:09] [run_formula] Running formula intel020 with K=17 up to limit 1600
[2025-12-12 07:40:09] [generate_cnf] Generating formula intel020 with K=18
[2025-12-12 07:40:10] [run_formula] Running formula intel020 with K=18 up to limit 1600
[2025-12-12 07:40:10] [generate_cnf] Generating formula intel020 with K=19
[2025-12-12 07:40:10] [run_formula] Running formula intel020 with K=19 up to limit 1600
[2025-12-12 07:40:10] [generate_cnf] Generating formula intel020 with K=20
[2025-12-12 07:40:10] [run_formula] Running formula intel020 with K=20 up to limit 1600
[2025-12-12 07:40:11] [generate_cnf] Generating formula intel020 with K=21
[2025-12-12 07:40:11] [run_formula] Running formula intel020 with K=21 up to limit 1600
[2025-12-12 07:40:11] [generate_cnf] Generating formula intel020 with K=22
[2025-12-12 07:40:11] [run_formula] Running formula intel020 with K=22 up to limit 1600
[2025-12-12 07:40:11] [generate_cnf] Generating formula intel020 with K=23
[2025-12-12 07:40:12] [run_formula] Running formula intel020 with K=23 up to limit 1600
[2025-12-12 07:40:12] [generate_cnf] Generating formula intel020 with K=24
[2025-12-12 07:40:12] [run_formula] Running formula intel020 with K=24 up to limit 1600
[2025-12-12 07:40:13] [generate_cnf] Generating formula intel020 with K=25
[2025-12-12 07:40:13] [run_formula] Running formula intel020 with K=25 up to limit 1600
[2025-12-12 07:40:13] [generate_cnf] Generating formula intel020 with K=26
[2025-12-12 07:40:14] [run_formula] Running formula intel020 with K=26 up to limit 1600
[2025-12-12 07:40:14] [generate_cnf] Generating formula intel020 with K=27
[2025-12-12 07:40:14] [run_formula] Running formula intel020 with K=27 up to limit 1600
[2025-12-12 07:40:14] [generate_cnf] Generating formula intel020 with K=28
[2025-12-12 07:40:15] [run_formula] Running formula intel020 with K=28 up to limit 1600
[2025-12-12 07:40:15] [generate_cnf] Generating formula intel020 with K=29
[2025-12-12 07:40:16] [run_formula] Running formula intel020 with K=29 up to limit 1600
[2025-12-12 07:40:16] [generate_cnf] Generating formula intel020 with K=30
[2025-12-12 07:40:16] [run_formula] Running formula intel020 with K=30 up to limit 1600
[2025-12-12 07:40:16] [generate_cnf] Generating formula intel020 with K=31
[2025-12-12 07:40:17] [run_formula] Running formula intel020 with K=31 up to limit 1600
[2025-12-12 07:40:17] [generate_cnf] Generating formula intel020 with K=32
[2025-12-12 07:40:18] [run_formula] Running formula intel020 with K=32 up to limit 1600
[2025-12-12 07:40:18] [generate_cnf] Generating formula intel020 with K=33
[2025-12-12 07:40:18] [run_formula] Running formula intel020 with K=33 up to limit 1600
[2025-12-12 07:40:19] [generate_cnf] Generating formula intel020 with K=34
[2025-12-12 07:40:19] [run_formula] Running formula intel020 with K=34 up to limit 1600
[2025-12-12 07:40:20] [generate_cnf] Generating formula intel020 with K=35
[2025-12-12 07:40:20] [run_formula] Running formula intel020 with K=35 up to limit 1600
[2025-12-12 07:40:21] [generate_cnf] Generating formula intel020 with K=36
[2025-12-12 07:40:21] [run_formula] Running formula intel020 with K=36 up to limit 1600
[2025-12-12 07:40:21] [generate_cnf] Generating formula intel020 with K=37
[2025-12-12 07:40:22] [run_formula] Running formula intel020 with K=37 up to limit 1600
[2025-12-12 07:40:23] [generate_cnf] Generating formula intel020 with K=38
[2025-12-12 07:40:23] [run_formula] Running formula intel020 with K=38 up to limit 1600
[2025-12-12 07:40:23] [generate_cnf] Generating formula intel020 with K=39
[2025-12-12 07:40:24] [run_formula] Running formula intel020 with K=39 up to limit 1600
[2025-12-12 07:40:25] [generate_cnf] Generating formula intel020 with K=40
[2025-12-12 07:40:25] [run_formula] Running formula intel020 with K=40 up to limit 1600
[2025-12-12 07:40:26] [generate_cnf] Generating formula intel020 with K=41
[2025-12-12 07:40:26] [run_formula] Running formula intel020 with K=41 up to limit 1600
[2025-12-12 07:40:27] [generate_cnf] Generating formula intel020 with K=42
[2025-12-12 07:40:28] [run_formula] Running formula intel020 with K=42 up to limit 1600
[2025-12-12 07:40:28] [generate_cnf] Generating formula intel020 with K=43
[2025-12-12 07:40:28] [run_formula] Running formula intel020 with K=43 up to limit 1600
[2025-12-12 07:40:29] [generate_cnf] Generating formula intel020 with K=44
[2025-12-12 07:40:30] [run_formula] Running formula intel020 with K=44 up to limit 1600
[2025-12-12 07:40:30] [generate_cnf] Generating formula intel020 with K=45
[2025-12-12 07:40:30] [run_formula] Running formula intel020 with K=45 up to limit 1600
[2025-12-12 07:40:31] [generate_cnf] Generating formula intel020 with K=46
[2025-12-12 07:40:32] [run_formula] Running formula intel020 with K=46 up to limit 1600
[2025-12-12 07:40:32] [generate_cnf] Generating formula intel020 with K=47
[2025-12-12 07:40:33] [run_formula] Running formula intel020 with K=47 up to limit 1600
[2025-12-12 07:40:34] [generate_cnf] Generating formula intel020 with K=48
[2025-12-12 07:40:34] [run_formula] Running formula intel020 with K=48 up to limit 1600
[2025-12-12 07:40:35] [generate_cnf] Generating formula intel020 with K=49
[2025-12-12 07:40:36] [run_formula] Running formula intel020 with K=49 up to limit 1600
[2025-12-12 07:40:37] [generate_cnf] Generating formula intel020 with K=50
[2025-12-12 07:40:37] [run_formula] Running formula intel020 with K=50 up to limit 1600
[2025-12-12 07:40:38] [generate_cnf] Generating formula intel020 with K=51
[2025-12-12 07:40:38] [run_formula] Running formula intel020 with K=51 up to limit 1600
[2025-12-12 07:40:40] [generate_cnf] Generating formula intel020 with K=52
[2025-12-12 07:40:40] [run_formula] Running formula intel020 with K=52 up to limit 1600
[2025-12-12 07:40:41] [generate_cnf] Generating formula intel020 with K=53
[2025-12-12 07:40:41] [run_formula] Running formula intel020 with K=53 up to limit 1600
[2025-12-12 07:40:44] [generate_cnf] Generating formula intel020 with K=54
[2025-12-12 07:40:45] [run_formula] Running formula intel020 with K=54 up to limit 1600
[2025-12-12 07:40:46] [generate_cnf] Generating formula intel020 with K=55
[2025-12-12 07:40:47] [run_formula] Running formula intel020 with K=55 up to limit 1600
[2025-12-12 07:40:54] [generate_cnf] Generating formula intel020 with K=56
[2025-12-12 07:40:55] [run_formula] Running formula intel020 with K=56 up to limit 1600
[2025-12-12 07:40:56] [generate_cnf] Generating formula intel020 with K=57
[2025-12-12 07:40:57] [run_formula] Running formula intel020 with K=57 up to limit 1600
[2025-12-12 07:40:58] [generate_cnf] Generating formula intel020 with K=58
[2025-12-12 07:40:59] [run_formula] Running formula intel020 with K=58 up to limit 1600
[2025-12-12 07:40:59] [generate_cnf] Generating formula intel020 with K=59
[2025-12-12 07:41:00] [run_formula] Running formula intel020 with K=59 up to limit 1600
[2025-12-12 07:41:03] [generate_cnf] Generating formula intel020 with K=60
[2025-12-12 07:41:04] [run_formula] Running formula intel020 with K=60 up to limit 1600
[2025-12-12 07:41:04] [generate_cnf] Generating formula intel020 with K=61
[2025-12-12 07:41:05] [run_formula] Running formula intel020 with K=61 up to limit 1600
[2025-12-12 07:41:08] [generate_cnf] Generating formula intel020 with K=62
[2025-12-12 07:41:08] [run_formula] Running formula intel020 with K=62 up to limit 1600
[2025-12-12 07:41:09] [generate_cnf] Generating formula intel020 with K=63
[2025-12-12 07:41:10] [run_formula] Running formula intel020 with K=63 up to limit 1600
[2025-12-12 07:41:17] [generate_cnf] Generating formula intel020 with K=64
[2025-12-12 07:41:18] [run_formula] Running formula intel020 with K=64 up to limit 1600
[2025-12-12 07:41:18] [generate_cnf] Generating formula intel020 with K=65
[2025-12-12 07:41:19] [run_formula] Running formula intel020 with K=65 up to limit 1600
[2025-12-12 07:41:25] [generate_cnf] Generating formula intel020 with K=66
[2025-12-12 07:41:26] [run_formula] Running formula intel020 with K=66 up to limit 1600
[2025-12-12 07:41:26] [generate_cnf] Generating formula intel020 with K=67
[2025-12-12 07:41:27] [run_formula] Running formula intel020 with K=67 up to limit 1600
[2025-12-12 07:41:30] [generate_cnf] Generating formula intel020 with K=68
[2025-12-12 07:41:31] [run_formula] Running formula intel020 with K=68 up to limit 1600
[2025-12-12 07:41:32] [generate_cnf] Generating formula intel020 with K=69
[2025-12-12 07:41:33] [run_formula] Running formula intel020 with K=69 up to limit 1600
[2025-12-12 07:41:40] [generate_cnf] Generating formula intel020 with K=70
[2025-12-12 07:41:41] [run_formula] Running formula intel020 with K=70 up to limit 1600
[2025-12-12 07:41:41] [generate_cnf] Generating formula intel020 with K=71
[2025-12-12 07:41:42] [run_formula] Running formula intel020 with K=71 up to limit 1600
[2025-12-12 07:41:47] [generate_cnf] Generating formula intel020 with K=72
[2025-12-12 07:41:48] [run_formula] Running formula intel020 with K=72 up to limit 1600
[2025-12-12 07:41:48] [generate_cnf] Generating formula intel020 with K=73
[2025-12-12 07:41:49] [run_formula] Running formula intel020 with K=73 up to limit 1600
[2025-12-12 07:41:57] [generate_cnf] Generating formula intel020 with K=74
[2025-12-12 07:41:58] [run_formula] Running formula intel020 with K=74 up to limit 1600
[2025-12-12 07:41:59] [generate_cnf] Generating formula intel020 with K=75
[2025-12-12 07:42:00] [run_formula] Running formula intel020 with K=75 up to limit 1600
[2025-12-12 07:42:04] [generate_cnf] Generating formula intel020 with K=76
[2025-12-12 07:42:05] [run_formula] Running formula intel020 with K=76 up to limit 1600
[2025-12-12 07:42:06] [generate_cnf] Generating formula intel020 with K=77
[2025-12-12 07:42:07] [run_formula] Running formula intel020 with K=77 up to limit 1600
[2025-12-12 07:42:13] [generate_cnf] Generating formula intel020 with K=78
[2025-12-12 07:42:15] [run_formula] Running formula intel020 with K=78 up to limit 1600
[2025-12-12 07:42:15] [generate_cnf] Generating formula intel020 with K=79
[2025-12-12 07:42:16] [run_formula] Running formula intel020 with K=79 up to limit 1600
[2025-12-12 07:42:20] [generate_cnf] Generating formula intel020 with K=80
[2025-12-12 07:42:21] [run_formula] Running formula intel020 with K=80 up to limit 1600
[2025-12-12 07:42:22] [generate_cnf] Generating formula intel020 with K=81
[2025-12-12 07:42:23] [run_formula] Running formula intel020 with K=81 up to limit 1600
[2025-12-12 07:42:28] [generate_cnf] Generating formula intel020 with K=82
[2025-12-12 07:42:29] [run_formula] Running formula intel020 with K=82 up to limit 1600
[2025-12-12 07:42:29] [generate_cnf] Generating formula intel020 with K=83
[2025-12-12 07:42:30] [run_formula] Running formula intel020 with K=83 up to limit 1600
[2025-12-12 07:42:49] [generate_cnf] Generating formula intel020 with K=84
[2025-12-12 07:42:50] [run_formula] Running formula intel020 with K=84 up to limit 1600
[2025-12-12 07:42:50] [generate_cnf] Generating formula intel020 with K=85
[2025-12-12 07:42:51] [run_formula] Running formula intel020 with K=85 up to limit 1600
[2025-12-12 07:43:13] [generate_cnf] Generating formula intel020 with K=86
[2025-12-12 07:43:14] [run_formula] Running formula intel020 with K=86 up to limit 1600
[2025-12-12 07:43:15] [generate_cnf] Generating formula intel020 with K=87
[2025-12-12 07:43:16] [run_formula] Running formula intel020 with K=87 up to limit 1600
[2025-12-12 07:43:28] [generate_cnf] Generating formula intel020 with K=88
[2025-12-12 07:43:29] [run_formula] Running formula intel020 with K=88 up to limit 1600
[2025-12-12 07:43:29] [generate_cnf] Generating formula intel020 with K=89
[2025-12-12 07:43:31] [run_formula] Running formula intel020 with K=89 up to limit 1600
[2025-12-12 07:43:46] [generate_cnf] Generating formula intel020 with K=90
[2025-12-12 07:43:48] [run_formula] Running formula intel020 with K=90 up to limit 1600
[2025-12-12 07:43:48] [generate_cnf] Generating formula intel020 with K=91
[2025-12-12 07:43:50] [run_formula] Running formula intel020 with K=91 up to limit 1600
[2025-12-12 07:44:20] [generate_cnf] Generating formula intel020 with K=92
[2025-12-12 07:44:21] [run_formula] Running formula intel020 with K=92 up to limit 1600
[2025-12-12 07:44:21] [generate_cnf] Generating formula intel020 with K=93
[2025-12-12 07:44:22] [run_formula] Running formula intel020 with K=93 up to limit 1600
[2025-12-12 07:44:40] [generate_cnf] Generating formula intel020 with K=94
[2025-12-12 07:44:42] [run_formula] Running formula intel020 with K=94 up to limit 1600
[2025-12-12 07:44:42] [generate_cnf] Generating formula intel020 with K=95
[2025-12-12 07:44:44] [run_formula] Running formula intel020 with K=95 up to limit 1600
[2025-12-12 07:45:16] [generate_cnf] Generating formula intel020 with K=96
[2025-12-12 07:45:18] [run_formula] Running formula intel020 with K=96 up to limit 1600
[2025-12-12 07:45:18] [generate_cnf] Generating formula intel020 with K=97
[2025-12-12 07:45:19] [run_formula] Running formula intel020 with K=97 up to limit 1600
[2025-12-12 07:45:35] [generate_cnf] Generating formula intel020 with K=98
[2025-12-12 07:45:37] [run_formula] Running formula intel020 with K=98 up to limit 1600
[2025-12-12 07:45:37] [generate_cnf] Generating formula intel020 with K=99
[2025-12-12 07:45:38] [run_formula] Running formula intel020 with K=99 up to limit 1600
[2025-12-12 07:46:46] [generate_cnf] Generating formula intel020 with K=100
[2025-12-12 07:46:48] [run_formula] Running formula intel020 with K=100 up to limit 1600
[2025-12-12 07:46:48] [generate_cnf] Generating formula intel020 with K=101
[2025-12-12 07:46:49] [run_formula] Running formula intel020 with K=101 up to limit 1600
[2025-12-12 07:47:05] [generate_cnf] Generating formula intel020 with K=102
[2025-12-12 07:47:06] [run_formula] Running formula intel020 with K=102 up to limit 1600
[2025-12-12 07:47:07] [generate_cnf] Generating formula intel020 with K=103
[2025-12-12 07:47:08] [run_formula] Running formula intel020 with K=103 up to limit 1600
[2025-12-12 07:47:42] [generate_cnf] Generating formula intel020 with K=104
[2025-12-12 07:47:44] [run_formula] Running formula intel020 with K=104 up to limit 1600
[2025-12-12 07:47:44] [generate_cnf] Generating formula intel020 with K=105
[2025-12-12 07:47:45] [run_formula] Running formula intel020 with K=105 up to limit 1600
[2025-12-12 07:48:16] [generate_cnf] Generating formula intel020 with K=106
[2025-12-12 07:48:18] [run_formula] Running formula intel020 with K=106 up to limit 1600
[2025-12-12 07:48:18] [generate_cnf] Generating formula intel020 with K=107
[2025-12-12 07:48:20] [run_formula] Running formula intel020 with K=107 up to limit 1600
[2025-12-12 07:48:47] [generate_cnf] Generating formula intel020 with K=108
[2025-12-12 07:48:49] [run_formula] Running formula intel020 with K=108 up to limit 1600
[2025-12-12 07:48:50] [generate_cnf] Generating formula intel020 with K=109
[2025-12-12 07:48:51] [run_formula] Running formula intel020 with K=109 up to limit 1600
[2025-12-12 07:49:08] [generate_cnf] Generating formula intel020 with K=110
[2025-12-12 07:49:09] [run_formula] Running formula intel020 with K=110 up to limit 1600
[2025-12-12 07:49:10] [generate_cnf] Generating formula intel020 with K=111
[2025-12-12 07:49:11] [run_formula] Running formula intel020 with K=111 up to limit 1600
[2025-12-12 07:50:40] [generate_cnf] Generating formula intel020 with K=112
[2025-12-12 07:50:42] [run_formula] Running formula intel020 with K=112 up to limit 1600
[2025-12-12 07:50:42] [generate_cnf] Generating formula intel020 with K=113
[2025-12-12 07:50:44] [run_formula] Running formula intel020 with K=113 up to limit 1600
[2025-12-12 07:51:55] [generate_cnf] Generating formula intel020 with K=114
[2025-12-12 07:51:56] [run_formula] Running formula intel020 with K=114 up to limit 1600
[2025-12-12 07:51:57] [generate_cnf] Generating formula intel020 with K=115
[2025-12-12 07:51:58] [run_formula] Running formula intel020 with K=115 up to limit 1600
[2025-12-12 07:53:34] [generate_cnf] Generating formula intel020 with K=116
[2025-12-12 07:53:35] [run_formula] Running formula intel020 with K=116 up to limit 1600
[2025-12-12 07:53:36] [generate_cnf] Generating formula intel020 with K=117
[2025-12-12 07:53:37] [run_formula] Running formula intel020 with K=117 up to limit 1600
[2025-12-12 07:55:24] [generate_cnf] Generating formula intel020 with K=118
[2025-12-12 07:55:26] [run_formula] Running formula intel020 with K=118 up to limit 1600
[2025-12-12 07:55:26] [generate_cnf] Generating formula intel020 with K=119
[2025-12-12 07:55:28] [run_formula] Running formula intel020 with K=119 up to limit 1600
[2025-12-12 07:56:18] [generate_cnf] Generating formula intel020 with K=120
[2025-12-12 07:56:19] [run_formula] Running formula intel020 with K=120 up to limit 1600
[2025-12-12 07:56:19] [generate_cnf] Generating formula intel020 with K=121
[2025-12-12 07:56:21] [run_formula] Running formula intel020 with K=121 up to limit 1600
[2025-12-12 07:57:20] [generate_cnf] Generating formula intel020 with K=122
[2025-12-12 07:57:21] [run_formula] Running formula intel020 with K=122 up to limit 1600
[2025-12-12 07:57:22] [generate_cnf] Generating formula intel020 with K=123
[2025-12-12 07:57:23] [run_formula] Running formula intel020 with K=123 up to limit 1600
[2025-12-12 07:58:24] [generate_cnf] Generating formula intel020 with K=124
[2025-12-12 07:58:26] [run_formula] Running formula intel020 with K=124 up to limit 1600
[2025-12-12 07:58:26] [generate_cnf] Generating formula intel020 with K=125
[2025-12-12 07:58:27] [run_formula] Running formula intel020 with K=125 up to limit 1600
[2025-12-12 07:59:43] [generate_cnf] Generating formula intel020 with K=126
[2025-12-12 07:59:45] [run_formula] Running formula intel020 with K=126 up to limit 1600
[2025-12-12 07:59:45] [generate_cnf] Generating formula intel020 with K=127
[2025-12-12 07:59:47] [run_formula] Running formula intel020 with K=127 up to limit 1600
[2025-12-12 08:01:00] [generate_cnf] Generating formula intel020 with K=128
[2025-12-12 08:01:01] [run_formula] Running formula intel020 with K=128 up to limit 1600
[2025-12-12 08:01:02] [generate_cnf] Generating formula intel020 with K=129
[2025-12-12 08:01:03] [run_formula] Running formula intel020 with K=129 up to limit 1600
[2025-12-12 08:01:42] [generate_cnf] Generating formula intel020 with K=130
[2025-12-12 08:01:44] [run_formula] Running formula intel020 with K=130 up to limit 1600
[2025-12-12 08:01:44] [generate_cnf] Generating formula intel020 with K=131
[2025-12-12 08:01:46] [run_formula] Running formula intel020 with K=131 up to limit 1600
[2025-12-12 08:03:07] [generate_cnf] Generating formula intel020 with K=132
[2025-12-12 08:03:08] [run_formula] Running formula intel020 with K=132 up to limit 1600
[2025-12-12 08:03:09] [generate_cnf] Generating formula intel020 with K=133
[2025-12-12 08:03:13] [run_formula] Running formula intel020 with K=133 up to limit 1600
[2025-12-12 08:04:26] [generate_cnf] Generating formula intel020 with K=134
[2025-12-12 08:04:28] [run_formula] Running formula intel020 with K=134 up to limit 1600
[2025-12-12 08:04:28] [generate_cnf] Generating formula intel020 with K=135
[2025-12-12 08:04:30] [run_formula] Running formula intel020 with K=135 up to limit 1600
[2025-12-12 08:05:30] [generate_cnf] Generating formula intel020 with K=136
[2025-12-12 08:05:31] [run_formula] Running formula intel020 with K=136 up to limit 1600
[2025-12-12 08:05:32] [generate_cnf] Generating formula intel020 with K=137
[2025-12-12 08:05:34] [run_formula] Running formula intel020 with K=137 up to limit 1600
[2025-12-12 08:07:06] [generate_cnf] Generating formula intel020 with K=138
[2025-12-12 08:07:07] [run_formula] Running formula intel020 with K=138 up to limit 1600
[2025-12-12 08:07:08] [generate_cnf] Generating formula intel020 with K=139
[2025-12-12 08:07:09] [run_formula] Running formula intel020 with K=139 up to limit 1600
[2025-12-12 08:08:10] [generate_cnf] Generating formula intel020 with K=140
[2025-12-12 08:08:12] [run_formula] Running formula intel020 with K=140 up to limit 1600
[2025-12-12 08:08:12] [generate_cnf] Generating formula intel020 with K=141
[2025-12-12 08:08:14] [run_formula] Running formula intel020 with K=141 up to limit 1600
[2025-12-12 08:09:28] [generate_cnf] Generating formula intel020 with K=142
[2025-12-12 08:09:30] [run_formula] Running formula intel020 with K=142 up to limit 1600
[2025-12-12 08:09:30] [generate_cnf] Generating formula intel020 with K=143
[2025-12-12 08:09:32] [run_formula] Running formula intel020 with K=143 up to limit 1600
[2025-12-12 08:10:27] [generate_cnf] Generating formula intel020 with K=144
[2025-12-12 08:10:29] [run_formula] Running formula intel020 with K=144 up to limit 1600
[2025-12-12 08:10:30] [generate_cnf] Generating formula intel020 with K=145
[2025-12-12 08:10:32] [run_formula] Running formula intel020 with K=145 up to limit 1600
[2025-12-12 08:12:15] [generate_cnf] Generating formula intel020 with K=146
[2025-12-12 08:12:17] [run_formula] Running formula intel020 with K=146 up to limit 1600
[2025-12-12 08:12:17] [generate_cnf] Generating formula intel020 with K=147
[2025-12-12 08:12:19] [run_formula] Running formula intel020 with K=147 up to limit 1600
[2025-12-12 08:13:45] [generate_cnf] Generating formula intel020 with K=148
[2025-12-12 08:13:47] [run_formula] Running formula intel020 with K=148 up to limit 1600
[2025-12-12 08:13:47] [generate_cnf] Generating formula intel020 with K=149
[2025-12-12 08:13:49] [run_formula] Running formula intel020 with K=149 up to limit 1600
[2025-12-12 08:15:28] [generate_cnf] Generating formula intel020 with K=150
[2025-12-12 08:15:30] [run_formula] Running formula intel020 with K=150 up to limit 1600
[2025-12-12 08:15:30] [generate_cnf] Generating formula intel020 with K=151
[2025-12-12 08:15:32] [run_formula] Running formula intel020 with K=151 up to limit 1600
[2025-12-12 08:17:17] [generate_cnf] Generating formula intel020 with K=152
[2025-12-12 08:17:18] [run_formula] Running formula intel020 with K=152 up to limit 1600
[2025-12-12 08:17:19] [generate_cnf] Generating formula intel020 with K=153
[2025-12-12 08:17:21] [run_formula] Running formula intel020 with K=153 up to limit 1600
[2025-12-12 08:18:53] [generate_cnf] Generating formula intel020 with K=154
[2025-12-12 08:18:54] [run_formula] Running formula intel020 with K=154 up to limit 1600
[2025-12-12 08:18:55] [generate_cnf] Generating formula intel020 with K=155
[2025-12-12 08:18:57] [run_formula] Running formula intel020 with K=155 up to limit 1600
[2025-12-12 08:20:30] [generate_cnf] Generating formula intel020 with K=156
[2025-12-12 08:20:32] [run_formula] Running formula intel020 with K=156 up to limit 1600
[2025-12-12 08:20:33] [generate_cnf] Generating formula intel020 with K=157
[2025-12-12 08:20:35] [run_formula] Running formula intel020 with K=157 up to limit 1600
[2025-12-12 08:22:03] [generate_cnf] Generating formula intel020 with K=158
[2025-12-12 08:22:04] [run_formula] Running formula intel020 with K=158 up to limit 1600
[2025-12-12 08:22:05] [generate_cnf] Generating formula intel020 with K=159
[2025-12-12 08:22:07] [run_formula] Running formula intel020 with K=159 up to limit 1600
[2025-12-12 08:23:28] [generate_cnf] Generating formula intel020 with K=160
[2025-12-12 08:23:30] [run_formula] Running formula intel020 with K=160 up to limit 1600
[2025-12-12 08:23:31] [generate_cnf] Generating formula intel020 with K=161
[2025-12-12 08:23:33] [run_formula] Running formula intel020 with K=161 up to limit 1600
[2025-12-12 08:27:18] [generate_cnf] Generating formula intel020 with K=162
[2025-12-12 08:27:20] [run_formula] Running formula intel020 with K=162 up to limit 1600
[2025-12-12 08:27:21] [generate_cnf] Generating formula intel020 with K=163
[2025-12-12 08:27:23] [run_formula] Running formula intel020 with K=163 up to limit 1600
[2025-12-12 08:29:06] [run_formula] Error running formula intel020 with K=163: [Errno 122] Disk quota exceeded: './results/solving_logs/intel020//intel020.163.log'
[2025-12-12 08:29:06] [generate_and_run_up_to_limit] Failed to run formula intel020 with K=163, halting
