CNF written.
CNF written.
CNF written.
CNF written.
CNF written.
CNF written.
CNF written.
CNF written.
CNF written.
CNF written.
CNF written.
CNF written.
[2025-12-12 07:20:18] [generate_and_run_up_to_limit] Generating and running intel066 with K<=500 up to limit 1600
[2025-12-12 07:20:18] [generate_cnf] Generating formula intel066 with K=1
[2025-12-12 07:20:18] [run_formula] Running formula intel066 with K=1 up to limit 1600
[2025-12-12 07:20:18] [generate_cnf] Generating formula intel066 with K=2
[2025-12-12 07:20:18] [run_formula] Running formula intel066 with K=2 up to limit 1600
[2025-12-12 07:20:18] [generate_cnf] Generating formula intel066 with K=3
[2025-12-12 07:20:18] [run_formula] Running formula intel066 with K=3 up to limit 1600
[2025-12-12 07:20:18] [generate_cnf] Generating formula intel066 with K=4
[2025-12-12 07:20:18] [run_formula] Running formula intel066 with K=4 up to limit 1600
[2025-12-12 07:20:18] [generate_cnf] Generating formula intel066 with K=5
[2025-12-12 07:20:19] [run_formula] Running formula intel066 with K=5 up to limit 1600
[2025-12-12 07:20:28] [generate_cnf] Generating formula intel066 with K=6
[2025-12-12 07:20:28] [run_formula] Running formula intel066 with K=6 up to limit 1600
[2025-12-12 07:21:03] [generate_cnf] Generating formula intel066 with K=7
[2025-12-12 07:21:03] [run_formula] Running formula intel066 with K=7 up to limit 1600
[2025-12-12 07:23:26] [generate_cnf] Generating formula intel066 with K=8
[2025-12-12 07:23:27] [run_formula] Running formula intel066 with K=8 up to limit 1600
[2025-12-12 07:30:29] [generate_cnf] Generating formula intel066 with K=9
[2025-12-12 07:30:30] [run_formula] Running formula intel066 with K=9 up to limit 1600
[2025-12-12 07:41:43] [generate_cnf] Generating formula intel066 with K=10
[2025-12-12 07:41:44] [run_formula] Running formula intel066 with K=10 up to limit 1600
[2025-12-12 07:58:17] [generate_cnf] Generating formula intel066 with K=11
[2025-12-12 07:58:17] [run_formula] Running formula intel066 with K=11 up to limit 1600
[2025-12-12 08:22:08] [generate_cnf] Generating formula intel066 with K=12
[2025-12-12 08:22:08] [run_formula] Running formula intel066 with K=12 up to limit 1600
[2025-12-12 08:48:30] [run_formula] Error running formula intel066 with K=12: [Errno 122] Disk quota exceeded: './results/solving_logs/intel066//intel066.12.log'
[2025-12-12 08:48:30] [generate_and_run_up_to_limit] Failed to run formula intel066 with K=12, halting
