CNF written.
CNF written.
CNF written.
CNF written.
CNF written.
CNF written.
CNF written.
CNF written.
CNF written.
CNF written.
CNF written.
CNF written.
CNF written.
CNF written.
CNF written.
CNF written.
CNF written.
CNF written.
CNF written.
CNF written.
CNF written.
CNF written.
CNF written.
CNF written.
CNF written.
CNF written.
CNF written.
CNF written.
CNF written.
CNF written.
CNF written.
CNF written.
CNF written.
CNF written.
CNF written.
CNF written.
CNF written.
CNF written.
CNF written.
CNF written.
CNF written.
CNF written.
CNF written.
CNF written.
CNF written.
CNF written.
CNF written.
CNF written.
CNF written.
CNF written.
CNF written.
CNF written.
CNF written.
CNF written.
CNF written.
CNF written.
CNF written.
CNF written.
CNF written.
CNF written.
CNF written.
CNF written.
CNF written.
CNF written.
CNF written.
CNF written.
CNF written.
CNF written.
CNF written.
CNF written.
CNF written.
CNF written.
CNF written.
CNF written.
CNF written.
CNF written.
CNF written.
CNF written.
CNF written.
CNF written.
CNF written.
CNF written.
CNF written.
CNF written.
CNF written.
CNF written.
CNF written.
CNF written.
CNF written.
CNF written.
CNF written.
CNF written.
CNF written.
CNF written.
CNF written.
CNF written.
CNF written.
CNF written.
CNF written.
CNF written.
CNF written.
CNF written.
CNF written.
CNF written.
CNF written.
CNF written.
CNF written.
CNF written.
CNF written.
CNF written.
CNF written.
CNF written.
CNF written.
CNF written.
CNF written.
CNF written.
CNF written.
CNF written.
CNF written.
CNF written.
CNF written.
CNF written.
CNF written.
CNF written.
CNF written.
CNF written.
CNF written.
CNF written.
CNF written.
CNF written.
CNF written.
CNF written.
CNF written.
CNF written.
CNF written.
CNF written.
CNF written.
CNF written.
CNF written.
CNF written.
CNF written.
CNF written.
CNF written.
CNF written.
CNF written.
CNF written.
CNF written.
CNF written.
CNF written.
CNF written.
CNF written.
CNF written.
CNF written.
CNF written.
CNF written.
CNF written.
CNF written.
CNF written.
CNF written.
CNF written.
CNF written.
CNF written.
CNF written.
CNF written.
CNF written.
CNF written.
CNF written.
CNF written.
CNF written.
CNF written.
CNF written.
CNF written.
CNF written.
CNF written.
CNF written.
CNF written.
CNF written.
CNF written.
CNF written.
CNF written.
CNF written.
CNF written.
CNF written.
CNF written.
CNF written.
CNF written.
CNF written.
CNF written.
CNF written.
CNF written.
CNF written.
CNF written.
CNF written.
CNF written.
CNF written.
CNF written.
CNF written.
CNF written.
CNF written.
CNF written.
CNF written.
CNF written.
CNF written.
CNF written.
CNF written.
CNF written.
CNF written.
CNF written.
CNF written.
CNF written.
CNF written.
CNF written.
CNF written.
CNF written.
CNF written.
CNF written.
CNF written.
CNF written.
CNF written.
CNF written.
CNF written.
CNF written.
CNF written.
CNF written.
CNF written.
CNF written.
CNF written.
CNF written.
CNF written.
CNF written.
CNF written.
CNF written.
CNF written.
CNF written.
CNF written.
CNF written.
CNF written.
CNF written.
CNF written.
CNF written.
CNF written.
CNF written.
CNF written.
CNF written.
CNF written.
CNF written.
CNF written.
CNF written.
CNF written.
CNF written.
CNF written.
CNF written.
CNF written.
CNF written.
CNF written.
CNF written.
CNF written.
CNF written.
CNF written.
CNF written.
CNF written.
CNF written.
CNF written.
CNF written.
CNF written.
CNF written.
CNF written.
CNF written.
CNF written.
CNF written.
CNF written.
CNF written.
CNF written.
CNF written.
CNF written.
CNF written.
CNF written.
CNF written.
CNF written.
CNF written.
CNF written.
CNF written.
CNF written.
CNF written.
CNF written.
CNF written.
CNF written.
CNF written.
CNF written.
CNF written.
CNF written.
CNF written.
CNF written.
CNF written.
CNF written.
CNF written.
CNF written.
CNF written.
CNF written.
[2025-12-12 07:00:38] [generate_and_run_up_to_limit] Generating and running mentorbm1p01 with K<=500 up to limit 1600
[2025-12-12 07:00:38] [generate_cnf] Generating formula mentorbm1p01 with K=1
[2025-12-12 07:00:39] [run_formula] Running formula mentorbm1p01 with K=1 up to limit 1600
[2025-12-12 07:00:39] [generate_cnf] Generating formula mentorbm1p01 with K=2
[2025-12-12 07:00:39] [run_formula] Running formula mentorbm1p01 with K=2 up to limit 1600
[2025-12-12 07:00:39] [generate_cnf] Generating formula mentorbm1p01 with K=3
[2025-12-12 07:00:40] [run_formula] Running formula mentorbm1p01 with K=3 up to limit 1600
[2025-12-12 07:00:40] [generate_cnf] Generating formula mentorbm1p01 with K=4
[2025-12-12 07:00:40] [run_formula] Running formula mentorbm1p01 with K=4 up to limit 1600
[2025-12-12 07:00:40] [generate_cnf] Generating formula mentorbm1p01 with K=5
[2025-12-12 07:00:41] [run_formula] Running formula mentorbm1p01 with K=5 up to limit 1600
[2025-12-12 07:00:41] [generate_cnf] Generating formula mentorbm1p01 with K=6
[2025-12-12 07:00:42] [run_formula] Running formula mentorbm1p01 with K=6 up to limit 1600
[2025-12-12 07:00:42] [generate_cnf] Generating formula mentorbm1p01 with K=7
[2025-12-12 07:00:42] [run_formula] Running formula mentorbm1p01 with K=7 up to limit 1600
[2025-12-12 07:00:43] [generate_cnf] Generating formula mentorbm1p01 with K=8
[2025-12-12 07:00:43] [run_formula] Running formula mentorbm1p01 with K=8 up to limit 1600
[2025-12-12 07:00:44] [generate_cnf] Generating formula mentorbm1p01 with K=9
[2025-12-12 07:00:44] [run_formula] Running formula mentorbm1p01 with K=9 up to limit 1600
[2025-12-12 07:00:45] [generate_cnf] Generating formula mentorbm1p01 with K=10
[2025-12-12 07:00:46] [run_formula] Running formula mentorbm1p01 with K=10 up to limit 1600
[2025-12-12 07:00:46] [generate_cnf] Generating formula mentorbm1p01 with K=11
[2025-12-12 07:00:47] [run_formula] Running formula mentorbm1p01 with K=11 up to limit 1600
[2025-12-12 07:00:47] [generate_cnf] Generating formula mentorbm1p01 with K=12
[2025-12-12 07:00:48] [run_formula] Running formula mentorbm1p01 with K=12 up to limit 1600
[2025-12-12 07:00:49] [generate_cnf] Generating formula mentorbm1p01 with K=13
[2025-12-12 07:00:50] [run_formula] Running formula mentorbm1p01 with K=13 up to limit 1600
[2025-12-12 07:00:50] [generate_cnf] Generating formula mentorbm1p01 with K=14
[2025-12-12 07:00:52] [run_formula] Running formula mentorbm1p01 with K=14 up to limit 1600
[2025-12-12 07:00:52] [generate_cnf] Generating formula mentorbm1p01 with K=15
[2025-12-12 07:00:53] [run_formula] Running formula mentorbm1p01 with K=15 up to limit 1600
[2025-12-12 07:00:54] [generate_cnf] Generating formula mentorbm1p01 with K=16
[2025-12-12 07:00:55] [run_formula] Running formula mentorbm1p01 with K=16 up to limit 1600
[2025-12-12 07:00:56] [generate_cnf] Generating formula mentorbm1p01 with K=17
[2025-12-12 07:00:57] [run_formula] Running formula mentorbm1p01 with K=17 up to limit 1600
[2025-12-12 07:00:58] [generate_cnf] Generating formula mentorbm1p01 with K=18
[2025-12-12 07:01:00] [run_formula] Running formula mentorbm1p01 with K=18 up to limit 1600
[2025-12-12 07:01:00] [generate_cnf] Generating formula mentorbm1p01 with K=19
[2025-12-12 07:01:02] [run_formula] Running formula mentorbm1p01 with K=19 up to limit 1600
[2025-12-12 07:01:02] [generate_cnf] Generating formula mentorbm1p01 with K=20
[2025-12-12 07:01:04] [run_formula] Running formula mentorbm1p01 with K=20 up to limit 1600
[2025-12-12 07:01:05] [generate_cnf] Generating formula mentorbm1p01 with K=21
[2025-12-12 07:01:07] [run_formula] Running formula mentorbm1p01 with K=21 up to limit 1600
[2025-12-12 07:01:07] [generate_cnf] Generating formula mentorbm1p01 with K=22
[2025-12-12 07:01:09] [run_formula] Running formula mentorbm1p01 with K=22 up to limit 1600
[2025-12-12 07:01:10] [generate_cnf] Generating formula mentorbm1p01 with K=23
[2025-12-12 07:01:12] [run_formula] Running formula mentorbm1p01 with K=23 up to limit 1600
[2025-12-12 07:01:12] [generate_cnf] Generating formula mentorbm1p01 with K=24
[2025-12-12 07:01:15] [run_formula] Running formula mentorbm1p01 with K=24 up to limit 1600
[2025-12-12 07:01:15] [generate_cnf] Generating formula mentorbm1p01 with K=25
[2025-12-12 07:01:18] [run_formula] Running formula mentorbm1p01 with K=25 up to limit 1600
[2025-12-12 07:01:18] [generate_cnf] Generating formula mentorbm1p01 with K=26
[2025-12-12 07:01:21] [run_formula] Running formula mentorbm1p01 with K=26 up to limit 1600
[2025-12-12 07:01:21] [generate_cnf] Generating formula mentorbm1p01 with K=27
[2025-12-12 07:01:24] [run_formula] Running formula mentorbm1p01 with K=27 up to limit 1600
[2025-12-12 07:01:24] [generate_cnf] Generating formula mentorbm1p01 with K=28
[2025-12-12 07:01:27] [run_formula] Running formula mentorbm1p01 with K=28 up to limit 1600
[2025-12-12 07:01:28] [generate_cnf] Generating formula mentorbm1p01 with K=29
[2025-12-12 07:01:30] [run_formula] Running formula mentorbm1p01 with K=29 up to limit 1600
[2025-12-12 07:01:31] [generate_cnf] Generating formula mentorbm1p01 with K=30
[2025-12-12 07:01:34] [run_formula] Running formula mentorbm1p01 with K=30 up to limit 1600
[2025-12-12 07:01:34] [generate_cnf] Generating formula mentorbm1p01 with K=31
[2025-12-12 07:01:37] [run_formula] Running formula mentorbm1p01 with K=31 up to limit 1600
[2025-12-12 07:01:38] [generate_cnf] Generating formula mentorbm1p01 with K=32
[2025-12-12 07:01:41] [run_formula] Running formula mentorbm1p01 with K=32 up to limit 1600
[2025-12-12 07:01:42] [generate_cnf] Generating formula mentorbm1p01 with K=33
[2025-12-12 07:01:45] [run_formula] Running formula mentorbm1p01 with K=33 up to limit 1600
[2025-12-12 07:01:45] [generate_cnf] Generating formula mentorbm1p01 with K=34
[2025-12-12 07:01:48] [run_formula] Running formula mentorbm1p01 with K=34 up to limit 1600
[2025-12-12 07:01:49] [generate_cnf] Generating formula mentorbm1p01 with K=35
[2025-12-12 07:01:52] [run_formula] Running formula mentorbm1p01 with K=35 up to limit 1600
[2025-12-12 07:01:53] [generate_cnf] Generating formula mentorbm1p01 with K=36
[2025-12-12 07:01:56] [run_formula] Running formula mentorbm1p01 with K=36 up to limit 1600
[2025-12-12 07:01:57] [generate_cnf] Generating formula mentorbm1p01 with K=37
[2025-12-12 07:02:01] [run_formula] Running formula mentorbm1p01 with K=37 up to limit 1600
[2025-12-12 07:02:02] [generate_cnf] Generating formula mentorbm1p01 with K=38
[2025-12-12 07:02:05] [run_formula] Running formula mentorbm1p01 with K=38 up to limit 1600
[2025-12-12 07:02:06] [generate_cnf] Generating formula mentorbm1p01 with K=39
[2025-12-12 07:02:09] [run_formula] Running formula mentorbm1p01 with K=39 up to limit 1600
[2025-12-12 07:02:10] [generate_cnf] Generating formula mentorbm1p01 with K=40
[2025-12-12 07:02:14] [run_formula] Running formula mentorbm1p01 with K=40 up to limit 1600
[2025-12-12 07:02:15] [generate_cnf] Generating formula mentorbm1p01 with K=41
[2025-12-12 07:02:19] [run_formula] Running formula mentorbm1p01 with K=41 up to limit 1600
[2025-12-12 07:02:19] [generate_cnf] Generating formula mentorbm1p01 with K=42
[2025-12-12 07:02:23] [run_formula] Running formula mentorbm1p01 with K=42 up to limit 1600
[2025-12-12 07:02:24] [generate_cnf] Generating formula mentorbm1p01 with K=43
[2025-12-12 07:02:28] [run_formula] Running formula mentorbm1p01 with K=43 up to limit 1600
[2025-12-12 07:02:29] [generate_cnf] Generating formula mentorbm1p01 with K=44
[2025-12-12 07:02:33] [run_formula] Running formula mentorbm1p01 with K=44 up to limit 1600
[2025-12-12 07:02:34] [generate_cnf] Generating formula mentorbm1p01 with K=45
[2025-12-12 07:02:38] [run_formula] Running formula mentorbm1p01 with K=45 up to limit 1600
[2025-12-12 07:02:39] [generate_cnf] Generating formula mentorbm1p01 with K=46
[2025-12-12 07:02:43] [run_formula] Running formula mentorbm1p01 with K=46 up to limit 1600
[2025-12-12 07:02:44] [generate_cnf] Generating formula mentorbm1p01 with K=47
[2025-12-12 07:02:48] [run_formula] Running formula mentorbm1p01 with K=47 up to limit 1600
[2025-12-12 07:02:50] [generate_cnf] Generating formula mentorbm1p01 with K=48
[2025-12-12 07:02:54] [run_formula] Running formula mentorbm1p01 with K=48 up to limit 1600
[2025-12-12 07:02:55] [generate_cnf] Generating formula mentorbm1p01 with K=49
[2025-12-12 07:02:59] [run_formula] Running formula mentorbm1p01 with K=49 up to limit 1600
[2025-12-12 07:03:00] [generate_cnf] Generating formula mentorbm1p01 with K=50
[2025-12-12 07:03:05] [run_formula] Running formula mentorbm1p01 with K=50 up to limit 1600
[2025-12-12 07:03:06] [generate_cnf] Generating formula mentorbm1p01 with K=51
[2025-12-12 07:03:10] [run_formula] Running formula mentorbm1p01 with K=51 up to limit 1600
[2025-12-12 07:03:12] [generate_cnf] Generating formula mentorbm1p01 with K=52
[2025-12-12 07:03:16] [run_formula] Running formula mentorbm1p01 with K=52 up to limit 1600
[2025-12-12 07:03:17] [generate_cnf] Generating formula mentorbm1p01 with K=53
[2025-12-12 07:03:22] [run_formula] Running formula mentorbm1p01 with K=53 up to limit 1600
[2025-12-12 07:03:23] [generate_cnf] Generating formula mentorbm1p01 with K=54
[2025-12-12 07:03:28] [run_formula] Running formula mentorbm1p01 with K=54 up to limit 1600
[2025-12-12 07:03:29] [generate_cnf] Generating formula mentorbm1p01 with K=55
[2025-12-12 07:03:34] [run_formula] Running formula mentorbm1p01 with K=55 up to limit 1600
[2025-12-12 07:03:35] [generate_cnf] Generating formula mentorbm1p01 with K=56
[2025-12-12 07:03:40] [run_formula] Running formula mentorbm1p01 with K=56 up to limit 1600
[2025-12-12 07:03:42] [generate_cnf] Generating formula mentorbm1p01 with K=57
[2025-12-12 07:03:48] [run_formula] Running formula mentorbm1p01 with K=57 up to limit 1600
[2025-12-12 07:03:49] [generate_cnf] Generating formula mentorbm1p01 with K=58
[2025-12-12 07:03:54] [run_formula] Running formula mentorbm1p01 with K=58 up to limit 1600
[2025-12-12 07:03:56] [generate_cnf] Generating formula mentorbm1p01 with K=59
[2025-12-12 07:04:01] [run_formula] Running formula mentorbm1p01 with K=59 up to limit 1600
[2025-12-12 07:04:02] [generate_cnf] Generating formula mentorbm1p01 with K=60
[2025-12-12 07:04:08] [run_formula] Running formula mentorbm1p01 with K=60 up to limit 1600
[2025-12-12 07:04:09] [generate_cnf] Generating formula mentorbm1p01 with K=61
[2025-12-12 07:04:15] [run_formula] Running formula mentorbm1p01 with K=61 up to limit 1600
[2025-12-12 07:04:16] [generate_cnf] Generating formula mentorbm1p01 with K=62
[2025-12-12 07:04:22] [run_formula] Running formula mentorbm1p01 with K=62 up to limit 1600
[2025-12-12 07:04:23] [generate_cnf] Generating formula mentorbm1p01 with K=63
[2025-12-12 07:04:29] [run_formula] Running formula mentorbm1p01 with K=63 up to limit 1600
[2025-12-12 07:04:30] [generate_cnf] Generating formula mentorbm1p01 with K=64
[2025-12-12 07:04:36] [run_formula] Running formula mentorbm1p01 with K=64 up to limit 1600
[2025-12-12 07:04:37] [generate_cnf] Generating formula mentorbm1p01 with K=65
[2025-12-12 07:04:43] [run_formula] Running formula mentorbm1p01 with K=65 up to limit 1600
[2025-12-12 07:04:45] [generate_cnf] Generating formula mentorbm1p01 with K=66
[2025-12-12 07:04:51] [run_formula] Running formula mentorbm1p01 with K=66 up to limit 1600
[2025-12-12 07:04:52] [generate_cnf] Generating formula mentorbm1p01 with K=67
[2025-12-12 07:04:58] [run_formula] Running formula mentorbm1p01 with K=67 up to limit 1600
[2025-12-12 07:05:00] [generate_cnf] Generating formula mentorbm1p01 with K=68
[2025-12-12 07:05:06] [run_formula] Running formula mentorbm1p01 with K=68 up to limit 1600
[2025-12-12 07:05:08] [generate_cnf] Generating formula mentorbm1p01 with K=69
[2025-12-12 07:05:14] [run_formula] Running formula mentorbm1p01 with K=69 up to limit 1600
[2025-12-12 07:05:16] [generate_cnf] Generating formula mentorbm1p01 with K=70
[2025-12-12 07:05:22] [run_formula] Running formula mentorbm1p01 with K=70 up to limit 1600
[2025-12-12 07:05:24] [generate_cnf] Generating formula mentorbm1p01 with K=71
[2025-12-12 07:05:30] [run_formula] Running formula mentorbm1p01 with K=71 up to limit 1600
[2025-12-12 07:05:32] [generate_cnf] Generating formula mentorbm1p01 with K=72
[2025-12-12 07:05:38] [run_formula] Running formula mentorbm1p01 with K=72 up to limit 1600
[2025-12-12 07:05:40] [generate_cnf] Generating formula mentorbm1p01 with K=73
[2025-12-12 07:05:47] [run_formula] Running formula mentorbm1p01 with K=73 up to limit 1600
[2025-12-12 07:05:49] [generate_cnf] Generating formula mentorbm1p01 with K=74
[2025-12-12 07:05:55] [run_formula] Running formula mentorbm1p01 with K=74 up to limit 1600
[2025-12-12 07:05:57] [generate_cnf] Generating formula mentorbm1p01 with K=75
[2025-12-12 07:06:04] [run_formula] Running formula mentorbm1p01 with K=75 up to limit 1600
[2025-12-12 07:06:06] [generate_cnf] Generating formula mentorbm1p01 with K=76
[2025-12-12 07:06:13] [run_formula] Running formula mentorbm1p01 with K=76 up to limit 1600
[2025-12-12 07:06:15] [generate_cnf] Generating formula mentorbm1p01 with K=77
[2025-12-12 07:06:22] [run_formula] Running formula mentorbm1p01 with K=77 up to limit 1600
[2025-12-12 07:06:24] [generate_cnf] Generating formula mentorbm1p01 with K=78
[2025-12-12 07:06:31] [run_formula] Running formula mentorbm1p01 with K=78 up to limit 1600
[2025-12-12 07:06:33] [generate_cnf] Generating formula mentorbm1p01 with K=79
[2025-12-12 07:06:41] [run_formula] Running formula mentorbm1p01 with K=79 up to limit 1600
[2025-12-12 07:06:43] [generate_cnf] Generating formula mentorbm1p01 with K=80
[2025-12-12 07:06:50] [run_formula] Running formula mentorbm1p01 with K=80 up to limit 1600
[2025-12-12 07:06:52] [generate_cnf] Generating formula mentorbm1p01 with K=81
[2025-12-12 07:07:00] [run_formula] Running formula mentorbm1p01 with K=81 up to limit 1600
[2025-12-12 07:07:02] [generate_cnf] Generating formula mentorbm1p01 with K=82
[2025-12-12 07:07:10] [run_formula] Running formula mentorbm1p01 with K=82 up to limit 1600
[2025-12-12 07:07:12] [generate_cnf] Generating formula mentorbm1p01 with K=83
[2025-12-12 07:07:20] [run_formula] Running formula mentorbm1p01 with K=83 up to limit 1600
[2025-12-12 07:07:22] [generate_cnf] Generating formula mentorbm1p01 with K=84
[2025-12-12 07:07:30] [run_formula] Running formula mentorbm1p01 with K=84 up to limit 1600
[2025-12-12 07:07:32] [generate_cnf] Generating formula mentorbm1p01 with K=85
[2025-12-12 07:07:40] [run_formula] Running formula mentorbm1p01 with K=85 up to limit 1600
[2025-12-12 07:07:42] [generate_cnf] Generating formula mentorbm1p01 with K=86
[2025-12-12 07:07:50] [run_formula] Running formula mentorbm1p01 with K=86 up to limit 1600
[2025-12-12 07:07:52] [generate_cnf] Generating formula mentorbm1p01 with K=87
[2025-12-12 07:08:00] [run_formula] Running formula mentorbm1p01 with K=87 up to limit 1600
[2025-12-12 07:08:03] [generate_cnf] Generating formula mentorbm1p01 with K=88
[2025-12-12 07:08:11] [run_formula] Running formula mentorbm1p01 with K=88 up to limit 1600
[2025-12-12 07:08:13] [generate_cnf] Generating formula mentorbm1p01 with K=89
[2025-12-12 07:08:21] [run_formula] Running formula mentorbm1p01 with K=89 up to limit 1600
[2025-12-12 07:08:23] [generate_cnf] Generating formula mentorbm1p01 with K=90
[2025-12-12 07:08:32] [run_formula] Running formula mentorbm1p01 with K=90 up to limit 1600
[2025-12-12 07:08:34] [generate_cnf] Generating formula mentorbm1p01 with K=91
[2025-12-12 07:08:42] [run_formula] Running formula mentorbm1p01 with K=91 up to limit 1600
[2025-12-12 07:08:44] [generate_cnf] Generating formula mentorbm1p01 with K=92
[2025-12-12 07:08:52] [run_formula] Running formula mentorbm1p01 with K=92 up to limit 1600
[2025-12-12 07:08:55] [generate_cnf] Generating formula mentorbm1p01 with K=93
[2025-12-12 07:09:03] [run_formula] Running formula mentorbm1p01 with K=93 up to limit 1600
[2025-12-12 07:09:05] [generate_cnf] Generating formula mentorbm1p01 with K=94
[2025-12-12 07:09:14] [run_formula] Running formula mentorbm1p01 with K=94 up to limit 1600
[2025-12-12 07:09:16] [generate_cnf] Generating formula mentorbm1p01 with K=95
[2025-12-12 07:09:25] [run_formula] Running formula mentorbm1p01 with K=95 up to limit 1600
[2025-12-12 07:09:27] [generate_cnf] Generating formula mentorbm1p01 with K=96
[2025-12-12 07:09:35] [run_formula] Running formula mentorbm1p01 with K=96 up to limit 1600
[2025-12-12 07:09:38] [generate_cnf] Generating formula mentorbm1p01 with K=97
[2025-12-12 07:09:47] [run_formula] Running formula mentorbm1p01 with K=97 up to limit 1600
[2025-12-12 07:09:49] [generate_cnf] Generating formula mentorbm1p01 with K=98
[2025-12-12 07:09:58] [run_formula] Running formula mentorbm1p01 with K=98 up to limit 1600
[2025-12-12 07:10:01] [generate_cnf] Generating formula mentorbm1p01 with K=99
[2025-12-12 07:10:10] [run_formula] Running formula mentorbm1p01 with K=99 up to limit 1600
[2025-12-12 07:10:13] [generate_cnf] Generating formula mentorbm1p01 with K=100
[2025-12-12 07:10:22] [run_formula] Running formula mentorbm1p01 with K=100 up to limit 1600
[2025-12-12 07:10:25] [generate_cnf] Generating formula mentorbm1p01 with K=101
[2025-12-12 07:10:34] [run_formula] Running formula mentorbm1p01 with K=101 up to limit 1600
[2025-12-12 07:10:37] [generate_cnf] Generating formula mentorbm1p01 with K=102
[2025-12-12 07:10:46] [run_formula] Running formula mentorbm1p01 with K=102 up to limit 1600
[2025-12-12 07:10:49] [generate_cnf] Generating formula mentorbm1p01 with K=103
[2025-12-12 07:10:59] [run_formula] Running formula mentorbm1p01 with K=103 up to limit 1600
[2025-12-12 07:11:01] [generate_cnf] Generating formula mentorbm1p01 with K=104
[2025-12-12 07:11:11] [run_formula] Running formula mentorbm1p01 with K=104 up to limit 1600
[2025-12-12 07:11:13] [generate_cnf] Generating formula mentorbm1p01 with K=105
[2025-12-12 07:11:23] [run_formula] Running formula mentorbm1p01 with K=105 up to limit 1600
[2025-12-12 07:11:26] [generate_cnf] Generating formula mentorbm1p01 with K=106
[2025-12-12 07:11:37] [run_formula] Running formula mentorbm1p01 with K=106 up to limit 1600
[2025-12-12 07:11:40] [generate_cnf] Generating formula mentorbm1p01 with K=107
[2025-12-12 07:11:49] [run_formula] Running formula mentorbm1p01 with K=107 up to limit 1600
[2025-12-12 07:11:52] [generate_cnf] Generating formula mentorbm1p01 with K=108
[2025-12-12 07:12:02] [run_formula] Running formula mentorbm1p01 with K=108 up to limit 1600
[2025-12-12 07:12:05] [generate_cnf] Generating formula mentorbm1p01 with K=109
[2025-12-12 07:12:15] [run_formula] Running formula mentorbm1p01 with K=109 up to limit 1600
[2025-12-12 07:12:17] [generate_cnf] Generating formula mentorbm1p01 with K=110
[2025-12-12 07:12:27] [run_formula] Running formula mentorbm1p01 with K=110 up to limit 1600
[2025-12-12 07:12:30] [generate_cnf] Generating formula mentorbm1p01 with K=111
[2025-12-12 07:12:40] [run_formula] Running formula mentorbm1p01 with K=111 up to limit 1600
[2025-12-12 07:12:43] [generate_cnf] Generating formula mentorbm1p01 with K=112
[2025-12-12 07:12:53] [run_formula] Running formula mentorbm1p01 with K=112 up to limit 1600
[2025-12-12 07:12:55] [generate_cnf] Generating formula mentorbm1p01 with K=113
[2025-12-12 07:13:05] [run_formula] Running formula mentorbm1p01 with K=113 up to limit 1600
[2025-12-12 07:13:08] [generate_cnf] Generating formula mentorbm1p01 with K=114
[2025-12-12 07:13:18] [run_formula] Running formula mentorbm1p01 with K=114 up to limit 1600
[2025-12-12 07:13:21] [generate_cnf] Generating formula mentorbm1p01 with K=115
[2025-12-12 07:13:32] [run_formula] Running formula mentorbm1p01 with K=115 up to limit 1600
[2025-12-12 07:13:35] [generate_cnf] Generating formula mentorbm1p01 with K=116
[2025-12-12 07:13:45] [run_formula] Running formula mentorbm1p01 with K=116 up to limit 1600
[2025-12-12 07:13:48] [generate_cnf] Generating formula mentorbm1p01 with K=117
[2025-12-12 07:13:59] [run_formula] Running formula mentorbm1p01 with K=117 up to limit 1600
[2025-12-12 07:14:02] [generate_cnf] Generating formula mentorbm1p01 with K=118
[2025-12-12 07:14:13] [run_formula] Running formula mentorbm1p01 with K=118 up to limit 1600
[2025-12-12 07:14:16] [generate_cnf] Generating formula mentorbm1p01 with K=119
[2025-12-12 07:14:27] [run_formula] Running formula mentorbm1p01 with K=119 up to limit 1600
[2025-12-12 07:14:29] [generate_cnf] Generating formula mentorbm1p01 with K=120
[2025-12-12 07:14:40] [run_formula] Running formula mentorbm1p01 with K=120 up to limit 1600
[2025-12-12 07:14:43] [generate_cnf] Generating formula mentorbm1p01 with K=121
[2025-12-12 07:14:54] [run_formula] Running formula mentorbm1p01 with K=121 up to limit 1600
[2025-12-12 07:14:57] [generate_cnf] Generating formula mentorbm1p01 with K=122
[2025-12-12 07:15:08] [run_formula] Running formula mentorbm1p01 with K=122 up to limit 1600
[2025-12-12 07:15:11] [generate_cnf] Generating formula mentorbm1p01 with K=123
[2025-12-12 07:15:22] [run_formula] Running formula mentorbm1p01 with K=123 up to limit 1600
[2025-12-12 07:15:25] [generate_cnf] Generating formula mentorbm1p01 with K=124
[2025-12-12 07:15:36] [run_formula] Running formula mentorbm1p01 with K=124 up to limit 1600
[2025-12-12 07:15:39] [generate_cnf] Generating formula mentorbm1p01 with K=125
[2025-12-12 07:15:51] [run_formula] Running formula mentorbm1p01 with K=125 up to limit 1600
[2025-12-12 07:15:54] [generate_cnf] Generating formula mentorbm1p01 with K=126
[2025-12-12 07:16:05] [run_formula] Running formula mentorbm1p01 with K=126 up to limit 1600
[2025-12-12 07:16:08] [generate_cnf] Generating formula mentorbm1p01 with K=127
[2025-12-12 07:16:19] [run_formula] Running formula mentorbm1p01 with K=127 up to limit 1600
[2025-12-12 07:16:22] [generate_cnf] Generating formula mentorbm1p01 with K=128
[2025-12-12 07:16:34] [run_formula] Running formula mentorbm1p01 with K=128 up to limit 1600
[2025-12-12 07:16:37] [generate_cnf] Generating formula mentorbm1p01 with K=129
[2025-12-12 07:16:48] [run_formula] Running formula mentorbm1p01 with K=129 up to limit 1600
[2025-12-12 07:16:51] [generate_cnf] Generating formula mentorbm1p01 with K=130
[2025-12-12 07:17:03] [run_formula] Running formula mentorbm1p01 with K=130 up to limit 1600
[2025-12-12 07:17:06] [generate_cnf] Generating formula mentorbm1p01 with K=131
[2025-12-12 07:17:18] [run_formula] Running formula mentorbm1p01 with K=131 up to limit 1600
[2025-12-12 07:17:21] [generate_cnf] Generating formula mentorbm1p01 with K=132
[2025-12-12 07:17:34] [run_formula] Running formula mentorbm1p01 with K=132 up to limit 1600
[2025-12-12 07:17:37] [generate_cnf] Generating formula mentorbm1p01 with K=133
[2025-12-12 07:17:50] [run_formula] Running formula mentorbm1p01 with K=133 up to limit 1600
[2025-12-12 07:17:53] [generate_cnf] Generating formula mentorbm1p01 with K=134
[2025-12-12 07:18:06] [run_formula] Running formula mentorbm1p01 with K=134 up to limit 1600
[2025-12-12 07:18:09] [generate_cnf] Generating formula mentorbm1p01 with K=135
[2025-12-12 07:18:23] [run_formula] Running formula mentorbm1p01 with K=135 up to limit 1600
[2025-12-12 07:18:26] [generate_cnf] Generating formula mentorbm1p01 with K=136
[2025-12-12 07:18:39] [run_formula] Running formula mentorbm1p01 with K=136 up to limit 1600
[2025-12-12 07:18:42] [generate_cnf] Generating formula mentorbm1p01 with K=137
[2025-12-12 07:18:55] [run_formula] Running formula mentorbm1p01 with K=137 up to limit 1600
[2025-12-12 07:18:59] [generate_cnf] Generating formula mentorbm1p01 with K=138
[2025-12-12 07:19:12] [run_formula] Running formula mentorbm1p01 with K=138 up to limit 1600
[2025-12-12 07:19:15] [generate_cnf] Generating formula mentorbm1p01 with K=139
[2025-12-12 07:19:29] [run_formula] Running formula mentorbm1p01 with K=139 up to limit 1600
[2025-12-12 07:19:32] [generate_cnf] Generating formula mentorbm1p01 with K=140
[2025-12-12 07:19:45] [run_formula] Running formula mentorbm1p01 with K=140 up to limit 1600
[2025-12-12 07:19:48] [generate_cnf] Generating formula mentorbm1p01 with K=141
[2025-12-12 07:20:01] [run_formula] Running formula mentorbm1p01 with K=141 up to limit 1600
[2025-12-12 07:20:04] [generate_cnf] Generating formula mentorbm1p01 with K=142
[2025-12-12 07:20:17] [run_formula] Running formula mentorbm1p01 with K=142 up to limit 1600
[2025-12-12 07:20:20] [generate_cnf] Generating formula mentorbm1p01 with K=143
[2025-12-12 07:20:33] [run_formula] Running formula mentorbm1p01 with K=143 up to limit 1600
[2025-12-12 07:20:36] [generate_cnf] Generating formula mentorbm1p01 with K=144
[2025-12-12 07:20:50] [run_formula] Running formula mentorbm1p01 with K=144 up to limit 1600
[2025-12-12 07:20:53] [generate_cnf] Generating formula mentorbm1p01 with K=145
[2025-12-12 07:21:07] [run_formula] Running formula mentorbm1p01 with K=145 up to limit 1600
[2025-12-12 07:21:11] [generate_cnf] Generating formula mentorbm1p01 with K=146
[2025-12-12 07:21:25] [run_formula] Running formula mentorbm1p01 with K=146 up to limit 1600
[2025-12-12 07:21:28] [generate_cnf] Generating formula mentorbm1p01 with K=147
[2025-12-12 07:21:42] [run_formula] Running formula mentorbm1p01 with K=147 up to limit 1600
[2025-12-12 07:21:46] [generate_cnf] Generating formula mentorbm1p01 with K=148
[2025-12-12 07:22:00] [run_formula] Running formula mentorbm1p01 with K=148 up to limit 1600
[2025-12-12 07:22:04] [generate_cnf] Generating formula mentorbm1p01 with K=149
[2025-12-12 07:22:18] [run_formula] Running formula mentorbm1p01 with K=149 up to limit 1600
[2025-12-12 07:22:22] [generate_cnf] Generating formula mentorbm1p01 with K=150
[2025-12-12 07:22:35] [run_formula] Running formula mentorbm1p01 with K=150 up to limit 1600
[2025-12-12 07:22:39] [generate_cnf] Generating formula mentorbm1p01 with K=151
[2025-12-12 07:22:53] [run_formula] Running formula mentorbm1p01 with K=151 up to limit 1600
[2025-12-12 07:22:57] [generate_cnf] Generating formula mentorbm1p01 with K=152
[2025-12-12 07:23:10] [run_formula] Running formula mentorbm1p01 with K=152 up to limit 1600
[2025-12-12 07:23:14] [generate_cnf] Generating formula mentorbm1p01 with K=153
[2025-12-12 07:23:28] [run_formula] Running formula mentorbm1p01 with K=153 up to limit 1600
[2025-12-12 07:23:32] [generate_cnf] Generating formula mentorbm1p01 with K=154
[2025-12-12 07:23:47] [run_formula] Running formula mentorbm1p01 with K=154 up to limit 1600
[2025-12-12 07:23:51] [generate_cnf] Generating formula mentorbm1p01 with K=155
[2025-12-12 07:24:06] [run_formula] Running formula mentorbm1p01 with K=155 up to limit 1600
[2025-12-12 07:24:10] [generate_cnf] Generating formula mentorbm1p01 with K=156
[2025-12-12 07:24:25] [run_formula] Running formula mentorbm1p01 with K=156 up to limit 1600
[2025-12-12 07:24:29] [generate_cnf] Generating formula mentorbm1p01 with K=157
[2025-12-12 07:24:43] [run_formula] Running formula mentorbm1p01 with K=157 up to limit 1600
[2025-12-12 07:24:47] [generate_cnf] Generating formula mentorbm1p01 with K=158
[2025-12-12 07:25:02] [run_formula] Running formula mentorbm1p01 with K=158 up to limit 1600
[2025-12-12 07:25:06] [generate_cnf] Generating formula mentorbm1p01 with K=159
[2025-12-12 07:25:21] [run_formula] Running formula mentorbm1p01 with K=159 up to limit 1600
[2025-12-12 07:25:25] [generate_cnf] Generating formula mentorbm1p01 with K=160
[2025-12-12 07:25:40] [run_formula] Running formula mentorbm1p01 with K=160 up to limit 1600
[2025-12-12 07:25:44] [generate_cnf] Generating formula mentorbm1p01 with K=161
[2025-12-12 07:25:59] [run_formula] Running formula mentorbm1p01 with K=161 up to limit 1600
[2025-12-12 07:26:03] [generate_cnf] Generating formula mentorbm1p01 with K=162
[2025-12-12 07:26:18] [run_formula] Running formula mentorbm1p01 with K=162 up to limit 1600
[2025-12-12 07:26:22] [generate_cnf] Generating formula mentorbm1p01 with K=163
[2025-12-12 07:26:36] [run_formula] Running formula mentorbm1p01 with K=163 up to limit 1600
[2025-12-12 07:26:40] [generate_cnf] Generating formula mentorbm1p01 with K=164
[2025-12-12 07:26:55] [run_formula] Running formula mentorbm1p01 with K=164 up to limit 1600
[2025-12-12 07:26:59] [generate_cnf] Generating formula mentorbm1p01 with K=165
[2025-12-12 07:27:14] [run_formula] Running formula mentorbm1p01 with K=165 up to limit 1600
[2025-12-12 07:27:18] [generate_cnf] Generating formula mentorbm1p01 with K=166
[2025-12-12 07:27:33] [run_formula] Running formula mentorbm1p01 with K=166 up to limit 1600
[2025-12-12 07:27:37] [generate_cnf] Generating formula mentorbm1p01 with K=167
[2025-12-12 07:27:53] [run_formula] Running formula mentorbm1p01 with K=167 up to limit 1600
[2025-12-12 07:27:57] [generate_cnf] Generating formula mentorbm1p01 with K=168
[2025-12-12 07:28:13] [run_formula] Running formula mentorbm1p01 with K=168 up to limit 1600
[2025-12-12 07:28:17] [generate_cnf] Generating formula mentorbm1p01 with K=169
[2025-12-12 07:28:33] [run_formula] Running formula mentorbm1p01 with K=169 up to limit 1600
[2025-12-12 07:28:38] [generate_cnf] Generating formula mentorbm1p01 with K=170
[2025-12-12 07:28:53] [run_formula] Running formula mentorbm1p01 with K=170 up to limit 1600
[2025-12-12 07:28:58] [generate_cnf] Generating formula mentorbm1p01 with K=171
[2025-12-12 07:29:14] [run_formula] Running formula mentorbm1p01 with K=171 up to limit 1600
[2025-12-12 07:29:18] [generate_cnf] Generating formula mentorbm1p01 with K=172
[2025-12-12 07:29:34] [run_formula] Running formula mentorbm1p01 with K=172 up to limit 1600
[2025-12-12 07:29:39] [generate_cnf] Generating formula mentorbm1p01 with K=173
[2025-12-12 07:29:55] [run_formula] Running formula mentorbm1p01 with K=173 up to limit 1600
[2025-12-12 07:30:00] [generate_cnf] Generating formula mentorbm1p01 with K=174
[2025-12-12 07:30:16] [run_formula] Running formula mentorbm1p01 with K=174 up to limit 1600
[2025-12-12 07:30:20] [generate_cnf] Generating formula mentorbm1p01 with K=175
[2025-12-12 07:30:37] [run_formula] Running formula mentorbm1p01 with K=175 up to limit 1600
[2025-12-12 07:30:42] [generate_cnf] Generating formula mentorbm1p01 with K=176
[2025-12-12 07:30:59] [run_formula] Running formula mentorbm1p01 with K=176 up to limit 1600
[2025-12-12 07:31:03] [generate_cnf] Generating formula mentorbm1p01 with K=177
[2025-12-12 07:31:20] [run_formula] Running formula mentorbm1p01 with K=177 up to limit 1600
[2025-12-12 07:31:25] [generate_cnf] Generating formula mentorbm1p01 with K=178
[2025-12-12 07:31:42] [run_formula] Running formula mentorbm1p01 with K=178 up to limit 1600
[2025-12-12 07:31:46] [generate_cnf] Generating formula mentorbm1p01 with K=179
[2025-12-12 07:32:03] [run_formula] Running formula mentorbm1p01 with K=179 up to limit 1600
[2025-12-12 07:32:08] [generate_cnf] Generating formula mentorbm1p01 with K=180
[2025-12-12 07:32:25] [run_formula] Running formula mentorbm1p01 with K=180 up to limit 1600
[2025-12-12 07:32:30] [generate_cnf] Generating formula mentorbm1p01 with K=181
[2025-12-12 07:32:47] [run_formula] Running formula mentorbm1p01 with K=181 up to limit 1600
[2025-12-12 07:32:51] [generate_cnf] Generating formula mentorbm1p01 with K=182
[2025-12-12 07:33:08] [run_formula] Running formula mentorbm1p01 with K=182 up to limit 1600
[2025-12-12 07:33:13] [generate_cnf] Generating formula mentorbm1p01 with K=183
[2025-12-12 07:33:30] [run_formula] Running formula mentorbm1p01 with K=183 up to limit 1600
[2025-12-12 07:33:35] [generate_cnf] Generating formula mentorbm1p01 with K=184
[2025-12-12 07:33:51] [run_formula] Running formula mentorbm1p01 with K=184 up to limit 1600
[2025-12-12 07:33:56] [generate_cnf] Generating formula mentorbm1p01 with K=185
[2025-12-12 07:34:13] [run_formula] Running formula mentorbm1p01 with K=185 up to limit 1600
[2025-12-12 07:34:17] [generate_cnf] Generating formula mentorbm1p01 with K=186
[2025-12-12 07:34:35] [run_formula] Running formula mentorbm1p01 with K=186 up to limit 1600
[2025-12-12 07:34:40] [generate_cnf] Generating formula mentorbm1p01 with K=187
[2025-12-12 07:34:57] [run_formula] Running formula mentorbm1p01 with K=187 up to limit 1600
[2025-12-12 07:35:02] [generate_cnf] Generating formula mentorbm1p01 with K=188
[2025-12-12 07:35:20] [run_formula] Running formula mentorbm1p01 with K=188 up to limit 1600
[2025-12-12 07:35:25] [generate_cnf] Generating formula mentorbm1p01 with K=189
[2025-12-12 07:35:43] [run_formula] Running formula mentorbm1p01 with K=189 up to limit 1600
[2025-12-12 07:35:47] [generate_cnf] Generating formula mentorbm1p01 with K=190
[2025-12-12 07:36:06] [run_formula] Running formula mentorbm1p01 with K=190 up to limit 1600
[2025-12-12 07:36:11] [generate_cnf] Generating formula mentorbm1p01 with K=191
[2025-12-12 07:36:28] [run_formula] Running formula mentorbm1p01 with K=191 up to limit 1600
[2025-12-12 07:36:33] [generate_cnf] Generating formula mentorbm1p01 with K=192
[2025-12-12 07:36:51] [run_formula] Running formula mentorbm1p01 with K=192 up to limit 1600
[2025-12-12 07:36:55] [generate_cnf] Generating formula mentorbm1p01 with K=193
[2025-12-12 07:37:13] [run_formula] Running formula mentorbm1p01 with K=193 up to limit 1600
[2025-12-12 07:37:17] [generate_cnf] Generating formula mentorbm1p01 with K=194
[2025-12-12 07:37:35] [run_formula] Running formula mentorbm1p01 with K=194 up to limit 1600
[2025-12-12 07:37:40] [generate_cnf] Generating formula mentorbm1p01 with K=195
[2025-12-12 07:37:58] [run_formula] Running formula mentorbm1p01 with K=195 up to limit 1600
[2025-12-12 07:38:03] [generate_cnf] Generating formula mentorbm1p01 with K=196
[2025-12-12 07:38:21] [run_formula] Running formula mentorbm1p01 with K=196 up to limit 1600
[2025-12-12 07:38:27] [generate_cnf] Generating formula mentorbm1p01 with K=197
[2025-12-12 07:38:45] [run_formula] Running formula mentorbm1p01 with K=197 up to limit 1600
[2025-12-12 07:38:50] [generate_cnf] Generating formula mentorbm1p01 with K=198
[2025-12-12 07:39:08] [run_formula] Running formula mentorbm1p01 with K=198 up to limit 1600
[2025-12-12 07:39:13] [generate_cnf] Generating formula mentorbm1p01 with K=199
[2025-12-12 07:39:32] [run_formula] Running formula mentorbm1p01 with K=199 up to limit 1600
[2025-12-12 07:39:37] [generate_cnf] Generating formula mentorbm1p01 with K=200
[2025-12-12 07:39:55] [run_formula] Running formula mentorbm1p01 with K=200 up to limit 1600
[2025-12-12 07:40:00] [generate_cnf] Generating formula mentorbm1p01 with K=201
[2025-12-12 07:40:18] [run_formula] Running formula mentorbm1p01 with K=201 up to limit 1600
[2025-12-12 07:40:23] [generate_cnf] Generating formula mentorbm1p01 with K=202
[2025-12-12 07:40:41] [run_formula] Running formula mentorbm1p01 with K=202 up to limit 1600
[2025-12-12 07:40:46] [generate_cnf] Generating formula mentorbm1p01 with K=203
[2025-12-12 07:41:05] [run_formula] Running formula mentorbm1p01 with K=203 up to limit 1600
[2025-12-12 07:41:10] [generate_cnf] Generating formula mentorbm1p01 with K=204
[2025-12-12 07:41:28] [run_formula] Running formula mentorbm1p01 with K=204 up to limit 1600
[2025-12-12 07:41:33] [generate_cnf] Generating formula mentorbm1p01 with K=205
[2025-12-12 07:41:52] [run_formula] Running formula mentorbm1p01 with K=205 up to limit 1600
[2025-12-12 07:41:57] [generate_cnf] Generating formula mentorbm1p01 with K=206
[2025-12-12 07:42:16] [run_formula] Running formula mentorbm1p01 with K=206 up to limit 1600
[2025-12-12 07:42:21] [generate_cnf] Generating formula mentorbm1p01 with K=207
[2025-12-12 07:42:40] [run_formula] Running formula mentorbm1p01 with K=207 up to limit 1600
[2025-12-12 07:42:46] [generate_cnf] Generating formula mentorbm1p01 with K=208
[2025-12-12 07:43:05] [run_formula] Running formula mentorbm1p01 with K=208 up to limit 1600
[2025-12-12 07:43:10] [generate_cnf] Generating formula mentorbm1p01 with K=209
[2025-12-12 07:43:29] [run_formula] Running formula mentorbm1p01 with K=209 up to limit 1600
[2025-12-12 07:43:35] [generate_cnf] Generating formula mentorbm1p01 with K=210
[2025-12-12 07:43:54] [run_formula] Running formula mentorbm1p01 with K=210 up to limit 1600
[2025-12-12 07:43:59] [generate_cnf] Generating formula mentorbm1p01 with K=211
[2025-12-12 07:44:19] [run_formula] Running formula mentorbm1p01 with K=211 up to limit 1600
[2025-12-12 07:44:24] [generate_cnf] Generating formula mentorbm1p01 with K=212
[2025-12-12 07:44:43] [run_formula] Running formula mentorbm1p01 with K=212 up to limit 1600
[2025-12-12 07:44:49] [generate_cnf] Generating formula mentorbm1p01 with K=213
[2025-12-12 07:45:08] [run_formula] Running formula mentorbm1p01 with K=213 up to limit 1600
[2025-12-12 07:45:13] [generate_cnf] Generating formula mentorbm1p01 with K=214
[2025-12-12 07:45:33] [run_formula] Running formula mentorbm1p01 with K=214 up to limit 1600
[2025-12-12 07:45:39] [generate_cnf] Generating formula mentorbm1p01 with K=215
[2025-12-12 07:45:58] [run_formula] Running formula mentorbm1p01 with K=215 up to limit 1600
[2025-12-12 07:46:04] [generate_cnf] Generating formula mentorbm1p01 with K=216
[2025-12-12 07:46:23] [run_formula] Running formula mentorbm1p01 with K=216 up to limit 1600
[2025-12-12 07:46:29] [generate_cnf] Generating formula mentorbm1p01 with K=217
[2025-12-12 07:46:48] [run_formula] Running formula mentorbm1p01 with K=217 up to limit 1600
[2025-12-12 07:46:54] [generate_cnf] Generating formula mentorbm1p01 with K=218
[2025-12-12 07:47:14] [run_formula] Running formula mentorbm1p01 with K=218 up to limit 1600
[2025-12-12 07:47:19] [generate_cnf] Generating formula mentorbm1p01 with K=219
[2025-12-12 07:47:39] [run_formula] Running formula mentorbm1p01 with K=219 up to limit 1600
[2025-12-12 07:47:45] [generate_cnf] Generating formula mentorbm1p01 with K=220
[2025-12-12 07:48:05] [run_formula] Running formula mentorbm1p01 with K=220 up to limit 1600
[2025-12-12 07:48:11] [generate_cnf] Generating formula mentorbm1p01 with K=221
[2025-12-12 07:48:31] [run_formula] Running formula mentorbm1p01 with K=221 up to limit 1600
[2025-12-12 07:48:37] [generate_cnf] Generating formula mentorbm1p01 with K=222
[2025-12-12 07:48:57] [run_formula] Running formula mentorbm1p01 with K=222 up to limit 1600
[2025-12-12 07:49:03] [generate_cnf] Generating formula mentorbm1p01 with K=223
[2025-12-12 07:49:24] [run_formula] Running formula mentorbm1p01 with K=223 up to limit 1600
[2025-12-12 07:49:29] [generate_cnf] Generating formula mentorbm1p01 with K=224
[2025-12-12 07:49:49] [run_formula] Running formula mentorbm1p01 with K=224 up to limit 1600
[2025-12-12 07:49:55] [generate_cnf] Generating formula mentorbm1p01 with K=225
[2025-12-12 07:50:15] [run_formula] Running formula mentorbm1p01 with K=225 up to limit 1600
[2025-12-12 07:50:21] [generate_cnf] Generating formula mentorbm1p01 with K=226
[2025-12-12 07:50:42] [run_formula] Running formula mentorbm1p01 with K=226 up to limit 1600
[2025-12-12 07:50:48] [generate_cnf] Generating formula mentorbm1p01 with K=227
[2025-12-12 07:51:08] [run_formula] Running formula mentorbm1p01 with K=227 up to limit 1600
[2025-12-12 07:51:14] [generate_cnf] Generating formula mentorbm1p01 with K=228
[2025-12-12 07:51:35] [run_formula] Running formula mentorbm1p01 with K=228 up to limit 1600
[2025-12-12 07:51:41] [generate_cnf] Generating formula mentorbm1p01 with K=229
[2025-12-12 07:52:01] [run_formula] Running formula mentorbm1p01 with K=229 up to limit 1600
[2025-12-12 07:52:07] [generate_cnf] Generating formula mentorbm1p01 with K=230
[2025-12-12 07:52:28] [run_formula] Running formula mentorbm1p01 with K=230 up to limit 1600
[2025-12-12 07:52:33] [generate_cnf] Generating formula mentorbm1p01 with K=231
[2025-12-12 07:52:54] [run_formula] Running formula mentorbm1p01 with K=231 up to limit 1600
[2025-12-12 07:53:00] [generate_cnf] Generating formula mentorbm1p01 with K=232
[2025-12-12 07:53:21] [run_formula] Running formula mentorbm1p01 with K=232 up to limit 1600
[2025-12-12 07:53:27] [generate_cnf] Generating formula mentorbm1p01 with K=233
[2025-12-12 07:53:48] [run_formula] Running formula mentorbm1p01 with K=233 up to limit 1600
[2025-12-12 07:53:54] [generate_cnf] Generating formula mentorbm1p01 with K=234
[2025-12-12 07:54:15] [run_formula] Running formula mentorbm1p01 with K=234 up to limit 1600
[2025-12-12 07:54:21] [generate_cnf] Generating formula mentorbm1p01 with K=235
[2025-12-12 07:54:43] [run_formula] Running formula mentorbm1p01 with K=235 up to limit 1600
[2025-12-12 07:54:49] [generate_cnf] Generating formula mentorbm1p01 with K=236
[2025-12-12 07:55:11] [run_formula] Running formula mentorbm1p01 with K=236 up to limit 1600
[2025-12-12 07:55:17] [generate_cnf] Generating formula mentorbm1p01 with K=237
[2025-12-12 07:55:39] [run_formula] Running formula mentorbm1p01 with K=237 up to limit 1600
[2025-12-12 07:55:45] [generate_cnf] Generating formula mentorbm1p01 with K=238
[2025-12-12 07:56:07] [run_formula] Running formula mentorbm1p01 with K=238 up to limit 1600
[2025-12-12 07:56:13] [generate_cnf] Generating formula mentorbm1p01 with K=239
[2025-12-12 07:56:34] [run_formula] Running formula mentorbm1p01 with K=239 up to limit 1600
[2025-12-12 07:56:40] [generate_cnf] Generating formula mentorbm1p01 with K=240
[2025-12-12 07:57:03] [run_formula] Running formula mentorbm1p01 with K=240 up to limit 1600
[2025-12-12 07:57:09] [generate_cnf] Generating formula mentorbm1p01 with K=241
[2025-12-12 07:57:30] [run_formula] Running formula mentorbm1p01 with K=241 up to limit 1600
[2025-12-12 07:57:36] [generate_cnf] Generating formula mentorbm1p01 with K=242
[2025-12-12 07:57:58] [run_formula] Running formula mentorbm1p01 with K=242 up to limit 1600
[2025-12-12 07:58:04] [generate_cnf] Generating formula mentorbm1p01 with K=243
[2025-12-12 07:58:27] [run_formula] Running formula mentorbm1p01 with K=243 up to limit 1600
[2025-12-12 07:58:33] [generate_cnf] Generating formula mentorbm1p01 with K=244
[2025-12-12 07:58:55] [run_formula] Running formula mentorbm1p01 with K=244 up to limit 1600
[2025-12-12 07:59:01] [generate_cnf] Generating formula mentorbm1p01 with K=245
[2025-12-12 07:59:24] [run_formula] Running formula mentorbm1p01 with K=245 up to limit 1600
[2025-12-12 07:59:30] [generate_cnf] Generating formula mentorbm1p01 with K=246
[2025-12-12 07:59:52] [run_formula] Running formula mentorbm1p01 with K=246 up to limit 1600
[2025-12-12 07:59:59] [generate_cnf] Generating formula mentorbm1p01 with K=247
[2025-12-12 08:00:21] [run_formula] Running formula mentorbm1p01 with K=247 up to limit 1600
[2025-12-12 08:00:27] [generate_cnf] Generating formula mentorbm1p01 with K=248
[2025-12-12 08:00:49] [run_formula] Running formula mentorbm1p01 with K=248 up to limit 1600
[2025-12-12 08:00:55] [generate_cnf] Generating formula mentorbm1p01 with K=249
[2025-12-12 08:01:18] [run_formula] Running formula mentorbm1p01 with K=249 up to limit 1600
[2025-12-12 08:01:25] [generate_cnf] Generating formula mentorbm1p01 with K=250
[2025-12-12 08:01:48] [run_formula] Running formula mentorbm1p01 with K=250 up to limit 1600
[2025-12-12 08:01:54] [generate_cnf] Generating formula mentorbm1p01 with K=251
[2025-12-12 08:02:16] [run_formula] Running formula mentorbm1p01 with K=251 up to limit 1600
[2025-12-12 08:02:22] [generate_cnf] Generating formula mentorbm1p01 with K=252
[2025-12-12 08:02:45] [run_formula] Running formula mentorbm1p01 with K=252 up to limit 1600
[2025-12-12 08:02:51] [generate_cnf] Generating formula mentorbm1p01 with K=253
[2025-12-12 08:03:14] [run_formula] Running formula mentorbm1p01 with K=253 up to limit 1600
[2025-12-12 08:03:20] [generate_cnf] Generating formula mentorbm1p01 with K=254
[2025-12-12 08:03:44] [run_formula] Running formula mentorbm1p01 with K=254 up to limit 1600
[2025-12-12 08:03:50] [generate_cnf] Generating formula mentorbm1p01 with K=255
[2025-12-12 08:04:13] [run_formula] Running formula mentorbm1p01 with K=255 up to limit 1600
[2025-12-12 08:04:19] [generate_cnf] Generating formula mentorbm1p01 with K=256
[2025-12-12 08:04:42] [run_formula] Running formula mentorbm1p01 with K=256 up to limit 1600
[2025-12-12 08:04:49] [generate_cnf] Generating formula mentorbm1p01 with K=257
[2025-12-12 08:05:12] [run_formula] Running formula mentorbm1p01 with K=257 up to limit 1600
[2025-12-12 08:05:19] [generate_cnf] Generating formula mentorbm1p01 with K=258
[2025-12-12 08:05:42] [run_formula] Running formula mentorbm1p01 with K=258 up to limit 1600
[2025-12-12 08:05:48] [generate_cnf] Generating formula mentorbm1p01 with K=259
[2025-12-12 08:06:12] [run_formula] Running formula mentorbm1p01 with K=259 up to limit 1600
[2025-12-12 08:06:19] [generate_cnf] Generating formula mentorbm1p01 with K=260
[2025-12-12 08:06:43] [run_formula] Running formula mentorbm1p01 with K=260 up to limit 1600
[2025-12-12 08:06:50] [generate_cnf] Generating formula mentorbm1p01 with K=261
[2025-12-12 08:07:13] [run_formula] Running formula mentorbm1p01 with K=261 up to limit 1600
[2025-12-12 08:07:20] [generate_cnf] Generating formula mentorbm1p01 with K=262
[2025-12-12 08:07:44] [run_formula] Running formula mentorbm1p01 with K=262 up to limit 1600
[2025-12-12 08:07:51] [generate_cnf] Generating formula mentorbm1p01 with K=263
[2025-12-12 08:08:15] [run_formula] Running formula mentorbm1p01 with K=263 up to limit 1600
[2025-12-12 08:08:22] [generate_cnf] Generating formula mentorbm1p01 with K=264
[2025-12-12 08:08:46] [run_formula] Running formula mentorbm1p01 with K=264 up to limit 1600
[2025-12-12 08:08:53] [generate_cnf] Generating formula mentorbm1p01 with K=265
[2025-12-12 08:09:17] [run_formula] Running formula mentorbm1p01 with K=265 up to limit 1600
[2025-12-12 08:09:24] [generate_cnf] Generating formula mentorbm1p01 with K=266
[2025-12-12 08:09:49] [run_formula] Running formula mentorbm1p01 with K=266 up to limit 1600
[2025-12-12 08:09:55] [generate_cnf] Generating formula mentorbm1p01 with K=267
[2025-12-12 08:10:20] [run_formula] Running formula mentorbm1p01 with K=267 up to limit 1600
[2025-12-12 08:10:27] [generate_cnf] Generating formula mentorbm1p01 with K=268
[2025-12-12 08:10:51] [run_formula] Running formula mentorbm1p01 with K=268 up to limit 1600
[2025-12-12 08:10:58] [generate_cnf] Generating formula mentorbm1p01 with K=269
[2025-12-12 08:11:23] [run_formula] Running formula mentorbm1p01 with K=269 up to limit 1600
[2025-12-12 08:11:30] [generate_cnf] Generating formula mentorbm1p01 with K=270
[2025-12-12 08:11:54] [run_formula] Running formula mentorbm1p01 with K=270 up to limit 1600
[2025-12-12 08:12:01] [generate_cnf] Generating formula mentorbm1p01 with K=271
[2025-12-12 08:12:26] [run_formula] Running formula mentorbm1p01 with K=271 up to limit 1600
[2025-12-12 08:12:33] [generate_cnf] Generating formula mentorbm1p01 with K=272
[2025-12-12 08:12:58] [run_formula] Running formula mentorbm1p01 with K=272 up to limit 1600
[2025-12-12 08:13:05] [generate_cnf] Generating formula mentorbm1p01 with K=273
[2025-12-12 08:13:30] [run_formula] Running formula mentorbm1p01 with K=273 up to limit 1600
[2025-12-12 08:13:37] [generate_cnf] Generating formula mentorbm1p01 with K=274
[2025-12-12 08:14:01] [run_formula] Running formula mentorbm1p01 with K=274 up to limit 1600
[2025-12-12 08:14:09] [generate_cnf] Generating formula mentorbm1p01 with K=275
[2025-12-12 08:14:34] [run_formula] Running formula mentorbm1p01 with K=275 up to limit 1600
[2025-12-12 08:14:41] [generate_cnf] Generating formula mentorbm1p01 with K=276
[2025-12-12 08:15:06] [run_formula] Running formula mentorbm1p01 with K=276 up to limit 1600
[2025-12-12 08:15:13] [generate_cnf] Generating formula mentorbm1p01 with K=277
[2025-12-12 08:15:38] [run_formula] Running formula mentorbm1p01 with K=277 up to limit 1600
[2025-12-12 08:15:44] [generate_cnf] Generating formula mentorbm1p01 with K=278
[2025-12-12 08:16:10] [run_formula] Running formula mentorbm1p01 with K=278 up to limit 1600
[2025-12-12 08:16:16] [generate_cnf] Generating formula mentorbm1p01 with K=279
[2025-12-12 08:16:41] [run_formula] Running formula mentorbm1p01 with K=279 up to limit 1600
[2025-12-12 08:16:48] [generate_cnf] Generating formula mentorbm1p01 with K=280
[2025-12-12 08:17:13] [run_formula] Running formula mentorbm1p01 with K=280 up to limit 1600
[2025-12-12 08:17:20] [generate_cnf] Generating formula mentorbm1p01 with K=281
[2025-12-12 08:17:46] [run_formula] Running formula mentorbm1p01 with K=281 up to limit 1600
[2025-12-12 08:17:53] [generate_cnf] Generating formula mentorbm1p01 with K=282
[2025-12-12 08:18:19] [run_formula] Running formula mentorbm1p01 with K=282 up to limit 1600
[2025-12-12 08:18:26] [generate_cnf] Generating formula mentorbm1p01 with K=283
[2025-12-12 08:18:52] [run_formula] Running formula mentorbm1p01 with K=283 up to limit 1600
[2025-12-12 08:18:59] [generate_cnf] Generating formula mentorbm1p01 with K=284
[2025-12-12 08:19:25] [run_formula] Running formula mentorbm1p01 with K=284 up to limit 1600
[2025-12-12 08:19:32] [generate_cnf] Generating formula mentorbm1p01 with K=285
[2025-12-12 08:19:58] [run_formula] Running formula mentorbm1p01 with K=285 up to limit 1600
[2025-12-12 08:20:05] [generate_cnf] Generating formula mentorbm1p01 with K=286
[2025-12-12 08:20:31] [run_formula] Running formula mentorbm1p01 with K=286 up to limit 1600
[2025-12-12 08:20:39] [generate_cnf] Generating formula mentorbm1p01 with K=287
[2025-12-12 08:21:05] [run_formula] Running formula mentorbm1p01 with K=287 up to limit 1600
[2025-12-12 08:21:13] [generate_cnf] Generating formula mentorbm1p01 with K=288
[2025-12-12 08:21:39] [run_formula] Running formula mentorbm1p01 with K=288 up to limit 1600
[2025-12-12 08:21:47] [generate_cnf] Generating formula mentorbm1p01 with K=289
[2025-12-12 08:22:13] [run_formula] Running formula mentorbm1p01 with K=289 up to limit 1600
[2025-12-12 08:22:20] [generate_cnf] Generating formula mentorbm1p01 with K=290
[2025-12-12 08:22:47] [run_formula] Running formula mentorbm1p01 with K=290 up to limit 1600
[2025-12-12 08:22:54] [generate_cnf] Generating formula mentorbm1p01 with K=291
[2025-12-12 08:23:22] [run_formula] Running formula mentorbm1p01 with K=291 up to limit 1600
[2025-12-12 08:23:29] [generate_cnf] Generating formula mentorbm1p01 with K=292
[2025-12-12 08:23:57] [run_formula] Running formula mentorbm1p01 with K=292 up to limit 1600
[2025-12-12 08:24:04] [generate_cnf] Generating formula mentorbm1p01 with K=293
[2025-12-12 08:24:31] [run_formula] Running formula mentorbm1p01 with K=293 up to limit 1600
[2025-12-12 08:24:39] [generate_cnf] Generating formula mentorbm1p01 with K=294
[2025-12-12 08:25:06] [run_formula] Running formula mentorbm1p01 with K=294 up to limit 1600
[2025-12-12 08:25:13] [generate_cnf] Generating formula mentorbm1p01 with K=295
[2025-12-12 08:25:40] [run_formula] Running formula mentorbm1p01 with K=295 up to limit 1600
[2025-12-12 08:25:48] [generate_cnf] Generating formula mentorbm1p01 with K=296
[2025-12-12 08:26:15] [run_formula] Running formula mentorbm1p01 with K=296 up to limit 1600
[2025-12-12 08:26:23] [generate_cnf] Generating formula mentorbm1p01 with K=297
[2025-12-12 08:26:50] [run_formula] Running formula mentorbm1p01 with K=297 up to limit 1600
[2025-12-12 08:26:58] [generate_cnf] Generating formula mentorbm1p01 with K=298
[2025-12-12 08:27:24] [run_formula] Running formula mentorbm1p01 with K=298 up to limit 1600
[2025-12-12 08:27:32] [generate_cnf] Generating formula mentorbm1p01 with K=299
[2025-12-12 08:27:59] [run_formula] Running formula mentorbm1p01 with K=299 up to limit 1600
[2025-12-12 08:28:06] [run_formula] Error running formula mentorbm1p01 with K=299: [Errno 122] Disk quota exceeded: './results/solving_logs/mentorbm1p01//mentorbm1p01.299.log'
[2025-12-12 08:28:06] [generate_and_run_up_to_limit] Failed to run formula mentorbm1p01 with K=299, halting
