CNF written.
CNF written.
CNF written.
CNF written.
CNF written.
CNF written.
CNF written.
CNF written.
CNF written.
CNF written.
CNF written.
CNF written.
CNF written.
CNF written.
CNF written.
CNF written.
CNF written.
CNF written.
CNF written.
CNF written.
CNF written.
CNF written.
CNF written.
CNF written.
CNF written.
CNF written.
CNF written.
CNF written.
CNF written.
CNF written.
CNF written.
CNF written.
CNF written.
CNF written.
CNF written.
CNF written.
CNF written.
CNF written.
CNF written.
CNF written.
CNF written.
CNF written.
CNF written.
CNF written.
CNF written.
CNF written.
CNF written.
CNF written.
CNF written.
CNF written.
CNF written.
CNF written.
CNF written.
CNF written.
CNF written.
CNF written.
CNF written.
CNF written.
CNF written.
CNF written.
CNF written.
CNF written.
CNF written.
CNF written.
CNF written.
CNF written.
CNF written.
CNF written.
CNF written.
CNF written.
CNF written.
CNF written.
CNF written.
CNF written.
CNF written.
CNF written.
CNF written.
CNF written.
CNF written.
CNF written.
CNF written.
CNF written.
CNF written.
CNF written.
CNF written.
CNF written.
CNF written.
CNF written.
CNF written.
CNF written.
CNF written.
CNF written.
CNF written.
CNF written.
CNF written.
CNF written.
CNF written.
CNF written.
CNF written.
CNF written.
CNF written.
CNF written.
CNF written.
CNF written.
CNF written.
CNF written.
CNF written.
CNF written.
CNF written.
CNF written.
CNF written.
[2025-12-12 08:00:17] [generate_and_run_up_to_limit] Generating and running mentorbm1p07 with K<=500 up to limit 1600
[2025-12-12 08:00:17] [generate_cnf] Generating formula mentorbm1p07 with K=1
[2025-12-12 08:00:18] [run_formula] Running formula mentorbm1p07 with K=1 up to limit 1600
[2025-12-12 08:00:18] [generate_cnf] Generating formula mentorbm1p07 with K=2
[2025-12-12 08:00:18] [run_formula] Running formula mentorbm1p07 with K=2 up to limit 1600
[2025-12-12 08:00:18] [generate_cnf] Generating formula mentorbm1p07 with K=3
[2025-12-12 08:00:19] [run_formula] Running formula mentorbm1p07 with K=3 up to limit 1600
[2025-12-12 08:00:19] [generate_cnf] Generating formula mentorbm1p07 with K=4
[2025-12-12 08:00:19] [run_formula] Running formula mentorbm1p07 with K=4 up to limit 1600
[2025-12-12 08:00:20] [generate_cnf] Generating formula mentorbm1p07 with K=5
[2025-12-12 08:00:20] [run_formula] Running formula mentorbm1p07 with K=5 up to limit 1600
[2025-12-12 08:00:20] [generate_cnf] Generating formula mentorbm1p07 with K=6
[2025-12-12 08:00:21] [run_formula] Running formula mentorbm1p07 with K=6 up to limit 1600
[2025-12-12 08:00:22] [generate_cnf] Generating formula mentorbm1p07 with K=7
[2025-12-12 08:00:23] [run_formula] Running formula mentorbm1p07 with K=7 up to limit 1600
[2025-12-12 08:00:23] [generate_cnf] Generating formula mentorbm1p07 with K=8
[2025-12-12 08:00:24] [run_formula] Running formula mentorbm1p07 with K=8 up to limit 1600
[2025-12-12 08:00:24] [generate_cnf] Generating formula mentorbm1p07 with K=9
[2025-12-12 08:00:25] [run_formula] Running formula mentorbm1p07 with K=9 up to limit 1600
[2025-12-12 08:00:26] [generate_cnf] Generating formula mentorbm1p07 with K=10
[2025-12-12 08:00:27] [run_formula] Running formula mentorbm1p07 with K=10 up to limit 1600
[2025-12-12 08:00:27] [generate_cnf] Generating formula mentorbm1p07 with K=11
[2025-12-12 08:00:29] [run_formula] Running formula mentorbm1p07 with K=11 up to limit 1600
[2025-12-12 08:00:29] [generate_cnf] Generating formula mentorbm1p07 with K=12
[2025-12-12 08:00:31] [run_formula] Running formula mentorbm1p07 with K=12 up to limit 1600
[2025-12-12 08:00:31] [generate_cnf] Generating formula mentorbm1p07 with K=13
[2025-12-12 08:00:33] [run_formula] Running formula mentorbm1p07 with K=13 up to limit 1600
[2025-12-12 08:00:33] [generate_cnf] Generating formula mentorbm1p07 with K=14
[2025-12-12 08:00:35] [run_formula] Running formula mentorbm1p07 with K=14 up to limit 1600
[2025-12-12 08:00:35] [generate_cnf] Generating formula mentorbm1p07 with K=15
[2025-12-12 08:00:37] [run_formula] Running formula mentorbm1p07 with K=15 up to limit 1600
[2025-12-12 08:00:38] [generate_cnf] Generating formula mentorbm1p07 with K=16
[2025-12-12 08:00:40] [run_formula] Running formula mentorbm1p07 with K=16 up to limit 1600
[2025-12-12 08:00:41] [generate_cnf] Generating formula mentorbm1p07 with K=17
[2025-12-12 08:00:43] [run_formula] Running formula mentorbm1p07 with K=17 up to limit 1600
[2025-12-12 08:00:44] [generate_cnf] Generating formula mentorbm1p07 with K=18
[2025-12-12 08:00:46] [run_formula] Running formula mentorbm1p07 with K=18 up to limit 1600
[2025-12-12 08:00:47] [generate_cnf] Generating formula mentorbm1p07 with K=19
[2025-12-12 08:00:50] [run_formula] Running formula mentorbm1p07 with K=19 up to limit 1600
[2025-12-12 08:00:51] [generate_cnf] Generating formula mentorbm1p07 with K=20
[2025-12-12 08:00:54] [run_formula] Running formula mentorbm1p07 with K=20 up to limit 1600
[2025-12-12 08:00:56] [generate_cnf] Generating formula mentorbm1p07 with K=21
[2025-12-12 08:00:58] [run_formula] Running formula mentorbm1p07 with K=21 up to limit 1600
[2025-12-12 08:01:00] [generate_cnf] Generating formula mentorbm1p07 with K=22
[2025-12-12 08:01:03] [run_formula] Running formula mentorbm1p07 with K=22 up to limit 1600
[2025-12-12 08:01:05] [generate_cnf] Generating formula mentorbm1p07 with K=23
[2025-12-12 08:01:08] [run_formula] Running formula mentorbm1p07 with K=23 up to limit 1600
[2025-12-12 08:01:11] [generate_cnf] Generating formula mentorbm1p07 with K=24
[2025-12-12 08:01:14] [run_formula] Running formula mentorbm1p07 with K=24 up to limit 1600
[2025-12-12 08:01:16] [generate_cnf] Generating formula mentorbm1p07 with K=25
[2025-12-12 08:01:19] [run_formula] Running formula mentorbm1p07 with K=25 up to limit 1600
[2025-12-12 08:01:22] [generate_cnf] Generating formula mentorbm1p07 with K=26
[2025-12-12 08:01:25] [run_formula] Running formula mentorbm1p07 with K=26 up to limit 1600
[2025-12-12 08:01:28] [generate_cnf] Generating formula mentorbm1p07 with K=27
[2025-12-12 08:01:32] [run_formula] Running formula mentorbm1p07 with K=27 up to limit 1600
[2025-12-12 08:01:35] [generate_cnf] Generating formula mentorbm1p07 with K=28
[2025-12-12 08:01:39] [run_formula] Running formula mentorbm1p07 with K=28 up to limit 1600
[2025-12-12 08:01:42] [generate_cnf] Generating formula mentorbm1p07 with K=29
[2025-12-12 08:01:45] [run_formula] Running formula mentorbm1p07 with K=29 up to limit 1600
[2025-12-12 08:01:48] [generate_cnf] Generating formula mentorbm1p07 with K=30
[2025-12-12 08:01:52] [run_formula] Running formula mentorbm1p07 with K=30 up to limit 1600
[2025-12-12 08:01:55] [generate_cnf] Generating formula mentorbm1p07 with K=31
[2025-12-12 08:01:58] [run_formula] Running formula mentorbm1p07 with K=31 up to limit 1600
[2025-12-12 08:02:01] [generate_cnf] Generating formula mentorbm1p07 with K=32
[2025-12-12 08:02:05] [run_formula] Running formula mentorbm1p07 with K=32 up to limit 1600
[2025-12-12 08:02:09] [generate_cnf] Generating formula mentorbm1p07 with K=33
[2025-12-12 08:02:13] [run_formula] Running formula mentorbm1p07 with K=33 up to limit 1600
[2025-12-12 08:02:17] [generate_cnf] Generating formula mentorbm1p07 with K=34
[2025-12-12 08:02:21] [run_formula] Running formula mentorbm1p07 with K=34 up to limit 1600
[2025-12-12 08:02:24] [generate_cnf] Generating formula mentorbm1p07 with K=35
[2025-12-12 08:02:28] [run_formula] Running formula mentorbm1p07 with K=35 up to limit 1600
[2025-12-12 08:02:33] [generate_cnf] Generating formula mentorbm1p07 with K=36
[2025-12-12 08:02:37] [run_formula] Running formula mentorbm1p07 with K=36 up to limit 1600
[2025-12-12 08:02:40] [generate_cnf] Generating formula mentorbm1p07 with K=37
[2025-12-12 08:02:45] [run_formula] Running formula mentorbm1p07 with K=37 up to limit 1600
[2025-12-12 08:02:49] [generate_cnf] Generating formula mentorbm1p07 with K=38
[2025-12-12 08:02:53] [run_formula] Running formula mentorbm1p07 with K=38 up to limit 1600
[2025-12-12 08:02:56] [generate_cnf] Generating formula mentorbm1p07 with K=39
[2025-12-12 08:03:01] [run_formula] Running formula mentorbm1p07 with K=39 up to limit 1600
[2025-12-12 08:03:04] [generate_cnf] Generating formula mentorbm1p07 with K=40
[2025-12-12 08:03:09] [run_formula] Running formula mentorbm1p07 with K=40 up to limit 1600
[2025-12-12 08:03:12] [generate_cnf] Generating formula mentorbm1p07 with K=41
[2025-12-12 08:03:18] [run_formula] Running formula mentorbm1p07 with K=41 up to limit 1600
[2025-12-12 08:03:23] [generate_cnf] Generating formula mentorbm1p07 with K=42
[2025-12-12 08:03:28] [run_formula] Running formula mentorbm1p07 with K=42 up to limit 1600
[2025-12-12 08:03:32] [generate_cnf] Generating formula mentorbm1p07 with K=43
[2025-12-12 08:03:38] [run_formula] Running formula mentorbm1p07 with K=43 up to limit 1600
[2025-12-12 08:03:41] [generate_cnf] Generating formula mentorbm1p07 with K=44
[2025-12-12 08:03:46] [run_formula] Running formula mentorbm1p07 with K=44 up to limit 1600
[2025-12-12 08:03:50] [generate_cnf] Generating formula mentorbm1p07 with K=45
[2025-12-12 08:03:55] [run_formula] Running formula mentorbm1p07 with K=45 up to limit 1600
[2025-12-12 08:03:59] [generate_cnf] Generating formula mentorbm1p07 with K=46
[2025-12-12 08:04:05] [run_formula] Running formula mentorbm1p07 with K=46 up to limit 1600
[2025-12-12 08:04:08] [generate_cnf] Generating formula mentorbm1p07 with K=47
[2025-12-12 08:04:14] [run_formula] Running formula mentorbm1p07 with K=47 up to limit 1600
[2025-12-12 08:04:17] [generate_cnf] Generating formula mentorbm1p07 with K=48
[2025-12-12 08:04:23] [run_formula] Running formula mentorbm1p07 with K=48 up to limit 1600
[2025-12-12 08:04:30] [generate_cnf] Generating formula mentorbm1p07 with K=49
[2025-12-12 08:04:36] [run_formula] Running formula mentorbm1p07 with K=49 up to limit 1600
[2025-12-12 08:04:40] [generate_cnf] Generating formula mentorbm1p07 with K=50
[2025-12-12 08:04:46] [run_formula] Running formula mentorbm1p07 with K=50 up to limit 1600
[2025-12-12 08:04:50] [generate_cnf] Generating formula mentorbm1p07 with K=51
[2025-12-12 08:04:57] [run_formula] Running formula mentorbm1p07 with K=51 up to limit 1600
[2025-12-12 08:05:00] [generate_cnf] Generating formula mentorbm1p07 with K=52
[2025-12-12 08:05:07] [run_formula] Running formula mentorbm1p07 with K=52 up to limit 1600
[2025-12-12 08:05:11] [generate_cnf] Generating formula mentorbm1p07 with K=53
[2025-12-12 08:05:17] [run_formula] Running formula mentorbm1p07 with K=53 up to limit 1600
[2025-12-12 08:05:21] [generate_cnf] Generating formula mentorbm1p07 with K=54
[2025-12-12 08:05:28] [run_formula] Running formula mentorbm1p07 with K=54 up to limit 1600
[2025-12-12 08:05:32] [generate_cnf] Generating formula mentorbm1p07 with K=55
[2025-12-12 08:05:39] [run_formula] Running formula mentorbm1p07 with K=55 up to limit 1600
[2025-12-12 08:05:42] [generate_cnf] Generating formula mentorbm1p07 with K=56
[2025-12-12 08:05:49] [run_formula] Running formula mentorbm1p07 with K=56 up to limit 1600
[2025-12-12 08:05:57] [generate_cnf] Generating formula mentorbm1p07 with K=57
[2025-12-12 08:06:04] [run_formula] Running formula mentorbm1p07 with K=57 up to limit 1600
[2025-12-12 08:06:12] [generate_cnf] Generating formula mentorbm1p07 with K=58
[2025-12-12 08:06:19] [run_formula] Running formula mentorbm1p07 with K=58 up to limit 1600
[2025-12-12 08:06:25] [generate_cnf] Generating formula mentorbm1p07 with K=59
[2025-12-12 08:06:33] [run_formula] Running formula mentorbm1p07 with K=59 up to limit 1600
[2025-12-12 08:06:42] [generate_cnf] Generating formula mentorbm1p07 with K=60
[2025-12-12 08:06:49] [run_formula] Running formula mentorbm1p07 with K=60 up to limit 1600
[2025-12-12 08:06:57] [generate_cnf] Generating formula mentorbm1p07 with K=61
[2025-12-12 08:07:05] [run_formula] Running formula mentorbm1p07 with K=61 up to limit 1600
[2025-12-12 08:07:14] [generate_cnf] Generating formula mentorbm1p07 with K=62
[2025-12-12 08:07:21] [run_formula] Running formula mentorbm1p07 with K=62 up to limit 1600
[2025-12-12 08:07:31] [generate_cnf] Generating formula mentorbm1p07 with K=63
[2025-12-12 08:07:39] [run_formula] Running formula mentorbm1p07 with K=63 up to limit 1600
[2025-12-12 08:07:51] [generate_cnf] Generating formula mentorbm1p07 with K=64
[2025-12-12 08:07:59] [run_formula] Running formula mentorbm1p07 with K=64 up to limit 1600
[2025-12-12 08:08:09] [generate_cnf] Generating formula mentorbm1p07 with K=65
[2025-12-12 08:08:17] [run_formula] Running formula mentorbm1p07 with K=65 up to limit 1600
[2025-12-12 08:08:27] [generate_cnf] Generating formula mentorbm1p07 with K=66
[2025-12-12 08:08:35] [run_formula] Running formula mentorbm1p07 with K=66 up to limit 1600
[2025-12-12 08:08:44] [generate_cnf] Generating formula mentorbm1p07 with K=67
[2025-12-12 08:08:52] [run_formula] Running formula mentorbm1p07 with K=67 up to limit 1600
[2025-12-12 08:09:05] [generate_cnf] Generating formula mentorbm1p07 with K=68
[2025-12-12 08:09:13] [run_formula] Running formula mentorbm1p07 with K=68 up to limit 1600
[2025-12-12 08:09:23] [generate_cnf] Generating formula mentorbm1p07 with K=69
[2025-12-12 08:09:31] [run_formula] Running formula mentorbm1p07 with K=69 up to limit 1600
[2025-12-12 08:09:41] [generate_cnf] Generating formula mentorbm1p07 with K=70
[2025-12-12 08:09:49] [run_formula] Running formula mentorbm1p07 with K=70 up to limit 1600
[2025-12-12 08:10:02] [generate_cnf] Generating formula mentorbm1p07 with K=71
[2025-12-12 08:10:10] [run_formula] Running formula mentorbm1p07 with K=71 up to limit 1600
[2025-12-12 08:10:20] [generate_cnf] Generating formula mentorbm1p07 with K=72
[2025-12-12 08:10:29] [run_formula] Running formula mentorbm1p07 with K=72 up to limit 1600
[2025-12-12 08:10:40] [generate_cnf] Generating formula mentorbm1p07 with K=73
[2025-12-12 08:10:49] [run_formula] Running formula mentorbm1p07 with K=73 up to limit 1600
[2025-12-12 08:11:01] [generate_cnf] Generating formula mentorbm1p07 with K=74
[2025-12-12 08:11:10] [run_formula] Running formula mentorbm1p07 with K=74 up to limit 1600
[2025-12-12 08:11:24] [generate_cnf] Generating formula mentorbm1p07 with K=75
[2025-12-12 08:11:33] [run_formula] Running formula mentorbm1p07 with K=75 up to limit 1600
[2025-12-12 08:11:47] [generate_cnf] Generating formula mentorbm1p07 with K=76
[2025-12-12 08:11:56] [run_formula] Running formula mentorbm1p07 with K=76 up to limit 1600
[2025-12-12 08:12:08] [generate_cnf] Generating formula mentorbm1p07 with K=77
[2025-12-12 08:12:18] [run_formula] Running formula mentorbm1p07 with K=77 up to limit 1600
[2025-12-12 08:12:28] [generate_cnf] Generating formula mentorbm1p07 with K=78
[2025-12-12 08:12:38] [run_formula] Running formula mentorbm1p07 with K=78 up to limit 1600
[2025-12-12 08:12:52] [generate_cnf] Generating formula mentorbm1p07 with K=79
[2025-12-12 08:13:02] [run_formula] Running formula mentorbm1p07 with K=79 up to limit 1600
[2025-12-12 08:13:14] [generate_cnf] Generating formula mentorbm1p07 with K=80
[2025-12-12 08:13:24] [run_formula] Running formula mentorbm1p07 with K=80 up to limit 1600
[2025-12-12 08:13:35] [generate_cnf] Generating formula mentorbm1p07 with K=81
[2025-12-12 08:13:45] [run_formula] Running formula mentorbm1p07 with K=81 up to limit 1600
[2025-12-12 08:13:57] [generate_cnf] Generating formula mentorbm1p07 with K=82
[2025-12-12 08:14:07] [run_formula] Running formula mentorbm1p07 with K=82 up to limit 1600
[2025-12-12 08:14:19] [generate_cnf] Generating formula mentorbm1p07 with K=83
[2025-12-12 08:14:29] [run_formula] Running formula mentorbm1p07 with K=83 up to limit 1600
[2025-12-12 08:14:41] [generate_cnf] Generating formula mentorbm1p07 with K=84
[2025-12-12 08:14:52] [run_formula] Running formula mentorbm1p07 with K=84 up to limit 1600
[2025-12-12 08:15:05] [generate_cnf] Generating formula mentorbm1p07 with K=85
[2025-12-12 08:15:16] [run_formula] Running formula mentorbm1p07 with K=85 up to limit 1600
[2025-12-12 08:15:30] [generate_cnf] Generating formula mentorbm1p07 with K=86
[2025-12-12 08:15:41] [run_formula] Running formula mentorbm1p07 with K=86 up to limit 1600
[2025-12-12 08:15:56] [generate_cnf] Generating formula mentorbm1p07 with K=87
[2025-12-12 08:16:07] [run_formula] Running formula mentorbm1p07 with K=87 up to limit 1600
[2025-12-12 08:16:20] [generate_cnf] Generating formula mentorbm1p07 with K=88
[2025-12-12 08:16:31] [run_formula] Running formula mentorbm1p07 with K=88 up to limit 1600
[2025-12-12 08:16:47] [generate_cnf] Generating formula mentorbm1p07 with K=89
[2025-12-12 08:16:58] [run_formula] Running formula mentorbm1p07 with K=89 up to limit 1600
[2025-12-12 08:17:11] [generate_cnf] Generating formula mentorbm1p07 with K=90
[2025-12-12 08:17:22] [run_formula] Running formula mentorbm1p07 with K=90 up to limit 1600
[2025-12-12 08:17:46] [generate_cnf] Generating formula mentorbm1p07 with K=91
[2025-12-12 08:17:57] [run_formula] Running formula mentorbm1p07 with K=91 up to limit 1600
[2025-12-12 08:18:14] [generate_cnf] Generating formula mentorbm1p07 with K=92
[2025-12-12 08:18:26] [run_formula] Running formula mentorbm1p07 with K=92 up to limit 1600
[2025-12-12 08:18:41] [generate_cnf] Generating formula mentorbm1p07 with K=93
[2025-12-12 08:18:53] [run_formula] Running formula mentorbm1p07 with K=93 up to limit 1600
[2025-12-12 08:19:05] [generate_cnf] Generating formula mentorbm1p07 with K=94
[2025-12-12 08:19:16] [run_formula] Running formula mentorbm1p07 with K=94 up to limit 1600
[2025-12-12 08:19:40] [generate_cnf] Generating formula mentorbm1p07 with K=95
[2025-12-12 08:19:52] [run_formula] Running formula mentorbm1p07 with K=95 up to limit 1600
[2025-12-12 08:20:10] [generate_cnf] Generating formula mentorbm1p07 with K=96
[2025-12-12 08:20:22] [run_formula] Running formula mentorbm1p07 with K=96 up to limit 1600
[2025-12-12 08:20:34] [generate_cnf] Generating formula mentorbm1p07 with K=97
[2025-12-12 08:20:46] [run_formula] Running formula mentorbm1p07 with K=97 up to limit 1600
[2025-12-12 08:21:01] [generate_cnf] Generating formula mentorbm1p07 with K=98
[2025-12-12 08:21:12] [run_formula] Running formula mentorbm1p07 with K=98 up to limit 1600
[2025-12-12 08:21:33] [generate_cnf] Generating formula mentorbm1p07 with K=99
[2025-12-12 08:21:45] [run_formula] Running formula mentorbm1p07 with K=99 up to limit 1600
[2025-12-12 08:22:09] [generate_cnf] Generating formula mentorbm1p07 with K=100
[2025-12-12 08:22:20] [run_formula] Running formula mentorbm1p07 with K=100 up to limit 1600
[2025-12-12 08:22:35] [generate_cnf] Generating formula mentorbm1p07 with K=101
[2025-12-12 08:22:47] [run_formula] Running formula mentorbm1p07 with K=101 up to limit 1600
[2025-12-12 08:23:00] [generate_cnf] Generating formula mentorbm1p07 with K=102
[2025-12-12 08:23:13] [run_formula] Running formula mentorbm1p07 with K=102 up to limit 1600
[2025-12-12 08:23:27] [generate_cnf] Generating formula mentorbm1p07 with K=103
[2025-12-12 08:23:39] [run_formula] Running formula mentorbm1p07 with K=103 up to limit 1600
[2025-12-12 08:23:58] [generate_cnf] Generating formula mentorbm1p07 with K=104
[2025-12-12 08:24:11] [run_formula] Running formula mentorbm1p07 with K=104 up to limit 1600
[2025-12-12 08:24:34] [generate_cnf] Generating formula mentorbm1p07 with K=105
[2025-12-12 08:24:47] [run_formula] Running formula mentorbm1p07 with K=105 up to limit 1600
[2025-12-12 08:25:04] [generate_cnf] Generating formula mentorbm1p07 with K=106
[2025-12-12 08:25:17] [run_formula] Running formula mentorbm1p07 with K=106 up to limit 1600
[2025-12-12 08:25:39] [generate_cnf] Generating formula mentorbm1p07 with K=107
[2025-12-12 08:25:53] [run_formula] Running formula mentorbm1p07 with K=107 up to limit 1600
[2025-12-12 08:26:11] [generate_cnf] Generating formula mentorbm1p07 with K=108
[2025-12-12 08:26:24] [run_formula] Running formula mentorbm1p07 with K=108 up to limit 1600
[2025-12-12 08:26:41] [generate_cnf] Generating formula mentorbm1p07 with K=109
[2025-12-12 08:26:54] [run_formula] Running formula mentorbm1p07 with K=109 up to limit 1600
[2025-12-12 08:27:09] [generate_cnf] Generating formula mentorbm1p07 with K=110
[2025-12-12 08:27:23] [run_formula] Running formula mentorbm1p07 with K=110 up to limit 1600
[2025-12-12 08:27:44] [generate_cnf] Generating formula mentorbm1p07 with K=111
[2025-12-12 08:27:58] [run_formula] Running formula mentorbm1p07 with K=111 up to limit 1600
[2025-12-12 08:28:17] [run_formula] Error running formula mentorbm1p07 with K=111: [Errno 122] Disk quota exceeded: './results/solving_logs/mentorbm1p07//mentorbm1p07.111.log'
[2025-12-12 08:28:17] [generate_and_run_up_to_limit] Failed to run formula mentorbm1p07 with K=111, halting
