CNF written.
CNF written.
CNF written.
CNF written.
CNF written.
CNF written.
CNF written.
CNF written.
CNF written.
CNF written.
CNF written.
CNF written.
CNF written.
CNF written.
CNF written.
CNF written.
CNF written.
CNF written.
CNF written.
CNF written.
CNF written.
CNF written.
CNF written.
CNF written.
CNF written.
CNF written.
CNF written.
CNF written.
CNF written.
CNF written.
CNF written.
CNF written.
CNF written.
CNF written.
CNF written.
CNF written.
CNF written.
CNF written.
CNF written.
CNF written.
CNF written.
CNF written.
CNF written.
CNF written.
CNF written.
CNF written.
CNF written.
CNF written.
CNF written.
CNF written.
CNF written.
CNF written.
CNF written.
CNF written.
CNF written.
CNF written.
CNF written.
CNF written.
CNF written.
CNF written.
CNF written.
CNF written.
CNF written.
CNF written.
CNF written.
CNF written.
CNF written.
CNF written.
CNF written.
CNF written.
CNF written.
CNF written.
CNF written.
CNF written.
CNF written.
CNF written.
CNF written.
CNF written.
CNF written.
CNF written.
CNF written.
CNF written.
CNF written.
CNF written.
CNF written.
CNF written.
CNF written.
CNF written.
CNF written.
CNF written.
CNF written.
CNF written.
CNF written.
CNF written.
CNF written.
CNF written.
CNF written.
CNF written.
CNF written.
CNF written.
CNF written.
CNF written.
CNF written.
CNF written.
CNF written.
CNF written.
CNF written.
CNF written.
CNF written.
CNF written.
CNF written.
CNF written.
CNF written.
CNF written.
CNF written.
CNF written.
CNF written.
CNF written.
CNF written.
CNF written.
CNF written.
CNF written.
CNF written.
CNF written.
CNF written.
CNF written.
CNF written.
CNF written.
CNF written.
CNF written.
CNF written.
CNF written.
CNF written.
CNF written.
CNF written.
CNF written.
CNF written.
CNF written.
CNF written.
CNF written.
CNF written.
CNF written.
CNF written.
CNF written.
CNF written.
CNF written.
CNF written.
CNF written.
CNF written.
CNF written.
CNF written.
CNF written.
CNF written.
CNF written.
CNF written.
CNF written.
CNF written.
CNF written.
CNF written.
CNF written.
CNF written.
CNF written.
CNF written.
CNF written.
[2025-12-12 08:00:35] [generate_and_run_up_to_limit] Generating and running neclaftp2001 with K<=500 up to limit 1600
[2025-12-12 08:00:35] [generate_cnf] Generating formula neclaftp2001 with K=1
[2025-12-12 08:00:35] [run_formula] Running formula neclaftp2001 with K=1 up to limit 1600
[2025-12-12 08:00:35] [generate_cnf] Generating formula neclaftp2001 with K=2
[2025-12-12 08:00:36] [run_formula] Running formula neclaftp2001 with K=2 up to limit 1600
[2025-12-12 08:00:36] [generate_cnf] Generating formula neclaftp2001 with K=3
[2025-12-12 08:00:36] [run_formula] Running formula neclaftp2001 with K=3 up to limit 1600
[2025-12-12 08:00:36] [generate_cnf] Generating formula neclaftp2001 with K=4
[2025-12-12 08:00:37] [run_formula] Running formula neclaftp2001 with K=4 up to limit 1600
[2025-12-12 08:00:37] [generate_cnf] Generating formula neclaftp2001 with K=5
[2025-12-12 08:00:38] [run_formula] Running formula neclaftp2001 with K=5 up to limit 1600
[2025-12-12 08:00:38] [generate_cnf] Generating formula neclaftp2001 with K=6
[2025-12-12 08:00:38] [run_formula] Running formula neclaftp2001 with K=6 up to limit 1600
[2025-12-12 08:00:38] [generate_cnf] Generating formula neclaftp2001 with K=7
[2025-12-12 08:00:39] [run_formula] Running formula neclaftp2001 with K=7 up to limit 1600
[2025-12-12 08:00:39] [generate_cnf] Generating formula neclaftp2001 with K=8
[2025-12-12 08:00:40] [run_formula] Running formula neclaftp2001 with K=8 up to limit 1600
[2025-12-12 08:00:40] [generate_cnf] Generating formula neclaftp2001 with K=9
[2025-12-12 08:00:41] [run_formula] Running formula neclaftp2001 with K=9 up to limit 1600
[2025-12-12 08:00:42] [generate_cnf] Generating formula neclaftp2001 with K=10
[2025-12-12 08:00:43] [run_formula] Running formula neclaftp2001 with K=10 up to limit 1600
[2025-12-12 08:00:43] [generate_cnf] Generating formula neclaftp2001 with K=11
[2025-12-12 08:00:44] [run_formula] Running formula neclaftp2001 with K=11 up to limit 1600
[2025-12-12 08:00:44] [generate_cnf] Generating formula neclaftp2001 with K=12
[2025-12-12 08:00:45] [run_formula] Running formula neclaftp2001 with K=12 up to limit 1600
[2025-12-12 08:00:46] [generate_cnf] Generating formula neclaftp2001 with K=13
[2025-12-12 08:00:47] [run_formula] Running formula neclaftp2001 with K=13 up to limit 1600
[2025-12-12 08:00:47] [generate_cnf] Generating formula neclaftp2001 with K=14
[2025-12-12 08:00:49] [run_formula] Running formula neclaftp2001 with K=14 up to limit 1600
[2025-12-12 08:00:49] [generate_cnf] Generating formula neclaftp2001 with K=15
[2025-12-12 08:00:51] [run_formula] Running formula neclaftp2001 with K=15 up to limit 1600
[2025-12-12 08:00:51] [generate_cnf] Generating formula neclaftp2001 with K=16
[2025-12-12 08:00:53] [run_formula] Running formula neclaftp2001 with K=16 up to limit 1600
[2025-12-12 08:00:53] [generate_cnf] Generating formula neclaftp2001 with K=17
[2025-12-12 08:00:54] [run_formula] Running formula neclaftp2001 with K=17 up to limit 1600
[2025-12-12 08:00:55] [generate_cnf] Generating formula neclaftp2001 with K=18
[2025-12-12 08:00:57] [run_formula] Running formula neclaftp2001 with K=18 up to limit 1600
[2025-12-12 08:00:57] [generate_cnf] Generating formula neclaftp2001 with K=19
[2025-12-12 08:00:59] [run_formula] Running formula neclaftp2001 with K=19 up to limit 1600
[2025-12-12 08:00:59] [generate_cnf] Generating formula neclaftp2001 with K=20
[2025-12-12 08:01:01] [run_formula] Running formula neclaftp2001 with K=20 up to limit 1600
[2025-12-12 08:01:02] [generate_cnf] Generating formula neclaftp2001 with K=21
[2025-12-12 08:01:03] [run_formula] Running formula neclaftp2001 with K=21 up to limit 1600
[2025-12-12 08:01:04] [generate_cnf] Generating formula neclaftp2001 with K=22
[2025-12-12 08:01:06] [run_formula] Running formula neclaftp2001 with K=22 up to limit 1600
[2025-12-12 08:01:06] [generate_cnf] Generating formula neclaftp2001 with K=23
[2025-12-12 08:01:09] [run_formula] Running formula neclaftp2001 with K=23 up to limit 1600
[2025-12-12 08:01:09] [generate_cnf] Generating formula neclaftp2001 with K=24
[2025-12-12 08:01:11] [run_formula] Running formula neclaftp2001 with K=24 up to limit 1600
[2025-12-12 08:01:12] [generate_cnf] Generating formula neclaftp2001 with K=25
[2025-12-12 08:01:14] [run_formula] Running formula neclaftp2001 with K=25 up to limit 1600
[2025-12-12 08:01:15] [generate_cnf] Generating formula neclaftp2001 with K=26
[2025-12-12 08:01:17] [run_formula] Running formula neclaftp2001 with K=26 up to limit 1600
[2025-12-12 08:01:18] [generate_cnf] Generating formula neclaftp2001 with K=27
[2025-12-12 08:01:20] [run_formula] Running formula neclaftp2001 with K=27 up to limit 1600
[2025-12-12 08:01:21] [generate_cnf] Generating formula neclaftp2001 with K=28
[2025-12-12 08:01:23] [run_formula] Running formula neclaftp2001 with K=28 up to limit 1600
[2025-12-12 08:01:24] [generate_cnf] Generating formula neclaftp2001 with K=29
[2025-12-12 08:01:27] [run_formula] Running formula neclaftp2001 with K=29 up to limit 1600
[2025-12-12 08:01:27] [generate_cnf] Generating formula neclaftp2001 with K=30
[2025-12-12 08:01:30] [run_formula] Running formula neclaftp2001 with K=30 up to limit 1600
[2025-12-12 08:01:31] [generate_cnf] Generating formula neclaftp2001 with K=31
[2025-12-12 08:01:33] [run_formula] Running formula neclaftp2001 with K=31 up to limit 1600
[2025-12-12 08:01:34] [generate_cnf] Generating formula neclaftp2001 with K=32
[2025-12-12 08:01:37] [run_formula] Running formula neclaftp2001 with K=32 up to limit 1600
[2025-12-12 08:01:38] [generate_cnf] Generating formula neclaftp2001 with K=33
[2025-12-12 08:01:41] [run_formula] Running formula neclaftp2001 with K=33 up to limit 1600
[2025-12-12 08:01:41] [generate_cnf] Generating formula neclaftp2001 with K=34
[2025-12-12 08:01:45] [run_formula] Running formula neclaftp2001 with K=34 up to limit 1600
[2025-12-12 08:01:45] [generate_cnf] Generating formula neclaftp2001 with K=35
[2025-12-12 08:01:49] [run_formula] Running formula neclaftp2001 with K=35 up to limit 1600
[2025-12-12 08:01:49] [generate_cnf] Generating formula neclaftp2001 with K=36
[2025-12-12 08:01:53] [run_formula] Running formula neclaftp2001 with K=36 up to limit 1600
[2025-12-12 08:01:53] [generate_cnf] Generating formula neclaftp2001 with K=37
[2025-12-12 08:01:57] [run_formula] Running formula neclaftp2001 with K=37 up to limit 1600
[2025-12-12 08:01:57] [generate_cnf] Generating formula neclaftp2001 with K=38
[2025-12-12 08:02:01] [run_formula] Running formula neclaftp2001 with K=38 up to limit 1600
[2025-12-12 08:02:02] [generate_cnf] Generating formula neclaftp2001 with K=39
[2025-12-12 08:02:06] [run_formula] Running formula neclaftp2001 with K=39 up to limit 1600
[2025-12-12 08:02:06] [generate_cnf] Generating formula neclaftp2001 with K=40
[2025-12-12 08:02:10] [run_formula] Running formula neclaftp2001 with K=40 up to limit 1600
[2025-12-12 08:02:11] [generate_cnf] Generating formula neclaftp2001 with K=41
[2025-12-12 08:02:15] [run_formula] Running formula neclaftp2001 with K=41 up to limit 1600
[2025-12-12 08:02:15] [generate_cnf] Generating formula neclaftp2001 with K=42
[2025-12-12 08:02:19] [run_formula] Running formula neclaftp2001 with K=42 up to limit 1600
[2025-12-12 08:02:20] [generate_cnf] Generating formula neclaftp2001 with K=43
[2025-12-12 08:02:24] [run_formula] Running formula neclaftp2001 with K=43 up to limit 1600
[2025-12-12 08:02:25] [generate_cnf] Generating formula neclaftp2001 with K=44
[2025-12-12 08:02:29] [run_formula] Running formula neclaftp2001 with K=44 up to limit 1600
[2025-12-12 08:02:30] [generate_cnf] Generating formula neclaftp2001 with K=45
[2025-12-12 08:02:34] [run_formula] Running formula neclaftp2001 with K=45 up to limit 1600
[2025-12-12 08:02:35] [generate_cnf] Generating formula neclaftp2001 with K=46
[2025-12-12 08:02:39] [run_formula] Running formula neclaftp2001 with K=46 up to limit 1600
[2025-12-12 08:02:40] [generate_cnf] Generating formula neclaftp2001 with K=47
[2025-12-12 08:02:44] [run_formula] Running formula neclaftp2001 with K=47 up to limit 1600
[2025-12-12 08:02:44] [generate_cnf] Generating formula neclaftp2001 with K=48
[2025-12-12 08:02:49] [run_formula] Running formula neclaftp2001 with K=48 up to limit 1600
[2025-12-12 08:02:50] [generate_cnf] Generating formula neclaftp2001 with K=49
[2025-12-12 08:02:55] [run_formula] Running formula neclaftp2001 with K=49 up to limit 1600
[2025-12-12 08:02:55] [generate_cnf] Generating formula neclaftp2001 with K=50
[2025-12-12 08:03:00] [run_formula] Running formula neclaftp2001 with K=50 up to limit 1600
[2025-12-12 08:03:01] [generate_cnf] Generating formula neclaftp2001 with K=51
[2025-12-12 08:03:06] [run_formula] Running formula neclaftp2001 with K=51 up to limit 1600
[2025-12-12 08:03:06] [generate_cnf] Generating formula neclaftp2001 with K=52
[2025-12-12 08:03:11] [run_formula] Running formula neclaftp2001 with K=52 up to limit 1600
[2025-12-12 08:03:12] [generate_cnf] Generating formula neclaftp2001 with K=53
[2025-12-12 08:03:16] [run_formula] Running formula neclaftp2001 with K=53 up to limit 1600
[2025-12-12 08:03:17] [generate_cnf] Generating formula neclaftp2001 with K=54
[2025-12-12 08:03:22] [run_formula] Running formula neclaftp2001 with K=54 up to limit 1600
[2025-12-12 08:03:23] [generate_cnf] Generating formula neclaftp2001 with K=55
[2025-12-12 08:03:29] [run_formula] Running formula neclaftp2001 with K=55 up to limit 1600
[2025-12-12 08:03:30] [generate_cnf] Generating formula neclaftp2001 with K=56
[2025-12-12 08:03:35] [run_formula] Running formula neclaftp2001 with K=56 up to limit 1600
[2025-12-12 08:03:36] [generate_cnf] Generating formula neclaftp2001 with K=57
[2025-12-12 08:03:41] [run_formula] Running formula neclaftp2001 with K=57 up to limit 1600
[2025-12-12 08:03:42] [generate_cnf] Generating formula neclaftp2001 with K=58
[2025-12-12 08:03:48] [run_formula] Running formula neclaftp2001 with K=58 up to limit 1600
[2025-12-12 08:03:49] [generate_cnf] Generating formula neclaftp2001 with K=59
[2025-12-12 08:03:54] [run_formula] Running formula neclaftp2001 with K=59 up to limit 1600
[2025-12-12 08:03:55] [generate_cnf] Generating formula neclaftp2001 with K=60
[2025-12-12 08:04:01] [run_formula] Running formula neclaftp2001 with K=60 up to limit 1600
[2025-12-12 08:04:02] [generate_cnf] Generating formula neclaftp2001 with K=61
[2025-12-12 08:04:08] [run_formula] Running formula neclaftp2001 with K=61 up to limit 1600
[2025-12-12 08:04:10] [generate_cnf] Generating formula neclaftp2001 with K=62
[2025-12-12 08:04:16] [run_formula] Running formula neclaftp2001 with K=62 up to limit 1600
[2025-12-12 08:04:17] [generate_cnf] Generating formula neclaftp2001 with K=63
[2025-12-12 08:04:23] [run_formula] Running formula neclaftp2001 with K=63 up to limit 1600
[2025-12-12 08:04:25] [generate_cnf] Generating formula neclaftp2001 with K=64
[2025-12-12 08:04:31] [run_formula] Running formula neclaftp2001 with K=64 up to limit 1600
[2025-12-12 08:04:32] [generate_cnf] Generating formula neclaftp2001 with K=65
[2025-12-12 08:04:38] [run_formula] Running formula neclaftp2001 with K=65 up to limit 1600
[2025-12-12 08:04:40] [generate_cnf] Generating formula neclaftp2001 with K=66
[2025-12-12 08:04:46] [run_formula] Running formula neclaftp2001 with K=66 up to limit 1600
[2025-12-12 08:04:48] [generate_cnf] Generating formula neclaftp2001 with K=67
[2025-12-12 08:04:54] [run_formula] Running formula neclaftp2001 with K=67 up to limit 1600
[2025-12-12 08:04:56] [generate_cnf] Generating formula neclaftp2001 with K=68
[2025-12-12 08:05:02] [run_formula] Running formula neclaftp2001 with K=68 up to limit 1600
[2025-12-12 08:05:03] [generate_cnf] Generating formula neclaftp2001 with K=69
[2025-12-12 08:05:10] [run_formula] Running formula neclaftp2001 with K=69 up to limit 1600
[2025-12-12 08:05:11] [generate_cnf] Generating formula neclaftp2001 with K=70
[2025-12-12 08:05:18] [run_formula] Running formula neclaftp2001 with K=70 up to limit 1600
[2025-12-12 08:05:19] [generate_cnf] Generating formula neclaftp2001 with K=71
[2025-12-12 08:05:26] [run_formula] Running formula neclaftp2001 with K=71 up to limit 1600
[2025-12-12 08:05:27] [generate_cnf] Generating formula neclaftp2001 with K=72
[2025-12-12 08:05:34] [run_formula] Running formula neclaftp2001 with K=72 up to limit 1600
[2025-12-12 08:05:36] [generate_cnf] Generating formula neclaftp2001 with K=73
[2025-12-12 08:05:43] [run_formula] Running formula neclaftp2001 with K=73 up to limit 1600
[2025-12-12 08:05:45] [generate_cnf] Generating formula neclaftp2001 with K=74
[2025-12-12 08:05:51] [run_formula] Running formula neclaftp2001 with K=74 up to limit 1600
[2025-12-12 08:05:53] [generate_cnf] Generating formula neclaftp2001 with K=75
[2025-12-12 08:06:00] [run_formula] Running formula neclaftp2001 with K=75 up to limit 1600
[2025-12-12 08:06:02] [generate_cnf] Generating formula neclaftp2001 with K=76
[2025-12-12 08:06:09] [run_formula] Running formula neclaftp2001 with K=76 up to limit 1600
[2025-12-12 08:06:11] [generate_cnf] Generating formula neclaftp2001 with K=77
[2025-12-12 08:06:18] [run_formula] Running formula neclaftp2001 with K=77 up to limit 1600
[2025-12-12 08:06:20] [generate_cnf] Generating formula neclaftp2001 with K=78
[2025-12-12 08:06:27] [run_formula] Running formula neclaftp2001 with K=78 up to limit 1600
[2025-12-12 08:06:29] [generate_cnf] Generating formula neclaftp2001 with K=79
[2025-12-12 08:06:37] [run_formula] Running formula neclaftp2001 with K=79 up to limit 1600
[2025-12-12 08:06:39] [generate_cnf] Generating formula neclaftp2001 with K=80
[2025-12-12 08:06:46] [run_formula] Running formula neclaftp2001 with K=80 up to limit 1600
[2025-12-12 08:06:48] [generate_cnf] Generating formula neclaftp2001 with K=81
[2025-12-12 08:06:55] [run_formula] Running formula neclaftp2001 with K=81 up to limit 1600
[2025-12-12 08:06:57] [generate_cnf] Generating formula neclaftp2001 with K=82
[2025-12-12 08:07:05] [run_formula] Running formula neclaftp2001 with K=82 up to limit 1600
[2025-12-12 08:07:07] [generate_cnf] Generating formula neclaftp2001 with K=83
[2025-12-12 08:07:15] [run_formula] Running formula neclaftp2001 with K=83 up to limit 1600
[2025-12-12 08:07:17] [generate_cnf] Generating formula neclaftp2001 with K=84
[2025-12-12 08:07:25] [run_formula] Running formula neclaftp2001 with K=84 up to limit 1600
[2025-12-12 08:07:27] [generate_cnf] Generating formula neclaftp2001 with K=85
[2025-12-12 08:07:35] [run_formula] Running formula neclaftp2001 with K=85 up to limit 1600
[2025-12-12 08:07:37] [generate_cnf] Generating formula neclaftp2001 with K=86
[2025-12-12 08:07:45] [run_formula] Running formula neclaftp2001 with K=86 up to limit 1600
[2025-12-12 08:07:47] [generate_cnf] Generating formula neclaftp2001 with K=87
[2025-12-12 08:07:56] [run_formula] Running formula neclaftp2001 with K=87 up to limit 1600
[2025-12-12 08:07:58] [generate_cnf] Generating formula neclaftp2001 with K=88
[2025-12-12 08:08:06] [run_formula] Running formula neclaftp2001 with K=88 up to limit 1600
[2025-12-12 08:08:08] [generate_cnf] Generating formula neclaftp2001 with K=89
[2025-12-12 08:08:17] [run_formula] Running formula neclaftp2001 with K=89 up to limit 1600
[2025-12-12 08:08:19] [generate_cnf] Generating formula neclaftp2001 with K=90
[2025-12-12 08:08:27] [run_formula] Running formula neclaftp2001 with K=90 up to limit 1600
[2025-12-12 08:08:29] [generate_cnf] Generating formula neclaftp2001 with K=91
[2025-12-12 08:08:38] [run_formula] Running formula neclaftp2001 with K=91 up to limit 1600
[2025-12-12 08:08:40] [generate_cnf] Generating formula neclaftp2001 with K=92
[2025-12-12 08:08:48] [run_formula] Running formula neclaftp2001 with K=92 up to limit 1600
[2025-12-12 08:08:51] [generate_cnf] Generating formula neclaftp2001 with K=93
[2025-12-12 08:09:00] [run_formula] Running formula neclaftp2001 with K=93 up to limit 1600
[2025-12-12 08:09:02] [generate_cnf] Generating formula neclaftp2001 with K=94
[2025-12-12 08:09:11] [run_formula] Running formula neclaftp2001 with K=94 up to limit 1600
[2025-12-12 08:09:13] [generate_cnf] Generating formula neclaftp2001 with K=95
[2025-12-12 08:09:22] [run_formula] Running formula neclaftp2001 with K=95 up to limit 1600
[2025-12-12 08:09:25] [generate_cnf] Generating formula neclaftp2001 with K=96
[2025-12-12 08:09:34] [run_formula] Running formula neclaftp2001 with K=96 up to limit 1600
[2025-12-12 08:09:36] [generate_cnf] Generating formula neclaftp2001 with K=97
[2025-12-12 08:09:46] [run_formula] Running formula neclaftp2001 with K=97 up to limit 1600
[2025-12-12 08:09:48] [generate_cnf] Generating formula neclaftp2001 with K=98
[2025-12-12 08:09:58] [run_formula] Running formula neclaftp2001 with K=98 up to limit 1600
[2025-12-12 08:10:00] [generate_cnf] Generating formula neclaftp2001 with K=99
[2025-12-12 08:10:09] [run_formula] Running formula neclaftp2001 with K=99 up to limit 1600
[2025-12-12 08:10:11] [generate_cnf] Generating formula neclaftp2001 with K=100
[2025-12-12 08:10:21] [run_formula] Running formula neclaftp2001 with K=100 up to limit 1600
[2025-12-12 08:10:24] [generate_cnf] Generating formula neclaftp2001 with K=101
[2025-12-12 08:10:33] [run_formula] Running formula neclaftp2001 with K=101 up to limit 1600
[2025-12-12 08:10:36] [generate_cnf] Generating formula neclaftp2001 with K=102
[2025-12-12 08:10:46] [run_formula] Running formula neclaftp2001 with K=102 up to limit 1600
[2025-12-12 08:10:49] [generate_cnf] Generating formula neclaftp2001 with K=103
[2025-12-12 08:10:59] [run_formula] Running formula neclaftp2001 with K=103 up to limit 1600
[2025-12-12 08:11:02] [generate_cnf] Generating formula neclaftp2001 with K=104
[2025-12-12 08:11:12] [run_formula] Running formula neclaftp2001 with K=104 up to limit 1600
[2025-12-12 08:11:15] [generate_cnf] Generating formula neclaftp2001 with K=105
[2025-12-12 08:11:26] [run_formula] Running formula neclaftp2001 with K=105 up to limit 1600
[2025-12-12 08:11:28] [generate_cnf] Generating formula neclaftp2001 with K=106
[2025-12-12 08:11:39] [run_formula] Running formula neclaftp2001 with K=106 up to limit 1600
[2025-12-12 08:11:42] [generate_cnf] Generating formula neclaftp2001 with K=107
[2025-12-12 08:11:52] [run_formula] Running formula neclaftp2001 with K=107 up to limit 1600
[2025-12-12 08:11:55] [generate_cnf] Generating formula neclaftp2001 with K=108
[2025-12-12 08:12:05] [run_formula] Running formula neclaftp2001 with K=108 up to limit 1600
[2025-12-12 08:12:08] [generate_cnf] Generating formula neclaftp2001 with K=109
[2025-12-12 08:12:19] [run_formula] Running formula neclaftp2001 with K=109 up to limit 1600
[2025-12-12 08:12:21] [generate_cnf] Generating formula neclaftp2001 with K=110
[2025-12-12 08:12:32] [run_formula] Running formula neclaftp2001 with K=110 up to limit 1600
[2025-12-12 08:12:35] [generate_cnf] Generating formula neclaftp2001 with K=111
[2025-12-12 08:12:46] [run_formula] Running formula neclaftp2001 with K=111 up to limit 1600
[2025-12-12 08:12:49] [generate_cnf] Generating formula neclaftp2001 with K=112
[2025-12-12 08:13:00] [run_formula] Running formula neclaftp2001 with K=112 up to limit 1600
[2025-12-12 08:13:03] [generate_cnf] Generating formula neclaftp2001 with K=113
[2025-12-12 08:13:14] [run_formula] Running formula neclaftp2001 with K=113 up to limit 1600
[2025-12-12 08:13:17] [generate_cnf] Generating formula neclaftp2001 with K=114
[2025-12-12 08:13:28] [run_formula] Running formula neclaftp2001 with K=114 up to limit 1600
[2025-12-12 08:13:31] [generate_cnf] Generating formula neclaftp2001 with K=115
[2025-12-12 08:13:43] [run_formula] Running formula neclaftp2001 with K=115 up to limit 1600
[2025-12-12 08:13:46] [generate_cnf] Generating formula neclaftp2001 with K=116
[2025-12-12 08:13:57] [run_formula] Running formula neclaftp2001 with K=116 up to limit 1600
[2025-12-12 08:14:00] [generate_cnf] Generating formula neclaftp2001 with K=117
[2025-12-12 08:14:12] [run_formula] Running formula neclaftp2001 with K=117 up to limit 1600
[2025-12-12 08:14:15] [generate_cnf] Generating formula neclaftp2001 with K=118
[2025-12-12 08:14:27] [run_formula] Running formula neclaftp2001 with K=118 up to limit 1600
[2025-12-12 08:14:30] [generate_cnf] Generating formula neclaftp2001 with K=119
[2025-12-12 08:14:42] [run_formula] Running formula neclaftp2001 with K=119 up to limit 1600
[2025-12-12 08:14:45] [generate_cnf] Generating formula neclaftp2001 with K=120
[2025-12-12 08:14:57] [run_formula] Running formula neclaftp2001 with K=120 up to limit 1600
[2025-12-12 08:15:00] [generate_cnf] Generating formula neclaftp2001 with K=121
[2025-12-12 08:15:12] [run_formula] Running formula neclaftp2001 with K=121 up to limit 1600
[2025-12-12 08:15:16] [generate_cnf] Generating formula neclaftp2001 with K=122
[2025-12-12 08:15:28] [run_formula] Running formula neclaftp2001 with K=122 up to limit 1600
[2025-12-12 08:15:31] [generate_cnf] Generating formula neclaftp2001 with K=123
[2025-12-12 08:15:42] [run_formula] Running formula neclaftp2001 with K=123 up to limit 1600
[2025-12-12 08:15:46] [generate_cnf] Generating formula neclaftp2001 with K=124
[2025-12-12 08:15:58] [run_formula] Running formula neclaftp2001 with K=124 up to limit 1600
[2025-12-12 08:16:02] [generate_cnf] Generating formula neclaftp2001 with K=125
[2025-12-12 08:16:13] [run_formula] Running formula neclaftp2001 with K=125 up to limit 1600
[2025-12-12 08:16:16] [generate_cnf] Generating formula neclaftp2001 with K=126
[2025-12-12 08:16:28] [run_formula] Running formula neclaftp2001 with K=126 up to limit 1600
[2025-12-12 08:16:32] [generate_cnf] Generating formula neclaftp2001 with K=127
[2025-12-12 08:16:43] [run_formula] Running formula neclaftp2001 with K=127 up to limit 1600
[2025-12-12 08:16:47] [generate_cnf] Generating formula neclaftp2001 with K=128
[2025-12-12 08:17:00] [run_formula] Running formula neclaftp2001 with K=128 up to limit 1600
[2025-12-12 08:17:03] [generate_cnf] Generating formula neclaftp2001 with K=129
[2025-12-12 08:17:15] [run_formula] Running formula neclaftp2001 with K=129 up to limit 1600
[2025-12-12 08:17:18] [generate_cnf] Generating formula neclaftp2001 with K=130
[2025-12-12 08:17:31] [run_formula] Running formula neclaftp2001 with K=130 up to limit 1600
[2025-12-12 08:17:34] [generate_cnf] Generating formula neclaftp2001 with K=131
[2025-12-12 08:17:46] [run_formula] Running formula neclaftp2001 with K=131 up to limit 1600
[2025-12-12 08:17:50] [generate_cnf] Generating formula neclaftp2001 with K=132
[2025-12-12 08:18:03] [run_formula] Running formula neclaftp2001 with K=132 up to limit 1600
[2025-12-12 08:18:06] [generate_cnf] Generating formula neclaftp2001 with K=133
[2025-12-12 08:18:19] [run_formula] Running formula neclaftp2001 with K=133 up to limit 1600
[2025-12-12 08:18:22] [generate_cnf] Generating formula neclaftp2001 with K=134
[2025-12-12 08:18:35] [run_formula] Running formula neclaftp2001 with K=134 up to limit 1600
[2025-12-12 08:18:39] [generate_cnf] Generating formula neclaftp2001 with K=135
[2025-12-12 08:18:53] [run_formula] Running formula neclaftp2001 with K=135 up to limit 1600
[2025-12-12 08:18:56] [generate_cnf] Generating formula neclaftp2001 with K=136
[2025-12-12 08:19:09] [run_formula] Running formula neclaftp2001 with K=136 up to limit 1600
[2025-12-12 08:19:13] [generate_cnf] Generating formula neclaftp2001 with K=137
[2025-12-12 08:19:26] [run_formula] Running formula neclaftp2001 with K=137 up to limit 1600
[2025-12-12 08:19:30] [generate_cnf] Generating formula neclaftp2001 with K=138
[2025-12-12 08:19:43] [run_formula] Running formula neclaftp2001 with K=138 up to limit 1600
[2025-12-12 08:19:47] [generate_cnf] Generating formula neclaftp2001 with K=139
[2025-12-12 08:20:01] [run_formula] Running formula neclaftp2001 with K=139 up to limit 1600
[2025-12-12 08:20:05] [generate_cnf] Generating formula neclaftp2001 with K=140
[2025-12-12 08:20:18] [run_formula] Running formula neclaftp2001 with K=140 up to limit 1600
[2025-12-12 08:20:22] [generate_cnf] Generating formula neclaftp2001 with K=141
[2025-12-12 08:20:35] [run_formula] Running formula neclaftp2001 with K=141 up to limit 1600
[2025-12-12 08:20:39] [generate_cnf] Generating formula neclaftp2001 with K=142
[2025-12-12 08:20:53] [run_formula] Running formula neclaftp2001 with K=142 up to limit 1600
[2025-12-12 08:20:57] [generate_cnf] Generating formula neclaftp2001 with K=143
[2025-12-12 08:21:11] [run_formula] Running formula neclaftp2001 with K=143 up to limit 1600
[2025-12-12 08:21:15] [generate_cnf] Generating formula neclaftp2001 with K=144
[2025-12-12 08:21:29] [run_formula] Running formula neclaftp2001 with K=144 up to limit 1600
[2025-12-12 08:21:34] [generate_cnf] Generating formula neclaftp2001 with K=145
[2025-12-12 08:21:46] [run_formula] Running formula neclaftp2001 with K=145 up to limit 1600
[2025-12-12 08:21:51] [generate_cnf] Generating formula neclaftp2001 with K=146
[2025-12-12 08:22:06] [run_formula] Running formula neclaftp2001 with K=146 up to limit 1600
[2025-12-12 08:22:10] [generate_cnf] Generating formula neclaftp2001 with K=147
[2025-12-12 08:22:25] [run_formula] Running formula neclaftp2001 with K=147 up to limit 1600
[2025-12-12 08:22:30] [generate_cnf] Generating formula neclaftp2001 with K=148
[2025-12-12 08:22:44] [run_formula] Running formula neclaftp2001 with K=148 up to limit 1600
[2025-12-12 08:22:48] [generate_cnf] Generating formula neclaftp2001 with K=149
[2025-12-12 08:23:02] [run_formula] Running formula neclaftp2001 with K=149 up to limit 1600
[2025-12-12 08:23:07] [generate_cnf] Generating formula neclaftp2001 with K=150
[2025-12-12 08:23:21] [run_formula] Running formula neclaftp2001 with K=150 up to limit 1600
[2025-12-12 08:23:25] [generate_cnf] Generating formula neclaftp2001 with K=151
[2025-12-12 08:23:41] [run_formula] Running formula neclaftp2001 with K=151 up to limit 1600
[2025-12-12 08:23:45] [generate_cnf] Generating formula neclaftp2001 with K=152
[2025-12-12 08:24:01] [run_formula] Running formula neclaftp2001 with K=152 up to limit 1600
[2025-12-12 08:24:05] [generate_cnf] Generating formula neclaftp2001 with K=153
[2025-12-12 08:24:18] [run_formula] Running formula neclaftp2001 with K=153 up to limit 1600
[2025-12-12 08:24:23] [generate_cnf] Generating formula neclaftp2001 with K=154
[2025-12-12 08:24:39] [run_formula] Running formula neclaftp2001 with K=154 up to limit 1600
[2025-12-12 08:24:43] [generate_cnf] Generating formula neclaftp2001 with K=155
[2025-12-12 08:24:58] [run_formula] Running formula neclaftp2001 with K=155 up to limit 1600
[2025-12-12 08:25:02] [generate_cnf] Generating formula neclaftp2001 with K=156
[2025-12-12 08:25:18] [run_formula] Running formula neclaftp2001 with K=156 up to limit 1600
[2025-12-12 08:25:23] [generate_cnf] Generating formula neclaftp2001 with K=157
[2025-12-12 08:25:39] [run_formula] Running formula neclaftp2001 with K=157 up to limit 1600
[2025-12-12 08:25:43] [generate_cnf] Generating formula neclaftp2001 with K=158
[2025-12-12 08:25:58] [run_formula] Running formula neclaftp2001 with K=158 up to limit 1600
[2025-12-12 08:26:03] [generate_cnf] Generating formula neclaftp2001 with K=159
[2025-12-12 08:26:19] [run_formula] Running formula neclaftp2001 with K=159 up to limit 1600
[2025-12-12 08:26:24] [generate_cnf] Generating formula neclaftp2001 with K=160
[2025-12-12 08:26:40] [run_formula] Running formula neclaftp2001 with K=160 up to limit 1600
[2025-12-12 08:26:45] [generate_cnf] Generating formula neclaftp2001 with K=161
[2025-12-12 08:27:01] [run_formula] Running formula neclaftp2001 with K=161 up to limit 1600
[2025-12-12 08:27:06] [generate_cnf] Generating formula neclaftp2001 with K=162
[2025-12-12 08:27:22] [run_formula] Running formula neclaftp2001 with K=162 up to limit 1600
[2025-12-12 08:27:27] [generate_cnf] Generating formula neclaftp2001 with K=163
[2025-12-12 08:27:42] [run_formula] Running formula neclaftp2001 with K=163 up to limit 1600
[2025-12-12 08:27:47] [generate_cnf] Generating formula neclaftp2001 with K=164
[2025-12-12 08:28:03] [run_formula] Running formula neclaftp2001 with K=164 up to limit 1600
[2025-12-12 08:28:08] [run_formula] Error running formula neclaftp2001 with K=164: [Errno 122] Disk quota exceeded: './results/solving_logs/neclaftp2001//neclaftp2001.164.log'
[2025-12-12 08:28:08] [generate_and_run_up_to_limit] Failed to run formula neclaftp2001 with K=164, halting
