CNF written.
CNF written.
CNF written.
CNF written.
CNF written.
CNF written.
CNF written.
CNF written.
CNF written.
CNF written.
CNF written.
CNF written.
CNF written.
CNF written.
CNF written.
CNF written.
CNF written.
CNF written.
CNF written.
CNF written.
CNF written.
CNF written.
CNF written.
CNF written.
CNF written.
CNF written.
CNF written.
CNF written.
CNF written.
CNF written.
CNF written.
CNF written.
CNF written.
CNF written.
CNF written.
CNF written.
CNF written.
CNF written.
CNF written.
CNF written.
CNF written.
CNF written.
CNF written.
CNF written.
CNF written.
CNF written.
CNF written.
CNF written.
CNF written.
CNF written.
CNF written.
CNF written.
CNF written.
CNF written.
CNF written.
CNF written.
CNF written.
CNF written.
CNF written.
CNF written.
CNF written.
CNF written.
CNF written.
CNF written.
CNF written.
CNF written.
CNF written.
CNF written.
CNF written.
CNF written.
CNF written.
CNF written.
CNF written.
CNF written.
CNF written.
CNF written.
CNF written.
CNF written.
CNF written.
CNF written.
CNF written.
CNF written.
CNF written.
CNF written.
CNF written.
CNF written.
CNF written.
CNF written.
CNF written.
CNF written.
CNF written.
CNF written.
CNF written.
CNF written.
CNF written.
CNF written.
CNF written.
CNF written.
CNF written.
CNF written.
CNF written.
CNF written.
CNF written.
CNF written.
CNF written.
CNF written.
CNF written.
CNF written.
CNF written.
CNF written.
CNF written.
CNF written.
CNF written.
CNF written.
CNF written.
CNF written.
CNF written.
CNF written.
CNF written.
CNF written.
CNF written.
CNF written.
CNF written.
CNF written.
CNF written.
CNF written.
CNF written.
CNF written.
CNF written.
CNF written.
CNF written.
CNF written.
CNF written.
CNF written.
CNF written.
CNF written.
CNF written.
CNF written.
CNF written.
CNF written.
CNF written.
CNF written.
CNF written.
CNF written.
CNF written.
CNF written.
CNF written.
CNF written.
CNF written.
CNF written.
CNF written.
CNF written.
CNF written.
CNF written.
CNF written.
CNF written.
CNF written.
CNF written.
CNF written.
CNF written.
CNF written.
CNF written.
CNF written.
CNF written.
CNF written.
CNF written.
CNF written.
CNF written.
CNF written.
CNF written.
CNF written.
CNF written.
CNF written.
CNF written.
CNF written.
CNF written.
CNF written.
CNF written.
CNF written.
CNF written.
CNF written.
CNF written.
CNF written.
CNF written.
CNF written.
CNF written.
CNF written.
CNF written.
CNF written.
CNF written.
CNF written.
CNF written.
CNF written.
CNF written.
CNF written.
CNF written.
CNF written.
CNF written.
CNF written.
CNF written.
CNF written.
[2025-12-12 07:47:03] [generate_and_run_up_to_limit] Generating and running neclaftp2002 with K<=500 up to limit 1600
[2025-12-12 07:47:03] [generate_cnf] Generating formula neclaftp2002 with K=1
[2025-12-12 07:47:03] [run_formula] Running formula neclaftp2002 with K=1 up to limit 1600
[2025-12-12 07:47:03] [generate_cnf] Generating formula neclaftp2002 with K=2
[2025-12-12 07:47:03] [run_formula] Running formula neclaftp2002 with K=2 up to limit 1600
[2025-12-12 07:47:03] [generate_cnf] Generating formula neclaftp2002 with K=3
[2025-12-12 07:47:04] [run_formula] Running formula neclaftp2002 with K=3 up to limit 1600
[2025-12-12 07:47:04] [generate_cnf] Generating formula neclaftp2002 with K=4
[2025-12-12 07:47:04] [run_formula] Running formula neclaftp2002 with K=4 up to limit 1600
[2025-12-12 07:47:04] [generate_cnf] Generating formula neclaftp2002 with K=5
[2025-12-12 07:47:05] [run_formula] Running formula neclaftp2002 with K=5 up to limit 1600
[2025-12-12 07:47:05] [generate_cnf] Generating formula neclaftp2002 with K=6
[2025-12-12 07:47:06] [run_formula] Running formula neclaftp2002 with K=6 up to limit 1600
[2025-12-12 07:47:06] [generate_cnf] Generating formula neclaftp2002 with K=7
[2025-12-12 07:47:07] [run_formula] Running formula neclaftp2002 with K=7 up to limit 1600
[2025-12-12 07:47:07] [generate_cnf] Generating formula neclaftp2002 with K=8
[2025-12-12 07:47:08] [run_formula] Running formula neclaftp2002 with K=8 up to limit 1600
[2025-12-12 07:47:08] [generate_cnf] Generating formula neclaftp2002 with K=9
[2025-12-12 07:47:09] [run_formula] Running formula neclaftp2002 with K=9 up to limit 1600
[2025-12-12 07:47:09] [generate_cnf] Generating formula neclaftp2002 with K=10
[2025-12-12 07:47:10] [run_formula] Running formula neclaftp2002 with K=10 up to limit 1600
[2025-12-12 07:47:10] [generate_cnf] Generating formula neclaftp2002 with K=11
[2025-12-12 07:47:11] [run_formula] Running formula neclaftp2002 with K=11 up to limit 1600
[2025-12-12 07:47:11] [generate_cnf] Generating formula neclaftp2002 with K=12
[2025-12-12 07:47:12] [run_formula] Running formula neclaftp2002 with K=12 up to limit 1600
[2025-12-12 07:47:13] [generate_cnf] Generating formula neclaftp2002 with K=13
[2025-12-12 07:47:14] [run_formula] Running formula neclaftp2002 with K=13 up to limit 1600
[2025-12-12 07:47:14] [generate_cnf] Generating formula neclaftp2002 with K=14
[2025-12-12 07:47:15] [run_formula] Running formula neclaftp2002 with K=14 up to limit 1600
[2025-12-12 07:47:16] [generate_cnf] Generating formula neclaftp2002 with K=15
[2025-12-12 07:47:17] [run_formula] Running formula neclaftp2002 with K=15 up to limit 1600
[2025-12-12 07:47:17] [generate_cnf] Generating formula neclaftp2002 with K=16
[2025-12-12 07:47:19] [run_formula] Running formula neclaftp2002 with K=16 up to limit 1600
[2025-12-12 07:47:19] [generate_cnf] Generating formula neclaftp2002 with K=17
[2025-12-12 07:47:21] [run_formula] Running formula neclaftp2002 with K=17 up to limit 1600
[2025-12-12 07:47:21] [generate_cnf] Generating formula neclaftp2002 with K=18
[2025-12-12 07:47:23] [run_formula] Running formula neclaftp2002 with K=18 up to limit 1600
[2025-12-12 07:47:23] [generate_cnf] Generating formula neclaftp2002 with K=19
[2025-12-12 07:47:25] [run_formula] Running formula neclaftp2002 with K=19 up to limit 1600
[2025-12-12 07:47:25] [generate_cnf] Generating formula neclaftp2002 with K=20
[2025-12-12 07:47:27] [run_formula] Running formula neclaftp2002 with K=20 up to limit 1600
[2025-12-12 07:47:27] [generate_cnf] Generating formula neclaftp2002 with K=21
[2025-12-12 07:47:29] [run_formula] Running formula neclaftp2002 with K=21 up to limit 1600
[2025-12-12 07:47:29] [generate_cnf] Generating formula neclaftp2002 with K=22
[2025-12-12 07:47:31] [run_formula] Running formula neclaftp2002 with K=22 up to limit 1600
[2025-12-12 07:47:32] [generate_cnf] Generating formula neclaftp2002 with K=23
[2025-12-12 07:47:34] [run_formula] Running formula neclaftp2002 with K=23 up to limit 1600
[2025-12-12 07:47:34] [generate_cnf] Generating formula neclaftp2002 with K=24
[2025-12-12 07:47:37] [run_formula] Running formula neclaftp2002 with K=24 up to limit 1600
[2025-12-12 07:47:37] [generate_cnf] Generating formula neclaftp2002 with K=25
[2025-12-12 07:47:39] [run_formula] Running formula neclaftp2002 with K=25 up to limit 1600
[2025-12-12 07:47:40] [generate_cnf] Generating formula neclaftp2002 with K=26
[2025-12-12 07:47:42] [run_formula] Running formula neclaftp2002 with K=26 up to limit 1600
[2025-12-12 07:47:42] [generate_cnf] Generating formula neclaftp2002 with K=27
[2025-12-12 07:47:45] [run_formula] Running formula neclaftp2002 with K=27 up to limit 1600
[2025-12-12 07:47:45] [generate_cnf] Generating formula neclaftp2002 with K=28
[2025-12-12 07:47:48] [run_formula] Running formula neclaftp2002 with K=28 up to limit 1600
[2025-12-12 07:47:48] [generate_cnf] Generating formula neclaftp2002 with K=29
[2025-12-12 07:47:51] [run_formula] Running formula neclaftp2002 with K=29 up to limit 1600
[2025-12-12 07:47:51] [generate_cnf] Generating formula neclaftp2002 with K=30
[2025-12-12 07:47:54] [run_formula] Running formula neclaftp2002 with K=30 up to limit 1600
[2025-12-12 07:47:54] [generate_cnf] Generating formula neclaftp2002 with K=31
[2025-12-12 07:47:57] [run_formula] Running formula neclaftp2002 with K=31 up to limit 1600
[2025-12-12 07:47:57] [generate_cnf] Generating formula neclaftp2002 with K=32
[2025-12-12 07:48:00] [run_formula] Running formula neclaftp2002 with K=32 up to limit 1600
[2025-12-12 07:48:01] [generate_cnf] Generating formula neclaftp2002 with K=33
[2025-12-12 07:48:04] [run_formula] Running formula neclaftp2002 with K=33 up to limit 1600
[2025-12-12 07:48:04] [generate_cnf] Generating formula neclaftp2002 with K=34
[2025-12-12 07:48:07] [run_formula] Running formula neclaftp2002 with K=34 up to limit 1600
[2025-12-12 07:48:08] [generate_cnf] Generating formula neclaftp2002 with K=35
[2025-12-12 07:48:11] [run_formula] Running formula neclaftp2002 with K=35 up to limit 1600
[2025-12-12 07:48:11] [generate_cnf] Generating formula neclaftp2002 with K=36
[2025-12-12 07:48:14] [run_formula] Running formula neclaftp2002 with K=36 up to limit 1600
[2025-12-12 07:48:15] [generate_cnf] Generating formula neclaftp2002 with K=37
[2025-12-12 07:48:18] [run_formula] Running formula neclaftp2002 with K=37 up to limit 1600
[2025-12-12 07:48:19] [generate_cnf] Generating formula neclaftp2002 with K=38
[2025-12-12 07:48:22] [run_formula] Running formula neclaftp2002 with K=38 up to limit 1600
[2025-12-12 07:48:22] [generate_cnf] Generating formula neclaftp2002 with K=39
[2025-12-12 07:48:26] [run_formula] Running formula neclaftp2002 with K=39 up to limit 1600
[2025-12-12 07:48:26] [generate_cnf] Generating formula neclaftp2002 with K=40
[2025-12-12 07:48:30] [run_formula] Running formula neclaftp2002 with K=40 up to limit 1600
[2025-12-12 07:48:31] [generate_cnf] Generating formula neclaftp2002 with K=41
[2025-12-12 07:48:34] [run_formula] Running formula neclaftp2002 with K=41 up to limit 1600
[2025-12-12 07:48:35] [generate_cnf] Generating formula neclaftp2002 with K=42
[2025-12-12 07:48:38] [run_formula] Running formula neclaftp2002 with K=42 up to limit 1600
[2025-12-12 07:48:39] [generate_cnf] Generating formula neclaftp2002 with K=43
[2025-12-12 07:48:43] [run_formula] Running formula neclaftp2002 with K=43 up to limit 1600
[2025-12-12 07:48:44] [generate_cnf] Generating formula neclaftp2002 with K=44
[2025-12-12 07:48:47] [run_formula] Running formula neclaftp2002 with K=44 up to limit 1600
[2025-12-12 07:48:48] [generate_cnf] Generating formula neclaftp2002 with K=45
[2025-12-12 07:48:52] [run_formula] Running formula neclaftp2002 with K=45 up to limit 1600
[2025-12-12 07:48:53] [generate_cnf] Generating formula neclaftp2002 with K=46
[2025-12-12 07:48:57] [run_formula] Running formula neclaftp2002 with K=46 up to limit 1600
[2025-12-12 07:48:57] [generate_cnf] Generating formula neclaftp2002 with K=47
[2025-12-12 07:49:02] [run_formula] Running formula neclaftp2002 with K=47 up to limit 1600
[2025-12-12 07:49:02] [generate_cnf] Generating formula neclaftp2002 with K=48
[2025-12-12 07:49:06] [run_formula] Running formula neclaftp2002 with K=48 up to limit 1600
[2025-12-12 07:49:07] [generate_cnf] Generating formula neclaftp2002 with K=49
[2025-12-12 07:49:11] [run_formula] Running formula neclaftp2002 with K=49 up to limit 1600
[2025-12-12 07:49:12] [generate_cnf] Generating formula neclaftp2002 with K=50
[2025-12-12 07:49:16] [run_formula] Running formula neclaftp2002 with K=50 up to limit 1600
[2025-12-12 07:49:17] [generate_cnf] Generating formula neclaftp2002 with K=51
[2025-12-12 07:49:22] [run_formula] Running formula neclaftp2002 with K=51 up to limit 1600
[2025-12-12 07:49:23] [generate_cnf] Generating formula neclaftp2002 with K=52
[2025-12-12 07:49:27] [run_formula] Running formula neclaftp2002 with K=52 up to limit 1600
[2025-12-12 07:49:28] [generate_cnf] Generating formula neclaftp2002 with K=53
[2025-12-12 07:49:32] [run_formula] Running formula neclaftp2002 with K=53 up to limit 1600
[2025-12-12 07:49:33] [generate_cnf] Generating formula neclaftp2002 with K=54
[2025-12-12 07:49:38] [run_formula] Running formula neclaftp2002 with K=54 up to limit 1600
[2025-12-12 07:49:39] [generate_cnf] Generating formula neclaftp2002 with K=55
[2025-12-12 07:49:44] [run_formula] Running formula neclaftp2002 with K=55 up to limit 1600
[2025-12-12 07:49:44] [generate_cnf] Generating formula neclaftp2002 with K=56
[2025-12-12 07:49:49] [run_formula] Running formula neclaftp2002 with K=56 up to limit 1600
[2025-12-12 07:49:50] [generate_cnf] Generating formula neclaftp2002 with K=57
[2025-12-12 07:49:55] [run_formula] Running formula neclaftp2002 with K=57 up to limit 1600
[2025-12-12 07:49:56] [generate_cnf] Generating formula neclaftp2002 with K=58
[2025-12-12 07:50:01] [run_formula] Running formula neclaftp2002 with K=58 up to limit 1600
[2025-12-12 07:50:02] [generate_cnf] Generating formula neclaftp2002 with K=59
[2025-12-12 07:50:07] [run_formula] Running formula neclaftp2002 with K=59 up to limit 1600
[2025-12-12 07:50:08] [generate_cnf] Generating formula neclaftp2002 with K=60
[2025-12-12 07:50:13] [run_formula] Running formula neclaftp2002 with K=60 up to limit 1600
[2025-12-12 07:50:14] [generate_cnf] Generating formula neclaftp2002 with K=61
[2025-12-12 07:50:20] [run_formula] Running formula neclaftp2002 with K=61 up to limit 1600
[2025-12-12 07:50:21] [generate_cnf] Generating formula neclaftp2002 with K=62
[2025-12-12 07:50:27] [run_formula] Running formula neclaftp2002 with K=62 up to limit 1600
[2025-12-12 07:50:28] [generate_cnf] Generating formula neclaftp2002 with K=63
[2025-12-12 07:50:33] [run_formula] Running formula neclaftp2002 with K=63 up to limit 1600
[2025-12-12 07:50:35] [generate_cnf] Generating formula neclaftp2002 with K=64
[2025-12-12 07:50:40] [run_formula] Running formula neclaftp2002 with K=64 up to limit 1600
[2025-12-12 07:50:42] [generate_cnf] Generating formula neclaftp2002 with K=65
[2025-12-12 07:50:47] [run_formula] Running formula neclaftp2002 with K=65 up to limit 1600
[2025-12-12 07:50:49] [generate_cnf] Generating formula neclaftp2002 with K=66
[2025-12-12 07:50:55] [run_formula] Running formula neclaftp2002 with K=66 up to limit 1600
[2025-12-12 07:50:56] [generate_cnf] Generating formula neclaftp2002 with K=67
[2025-12-12 07:51:02] [run_formula] Running formula neclaftp2002 with K=67 up to limit 1600
[2025-12-12 07:51:04] [generate_cnf] Generating formula neclaftp2002 with K=68
[2025-12-12 07:51:09] [run_formula] Running formula neclaftp2002 with K=68 up to limit 1600
[2025-12-12 07:51:11] [generate_cnf] Generating formula neclaftp2002 with K=69
[2025-12-12 07:51:17] [run_formula] Running formula neclaftp2002 with K=69 up to limit 1600
[2025-12-12 07:51:18] [generate_cnf] Generating formula neclaftp2002 with K=70
[2025-12-12 07:51:24] [run_formula] Running formula neclaftp2002 with K=70 up to limit 1600
[2025-12-12 07:51:25] [generate_cnf] Generating formula neclaftp2002 with K=71
[2025-12-12 07:51:31] [run_formula] Running formula neclaftp2002 with K=71 up to limit 1600
[2025-12-12 07:51:33] [generate_cnf] Generating formula neclaftp2002 with K=72
[2025-12-12 07:51:39] [run_formula] Running formula neclaftp2002 with K=72 up to limit 1600
[2025-12-12 07:51:40] [generate_cnf] Generating formula neclaftp2002 with K=73
[2025-12-12 07:51:46] [run_formula] Running formula neclaftp2002 with K=73 up to limit 1600
[2025-12-12 07:51:48] [generate_cnf] Generating formula neclaftp2002 with K=74
[2025-12-12 07:51:54] [run_formula] Running formula neclaftp2002 with K=74 up to limit 1600
[2025-12-12 07:51:56] [generate_cnf] Generating formula neclaftp2002 with K=75
[2025-12-12 07:52:02] [run_formula] Running formula neclaftp2002 with K=75 up to limit 1600
[2025-12-12 07:52:04] [generate_cnf] Generating formula neclaftp2002 with K=76
[2025-12-12 07:52:10] [run_formula] Running formula neclaftp2002 with K=76 up to limit 1600
[2025-12-12 07:52:12] [generate_cnf] Generating formula neclaftp2002 with K=77
[2025-12-12 07:52:18] [run_formula] Running formula neclaftp2002 with K=77 up to limit 1600
[2025-12-12 07:52:20] [generate_cnf] Generating formula neclaftp2002 with K=78
[2025-12-12 07:52:26] [run_formula] Running formula neclaftp2002 with K=78 up to limit 1600
[2025-12-12 07:52:28] [generate_cnf] Generating formula neclaftp2002 with K=79
[2025-12-12 07:52:34] [run_formula] Running formula neclaftp2002 with K=79 up to limit 1600
[2025-12-12 07:52:36] [generate_cnf] Generating formula neclaftp2002 with K=80
[2025-12-12 07:52:43] [run_formula] Running formula neclaftp2002 with K=80 up to limit 1600
[2025-12-12 07:52:45] [generate_cnf] Generating formula neclaftp2002 with K=81
[2025-12-12 07:52:51] [run_formula] Running formula neclaftp2002 with K=81 up to limit 1600
[2025-12-12 07:52:53] [generate_cnf] Generating formula neclaftp2002 with K=82
[2025-12-12 07:53:00] [run_formula] Running formula neclaftp2002 with K=82 up to limit 1600
[2025-12-12 07:53:02] [generate_cnf] Generating formula neclaftp2002 with K=83
[2025-12-12 07:53:09] [run_formula] Running formula neclaftp2002 with K=83 up to limit 1600
[2025-12-12 07:53:11] [generate_cnf] Generating formula neclaftp2002 with K=84
[2025-12-12 07:53:18] [run_formula] Running formula neclaftp2002 with K=84 up to limit 1600
[2025-12-12 07:53:20] [generate_cnf] Generating formula neclaftp2002 with K=85
[2025-12-12 07:53:27] [run_formula] Running formula neclaftp2002 with K=85 up to limit 1600
[2025-12-12 07:53:29] [generate_cnf] Generating formula neclaftp2002 with K=86
[2025-12-12 07:53:36] [run_formula] Running formula neclaftp2002 with K=86 up to limit 1600
[2025-12-12 07:53:38] [generate_cnf] Generating formula neclaftp2002 with K=87
[2025-12-12 07:53:45] [run_formula] Running formula neclaftp2002 with K=87 up to limit 1600
[2025-12-12 07:53:47] [generate_cnf] Generating formula neclaftp2002 with K=88
[2025-12-12 07:53:55] [run_formula] Running formula neclaftp2002 with K=88 up to limit 1600
[2025-12-12 07:53:57] [generate_cnf] Generating formula neclaftp2002 with K=89
[2025-12-12 07:54:04] [run_formula] Running formula neclaftp2002 with K=89 up to limit 1600
[2025-12-12 07:54:06] [generate_cnf] Generating formula neclaftp2002 with K=90
[2025-12-12 07:54:14] [run_formula] Running formula neclaftp2002 with K=90 up to limit 1600
[2025-12-12 07:54:16] [generate_cnf] Generating formula neclaftp2002 with K=91
[2025-12-12 07:54:23] [run_formula] Running formula neclaftp2002 with K=91 up to limit 1600
[2025-12-12 07:54:25] [generate_cnf] Generating formula neclaftp2002 with K=92
[2025-12-12 07:54:34] [run_formula] Running formula neclaftp2002 with K=92 up to limit 1600
[2025-12-12 07:54:36] [generate_cnf] Generating formula neclaftp2002 with K=93
[2025-12-12 07:54:44] [run_formula] Running formula neclaftp2002 with K=93 up to limit 1600
[2025-12-12 07:54:46] [generate_cnf] Generating formula neclaftp2002 with K=94
[2025-12-12 07:54:54] [run_formula] Running formula neclaftp2002 with K=94 up to limit 1600
[2025-12-12 07:54:57] [generate_cnf] Generating formula neclaftp2002 with K=95
[2025-12-12 07:55:05] [run_formula] Running formula neclaftp2002 with K=95 up to limit 1600
[2025-12-12 07:55:08] [generate_cnf] Generating formula neclaftp2002 with K=96
[2025-12-12 07:55:17] [run_formula] Running formula neclaftp2002 with K=96 up to limit 1600
[2025-12-12 07:55:19] [generate_cnf] Generating formula neclaftp2002 with K=97
[2025-12-12 07:55:28] [run_formula] Running formula neclaftp2002 with K=97 up to limit 1600
[2025-12-12 07:55:30] [generate_cnf] Generating formula neclaftp2002 with K=98
[2025-12-12 07:55:39] [run_formula] Running formula neclaftp2002 with K=98 up to limit 1600
[2025-12-12 07:55:42] [generate_cnf] Generating formula neclaftp2002 with K=99
[2025-12-12 07:55:51] [run_formula] Running formula neclaftp2002 with K=99 up to limit 1600
[2025-12-12 07:55:54] [generate_cnf] Generating formula neclaftp2002 with K=100
[2025-12-12 07:56:03] [run_formula] Running formula neclaftp2002 with K=100 up to limit 1600
[2025-12-12 07:56:05] [generate_cnf] Generating formula neclaftp2002 with K=101
[2025-12-12 07:56:15] [run_formula] Running formula neclaftp2002 with K=101 up to limit 1600
[2025-12-12 07:56:17] [generate_cnf] Generating formula neclaftp2002 with K=102
[2025-12-12 07:56:27] [run_formula] Running formula neclaftp2002 with K=102 up to limit 1600
[2025-12-12 07:56:29] [generate_cnf] Generating formula neclaftp2002 with K=103
[2025-12-12 07:56:39] [run_formula] Running formula neclaftp2002 with K=103 up to limit 1600
[2025-12-12 07:56:41] [generate_cnf] Generating formula neclaftp2002 with K=104
[2025-12-12 07:56:51] [run_formula] Running formula neclaftp2002 with K=104 up to limit 1600
[2025-12-12 07:56:54] [generate_cnf] Generating formula neclaftp2002 with K=105
[2025-12-12 07:57:03] [run_formula] Running formula neclaftp2002 with K=105 up to limit 1600
[2025-12-12 07:57:05] [generate_cnf] Generating formula neclaftp2002 with K=106
[2025-12-12 07:57:15] [run_formula] Running formula neclaftp2002 with K=106 up to limit 1600
[2025-12-12 07:57:18] [generate_cnf] Generating formula neclaftp2002 with K=107
[2025-12-12 07:57:28] [run_formula] Running formula neclaftp2002 with K=107 up to limit 1600
[2025-12-12 07:57:30] [generate_cnf] Generating formula neclaftp2002 with K=108
[2025-12-12 07:57:40] [run_formula] Running formula neclaftp2002 with K=108 up to limit 1600
[2025-12-12 07:57:43] [generate_cnf] Generating formula neclaftp2002 with K=109
[2025-12-12 07:57:53] [run_formula] Running formula neclaftp2002 with K=109 up to limit 1600
[2025-12-12 07:57:56] [generate_cnf] Generating formula neclaftp2002 with K=110
[2025-12-12 07:58:06] [run_formula] Running formula neclaftp2002 with K=110 up to limit 1600
[2025-12-12 07:58:08] [generate_cnf] Generating formula neclaftp2002 with K=111
[2025-12-12 07:58:19] [run_formula] Running formula neclaftp2002 with K=111 up to limit 1600
[2025-12-12 07:58:22] [generate_cnf] Generating formula neclaftp2002 with K=112
[2025-12-12 07:58:32] [run_formula] Running formula neclaftp2002 with K=112 up to limit 1600
[2025-12-12 07:58:35] [generate_cnf] Generating formula neclaftp2002 with K=113
[2025-12-12 07:58:46] [run_formula] Running formula neclaftp2002 with K=113 up to limit 1600
[2025-12-12 07:58:49] [generate_cnf] Generating formula neclaftp2002 with K=114
[2025-12-12 07:58:59] [run_formula] Running formula neclaftp2002 with K=114 up to limit 1600
[2025-12-12 07:59:02] [generate_cnf] Generating formula neclaftp2002 with K=115
[2025-12-12 07:59:13] [run_formula] Running formula neclaftp2002 with K=115 up to limit 1600
[2025-12-12 07:59:16] [generate_cnf] Generating formula neclaftp2002 with K=116
[2025-12-12 07:59:27] [run_formula] Running formula neclaftp2002 with K=116 up to limit 1600
[2025-12-12 07:59:29] [generate_cnf] Generating formula neclaftp2002 with K=117
[2025-12-12 07:59:40] [run_formula] Running formula neclaftp2002 with K=117 up to limit 1600
[2025-12-12 07:59:43] [generate_cnf] Generating formula neclaftp2002 with K=118
[2025-12-12 07:59:54] [run_formula] Running formula neclaftp2002 with K=118 up to limit 1600
[2025-12-12 07:59:57] [generate_cnf] Generating formula neclaftp2002 with K=119
[2025-12-12 08:00:09] [run_formula] Running formula neclaftp2002 with K=119 up to limit 1600
[2025-12-12 08:00:12] [generate_cnf] Generating formula neclaftp2002 with K=120
[2025-12-12 08:00:23] [run_formula] Running formula neclaftp2002 with K=120 up to limit 1600
[2025-12-12 08:00:26] [generate_cnf] Generating formula neclaftp2002 with K=121
[2025-12-12 08:00:37] [run_formula] Running formula neclaftp2002 with K=121 up to limit 1600
[2025-12-12 08:00:40] [generate_cnf] Generating formula neclaftp2002 with K=122
[2025-12-12 08:00:53] [run_formula] Running formula neclaftp2002 with K=122 up to limit 1600
[2025-12-12 08:00:56] [generate_cnf] Generating formula neclaftp2002 with K=123
[2025-12-12 08:01:08] [run_formula] Running formula neclaftp2002 with K=123 up to limit 1600
[2025-12-12 08:01:11] [generate_cnf] Generating formula neclaftp2002 with K=124
[2025-12-12 08:01:24] [run_formula] Running formula neclaftp2002 with K=124 up to limit 1600
[2025-12-12 08:01:27] [generate_cnf] Generating formula neclaftp2002 with K=125
[2025-12-12 08:01:38] [run_formula] Running formula neclaftp2002 with K=125 up to limit 1600
[2025-12-12 08:01:42] [generate_cnf] Generating formula neclaftp2002 with K=126
[2025-12-12 08:01:54] [run_formula] Running formula neclaftp2002 with K=126 up to limit 1600
[2025-12-12 08:01:57] [generate_cnf] Generating formula neclaftp2002 with K=127
[2025-12-12 08:02:10] [run_formula] Running formula neclaftp2002 with K=127 up to limit 1600
[2025-12-12 08:02:14] [generate_cnf] Generating formula neclaftp2002 with K=128
[2025-12-12 08:02:26] [run_formula] Running formula neclaftp2002 with K=128 up to limit 1600
[2025-12-12 08:02:29] [generate_cnf] Generating formula neclaftp2002 with K=129
[2025-12-12 08:02:42] [run_formula] Running formula neclaftp2002 with K=129 up to limit 1600
[2025-12-12 08:02:45] [generate_cnf] Generating formula neclaftp2002 with K=130
[2025-12-12 08:02:58] [run_formula] Running formula neclaftp2002 with K=130 up to limit 1600
[2025-12-12 08:03:01] [generate_cnf] Generating formula neclaftp2002 with K=131
[2025-12-12 08:03:14] [run_formula] Running formula neclaftp2002 with K=131 up to limit 1600
[2025-12-12 08:03:17] [generate_cnf] Generating formula neclaftp2002 with K=132
[2025-12-12 08:03:31] [run_formula] Running formula neclaftp2002 with K=132 up to limit 1600
[2025-12-12 08:03:34] [generate_cnf] Generating formula neclaftp2002 with K=133
[2025-12-12 08:03:47] [run_formula] Running formula neclaftp2002 with K=133 up to limit 1600
[2025-12-12 08:03:51] [generate_cnf] Generating formula neclaftp2002 with K=134
[2025-12-12 08:04:04] [run_formula] Running formula neclaftp2002 with K=134 up to limit 1600
[2025-12-12 08:04:07] [generate_cnf] Generating formula neclaftp2002 with K=135
[2025-12-12 08:04:21] [run_formula] Running formula neclaftp2002 with K=135 up to limit 1600
[2025-12-12 08:04:24] [generate_cnf] Generating formula neclaftp2002 with K=136
[2025-12-12 08:04:38] [run_formula] Running formula neclaftp2002 with K=136 up to limit 1600
[2025-12-12 08:04:41] [generate_cnf] Generating formula neclaftp2002 with K=137
[2025-12-12 08:04:55] [run_formula] Running formula neclaftp2002 with K=137 up to limit 1600
[2025-12-12 08:04:59] [generate_cnf] Generating formula neclaftp2002 with K=138
[2025-12-12 08:05:11] [run_formula] Running formula neclaftp2002 with K=138 up to limit 1600
[2025-12-12 08:05:15] [generate_cnf] Generating formula neclaftp2002 with K=139
[2025-12-12 08:05:29] [run_formula] Running formula neclaftp2002 with K=139 up to limit 1600
[2025-12-12 08:05:32] [generate_cnf] Generating formula neclaftp2002 with K=140
[2025-12-12 08:05:47] [run_formula] Running formula neclaftp2002 with K=140 up to limit 1600
[2025-12-12 08:05:50] [generate_cnf] Generating formula neclaftp2002 with K=141
[2025-12-12 08:06:04] [run_formula] Running formula neclaftp2002 with K=141 up to limit 1600
[2025-12-12 08:06:08] [generate_cnf] Generating formula neclaftp2002 with K=142
[2025-12-12 08:06:22] [run_formula] Running formula neclaftp2002 with K=142 up to limit 1600
[2025-12-12 08:06:26] [generate_cnf] Generating formula neclaftp2002 with K=143
[2025-12-12 08:06:40] [run_formula] Running formula neclaftp2002 with K=143 up to limit 1600
[2025-12-12 08:06:44] [generate_cnf] Generating formula neclaftp2002 with K=144
[2025-12-12 08:06:59] [run_formula] Running formula neclaftp2002 with K=144 up to limit 1600
[2025-12-12 08:07:03] [generate_cnf] Generating formula neclaftp2002 with K=145
[2025-12-12 08:07:16] [run_formula] Running formula neclaftp2002 with K=145 up to limit 1600
[2025-12-12 08:07:20] [generate_cnf] Generating formula neclaftp2002 with K=146
[2025-12-12 08:07:34] [run_formula] Running formula neclaftp2002 with K=146 up to limit 1600
[2025-12-12 08:07:38] [generate_cnf] Generating formula neclaftp2002 with K=147
[2025-12-12 08:07:53] [run_formula] Running formula neclaftp2002 with K=147 up to limit 1600
[2025-12-12 08:07:57] [generate_cnf] Generating formula neclaftp2002 with K=148
[2025-12-12 08:08:12] [run_formula] Running formula neclaftp2002 with K=148 up to limit 1600
[2025-12-12 08:08:16] [generate_cnf] Generating formula neclaftp2002 with K=149
[2025-12-12 08:08:30] [run_formula] Running formula neclaftp2002 with K=149 up to limit 1600
[2025-12-12 08:08:34] [generate_cnf] Generating formula neclaftp2002 with K=150
[2025-12-12 08:08:49] [run_formula] Running formula neclaftp2002 with K=150 up to limit 1600
[2025-12-12 08:08:53] [generate_cnf] Generating formula neclaftp2002 with K=151
[2025-12-12 08:09:08] [run_formula] Running formula neclaftp2002 with K=151 up to limit 1600
[2025-12-12 08:09:12] [generate_cnf] Generating formula neclaftp2002 with K=152
[2025-12-12 08:09:28] [run_formula] Running formula neclaftp2002 with K=152 up to limit 1600
[2025-12-12 08:09:32] [generate_cnf] Generating formula neclaftp2002 with K=153
[2025-12-12 08:09:46] [run_formula] Running formula neclaftp2002 with K=153 up to limit 1600
[2025-12-12 08:09:51] [generate_cnf] Generating formula neclaftp2002 with K=154
[2025-12-12 08:10:06] [run_formula] Running formula neclaftp2002 with K=154 up to limit 1600
[2025-12-12 08:10:10] [generate_cnf] Generating formula neclaftp2002 with K=155
[2025-12-12 08:10:26] [run_formula] Running formula neclaftp2002 with K=155 up to limit 1600
[2025-12-12 08:10:30] [generate_cnf] Generating formula neclaftp2002 with K=156
[2025-12-12 08:10:46] [run_formula] Running formula neclaftp2002 with K=156 up to limit 1600
[2025-12-12 08:10:51] [generate_cnf] Generating formula neclaftp2002 with K=157
[2025-12-12 08:11:05] [run_formula] Running formula neclaftp2002 with K=157 up to limit 1600
[2025-12-12 08:11:10] [generate_cnf] Generating formula neclaftp2002 with K=158
[2025-12-12 08:11:26] [run_formula] Running formula neclaftp2002 with K=158 up to limit 1600
[2025-12-12 08:11:31] [generate_cnf] Generating formula neclaftp2002 with K=159
[2025-12-12 08:11:47] [run_formula] Running formula neclaftp2002 with K=159 up to limit 1600
[2025-12-12 08:11:51] [generate_cnf] Generating formula neclaftp2002 with K=160
[2025-12-12 08:12:07] [run_formula] Running formula neclaftp2002 with K=160 up to limit 1600
[2025-12-12 08:12:12] [generate_cnf] Generating formula neclaftp2002 with K=161
[2025-12-12 08:12:27] [run_formula] Running formula neclaftp2002 with K=161 up to limit 1600
[2025-12-12 08:12:32] [generate_cnf] Generating formula neclaftp2002 with K=162
[2025-12-12 08:12:48] [run_formula] Running formula neclaftp2002 with K=162 up to limit 1600
[2025-12-12 08:12:53] [generate_cnf] Generating formula neclaftp2002 with K=163
[2025-12-12 08:13:09] [run_formula] Running formula neclaftp2002 with K=163 up to limit 1600
[2025-12-12 08:13:14] [generate_cnf] Generating formula neclaftp2002 with K=164
[2025-12-12 08:13:31] [run_formula] Running formula neclaftp2002 with K=164 up to limit 1600
[2025-12-12 08:13:36] [generate_cnf] Generating formula neclaftp2002 with K=165
[2025-12-12 08:13:51] [run_formula] Running formula neclaftp2002 with K=165 up to limit 1600
[2025-12-12 08:13:55] [generate_cnf] Generating formula neclaftp2002 with K=166
[2025-12-12 08:14:13] [run_formula] Running formula neclaftp2002 with K=166 up to limit 1600
[2025-12-12 08:14:17] [generate_cnf] Generating formula neclaftp2002 with K=167
[2025-12-12 08:14:35] [run_formula] Running formula neclaftp2002 with K=167 up to limit 1600
[2025-12-12 08:14:39] [generate_cnf] Generating formula neclaftp2002 with K=168
[2025-12-12 08:14:56] [run_formula] Running formula neclaftp2002 with K=168 up to limit 1600
[2025-12-12 08:15:01] [generate_cnf] Generating formula neclaftp2002 with K=169
[2025-12-12 08:15:17] [run_formula] Running formula neclaftp2002 with K=169 up to limit 1600
[2025-12-12 08:15:22] [generate_cnf] Generating formula neclaftp2002 with K=170
[2025-12-12 08:15:39] [run_formula] Running formula neclaftp2002 with K=170 up to limit 1600
[2025-12-12 08:15:44] [generate_cnf] Generating formula neclaftp2002 with K=171
[2025-12-12 08:16:02] [run_formula] Running formula neclaftp2002 with K=171 up to limit 1600
[2025-12-12 08:16:07] [generate_cnf] Generating formula neclaftp2002 with K=172
[2025-12-12 08:16:23] [run_formula] Running formula neclaftp2002 with K=172 up to limit 1600
[2025-12-12 08:16:28] [generate_cnf] Generating formula neclaftp2002 with K=173
[2025-12-12 08:16:45] [run_formula] Running formula neclaftp2002 with K=173 up to limit 1600
[2025-12-12 08:16:50] [generate_cnf] Generating formula neclaftp2002 with K=174
[2025-12-12 08:17:07] [run_formula] Running formula neclaftp2002 with K=174 up to limit 1600
[2025-12-12 08:17:12] [generate_cnf] Generating formula neclaftp2002 with K=175
[2025-12-12 08:17:30] [run_formula] Running formula neclaftp2002 with K=175 up to limit 1600
[2025-12-12 08:17:35] [generate_cnf] Generating formula neclaftp2002 with K=176
[2025-12-12 08:17:51] [run_formula] Running formula neclaftp2002 with K=176 up to limit 1600
[2025-12-12 08:17:57] [generate_cnf] Generating formula neclaftp2002 with K=177
[2025-12-12 08:18:13] [run_formula] Running formula neclaftp2002 with K=177 up to limit 1600
[2025-12-12 08:18:19] [generate_cnf] Generating formula neclaftp2002 with K=178
[2025-12-12 08:18:37] [run_formula] Running formula neclaftp2002 with K=178 up to limit 1600
[2025-12-12 08:18:42] [generate_cnf] Generating formula neclaftp2002 with K=179
[2025-12-12 08:19:00] [run_formula] Running formula neclaftp2002 with K=179 up to limit 1600
[2025-12-12 08:19:05] [generate_cnf] Generating formula neclaftp2002 with K=180
[2025-12-12 08:19:23] [run_formula] Running formula neclaftp2002 with K=180 up to limit 1600
[2025-12-12 08:19:28] [generate_cnf] Generating formula neclaftp2002 with K=181
[2025-12-12 08:19:45] [run_formula] Running formula neclaftp2002 with K=181 up to limit 1600
[2025-12-12 08:19:51] [generate_cnf] Generating formula neclaftp2002 with K=182
[2025-12-12 08:20:08] [run_formula] Running formula neclaftp2002 with K=182 up to limit 1600
[2025-12-12 08:20:14] [generate_cnf] Generating formula neclaftp2002 with K=183
[2025-12-12 08:20:32] [run_formula] Running formula neclaftp2002 with K=183 up to limit 1600
[2025-12-12 08:20:37] [generate_cnf] Generating formula neclaftp2002 with K=184
[2025-12-12 08:20:56] [run_formula] Running formula neclaftp2002 with K=184 up to limit 1600
[2025-12-12 08:21:02] [generate_cnf] Generating formula neclaftp2002 with K=185
[2025-12-12 08:21:18] [run_formula] Running formula neclaftp2002 with K=185 up to limit 1600
[2025-12-12 08:21:24] [generate_cnf] Generating formula neclaftp2002 with K=186
[2025-12-12 08:21:42] [run_formula] Running formula neclaftp2002 with K=186 up to limit 1600
[2025-12-12 08:21:48] [generate_cnf] Generating formula neclaftp2002 with K=187
[2025-12-12 08:22:08] [run_formula] Running formula neclaftp2002 with K=187 up to limit 1600
[2025-12-12 08:22:13] [generate_cnf] Generating formula neclaftp2002 with K=188
[2025-12-12 08:22:33] [run_formula] Running formula neclaftp2002 with K=188 up to limit 1600
[2025-12-12 08:22:38] [generate_cnf] Generating formula neclaftp2002 with K=189
[2025-12-12 08:22:56] [run_formula] Running formula neclaftp2002 with K=189 up to limit 1600
[2025-12-12 08:23:02] [generate_cnf] Generating formula neclaftp2002 with K=190
[2025-12-12 08:23:21] [run_formula] Running formula neclaftp2002 with K=190 up to limit 1600
[2025-12-12 08:23:27] [generate_cnf] Generating formula neclaftp2002 with K=191
[2025-12-12 08:23:46] [run_formula] Running formula neclaftp2002 with K=191 up to limit 1600
[2025-12-12 08:23:52] [generate_cnf] Generating formula neclaftp2002 with K=192
[2025-12-12 08:24:11] [run_formula] Running formula neclaftp2002 with K=192 up to limit 1600
[2025-12-12 08:24:17] [generate_cnf] Generating formula neclaftp2002 with K=193
[2025-12-12 08:24:37] [run_formula] Running formula neclaftp2002 with K=193 up to limit 1600
[2025-12-12 08:24:42] [generate_cnf] Generating formula neclaftp2002 with K=194
[2025-12-12 08:25:01] [run_formula] Running formula neclaftp2002 with K=194 up to limit 1600
[2025-12-12 08:25:07] [generate_cnf] Generating formula neclaftp2002 with K=195
[2025-12-12 08:25:26] [run_formula] Running formula neclaftp2002 with K=195 up to limit 1600
[2025-12-12 08:25:32] [generate_cnf] Generating formula neclaftp2002 with K=196
[2025-12-12 08:25:51] [run_formula] Running formula neclaftp2002 with K=196 up to limit 1600
[2025-12-12 08:25:57] [generate_cnf] Generating formula neclaftp2002 with K=197
[2025-12-12 08:26:18] [run_formula] Running formula neclaftp2002 with K=197 up to limit 1600
[2025-12-12 08:26:24] [generate_cnf] Generating formula neclaftp2002 with K=198
[2025-12-12 08:26:45] [run_formula] Running formula neclaftp2002 with K=198 up to limit 1600
[2025-12-12 08:26:51] [generate_cnf] Generating formula neclaftp2002 with K=199
[2025-12-12 08:27:08] [run_formula] Running formula neclaftp2002 with K=199 up to limit 1600
[2025-12-12 08:27:14] [generate_cnf] Generating formula neclaftp2002 with K=200
[2025-12-12 08:27:34] [run_formula] Running formula neclaftp2002 with K=200 up to limit 1600
[2025-12-12 08:27:40] [generate_cnf] Generating formula neclaftp2002 with K=201
[2025-12-12 08:28:02] [run_formula] Running formula neclaftp2002 with K=201 up to limit 1600
[2025-12-12 08:28:08] [run_formula] Error running formula neclaftp2002 with K=201: [Errno 122] Disk quota exceeded: './results/solving_logs/neclaftp2002//neclaftp2002.201.log'
[2025-12-12 08:28:08] [generate_and_run_up_to_limit] Failed to run formula neclaftp2002 with K=201, halting
