CNF written.
CNF written.
CNF written.
CNF written.
CNF written.
CNF written.
CNF written.
CNF written.
CNF written.
CNF written.
CNF written.
CNF written.
CNF written.
CNF written.
CNF written.
CNF written.
CNF written.
CNF written.
CNF written.
CNF written.
CNF written.
CNF written.
CNF written.
CNF written.
CNF written.
CNF written.
CNF written.
CNF written.
CNF written.
CNF written.
CNF written.
CNF written.
CNF written.
CNF written.
CNF written.
CNF written.
CNF written.
CNF written.
CNF written.
CNF written.
CNF written.
CNF written.
CNF written.
CNF written.
CNF written.
CNF written.
CNF written.
CNF written.
CNF written.
CNF written.
CNF written.
CNF written.
CNF written.
CNF written.
CNF written.
CNF written.
CNF written.
CNF written.
CNF written.
CNF written.
CNF written.
CNF written.
CNF written.
CNF written.
CNF written.
CNF written.
CNF written.
CNF written.
CNF written.
CNF written.
CNF written.
CNF written.
CNF written.
CNF written.
CNF written.
CNF written.
CNF written.
CNF written.
CNF written.
CNF written.
CNF written.
CNF written.
CNF written.
[2025-12-12 07:07:11] [generate_and_run_up_to_limit] Generating and running oc8051gm1edata with K<=500 up to limit 1600
[2025-12-12 07:07:11] [generate_cnf] Generating formula oc8051gm1edata with K=1
[2025-12-12 07:07:11] [run_formula] Running formula oc8051gm1edata with K=1 up to limit 1600
[2025-12-12 07:07:11] [generate_cnf] Generating formula oc8051gm1edata with K=2
[2025-12-12 07:07:11] [run_formula] Running formula oc8051gm1edata with K=2 up to limit 1600
[2025-12-12 07:07:11] [generate_cnf] Generating formula oc8051gm1edata with K=3
[2025-12-12 07:07:11] [run_formula] Running formula oc8051gm1edata with K=3 up to limit 1600
[2025-12-12 07:07:11] [generate_cnf] Generating formula oc8051gm1edata with K=4
[2025-12-12 07:07:11] [run_formula] Running formula oc8051gm1edata with K=4 up to limit 1600
[2025-12-12 07:07:11] [generate_cnf] Generating formula oc8051gm1edata with K=5
[2025-12-12 07:07:12] [run_formula] Running formula oc8051gm1edata with K=5 up to limit 1600
[2025-12-12 07:07:12] [generate_cnf] Generating formula oc8051gm1edata with K=6
[2025-12-12 07:07:12] [run_formula] Running formula oc8051gm1edata with K=6 up to limit 1600
[2025-12-12 07:07:12] [generate_cnf] Generating formula oc8051gm1edata with K=7
[2025-12-12 07:07:12] [run_formula] Running formula oc8051gm1edata with K=7 up to limit 1600
[2025-12-12 07:07:12] [generate_cnf] Generating formula oc8051gm1edata with K=8
[2025-12-12 07:07:13] [run_formula] Running formula oc8051gm1edata with K=8 up to limit 1600
[2025-12-12 07:07:13] [generate_cnf] Generating formula oc8051gm1edata with K=9
[2025-12-12 07:07:13] [run_formula] Running formula oc8051gm1edata with K=9 up to limit 1600
[2025-12-12 07:07:13] [generate_cnf] Generating formula oc8051gm1edata with K=10
[2025-12-12 07:07:13] [run_formula] Running formula oc8051gm1edata with K=10 up to limit 1600
[2025-12-12 07:07:13] [generate_cnf] Generating formula oc8051gm1edata with K=11
[2025-12-12 07:07:14] [run_formula] Running formula oc8051gm1edata with K=11 up to limit 1600
[2025-12-12 07:07:14] [generate_cnf] Generating formula oc8051gm1edata with K=12
[2025-12-12 07:07:14] [run_formula] Running formula oc8051gm1edata with K=12 up to limit 1600
[2025-12-12 07:07:14] [generate_cnf] Generating formula oc8051gm1edata with K=13
[2025-12-12 07:07:15] [run_formula] Running formula oc8051gm1edata with K=13 up to limit 1600
[2025-12-12 07:07:15] [generate_cnf] Generating formula oc8051gm1edata with K=14
[2025-12-12 07:07:15] [run_formula] Running formula oc8051gm1edata with K=14 up to limit 1600
[2025-12-12 07:07:15] [generate_cnf] Generating formula oc8051gm1edata with K=15
[2025-12-12 07:07:16] [run_formula] Running formula oc8051gm1edata with K=15 up to limit 1600
[2025-12-12 07:07:16] [generate_cnf] Generating formula oc8051gm1edata with K=16
[2025-12-12 07:07:16] [run_formula] Running formula oc8051gm1edata with K=16 up to limit 1600
[2025-12-12 07:07:17] [generate_cnf] Generating formula oc8051gm1edata with K=17
[2025-12-12 07:07:17] [run_formula] Running formula oc8051gm1edata with K=17 up to limit 1600
[2025-12-12 07:07:17] [generate_cnf] Generating formula oc8051gm1edata with K=18
[2025-12-12 07:07:18] [run_formula] Running formula oc8051gm1edata with K=18 up to limit 1600
[2025-12-12 07:07:18] [generate_cnf] Generating formula oc8051gm1edata with K=19
[2025-12-12 07:07:19] [run_formula] Running formula oc8051gm1edata with K=19 up to limit 1600
[2025-12-12 07:07:20] [generate_cnf] Generating formula oc8051gm1edata with K=20
[2025-12-12 07:07:20] [run_formula] Running formula oc8051gm1edata with K=20 up to limit 1600
[2025-12-12 07:07:22] [generate_cnf] Generating formula oc8051gm1edata with K=21
[2025-12-12 07:07:23] [run_formula] Running formula oc8051gm1edata with K=21 up to limit 1600
[2025-12-12 07:07:25] [generate_cnf] Generating formula oc8051gm1edata with K=22
[2025-12-12 07:07:26] [run_formula] Running formula oc8051gm1edata with K=22 up to limit 1600
[2025-12-12 07:07:29] [generate_cnf] Generating formula oc8051gm1edata with K=23
[2025-12-12 07:07:30] [run_formula] Running formula oc8051gm1edata with K=23 up to limit 1600
[2025-12-12 07:07:34] [generate_cnf] Generating formula oc8051gm1edata with K=24
[2025-12-12 07:07:35] [run_formula] Running formula oc8051gm1edata with K=24 up to limit 1600
[2025-12-12 07:07:40] [generate_cnf] Generating formula oc8051gm1edata with K=25
[2025-12-12 07:07:40] [run_formula] Running formula oc8051gm1edata with K=25 up to limit 1600
[2025-12-12 07:07:48] [generate_cnf] Generating formula oc8051gm1edata with K=26
[2025-12-12 07:07:49] [run_formula] Running formula oc8051gm1edata with K=26 up to limit 1600
[2025-12-12 07:07:56] [generate_cnf] Generating formula oc8051gm1edata with K=27
[2025-12-12 07:07:57] [run_formula] Running formula oc8051gm1edata with K=27 up to limit 1600
[2025-12-12 07:08:05] [generate_cnf] Generating formula oc8051gm1edata with K=28
[2025-12-12 07:08:06] [run_formula] Running formula oc8051gm1edata with K=28 up to limit 1600
[2025-12-12 07:08:17] [generate_cnf] Generating formula oc8051gm1edata with K=29
[2025-12-12 07:08:18] [run_formula] Running formula oc8051gm1edata with K=29 up to limit 1600
[2025-12-12 07:08:29] [generate_cnf] Generating formula oc8051gm1edata with K=30
[2025-12-12 07:08:30] [run_formula] Running formula oc8051gm1edata with K=30 up to limit 1600
[2025-12-12 07:08:44] [generate_cnf] Generating formula oc8051gm1edata with K=31
[2025-12-12 07:08:45] [run_formula] Running formula oc8051gm1edata with K=31 up to limit 1600
[2025-12-12 07:09:00] [generate_cnf] Generating formula oc8051gm1edata with K=32
[2025-12-12 07:09:01] [run_formula] Running formula oc8051gm1edata with K=32 up to limit 1600
[2025-12-12 07:09:22] [generate_cnf] Generating formula oc8051gm1edata with K=33
[2025-12-12 07:09:23] [run_formula] Running formula oc8051gm1edata with K=33 up to limit 1600
[2025-12-12 07:09:44] [generate_cnf] Generating formula oc8051gm1edata with K=34
[2025-12-12 07:09:45] [run_formula] Running formula oc8051gm1edata with K=34 up to limit 1600
[2025-12-12 07:10:11] [generate_cnf] Generating formula oc8051gm1edata with K=35
[2025-12-12 07:10:12] [run_formula] Running formula oc8051gm1edata with K=35 up to limit 1600
[2025-12-12 07:10:41] [generate_cnf] Generating formula oc8051gm1edata with K=36
[2025-12-12 07:10:42] [run_formula] Running formula oc8051gm1edata with K=36 up to limit 1600
[2025-12-12 07:11:14] [generate_cnf] Generating formula oc8051gm1edata with K=37
[2025-12-12 07:11:15] [run_formula] Running formula oc8051gm1edata with K=37 up to limit 1600
[2025-12-12 07:11:43] [generate_cnf] Generating formula oc8051gm1edata with K=38
[2025-12-12 07:11:44] [run_formula] Running formula oc8051gm1edata with K=38 up to limit 1600
[2025-12-12 07:12:19] [generate_cnf] Generating formula oc8051gm1edata with K=39
[2025-12-12 07:12:20] [run_formula] Running formula oc8051gm1edata with K=39 up to limit 1600
[2025-12-12 07:13:10] [generate_cnf] Generating formula oc8051gm1edata with K=40
[2025-12-12 07:13:11] [run_formula] Running formula oc8051gm1edata with K=40 up to limit 1600
[2025-12-12 07:13:56] [generate_cnf] Generating formula oc8051gm1edata with K=41
[2025-12-12 07:13:57] [run_formula] Running formula oc8051gm1edata with K=41 up to limit 1600
[2025-12-12 07:14:52] [generate_cnf] Generating formula oc8051gm1edata with K=42
[2025-12-12 07:14:54] [run_formula] Running formula oc8051gm1edata with K=42 up to limit 1600
[2025-12-12 07:15:42] [generate_cnf] Generating formula oc8051gm1edata with K=43
[2025-12-12 07:15:44] [run_formula] Running formula oc8051gm1edata with K=43 up to limit 1600
[2025-12-12 07:16:59] [generate_cnf] Generating formula oc8051gm1edata with K=44
[2025-12-12 07:17:00] [run_formula] Running formula oc8051gm1edata with K=44 up to limit 1600
[2025-12-12 07:17:57] [generate_cnf] Generating formula oc8051gm1edata with K=45
[2025-12-12 07:17:58] [run_formula] Running formula oc8051gm1edata with K=45 up to limit 1600
[2025-12-12 07:18:59] [generate_cnf] Generating formula oc8051gm1edata with K=46
[2025-12-12 07:19:00] [run_formula] Running formula oc8051gm1edata with K=46 up to limit 1600
[2025-12-12 07:20:20] [generate_cnf] Generating formula oc8051gm1edata with K=47
[2025-12-12 07:20:21] [run_formula] Running formula oc8051gm1edata with K=47 up to limit 1600
[2025-12-12 07:21:39] [generate_cnf] Generating formula oc8051gm1edata with K=48
[2025-12-12 07:21:41] [run_formula] Running formula oc8051gm1edata with K=48 up to limit 1600
[2025-12-12 07:23:07] [generate_cnf] Generating formula oc8051gm1edata with K=49
[2025-12-12 07:23:09] [run_formula] Running formula oc8051gm1edata with K=49 up to limit 1600
[2025-12-12 07:24:25] [generate_cnf] Generating formula oc8051gm1edata with K=50
[2025-12-12 07:24:26] [run_formula] Running formula oc8051gm1edata with K=50 up to limit 1600
[2025-12-12 07:26:00] [generate_cnf] Generating formula oc8051gm1edata with K=51
[2025-12-12 07:26:02] [run_formula] Running formula oc8051gm1edata with K=51 up to limit 1600
[2025-12-12 07:27:34] [generate_cnf] Generating formula oc8051gm1edata with K=52
[2025-12-12 07:27:35] [run_formula] Running formula oc8051gm1edata with K=52 up to limit 1600
[2025-12-12 07:29:01] [generate_cnf] Generating formula oc8051gm1edata with K=53
[2025-12-12 07:29:03] [run_formula] Running formula oc8051gm1edata with K=53 up to limit 1600
[2025-12-12 07:30:35] [generate_cnf] Generating formula oc8051gm1edata with K=54
[2025-12-12 07:30:37] [run_formula] Running formula oc8051gm1edata with K=54 up to limit 1600
[2025-12-12 07:32:21] [generate_cnf] Generating formula oc8051gm1edata with K=55
[2025-12-12 07:32:23] [run_formula] Running formula oc8051gm1edata with K=55 up to limit 1600
[2025-12-12 07:33:59] [generate_cnf] Generating formula oc8051gm1edata with K=56
[2025-12-12 07:34:01] [run_formula] Running formula oc8051gm1edata with K=56 up to limit 1600
[2025-12-12 07:35:33] [generate_cnf] Generating formula oc8051gm1edata with K=57
[2025-12-12 07:35:34] [run_formula] Running formula oc8051gm1edata with K=57 up to limit 1600
[2025-12-12 07:37:08] [generate_cnf] Generating formula oc8051gm1edata with K=58
[2025-12-12 07:37:09] [run_formula] Running formula oc8051gm1edata with K=58 up to limit 1600
[2025-12-12 07:38:41] [generate_cnf] Generating formula oc8051gm1edata with K=59
[2025-12-12 07:38:43] [run_formula] Running formula oc8051gm1edata with K=59 up to limit 1600
[2025-12-12 07:40:38] [generate_cnf] Generating formula oc8051gm1edata with K=60
[2025-12-12 07:40:40] [run_formula] Running formula oc8051gm1edata with K=60 up to limit 1600
[2025-12-12 07:42:22] [generate_cnf] Generating formula oc8051gm1edata with K=61
[2025-12-12 07:42:24] [run_formula] Running formula oc8051gm1edata with K=61 up to limit 1600
[2025-12-12 07:44:24] [generate_cnf] Generating formula oc8051gm1edata with K=62
[2025-12-12 07:44:26] [run_formula] Running formula oc8051gm1edata with K=62 up to limit 1600
[2025-12-12 07:46:06] [generate_cnf] Generating formula oc8051gm1edata with K=63
[2025-12-12 07:46:07] [run_formula] Running formula oc8051gm1edata with K=63 up to limit 1600
[2025-12-12 07:48:02] [generate_cnf] Generating formula oc8051gm1edata with K=64
[2025-12-12 07:48:04] [run_formula] Running formula oc8051gm1edata with K=64 up to limit 1600
[2025-12-12 07:50:07] [generate_cnf] Generating formula oc8051gm1edata with K=65
[2025-12-12 07:50:08] [run_formula] Running formula oc8051gm1edata with K=65 up to limit 1600
[2025-12-12 07:52:05] [generate_cnf] Generating formula oc8051gm1edata with K=66
[2025-12-12 07:52:07] [run_formula] Running formula oc8051gm1edata with K=66 up to limit 1600
[2025-12-12 07:54:18] [generate_cnf] Generating formula oc8051gm1edata with K=67
[2025-12-12 07:54:20] [run_formula] Running formula oc8051gm1edata with K=67 up to limit 1600
[2025-12-12 07:56:14] [generate_cnf] Generating formula oc8051gm1edata with K=68
[2025-12-12 07:56:16] [run_formula] Running formula oc8051gm1edata with K=68 up to limit 1600
[2025-12-12 07:57:49] [generate_cnf] Generating formula oc8051gm1edata with K=69
[2025-12-12 07:57:51] [run_formula] Running formula oc8051gm1edata with K=69 up to limit 1600
[2025-12-12 07:59:42] [generate_cnf] Generating formula oc8051gm1edata with K=70
[2025-12-12 07:59:44] [run_formula] Running formula oc8051gm1edata with K=70 up to limit 1600
[2025-12-12 08:01:40] [generate_cnf] Generating formula oc8051gm1edata with K=71
[2025-12-12 08:01:42] [run_formula] Running formula oc8051gm1edata with K=71 up to limit 1600
[2025-12-12 08:03:33] [generate_cnf] Generating formula oc8051gm1edata with K=72
[2025-12-12 08:03:35] [run_formula] Running formula oc8051gm1edata with K=72 up to limit 1600
[2025-12-12 08:05:22] [generate_cnf] Generating formula oc8051gm1edata with K=73
[2025-12-12 08:05:24] [run_formula] Running formula oc8051gm1edata with K=73 up to limit 1600
[2025-12-12 08:07:23] [generate_cnf] Generating formula oc8051gm1edata with K=74
[2025-12-12 08:07:25] [run_formula] Running formula oc8051gm1edata with K=74 up to limit 1600
[2025-12-12 08:09:18] [generate_cnf] Generating formula oc8051gm1edata with K=75
[2025-12-12 08:09:20] [run_formula] Running formula oc8051gm1edata with K=75 up to limit 1600
[2025-12-12 08:11:12] [generate_cnf] Generating formula oc8051gm1edata with K=76
[2025-12-12 08:11:14] [run_formula] Running formula oc8051gm1edata with K=76 up to limit 1600
[2025-12-12 08:12:57] [generate_cnf] Generating formula oc8051gm1edata with K=77
[2025-12-12 08:13:00] [run_formula] Running formula oc8051gm1edata with K=77 up to limit 1600
[2025-12-12 08:14:35] [generate_cnf] Generating formula oc8051gm1edata with K=78
[2025-12-12 08:14:37] [run_formula] Running formula oc8051gm1edata with K=78 up to limit 1600
[2025-12-12 08:16:49] [generate_cnf] Generating formula oc8051gm1edata with K=79
[2025-12-12 08:16:51] [run_formula] Running formula oc8051gm1edata with K=79 up to limit 1600
[2025-12-12 08:18:50] [generate_cnf] Generating formula oc8051gm1edata with K=80
[2025-12-12 08:18:52] [run_formula] Running formula oc8051gm1edata with K=80 up to limit 1600
[2025-12-12 08:21:29] [generate_cnf] Generating formula oc8051gm1edata with K=81
[2025-12-12 08:21:31] [run_formula] Running formula oc8051gm1edata with K=81 up to limit 1600
[2025-12-12 08:24:28] [generate_cnf] Generating formula oc8051gm1edata with K=82
[2025-12-12 08:24:30] [run_formula] Running formula oc8051gm1edata with K=82 up to limit 1600
[2025-12-12 08:26:58] [generate_cnf] Generating formula oc8051gm1edata with K=83
[2025-12-12 08:27:00] [run_formula] Running formula oc8051gm1edata with K=83 up to limit 1600
[2025-12-12 08:29:40] [run_formula] Error running formula oc8051gm1edata with K=83: [Errno 122] Disk quota exceeded: './results/solving_logs/oc8051gm1edata//oc8051gm1edata.83.log'
[2025-12-12 08:29:40] [generate_and_run_up_to_limit] Failed to run formula oc8051gm1edata with K=83, halting
