CNF written.
CNF written.
CNF written.
CNF written.
CNF written.
CNF written.
CNF written.
CNF written.
CNF written.
CNF written.
CNF written.
CNF written.
CNF written.
CNF written.
CNF written.
CNF written.
CNF written.
CNF written.
CNF written.
CNF written.
CNF written.
CNF written.
CNF written.
CNF written.
CNF written.
CNF written.
CNF written.
CNF written.
CNF written.
CNF written.
CNF written.
CNF written.
CNF written.
CNF written.
CNF written.
CNF written.
CNF written.
CNF written.
CNF written.
CNF written.
CNF written.
CNF written.
CNF written.
CNF written.
CNF written.
CNF written.
CNF written.
CNF written.
CNF written.
CNF written.
CNF written.
CNF written.
CNF written.
CNF written.
CNF written.
CNF written.
CNF written.
CNF written.
CNF written.
CNF written.
CNF written.
CNF written.
CNF written.
CNF written.
CNF written.
CNF written.
CNF written.
CNF written.
CNF written.
CNF written.
CNF written.
CNF written.
CNF written.
CNF written.
CNF written.
CNF written.
CNF written.
CNF written.
CNF written.
CNF written.
CNF written.
CNF written.
CNF written.
CNF written.
CNF written.
CNF written.
CNF written.
[2025-12-12 07:13:45] [generate_and_run_up_to_limit] Generating and running oc8051gm7daddr with K<=500 up to limit 1600
[2025-12-12 07:13:45] [generate_cnf] Generating formula oc8051gm7daddr with K=1
[2025-12-12 07:13:45] [run_formula] Running formula oc8051gm7daddr with K=1 up to limit 1600
[2025-12-12 07:13:45] [generate_cnf] Generating formula oc8051gm7daddr with K=2
[2025-12-12 07:13:46] [run_formula] Running formula oc8051gm7daddr with K=2 up to limit 1600
[2025-12-12 07:13:46] [generate_cnf] Generating formula oc8051gm7daddr with K=3
[2025-12-12 07:13:46] [run_formula] Running formula oc8051gm7daddr with K=3 up to limit 1600
[2025-12-12 07:13:46] [generate_cnf] Generating formula oc8051gm7daddr with K=4
[2025-12-12 07:13:46] [run_formula] Running formula oc8051gm7daddr with K=4 up to limit 1600
[2025-12-12 07:13:46] [generate_cnf] Generating formula oc8051gm7daddr with K=5
[2025-12-12 07:13:46] [run_formula] Running formula oc8051gm7daddr with K=5 up to limit 1600
[2025-12-12 07:13:46] [generate_cnf] Generating formula oc8051gm7daddr with K=6
[2025-12-12 07:13:46] [run_formula] Running formula oc8051gm7daddr with K=6 up to limit 1600
[2025-12-12 07:13:46] [generate_cnf] Generating formula oc8051gm7daddr with K=7
[2025-12-12 07:13:47] [run_formula] Running formula oc8051gm7daddr with K=7 up to limit 1600
[2025-12-12 07:13:47] [generate_cnf] Generating formula oc8051gm7daddr with K=8
[2025-12-12 07:13:47] [run_formula] Running formula oc8051gm7daddr with K=8 up to limit 1600
[2025-12-12 07:13:47] [generate_cnf] Generating formula oc8051gm7daddr with K=9
[2025-12-12 07:13:47] [run_formula] Running formula oc8051gm7daddr with K=9 up to limit 1600
[2025-12-12 07:13:47] [generate_cnf] Generating formula oc8051gm7daddr with K=10
[2025-12-12 07:13:48] [run_formula] Running formula oc8051gm7daddr with K=10 up to limit 1600
[2025-12-12 07:13:48] [generate_cnf] Generating formula oc8051gm7daddr with K=11
[2025-12-12 07:13:48] [run_formula] Running formula oc8051gm7daddr with K=11 up to limit 1600
[2025-12-12 07:13:48] [generate_cnf] Generating formula oc8051gm7daddr with K=12
[2025-12-12 07:13:49] [run_formula] Running formula oc8051gm7daddr with K=12 up to limit 1600
[2025-12-12 07:13:49] [generate_cnf] Generating formula oc8051gm7daddr with K=13
[2025-12-12 07:13:49] [run_formula] Running formula oc8051gm7daddr with K=13 up to limit 1600
[2025-12-12 07:13:49] [generate_cnf] Generating formula oc8051gm7daddr with K=14
[2025-12-12 07:13:50] [run_formula] Running formula oc8051gm7daddr with K=14 up to limit 1600
[2025-12-12 07:13:50] [generate_cnf] Generating formula oc8051gm7daddr with K=15
[2025-12-12 07:13:50] [run_formula] Running formula oc8051gm7daddr with K=15 up to limit 1600
[2025-12-12 07:13:50] [generate_cnf] Generating formula oc8051gm7daddr with K=16
[2025-12-12 07:13:51] [run_formula] Running formula oc8051gm7daddr with K=16 up to limit 1600
[2025-12-12 07:13:51] [generate_cnf] Generating formula oc8051gm7daddr with K=17
[2025-12-12 07:13:51] [run_formula] Running formula oc8051gm7daddr with K=17 up to limit 1600
[2025-12-12 07:13:52] [generate_cnf] Generating formula oc8051gm7daddr with K=18
[2025-12-12 07:13:52] [run_formula] Running formula oc8051gm7daddr with K=18 up to limit 1600
[2025-12-12 07:13:53] [generate_cnf] Generating formula oc8051gm7daddr with K=19
[2025-12-12 07:13:53] [run_formula] Running formula oc8051gm7daddr with K=19 up to limit 1600
[2025-12-12 07:13:54] [generate_cnf] Generating formula oc8051gm7daddr with K=20
[2025-12-12 07:13:55] [run_formula] Running formula oc8051gm7daddr with K=20 up to limit 1600
[2025-12-12 07:13:56] [generate_cnf] Generating formula oc8051gm7daddr with K=21
[2025-12-12 07:13:57] [run_formula] Running formula oc8051gm7daddr with K=21 up to limit 1600
[2025-12-12 07:14:00] [generate_cnf] Generating formula oc8051gm7daddr with K=22
[2025-12-12 07:14:00] [run_formula] Running formula oc8051gm7daddr with K=22 up to limit 1600
[2025-12-12 07:14:03] [generate_cnf] Generating formula oc8051gm7daddr with K=23
[2025-12-12 07:14:04] [run_formula] Running formula oc8051gm7daddr with K=23 up to limit 1600
[2025-12-12 07:14:08] [generate_cnf] Generating formula oc8051gm7daddr with K=24
[2025-12-12 07:14:09] [run_formula] Running formula oc8051gm7daddr with K=24 up to limit 1600
[2025-12-12 07:14:14] [generate_cnf] Generating formula oc8051gm7daddr with K=25
[2025-12-12 07:14:15] [run_formula] Running formula oc8051gm7daddr with K=25 up to limit 1600
[2025-12-12 07:14:20] [generate_cnf] Generating formula oc8051gm7daddr with K=26
[2025-12-12 07:14:21] [run_formula] Running formula oc8051gm7daddr with K=26 up to limit 1600
[2025-12-12 07:14:29] [generate_cnf] Generating formula oc8051gm7daddr with K=27
[2025-12-12 07:14:29] [run_formula] Running formula oc8051gm7daddr with K=27 up to limit 1600
[2025-12-12 07:14:40] [generate_cnf] Generating formula oc8051gm7daddr with K=28
[2025-12-12 07:14:41] [run_formula] Running formula oc8051gm7daddr with K=28 up to limit 1600
[2025-12-12 07:14:53] [generate_cnf] Generating formula oc8051gm7daddr with K=29
[2025-12-12 07:14:54] [run_formula] Running formula oc8051gm7daddr with K=29 up to limit 1600
[2025-12-12 07:15:10] [generate_cnf] Generating formula oc8051gm7daddr with K=30
[2025-12-12 07:15:11] [run_formula] Running formula oc8051gm7daddr with K=30 up to limit 1600
[2025-12-12 07:15:27] [generate_cnf] Generating formula oc8051gm7daddr with K=31
[2025-12-12 07:15:28] [run_formula] Running formula oc8051gm7daddr with K=31 up to limit 1600
[2025-12-12 07:15:48] [generate_cnf] Generating formula oc8051gm7daddr with K=32
[2025-12-12 07:15:49] [run_formula] Running formula oc8051gm7daddr with K=32 up to limit 1600
[2025-12-12 07:16:13] [generate_cnf] Generating formula oc8051gm7daddr with K=33
[2025-12-12 07:16:14] [run_formula] Running formula oc8051gm7daddr with K=33 up to limit 1600
[2025-12-12 07:16:36] [generate_cnf] Generating formula oc8051gm7daddr with K=34
[2025-12-12 07:16:37] [run_formula] Running formula oc8051gm7daddr with K=34 up to limit 1600
[2025-12-12 07:17:04] [generate_cnf] Generating formula oc8051gm7daddr with K=35
[2025-12-12 07:17:05] [run_formula] Running formula oc8051gm7daddr with K=35 up to limit 1600
[2025-12-12 07:17:35] [generate_cnf] Generating formula oc8051gm7daddr with K=36
[2025-12-12 07:17:36] [run_formula] Running formula oc8051gm7daddr with K=36 up to limit 1600
[2025-12-12 07:18:08] [generate_cnf] Generating formula oc8051gm7daddr with K=37
[2025-12-12 07:18:09] [run_formula] Running formula oc8051gm7daddr with K=37 up to limit 1600
[2025-12-12 07:18:43] [generate_cnf] Generating formula oc8051gm7daddr with K=38
[2025-12-12 07:18:44] [run_formula] Running formula oc8051gm7daddr with K=38 up to limit 1600
[2025-12-12 07:19:20] [generate_cnf] Generating formula oc8051gm7daddr with K=39
[2025-12-12 07:19:21] [run_formula] Running formula oc8051gm7daddr with K=39 up to limit 1600
[2025-12-12 07:19:56] [generate_cnf] Generating formula oc8051gm7daddr with K=40
[2025-12-12 07:19:57] [run_formula] Running formula oc8051gm7daddr with K=40 up to limit 1600
[2025-12-12 07:20:40] [generate_cnf] Generating formula oc8051gm7daddr with K=41
[2025-12-12 07:20:41] [run_formula] Running formula oc8051gm7daddr with K=41 up to limit 1600
[2025-12-12 07:21:34] [generate_cnf] Generating formula oc8051gm7daddr with K=42
[2025-12-12 07:21:35] [run_formula] Running formula oc8051gm7daddr with K=42 up to limit 1600
[2025-12-12 07:22:25] [generate_cnf] Generating formula oc8051gm7daddr with K=43
[2025-12-12 07:22:26] [run_formula] Running formula oc8051gm7daddr with K=43 up to limit 1600
[2025-12-12 07:23:13] [generate_cnf] Generating formula oc8051gm7daddr with K=44
[2025-12-12 07:23:14] [run_formula] Running formula oc8051gm7daddr with K=44 up to limit 1600
[2025-12-12 07:24:04] [generate_cnf] Generating formula oc8051gm7daddr with K=45
[2025-12-12 07:24:05] [run_formula] Running formula oc8051gm7daddr with K=45 up to limit 1600
[2025-12-12 07:25:12] [generate_cnf] Generating formula oc8051gm7daddr with K=46
[2025-12-12 07:25:13] [run_formula] Running formula oc8051gm7daddr with K=46 up to limit 1600
[2025-12-12 07:26:32] [generate_cnf] Generating formula oc8051gm7daddr with K=47
[2025-12-12 07:26:33] [run_formula] Running formula oc8051gm7daddr with K=47 up to limit 1600
[2025-12-12 07:27:53] [generate_cnf] Generating formula oc8051gm7daddr with K=48
[2025-12-12 07:27:54] [run_formula] Running formula oc8051gm7daddr with K=48 up to limit 1600
[2025-12-12 07:29:08] [generate_cnf] Generating formula oc8051gm7daddr with K=49
[2025-12-12 07:29:09] [run_formula] Running formula oc8051gm7daddr with K=49 up to limit 1600
[2025-12-12 07:30:34] [generate_cnf] Generating formula oc8051gm7daddr with K=50
[2025-12-12 07:30:35] [run_formula] Running formula oc8051gm7daddr with K=50 up to limit 1600
[2025-12-12 07:31:47] [generate_cnf] Generating formula oc8051gm7daddr with K=51
[2025-12-12 07:31:49] [run_formula] Running formula oc8051gm7daddr with K=51 up to limit 1600
[2025-12-12 07:33:09] [generate_cnf] Generating formula oc8051gm7daddr with K=52
[2025-12-12 07:33:10] [run_formula] Running formula oc8051gm7daddr with K=52 up to limit 1600
[2025-12-12 07:34:43] [generate_cnf] Generating formula oc8051gm7daddr with K=53
[2025-12-12 07:34:44] [run_formula] Running formula oc8051gm7daddr with K=53 up to limit 1600
[2025-12-12 07:36:06] [generate_cnf] Generating formula oc8051gm7daddr with K=54
[2025-12-12 07:36:07] [run_formula] Running formula oc8051gm7daddr with K=54 up to limit 1600
[2025-12-12 07:37:29] [generate_cnf] Generating formula oc8051gm7daddr with K=55
[2025-12-12 07:37:31] [run_formula] Running formula oc8051gm7daddr with K=55 up to limit 1600
[2025-12-12 07:39:01] [generate_cnf] Generating formula oc8051gm7daddr with K=56
[2025-12-12 07:39:03] [run_formula] Running formula oc8051gm7daddr with K=56 up to limit 1600
[2025-12-12 07:40:21] [generate_cnf] Generating formula oc8051gm7daddr with K=57
[2025-12-12 07:40:23] [run_formula] Running formula oc8051gm7daddr with K=57 up to limit 1600
[2025-12-12 07:41:49] [generate_cnf] Generating formula oc8051gm7daddr with K=58
[2025-12-12 07:41:50] [run_formula] Running formula oc8051gm7daddr with K=58 up to limit 1600
[2025-12-12 07:43:18] [generate_cnf] Generating formula oc8051gm7daddr with K=59
[2025-12-12 07:43:19] [run_formula] Running formula oc8051gm7daddr with K=59 up to limit 1600
[2025-12-12 07:44:43] [generate_cnf] Generating formula oc8051gm7daddr with K=60
[2025-12-12 07:44:45] [run_formula] Running formula oc8051gm7daddr with K=60 up to limit 1600
[2025-12-12 07:46:22] [generate_cnf] Generating formula oc8051gm7daddr with K=61
[2025-12-12 07:46:24] [run_formula] Running formula oc8051gm7daddr with K=61 up to limit 1600
[2025-12-12 07:48:03] [generate_cnf] Generating formula oc8051gm7daddr with K=62
[2025-12-12 07:48:04] [run_formula] Running formula oc8051gm7daddr with K=62 up to limit 1600
[2025-12-12 07:49:23] [generate_cnf] Generating formula oc8051gm7daddr with K=63
[2025-12-12 07:49:25] [run_formula] Running formula oc8051gm7daddr with K=63 up to limit 1600
[2025-12-12 07:50:51] [generate_cnf] Generating formula oc8051gm7daddr with K=64
[2025-12-12 07:50:53] [run_formula] Running formula oc8051gm7daddr with K=64 up to limit 1600
[2025-12-12 07:52:17] [generate_cnf] Generating formula oc8051gm7daddr with K=65
[2025-12-12 07:52:19] [run_formula] Running formula oc8051gm7daddr with K=65 up to limit 1600
[2025-12-12 07:53:49] [generate_cnf] Generating formula oc8051gm7daddr with K=66
[2025-12-12 07:53:51] [run_formula] Running formula oc8051gm7daddr with K=66 up to limit 1600
[2025-12-12 07:55:24] [generate_cnf] Generating formula oc8051gm7daddr with K=67
[2025-12-12 07:55:26] [run_formula] Running formula oc8051gm7daddr with K=67 up to limit 1600
[2025-12-12 07:56:42] [generate_cnf] Generating formula oc8051gm7daddr with K=68
[2025-12-12 07:56:43] [run_formula] Running formula oc8051gm7daddr with K=68 up to limit 1600
[2025-12-12 07:58:15] [generate_cnf] Generating formula oc8051gm7daddr with K=69
[2025-12-12 07:58:17] [run_formula] Running formula oc8051gm7daddr with K=69 up to limit 1600
[2025-12-12 07:59:38] [generate_cnf] Generating formula oc8051gm7daddr with K=70
[2025-12-12 07:59:40] [run_formula] Running formula oc8051gm7daddr with K=70 up to limit 1600
[2025-12-12 08:00:58] [generate_cnf] Generating formula oc8051gm7daddr with K=71
[2025-12-12 08:01:00] [run_formula] Running formula oc8051gm7daddr with K=71 up to limit 1600
[2025-12-12 08:02:18] [generate_cnf] Generating formula oc8051gm7daddr with K=72
[2025-12-12 08:02:20] [run_formula] Running formula oc8051gm7daddr with K=72 up to limit 1600
[2025-12-12 08:03:41] [generate_cnf] Generating formula oc8051gm7daddr with K=73
[2025-12-12 08:03:42] [run_formula] Running formula oc8051gm7daddr with K=73 up to limit 1600
[2025-12-12 08:05:04] [generate_cnf] Generating formula oc8051gm7daddr with K=74
[2025-12-12 08:05:06] [run_formula] Running formula oc8051gm7daddr with K=74 up to limit 1600
[2025-12-12 08:06:28] [generate_cnf] Generating formula oc8051gm7daddr with K=75
[2025-12-12 08:06:30] [run_formula] Running formula oc8051gm7daddr with K=75 up to limit 1600
[2025-12-12 08:08:00] [generate_cnf] Generating formula oc8051gm7daddr with K=76
[2025-12-12 08:08:02] [run_formula] Running formula oc8051gm7daddr with K=76 up to limit 1600
[2025-12-12 08:09:43] [generate_cnf] Generating formula oc8051gm7daddr with K=77
[2025-12-12 08:09:45] [run_formula] Running formula oc8051gm7daddr with K=77 up to limit 1600
[2025-12-12 08:11:10] [generate_cnf] Generating formula oc8051gm7daddr with K=78
[2025-12-12 08:11:12] [run_formula] Running formula oc8051gm7daddr with K=78 up to limit 1600
[2025-12-12 08:12:56] [generate_cnf] Generating formula oc8051gm7daddr with K=79
[2025-12-12 08:12:58] [run_formula] Running formula oc8051gm7daddr with K=79 up to limit 1600
[2025-12-12 08:14:25] [generate_cnf] Generating formula oc8051gm7daddr with K=80
[2025-12-12 08:14:27] [run_formula] Running formula oc8051gm7daddr with K=80 up to limit 1600
[2025-12-12 08:16:25] [generate_cnf] Generating formula oc8051gm7daddr with K=81
[2025-12-12 08:16:27] [run_formula] Running formula oc8051gm7daddr with K=81 up to limit 1600
[2025-12-12 08:18:02] [generate_cnf] Generating formula oc8051gm7daddr with K=82
[2025-12-12 08:18:04] [run_formula] Running formula oc8051gm7daddr with K=82 up to limit 1600
[2025-12-12 08:20:11] [generate_cnf] Generating formula oc8051gm7daddr with K=83
[2025-12-12 08:20:13] [run_formula] Running formula oc8051gm7daddr with K=83 up to limit 1600
[2025-12-12 08:21:50] [generate_cnf] Generating formula oc8051gm7daddr with K=84
[2025-12-12 08:21:52] [run_formula] Running formula oc8051gm7daddr with K=84 up to limit 1600
[2025-12-12 08:23:47] [generate_cnf] Generating formula oc8051gm7daddr with K=85
[2025-12-12 08:23:49] [run_formula] Running formula oc8051gm7daddr with K=85 up to limit 1600
[2025-12-12 08:25:17] [generate_cnf] Generating formula oc8051gm7daddr with K=86
[2025-12-12 08:25:19] [run_formula] Running formula oc8051gm7daddr with K=86 up to limit 1600
[2025-12-12 08:27:09] [generate_cnf] Generating formula oc8051gm7daddr with K=87
[2025-12-12 08:27:11] [run_formula] Running formula oc8051gm7daddr with K=87 up to limit 1600
[2025-12-12 08:28:55] [run_formula] Error running formula oc8051gm7daddr with K=87: [Errno 122] Disk quota exceeded: './results/solving_logs/oc8051gm7daddr//oc8051gm7daddr.87.log'
[2025-12-12 08:28:55] [generate_and_run_up_to_limit] Failed to run formula oc8051gm7daddr with K=87, halting
