CNF written.
CNF written.
CNF written.
CNF written.
CNF written.
CNF written.
CNF written.
CNF written.
CNF written.
CNF written.
CNF written.
CNF written.
CNF written.
CNF written.
CNF written.
CNF written.
CNF written.
CNF written.
CNF written.
CNF written.
CNF written.
CNF written.
CNF written.
CNF written.
CNF written.
CNF written.
CNF written.
CNF written.
CNF written.
CNF written.
CNF written.
CNF written.
CNF written.
CNF written.
CNF written.
CNF written.
CNF written.
CNF written.
CNF written.
CNF written.
CNF written.
CNF written.
CNF written.
CNF written.
CNF written.
CNF written.
[2025-12-12 08:10:23] [generate_and_run_up_to_limit] Generating and running oc8051gm68addr with K<=500 up to limit 1600
[2025-12-12 08:10:23] [generate_cnf] Generating formula oc8051gm68addr with K=1
[2025-12-12 08:10:23] [run_formula] Running formula oc8051gm68addr with K=1 up to limit 1600
[2025-12-12 08:10:23] [generate_cnf] Generating formula oc8051gm68addr with K=2
[2025-12-12 08:10:24] [run_formula] Running formula oc8051gm68addr with K=2 up to limit 1600
[2025-12-12 08:10:24] [generate_cnf] Generating formula oc8051gm68addr with K=3
[2025-12-12 08:10:24] [run_formula] Running formula oc8051gm68addr with K=3 up to limit 1600
[2025-12-12 08:10:24] [generate_cnf] Generating formula oc8051gm68addr with K=4
[2025-12-12 08:10:25] [run_formula] Running formula oc8051gm68addr with K=4 up to limit 1600
[2025-12-12 08:10:25] [generate_cnf] Generating formula oc8051gm68addr with K=5
[2025-12-12 08:10:25] [run_formula] Running formula oc8051gm68addr with K=5 up to limit 1600
[2025-12-12 08:10:25] [generate_cnf] Generating formula oc8051gm68addr with K=6
[2025-12-12 08:10:26] [run_formula] Running formula oc8051gm68addr with K=6 up to limit 1600
[2025-12-12 08:10:26] [generate_cnf] Generating formula oc8051gm68addr with K=7
[2025-12-12 08:10:26] [run_formula] Running formula oc8051gm68addr with K=7 up to limit 1600
[2025-12-12 08:10:26] [generate_cnf] Generating formula oc8051gm68addr with K=8
[2025-12-12 08:10:27] [run_formula] Running formula oc8051gm68addr with K=8 up to limit 1600
[2025-12-12 08:10:27] [generate_cnf] Generating formula oc8051gm68addr with K=9
[2025-12-12 08:10:27] [run_formula] Running formula oc8051gm68addr with K=9 up to limit 1600
[2025-12-12 08:10:27] [generate_cnf] Generating formula oc8051gm68addr with K=10
[2025-12-12 08:10:28] [run_formula] Running formula oc8051gm68addr with K=10 up to limit 1600
[2025-12-12 08:10:28] [generate_cnf] Generating formula oc8051gm68addr with K=11
[2025-12-12 08:10:28] [run_formula] Running formula oc8051gm68addr with K=11 up to limit 1600
[2025-12-12 08:10:28] [generate_cnf] Generating formula oc8051gm68addr with K=12
[2025-12-12 08:10:29] [run_formula] Running formula oc8051gm68addr with K=12 up to limit 1600
[2025-12-12 08:10:30] [generate_cnf] Generating formula oc8051gm68addr with K=13
[2025-12-12 08:10:30] [run_formula] Running formula oc8051gm68addr with K=13 up to limit 1600
[2025-12-12 08:10:30] [generate_cnf] Generating formula oc8051gm68addr with K=14
[2025-12-12 08:10:31] [run_formula] Running formula oc8051gm68addr with K=14 up to limit 1600
[2025-12-12 08:10:31] [generate_cnf] Generating formula oc8051gm68addr with K=15
[2025-12-12 08:10:32] [run_formula] Running formula oc8051gm68addr with K=15 up to limit 1600
[2025-12-12 08:10:32] [generate_cnf] Generating formula oc8051gm68addr with K=16
[2025-12-12 08:10:33] [run_formula] Running formula oc8051gm68addr with K=16 up to limit 1600
[2025-12-12 08:10:33] [generate_cnf] Generating formula oc8051gm68addr with K=17
[2025-12-12 08:10:34] [run_formula] Running formula oc8051gm68addr with K=17 up to limit 1600
[2025-12-12 08:10:34] [generate_cnf] Generating formula oc8051gm68addr with K=18
[2025-12-12 08:10:35] [run_formula] Running formula oc8051gm68addr with K=18 up to limit 1600
[2025-12-12 08:10:36] [generate_cnf] Generating formula oc8051gm68addr with K=19
[2025-12-12 08:10:37] [run_formula] Running formula oc8051gm68addr with K=19 up to limit 1600
[2025-12-12 08:10:38] [generate_cnf] Generating formula oc8051gm68addr with K=20
[2025-12-12 08:10:39] [run_formula] Running formula oc8051gm68addr with K=20 up to limit 1600
[2025-12-12 08:10:42] [generate_cnf] Generating formula oc8051gm68addr with K=21
[2025-12-12 08:10:43] [run_formula] Running formula oc8051gm68addr with K=21 up to limit 1600
[2025-12-12 08:10:47] [generate_cnf] Generating formula oc8051gm68addr with K=22
[2025-12-12 08:10:48] [run_formula] Running formula oc8051gm68addr with K=22 up to limit 1600
[2025-12-12 08:10:52] [generate_cnf] Generating formula oc8051gm68addr with K=23
[2025-12-12 08:10:54] [run_formula] Running formula oc8051gm68addr with K=23 up to limit 1600
[2025-12-12 08:10:59] [generate_cnf] Generating formula oc8051gm68addr with K=24
[2025-12-12 08:11:01] [run_formula] Running formula oc8051gm68addr with K=24 up to limit 1600
[2025-12-12 08:11:07] [generate_cnf] Generating formula oc8051gm68addr with K=25
[2025-12-12 08:11:08] [run_formula] Running formula oc8051gm68addr with K=25 up to limit 1600
[2025-12-12 08:11:19] [generate_cnf] Generating formula oc8051gm68addr with K=26
[2025-12-12 08:11:21] [run_formula] Running formula oc8051gm68addr with K=26 up to limit 1600
[2025-12-12 08:11:30] [generate_cnf] Generating formula oc8051gm68addr with K=27
[2025-12-12 08:11:31] [run_formula] Running formula oc8051gm68addr with K=27 up to limit 1600
[2025-12-12 08:11:45] [generate_cnf] Generating formula oc8051gm68addr with K=28
[2025-12-12 08:11:46] [run_formula] Running formula oc8051gm68addr with K=28 up to limit 1600
[2025-12-12 08:12:01] [generate_cnf] Generating formula oc8051gm68addr with K=29
[2025-12-12 08:12:01] [run_formula] Running formula oc8051gm68addr with K=29 up to limit 1600
[2025-12-12 08:12:18] [generate_cnf] Generating formula oc8051gm68addr with K=30
[2025-12-12 08:12:19] [run_formula] Running formula oc8051gm68addr with K=30 up to limit 1600
[2025-12-12 08:12:39] [generate_cnf] Generating formula oc8051gm68addr with K=31
[2025-12-12 08:12:40] [run_formula] Running formula oc8051gm68addr with K=31 up to limit 1600
[2025-12-12 08:13:02] [generate_cnf] Generating formula oc8051gm68addr with K=32
[2025-12-12 08:13:03] [run_formula] Running formula oc8051gm68addr with K=32 up to limit 1600
[2025-12-12 08:13:27] [generate_cnf] Generating formula oc8051gm68addr with K=33
[2025-12-12 08:13:29] [run_formula] Running formula oc8051gm68addr with K=33 up to limit 1600
[2025-12-12 08:14:04] [generate_cnf] Generating formula oc8051gm68addr with K=34
[2025-12-12 08:14:05] [run_formula] Running formula oc8051gm68addr with K=34 up to limit 1600
[2025-12-12 08:14:41] [generate_cnf] Generating formula oc8051gm68addr with K=35
[2025-12-12 08:14:43] [run_formula] Running formula oc8051gm68addr with K=35 up to limit 1600
[2025-12-12 08:15:20] [generate_cnf] Generating formula oc8051gm68addr with K=36
[2025-12-12 08:15:21] [run_formula] Running formula oc8051gm68addr with K=36 up to limit 1600
[2025-12-12 08:15:52] [generate_cnf] Generating formula oc8051gm68addr with K=37
[2025-12-12 08:15:53] [run_formula] Running formula oc8051gm68addr with K=37 up to limit 1600
[2025-12-12 08:16:59] [generate_cnf] Generating formula oc8051gm68addr with K=38
[2025-12-12 08:17:01] [run_formula] Running formula oc8051gm68addr with K=38 up to limit 1600
[2025-12-12 08:17:52] [generate_cnf] Generating formula oc8051gm68addr with K=39
[2025-12-12 08:17:53] [run_formula] Running formula oc8051gm68addr with K=39 up to limit 1600
[2025-12-12 08:19:00] [generate_cnf] Generating formula oc8051gm68addr with K=40
[2025-12-12 08:19:01] [run_formula] Running formula oc8051gm68addr with K=40 up to limit 1600
[2025-12-12 08:20:17] [generate_cnf] Generating formula oc8051gm68addr with K=41
[2025-12-12 08:20:18] [run_formula] Running formula oc8051gm68addr with K=41 up to limit 1600
[2025-12-12 08:21:33] [generate_cnf] Generating formula oc8051gm68addr with K=42
[2025-12-12 08:21:34] [run_formula] Running formula oc8051gm68addr with K=42 up to limit 1600
[2025-12-12 08:22:50] [generate_cnf] Generating formula oc8051gm68addr with K=43
[2025-12-12 08:22:51] [run_formula] Running formula oc8051gm68addr with K=43 up to limit 1600
[2025-12-12 08:24:12] [generate_cnf] Generating formula oc8051gm68addr with K=44
[2025-12-12 08:24:14] [run_formula] Running formula oc8051gm68addr with K=44 up to limit 1600
[2025-12-12 08:25:38] [generate_cnf] Generating formula oc8051gm68addr with K=45
[2025-12-12 08:25:40] [run_formula] Running formula oc8051gm68addr with K=45 up to limit 1600
[2025-12-12 08:26:47] [generate_cnf] Generating formula oc8051gm68addr with K=46
[2025-12-12 08:26:48] [run_formula] Running formula oc8051gm68addr with K=46 up to limit 1600
[2025-12-12 08:28:21] [run_formula] Error running formula oc8051gm68addr with K=46: [Errno 122] Disk quota exceeded: './results/solving_logs/oc8051gm68addr//oc8051gm68addr.46.log'
[2025-12-12 08:28:21] [generate_and_run_up_to_limit] Failed to run formula oc8051gm68addr with K=46, halting
