CNF written.
CNF written.
CNF written.
CNF written.
CNF written.
CNF written.
CNF written.
CNF written.
CNF written.
CNF written.
CNF written.
CNF written.
CNF written.
CNF written.
CNF written.
CNF written.
CNF written.
CNF written.
CNF written.
CNF written.
CNF written.
CNF written.
CNF written.
CNF written.
CNF written.
CNF written.
CNF written.
CNF written.
CNF written.
CNF written.
CNF written.
CNF written.
CNF written.
CNF written.
CNF written.
CNF written.
CNF written.
CNF written.
CNF written.
CNF written.
[2025-12-12 16:13:39] [generate_and_run_up_to_limit] Generating and running oc8051gm2daddr with K<=500 up to limit 1600
[2025-12-12 16:13:39] [generate_cnf] Generating formula oc8051gm2daddr with K=1
[2025-12-12 16:13:39] [run_formula] Running formula oc8051gm2daddr with K=1 up to limit 1600
[2025-12-12 16:13:39] [generate_cnf] Generating formula oc8051gm2daddr with K=2
[2025-12-12 16:13:39] [run_formula] Running formula oc8051gm2daddr with K=2 up to limit 1600
[2025-12-12 16:13:39] [generate_cnf] Generating formula oc8051gm2daddr with K=3
[2025-12-12 16:13:39] [run_formula] Running formula oc8051gm2daddr with K=3 up to limit 1600
[2025-12-12 16:13:39] [generate_cnf] Generating formula oc8051gm2daddr with K=4
[2025-12-12 16:13:39] [run_formula] Running formula oc8051gm2daddr with K=4 up to limit 1600
[2025-12-12 16:13:39] [generate_cnf] Generating formula oc8051gm2daddr with K=5
[2025-12-12 16:13:39] [run_formula] Running formula oc8051gm2daddr with K=5 up to limit 1600
[2025-12-12 16:13:39] [generate_cnf] Generating formula oc8051gm2daddr with K=6
[2025-12-12 16:13:39] [run_formula] Running formula oc8051gm2daddr with K=6 up to limit 1600
[2025-12-12 16:13:39] [generate_cnf] Generating formula oc8051gm2daddr with K=7
[2025-12-12 16:13:39] [run_formula] Running formula oc8051gm2daddr with K=7 up to limit 1600
[2025-12-12 16:13:39] [generate_cnf] Generating formula oc8051gm2daddr with K=8
[2025-12-12 16:13:39] [run_formula] Running formula oc8051gm2daddr with K=8 up to limit 1600
[2025-12-12 16:13:39] [generate_cnf] Generating formula oc8051gm2daddr with K=9
[2025-12-12 16:13:39] [run_formula] Running formula oc8051gm2daddr with K=9 up to limit 1600
[2025-12-12 16:13:39] [generate_cnf] Generating formula oc8051gm2daddr with K=10
[2025-12-12 16:13:39] [run_formula] Running formula oc8051gm2daddr with K=10 up to limit 1600
[2025-12-12 16:13:39] [generate_cnf] Generating formula oc8051gm2daddr with K=11
[2025-12-12 16:13:39] [run_formula] Running formula oc8051gm2daddr with K=11 up to limit 1600
[2025-12-12 16:13:39] [generate_cnf] Generating formula oc8051gm2daddr with K=12
[2025-12-12 16:13:39] [run_formula] Running formula oc8051gm2daddr with K=12 up to limit 1600
[2025-12-12 16:13:39] [generate_cnf] Generating formula oc8051gm2daddr with K=13
[2025-12-12 16:13:39] [run_formula] Running formula oc8051gm2daddr with K=13 up to limit 1600
[2025-12-12 16:13:39] [generate_cnf] Generating formula oc8051gm2daddr with K=14
[2025-12-12 16:13:39] [run_formula] Running formula oc8051gm2daddr with K=14 up to limit 1600
[2025-12-12 16:13:39] [generate_cnf] Generating formula oc8051gm2daddr with K=15
[2025-12-12 16:13:39] [run_formula] Running formula oc8051gm2daddr with K=15 up to limit 1600
[2025-12-12 16:13:39] [generate_cnf] Generating formula oc8051gm2daddr with K=16
[2025-12-12 16:13:39] [run_formula] Running formula oc8051gm2daddr with K=16 up to limit 1600
[2025-12-12 16:13:39] [generate_cnf] Generating formula oc8051gm2daddr with K=17
[2025-12-12 16:13:39] [run_formula] Running formula oc8051gm2daddr with K=17 up to limit 1600
[2025-12-12 16:13:39] [generate_cnf] Generating formula oc8051gm2daddr with K=18
[2025-12-12 16:13:39] [run_formula] Running formula oc8051gm2daddr with K=18 up to limit 1600
[2025-12-12 16:13:39] [generate_cnf] Generating formula oc8051gm2daddr with K=19
[2025-12-12 16:13:39] [run_formula] Running formula oc8051gm2daddr with K=19 up to limit 1600
[2025-12-12 16:13:39] [generate_cnf] Generating formula oc8051gm2daddr with K=20
[2025-12-12 16:13:39] [run_formula] Running formula oc8051gm2daddr with K=20 up to limit 1600
[2025-12-12 16:13:39] [generate_cnf] Generating formula oc8051gm2daddr with K=21
[2025-12-12 16:13:39] [run_formula] Running formula oc8051gm2daddr with K=21 up to limit 1600
[2025-12-12 16:13:39] [generate_cnf] Generating formula oc8051gm2daddr with K=22
[2025-12-12 16:13:39] [run_formula] Running formula oc8051gm2daddr with K=22 up to limit 1600
[2025-12-12 16:13:39] [generate_cnf] Generating formula oc8051gm2daddr with K=23
[2025-12-12 16:13:39] [run_formula] Running formula oc8051gm2daddr with K=23 up to limit 1600
[2025-12-12 16:13:39] [generate_cnf] Generating formula oc8051gm2daddr with K=24
[2025-12-12 16:13:39] [run_formula] Running formula oc8051gm2daddr with K=24 up to limit 1600
[2025-12-12 16:13:39] [generate_cnf] Generating formula oc8051gm2daddr with K=25
[2025-12-12 16:13:39] [run_formula] Running formula oc8051gm2daddr with K=25 up to limit 1600
[2025-12-12 16:13:39] [generate_cnf] Generating formula oc8051gm2daddr with K=26
[2025-12-12 16:13:39] [run_formula] Running formula oc8051gm2daddr with K=26 up to limit 1600
[2025-12-12 16:13:39] [generate_cnf] Generating formula oc8051gm2daddr with K=27
[2025-12-12 16:13:39] [run_formula] Running formula oc8051gm2daddr with K=27 up to limit 1600
[2025-12-12 16:13:39] [generate_cnf] Generating formula oc8051gm2daddr with K=28
[2025-12-12 16:13:39] [run_formula] Running formula oc8051gm2daddr with K=28 up to limit 1600
[2025-12-12 16:13:39] [generate_cnf] Generating formula oc8051gm2daddr with K=29
[2025-12-12 16:13:39] [run_formula] Running formula oc8051gm2daddr with K=29 up to limit 1600
[2025-12-12 16:13:39] [generate_cnf] Generating formula oc8051gm2daddr with K=30
[2025-12-12 16:13:39] [run_formula] Running formula oc8051gm2daddr with K=30 up to limit 1600
[2025-12-12 16:13:39] [generate_cnf] Generating formula oc8051gm2daddr with K=31
[2025-12-12 16:13:39] [run_formula] Running formula oc8051gm2daddr with K=31 up to limit 1600
[2025-12-12 16:13:39] [generate_cnf] Generating formula oc8051gm2daddr with K=32
[2025-12-12 16:13:39] [run_formula] Running formula oc8051gm2daddr with K=32 up to limit 1600
[2025-12-12 16:13:39] [generate_cnf] Generating formula oc8051gm2daddr with K=33
[2025-12-12 16:13:39] [run_formula] Running formula oc8051gm2daddr with K=33 up to limit 1600
[2025-12-12 16:13:39] [generate_cnf] Generating formula oc8051gm2daddr with K=34
[2025-12-12 16:13:39] [run_formula] Running formula oc8051gm2daddr with K=34 up to limit 1600
[2025-12-12 16:13:39] [generate_cnf] Generating formula oc8051gm2daddr with K=35
[2025-12-12 16:13:39] [run_formula] Running formula oc8051gm2daddr with K=35 up to limit 1600
[2025-12-12 16:13:39] [generate_cnf] Generating formula oc8051gm2daddr with K=36
[2025-12-12 16:13:39] [run_formula] Running formula oc8051gm2daddr with K=36 up to limit 1600
[2025-12-12 16:13:39] [generate_cnf] Generating formula oc8051gm2daddr with K=37
[2025-12-12 16:13:39] [run_formula] Running formula oc8051gm2daddr with K=37 up to limit 1600
[2025-12-12 16:13:39] [generate_cnf] Generating formula oc8051gm2daddr with K=38
[2025-12-12 16:13:39] [run_formula] Running formula oc8051gm2daddr with K=38 up to limit 1600
[2025-12-12 16:13:39] [generate_cnf] Generating formula oc8051gm2daddr with K=39
[2025-12-12 16:13:39] [run_formula] Running formula oc8051gm2daddr with K=39 up to limit 1600
[2025-12-12 16:13:39] [generate_cnf] Generating formula oc8051gm2daddr with K=40
[2025-12-12 16:13:39] [run_formula] Running formula oc8051gm2daddr with K=40 up to limit 1600
[2025-12-12 16:13:39] [generate_cnf] Generating formula oc8051gm2daddr with K=41
[2025-12-12 16:13:39] [run_formula] Running formula oc8051gm2daddr with K=41 up to limit 1600
[2025-12-12 16:13:39] [generate_cnf] Generating formula oc8051gm2daddr with K=42
[2025-12-12 16:13:39] [run_formula] Running formula oc8051gm2daddr with K=42 up to limit 1600
[2025-12-12 16:13:39] [generate_cnf] Generating formula oc8051gm2daddr with K=43
[2025-12-12 16:13:39] [run_formula] Running formula oc8051gm2daddr with K=43 up to limit 1600
[2025-12-12 16:13:39] [generate_cnf] Generating formula oc8051gm2daddr with K=44
[2025-12-12 16:13:39] [run_formula] Running formula oc8051gm2daddr with K=44 up to limit 1600
[2025-12-12 16:13:39] [generate_cnf] Generating formula oc8051gm2daddr with K=45
[2025-12-12 16:13:39] [run_formula] Running formula oc8051gm2daddr with K=45 up to limit 1600
[2025-12-12 16:13:39] [generate_cnf] Generating formula oc8051gm2daddr with K=46
[2025-12-12 16:13:39] [run_formula] Running formula oc8051gm2daddr with K=46 up to limit 1600
[2025-12-12 16:13:39] [generate_cnf] Generating formula oc8051gm2daddr with K=47
[2025-12-12 16:13:39] [run_formula] Running formula oc8051gm2daddr with K=47 up to limit 1600
[2025-12-12 16:13:39] [generate_cnf] Generating formula oc8051gm2daddr with K=48
[2025-12-12 16:13:39] [run_formula] Running formula oc8051gm2daddr with K=48 up to limit 1600
[2025-12-12 16:13:39] [generate_cnf] Generating formula oc8051gm2daddr with K=49
[2025-12-12 16:13:39] [run_formula] Running formula oc8051gm2daddr with K=49 up to limit 1600
[2025-12-12 16:13:39] [generate_cnf] Generating formula oc8051gm2daddr with K=50
[2025-12-12 16:13:39] [run_formula] Running formula oc8051gm2daddr with K=50 up to limit 1600
[2025-12-12 16:13:39] [generate_cnf] Generating formula oc8051gm2daddr with K=51
[2025-12-12 16:13:39] [run_formula] Running formula oc8051gm2daddr with K=51 up to limit 1600
[2025-12-12 16:13:39] [generate_cnf] Generating formula oc8051gm2daddr with K=52
[2025-12-12 16:13:39] [run_formula] Running formula oc8051gm2daddr with K=52 up to limit 1600
[2025-12-12 16:13:39] [generate_cnf] Generating formula oc8051gm2daddr with K=53
[2025-12-12 16:13:39] [run_formula] Running formula oc8051gm2daddr with K=53 up to limit 1600
[2025-12-12 16:13:39] [generate_cnf] Generating formula oc8051gm2daddr with K=54
[2025-12-12 16:13:39] [run_formula] Running formula oc8051gm2daddr with K=54 up to limit 1600
[2025-12-12 16:13:39] [generate_cnf] Generating formula oc8051gm2daddr with K=55
[2025-12-12 16:13:39] [run_formula] Running formula oc8051gm2daddr with K=55 up to limit 1600
[2025-12-12 16:13:39] [generate_cnf] Generating formula oc8051gm2daddr with K=56
[2025-12-12 16:13:39] [run_formula] Running formula oc8051gm2daddr with K=56 up to limit 1600
[2025-12-12 16:13:39] [generate_cnf] Generating formula oc8051gm2daddr with K=57
[2025-12-12 16:13:39] [run_formula] Running formula oc8051gm2daddr with K=57 up to limit 1600
[2025-12-12 16:13:39] [generate_cnf] Generating formula oc8051gm2daddr with K=58
[2025-12-12 16:13:39] [run_formula] Running formula oc8051gm2daddr with K=58 up to limit 1600
[2025-12-12 16:13:39] [generate_cnf] Generating formula oc8051gm2daddr with K=59
[2025-12-12 16:13:39] [run_formula] Running formula oc8051gm2daddr with K=59 up to limit 1600
[2025-12-12 16:13:39] [generate_cnf] Generating formula oc8051gm2daddr with K=60
[2025-12-12 16:13:39] [run_formula] Running formula oc8051gm2daddr with K=60 up to limit 1600
[2025-12-12 16:13:39] [generate_cnf] Generating formula oc8051gm2daddr with K=61
[2025-12-12 16:13:39] [run_formula] Running formula oc8051gm2daddr with K=61 up to limit 1600
[2025-12-12 16:13:39] [generate_cnf] Generating formula oc8051gm2daddr with K=62
[2025-12-12 16:13:39] [run_formula] Running formula oc8051gm2daddr with K=62 up to limit 1600
[2025-12-12 16:13:39] [generate_cnf] Generating formula oc8051gm2daddr with K=63
[2025-12-12 16:13:39] [run_formula] Running formula oc8051gm2daddr with K=63 up to limit 1600
[2025-12-12 16:13:39] [generate_cnf] Generating formula oc8051gm2daddr with K=64
[2025-12-12 16:13:39] [run_formula] Running formula oc8051gm2daddr with K=64 up to limit 1600
[2025-12-12 16:13:39] [generate_cnf] Generating formula oc8051gm2daddr with K=65
[2025-12-12 16:13:39] [run_formula] Running formula oc8051gm2daddr with K=65 up to limit 1600
[2025-12-12 16:13:39] [generate_cnf] Generating formula oc8051gm2daddr with K=66
[2025-12-12 16:13:39] [run_formula] Running formula oc8051gm2daddr with K=66 up to limit 1600
[2025-12-12 16:13:39] [generate_cnf] Generating formula oc8051gm2daddr with K=67
[2025-12-12 16:13:39] [run_formula] Running formula oc8051gm2daddr with K=67 up to limit 1600
[2025-12-12 16:13:39] [generate_cnf] Generating formula oc8051gm2daddr with K=68
[2025-12-12 16:13:39] [run_formula] Running formula oc8051gm2daddr with K=68 up to limit 1600
[2025-12-12 16:13:39] [generate_cnf] Generating formula oc8051gm2daddr with K=69
[2025-12-12 16:13:39] [run_formula] Running formula oc8051gm2daddr with K=69 up to limit 1600
[2025-12-12 16:13:39] [generate_cnf] Generating formula oc8051gm2daddr with K=70
[2025-12-12 16:13:39] [run_formula] Running formula oc8051gm2daddr with K=70 up to limit 1600
[2025-12-12 16:13:39] [generate_cnf] Generating formula oc8051gm2daddr with K=71
[2025-12-12 16:13:39] [run_formula] Running formula oc8051gm2daddr with K=71 up to limit 1600
[2025-12-12 16:13:39] [generate_cnf] Generating formula oc8051gm2daddr with K=72
[2025-12-12 16:13:39] [run_formula] Running formula oc8051gm2daddr with K=72 up to limit 1600
[2025-12-12 16:13:39] [generate_cnf] Generating formula oc8051gm2daddr with K=73
[2025-12-12 16:13:39] [run_formula] Running formula oc8051gm2daddr with K=73 up to limit 1600
[2025-12-12 16:13:39] [generate_cnf] Generating formula oc8051gm2daddr with K=74
[2025-12-12 16:13:39] [run_formula] Running formula oc8051gm2daddr with K=74 up to limit 1600
[2025-12-12 16:13:39] [generate_cnf] Generating formula oc8051gm2daddr with K=75
[2025-12-12 16:13:39] [run_formula] Running formula oc8051gm2daddr with K=75 up to limit 1600
[2025-12-12 16:13:39] [generate_cnf] Generating formula oc8051gm2daddr with K=76
[2025-12-12 16:13:39] [run_formula] Running formula oc8051gm2daddr with K=76 up to limit 1600
[2025-12-12 16:13:39] [generate_cnf] Generating formula oc8051gm2daddr with K=77
[2025-12-12 16:13:39] [run_formula] Running formula oc8051gm2daddr with K=77 up to limit 1600
[2025-12-12 16:13:39] [generate_cnf] Generating formula oc8051gm2daddr with K=78
[2025-12-12 16:13:39] [run_formula] Running formula oc8051gm2daddr with K=78 up to limit 1600
[2025-12-12 16:13:39] [generate_cnf] Generating formula oc8051gm2daddr with K=79
[2025-12-12 16:13:39] [run_formula] Running formula oc8051gm2daddr with K=79 up to limit 1600
[2025-12-12 16:13:39] [generate_cnf] Generating formula oc8051gm2daddr with K=80
[2025-12-12 16:13:39] [run_formula] Running formula oc8051gm2daddr with K=80 up to limit 1600
[2025-12-12 16:13:39] [generate_cnf] Generating formula oc8051gm2daddr with K=81
[2025-12-12 16:13:39] [run_formula] Running formula oc8051gm2daddr with K=81 up to limit 1600
[2025-12-12 16:13:39] [generate_cnf] Generating formula oc8051gm2daddr with K=82
[2025-12-12 16:13:39] [run_formula] Running formula oc8051gm2daddr with K=82 up to limit 1600
[2025-12-12 16:13:39] [generate_cnf] Generating formula oc8051gm2daddr with K=83
[2025-12-12 16:13:39] [run_formula] Running formula oc8051gm2daddr with K=83 up to limit 1600
[2025-12-12 16:13:39] [generate_cnf] Generating formula oc8051gm2daddr with K=84
[2025-12-12 16:13:39] [run_formula] Running formula oc8051gm2daddr with K=84 up to limit 1600
[2025-12-12 16:13:39] [generate_cnf] Generating formula oc8051gm2daddr with K=85
[2025-12-12 16:13:39] [run_formula] Running formula oc8051gm2daddr with K=85 up to limit 1600
[2025-12-12 16:13:39] [generate_cnf] Generating formula oc8051gm2daddr with K=86
[2025-12-12 16:13:39] [run_formula] Running formula oc8051gm2daddr with K=86 up to limit 1600
[2025-12-12 16:16:57] [generate_cnf] Generating formula oc8051gm2daddr with K=87
[2025-12-12 16:17:01] [run_formula] Running formula oc8051gm2daddr with K=87 up to limit 1600
[2025-12-12 16:19:26] [generate_cnf] Generating formula oc8051gm2daddr with K=88
[2025-12-12 16:19:28] [run_formula] Running formula oc8051gm2daddr with K=88 up to limit 1600
[2025-12-12 16:21:37] [generate_cnf] Generating formula oc8051gm2daddr with K=89
[2025-12-12 16:21:40] [run_formula] Running formula oc8051gm2daddr with K=89 up to limit 1600
[2025-12-12 16:24:25] [generate_cnf] Generating formula oc8051gm2daddr with K=90
[2025-12-12 16:24:27] [run_formula] Running formula oc8051gm2daddr with K=90 up to limit 1600
[2025-12-12 16:26:35] [generate_cnf] Generating formula oc8051gm2daddr with K=91
[2025-12-12 16:26:38] [run_formula] Running formula oc8051gm2daddr with K=91 up to limit 1600
[2025-12-12 16:29:39] [generate_cnf] Generating formula oc8051gm2daddr with K=92
[2025-12-12 16:29:43] [run_formula] Running formula oc8051gm2daddr with K=92 up to limit 1600
[2025-12-12 16:33:12] [generate_cnf] Generating formula oc8051gm2daddr with K=93
[2025-12-12 16:33:15] [run_formula] Running formula oc8051gm2daddr with K=93 up to limit 1600
[2025-12-12 16:37:08] [generate_cnf] Generating formula oc8051gm2daddr with K=94
[2025-12-12 16:37:11] [run_formula] Running formula oc8051gm2daddr with K=94 up to limit 1600
[2025-12-12 16:41:31] [generate_cnf] Generating formula oc8051gm2daddr with K=95
[2025-12-12 16:41:34] [run_formula] Running formula oc8051gm2daddr with K=95 up to limit 1600
[2025-12-12 16:44:57] [generate_cnf] Generating formula oc8051gm2daddr with K=96
[2025-12-12 16:45:00] [run_formula] Running formula oc8051gm2daddr with K=96 up to limit 1600
[2025-12-12 16:48:38] [generate_cnf] Generating formula oc8051gm2daddr with K=97
[2025-12-12 16:48:42] [run_formula] Running formula oc8051gm2daddr with K=97 up to limit 1600
[2025-12-12 16:51:33] [generate_cnf] Generating formula oc8051gm2daddr with K=98
[2025-12-12 16:51:36] [run_formula] Running formula oc8051gm2daddr with K=98 up to limit 1600
[2025-12-12 16:55:02] [generate_cnf] Generating formula oc8051gm2daddr with K=99
[2025-12-12 16:55:06] [run_formula] Running formula oc8051gm2daddr with K=99 up to limit 1600
[2025-12-12 16:57:22] [generate_cnf] Generating formula oc8051gm2daddr with K=100
[2025-12-12 16:57:24] [run_formula] Running formula oc8051gm2daddr with K=100 up to limit 1600
[2025-12-12 17:00:13] [generate_cnf] Generating formula oc8051gm2daddr with K=101
[2025-12-12 17:00:16] [run_formula] Running formula oc8051gm2daddr with K=101 up to limit 1600
[2025-12-12 17:02:12] [generate_cnf] Generating formula oc8051gm2daddr with K=102
[2025-12-12 17:02:15] [run_formula] Running formula oc8051gm2daddr with K=102 up to limit 1600
[2025-12-12 17:05:02] [generate_cnf] Generating formula oc8051gm2daddr with K=103
[2025-12-12 17:05:05] [run_formula] Running formula oc8051gm2daddr with K=103 up to limit 1600
[2025-12-12 17:07:39] [generate_cnf] Generating formula oc8051gm2daddr with K=104
[2025-12-12 17:07:42] [run_formula] Running formula oc8051gm2daddr with K=104 up to limit 1600
[2025-12-12 17:10:19] [generate_cnf] Generating formula oc8051gm2daddr with K=105
[2025-12-12 17:10:22] [run_formula] Running formula oc8051gm2daddr with K=105 up to limit 1600
[2025-12-12 17:13:41] [generate_cnf] Generating formula oc8051gm2daddr with K=106
[2025-12-12 17:13:44] [run_formula] Running formula oc8051gm2daddr with K=106 up to limit 1600
[2025-12-12 17:16:25] [generate_cnf] Generating formula oc8051gm2daddr with K=107
[2025-12-12 17:16:28] [run_formula] Running formula oc8051gm2daddr with K=107 up to limit 1600
[2025-12-12 17:18:32] [generate_cnf] Generating formula oc8051gm2daddr with K=108
[2025-12-12 17:18:35] [run_formula] Running formula oc8051gm2daddr with K=108 up to limit 1600
[2025-12-12 17:21:22] [generate_cnf] Generating formula oc8051gm2daddr with K=109
[2025-12-12 17:21:25] [run_formula] Running formula oc8051gm2daddr with K=109 up to limit 1600
[2025-12-12 17:24:03] [generate_cnf] Generating formula oc8051gm2daddr with K=110
[2025-12-12 17:24:06] [run_formula] Running formula oc8051gm2daddr with K=110 up to limit 1600
[2025-12-12 17:26:43] [generate_cnf] Generating formula oc8051gm2daddr with K=111
[2025-12-12 17:26:46] [run_formula] Running formula oc8051gm2daddr with K=111 up to limit 1600
[2025-12-12 17:29:06] [generate_cnf] Generating formula oc8051gm2daddr with K=112
[2025-12-12 17:29:09] [run_formula] Running formula oc8051gm2daddr with K=112 up to limit 1600
[2025-12-12 17:32:08] [generate_cnf] Generating formula oc8051gm2daddr with K=113
[2025-12-12 17:32:11] [run_formula] Running formula oc8051gm2daddr with K=113 up to limit 1600
[2025-12-12 17:34:58] [generate_cnf] Generating formula oc8051gm2daddr with K=114
[2025-12-12 17:35:02] [run_formula] Running formula oc8051gm2daddr with K=114 up to limit 1600
[2025-12-12 17:37:02] [generate_cnf] Generating formula oc8051gm2daddr with K=115
[2025-12-12 17:37:05] [run_formula] Running formula oc8051gm2daddr with K=115 up to limit 1600
[2025-12-12 17:40:54] [generate_cnf] Generating formula oc8051gm2daddr with K=116
[2025-12-12 17:40:57] [run_formula] Running formula oc8051gm2daddr with K=116 up to limit 1600
[2025-12-12 17:43:34] [generate_cnf] Generating formula oc8051gm2daddr with K=117
[2025-12-12 17:43:37] [run_formula] Running formula oc8051gm2daddr with K=117 up to limit 1600
[2025-12-12 17:46:24] [generate_cnf] Generating formula oc8051gm2daddr with K=118
[2025-12-12 17:46:27] [run_formula] Running formula oc8051gm2daddr with K=118 up to limit 1600
[2025-12-12 17:50:11] [generate_cnf] Generating formula oc8051gm2daddr with K=119
[2025-12-12 17:50:14] [run_formula] Running formula oc8051gm2daddr with K=119 up to limit 1600
[2025-12-12 17:52:50] [generate_cnf] Generating formula oc8051gm2daddr with K=120
[2025-12-12 17:52:53] [run_formula] Running formula oc8051gm2daddr with K=120 up to limit 1600
[2025-12-12 17:55:50] [generate_cnf] Generating formula oc8051gm2daddr with K=121
[2025-12-12 17:55:53] [run_formula] Running formula oc8051gm2daddr with K=121 up to limit 1600
[2025-12-12 17:55:53] [generate_cnf] Generating formula oc8051gm2daddr with K=122
[2025-12-12 17:55:56] [run_formula] Running formula oc8051gm2daddr with K=122 up to limit 1600
[2025-12-12 17:55:56] [generate_cnf] Generating formula oc8051gm2daddr with K=123
[2025-12-12 17:55:58] [run_formula] Running formula oc8051gm2daddr with K=123 up to limit 1600
[2025-12-12 17:55:58] [generate_cnf] Generating formula oc8051gm2daddr with K=124
[2025-12-12 17:56:00] [run_formula] Running formula oc8051gm2daddr with K=124 up to limit 1600
[2025-12-12 17:56:00] [generate_cnf] Generating formula oc8051gm2daddr with K=125
[2025-12-12 17:56:02] [run_formula] Running formula oc8051gm2daddr with K=125 up to limit 1600
[2025-12-12 17:56:02] [generate_cnf] Generating formula oc8051gm2daddr with K=126
[2025-12-12 17:56:05] [run_formula] Running formula oc8051gm2daddr with K=126 up to limit 1600
[2025-12-12 17:56:05] [run_formula] Error running formula oc8051gm2daddr with K=126: [Errno 122] Disk quota exceeded
[2025-12-12 17:56:05] [generate_and_run_up_to_limit] Failed to run formula oc8051gm2daddr with K=126, halting
