CNF written.
CNF written.
CNF written.
CNF written.
CNF written.
CNF written.
CNF written.
CNF written.
CNF written.
CNF written.
CNF written.
CNF written.
CNF written.
CNF written.
CNF written.
CNF written.
CNF written.
CNF written.
CNF written.
CNF written.
CNF written.
CNF written.
CNF written.
CNF written.
CNF written.
CNF written.
CNF written.
CNF written.
CNF written.
CNF written.
CNF written.
CNF written.
CNF written.
CNF written.
CNF written.
CNF written.
CNF written.
CNF written.
CNF written.
CNF written.
CNF written.
CNF written.
CNF written.
CNF written.
CNF written.
CNF written.
CNF written.
CNF written.
CNF written.
CNF written.
CNF written.
CNF written.
CNF written.
CNF written.
CNF written.
CNF written.
CNF written.
CNF written.
CNF written.
CNF written.
CNF written.
CNF written.
CNF written.
CNF written.
CNF written.
CNF written.
CNF written.
CNF written.
CNF written.
CNF written.
CNF written.
CNF written.
CNF written.
CNF written.
CNF written.
CNF written.
CNF written.
[2025-12-12 07:10:28] [generate_and_run_up_to_limit] Generating and running oc8051gm15addr with K<=500 up to limit 1600
[2025-12-12 07:10:28] [generate_cnf] Generating formula oc8051gm15addr with K=1
[2025-12-12 07:10:28] [run_formula] Running formula oc8051gm15addr with K=1 up to limit 1600
[2025-12-12 07:10:28] [generate_cnf] Generating formula oc8051gm15addr with K=2
[2025-12-12 07:10:29] [run_formula] Running formula oc8051gm15addr with K=2 up to limit 1600
[2025-12-12 07:10:29] [generate_cnf] Generating formula oc8051gm15addr with K=3
[2025-12-12 07:10:29] [run_formula] Running formula oc8051gm15addr with K=3 up to limit 1600
[2025-12-12 07:10:29] [generate_cnf] Generating formula oc8051gm15addr with K=4
[2025-12-12 07:10:29] [run_formula] Running formula oc8051gm15addr with K=4 up to limit 1600
[2025-12-12 07:10:29] [generate_cnf] Generating formula oc8051gm15addr with K=5
[2025-12-12 07:10:29] [run_formula] Running formula oc8051gm15addr with K=5 up to limit 1600
[2025-12-12 07:10:29] [generate_cnf] Generating formula oc8051gm15addr with K=6
[2025-12-12 07:10:30] [run_formula] Running formula oc8051gm15addr with K=6 up to limit 1600
[2025-12-12 07:10:30] [generate_cnf] Generating formula oc8051gm15addr with K=7
[2025-12-12 07:10:30] [run_formula] Running formula oc8051gm15addr with K=7 up to limit 1600
[2025-12-12 07:10:30] [generate_cnf] Generating formula oc8051gm15addr with K=8
[2025-12-12 07:10:30] [run_formula] Running formula oc8051gm15addr with K=8 up to limit 1600
[2025-12-12 07:10:30] [generate_cnf] Generating formula oc8051gm15addr with K=9
[2025-12-12 07:10:31] [run_formula] Running formula oc8051gm15addr with K=9 up to limit 1600
[2025-12-12 07:10:31] [generate_cnf] Generating formula oc8051gm15addr with K=10
[2025-12-12 07:10:31] [run_formula] Running formula oc8051gm15addr with K=10 up to limit 1600
[2025-12-12 07:10:31] [generate_cnf] Generating formula oc8051gm15addr with K=11
[2025-12-12 07:10:32] [run_formula] Running formula oc8051gm15addr with K=11 up to limit 1600
[2025-12-12 07:10:32] [generate_cnf] Generating formula oc8051gm15addr with K=12
[2025-12-12 07:10:32] [run_formula] Running formula oc8051gm15addr with K=12 up to limit 1600
[2025-12-12 07:10:32] [generate_cnf] Generating formula oc8051gm15addr with K=13
[2025-12-12 07:10:33] [run_formula] Running formula oc8051gm15addr with K=13 up to limit 1600
[2025-12-12 07:10:33] [generate_cnf] Generating formula oc8051gm15addr with K=14
[2025-12-12 07:10:33] [run_formula] Running formula oc8051gm15addr with K=14 up to limit 1600
[2025-12-12 07:10:34] [generate_cnf] Generating formula oc8051gm15addr with K=15
[2025-12-12 07:10:34] [run_formula] Running formula oc8051gm15addr with K=15 up to limit 1600
[2025-12-12 07:10:34] [generate_cnf] Generating formula oc8051gm15addr with K=16
[2025-12-12 07:10:35] [run_formula] Running formula oc8051gm15addr with K=16 up to limit 1600
[2025-12-12 07:10:35] [generate_cnf] Generating formula oc8051gm15addr with K=17
[2025-12-12 07:10:36] [run_formula] Running formula oc8051gm15addr with K=17 up to limit 1600
[2025-12-12 07:10:36] [generate_cnf] Generating formula oc8051gm15addr with K=18
[2025-12-12 07:10:37] [run_formula] Running formula oc8051gm15addr with K=18 up to limit 1600
[2025-12-12 07:10:37] [generate_cnf] Generating formula oc8051gm15addr with K=19
[2025-12-12 07:10:38] [run_formula] Running formula oc8051gm15addr with K=19 up to limit 1600
[2025-12-12 07:10:39] [generate_cnf] Generating formula oc8051gm15addr with K=20
[2025-12-12 07:10:39] [run_formula] Running formula oc8051gm15addr with K=20 up to limit 1600
[2025-12-12 07:10:42] [generate_cnf] Generating formula oc8051gm15addr with K=21
[2025-12-12 07:10:42] [run_formula] Running formula oc8051gm15addr with K=21 up to limit 1600
[2025-12-12 07:10:45] [generate_cnf] Generating formula oc8051gm15addr with K=22
[2025-12-12 07:10:46] [run_formula] Running formula oc8051gm15addr with K=22 up to limit 1600
[2025-12-12 07:10:50] [generate_cnf] Generating formula oc8051gm15addr with K=23
[2025-12-12 07:10:51] [run_formula] Running formula oc8051gm15addr with K=23 up to limit 1600
[2025-12-12 07:10:55] [generate_cnf] Generating formula oc8051gm15addr with K=24
[2025-12-12 07:10:56] [run_formula] Running formula oc8051gm15addr with K=24 up to limit 1600
[2025-12-12 07:11:02] [generate_cnf] Generating formula oc8051gm15addr with K=25
[2025-12-12 07:11:03] [run_formula] Running formula oc8051gm15addr with K=25 up to limit 1600
[2025-12-12 07:11:08] [generate_cnf] Generating formula oc8051gm15addr with K=26
[2025-12-12 07:11:09] [run_formula] Running formula oc8051gm15addr with K=26 up to limit 1600
[2025-12-12 07:11:16] [generate_cnf] Generating formula oc8051gm15addr with K=27
[2025-12-12 07:11:17] [run_formula] Running formula oc8051gm15addr with K=27 up to limit 1600
[2025-12-12 07:11:27] [generate_cnf] Generating formula oc8051gm15addr with K=28
[2025-12-12 07:11:28] [run_formula] Running formula oc8051gm15addr with K=28 up to limit 1600
[2025-12-12 07:11:42] [generate_cnf] Generating formula oc8051gm15addr with K=29
[2025-12-12 07:11:43] [run_formula] Running formula oc8051gm15addr with K=29 up to limit 1600
[2025-12-12 07:11:58] [generate_cnf] Generating formula oc8051gm15addr with K=30
[2025-12-12 07:11:59] [run_formula] Running formula oc8051gm15addr with K=30 up to limit 1600
[2025-12-12 07:12:17] [generate_cnf] Generating formula oc8051gm15addr with K=31
[2025-12-12 07:12:18] [run_formula] Running formula oc8051gm15addr with K=31 up to limit 1600
[2025-12-12 07:12:35] [generate_cnf] Generating formula oc8051gm15addr with K=32
[2025-12-12 07:12:36] [run_formula] Running formula oc8051gm15addr with K=32 up to limit 1600
[2025-12-12 07:12:59] [generate_cnf] Generating formula oc8051gm15addr with K=33
[2025-12-12 07:13:00] [run_formula] Running formula oc8051gm15addr with K=33 up to limit 1600
[2025-12-12 07:13:35] [generate_cnf] Generating formula oc8051gm15addr with K=34
[2025-12-12 07:13:36] [run_formula] Running formula oc8051gm15addr with K=34 up to limit 1600
[2025-12-12 07:14:03] [generate_cnf] Generating formula oc8051gm15addr with K=35
[2025-12-12 07:14:04] [run_formula] Running formula oc8051gm15addr with K=35 up to limit 1600
[2025-12-12 07:14:36] [generate_cnf] Generating formula oc8051gm15addr with K=36
[2025-12-12 07:14:37] [run_formula] Running formula oc8051gm15addr with K=36 up to limit 1600
[2025-12-12 07:15:21] [generate_cnf] Generating formula oc8051gm15addr with K=37
[2025-12-12 07:15:22] [run_formula] Running formula oc8051gm15addr with K=37 up to limit 1600
[2025-12-12 07:16:02] [generate_cnf] Generating formula oc8051gm15addr with K=38
[2025-12-12 07:16:03] [run_formula] Running formula oc8051gm15addr with K=38 up to limit 1600
[2025-12-12 07:16:42] [generate_cnf] Generating formula oc8051gm15addr with K=39
[2025-12-12 07:16:44] [run_formula] Running formula oc8051gm15addr with K=39 up to limit 1600
[2025-12-12 07:17:36] [generate_cnf] Generating formula oc8051gm15addr with K=40
[2025-12-12 07:17:38] [run_formula] Running formula oc8051gm15addr with K=40 up to limit 1600
[2025-12-12 07:18:33] [generate_cnf] Generating formula oc8051gm15addr with K=41
[2025-12-12 07:18:34] [run_formula] Running formula oc8051gm15addr with K=41 up to limit 1600
[2025-12-12 07:19:48] [generate_cnf] Generating formula oc8051gm15addr with K=42
[2025-12-12 07:19:49] [run_formula] Running formula oc8051gm15addr with K=42 up to limit 1600
[2025-12-12 07:20:59] [generate_cnf] Generating formula oc8051gm15addr with K=43
[2025-12-12 07:21:01] [run_formula] Running formula oc8051gm15addr with K=43 up to limit 1600
[2025-12-12 07:22:09] [generate_cnf] Generating formula oc8051gm15addr with K=44
[2025-12-12 07:22:10] [run_formula] Running formula oc8051gm15addr with K=44 up to limit 1600
[2025-12-12 07:23:31] [generate_cnf] Generating formula oc8051gm15addr with K=45
[2025-12-12 07:23:32] [run_formula] Running formula oc8051gm15addr with K=45 up to limit 1600
[2025-12-12 07:24:55] [generate_cnf] Generating formula oc8051gm15addr with K=46
[2025-12-12 07:24:56] [run_formula] Running formula oc8051gm15addr with K=46 up to limit 1600
[2025-12-12 07:26:23] [generate_cnf] Generating formula oc8051gm15addr with K=47
[2025-12-12 07:26:25] [run_formula] Running formula oc8051gm15addr with K=47 up to limit 1600
[2025-12-12 07:27:30] [generate_cnf] Generating formula oc8051gm15addr with K=48
[2025-12-12 07:27:32] [run_formula] Running formula oc8051gm15addr with K=48 up to limit 1600
[2025-12-12 07:28:58] [generate_cnf] Generating formula oc8051gm15addr with K=49
[2025-12-12 07:28:59] [run_formula] Running formula oc8051gm15addr with K=49 up to limit 1600
[2025-12-12 07:30:26] [generate_cnf] Generating formula oc8051gm15addr with K=50
[2025-12-12 07:30:28] [run_formula] Running formula oc8051gm15addr with K=50 up to limit 1600
[2025-12-12 07:32:05] [generate_cnf] Generating formula oc8051gm15addr with K=51
[2025-12-12 07:32:07] [run_formula] Running formula oc8051gm15addr with K=51 up to limit 1600
[2025-12-12 07:33:39] [generate_cnf] Generating formula oc8051gm15addr with K=52
[2025-12-12 07:33:41] [run_formula] Running formula oc8051gm15addr with K=52 up to limit 1600
[2025-12-12 07:35:24] [generate_cnf] Generating formula oc8051gm15addr with K=53
[2025-12-12 07:35:25] [run_formula] Running formula oc8051gm15addr with K=53 up to limit 1600
[2025-12-12 07:37:03] [generate_cnf] Generating formula oc8051gm15addr with K=54
[2025-12-12 07:37:05] [run_formula] Running formula oc8051gm15addr with K=54 up to limit 1600
[2025-12-12 07:38:38] [generate_cnf] Generating formula oc8051gm15addr with K=55
[2025-12-12 07:38:39] [run_formula] Running formula oc8051gm15addr with K=55 up to limit 1600
[2025-12-12 07:40:11] [generate_cnf] Generating formula oc8051gm15addr with K=56
[2025-12-12 07:40:13] [run_formula] Running formula oc8051gm15addr with K=56 up to limit 1600
[2025-12-12 07:41:56] [generate_cnf] Generating formula oc8051gm15addr with K=57
[2025-12-12 07:41:58] [run_formula] Running formula oc8051gm15addr with K=57 up to limit 1600
[2025-12-12 07:43:42] [generate_cnf] Generating formula oc8051gm15addr with K=58
[2025-12-12 07:43:44] [run_formula] Running formula oc8051gm15addr with K=58 up to limit 1600
[2025-12-12 07:45:47] [generate_cnf] Generating formula oc8051gm15addr with K=59
[2025-12-12 07:45:48] [run_formula] Running formula oc8051gm15addr with K=59 up to limit 1600
[2025-12-12 07:47:26] [generate_cnf] Generating formula oc8051gm15addr with K=60
[2025-12-12 07:47:28] [run_formula] Running formula oc8051gm15addr with K=60 up to limit 1600
[2025-12-12 07:49:11] [generate_cnf] Generating formula oc8051gm15addr with K=61
[2025-12-12 07:49:13] [run_formula] Running formula oc8051gm15addr with K=61 up to limit 1600
[2025-12-12 07:51:02] [generate_cnf] Generating formula oc8051gm15addr with K=62
[2025-12-12 07:51:04] [run_formula] Running formula oc8051gm15addr with K=62 up to limit 1600
[2025-12-12 07:52:50] [generate_cnf] Generating formula oc8051gm15addr with K=63
[2025-12-12 07:52:52] [run_formula] Running formula oc8051gm15addr with K=63 up to limit 1600
[2025-12-12 07:54:34] [generate_cnf] Generating formula oc8051gm15addr with K=64
[2025-12-12 07:54:36] [run_formula] Running formula oc8051gm15addr with K=64 up to limit 1600
[2025-12-12 07:56:24] [generate_cnf] Generating formula oc8051gm15addr with K=65
[2025-12-12 07:56:26] [run_formula] Running formula oc8051gm15addr with K=65 up to limit 1600
[2025-12-12 07:58:04] [generate_cnf] Generating formula oc8051gm15addr with K=66
[2025-12-12 07:58:06] [run_formula] Running formula oc8051gm15addr with K=66 up to limit 1600
[2025-12-12 07:59:42] [generate_cnf] Generating formula oc8051gm15addr with K=67
[2025-12-12 07:59:44] [run_formula] Running formula oc8051gm15addr with K=67 up to limit 1600
[2025-12-12 08:01:17] [generate_cnf] Generating formula oc8051gm15addr with K=68
[2025-12-12 08:01:20] [run_formula] Running formula oc8051gm15addr with K=68 up to limit 1600
[2025-12-12 08:03:09] [generate_cnf] Generating formula oc8051gm15addr with K=69
[2025-12-12 08:03:11] [run_formula] Running formula oc8051gm15addr with K=69 up to limit 1600
[2025-12-12 08:04:54] [generate_cnf] Generating formula oc8051gm15addr with K=70
[2025-12-12 08:04:57] [run_formula] Running formula oc8051gm15addr with K=70 up to limit 1600
[2025-12-12 08:06:49] [generate_cnf] Generating formula oc8051gm15addr with K=71
[2025-12-12 08:06:51] [run_formula] Running formula oc8051gm15addr with K=71 up to limit 1600
[2025-12-12 08:09:13] [generate_cnf] Generating formula oc8051gm15addr with K=72
[2025-12-12 08:09:16] [run_formula] Running formula oc8051gm15addr with K=72 up to limit 1600
[2025-12-12 08:11:14] [generate_cnf] Generating formula oc8051gm15addr with K=73
[2025-12-12 08:11:16] [run_formula] Running formula oc8051gm15addr with K=73 up to limit 1600
[2025-12-12 08:13:41] [generate_cnf] Generating formula oc8051gm15addr with K=74
[2025-12-12 08:13:43] [run_formula] Running formula oc8051gm15addr with K=74 up to limit 1600
[2025-12-12 08:16:35] [generate_cnf] Generating formula oc8051gm15addr with K=75
[2025-12-12 08:16:38] [run_formula] Running formula oc8051gm15addr with K=75 up to limit 1600
[2025-12-12 08:21:13] [generate_cnf] Generating formula oc8051gm15addr with K=76
[2025-12-12 08:21:16] [run_formula] Running formula oc8051gm15addr with K=76 up to limit 1600
[2025-12-12 08:25:12] [generate_cnf] Generating formula oc8051gm15addr with K=77
[2025-12-12 08:25:15] [run_formula] Running formula oc8051gm15addr with K=77 up to limit 1600
[2025-12-12 08:29:22] [run_formula] Error running formula oc8051gm15addr with K=77: [Errno 122] Disk quota exceeded: './results/solving_logs/oc8051gm15addr//oc8051gm15addr.77.log'
[2025-12-12 08:29:22] [generate_and_run_up_to_limit] Failed to run formula oc8051gm15addr with K=77, halting
