CNF written.
CNF written.
CNF written.
CNF written.
CNF written.
CNF written.
CNF written.
CNF written.
CNF written.
CNF written.
CNF written.
CNF written.
CNF written.
CNF written.
CNF written.
CNF written.
CNF written.
CNF written.
CNF written.
CNF written.
CNF written.
CNF written.
CNF written.
CNF written.
CNF written.
CNF written.
CNF written.
CNF written.
CNF written.
CNF written.
CNF written.
CNF written.
CNF written.
CNF written.
CNF written.
CNF written.
CNF written.
CNF written.
CNF written.
CNF written.
CNF written.
CNF written.
CNF written.
CNF written.
CNF written.
CNF written.
CNF written.
CNF written.
CNF written.
CNF written.
CNF written.
CNF written.
CNF written.
CNF written.
CNF written.
CNF written.
CNF written.
CNF written.
CNF written.
CNF written.
CNF written.
CNF written.
CNF written.
[2025-12-12 07:10:28] [generate_and_run_up_to_limit] Generating and running oc8051gmc5addr with K<=500 up to limit 1600
[2025-12-12 07:10:28] [generate_cnf] Generating formula oc8051gmc5addr with K=1
[2025-12-12 07:10:29] [run_formula] Running formula oc8051gmc5addr with K=1 up to limit 1600
[2025-12-12 07:10:29] [generate_cnf] Generating formula oc8051gmc5addr with K=2
[2025-12-12 07:10:29] [run_formula] Running formula oc8051gmc5addr with K=2 up to limit 1600
[2025-12-12 07:10:29] [generate_cnf] Generating formula oc8051gmc5addr with K=3
[2025-12-12 07:10:29] [run_formula] Running formula oc8051gmc5addr with K=3 up to limit 1600
[2025-12-12 07:10:29] [generate_cnf] Generating formula oc8051gmc5addr with K=4
[2025-12-12 07:10:29] [run_formula] Running formula oc8051gmc5addr with K=4 up to limit 1600
[2025-12-12 07:10:29] [generate_cnf] Generating formula oc8051gmc5addr with K=5
[2025-12-12 07:10:30] [run_formula] Running formula oc8051gmc5addr with K=5 up to limit 1600
[2025-12-12 07:10:30] [generate_cnf] Generating formula oc8051gmc5addr with K=6
[2025-12-12 07:10:30] [run_formula] Running formula oc8051gmc5addr with K=6 up to limit 1600
[2025-12-12 07:10:30] [generate_cnf] Generating formula oc8051gmc5addr with K=7
[2025-12-12 07:10:30] [run_formula] Running formula oc8051gmc5addr with K=7 up to limit 1600
[2025-12-12 07:10:30] [generate_cnf] Generating formula oc8051gmc5addr with K=8
[2025-12-12 07:10:31] [run_formula] Running formula oc8051gmc5addr with K=8 up to limit 1600
[2025-12-12 07:10:31] [generate_cnf] Generating formula oc8051gmc5addr with K=9
[2025-12-12 07:10:31] [run_formula] Running formula oc8051gmc5addr with K=9 up to limit 1600
[2025-12-12 07:10:31] [generate_cnf] Generating formula oc8051gmc5addr with K=10
[2025-12-12 07:10:32] [run_formula] Running formula oc8051gmc5addr with K=10 up to limit 1600
[2025-12-12 07:10:32] [generate_cnf] Generating formula oc8051gmc5addr with K=11
[2025-12-12 07:10:32] [run_formula] Running formula oc8051gmc5addr with K=11 up to limit 1600
[2025-12-12 07:10:32] [generate_cnf] Generating formula oc8051gmc5addr with K=12
[2025-12-12 07:10:33] [run_formula] Running formula oc8051gmc5addr with K=12 up to limit 1600
[2025-12-12 07:10:33] [generate_cnf] Generating formula oc8051gmc5addr with K=13
[2025-12-12 07:10:33] [run_formula] Running formula oc8051gmc5addr with K=13 up to limit 1600
[2025-12-12 07:10:34] [generate_cnf] Generating formula oc8051gmc5addr with K=14
[2025-12-12 07:10:34] [run_formula] Running formula oc8051gmc5addr with K=14 up to limit 1600
[2025-12-12 07:10:34] [generate_cnf] Generating formula oc8051gmc5addr with K=15
[2025-12-12 07:10:35] [run_formula] Running formula oc8051gmc5addr with K=15 up to limit 1600
[2025-12-12 07:10:35] [generate_cnf] Generating formula oc8051gmc5addr with K=16
[2025-12-12 07:10:36] [run_formula] Running formula oc8051gmc5addr with K=16 up to limit 1600
[2025-12-12 07:10:36] [generate_cnf] Generating formula oc8051gmc5addr with K=17
[2025-12-12 07:10:37] [run_formula] Running formula oc8051gmc5addr with K=17 up to limit 1600
[2025-12-12 07:10:37] [generate_cnf] Generating formula oc8051gmc5addr with K=18
[2025-12-12 07:10:38] [run_formula] Running formula oc8051gmc5addr with K=18 up to limit 1600
[2025-12-12 07:10:39] [generate_cnf] Generating formula oc8051gmc5addr with K=19
[2025-12-12 07:10:39] [run_formula] Running formula oc8051gmc5addr with K=19 up to limit 1600
[2025-12-12 07:10:41] [generate_cnf] Generating formula oc8051gmc5addr with K=20
[2025-12-12 07:10:41] [run_formula] Running formula oc8051gmc5addr with K=20 up to limit 1600
[2025-12-12 07:10:44] [generate_cnf] Generating formula oc8051gmc5addr with K=21
[2025-12-12 07:10:45] [run_formula] Running formula oc8051gmc5addr with K=21 up to limit 1600
[2025-12-12 07:10:49] [generate_cnf] Generating formula oc8051gmc5addr with K=22
[2025-12-12 07:10:50] [run_formula] Running formula oc8051gmc5addr with K=22 up to limit 1600
[2025-12-12 07:10:55] [generate_cnf] Generating formula oc8051gmc5addr with K=23
[2025-12-12 07:10:56] [run_formula] Running formula oc8051gmc5addr with K=23 up to limit 1600
[2025-12-12 07:11:03] [generate_cnf] Generating formula oc8051gmc5addr with K=24
[2025-12-12 07:11:04] [run_formula] Running formula oc8051gmc5addr with K=24 up to limit 1600
[2025-12-12 07:11:12] [generate_cnf] Generating formula oc8051gmc5addr with K=25
[2025-12-12 07:11:13] [run_formula] Running formula oc8051gmc5addr with K=25 up to limit 1600
[2025-12-12 07:11:28] [generate_cnf] Generating formula oc8051gmc5addr with K=26
[2025-12-12 07:11:29] [run_formula] Running formula oc8051gmc5addr with K=26 up to limit 1600
[2025-12-12 07:11:40] [generate_cnf] Generating formula oc8051gmc5addr with K=27
[2025-12-12 07:11:42] [run_formula] Running formula oc8051gmc5addr with K=27 up to limit 1600
[2025-12-12 07:11:58] [generate_cnf] Generating formula oc8051gmc5addr with K=28
[2025-12-12 07:11:59] [run_formula] Running formula oc8051gmc5addr with K=28 up to limit 1600
[2025-12-12 07:12:20] [generate_cnf] Generating formula oc8051gmc5addr with K=29
[2025-12-12 07:12:21] [run_formula] Running formula oc8051gmc5addr with K=29 up to limit 1600
[2025-12-12 07:12:44] [generate_cnf] Generating formula oc8051gmc5addr with K=30
[2025-12-12 07:12:45] [run_formula] Running formula oc8051gmc5addr with K=30 up to limit 1600
[2025-12-12 07:13:15] [generate_cnf] Generating formula oc8051gmc5addr with K=31
[2025-12-12 07:13:16] [run_formula] Running formula oc8051gmc5addr with K=31 up to limit 1600
[2025-12-12 07:13:48] [generate_cnf] Generating formula oc8051gmc5addr with K=32
[2025-12-12 07:13:49] [run_formula] Running formula oc8051gmc5addr with K=32 up to limit 1600
[2025-12-12 07:14:27] [generate_cnf] Generating formula oc8051gmc5addr with K=33
[2025-12-12 07:14:28] [run_formula] Running formula oc8051gmc5addr with K=33 up to limit 1600
[2025-12-12 07:15:20] [generate_cnf] Generating formula oc8051gmc5addr with K=34
[2025-12-12 07:15:21] [run_formula] Running formula oc8051gmc5addr with K=34 up to limit 1600
[2025-12-12 07:16:16] [generate_cnf] Generating formula oc8051gmc5addr with K=35
[2025-12-12 07:16:17] [run_formula] Running formula oc8051gmc5addr with K=35 up to limit 1600
[2025-12-12 07:17:19] [generate_cnf] Generating formula oc8051gmc5addr with K=36
[2025-12-12 07:17:21] [run_formula] Running formula oc8051gmc5addr with K=36 up to limit 1600
[2025-12-12 07:18:20] [generate_cnf] Generating formula oc8051gmc5addr with K=37
[2025-12-12 07:18:21] [run_formula] Running formula oc8051gmc5addr with K=37 up to limit 1600
[2025-12-12 07:19:38] [generate_cnf] Generating formula oc8051gmc5addr with K=38
[2025-12-12 07:19:40] [run_formula] Running formula oc8051gmc5addr with K=38 up to limit 1600
[2025-12-12 07:20:55] [generate_cnf] Generating formula oc8051gmc5addr with K=39
[2025-12-12 07:20:56] [run_formula] Running formula oc8051gmc5addr with K=39 up to limit 1600
[2025-12-12 07:22:19] [generate_cnf] Generating formula oc8051gmc5addr with K=40
[2025-12-12 07:22:20] [run_formula] Running formula oc8051gmc5addr with K=40 up to limit 1600
[2025-12-12 07:23:39] [generate_cnf] Generating formula oc8051gmc5addr with K=41
[2025-12-12 07:23:40] [run_formula] Running formula oc8051gmc5addr with K=41 up to limit 1600
[2025-12-12 07:25:24] [generate_cnf] Generating formula oc8051gmc5addr with K=42
[2025-12-12 07:25:26] [run_formula] Running formula oc8051gmc5addr with K=42 up to limit 1600
[2025-12-12 07:27:41] [generate_cnf] Generating formula oc8051gmc5addr with K=43
[2025-12-12 07:27:43] [run_formula] Running formula oc8051gmc5addr with K=43 up to limit 1600
[2025-12-12 07:29:52] [generate_cnf] Generating formula oc8051gmc5addr with K=44
[2025-12-12 07:29:54] [run_formula] Running formula oc8051gmc5addr with K=44 up to limit 1600
[2025-12-12 07:31:57] [generate_cnf] Generating formula oc8051gmc5addr with K=45
[2025-12-12 07:31:58] [run_formula] Running formula oc8051gmc5addr with K=45 up to limit 1600
[2025-12-12 07:34:04] [generate_cnf] Generating formula oc8051gmc5addr with K=46
[2025-12-12 07:34:06] [run_formula] Running formula oc8051gmc5addr with K=46 up to limit 1600
[2025-12-12 07:36:35] [generate_cnf] Generating formula oc8051gmc5addr with K=47
[2025-12-12 07:36:37] [run_formula] Running formula oc8051gmc5addr with K=47 up to limit 1600
[2025-12-12 07:39:46] [generate_cnf] Generating formula oc8051gmc5addr with K=48
[2025-12-12 07:39:48] [run_formula] Running formula oc8051gmc5addr with K=48 up to limit 1600
[2025-12-12 07:42:42] [generate_cnf] Generating formula oc8051gmc5addr with K=49
[2025-12-12 07:42:43] [run_formula] Running formula oc8051gmc5addr with K=49 up to limit 1600
[2025-12-12 07:45:40] [generate_cnf] Generating formula oc8051gmc5addr with K=50
[2025-12-12 07:45:41] [run_formula] Running formula oc8051gmc5addr with K=50 up to limit 1600
[2025-12-12 07:48:54] [generate_cnf] Generating formula oc8051gmc5addr with K=51
[2025-12-12 07:48:56] [run_formula] Running formula oc8051gmc5addr with K=51 up to limit 1600
[2025-12-12 07:51:29] [generate_cnf] Generating formula oc8051gmc5addr with K=52
[2025-12-12 07:51:31] [run_formula] Running formula oc8051gmc5addr with K=52 up to limit 1600
[2025-12-12 07:54:42] [generate_cnf] Generating formula oc8051gmc5addr with K=53
[2025-12-12 07:54:44] [run_formula] Running formula oc8051gmc5addr with K=53 up to limit 1600
[2025-12-12 07:57:46] [generate_cnf] Generating formula oc8051gmc5addr with K=54
[2025-12-12 07:57:48] [run_formula] Running formula oc8051gmc5addr with K=54 up to limit 1600
[2025-12-12 08:01:17] [generate_cnf] Generating formula oc8051gmc5addr with K=55
[2025-12-12 08:01:19] [run_formula] Running formula oc8051gmc5addr with K=55 up to limit 1600
[2025-12-12 08:04:38] [generate_cnf] Generating formula oc8051gmc5addr with K=56
[2025-12-12 08:04:40] [run_formula] Running formula oc8051gmc5addr with K=56 up to limit 1600
[2025-12-12 08:07:53] [generate_cnf] Generating formula oc8051gmc5addr with K=57
[2025-12-12 08:07:56] [run_formula] Running formula oc8051gmc5addr with K=57 up to limit 1600
[2025-12-12 08:11:17] [generate_cnf] Generating formula oc8051gmc5addr with K=58
[2025-12-12 08:11:19] [run_formula] Running formula oc8051gmc5addr with K=58 up to limit 1600
[2025-12-12 08:14:26] [generate_cnf] Generating formula oc8051gmc5addr with K=59
[2025-12-12 08:14:28] [run_formula] Running formula oc8051gmc5addr with K=59 up to limit 1600
[2025-12-12 08:17:52] [generate_cnf] Generating formula oc8051gmc5addr with K=60
[2025-12-12 08:17:54] [run_formula] Running formula oc8051gmc5addr with K=60 up to limit 1600
[2025-12-12 08:21:03] [generate_cnf] Generating formula oc8051gmc5addr with K=61
[2025-12-12 08:21:06] [run_formula] Running formula oc8051gmc5addr with K=61 up to limit 1600
[2025-12-12 08:24:51] [generate_cnf] Generating formula oc8051gmc5addr with K=62
[2025-12-12 08:24:53] [run_formula] Running formula oc8051gmc5addr with K=62 up to limit 1600
[2025-12-12 08:27:29] [generate_cnf] Generating formula oc8051gmc5addr with K=63
[2025-12-12 08:27:32] [run_formula] Running formula oc8051gmc5addr with K=63 up to limit 1600
[2025-12-12 08:30:36] [run_formula] Error running formula oc8051gmc5addr with K=63: [Errno 122] Disk quota exceeded: './results/solving_logs/oc8051gmc5addr//oc8051gmc5addr.63.log'
[2025-12-12 08:30:36] [generate_and_run_up_to_limit] Failed to run formula oc8051gmc5addr with K=63, halting
