CNF written.
CNF written.
CNF written.
CNF written.
CNF written.
CNF written.
CNF written.
CNF written.
CNF written.
CNF written.
CNF written.
CNF written.
CNF written.
CNF written.
CNF written.
CNF written.
CNF written.
CNF written.
CNF written.
CNF written.
CNF written.
CNF written.
CNF written.
CNF written.
CNF written.
CNF written.
CNF written.
CNF written.
CNF written.
CNF written.
CNF written.
CNF written.
CNF written.
CNF written.
CNF written.
CNF written.
CNF written.
CNF written.
CNF written.
CNF written.
CNF written.
CNF written.
CNF written.
CNF written.
CNF written.
CNF written.
CNF written.
CNF written.
CNF written.
[2025-12-12 07:46:43] [generate_and_run_up_to_limit] Generating and running oc8051gm58addr with K<=500 up to limit 1600
[2025-12-12 07:46:43] [generate_cnf] Generating formula oc8051gm58addr with K=1
[2025-12-12 07:46:43] [run_formula] Running formula oc8051gm58addr with K=1 up to limit 1600
[2025-12-12 07:46:43] [generate_cnf] Generating formula oc8051gm58addr with K=2
[2025-12-12 07:46:43] [run_formula] Running formula oc8051gm58addr with K=2 up to limit 1600
[2025-12-12 07:46:43] [generate_cnf] Generating formula oc8051gm58addr with K=3
[2025-12-12 07:46:44] [run_formula] Running formula oc8051gm58addr with K=3 up to limit 1600
[2025-12-12 07:46:44] [generate_cnf] Generating formula oc8051gm58addr with K=4
[2025-12-12 07:46:44] [run_formula] Running formula oc8051gm58addr with K=4 up to limit 1600
[2025-12-12 07:46:44] [generate_cnf] Generating formula oc8051gm58addr with K=5
[2025-12-12 07:46:44] [run_formula] Running formula oc8051gm58addr with K=5 up to limit 1600
[2025-12-12 07:46:44] [generate_cnf] Generating formula oc8051gm58addr with K=6
[2025-12-12 07:46:45] [run_formula] Running formula oc8051gm58addr with K=6 up to limit 1600
[2025-12-12 07:46:45] [generate_cnf] Generating formula oc8051gm58addr with K=7
[2025-12-12 07:46:45] [run_formula] Running formula oc8051gm58addr with K=7 up to limit 1600
[2025-12-12 07:46:45] [generate_cnf] Generating formula oc8051gm58addr with K=8
[2025-12-12 07:46:45] [run_formula] Running formula oc8051gm58addr with K=8 up to limit 1600
[2025-12-12 07:46:46] [generate_cnf] Generating formula oc8051gm58addr with K=9
[2025-12-12 07:46:46] [run_formula] Running formula oc8051gm58addr with K=9 up to limit 1600
[2025-12-12 07:46:46] [generate_cnf] Generating formula oc8051gm58addr with K=10
[2025-12-12 07:46:46] [run_formula] Running formula oc8051gm58addr with K=10 up to limit 1600
[2025-12-12 07:46:47] [generate_cnf] Generating formula oc8051gm58addr with K=11
[2025-12-12 07:46:47] [run_formula] Running formula oc8051gm58addr with K=11 up to limit 1600
[2025-12-12 07:46:47] [generate_cnf] Generating formula oc8051gm58addr with K=12
[2025-12-12 07:46:48] [run_formula] Running formula oc8051gm58addr with K=12 up to limit 1600
[2025-12-12 07:46:48] [generate_cnf] Generating formula oc8051gm58addr with K=13
[2025-12-12 07:46:48] [run_formula] Running formula oc8051gm58addr with K=13 up to limit 1600
[2025-12-12 07:46:48] [generate_cnf] Generating formula oc8051gm58addr with K=14
[2025-12-12 07:46:49] [run_formula] Running formula oc8051gm58addr with K=14 up to limit 1600
[2025-12-12 07:46:49] [generate_cnf] Generating formula oc8051gm58addr with K=15
[2025-12-12 07:46:50] [run_formula] Running formula oc8051gm58addr with K=15 up to limit 1600
[2025-12-12 07:46:50] [generate_cnf] Generating formula oc8051gm58addr with K=16
[2025-12-12 07:46:51] [run_formula] Running formula oc8051gm58addr with K=16 up to limit 1600
[2025-12-12 07:46:51] [generate_cnf] Generating formula oc8051gm58addr with K=17
[2025-12-12 07:46:52] [run_formula] Running formula oc8051gm58addr with K=17 up to limit 1600
[2025-12-12 07:46:52] [generate_cnf] Generating formula oc8051gm58addr with K=18
[2025-12-12 07:46:53] [run_formula] Running formula oc8051gm58addr with K=18 up to limit 1600
[2025-12-12 07:46:54] [generate_cnf] Generating formula oc8051gm58addr with K=19
[2025-12-12 07:46:55] [run_formula] Running formula oc8051gm58addr with K=19 up to limit 1600
[2025-12-12 07:46:57] [generate_cnf] Generating formula oc8051gm58addr with K=20
[2025-12-12 07:46:57] [run_formula] Running formula oc8051gm58addr with K=20 up to limit 1600
[2025-12-12 07:47:02] [generate_cnf] Generating formula oc8051gm58addr with K=21
[2025-12-12 07:47:03] [run_formula] Running formula oc8051gm58addr with K=21 up to limit 1600
[2025-12-12 07:47:10] [generate_cnf] Generating formula oc8051gm58addr with K=22
[2025-12-12 07:47:11] [run_formula] Running formula oc8051gm58addr with K=22 up to limit 1600
[2025-12-12 07:47:18] [generate_cnf] Generating formula oc8051gm58addr with K=23
[2025-12-12 07:47:19] [run_formula] Running formula oc8051gm58addr with K=23 up to limit 1600
[2025-12-12 07:47:28] [generate_cnf] Generating formula oc8051gm58addr with K=24
[2025-12-12 07:47:29] [run_formula] Running formula oc8051gm58addr with K=24 up to limit 1600
[2025-12-12 07:47:41] [generate_cnf] Generating formula oc8051gm58addr with K=25
[2025-12-12 07:47:42] [run_formula] Running formula oc8051gm58addr with K=25 up to limit 1600
[2025-12-12 07:48:01] [generate_cnf] Generating formula oc8051gm58addr with K=26
[2025-12-12 07:48:02] [run_formula] Running formula oc8051gm58addr with K=26 up to limit 1600
[2025-12-12 07:48:21] [generate_cnf] Generating formula oc8051gm58addr with K=27
[2025-12-12 07:48:23] [run_formula] Running formula oc8051gm58addr with K=27 up to limit 1600
[2025-12-12 07:48:45] [generate_cnf] Generating formula oc8051gm58addr with K=28
[2025-12-12 07:48:46] [run_formula] Running formula oc8051gm58addr with K=28 up to limit 1600
[2025-12-12 07:49:16] [generate_cnf] Generating formula oc8051gm58addr with K=29
[2025-12-12 07:49:17] [run_formula] Running formula oc8051gm58addr with K=29 up to limit 1600
[2025-12-12 07:49:58] [generate_cnf] Generating formula oc8051gm58addr with K=30
[2025-12-12 07:49:59] [run_formula] Running formula oc8051gm58addr with K=30 up to limit 1600
[2025-12-12 07:50:39] [generate_cnf] Generating formula oc8051gm58addr with K=31
[2025-12-12 07:50:41] [run_formula] Running formula oc8051gm58addr with K=31 up to limit 1600
[2025-12-12 07:51:32] [generate_cnf] Generating formula oc8051gm58addr with K=32
[2025-12-12 07:51:34] [run_formula] Running formula oc8051gm58addr with K=32 up to limit 1600
[2025-12-12 07:52:18] [generate_cnf] Generating formula oc8051gm58addr with K=33
[2025-12-12 07:52:20] [run_formula] Running formula oc8051gm58addr with K=33 up to limit 1600
[2025-12-12 07:53:16] [generate_cnf] Generating formula oc8051gm58addr with K=34
[2025-12-12 07:53:17] [run_formula] Running formula oc8051gm58addr with K=34 up to limit 1600
[2025-12-12 07:54:13] [generate_cnf] Generating formula oc8051gm58addr with K=35
[2025-12-12 07:54:14] [run_formula] Running formula oc8051gm58addr with K=35 up to limit 1600
[2025-12-12 07:55:10] [generate_cnf] Generating formula oc8051gm58addr with K=36
[2025-12-12 07:55:12] [run_formula] Running formula oc8051gm58addr with K=36 up to limit 1600
[2025-12-12 07:56:44] [generate_cnf] Generating formula oc8051gm58addr with K=37
[2025-12-12 07:56:46] [run_formula] Running formula oc8051gm58addr with K=37 up to limit 1600
[2025-12-12 07:58:03] [generate_cnf] Generating formula oc8051gm58addr with K=38
[2025-12-12 07:58:05] [run_formula] Running formula oc8051gm58addr with K=38 up to limit 1600
[2025-12-12 07:59:30] [generate_cnf] Generating formula oc8051gm58addr with K=39
[2025-12-12 07:59:32] [run_formula] Running formula oc8051gm58addr with K=39 up to limit 1600
[2025-12-12 08:00:58] [generate_cnf] Generating formula oc8051gm58addr with K=40
[2025-12-12 08:01:00] [run_formula] Running formula oc8051gm58addr with K=40 up to limit 1600
[2025-12-12 08:02:55] [generate_cnf] Generating formula oc8051gm58addr with K=41
[2025-12-12 08:02:57] [run_formula] Running formula oc8051gm58addr with K=41 up to limit 1600
[2025-12-12 08:05:48] [generate_cnf] Generating formula oc8051gm58addr with K=42
[2025-12-12 08:05:49] [run_formula] Running formula oc8051gm58addr with K=42 up to limit 1600
[2025-12-12 08:08:10] [generate_cnf] Generating formula oc8051gm58addr with K=43
[2025-12-12 08:08:12] [run_formula] Running formula oc8051gm58addr with K=43 up to limit 1600
[2025-12-12 08:10:35] [generate_cnf] Generating formula oc8051gm58addr with K=44
[2025-12-12 08:10:37] [run_formula] Running formula oc8051gm58addr with K=44 up to limit 1600
[2025-12-12 08:13:36] [generate_cnf] Generating formula oc8051gm58addr with K=45
[2025-12-12 08:13:37] [run_formula] Running formula oc8051gm58addr with K=45 up to limit 1600
[2025-12-12 08:16:25] [generate_cnf] Generating formula oc8051gm58addr with K=46
[2025-12-12 08:16:26] [run_formula] Running formula oc8051gm58addr with K=46 up to limit 1600
[2025-12-12 08:19:14] [generate_cnf] Generating formula oc8051gm58addr with K=47
[2025-12-12 08:19:16] [run_formula] Running formula oc8051gm58addr with K=47 up to limit 1600
[2025-12-12 08:23:22] [generate_cnf] Generating formula oc8051gm58addr with K=48
[2025-12-12 08:23:24] [run_formula] Running formula oc8051gm58addr with K=48 up to limit 1600
[2025-12-12 08:27:09] [generate_cnf] Generating formula oc8051gm58addr with K=49
[2025-12-12 08:27:11] [run_formula] Running formula oc8051gm58addr with K=49 up to limit 1600
[2025-12-12 08:30:46] [run_formula] Error running formula oc8051gm58addr with K=49: [Errno 122] Disk quota exceeded: './results/solving_logs/oc8051gm58addr//oc8051gm58addr.49.log'
[2025-12-12 08:30:46] [generate_and_run_up_to_limit] Failed to run formula oc8051gm58addr with K=49, halting
