CNF written.
CNF written.
CNF written.
CNF written.
CNF written.
CNF written.
CNF written.
CNF written.
CNF written.
CNF written.
CNF written.
CNF written.
CNF written.
CNF written.
CNF written.
CNF written.
CNF written.
CNF written.
CNF written.
CNF written.
CNF written.
CNF written.
CNF written.
CNF written.
CNF written.
CNF written.
CNF written.
CNF written.
CNF written.
CNF written.
CNF written.
CNF written.
CNF written.
CNF written.
CNF written.
CNF written.
CNF written.
CNF written.
CNF written.
CNF written.
CNF written.
CNF written.
CNF written.
CNF written.
CNF written.
CNF written.
CNF written.
CNF written.
CNF written.
CNF written.
CNF written.
CNF written.
CNF written.
CNF written.
CNF written.
CNF written.
CNF written.
CNF written.
CNF written.
CNF written.
CNF written.
CNF written.
CNF written.
CNF written.
[2025-12-12 07:13:45] [generate_and_run_up_to_limit] Generating and running oc8051gma6data with K<=500 up to limit 1600
[2025-12-12 07:13:45] [generate_cnf] Generating formula oc8051gma6data with K=1
[2025-12-12 07:13:46] [run_formula] Running formula oc8051gma6data with K=1 up to limit 1600
[2025-12-12 07:13:46] [generate_cnf] Generating formula oc8051gma6data with K=2
[2025-12-12 07:13:46] [run_formula] Running formula oc8051gma6data with K=2 up to limit 1600
[2025-12-12 07:13:46] [generate_cnf] Generating formula oc8051gma6data with K=3
[2025-12-12 07:13:46] [run_formula] Running formula oc8051gma6data with K=3 up to limit 1600
[2025-12-12 07:13:46] [generate_cnf] Generating formula oc8051gma6data with K=4
[2025-12-12 07:13:46] [run_formula] Running formula oc8051gma6data with K=4 up to limit 1600
[2025-12-12 07:13:46] [generate_cnf] Generating formula oc8051gma6data with K=5
[2025-12-12 07:13:46] [run_formula] Running formula oc8051gma6data with K=5 up to limit 1600
[2025-12-12 07:13:47] [generate_cnf] Generating formula oc8051gma6data with K=6
[2025-12-12 07:13:47] [run_formula] Running formula oc8051gma6data with K=6 up to limit 1600
[2025-12-12 07:13:47] [generate_cnf] Generating formula oc8051gma6data with K=7
[2025-12-12 07:13:47] [run_formula] Running formula oc8051gma6data with K=7 up to limit 1600
[2025-12-12 07:13:47] [generate_cnf] Generating formula oc8051gma6data with K=8
[2025-12-12 07:13:48] [run_formula] Running formula oc8051gma6data with K=8 up to limit 1600
[2025-12-12 07:13:48] [generate_cnf] Generating formula oc8051gma6data with K=9
[2025-12-12 07:13:48] [run_formula] Running formula oc8051gma6data with K=9 up to limit 1600
[2025-12-12 07:13:48] [generate_cnf] Generating formula oc8051gma6data with K=10
[2025-12-12 07:13:48] [run_formula] Running formula oc8051gma6data with K=10 up to limit 1600
[2025-12-12 07:13:49] [generate_cnf] Generating formula oc8051gma6data with K=11
[2025-12-12 07:13:49] [run_formula] Running formula oc8051gma6data with K=11 up to limit 1600
[2025-12-12 07:13:49] [generate_cnf] Generating formula oc8051gma6data with K=12
[2025-12-12 07:13:49] [run_formula] Running formula oc8051gma6data with K=12 up to limit 1600
[2025-12-12 07:13:50] [generate_cnf] Generating formula oc8051gma6data with K=13
[2025-12-12 07:13:50] [run_formula] Running formula oc8051gma6data with K=13 up to limit 1600
[2025-12-12 07:13:50] [generate_cnf] Generating formula oc8051gma6data with K=14
[2025-12-12 07:13:51] [run_formula] Running formula oc8051gma6data with K=14 up to limit 1600
[2025-12-12 07:13:51] [generate_cnf] Generating formula oc8051gma6data with K=15
[2025-12-12 07:13:51] [run_formula] Running formula oc8051gma6data with K=15 up to limit 1600
[2025-12-12 07:13:52] [generate_cnf] Generating formula oc8051gma6data with K=16
[2025-12-12 07:13:52] [run_formula] Running formula oc8051gma6data with K=16 up to limit 1600
[2025-12-12 07:13:52] [generate_cnf] Generating formula oc8051gma6data with K=17
[2025-12-12 07:13:53] [run_formula] Running formula oc8051gma6data with K=17 up to limit 1600
[2025-12-12 07:13:53] [generate_cnf] Generating formula oc8051gma6data with K=18
[2025-12-12 07:13:54] [run_formula] Running formula oc8051gma6data with K=18 up to limit 1600
[2025-12-12 07:13:55] [generate_cnf] Generating formula oc8051gma6data with K=19
[2025-12-12 07:13:56] [run_formula] Running formula oc8051gma6data with K=19 up to limit 1600
[2025-12-12 07:13:57] [generate_cnf] Generating formula oc8051gma6data with K=20
[2025-12-12 07:13:58] [run_formula] Running formula oc8051gma6data with K=20 up to limit 1600
[2025-12-12 07:14:01] [generate_cnf] Generating formula oc8051gma6data with K=21
[2025-12-12 07:14:01] [run_formula] Running formula oc8051gma6data with K=21 up to limit 1600
[2025-12-12 07:14:06] [generate_cnf] Generating formula oc8051gma6data with K=22
[2025-12-12 07:14:07] [run_formula] Running formula oc8051gma6data with K=22 up to limit 1600
[2025-12-12 07:14:12] [generate_cnf] Generating formula oc8051gma6data with K=23
[2025-12-12 07:14:13] [run_formula] Running formula oc8051gma6data with K=23 up to limit 1600
[2025-12-12 07:14:21] [generate_cnf] Generating formula oc8051gma6data with K=24
[2025-12-12 07:14:22] [run_formula] Running formula oc8051gma6data with K=24 up to limit 1600
[2025-12-12 07:14:30] [generate_cnf] Generating formula oc8051gma6data with K=25
[2025-12-12 07:14:31] [run_formula] Running formula oc8051gma6data with K=25 up to limit 1600
[2025-12-12 07:14:41] [generate_cnf] Generating formula oc8051gma6data with K=26
[2025-12-12 07:14:42] [run_formula] Running formula oc8051gma6data with K=26 up to limit 1600
[2025-12-12 07:14:56] [generate_cnf] Generating formula oc8051gma6data with K=27
[2025-12-12 07:14:57] [run_formula] Running formula oc8051gma6data with K=27 up to limit 1600
[2025-12-12 07:15:18] [generate_cnf] Generating formula oc8051gma6data with K=28
[2025-12-12 07:15:19] [run_formula] Running formula oc8051gma6data with K=28 up to limit 1600
[2025-12-12 07:15:41] [generate_cnf] Generating formula oc8051gma6data with K=29
[2025-12-12 07:15:42] [run_formula] Running formula oc8051gma6data with K=29 up to limit 1600
[2025-12-12 07:16:03] [generate_cnf] Generating formula oc8051gma6data with K=30
[2025-12-12 07:16:04] [run_formula] Running formula oc8051gma6data with K=30 up to limit 1600
[2025-12-12 07:16:31] [generate_cnf] Generating formula oc8051gma6data with K=31
[2025-12-12 07:16:33] [run_formula] Running formula oc8051gma6data with K=31 up to limit 1600
[2025-12-12 07:17:02] [generate_cnf] Generating formula oc8051gma6data with K=32
[2025-12-12 07:17:03] [run_formula] Running formula oc8051gma6data with K=32 up to limit 1600
[2025-12-12 07:17:37] [generate_cnf] Generating formula oc8051gma6data with K=33
[2025-12-12 07:17:38] [run_formula] Running formula oc8051gma6data with K=33 up to limit 1600
[2025-12-12 07:18:19] [generate_cnf] Generating formula oc8051gma6data with K=34
[2025-12-12 07:18:21] [run_formula] Running formula oc8051gma6data with K=34 up to limit 1600
[2025-12-12 07:19:12] [generate_cnf] Generating formula oc8051gma6data with K=35
[2025-12-12 07:19:14] [run_formula] Running formula oc8051gma6data with K=35 up to limit 1600
[2025-12-12 07:20:04] [generate_cnf] Generating formula oc8051gma6data with K=36
[2025-12-12 07:20:05] [run_formula] Running formula oc8051gma6data with K=36 up to limit 1600
[2025-12-12 07:20:47] [generate_cnf] Generating formula oc8051gma6data with K=37
[2025-12-12 07:20:49] [run_formula] Running formula oc8051gma6data with K=37 up to limit 1600
[2025-12-12 07:21:53] [generate_cnf] Generating formula oc8051gma6data with K=38
[2025-12-12 07:21:54] [run_formula] Running formula oc8051gma6data with K=38 up to limit 1600
[2025-12-12 07:23:00] [generate_cnf] Generating formula oc8051gma6data with K=39
[2025-12-12 07:23:02] [run_formula] Running formula oc8051gma6data with K=39 up to limit 1600
[2025-12-12 07:24:27] [generate_cnf] Generating formula oc8051gma6data with K=40
[2025-12-12 07:24:29] [run_formula] Running formula oc8051gma6data with K=40 up to limit 1600
[2025-12-12 07:25:34] [generate_cnf] Generating formula oc8051gma6data with K=41
[2025-12-12 07:25:35] [run_formula] Running formula oc8051gma6data with K=41 up to limit 1600
[2025-12-12 07:27:12] [generate_cnf] Generating formula oc8051gma6data with K=42
[2025-12-12 07:27:14] [run_formula] Running formula oc8051gma6data with K=42 up to limit 1600
[2025-12-12 07:28:54] [generate_cnf] Generating formula oc8051gma6data with K=43
[2025-12-12 07:28:56] [run_formula] Running formula oc8051gma6data with K=43 up to limit 1600
[2025-12-12 07:31:07] [generate_cnf] Generating formula oc8051gma6data with K=44
[2025-12-12 07:31:09] [run_formula] Running formula oc8051gma6data with K=44 up to limit 1600
[2025-12-12 07:33:08] [generate_cnf] Generating formula oc8051gma6data with K=45
[2025-12-12 07:33:09] [run_formula] Running formula oc8051gma6data with K=45 up to limit 1600
[2025-12-12 07:35:07] [generate_cnf] Generating formula oc8051gma6data with K=46
[2025-12-12 07:35:09] [run_formula] Running formula oc8051gma6data with K=46 up to limit 1600
[2025-12-12 07:37:16] [generate_cnf] Generating formula oc8051gma6data with K=47
[2025-12-12 07:37:17] [run_formula] Running formula oc8051gma6data with K=47 up to limit 1600
[2025-12-12 07:39:19] [generate_cnf] Generating formula oc8051gma6data with K=48
[2025-12-12 07:39:21] [run_formula] Running formula oc8051gma6data with K=48 up to limit 1600
[2025-12-12 07:41:27] [generate_cnf] Generating formula oc8051gma6data with K=49
[2025-12-12 07:41:29] [run_formula] Running formula oc8051gma6data with K=49 up to limit 1600
[2025-12-12 07:44:19] [generate_cnf] Generating formula oc8051gma6data with K=50
[2025-12-12 07:44:21] [run_formula] Running formula oc8051gma6data with K=50 up to limit 1600
[2025-12-12 07:46:59] [generate_cnf] Generating formula oc8051gma6data with K=51
[2025-12-12 07:47:01] [run_formula] Running formula oc8051gma6data with K=51 up to limit 1600
[2025-12-12 07:49:34] [generate_cnf] Generating formula oc8051gma6data with K=52
[2025-12-12 07:49:36] [run_formula] Running formula oc8051gma6data with K=52 up to limit 1600
[2025-12-12 07:52:24] [generate_cnf] Generating formula oc8051gma6data with K=53
[2025-12-12 07:52:26] [run_formula] Running formula oc8051gma6data with K=53 up to limit 1600
[2025-12-12 07:55:25] [generate_cnf] Generating formula oc8051gma6data with K=54
[2025-12-12 07:55:27] [run_formula] Running formula oc8051gma6data with K=54 up to limit 1600
[2025-12-12 07:58:26] [generate_cnf] Generating formula oc8051gma6data with K=55
[2025-12-12 07:58:29] [run_formula] Running formula oc8051gma6data with K=55 up to limit 1600
[2025-12-12 08:01:21] [generate_cnf] Generating formula oc8051gma6data with K=56
[2025-12-12 08:01:23] [run_formula] Running formula oc8051gma6data with K=56 up to limit 1600
[2025-12-12 08:04:50] [generate_cnf] Generating formula oc8051gma6data with K=57
[2025-12-12 08:04:53] [run_formula] Running formula oc8051gma6data with K=57 up to limit 1600
[2025-12-12 08:07:51] [generate_cnf] Generating formula oc8051gma6data with K=58
[2025-12-12 08:07:54] [run_formula] Running formula oc8051gma6data with K=58 up to limit 1600
[2025-12-12 08:11:16] [generate_cnf] Generating formula oc8051gma6data with K=59
[2025-12-12 08:11:18] [run_formula] Running formula oc8051gma6data with K=59 up to limit 1600
[2025-12-12 08:14:25] [generate_cnf] Generating formula oc8051gma6data with K=60
[2025-12-12 08:14:28] [run_formula] Running formula oc8051gma6data with K=60 up to limit 1600
[2025-12-12 08:17:39] [generate_cnf] Generating formula oc8051gma6data with K=61
[2025-12-12 08:17:41] [run_formula] Running formula oc8051gma6data with K=61 up to limit 1600
[2025-12-12 08:20:32] [generate_cnf] Generating formula oc8051gma6data with K=62
[2025-12-12 08:20:34] [run_formula] Running formula oc8051gma6data with K=62 up to limit 1600
[2025-12-12 08:23:35] [generate_cnf] Generating formula oc8051gma6data with K=63
[2025-12-12 08:23:38] [run_formula] Running formula oc8051gma6data with K=63 up to limit 1600
[2025-12-12 08:27:00] [generate_cnf] Generating formula oc8051gma6data with K=64
[2025-12-12 08:27:02] [run_formula] Running formula oc8051gma6data with K=64 up to limit 1600
[2025-12-12 08:29:52] [run_formula] Error running formula oc8051gma6data with K=64: [Errno 122] Disk quota exceeded: './results/solving_logs/oc8051gma6data//oc8051gma6data.64.log'
[2025-12-12 08:29:52] [generate_and_run_up_to_limit] Failed to run formula oc8051gma6data with K=64, halting
