CNF written.
CNF written.
CNF written.
CNF written.
CNF written.
CNF written.
CNF written.
CNF written.
CNF written.
CNF written.
CNF written.
CNF written.
CNF written.
CNF written.
CNF written.
CNF written.
CNF written.
CNF written.
CNF written.
CNF written.
CNF written.
CNF written.
CNF written.
CNF written.
CNF written.
CNF written.
CNF written.
CNF written.
CNF written.
CNF written.
CNF written.
CNF written.
CNF written.
CNF written.
CNF written.
CNF written.
CNF written.
CNF written.
CNF written.
CNF written.
CNF written.
CNF written.
CNF written.
CNF written.
CNF written.
CNF written.
CNF written.
CNF written.
CNF written.
CNF written.
CNF written.
CNF written.
CNF written.
CNF written.
CNF written.
CNF written.
CNF written.
CNF written.
CNF written.
CNF written.
CNF written.
CNF written.
CNF written.
CNF written.
CNF written.
CNF written.
CNF written.
CNF written.
CNF written.
CNF written.
CNF written.
CNF written.
CNF written.
CNF written.
CNF written.
CNF written.
CNF written.
CNF written.
CNF written.
CNF written.
CNF written.
CNF written.
CNF written.
CNF written.
CNF written.
CNF written.
CNF written.
CNF written.
CNF written.
CNF written.
CNF written.
CNF written.
CNF written.
CNF written.
CNF written.
CNF written.
CNF written.
CNF written.
CNF written.
CNF written.
CNF written.
CNF written.
CNF written.
CNF written.
CNF written.
CNF written.
CNF written.
CNF written.
CNF written.
CNF written.
CNF written.
CNF written.
CNF written.
CNF written.
CNF written.
CNF written.
CNF written.
CNF written.
CNF written.
CNF written.
CNF written.
CNF written.
CNF written.
CNF written.
CNF written.
CNF written.
CNF written.
CNF written.
CNF written.
CNF written.
CNF written.
CNF written.
CNF written.
CNF written.
CNF written.
CNF written.
CNF written.
CNF written.
CNF written.
CNF written.
CNF written.
CNF written.
CNF written.
CNF written.
CNF written.
CNF written.
CNF written.
CNF written.
CNF written.
CNF written.
CNF written.
CNF written.
CNF written.
CNF written.
CNF written.
CNF written.
CNF written.
CNF written.
CNF written.
CNF written.
CNF written.
CNF written.
CNF written.
CNF written.
CNF written.
CNF written.
CNF written.
CNF written.
CNF written.
CNF written.
CNF written.
CNF written.
CNF written.
CNF written.
CNF written.
CNF written.
CNF written.
CNF written.
CNF written.
CNF written.
CNF written.
CNF written.
CNF written.
CNF written.
CNF written.
CNF written.
CNF written.
CNF written.
CNF written.
CNF written.
CNF written.
CNF written.
CNF written.
CNF written.
CNF written.
CNF written.
CNF written.
CNF written.
CNF written.
CNF written.
CNF written.
CNF written.
CNF written.
CNF written.
CNF written.
CNF written.
CNF written.
CNF written.
CNF written.
CNF written.
CNF written.
CNF written.
CNF written.
CNF written.
CNF written.
CNF written.
[2025-12-12 06:57:21] [generate_and_run_up_to_limit] Generating and running oski15a14b21s with K<=500 up to limit 1600
[2025-12-12 06:57:21] [generate_cnf] Generating formula oski15a14b21s with K=1
[2025-12-12 06:57:22] [run_formula] Running formula oski15a14b21s with K=1 up to limit 1600
[2025-12-12 06:57:22] [generate_cnf] Generating formula oski15a14b21s with K=2
[2025-12-12 06:57:22] [run_formula] Running formula oski15a14b21s with K=2 up to limit 1600
[2025-12-12 06:57:22] [generate_cnf] Generating formula oski15a14b21s with K=3
[2025-12-12 06:57:23] [run_formula] Running formula oski15a14b21s with K=3 up to limit 1600
[2025-12-12 06:57:24] [generate_cnf] Generating formula oski15a14b21s with K=4
[2025-12-12 06:57:25] [run_formula] Running formula oski15a14b21s with K=4 up to limit 1600
[2025-12-12 06:57:27] [generate_cnf] Generating formula oski15a14b21s with K=5
[2025-12-12 06:57:28] [run_formula] Running formula oski15a14b21s with K=5 up to limit 1600
[2025-12-12 06:57:30] [generate_cnf] Generating formula oski15a14b21s with K=6
[2025-12-12 06:57:31] [run_formula] Running formula oski15a14b21s with K=6 up to limit 1600
[2025-12-12 06:57:33] [generate_cnf] Generating formula oski15a14b21s with K=7
[2025-12-12 06:57:34] [run_formula] Running formula oski15a14b21s with K=7 up to limit 1600
[2025-12-12 06:57:37] [generate_cnf] Generating formula oski15a14b21s with K=8
[2025-12-12 06:57:38] [run_formula] Running formula oski15a14b21s with K=8 up to limit 1600
[2025-12-12 06:57:41] [generate_cnf] Generating formula oski15a14b21s with K=9
[2025-12-12 06:57:43] [run_formula] Running formula oski15a14b21s with K=9 up to limit 1600
[2025-12-12 06:57:48] [generate_cnf] Generating formula oski15a14b21s with K=10
[2025-12-12 06:57:50] [run_formula] Running formula oski15a14b21s with K=10 up to limit 1600
[2025-12-12 06:57:54] [generate_cnf] Generating formula oski15a14b21s with K=11
[2025-12-12 06:57:56] [run_formula] Running formula oski15a14b21s with K=11 up to limit 1600
[2025-12-12 06:58:02] [generate_cnf] Generating formula oski15a14b21s with K=12
[2025-12-12 06:58:04] [run_formula] Running formula oski15a14b21s with K=12 up to limit 1600
[2025-12-12 06:58:12] [generate_cnf] Generating formula oski15a14b21s with K=13
[2025-12-12 06:58:14] [run_formula] Running formula oski15a14b21s with K=13 up to limit 1600
[2025-12-12 06:58:16] [generate_cnf] Generating formula oski15a14b21s with K=14
[2025-12-12 06:58:18] [run_formula] Running formula oski15a14b21s with K=14 up to limit 1600
[2025-12-12 06:58:20] [generate_cnf] Generating formula oski15a14b21s with K=15
[2025-12-12 06:58:23] [run_formula] Running formula oski15a14b21s with K=15 up to limit 1600
[2025-12-12 06:58:25] [generate_cnf] Generating formula oski15a14b21s with K=16
[2025-12-12 06:58:27] [run_formula] Running formula oski15a14b21s with K=16 up to limit 1600
[2025-12-12 06:58:30] [generate_cnf] Generating formula oski15a14b21s with K=17
[2025-12-12 06:58:32] [run_formula] Running formula oski15a14b21s with K=17 up to limit 1600
[2025-12-12 06:58:35] [generate_cnf] Generating formula oski15a14b21s with K=18
[2025-12-12 06:58:37] [run_formula] Running formula oski15a14b21s with K=18 up to limit 1600
[2025-12-12 06:58:39] [generate_cnf] Generating formula oski15a14b21s with K=19
[2025-12-12 06:58:42] [run_formula] Running formula oski15a14b21s with K=19 up to limit 1600
[2025-12-12 06:58:44] [generate_cnf] Generating formula oski15a14b21s with K=20
[2025-12-12 06:58:47] [run_formula] Running formula oski15a14b21s with K=20 up to limit 1600
[2025-12-12 06:58:50] [generate_cnf] Generating formula oski15a14b21s with K=21
[2025-12-12 06:58:52] [run_formula] Running formula oski15a14b21s with K=21 up to limit 1600
[2025-12-12 06:58:55] [generate_cnf] Generating formula oski15a14b21s with K=22
[2025-12-12 06:58:58] [run_formula] Running formula oski15a14b21s with K=22 up to limit 1600
[2025-12-12 06:59:00] [generate_cnf] Generating formula oski15a14b21s with K=23
[2025-12-12 06:59:03] [run_formula] Running formula oski15a14b21s with K=23 up to limit 1600
[2025-12-12 06:59:06] [generate_cnf] Generating formula oski15a14b21s with K=24
[2025-12-12 06:59:09] [run_formula] Running formula oski15a14b21s with K=24 up to limit 1600
[2025-12-12 06:59:12] [generate_cnf] Generating formula oski15a14b21s with K=25
[2025-12-12 06:59:16] [run_formula] Running formula oski15a14b21s with K=25 up to limit 1600
[2025-12-12 06:59:19] [generate_cnf] Generating formula oski15a14b21s with K=26
[2025-12-12 06:59:23] [run_formula] Running formula oski15a14b21s with K=26 up to limit 1600
[2025-12-12 06:59:26] [generate_cnf] Generating formula oski15a14b21s with K=27
[2025-12-12 06:59:30] [run_formula] Running formula oski15a14b21s with K=27 up to limit 1600
[2025-12-12 06:59:33] [generate_cnf] Generating formula oski15a14b21s with K=28
[2025-12-12 06:59:37] [run_formula] Running formula oski15a14b21s with K=28 up to limit 1600
[2025-12-12 06:59:40] [generate_cnf] Generating formula oski15a14b21s with K=29
[2025-12-12 06:59:45] [run_formula] Running formula oski15a14b21s with K=29 up to limit 1600
[2025-12-12 06:59:48] [generate_cnf] Generating formula oski15a14b21s with K=30
[2025-12-12 06:59:53] [run_formula] Running formula oski15a14b21s with K=30 up to limit 1600
[2025-12-12 06:59:56] [generate_cnf] Generating formula oski15a14b21s with K=31
[2025-12-12 07:00:01] [run_formula] Running formula oski15a14b21s with K=31 up to limit 1600
[2025-12-12 07:00:04] [generate_cnf] Generating formula oski15a14b21s with K=32
[2025-12-12 07:00:08] [run_formula] Running formula oski15a14b21s with K=32 up to limit 1600
[2025-12-12 07:00:12] [generate_cnf] Generating formula oski15a14b21s with K=33
[2025-12-12 07:00:16] [run_formula] Running formula oski15a14b21s with K=33 up to limit 1600
[2025-12-12 07:00:19] [generate_cnf] Generating formula oski15a14b21s with K=34
[2025-12-12 07:00:23] [run_formula] Running formula oski15a14b21s with K=34 up to limit 1600
[2025-12-12 07:00:27] [generate_cnf] Generating formula oski15a14b21s with K=35
[2025-12-12 07:00:32] [run_formula] Running formula oski15a14b21s with K=35 up to limit 1600
[2025-12-12 07:00:35] [generate_cnf] Generating formula oski15a14b21s with K=36
[2025-12-12 07:00:40] [run_formula] Running formula oski15a14b21s with K=36 up to limit 1600
[2025-12-12 07:00:44] [generate_cnf] Generating formula oski15a14b21s with K=37
[2025-12-12 07:00:48] [run_formula] Running formula oski15a14b21s with K=37 up to limit 1600
[2025-12-12 07:00:52] [generate_cnf] Generating formula oski15a14b21s with K=38
[2025-12-12 07:00:57] [run_formula] Running formula oski15a14b21s with K=38 up to limit 1600
[2025-12-12 07:01:01] [generate_cnf] Generating formula oski15a14b21s with K=39
[2025-12-12 07:01:06] [run_formula] Running formula oski15a14b21s with K=39 up to limit 1600
[2025-12-12 07:01:09] [generate_cnf] Generating formula oski15a14b21s with K=40
[2025-12-12 07:01:14] [run_formula] Running formula oski15a14b21s with K=40 up to limit 1600
[2025-12-12 07:01:18] [generate_cnf] Generating formula oski15a14b21s with K=41
[2025-12-12 07:01:22] [run_formula] Running formula oski15a14b21s with K=41 up to limit 1600
[2025-12-12 07:01:26] [generate_cnf] Generating formula oski15a14b21s with K=42
[2025-12-12 07:01:31] [run_formula] Running formula oski15a14b21s with K=42 up to limit 1600
[2025-12-12 07:01:34] [generate_cnf] Generating formula oski15a14b21s with K=43
[2025-12-12 07:01:40] [run_formula] Running formula oski15a14b21s with K=43 up to limit 1600
[2025-12-12 07:01:44] [generate_cnf] Generating formula oski15a14b21s with K=44
[2025-12-12 07:01:49] [run_formula] Running formula oski15a14b21s with K=44 up to limit 1600
[2025-12-12 07:01:53] [generate_cnf] Generating formula oski15a14b21s with K=45
[2025-12-12 07:01:58] [run_formula] Running formula oski15a14b21s with K=45 up to limit 1600
[2025-12-12 07:02:02] [generate_cnf] Generating formula oski15a14b21s with K=46
[2025-12-12 07:02:07] [run_formula] Running formula oski15a14b21s with K=46 up to limit 1600
[2025-12-12 07:02:11] [generate_cnf] Generating formula oski15a14b21s with K=47
[2025-12-12 07:02:16] [run_formula] Running formula oski15a14b21s with K=47 up to limit 1600
[2025-12-12 07:02:20] [generate_cnf] Generating formula oski15a14b21s with K=48
[2025-12-12 07:02:26] [run_formula] Running formula oski15a14b21s with K=48 up to limit 1600
[2025-12-12 07:02:31] [generate_cnf] Generating formula oski15a14b21s with K=49
[2025-12-12 07:02:37] [run_formula] Running formula oski15a14b21s with K=49 up to limit 1600
[2025-12-12 07:02:42] [generate_cnf] Generating formula oski15a14b21s with K=50
[2025-12-12 07:02:48] [run_formula] Running formula oski15a14b21s with K=50 up to limit 1600
[2025-12-12 07:02:52] [generate_cnf] Generating formula oski15a14b21s with K=51
[2025-12-12 07:02:58] [run_formula] Running formula oski15a14b21s with K=51 up to limit 1600
[2025-12-12 07:03:03] [generate_cnf] Generating formula oski15a14b21s with K=52
[2025-12-12 07:03:09] [run_formula] Running formula oski15a14b21s with K=52 up to limit 1600
[2025-12-12 07:03:13] [generate_cnf] Generating formula oski15a14b21s with K=53
[2025-12-12 07:03:19] [run_formula] Running formula oski15a14b21s with K=53 up to limit 1600
[2025-12-12 07:03:24] [generate_cnf] Generating formula oski15a14b21s with K=54
[2025-12-12 07:03:30] [run_formula] Running formula oski15a14b21s with K=54 up to limit 1600
[2025-12-12 07:03:35] [generate_cnf] Generating formula oski15a14b21s with K=55
[2025-12-12 07:03:42] [run_formula] Running formula oski15a14b21s with K=55 up to limit 1600
[2025-12-12 07:03:47] [generate_cnf] Generating formula oski15a14b21s with K=56
[2025-12-12 07:03:54] [run_formula] Running formula oski15a14b21s with K=56 up to limit 1600
[2025-12-12 07:03:59] [generate_cnf] Generating formula oski15a14b21s with K=57
[2025-12-12 07:04:05] [run_formula] Running formula oski15a14b21s with K=57 up to limit 1600
[2025-12-12 07:04:10] [generate_cnf] Generating formula oski15a14b21s with K=58
[2025-12-12 07:04:16] [run_formula] Running formula oski15a14b21s with K=58 up to limit 1600
[2025-12-12 07:04:22] [generate_cnf] Generating formula oski15a14b21s with K=59
[2025-12-12 07:04:29] [run_formula] Running formula oski15a14b21s with K=59 up to limit 1600
[2025-12-12 07:04:34] [generate_cnf] Generating formula oski15a14b21s with K=60
[2025-12-12 07:04:41] [run_formula] Running formula oski15a14b21s with K=60 up to limit 1600
[2025-12-12 07:04:47] [generate_cnf] Generating formula oski15a14b21s with K=61
[2025-12-12 07:04:54] [run_formula] Running formula oski15a14b21s with K=61 up to limit 1600
[2025-12-12 07:05:00] [generate_cnf] Generating formula oski15a14b21s with K=62
[2025-12-12 07:05:08] [run_formula] Running formula oski15a14b21s with K=62 up to limit 1600
[2025-12-12 07:05:14] [generate_cnf] Generating formula oski15a14b21s with K=63
[2025-12-12 07:05:22] [run_formula] Running formula oski15a14b21s with K=63 up to limit 1600
[2025-12-12 07:05:28] [generate_cnf] Generating formula oski15a14b21s with K=64
[2025-12-12 07:05:37] [run_formula] Running formula oski15a14b21s with K=64 up to limit 1600
[2025-12-12 07:05:43] [generate_cnf] Generating formula oski15a14b21s with K=65
[2025-12-12 07:05:51] [run_formula] Running formula oski15a14b21s with K=65 up to limit 1600
[2025-12-12 07:05:58] [generate_cnf] Generating formula oski15a14b21s with K=66
[2025-12-12 07:06:07] [run_formula] Running formula oski15a14b21s with K=66 up to limit 1600
[2025-12-12 07:06:13] [generate_cnf] Generating formula oski15a14b21s with K=67
[2025-12-12 07:06:21] [run_formula] Running formula oski15a14b21s with K=67 up to limit 1600
[2025-12-12 07:06:28] [generate_cnf] Generating formula oski15a14b21s with K=68
[2025-12-12 07:06:36] [run_formula] Running formula oski15a14b21s with K=68 up to limit 1600
[2025-12-12 07:06:43] [generate_cnf] Generating formula oski15a14b21s with K=69
[2025-12-12 07:06:52] [run_formula] Running formula oski15a14b21s with K=69 up to limit 1600
[2025-12-12 07:06:58] [generate_cnf] Generating formula oski15a14b21s with K=70
[2025-12-12 07:07:07] [run_formula] Running formula oski15a14b21s with K=70 up to limit 1600
[2025-12-12 07:07:14] [generate_cnf] Generating formula oski15a14b21s with K=71
[2025-12-12 07:07:23] [run_formula] Running formula oski15a14b21s with K=71 up to limit 1600
[2025-12-12 07:07:30] [generate_cnf] Generating formula oski15a14b21s with K=72
[2025-12-12 07:07:40] [run_formula] Running formula oski15a14b21s with K=72 up to limit 1600
[2025-12-12 07:07:47] [generate_cnf] Generating formula oski15a14b21s with K=73
[2025-12-12 07:07:57] [run_formula] Running formula oski15a14b21s with K=73 up to limit 1600
[2025-12-12 07:08:04] [generate_cnf] Generating formula oski15a14b21s with K=74
[2025-12-12 07:08:14] [run_formula] Running formula oski15a14b21s with K=74 up to limit 1600
[2025-12-12 07:08:21] [generate_cnf] Generating formula oski15a14b21s with K=75
[2025-12-12 07:08:31] [run_formula] Running formula oski15a14b21s with K=75 up to limit 1600
[2025-12-12 07:08:38] [generate_cnf] Generating formula oski15a14b21s with K=76
[2025-12-12 07:08:48] [run_formula] Running formula oski15a14b21s with K=76 up to limit 1600
[2025-12-12 07:08:55] [generate_cnf] Generating formula oski15a14b21s with K=77
[2025-12-12 07:09:05] [run_formula] Running formula oski15a14b21s with K=77 up to limit 1600
[2025-12-12 07:09:13] [generate_cnf] Generating formula oski15a14b21s with K=78
[2025-12-12 07:09:23] [run_formula] Running formula oski15a14b21s with K=78 up to limit 1600
[2025-12-12 07:09:30] [generate_cnf] Generating formula oski15a14b21s with K=79
[2025-12-12 07:09:41] [run_formula] Running formula oski15a14b21s with K=79 up to limit 1600
[2025-12-12 07:09:48] [generate_cnf] Generating formula oski15a14b21s with K=80
[2025-12-12 07:09:59] [run_formula] Running formula oski15a14b21s with K=80 up to limit 1600
[2025-12-12 07:10:06] [generate_cnf] Generating formula oski15a14b21s with K=81
[2025-12-12 07:10:17] [run_formula] Running formula oski15a14b21s with K=81 up to limit 1600
[2025-12-12 07:10:25] [generate_cnf] Generating formula oski15a14b21s with K=82
[2025-12-12 07:10:35] [run_formula] Running formula oski15a14b21s with K=82 up to limit 1600
[2025-12-12 07:10:43] [generate_cnf] Generating formula oski15a14b21s with K=83
[2025-12-12 07:10:54] [run_formula] Running formula oski15a14b21s with K=83 up to limit 1600
[2025-12-12 07:11:02] [generate_cnf] Generating formula oski15a14b21s with K=84
[2025-12-12 07:11:12] [run_formula] Running formula oski15a14b21s with K=84 up to limit 1600
[2025-12-12 07:11:20] [generate_cnf] Generating formula oski15a14b21s with K=85
[2025-12-12 07:11:31] [run_formula] Running formula oski15a14b21s with K=85 up to limit 1600
[2025-12-12 07:11:39] [generate_cnf] Generating formula oski15a14b21s with K=86
[2025-12-12 07:12:05] [run_formula] Running formula oski15a14b21s with K=86 up to limit 1600
[2025-12-12 07:12:13] [generate_cnf] Generating formula oski15a14b21s with K=87
[2025-12-12 07:12:25] [run_formula] Running formula oski15a14b21s with K=87 up to limit 1600
[2025-12-12 07:12:33] [generate_cnf] Generating formula oski15a14b21s with K=88
[2025-12-12 07:12:44] [run_formula] Running formula oski15a14b21s with K=88 up to limit 1600
[2025-12-12 07:12:52] [generate_cnf] Generating formula oski15a14b21s with K=89
[2025-12-12 07:13:02] [run_formula] Running formula oski15a14b21s with K=89 up to limit 1600
[2025-12-12 07:13:09] [generate_cnf] Generating formula oski15a14b21s with K=90
[2025-12-12 07:13:19] [run_formula] Running formula oski15a14b21s with K=90 up to limit 1600
[2025-12-12 07:13:26] [generate_cnf] Generating formula oski15a14b21s with K=91
[2025-12-12 07:13:36] [run_formula] Running formula oski15a14b21s with K=91 up to limit 1600
[2025-12-12 07:13:44] [generate_cnf] Generating formula oski15a14b21s with K=92
[2025-12-12 07:13:54] [run_formula] Running formula oski15a14b21s with K=92 up to limit 1600
[2025-12-12 07:14:02] [generate_cnf] Generating formula oski15a14b21s with K=93
[2025-12-12 07:14:12] [run_formula] Running formula oski15a14b21s with K=93 up to limit 1600
[2025-12-12 07:14:20] [generate_cnf] Generating formula oski15a14b21s with K=94
[2025-12-12 07:14:30] [run_formula] Running formula oski15a14b21s with K=94 up to limit 1600
[2025-12-12 07:14:38] [generate_cnf] Generating formula oski15a14b21s with K=95
[2025-12-12 07:14:48] [run_formula] Running formula oski15a14b21s with K=95 up to limit 1600
[2025-12-12 07:14:56] [generate_cnf] Generating formula oski15a14b21s with K=96
[2025-12-12 07:15:07] [run_formula] Running formula oski15a14b21s with K=96 up to limit 1600
[2025-12-12 07:15:15] [generate_cnf] Generating formula oski15a14b21s with K=97
[2025-12-12 07:15:25] [run_formula] Running formula oski15a14b21s with K=97 up to limit 1600
[2025-12-12 07:15:34] [generate_cnf] Generating formula oski15a14b21s with K=98
[2025-12-12 07:15:46] [run_formula] Running formula oski15a14b21s with K=98 up to limit 1600
[2025-12-12 07:15:54] [generate_cnf] Generating formula oski15a14b21s with K=99
[2025-12-12 07:16:05] [run_formula] Running formula oski15a14b21s with K=99 up to limit 1600
[2025-12-12 07:16:13] [generate_cnf] Generating formula oski15a14b21s with K=100
[2025-12-12 07:16:25] [run_formula] Running formula oski15a14b21s with K=100 up to limit 1600
[2025-12-12 07:16:34] [generate_cnf] Generating formula oski15a14b21s with K=101
[2025-12-12 07:16:45] [run_formula] Running formula oski15a14b21s with K=101 up to limit 1600
[2025-12-12 07:16:53] [generate_cnf] Generating formula oski15a14b21s with K=102
[2025-12-12 07:17:04] [run_formula] Running formula oski15a14b21s with K=102 up to limit 1600
[2025-12-12 07:17:13] [generate_cnf] Generating formula oski15a14b21s with K=103
[2025-12-12 07:17:25] [run_formula] Running formula oski15a14b21s with K=103 up to limit 1600
[2025-12-12 07:17:35] [generate_cnf] Generating formula oski15a14b21s with K=104
[2025-12-12 07:17:48] [run_formula] Running formula oski15a14b21s with K=104 up to limit 1600
[2025-12-12 07:17:58] [generate_cnf] Generating formula oski15a14b21s with K=105
[2025-12-12 07:18:11] [run_formula] Running formula oski15a14b21s with K=105 up to limit 1600
[2025-12-12 07:18:21] [generate_cnf] Generating formula oski15a14b21s with K=106
[2025-12-12 07:18:35] [run_formula] Running formula oski15a14b21s with K=106 up to limit 1600
[2025-12-12 07:18:45] [generate_cnf] Generating formula oski15a14b21s with K=107
[2025-12-12 07:18:59] [run_formula] Running formula oski15a14b21s with K=107 up to limit 1600
[2025-12-12 07:19:09] [generate_cnf] Generating formula oski15a14b21s with K=108
[2025-12-12 07:19:22] [run_formula] Running formula oski15a14b21s with K=108 up to limit 1600
[2025-12-12 07:19:32] [generate_cnf] Generating formula oski15a14b21s with K=109
[2025-12-12 07:19:46] [run_formula] Running formula oski15a14b21s with K=109 up to limit 1600
[2025-12-12 07:19:56] [generate_cnf] Generating formula oski15a14b21s with K=110
[2025-12-12 07:20:10] [run_formula] Running formula oski15a14b21s with K=110 up to limit 1600
[2025-12-12 07:20:21] [generate_cnf] Generating formula oski15a14b21s with K=111
[2025-12-12 07:20:42] [run_formula] Running formula oski15a14b21s with K=111 up to limit 1600
[2025-12-12 07:20:53] [generate_cnf] Generating formula oski15a14b21s with K=112
[2025-12-12 07:21:08] [run_formula] Running formula oski15a14b21s with K=112 up to limit 1600
[2025-12-12 07:21:19] [generate_cnf] Generating formula oski15a14b21s with K=113
[2025-12-12 07:21:34] [run_formula] Running formula oski15a14b21s with K=113 up to limit 1600
[2025-12-12 07:21:44] [generate_cnf] Generating formula oski15a14b21s with K=114
[2025-12-12 07:21:59] [run_formula] Running formula oski15a14b21s with K=114 up to limit 1600
[2025-12-12 07:22:10] [generate_cnf] Generating formula oski15a14b21s with K=115
[2025-12-12 07:22:24] [run_formula] Running formula oski15a14b21s with K=115 up to limit 1600
[2025-12-12 07:22:35] [generate_cnf] Generating formula oski15a14b21s with K=116
[2025-12-12 07:22:49] [run_formula] Running formula oski15a14b21s with K=116 up to limit 1600
[2025-12-12 07:23:00] [generate_cnf] Generating formula oski15a14b21s with K=117
[2025-12-12 07:23:15] [run_formula] Running formula oski15a14b21s with K=117 up to limit 1600
[2025-12-12 07:23:26] [generate_cnf] Generating formula oski15a14b21s with K=118
[2025-12-12 07:23:41] [run_formula] Running formula oski15a14b21s with K=118 up to limit 1600
[2025-12-12 07:23:52] [generate_cnf] Generating formula oski15a14b21s with K=119
[2025-12-12 07:24:08] [run_formula] Running formula oski15a14b21s with K=119 up to limit 1600
[2025-12-12 07:24:19] [generate_cnf] Generating formula oski15a14b21s with K=120
[2025-12-12 07:24:34] [run_formula] Running formula oski15a14b21s with K=120 up to limit 1600
[2025-12-12 07:24:45] [generate_cnf] Generating formula oski15a14b21s with K=121
[2025-12-12 07:25:01] [run_formula] Running formula oski15a14b21s with K=121 up to limit 1600
[2025-12-12 07:25:12] [generate_cnf] Generating formula oski15a14b21s with K=122
[2025-12-12 07:25:27] [run_formula] Running formula oski15a14b21s with K=122 up to limit 1600
[2025-12-12 07:25:38] [generate_cnf] Generating formula oski15a14b21s with K=123
[2025-12-12 07:25:51] [run_formula] Running formula oski15a14b21s with K=123 up to limit 1600
[2025-12-12 07:26:01] [generate_cnf] Generating formula oski15a14b21s with K=124
[2025-12-12 07:26:14] [run_formula] Running formula oski15a14b21s with K=124 up to limit 1600
[2025-12-12 07:26:24] [generate_cnf] Generating formula oski15a14b21s with K=125
[2025-12-12 07:26:38] [run_formula] Running formula oski15a14b21s with K=125 up to limit 1600
[2025-12-12 07:26:48] [generate_cnf] Generating formula oski15a14b21s with K=126
[2025-12-12 07:27:02] [run_formula] Running formula oski15a14b21s with K=126 up to limit 1600
[2025-12-12 07:27:12] [generate_cnf] Generating formula oski15a14b21s with K=127
[2025-12-12 07:27:26] [run_formula] Running formula oski15a14b21s with K=127 up to limit 1600
[2025-12-12 07:27:36] [generate_cnf] Generating formula oski15a14b21s with K=128
[2025-12-12 07:27:50] [run_formula] Running formula oski15a14b21s with K=128 up to limit 1600
[2025-12-12 07:28:01] [generate_cnf] Generating formula oski15a14b21s with K=129
[2025-12-12 07:28:15] [run_formula] Running formula oski15a14b21s with K=129 up to limit 1600
[2025-12-12 07:28:26] [generate_cnf] Generating formula oski15a14b21s with K=130
[2025-12-12 07:28:40] [run_formula] Running formula oski15a14b21s with K=130 up to limit 1600
[2025-12-12 07:28:50] [generate_cnf] Generating formula oski15a14b21s with K=131
[2025-12-12 07:29:05] [run_formula] Running formula oski15a14b21s with K=131 up to limit 1600
[2025-12-12 07:29:16] [generate_cnf] Generating formula oski15a14b21s with K=132
[2025-12-12 07:29:33] [run_formula] Running formula oski15a14b21s with K=132 up to limit 1600
[2025-12-12 07:29:45] [generate_cnf] Generating formula oski15a14b21s with K=133
[2025-12-12 07:30:06] [run_formula] Running formula oski15a14b21s with K=133 up to limit 1600
[2025-12-12 07:30:18] [generate_cnf] Generating formula oski15a14b21s with K=134
[2025-12-12 07:30:35] [run_formula] Running formula oski15a14b21s with K=134 up to limit 1600
[2025-12-12 07:30:47] [generate_cnf] Generating formula oski15a14b21s with K=135
[2025-12-12 07:31:03] [run_formula] Running formula oski15a14b21s with K=135 up to limit 1600
[2025-12-12 07:31:15] [generate_cnf] Generating formula oski15a14b21s with K=136
[2025-12-12 07:31:32] [run_formula] Running formula oski15a14b21s with K=136 up to limit 1600
[2025-12-12 07:31:44] [generate_cnf] Generating formula oski15a14b21s with K=137
[2025-12-12 07:32:02] [run_formula] Running formula oski15a14b21s with K=137 up to limit 1600
[2025-12-12 07:32:14] [generate_cnf] Generating formula oski15a14b21s with K=138
[2025-12-12 07:32:31] [run_formula] Running formula oski15a14b21s with K=138 up to limit 1600
[2025-12-12 07:32:43] [generate_cnf] Generating formula oski15a14b21s with K=139
[2025-12-12 07:33:00] [run_formula] Running formula oski15a14b21s with K=139 up to limit 1600
[2025-12-12 07:33:12] [generate_cnf] Generating formula oski15a14b21s with K=140
[2025-12-12 07:33:30] [run_formula] Running formula oski15a14b21s with K=140 up to limit 1600
[2025-12-12 07:33:42] [generate_cnf] Generating formula oski15a14b21s with K=141
[2025-12-12 07:33:59] [run_formula] Running formula oski15a14b21s with K=141 up to limit 1600
[2025-12-12 07:34:12] [generate_cnf] Generating formula oski15a14b21s with K=142
[2025-12-12 07:34:29] [run_formula] Running formula oski15a14b21s with K=142 up to limit 1600
[2025-12-12 07:34:42] [generate_cnf] Generating formula oski15a14b21s with K=143
[2025-12-12 07:34:59] [run_formula] Running formula oski15a14b21s with K=143 up to limit 1600
[2025-12-12 07:35:12] [generate_cnf] Generating formula oski15a14b21s with K=144
[2025-12-12 07:35:29] [run_formula] Running formula oski15a14b21s with K=144 up to limit 1600
[2025-12-12 07:35:42] [generate_cnf] Generating formula oski15a14b21s with K=145
[2025-12-12 07:36:00] [run_formula] Running formula oski15a14b21s with K=145 up to limit 1600
[2025-12-12 07:36:12] [generate_cnf] Generating formula oski15a14b21s with K=146
[2025-12-12 07:36:30] [run_formula] Running formula oski15a14b21s with K=146 up to limit 1600
[2025-12-12 07:36:43] [generate_cnf] Generating formula oski15a14b21s with K=147
[2025-12-12 07:37:01] [run_formula] Running formula oski15a14b21s with K=147 up to limit 1600
[2025-12-12 07:37:15] [generate_cnf] Generating formula oski15a14b21s with K=148
[2025-12-12 07:37:35] [run_formula] Running formula oski15a14b21s with K=148 up to limit 1600
[2025-12-12 07:37:48] [generate_cnf] Generating formula oski15a14b21s with K=149
[2025-12-12 07:38:05] [run_formula] Running formula oski15a14b21s with K=149 up to limit 1600
[2025-12-12 07:38:18] [generate_cnf] Generating formula oski15a14b21s with K=150
[2025-12-12 07:38:35] [run_formula] Running formula oski15a14b21s with K=150 up to limit 1600
[2025-12-12 07:38:48] [generate_cnf] Generating formula oski15a14b21s with K=151
[2025-12-12 07:39:05] [run_formula] Running formula oski15a14b21s with K=151 up to limit 1600
[2025-12-12 07:39:18] [generate_cnf] Generating formula oski15a14b21s with K=152
[2025-12-12 07:39:35] [run_formula] Running formula oski15a14b21s with K=152 up to limit 1600
[2025-12-12 07:39:48] [generate_cnf] Generating formula oski15a14b21s with K=153
[2025-12-12 07:40:06] [run_formula] Running formula oski15a14b21s with K=153 up to limit 1600
[2025-12-12 07:40:19] [generate_cnf] Generating formula oski15a14b21s with K=154
[2025-12-12 07:40:36] [run_formula] Running formula oski15a14b21s with K=154 up to limit 1600
[2025-12-12 07:40:49] [generate_cnf] Generating formula oski15a14b21s with K=155
[2025-12-12 07:41:05] [run_formula] Running formula oski15a14b21s with K=155 up to limit 1600
[2025-12-12 07:41:17] [generate_cnf] Generating formula oski15a14b21s with K=156
[2025-12-12 07:41:34] [run_formula] Running formula oski15a14b21s with K=156 up to limit 1600
[2025-12-12 07:41:47] [generate_cnf] Generating formula oski15a14b21s with K=157
[2025-12-12 07:42:09] [run_formula] Running formula oski15a14b21s with K=157 up to limit 1600
[2025-12-12 07:42:23] [generate_cnf] Generating formula oski15a14b21s with K=158
[2025-12-12 07:42:42] [run_formula] Running formula oski15a14b21s with K=158 up to limit 1600
[2025-12-12 07:42:55] [generate_cnf] Generating formula oski15a14b21s with K=159
[2025-12-12 07:43:15] [run_formula] Running formula oski15a14b21s with K=159 up to limit 1600
[2025-12-12 07:43:29] [generate_cnf] Generating formula oski15a14b21s with K=160
[2025-12-12 07:43:51] [run_formula] Running formula oski15a14b21s with K=160 up to limit 1600
[2025-12-12 07:44:06] [generate_cnf] Generating formula oski15a14b21s with K=161
[2025-12-12 07:44:29] [run_formula] Running formula oski15a14b21s with K=161 up to limit 1600
[2025-12-12 07:44:43] [generate_cnf] Generating formula oski15a14b21s with K=162
[2025-12-12 07:45:06] [run_formula] Running formula oski15a14b21s with K=162 up to limit 1600
[2025-12-12 07:45:20] [generate_cnf] Generating formula oski15a14b21s with K=163
[2025-12-12 07:45:43] [run_formula] Running formula oski15a14b21s with K=163 up to limit 1600
[2025-12-12 07:45:58] [generate_cnf] Generating formula oski15a14b21s with K=164
[2025-12-12 07:46:21] [run_formula] Running formula oski15a14b21s with K=164 up to limit 1600
[2025-12-12 07:46:36] [generate_cnf] Generating formula oski15a14b21s with K=165
[2025-12-12 07:46:59] [run_formula] Running formula oski15a14b21s with K=165 up to limit 1600
[2025-12-12 07:47:14] [generate_cnf] Generating formula oski15a14b21s with K=166
[2025-12-12 07:47:37] [run_formula] Running formula oski15a14b21s with K=166 up to limit 1600
[2025-12-12 07:47:53] [generate_cnf] Generating formula oski15a14b21s with K=167
[2025-12-12 07:48:17] [run_formula] Running formula oski15a14b21s with K=167 up to limit 1600
[2025-12-12 07:48:33] [generate_cnf] Generating formula oski15a14b21s with K=168
[2025-12-12 07:48:57] [run_formula] Running formula oski15a14b21s with K=168 up to limit 1600
[2025-12-12 07:49:12] [generate_cnf] Generating formula oski15a14b21s with K=169
[2025-12-12 07:49:37] [run_formula] Running formula oski15a14b21s with K=169 up to limit 1600
[2025-12-12 07:49:53] [generate_cnf] Generating formula oski15a14b21s with K=170
[2025-12-12 07:50:17] [run_formula] Running formula oski15a14b21s with K=170 up to limit 1600
[2025-12-12 07:50:33] [generate_cnf] Generating formula oski15a14b21s with K=171
[2025-12-12 07:50:56] [run_formula] Running formula oski15a14b21s with K=171 up to limit 1600
[2025-12-12 07:51:11] [generate_cnf] Generating formula oski15a14b21s with K=172
[2025-12-12 07:51:33] [run_formula] Running formula oski15a14b21s with K=172 up to limit 1600
[2025-12-12 07:51:48] [generate_cnf] Generating formula oski15a14b21s with K=173
[2025-12-12 07:52:11] [run_formula] Running formula oski15a14b21s with K=173 up to limit 1600
[2025-12-12 07:52:27] [generate_cnf] Generating formula oski15a14b21s with K=174
[2025-12-12 07:52:59] [run_formula] Running formula oski15a14b21s with K=174 up to limit 1600
[2025-12-12 07:53:16] [generate_cnf] Generating formula oski15a14b21s with K=175
[2025-12-12 07:53:39] [run_formula] Running formula oski15a14b21s with K=175 up to limit 1600
[2025-12-12 07:53:58] [generate_cnf] Generating formula oski15a14b21s with K=176
[2025-12-12 07:54:25] [run_formula] Running formula oski15a14b21s with K=176 up to limit 1600
[2025-12-12 07:54:44] [generate_cnf] Generating formula oski15a14b21s with K=177
[2025-12-12 07:55:12] [run_formula] Running formula oski15a14b21s with K=177 up to limit 1600
[2025-12-12 07:55:32] [generate_cnf] Generating formula oski15a14b21s with K=178
[2025-12-12 07:56:00] [run_formula] Running formula oski15a14b21s with K=178 up to limit 1600
[2025-12-12 07:56:20] [generate_cnf] Generating formula oski15a14b21s with K=179
[2025-12-12 07:56:47] [run_formula] Running formula oski15a14b21s with K=179 up to limit 1600
[2025-12-12 07:57:06] [generate_cnf] Generating formula oski15a14b21s with K=180
[2025-12-12 07:57:34] [run_formula] Running formula oski15a14b21s with K=180 up to limit 1600
[2025-12-12 07:57:54] [generate_cnf] Generating formula oski15a14b21s with K=181
[2025-12-12 07:58:22] [run_formula] Running formula oski15a14b21s with K=181 up to limit 1600
[2025-12-12 07:58:41] [generate_cnf] Generating formula oski15a14b21s with K=182
[2025-12-12 07:59:09] [run_formula] Running formula oski15a14b21s with K=182 up to limit 1600
[2025-12-12 07:59:28] [generate_cnf] Generating formula oski15a14b21s with K=183
[2025-12-12 07:59:57] [run_formula] Running formula oski15a14b21s with K=183 up to limit 1600
[2025-12-12 08:00:17] [generate_cnf] Generating formula oski15a14b21s with K=184
[2025-12-12 08:00:44] [run_formula] Running formula oski15a14b21s with K=184 up to limit 1600
[2025-12-12 08:01:03] [generate_cnf] Generating formula oski15a14b21s with K=185
[2025-12-12 08:01:31] [run_formula] Running formula oski15a14b21s with K=185 up to limit 1600
[2025-12-12 08:01:50] [generate_cnf] Generating formula oski15a14b21s with K=186
[2025-12-12 08:02:25] [run_formula] Running formula oski15a14b21s with K=186 up to limit 1600
[2025-12-12 08:02:43] [generate_cnf] Generating formula oski15a14b21s with K=187
[2025-12-12 08:03:11] [run_formula] Running formula oski15a14b21s with K=187 up to limit 1600
[2025-12-12 08:03:28] [generate_cnf] Generating formula oski15a14b21s with K=188
[2025-12-12 08:03:55] [run_formula] Running formula oski15a14b21s with K=188 up to limit 1600
[2025-12-12 08:04:13] [generate_cnf] Generating formula oski15a14b21s with K=189
[2025-12-12 08:04:37] [run_formula] Running formula oski15a14b21s with K=189 up to limit 1600
[2025-12-12 08:04:55] [generate_cnf] Generating formula oski15a14b21s with K=190
[2025-12-12 08:05:22] [run_formula] Running formula oski15a14b21s with K=190 up to limit 1600
[2025-12-12 08:05:41] [generate_cnf] Generating formula oski15a14b21s with K=191
[2025-12-12 08:06:11] [run_formula] Running formula oski15a14b21s with K=191 up to limit 1600
[2025-12-12 08:06:31] [generate_cnf] Generating formula oski15a14b21s with K=192
[2025-12-12 08:07:01] [run_formula] Running formula oski15a14b21s with K=192 up to limit 1600
[2025-12-12 08:07:21] [generate_cnf] Generating formula oski15a14b21s with K=193
[2025-12-12 08:07:51] [run_formula] Running formula oski15a14b21s with K=193 up to limit 1600
[2025-12-12 08:08:11] [generate_cnf] Generating formula oski15a14b21s with K=194
[2025-12-12 08:08:40] [run_formula] Running formula oski15a14b21s with K=194 up to limit 1600
[2025-12-12 08:09:00] [generate_cnf] Generating formula oski15a14b21s with K=195
[2025-12-12 08:09:31] [run_formula] Running formula oski15a14b21s with K=195 up to limit 1600
[2025-12-12 08:09:52] [generate_cnf] Generating formula oski15a14b21s with K=196
[2025-12-12 08:10:22] [run_formula] Running formula oski15a14b21s with K=196 up to limit 1600
[2025-12-12 08:10:42] [generate_cnf] Generating formula oski15a14b21s with K=197
[2025-12-12 08:11:13] [run_formula] Running formula oski15a14b21s with K=197 up to limit 1600
[2025-12-12 08:11:34] [generate_cnf] Generating formula oski15a14b21s with K=198
[2025-12-12 08:12:04] [run_formula] Running formula oski15a14b21s with K=198 up to limit 1600
[2025-12-12 08:12:24] [generate_cnf] Generating formula oski15a14b21s with K=199
[2025-12-12 08:12:55] [run_formula] Running formula oski15a14b21s with K=199 up to limit 1600
[2025-12-12 08:13:16] [generate_cnf] Generating formula oski15a14b21s with K=200
[2025-12-12 08:13:47] [run_formula] Running formula oski15a14b21s with K=200 up to limit 1600
[2025-12-12 08:14:08] [generate_cnf] Generating formula oski15a14b21s with K=201
[2025-12-12 08:14:39] [run_formula] Running formula oski15a14b21s with K=201 up to limit 1600
[2025-12-12 08:14:58] [generate_cnf] Generating formula oski15a14b21s with K=202
[2025-12-12 08:15:25] [run_formula] Running formula oski15a14b21s with K=202 up to limit 1600
[2025-12-12 08:15:45] [generate_cnf] Generating formula oski15a14b21s with K=203
[2025-12-12 08:16:14] [run_formula] Running formula oski15a14b21s with K=203 up to limit 1600
[2025-12-12 08:16:34] [generate_cnf] Generating formula oski15a14b21s with K=204
[2025-12-12 08:17:02] [run_formula] Running formula oski15a14b21s with K=204 up to limit 1600
[2025-12-12 08:17:22] [generate_cnf] Generating formula oski15a14b21s with K=205
[2025-12-12 08:17:51] [run_formula] Running formula oski15a14b21s with K=205 up to limit 1600
[2025-12-12 08:18:12] [generate_cnf] Generating formula oski15a14b21s with K=206
[2025-12-12 08:18:43] [run_formula] Running formula oski15a14b21s with K=206 up to limit 1600
[2025-12-12 08:19:05] [generate_cnf] Generating formula oski15a14b21s with K=207
[2025-12-12 08:19:37] [run_formula] Running formula oski15a14b21s with K=207 up to limit 1600
[2025-12-12 08:20:00] [generate_cnf] Generating formula oski15a14b21s with K=208
[2025-12-12 08:20:32] [run_formula] Running formula oski15a14b21s with K=208 up to limit 1600
[2025-12-12 08:20:53] [generate_cnf] Generating formula oski15a14b21s with K=209
[2025-12-12 08:21:26] [run_formula] Running formula oski15a14b21s with K=209 up to limit 1600
[2025-12-12 08:21:48] [generate_cnf] Generating formula oski15a14b21s with K=210
[2025-12-12 08:22:20] [run_formula] Running formula oski15a14b21s with K=210 up to limit 1600
[2025-12-12 08:22:42] [generate_cnf] Generating formula oski15a14b21s with K=211
[2025-12-12 08:23:19] [run_formula] Running formula oski15a14b21s with K=211 up to limit 1600
[2025-12-12 08:23:42] [generate_cnf] Generating formula oski15a14b21s with K=212
[2025-12-12 08:24:14] [run_formula] Running formula oski15a14b21s with K=212 up to limit 1600
[2025-12-12 08:24:36] [generate_cnf] Generating formula oski15a14b21s with K=213
[2025-12-12 08:25:09] [run_formula] Running formula oski15a14b21s with K=213 up to limit 1600
[2025-12-12 08:25:32] [generate_cnf] Generating formula oski15a14b21s with K=214
[2025-12-12 08:26:05] [run_formula] Running formula oski15a14b21s with K=214 up to limit 1600
[2025-12-12 08:26:27] [generate_cnf] Generating formula oski15a14b21s with K=215
[2025-12-12 08:26:58] [run_formula] Running formula oski15a14b21s with K=215 up to limit 1600
[2025-12-12 08:27:19] [generate_cnf] Generating formula oski15a14b21s with K=216
[2025-12-12 08:27:47] [run_formula] Running formula oski15a14b21s with K=216 up to limit 1600
[2025-12-12 08:28:07] [run_formula] Error running formula oski15a14b21s with K=216: [Errno 122] Disk quota exceeded: './results/solving_logs/oski15a14b21s//oski15a14b21s.216.log'
[2025-12-12 08:28:07] [generate_and_run_up_to_limit] Failed to run formula oski15a14b21s with K=216, halting
