CNF written.
CNF written.
CNF written.
CNF written.
CNF written.
CNF written.
CNF written.
CNF written.
CNF written.
CNF written.
CNF written.
CNF written.
CNF written.
CNF written.
CNF written.
CNF written.
CNF written.
CNF written.
CNF written.
CNF written.
CNF written.
CNF written.
CNF written.
CNF written.
CNF written.
CNF written.
CNF written.
CNF written.
CNF written.
CNF written.
CNF written.
CNF written.
CNF written.
CNF written.
CNF written.
CNF written.
CNF written.
CNF written.
CNF written.
CNF written.
CNF written.
CNF written.
CNF written.
CNF written.
CNF written.
CNF written.
CNF written.
CNF written.
CNF written.
CNF written.
CNF written.
CNF written.
CNF written.
CNF written.
CNF written.
CNF written.
CNF written.
CNF written.
CNF written.
CNF written.
CNF written.
CNF written.
CNF written.
CNF written.
CNF written.
CNF written.
CNF written.
CNF written.
CNF written.
CNF written.
CNF written.
CNF written.
CNF written.
CNF written.
CNF written.
CNF written.
CNF written.
CNF written.
[2025-12-12 07:03:56] [generate_and_run_up_to_limit] Generating and running oski15a01b69s with K<=500 up to limit 1600
[2025-12-12 07:03:56] [generate_cnf] Generating formula oski15a01b69s with K=1
[2025-12-12 07:04:00] [run_formula] Running formula oski15a01b69s with K=1 up to limit 1600
[2025-12-12 07:04:00] [generate_cnf] Generating formula oski15a01b69s with K=2
[2025-12-12 07:04:05] [run_formula] Running formula oski15a01b69s with K=2 up to limit 1600
[2025-12-12 07:04:06] [generate_cnf] Generating formula oski15a01b69s with K=3
[2025-12-12 07:04:12] [run_formula] Running formula oski15a01b69s with K=3 up to limit 1600
[2025-12-12 07:04:14] [generate_cnf] Generating formula oski15a01b69s with K=4
[2025-12-12 07:04:21] [run_formula] Running formula oski15a01b69s with K=4 up to limit 1600
[2025-12-12 07:04:23] [generate_cnf] Generating formula oski15a01b69s with K=5
[2025-12-12 07:04:32] [run_formula] Running formula oski15a01b69s with K=5 up to limit 1600
[2025-12-12 07:04:34] [generate_cnf] Generating formula oski15a01b69s with K=6
[2025-12-12 07:04:44] [run_formula] Running formula oski15a01b69s with K=6 up to limit 1600
[2025-12-12 07:04:46] [generate_cnf] Generating formula oski15a01b69s with K=7
[2025-12-12 07:04:58] [run_formula] Running formula oski15a01b69s with K=7 up to limit 1600
[2025-12-12 07:05:00] [generate_cnf] Generating formula oski15a01b69s with K=8
[2025-12-12 07:05:14] [run_formula] Running formula oski15a01b69s with K=8 up to limit 1600
[2025-12-12 07:05:17] [generate_cnf] Generating formula oski15a01b69s with K=9
[2025-12-12 07:05:32] [run_formula] Running formula oski15a01b69s with K=9 up to limit 1600
[2025-12-12 07:05:35] [generate_cnf] Generating formula oski15a01b69s with K=10
[2025-12-12 07:05:50] [run_formula] Running formula oski15a01b69s with K=10 up to limit 1600
[2025-12-12 07:05:54] [generate_cnf] Generating formula oski15a01b69s with K=11
[2025-12-12 07:06:10] [run_formula] Running formula oski15a01b69s with K=11 up to limit 1600
[2025-12-12 07:06:14] [generate_cnf] Generating formula oski15a01b69s with K=12
[2025-12-12 07:06:32] [run_formula] Running formula oski15a01b69s with K=12 up to limit 1600
[2025-12-12 07:06:37] [generate_cnf] Generating formula oski15a01b69s with K=13
[2025-12-12 07:06:56] [run_formula] Running formula oski15a01b69s with K=13 up to limit 1600
[2025-12-12 07:07:01] [generate_cnf] Generating formula oski15a01b69s with K=14
[2025-12-12 07:07:22] [run_formula] Running formula oski15a01b69s with K=14 up to limit 1600
[2025-12-12 07:07:27] [generate_cnf] Generating formula oski15a01b69s with K=15
[2025-12-12 07:07:49] [run_formula] Running formula oski15a01b69s with K=15 up to limit 1600
[2025-12-12 07:07:54] [generate_cnf] Generating formula oski15a01b69s with K=16
[2025-12-12 07:08:18] [run_formula] Running formula oski15a01b69s with K=16 up to limit 1600
[2025-12-12 07:08:23] [generate_cnf] Generating formula oski15a01b69s with K=17
[2025-12-12 07:08:48] [run_formula] Running formula oski15a01b69s with K=17 up to limit 1600
[2025-12-12 07:08:54] [generate_cnf] Generating formula oski15a01b69s with K=18
[2025-12-12 07:09:20] [run_formula] Running formula oski15a01b69s with K=18 up to limit 1600
[2025-12-12 07:09:27] [generate_cnf] Generating formula oski15a01b69s with K=19
[2025-12-12 07:09:54] [run_formula] Running formula oski15a01b69s with K=19 up to limit 1600
[2025-12-12 07:10:01] [generate_cnf] Generating formula oski15a01b69s with K=20
[2025-12-12 07:10:30] [run_formula] Running formula oski15a01b69s with K=20 up to limit 1600
[2025-12-12 07:10:37] [generate_cnf] Generating formula oski15a01b69s with K=21
[2025-12-12 07:11:06] [run_formula] Running formula oski15a01b69s with K=21 up to limit 1600
[2025-12-12 07:11:14] [generate_cnf] Generating formula oski15a01b69s with K=22
[2025-12-12 07:11:45] [run_formula] Running formula oski15a01b69s with K=22 up to limit 1600
[2025-12-12 07:11:53] [generate_cnf] Generating formula oski15a01b69s with K=23
[2025-12-12 07:12:25] [run_formula] Running formula oski15a01b69s with K=23 up to limit 1600
[2025-12-12 07:12:33] [generate_cnf] Generating formula oski15a01b69s with K=24
[2025-12-12 07:13:07] [run_formula] Running formula oski15a01b69s with K=24 up to limit 1600
[2025-12-12 07:13:15] [generate_cnf] Generating formula oski15a01b69s with K=25
[2025-12-12 07:13:50] [run_formula] Running formula oski15a01b69s with K=25 up to limit 1600
[2025-12-12 07:13:59] [generate_cnf] Generating formula oski15a01b69s with K=26
[2025-12-12 07:14:34] [run_formula] Running formula oski15a01b69s with K=26 up to limit 1600
[2025-12-12 07:14:43] [generate_cnf] Generating formula oski15a01b69s with K=27
[2025-12-12 07:15:19] [run_formula] Running formula oski15a01b69s with K=27 up to limit 1600
[2025-12-12 07:15:29] [generate_cnf] Generating formula oski15a01b69s with K=28
[2025-12-12 07:16:08] [run_formula] Running formula oski15a01b69s with K=28 up to limit 1600
[2025-12-12 07:16:17] [generate_cnf] Generating formula oski15a01b69s with K=29
[2025-12-12 07:16:58] [run_formula] Running formula oski15a01b69s with K=29 up to limit 1600
[2025-12-12 07:17:08] [generate_cnf] Generating formula oski15a01b69s with K=30
[2025-12-12 07:17:49] [run_formula] Running formula oski15a01b69s with K=30 up to limit 1600
[2025-12-12 07:17:59] [generate_cnf] Generating formula oski15a01b69s with K=31
[2025-12-12 07:18:42] [run_formula] Running formula oski15a01b69s with K=31 up to limit 1600
[2025-12-12 07:18:53] [generate_cnf] Generating formula oski15a01b69s with K=32
[2025-12-12 07:19:37] [run_formula] Running formula oski15a01b69s with K=32 up to limit 1600
[2025-12-12 07:19:48] [generate_cnf] Generating formula oski15a01b69s with K=33
[2025-12-12 07:20:33] [run_formula] Running formula oski15a01b69s with K=33 up to limit 1600
[2025-12-12 07:20:44] [generate_cnf] Generating formula oski15a01b69s with K=34
[2025-12-12 07:21:30] [run_formula] Running formula oski15a01b69s with K=34 up to limit 1600
[2025-12-12 07:21:43] [generate_cnf] Generating formula oski15a01b69s with K=35
[2025-12-12 07:22:31] [run_formula] Running formula oski15a01b69s with K=35 up to limit 1600
[2025-12-12 07:22:44] [generate_cnf] Generating formula oski15a01b69s with K=36
[2025-12-12 07:23:33] [run_formula] Running formula oski15a01b69s with K=36 up to limit 1600
[2025-12-12 07:23:46] [generate_cnf] Generating formula oski15a01b69s with K=37
[2025-12-12 07:24:36] [run_formula] Running formula oski15a01b69s with K=37 up to limit 1600
[2025-12-12 07:24:49] [generate_cnf] Generating formula oski15a01b69s with K=38
[2025-12-12 07:25:40] [run_formula] Running formula oski15a01b69s with K=38 up to limit 1600
[2025-12-12 07:25:54] [generate_cnf] Generating formula oski15a01b69s with K=39
[2025-12-12 07:26:46] [run_formula] Running formula oski15a01b69s with K=39 up to limit 1600
[2025-12-12 07:27:00] [generate_cnf] Generating formula oski15a01b69s with K=40
[2025-12-12 07:27:54] [run_formula] Running formula oski15a01b69s with K=40 up to limit 1600
[2025-12-12 07:28:08] [generate_cnf] Generating formula oski15a01b69s with K=41
[2025-12-12 07:29:03] [run_formula] Running formula oski15a01b69s with K=41 up to limit 1600
[2025-12-12 07:29:17] [generate_cnf] Generating formula oski15a01b69s with K=42
[2025-12-12 07:30:13] [run_formula] Running formula oski15a01b69s with K=42 up to limit 1600
[2025-12-12 07:30:27] [generate_cnf] Generating formula oski15a01b69s with K=43
[2025-12-12 07:31:24] [run_formula] Running formula oski15a01b69s with K=43 up to limit 1600
[2025-12-12 07:31:40] [generate_cnf] Generating formula oski15a01b69s with K=44
[2025-12-12 07:32:37] [run_formula] Running formula oski15a01b69s with K=44 up to limit 1600
[2025-12-12 07:32:51] [generate_cnf] Generating formula oski15a01b69s with K=45
[2025-12-12 07:33:50] [run_formula] Running formula oski15a01b69s with K=45 up to limit 1600
[2025-12-12 07:34:06] [generate_cnf] Generating formula oski15a01b69s with K=46
[2025-12-12 07:35:07] [run_formula] Running formula oski15a01b69s with K=46 up to limit 1600
[2025-12-12 07:35:22] [generate_cnf] Generating formula oski15a01b69s with K=47
[2025-12-12 07:36:23] [run_formula] Running formula oski15a01b69s with K=47 up to limit 1600
[2025-12-12 07:36:39] [generate_cnf] Generating formula oski15a01b69s with K=48
[2025-12-12 07:37:42] [run_formula] Running formula oski15a01b69s with K=48 up to limit 1600
[2025-12-12 07:37:58] [generate_cnf] Generating formula oski15a01b69s with K=49
[2025-12-12 07:39:02] [run_formula] Running formula oski15a01b69s with K=49 up to limit 1600
[2025-12-12 07:39:19] [generate_cnf] Generating formula oski15a01b69s with K=50
[2025-12-12 07:40:25] [run_formula] Running formula oski15a01b69s with K=50 up to limit 1600
[2025-12-12 07:40:44] [generate_cnf] Generating formula oski15a01b69s with K=51
[2025-12-12 07:41:52] [run_formula] Running formula oski15a01b69s with K=51 up to limit 1600
[2025-12-12 07:42:09] [generate_cnf] Generating formula oski15a01b69s with K=52
[2025-12-12 07:43:17] [run_formula] Running formula oski15a01b69s with K=52 up to limit 1600
[2025-12-12 07:43:34] [generate_cnf] Generating formula oski15a01b69s with K=53
[2025-12-12 07:44:41] [run_formula] Running formula oski15a01b69s with K=53 up to limit 1600
[2025-12-12 07:44:59] [generate_cnf] Generating formula oski15a01b69s with K=54
[2025-12-12 07:46:07] [run_formula] Running formula oski15a01b69s with K=54 up to limit 1600
[2025-12-12 07:46:24] [generate_cnf] Generating formula oski15a01b69s with K=55
[2025-12-12 07:47:35] [run_formula] Running formula oski15a01b69s with K=55 up to limit 1600
[2025-12-12 07:47:54] [generate_cnf] Generating formula oski15a01b69s with K=56
[2025-12-12 07:49:07] [run_formula] Running formula oski15a01b69s with K=56 up to limit 1600
[2025-12-12 07:49:26] [generate_cnf] Generating formula oski15a01b69s with K=57
[2025-12-12 07:50:40] [run_formula] Running formula oski15a01b69s with K=57 up to limit 1600
[2025-12-12 07:50:59] [generate_cnf] Generating formula oski15a01b69s with K=58
[2025-12-12 07:52:13] [run_formula] Running formula oski15a01b69s with K=58 up to limit 1600
[2025-12-12 07:52:32] [generate_cnf] Generating formula oski15a01b69s with K=59
[2025-12-12 07:53:47] [run_formula] Running formula oski15a01b69s with K=59 up to limit 1600
[2025-12-12 07:54:07] [generate_cnf] Generating formula oski15a01b69s with K=60
[2025-12-12 07:55:24] [run_formula] Running formula oski15a01b69s with K=60 up to limit 1600
[2025-12-12 07:55:44] [generate_cnf] Generating formula oski15a01b69s with K=61
[2025-12-12 07:57:03] [run_formula] Running formula oski15a01b69s with K=61 up to limit 1600
[2025-12-12 07:57:24] [generate_cnf] Generating formula oski15a01b69s with K=62
[2025-12-12 07:58:44] [run_formula] Running formula oski15a01b69s with K=62 up to limit 1600
[2025-12-12 07:59:04] [generate_cnf] Generating formula oski15a01b69s with K=63
[2025-12-12 08:00:23] [run_formula] Running formula oski15a01b69s with K=63 up to limit 1600
[2025-12-12 08:00:45] [generate_cnf] Generating formula oski15a01b69s with K=64
[2025-12-12 08:02:08] [run_formula] Running formula oski15a01b69s with K=64 up to limit 1600
[2025-12-12 08:02:29] [generate_cnf] Generating formula oski15a01b69s with K=65
[2025-12-12 08:03:53] [run_formula] Running formula oski15a01b69s with K=65 up to limit 1600
[2025-12-12 08:04:15] [generate_cnf] Generating formula oski15a01b69s with K=66
[2025-12-12 08:05:39] [run_formula] Running formula oski15a01b69s with K=66 up to limit 1600
[2025-12-12 08:06:01] [generate_cnf] Generating formula oski15a01b69s with K=67
[2025-12-12 08:07:28] [run_formula] Running formula oski15a01b69s with K=67 up to limit 1600
[2025-12-12 08:07:51] [generate_cnf] Generating formula oski15a01b69s with K=68
[2025-12-12 08:09:18] [run_formula] Running formula oski15a01b69s with K=68 up to limit 1600
[2025-12-12 08:09:41] [generate_cnf] Generating formula oski15a01b69s with K=69
[2025-12-12 08:11:10] [run_formula] Running formula oski15a01b69s with K=69 up to limit 1600
[2025-12-12 08:11:35] [generate_cnf] Generating formula oski15a01b69s with K=70
[2025-12-12 08:13:05] [run_formula] Running formula oski15a01b69s with K=70 up to limit 1600
[2025-12-12 08:13:29] [generate_cnf] Generating formula oski15a01b69s with K=71
[2025-12-12 08:15:02] [run_formula] Running formula oski15a01b69s with K=71 up to limit 1600
[2025-12-12 08:15:27] [generate_cnf] Generating formula oski15a01b69s with K=72
[2025-12-12 08:17:00] [run_formula] Running formula oski15a01b69s with K=72 up to limit 1600
[2025-12-12 08:17:26] [generate_cnf] Generating formula oski15a01b69s with K=73
[2025-12-12 08:19:00] [run_formula] Running formula oski15a01b69s with K=73 up to limit 1600
[2025-12-12 08:19:26] [generate_cnf] Generating formula oski15a01b69s with K=74
[2025-12-12 08:21:04] [run_formula] Running formula oski15a01b69s with K=74 up to limit 1600
[2025-12-12 08:21:29] [generate_cnf] Generating formula oski15a01b69s with K=75
[2025-12-12 08:23:07] [run_formula] Running formula oski15a01b69s with K=75 up to limit 1600
[2025-12-12 08:23:33] [generate_cnf] Generating formula oski15a01b69s with K=76
[2025-12-12 08:25:14] [run_formula] Running formula oski15a01b69s with K=76 up to limit 1600
[2025-12-12 08:25:40] [generate_cnf] Generating formula oski15a01b69s with K=77
[2025-12-12 08:27:20] [run_formula] Running formula oski15a01b69s with K=77 up to limit 1600
[2025-12-12 08:27:47] [generate_cnf] Generating formula oski15a01b69s with K=78
[2025-12-12 08:28:50] [generate_and_run_up_to_limit] Failed to generate CNF for oski15a01b69s with K=78, halting
