CNF written.
CNF written.
CNF written.
CNF written.
CNF written.
CNF written.
CNF written.
CNF written.
CNF written.
CNF written.
CNF written.
CNF written.
CNF written.
CNF written.
CNF written.
CNF written.
CNF written.
CNF written.
CNF written.
CNF written.
CNF written.
CNF written.
CNF written.
CNF written.
CNF written.
CNF written.
CNF written.
CNF written.
CNF written.
CNF written.
CNF written.
CNF written.
CNF written.
CNF written.
CNF written.
CNF written.
CNF written.
CNF written.
CNF written.
CNF written.
CNF written.
CNF written.
CNF written.
[2025-12-12 07:26:52] [generate_and_run_up_to_limit] Generating and running oski15a10b11s with K<=500 up to limit 1600
[2025-12-12 07:26:52] [generate_cnf] Generating formula oski15a10b11s with K=1
[2025-12-12 07:26:52] [run_formula] Running formula oski15a10b11s with K=1 up to limit 1600
[2025-12-12 07:26:52] [generate_cnf] Generating formula oski15a10b11s with K=2
[2025-12-12 07:26:53] [run_formula] Running formula oski15a10b11s with K=2 up to limit 1600
[2025-12-12 07:26:53] [generate_cnf] Generating formula oski15a10b11s with K=3
[2025-12-12 07:26:54] [run_formula] Running formula oski15a10b11s with K=3 up to limit 1600
[2025-12-12 07:26:54] [generate_cnf] Generating formula oski15a10b11s with K=4
[2025-12-12 07:26:55] [run_formula] Running formula oski15a10b11s with K=4 up to limit 1600
[2025-12-12 07:26:55] [generate_cnf] Generating formula oski15a10b11s with K=5
[2025-12-12 07:26:56] [run_formula] Running formula oski15a10b11s with K=5 up to limit 1600
[2025-12-12 07:26:57] [generate_cnf] Generating formula oski15a10b11s with K=6
[2025-12-12 07:26:58] [run_formula] Running formula oski15a10b11s with K=6 up to limit 1600
[2025-12-12 07:26:59] [generate_cnf] Generating formula oski15a10b11s with K=7
[2025-12-12 07:27:01] [run_formula] Running formula oski15a10b11s with K=7 up to limit 1600
[2025-12-12 07:27:02] [generate_cnf] Generating formula oski15a10b11s with K=8
[2025-12-12 07:27:04] [run_formula] Running formula oski15a10b11s with K=8 up to limit 1600
[2025-12-12 07:27:07] [generate_cnf] Generating formula oski15a10b11s with K=9
[2025-12-12 07:27:09] [run_formula] Running formula oski15a10b11s with K=9 up to limit 1600
[2025-12-12 07:27:11] [generate_cnf] Generating formula oski15a10b11s with K=10
[2025-12-12 07:27:13] [run_formula] Running formula oski15a10b11s with K=10 up to limit 1600
[2025-12-12 07:27:18] [generate_cnf] Generating formula oski15a10b11s with K=11
[2025-12-12 07:27:21] [run_formula] Running formula oski15a10b11s with K=11 up to limit 1600
[2025-12-12 07:27:27] [generate_cnf] Generating formula oski15a10b11s with K=12
[2025-12-12 07:27:29] [run_formula] Running formula oski15a10b11s with K=12 up to limit 1600
[2025-12-12 07:27:44] [generate_cnf] Generating formula oski15a10b11s with K=13
[2025-12-12 07:27:47] [run_formula] Running formula oski15a10b11s with K=13 up to limit 1600
[2025-12-12 07:27:54] [generate_cnf] Generating formula oski15a10b11s with K=14
[2025-12-12 07:27:57] [run_formula] Running formula oski15a10b11s with K=14 up to limit 1600
[2025-12-12 07:28:24] [generate_cnf] Generating formula oski15a10b11s with K=15
[2025-12-12 07:28:27] [run_formula] Running formula oski15a10b11s with K=15 up to limit 1600
[2025-12-12 07:28:34] [generate_cnf] Generating formula oski15a10b11s with K=16
[2025-12-12 07:28:37] [run_formula] Running formula oski15a10b11s with K=16 up to limit 1600
[2025-12-12 07:28:44] [generate_cnf] Generating formula oski15a10b11s with K=17
[2025-12-12 07:28:46] [run_formula] Running formula oski15a10b11s with K=17 up to limit 1600
[2025-12-12 07:29:16] [generate_cnf] Generating formula oski15a10b11s with K=18
[2025-12-12 07:29:19] [run_formula] Running formula oski15a10b11s with K=18 up to limit 1600
[2025-12-12 07:29:45] [generate_cnf] Generating formula oski15a10b11s with K=19
[2025-12-12 07:29:48] [run_formula] Running formula oski15a10b11s with K=19 up to limit 1600
[2025-12-12 07:29:57] [generate_cnf] Generating formula oski15a10b11s with K=20
[2025-12-12 07:30:01] [run_formula] Running formula oski15a10b11s with K=20 up to limit 1600
[2025-12-12 07:30:10] [generate_cnf] Generating formula oski15a10b11s with K=21
[2025-12-12 07:30:14] [run_formula] Running formula oski15a10b11s with K=21 up to limit 1600
[2025-12-12 07:30:38] [generate_cnf] Generating formula oski15a10b11s with K=22
[2025-12-12 07:30:43] [run_formula] Running formula oski15a10b11s with K=22 up to limit 1600
[2025-12-12 07:31:22] [generate_cnf] Generating formula oski15a10b11s with K=23
[2025-12-12 07:31:27] [run_formula] Running formula oski15a10b11s with K=23 up to limit 1600
[2025-12-12 07:32:14] [generate_cnf] Generating formula oski15a10b11s with K=24
[2025-12-12 07:32:19] [run_formula] Running formula oski15a10b11s with K=24 up to limit 1600
[2025-12-12 07:34:22] [generate_cnf] Generating formula oski15a10b11s with K=25
[2025-12-12 07:34:27] [run_formula] Running formula oski15a10b11s with K=25 up to limit 1600
[2025-12-12 07:35:02] [generate_cnf] Generating formula oski15a10b11s with K=26
[2025-12-12 07:35:07] [run_formula] Running formula oski15a10b11s with K=26 up to limit 1600
[2025-12-12 07:37:54] [generate_cnf] Generating formula oski15a10b11s with K=27
[2025-12-12 07:38:00] [run_formula] Running formula oski15a10b11s with K=27 up to limit 1600
[2025-12-12 07:38:39] [generate_cnf] Generating formula oski15a10b11s with K=28
[2025-12-12 07:38:45] [run_formula] Running formula oski15a10b11s with K=28 up to limit 1600
[2025-12-12 07:39:25] [generate_cnf] Generating formula oski15a10b11s with K=29
[2025-12-12 07:39:31] [run_formula] Running formula oski15a10b11s with K=29 up to limit 1600
[2025-12-12 07:42:10] [generate_cnf] Generating formula oski15a10b11s with K=30
[2025-12-12 07:42:18] [run_formula] Running formula oski15a10b11s with K=30 up to limit 1600
[2025-12-12 07:45:02] [generate_cnf] Generating formula oski15a10b11s with K=31
[2025-12-12 07:45:09] [run_formula] Running formula oski15a10b11s with K=31 up to limit 1600
[2025-12-12 07:45:48] [generate_cnf] Generating formula oski15a10b11s with K=32
[2025-12-12 07:45:55] [run_formula] Running formula oski15a10b11s with K=32 up to limit 1600
[2025-12-12 07:48:25] [generate_cnf] Generating formula oski15a10b11s with K=33
[2025-12-12 07:48:32] [run_formula] Running formula oski15a10b11s with K=33 up to limit 1600
[2025-12-12 07:51:35] [generate_cnf] Generating formula oski15a10b11s with K=34
[2025-12-12 07:51:42] [run_formula] Running formula oski15a10b11s with K=34 up to limit 1600
[2025-12-12 07:55:02] [generate_cnf] Generating formula oski15a10b11s with K=35
[2025-12-12 07:55:09] [run_formula] Running formula oski15a10b11s with K=35 up to limit 1600
[2025-12-12 07:57:35] [generate_cnf] Generating formula oski15a10b11s with K=36
[2025-12-12 07:57:43] [run_formula] Running formula oski15a10b11s with K=36 up to limit 1600
[2025-12-12 08:00:26] [generate_cnf] Generating formula oski15a10b11s with K=37
[2025-12-12 08:00:34] [run_formula] Running formula oski15a10b11s with K=37 up to limit 1600
[2025-12-12 08:03:47] [generate_cnf] Generating formula oski15a10b11s with K=38
[2025-12-12 08:03:55] [run_formula] Running formula oski15a10b11s with K=38 up to limit 1600
[2025-12-12 08:07:15] [generate_cnf] Generating formula oski15a10b11s with K=39
[2025-12-12 08:07:23] [run_formula] Running formula oski15a10b11s with K=39 up to limit 1600
[2025-12-12 08:10:42] [generate_cnf] Generating formula oski15a10b11s with K=40
[2025-12-12 08:10:51] [run_formula] Running formula oski15a10b11s with K=40 up to limit 1600
[2025-12-12 08:14:07] [generate_cnf] Generating formula oski15a10b11s with K=41
[2025-12-12 08:14:15] [run_formula] Running formula oski15a10b11s with K=41 up to limit 1600
[2025-12-12 08:16:32] [generate_cnf] Generating formula oski15a10b11s with K=42
[2025-12-12 08:16:41] [run_formula] Running formula oski15a10b11s with K=42 up to limit 1600
[2025-12-12 08:27:51] [generate_cnf] Generating formula oski15a10b11s with K=43
[2025-12-12 08:28:01] [run_formula] Running formula oski15a10b11s with K=43 up to limit 1600
[2025-12-12 08:39:25] [run_formula] Error running formula oski15a10b11s with K=43: [Errno 122] Disk quota exceeded: './results/solving_logs/oski15a10b11s//oski15a10b11s.43.log'
[2025-12-12 08:39:25] [generate_and_run_up_to_limit] Failed to run formula oski15a10b11s with K=43, halting
