CNF written.
CNF written.
CNF written.
CNF written.
CNF written.
CNF written.
CNF written.
CNF written.
CNF written.
CNF written.
CNF written.
CNF written.
CNF written.
CNF written.
CNF written.
CNF written.
CNF written.
CNF written.
CNF written.
CNF written.
CNF written.
CNF written.
CNF written.
CNF written.
CNF written.
CNF written.
CNF written.
CNF written.
CNF written.
CNF written.
CNF written.
CNF written.
CNF written.
CNF written.
CNF written.
CNF written.
CNF written.
CNF written.
CNF written.
CNF written.
CNF written.
CNF written.
CNF written.
CNF written.
CNF written.
CNF written.
CNF written.
CNF written.
CNF written.
CNF written.
CNF written.
CNF written.
[2025-12-12 07:53:31] [generate_and_run_up_to_limit] Generating and running oski15a01b63s with K<=500 up to limit 1600
[2025-12-12 07:53:31] [generate_cnf] Generating formula oski15a01b63s with K=1
[2025-12-12 07:53:34] [run_formula] Running formula oski15a01b63s with K=1 up to limit 1600
[2025-12-12 07:53:35] [generate_cnf] Generating formula oski15a01b63s with K=2
[2025-12-12 07:53:39] [run_formula] Running formula oski15a01b63s with K=2 up to limit 1600
[2025-12-12 07:53:40] [generate_cnf] Generating formula oski15a01b63s with K=3
[2025-12-12 07:53:45] [run_formula] Running formula oski15a01b63s with K=3 up to limit 1600
[2025-12-12 07:53:46] [generate_cnf] Generating formula oski15a01b63s with K=4
[2025-12-12 07:53:52] [run_formula] Running formula oski15a01b63s with K=4 up to limit 1600
[2025-12-12 07:53:54] [generate_cnf] Generating formula oski15a01b63s with K=5
[2025-12-12 07:54:01] [run_formula] Running formula oski15a01b63s with K=5 up to limit 1600
[2025-12-12 07:54:02] [generate_cnf] Generating formula oski15a01b63s with K=6
[2025-12-12 07:54:11] [run_formula] Running formula oski15a01b63s with K=6 up to limit 1600
[2025-12-12 07:54:13] [generate_cnf] Generating formula oski15a01b63s with K=7
[2025-12-12 07:54:23] [run_formula] Running formula oski15a01b63s with K=7 up to limit 1600
[2025-12-12 07:54:26] [generate_cnf] Generating formula oski15a01b63s with K=8
[2025-12-12 07:54:37] [run_formula] Running formula oski15a01b63s with K=8 up to limit 1600
[2025-12-12 07:54:39] [generate_cnf] Generating formula oski15a01b63s with K=9
[2025-12-12 07:54:51] [run_formula] Running formula oski15a01b63s with K=9 up to limit 1600
[2025-12-12 07:54:54] [generate_cnf] Generating formula oski15a01b63s with K=10
[2025-12-12 07:55:07] [run_formula] Running formula oski15a01b63s with K=10 up to limit 1600
[2025-12-12 07:55:11] [generate_cnf] Generating formula oski15a01b63s with K=11
[2025-12-12 07:55:25] [run_formula] Running formula oski15a01b63s with K=11 up to limit 1600
[2025-12-12 07:55:28] [generate_cnf] Generating formula oski15a01b63s with K=12
[2025-12-12 07:55:44] [run_formula] Running formula oski15a01b63s with K=12 up to limit 1600
[2025-12-12 07:55:47] [generate_cnf] Generating formula oski15a01b63s with K=13
[2025-12-12 07:56:04] [run_formula] Running formula oski15a01b63s with K=13 up to limit 1600
[2025-12-12 07:56:08] [generate_cnf] Generating formula oski15a01b63s with K=14
[2025-12-12 07:56:25] [run_formula] Running formula oski15a01b63s with K=14 up to limit 1600
[2025-12-12 07:56:29] [generate_cnf] Generating formula oski15a01b63s with K=15
[2025-12-12 07:56:48] [run_formula] Running formula oski15a01b63s with K=15 up to limit 1600
[2025-12-12 07:56:53] [generate_cnf] Generating formula oski15a01b63s with K=16
[2025-12-12 07:57:13] [run_formula] Running formula oski15a01b63s with K=16 up to limit 1600
[2025-12-12 07:57:18] [generate_cnf] Generating formula oski15a01b63s with K=17
[2025-12-12 07:57:39] [run_formula] Running formula oski15a01b63s with K=17 up to limit 1600
[2025-12-12 07:57:44] [generate_cnf] Generating formula oski15a01b63s with K=18
[2025-12-12 07:58:07] [run_formula] Running formula oski15a01b63s with K=18 up to limit 1600
[2025-12-12 07:58:13] [generate_cnf] Generating formula oski15a01b63s with K=19
[2025-12-12 07:58:36] [run_formula] Running formula oski15a01b63s with K=19 up to limit 1600
[2025-12-12 07:58:42] [generate_cnf] Generating formula oski15a01b63s with K=20
[2025-12-12 07:59:07] [run_formula] Running formula oski15a01b63s with K=20 up to limit 1600
[2025-12-12 07:59:13] [generate_cnf] Generating formula oski15a01b63s with K=21
[2025-12-12 07:59:39] [run_formula] Running formula oski15a01b63s with K=21 up to limit 1600
[2025-12-12 07:59:46] [generate_cnf] Generating formula oski15a01b63s with K=22
[2025-12-12 08:00:13] [run_formula] Running formula oski15a01b63s with K=22 up to limit 1600
[2025-12-12 08:00:19] [generate_cnf] Generating formula oski15a01b63s with K=23
[2025-12-12 08:00:47] [run_formula] Running formula oski15a01b63s with K=23 up to limit 1600
[2025-12-12 08:00:54] [generate_cnf] Generating formula oski15a01b63s with K=24
[2025-12-12 08:01:23] [run_formula] Running formula oski15a01b63s with K=24 up to limit 1600
[2025-12-12 08:01:31] [generate_cnf] Generating formula oski15a01b63s with K=25
[2025-12-12 08:02:01] [run_formula] Running formula oski15a01b63s with K=25 up to limit 1600
[2025-12-12 08:02:09] [generate_cnf] Generating formula oski15a01b63s with K=26
[2025-12-12 08:02:41] [run_formula] Running formula oski15a01b63s with K=26 up to limit 1600
[2025-12-12 08:02:49] [generate_cnf] Generating formula oski15a01b63s with K=27
[2025-12-12 08:03:22] [run_formula] Running formula oski15a01b63s with K=27 up to limit 1600
[2025-12-12 08:03:30] [generate_cnf] Generating formula oski15a01b63s with K=28
[2025-12-12 08:04:04] [run_formula] Running formula oski15a01b63s with K=28 up to limit 1600
[2025-12-12 08:04:13] [generate_cnf] Generating formula oski15a01b63s with K=29
[2025-12-12 08:04:48] [run_formula] Running formula oski15a01b63s with K=29 up to limit 1600
[2025-12-12 08:04:57] [generate_cnf] Generating formula oski15a01b63s with K=30
[2025-12-12 08:05:34] [run_formula] Running formula oski15a01b63s with K=30 up to limit 1600
[2025-12-12 08:05:43] [generate_cnf] Generating formula oski15a01b63s with K=31
[2025-12-12 08:06:20] [run_formula] Running formula oski15a01b63s with K=31 up to limit 1600
[2025-12-12 08:06:30] [generate_cnf] Generating formula oski15a01b63s with K=32
[2025-12-12 08:07:09] [run_formula] Running formula oski15a01b63s with K=32 up to limit 1600
[2025-12-12 08:07:19] [generate_cnf] Generating formula oski15a01b63s with K=33
[2025-12-12 08:07:58] [run_formula] Running formula oski15a01b63s with K=33 up to limit 1600
[2025-12-12 08:08:08] [generate_cnf] Generating formula oski15a01b63s with K=34
[2025-12-12 08:08:49] [run_formula] Running formula oski15a01b63s with K=34 up to limit 1600
[2025-12-12 08:09:00] [generate_cnf] Generating formula oski15a01b63s with K=35
[2025-12-12 08:09:41] [run_formula] Running formula oski15a01b63s with K=35 up to limit 1600
[2025-12-12 08:09:53] [generate_cnf] Generating formula oski15a01b63s with K=36
[2025-12-12 08:10:36] [run_formula] Running formula oski15a01b63s with K=36 up to limit 1600
[2025-12-12 08:10:48] [generate_cnf] Generating formula oski15a01b63s with K=37
[2025-12-12 08:11:32] [run_formula] Running formula oski15a01b63s with K=37 up to limit 1600
[2025-12-12 08:11:44] [generate_cnf] Generating formula oski15a01b63s with K=38
[2025-12-12 08:12:30] [run_formula] Running formula oski15a01b63s with K=38 up to limit 1600
[2025-12-12 08:12:42] [generate_cnf] Generating formula oski15a01b63s with K=39
[2025-12-12 08:13:28] [run_formula] Running formula oski15a01b63s with K=39 up to limit 1600
[2025-12-12 08:13:41] [generate_cnf] Generating formula oski15a01b63s with K=40
[2025-12-12 08:14:29] [run_formula] Running formula oski15a01b63s with K=40 up to limit 1600
[2025-12-12 08:14:42] [generate_cnf] Generating formula oski15a01b63s with K=41
[2025-12-12 08:15:30] [run_formula] Running formula oski15a01b63s with K=41 up to limit 1600
[2025-12-12 08:15:43] [generate_cnf] Generating formula oski15a01b63s with K=42
[2025-12-12 08:16:34] [run_formula] Running formula oski15a01b63s with K=42 up to limit 1600
[2025-12-12 08:16:47] [generate_cnf] Generating formula oski15a01b63s with K=43
[2025-12-12 08:17:38] [run_formula] Running formula oski15a01b63s with K=43 up to limit 1600
[2025-12-12 08:17:52] [generate_cnf] Generating formula oski15a01b63s with K=44
[2025-12-12 08:18:44] [run_formula] Running formula oski15a01b63s with K=44 up to limit 1600
[2025-12-12 08:18:57] [generate_cnf] Generating formula oski15a01b63s with K=45
[2025-12-12 08:19:51] [run_formula] Running formula oski15a01b63s with K=45 up to limit 1600
[2025-12-12 08:20:06] [generate_cnf] Generating formula oski15a01b63s with K=46
[2025-12-12 08:20:59] [run_formula] Running formula oski15a01b63s with K=46 up to limit 1600
[2025-12-12 08:21:13] [generate_cnf] Generating formula oski15a01b63s with K=47
[2025-12-12 08:22:07] [run_formula] Running formula oski15a01b63s with K=47 up to limit 1600
[2025-12-12 08:22:22] [generate_cnf] Generating formula oski15a01b63s with K=48
[2025-12-12 08:23:16] [run_formula] Running formula oski15a01b63s with K=48 up to limit 1600
[2025-12-12 08:23:31] [generate_cnf] Generating formula oski15a01b63s with K=49
[2025-12-12 08:24:30] [run_formula] Running formula oski15a01b63s with K=49 up to limit 1600
[2025-12-12 08:24:47] [generate_cnf] Generating formula oski15a01b63s with K=50
[2025-12-12 08:25:50] [run_formula] Running formula oski15a01b63s with K=50 up to limit 1600
[2025-12-12 08:26:06] [generate_cnf] Generating formula oski15a01b63s with K=51
[2025-12-12 08:27:12] [run_formula] Running formula oski15a01b63s with K=51 up to limit 1600
[2025-12-12 08:27:29] [generate_cnf] Generating formula oski15a01b63s with K=52
[2025-12-12 08:28:10] [generate_and_run_up_to_limit] Failed to generate CNF for oski15a01b63s with K=52, halting
