CNF written.
CNF written.
CNF written.
CNF written.
CNF written.
CNF written.
CNF written.
CNF written.
CNF written.
CNF written.
CNF written.
CNF written.
CNF written.
CNF written.
CNF written.
CNF written.
CNF written.
CNF written.
CNF written.
CNF written.
CNF written.
CNF written.
CNF written.
CNF written.
CNF written.
CNF written.
CNF written.
CNF written.
CNF written.
CNF written.
CNF written.
CNF written.
CNF written.
CNF written.
CNF written.
CNF written.
CNF written.
CNF written.
CNF written.
CNF written.
CNF written.
CNF written.
CNF written.
CNF written.
CNF written.
CNF written.
CNF written.
CNF written.
CNF written.
CNF written.
[2025-12-12 08:00:16] [generate_and_run_up_to_limit] Generating and running oski15a01b05s with K<=500 up to limit 1600
[2025-12-12 08:00:16] [generate_cnf] Generating formula oski15a01b05s with K=1
[2025-12-12 08:00:19] [run_formula] Running formula oski15a01b05s with K=1 up to limit 1600
[2025-12-12 08:00:19] [generate_cnf] Generating formula oski15a01b05s with K=2
[2025-12-12 08:00:23] [run_formula] Running formula oski15a01b05s with K=2 up to limit 1600
[2025-12-12 08:00:24] [generate_cnf] Generating formula oski15a01b05s with K=3
[2025-12-12 08:00:28] [run_formula] Running formula oski15a01b05s with K=3 up to limit 1600
[2025-12-12 08:00:29] [generate_cnf] Generating formula oski15a01b05s with K=4
[2025-12-12 08:00:35] [run_formula] Running formula oski15a01b05s with K=4 up to limit 1600
[2025-12-12 08:00:36] [generate_cnf] Generating formula oski15a01b05s with K=5
[2025-12-12 08:00:42] [run_formula] Running formula oski15a01b05s with K=5 up to limit 1600
[2025-12-12 08:00:44] [generate_cnf] Generating formula oski15a01b05s with K=6
[2025-12-12 08:00:51] [run_formula] Running formula oski15a01b05s with K=6 up to limit 1600
[2025-12-12 08:00:53] [generate_cnf] Generating formula oski15a01b05s with K=7
[2025-12-12 08:01:01] [run_formula] Running formula oski15a01b05s with K=7 up to limit 1600
[2025-12-12 08:01:03] [generate_cnf] Generating formula oski15a01b05s with K=8
[2025-12-12 08:01:13] [run_formula] Running formula oski15a01b05s with K=8 up to limit 1600
[2025-12-12 08:01:15] [generate_cnf] Generating formula oski15a01b05s with K=9
[2025-12-12 08:01:25] [run_formula] Running formula oski15a01b05s with K=9 up to limit 1600
[2025-12-12 08:01:27] [generate_cnf] Generating formula oski15a01b05s with K=10
[2025-12-12 08:01:39] [run_formula] Running formula oski15a01b05s with K=10 up to limit 1600
[2025-12-12 08:01:41] [generate_cnf] Generating formula oski15a01b05s with K=11
[2025-12-12 08:01:54] [run_formula] Running formula oski15a01b05s with K=11 up to limit 1600
[2025-12-12 08:01:57] [generate_cnf] Generating formula oski15a01b05s with K=12
[2025-12-12 08:02:11] [run_formula] Running formula oski15a01b05s with K=12 up to limit 1600
[2025-12-12 08:02:14] [generate_cnf] Generating formula oski15a01b05s with K=13
[2025-12-12 08:02:28] [run_formula] Running formula oski15a01b05s with K=13 up to limit 1600
[2025-12-12 08:02:32] [generate_cnf] Generating formula oski15a01b05s with K=14
[2025-12-12 08:02:47] [run_formula] Running formula oski15a01b05s with K=14 up to limit 1600
[2025-12-12 08:02:51] [generate_cnf] Generating formula oski15a01b05s with K=15
[2025-12-12 08:03:07] [run_formula] Running formula oski15a01b05s with K=15 up to limit 1600
[2025-12-12 08:03:11] [generate_cnf] Generating formula oski15a01b05s with K=16
[2025-12-12 08:03:28] [run_formula] Running formula oski15a01b05s with K=16 up to limit 1600
[2025-12-12 08:03:32] [generate_cnf] Generating formula oski15a01b05s with K=17
[2025-12-12 08:03:51] [run_formula] Running formula oski15a01b05s with K=17 up to limit 1600
[2025-12-12 08:03:55] [generate_cnf] Generating formula oski15a01b05s with K=18
[2025-12-12 08:04:15] [run_formula] Running formula oski15a01b05s with K=18 up to limit 1600
[2025-12-12 08:04:20] [generate_cnf] Generating formula oski15a01b05s with K=19
[2025-12-12 08:04:40] [run_formula] Running formula oski15a01b05s with K=19 up to limit 1600
[2025-12-12 08:04:45] [generate_cnf] Generating formula oski15a01b05s with K=20
[2025-12-12 08:05:07] [run_formula] Running formula oski15a01b05s with K=20 up to limit 1600
[2025-12-12 08:05:12] [generate_cnf] Generating formula oski15a01b05s with K=21
[2025-12-12 08:05:34] [run_formula] Running formula oski15a01b05s with K=21 up to limit 1600
[2025-12-12 08:05:39] [generate_cnf] Generating formula oski15a01b05s with K=22
[2025-12-12 08:06:02] [run_formula] Running formula oski15a01b05s with K=22 up to limit 1600
[2025-12-12 08:06:08] [generate_cnf] Generating formula oski15a01b05s with K=23
[2025-12-12 08:06:32] [run_formula] Running formula oski15a01b05s with K=23 up to limit 1600
[2025-12-12 08:06:38] [generate_cnf] Generating formula oski15a01b05s with K=24
[2025-12-12 08:07:03] [run_formula] Running formula oski15a01b05s with K=24 up to limit 1600
[2025-12-12 08:07:09] [generate_cnf] Generating formula oski15a01b05s with K=25
[2025-12-12 08:07:35] [run_formula] Running formula oski15a01b05s with K=25 up to limit 1600
[2025-12-12 08:07:42] [generate_cnf] Generating formula oski15a01b05s with K=26
[2025-12-12 08:08:08] [run_formula] Running formula oski15a01b05s with K=26 up to limit 1600
[2025-12-12 08:08:15] [generate_cnf] Generating formula oski15a01b05s with K=27
[2025-12-12 08:08:43] [run_formula] Running formula oski15a01b05s with K=27 up to limit 1600
[2025-12-12 08:08:51] [generate_cnf] Generating formula oski15a01b05s with K=28
[2025-12-12 08:09:20] [run_formula] Running formula oski15a01b05s with K=28 up to limit 1600
[2025-12-12 08:09:27] [generate_cnf] Generating formula oski15a01b05s with K=29
[2025-12-12 08:09:57] [run_formula] Running formula oski15a01b05s with K=29 up to limit 1600
[2025-12-12 08:10:05] [generate_cnf] Generating formula oski15a01b05s with K=30
[2025-12-12 08:10:36] [run_formula] Running formula oski15a01b05s with K=30 up to limit 1600
[2025-12-12 08:10:44] [generate_cnf] Generating formula oski15a01b05s with K=31
[2025-12-12 08:11:16] [run_formula] Running formula oski15a01b05s with K=31 up to limit 1600
[2025-12-12 08:11:24] [generate_cnf] Generating formula oski15a01b05s with K=32
[2025-12-12 08:11:56] [run_formula] Running formula oski15a01b05s with K=32 up to limit 1600
[2025-12-12 08:12:05] [generate_cnf] Generating formula oski15a01b05s with K=33
[2025-12-12 08:12:39] [run_formula] Running formula oski15a01b05s with K=33 up to limit 1600
[2025-12-12 08:12:48] [generate_cnf] Generating formula oski15a01b05s with K=34
[2025-12-12 08:13:22] [run_formula] Running formula oski15a01b05s with K=34 up to limit 1600
[2025-12-12 08:13:32] [generate_cnf] Generating formula oski15a01b05s with K=35
[2025-12-12 08:14:07] [run_formula] Running formula oski15a01b05s with K=35 up to limit 1600
[2025-12-12 08:14:17] [generate_cnf] Generating formula oski15a01b05s with K=36
[2025-12-12 08:14:54] [run_formula] Running formula oski15a01b05s with K=36 up to limit 1600
[2025-12-12 08:15:03] [generate_cnf] Generating formula oski15a01b05s with K=37
[2025-12-12 08:15:41] [run_formula] Running formula oski15a01b05s with K=37 up to limit 1600
[2025-12-12 08:15:51] [generate_cnf] Generating formula oski15a01b05s with K=38
[2025-12-12 08:16:30] [run_formula] Running formula oski15a01b05s with K=38 up to limit 1600
[2025-12-12 08:16:40] [generate_cnf] Generating formula oski15a01b05s with K=39
[2025-12-12 08:17:20] [run_formula] Running formula oski15a01b05s with K=39 up to limit 1600
[2025-12-12 08:17:31] [generate_cnf] Generating formula oski15a01b05s with K=40
[2025-12-12 08:18:11] [run_formula] Running formula oski15a01b05s with K=40 up to limit 1600
[2025-12-12 08:18:22] [generate_cnf] Generating formula oski15a01b05s with K=41
[2025-12-12 08:19:04] [run_formula] Running formula oski15a01b05s with K=41 up to limit 1600
[2025-12-12 08:19:15] [generate_cnf] Generating formula oski15a01b05s with K=42
[2025-12-12 08:19:57] [run_formula] Running formula oski15a01b05s with K=42 up to limit 1600
[2025-12-12 08:20:09] [generate_cnf] Generating formula oski15a01b05s with K=43
[2025-12-12 08:20:52] [run_formula] Running formula oski15a01b05s with K=43 up to limit 1600
[2025-12-12 08:21:04] [generate_cnf] Generating formula oski15a01b05s with K=44
[2025-12-12 08:21:49] [run_formula] Running formula oski15a01b05s with K=44 up to limit 1600
[2025-12-12 08:22:01] [generate_cnf] Generating formula oski15a01b05s with K=45
[2025-12-12 08:22:46] [run_formula] Running formula oski15a01b05s with K=45 up to limit 1600
[2025-12-12 08:22:59] [generate_cnf] Generating formula oski15a01b05s with K=46
[2025-12-12 08:23:45] [run_formula] Running formula oski15a01b05s with K=46 up to limit 1600
[2025-12-12 08:23:58] [generate_cnf] Generating formula oski15a01b05s with K=47
[2025-12-12 08:24:45] [run_formula] Running formula oski15a01b05s with K=47 up to limit 1600
[2025-12-12 08:24:58] [generate_cnf] Generating formula oski15a01b05s with K=48
[2025-12-12 08:25:46] [run_formula] Running formula oski15a01b05s with K=48 up to limit 1600
[2025-12-12 08:25:59] [generate_cnf] Generating formula oski15a01b05s with K=49
[2025-12-12 08:26:49] [run_formula] Running formula oski15a01b05s with K=49 up to limit 1600
[2025-12-12 08:27:02] [generate_cnf] Generating formula oski15a01b05s with K=50
[2025-12-12 08:27:52] [run_formula] Running formula oski15a01b05s with K=50 up to limit 1600
[2025-12-12 08:28:06] [run_formula] Error running formula oski15a01b05s with K=50: [Errno 122] Disk quota exceeded: './results/solving_logs/oski15a01b05s//oski15a01b05s.50.log'
[2025-12-12 08:28:06] [generate_and_run_up_to_limit] Failed to run formula oski15a01b05s with K=50, halting
