CNF written.
CNF written.
CNF written.
CNF written.
CNF written.
CNF written.
CNF written.
CNF written.
CNF written.
CNF written.
CNF written.
CNF written.
CNF written.
CNF written.
CNF written.
CNF written.
CNF written.
CNF written.
CNF written.
CNF written.
CNF written.
CNF written.
CNF written.
[2025-12-12 08:00:33] [generate_and_run_up_to_limit] Generating and running oski15a08b03s with K<=500 up to limit 1600
[2025-12-12 08:00:33] [generate_cnf] Generating formula oski15a08b03s with K=1
[2025-12-12 08:00:40] [run_formula] Running formula oski15a08b03s with K=1 up to limit 1600
[2025-12-12 08:00:41] [generate_cnf] Generating formula oski15a08b03s with K=2
[2025-12-12 08:00:51] [run_formula] Running formula oski15a08b03s with K=2 up to limit 1600
[2025-12-12 08:00:53] [generate_cnf] Generating formula oski15a08b03s with K=3
[2025-12-12 08:01:06] [run_formula] Running formula oski15a08b03s with K=3 up to limit 1600
[2025-12-12 08:01:09] [generate_cnf] Generating formula oski15a08b03s with K=4
[2025-12-12 08:01:24] [run_formula] Running formula oski15a08b03s with K=4 up to limit 1600
[2025-12-12 08:01:28] [generate_cnf] Generating formula oski15a08b03s with K=5
[2025-12-12 08:01:45] [run_formula] Running formula oski15a08b03s with K=5 up to limit 1600
[2025-12-12 08:01:51] [generate_cnf] Generating formula oski15a08b03s with K=6
[2025-12-12 08:02:12] [run_formula] Running formula oski15a08b03s with K=6 up to limit 1600
[2025-12-12 08:02:32] [generate_cnf] Generating formula oski15a08b03s with K=7
[2025-12-12 08:02:55] [run_formula] Running formula oski15a08b03s with K=7 up to limit 1600
[2025-12-12 08:03:31] [generate_cnf] Generating formula oski15a08b03s with K=8
[2025-12-12 08:03:57] [run_formula] Running formula oski15a08b03s with K=8 up to limit 1600
[2025-12-12 08:04:23] [generate_cnf] Generating formula oski15a08b03s with K=9
[2025-12-12 08:04:52] [run_formula] Running formula oski15a08b03s with K=9 up to limit 1600
[2025-12-12 08:05:15] [generate_cnf] Generating formula oski15a08b03s with K=10
[2025-12-12 08:05:47] [run_formula] Running formula oski15a08b03s with K=10 up to limit 1600
[2025-12-12 08:06:24] [generate_cnf] Generating formula oski15a08b03s with K=11
[2025-12-12 08:06:59] [run_formula] Running formula oski15a08b03s with K=11 up to limit 1600
[2025-12-12 08:07:34] [generate_cnf] Generating formula oski15a08b03s with K=12
[2025-12-12 08:08:12] [run_formula] Running formula oski15a08b03s with K=12 up to limit 1600
[2025-12-12 08:08:50] [generate_cnf] Generating formula oski15a08b03s with K=13
[2025-12-12 08:09:30] [run_formula] Running formula oski15a08b03s with K=13 up to limit 1600
[2025-12-12 08:10:11] [generate_cnf] Generating formula oski15a08b03s with K=14
[2025-12-12 08:10:54] [run_formula] Running formula oski15a08b03s with K=14 up to limit 1600
[2025-12-12 08:11:39] [generate_cnf] Generating formula oski15a08b03s with K=15
[2025-12-12 08:12:24] [run_formula] Running formula oski15a08b03s with K=15 up to limit 1600
[2025-12-12 08:13:15] [generate_cnf] Generating formula oski15a08b03s with K=16
[2025-12-12 08:14:02] [run_formula] Running formula oski15a08b03s with K=16 up to limit 1600
[2025-12-12 08:14:51] [generate_cnf] Generating formula oski15a08b03s with K=17
[2025-12-12 08:15:42] [run_formula] Running formula oski15a08b03s with K=17 up to limit 1600
[2025-12-12 08:16:34] [generate_cnf] Generating formula oski15a08b03s with K=18
[2025-12-12 08:17:28] [run_formula] Running formula oski15a08b03s with K=18 up to limit 1600
[2025-12-12 08:18:22] [generate_cnf] Generating formula oski15a08b03s with K=19
[2025-12-12 08:19:18] [run_formula] Running formula oski15a08b03s with K=19 up to limit 1600
[2025-12-12 08:20:20] [generate_cnf] Generating formula oski15a08b03s with K=20
[2025-12-12 08:21:20] [run_formula] Running formula oski15a08b03s with K=20 up to limit 1600
[2025-12-12 08:22:25] [generate_cnf] Generating formula oski15a08b03s with K=21
[2025-12-12 08:23:27] [run_formula] Running formula oski15a08b03s with K=21 up to limit 1600
[2025-12-12 08:24:36] [generate_cnf] Generating formula oski15a08b03s with K=22
[2025-12-12 08:25:42] [run_formula] Running formula oski15a08b03s with K=22 up to limit 1600
[2025-12-12 08:27:03] [generate_cnf] Generating formula oski15a08b03s with K=23
[2025-12-12 08:28:11] [run_formula] Running formula oski15a08b03s with K=23 up to limit 1600
[2025-12-12 08:29:27] [run_formula] Error running formula oski15a08b03s with K=23: [Errno 122] Disk quota exceeded: './results/solving_logs/oski15a08b03s//oski15a08b03s.23.log'
[2025-12-12 08:29:27] [generate_and_run_up_to_limit] Failed to run formula oski15a08b03s with K=23, halting
