CNF written.
CNF written.
CNF written.
CNF written.
CNF written.
CNF written.
CNF written.
CNF written.
CNF written.
CNF written.
CNF written.
CNF written.
CNF written.
CNF written.
CNF written.
CNF written.
CNF written.
CNF written.
CNF written.
CNF written.
CNF written.
CNF written.
CNF written.
CNF written.
CNF written.
CNF written.
CNF written.
CNF written.
CNF written.
CNF written.
CNF written.
CNF written.
CNF written.
CNF written.
CNF written.
CNF written.
CNF written.
CNF written.
CNF written.
CNF written.
CNF written.
CNF written.
CNF written.
CNF written.
CNF written.
CNF written.
CNF written.
CNF written.
CNF written.
CNF written.
CNF written.
CNF written.
CNF written.
CNF written.
CNF written.
CNF written.
CNF written.
CNF written.
CNF written.
CNF written.
CNF written.
CNF written.
CNF written.
CNF written.
CNF written.
CNF written.
CNF written.
CNF written.
CNF written.
CNF written.
CNF written.
CNF written.
CNF written.
CNF written.
CNF written.
CNF written.
CNF written.
CNF written.
CNF written.
CNF written.
CNF written.
CNF written.
CNF written.
CNF written.
CNF written.
CNF written.
CNF written.
CNF written.
CNF written.
CNF written.
CNF written.
[2025-12-12 07:10:28] [generate_and_run_up_to_limit] Generating and running oski3b0i with K<=500 up to limit 1600
[2025-12-12 07:10:28] [generate_cnf] Generating formula oski3b0i with K=1
[2025-12-12 07:10:29] [run_formula] Running formula oski3b0i with K=1 up to limit 1600
[2025-12-12 07:10:29] [generate_cnf] Generating formula oski3b0i with K=2
[2025-12-12 07:10:29] [run_formula] Running formula oski3b0i with K=2 up to limit 1600
[2025-12-12 07:10:29] [generate_cnf] Generating formula oski3b0i with K=3
[2025-12-12 07:10:30] [run_formula] Running formula oski3b0i with K=3 up to limit 1600
[2025-12-12 07:10:30] [generate_cnf] Generating formula oski3b0i with K=4
[2025-12-12 07:10:31] [run_formula] Running formula oski3b0i with K=4 up to limit 1600
[2025-12-12 07:10:31] [generate_cnf] Generating formula oski3b0i with K=5
[2025-12-12 07:10:32] [run_formula] Running formula oski3b0i with K=5 up to limit 1600
[2025-12-12 07:10:32] [generate_cnf] Generating formula oski3b0i with K=6
[2025-12-12 07:10:33] [run_formula] Running formula oski3b0i with K=6 up to limit 1600
[2025-12-12 07:10:33] [generate_cnf] Generating formula oski3b0i with K=7
[2025-12-12 07:10:34] [run_formula] Running formula oski3b0i with K=7 up to limit 1600
[2025-12-12 07:10:34] [generate_cnf] Generating formula oski3b0i with K=8
[2025-12-12 07:10:35] [run_formula] Running formula oski3b0i with K=8 up to limit 1600
[2025-12-12 07:10:36] [generate_cnf] Generating formula oski3b0i with K=9
[2025-12-12 07:10:37] [run_formula] Running formula oski3b0i with K=9 up to limit 1600
[2025-12-12 07:10:37] [generate_cnf] Generating formula oski3b0i with K=10
[2025-12-12 07:10:38] [run_formula] Running formula oski3b0i with K=10 up to limit 1600
[2025-12-12 07:10:39] [generate_cnf] Generating formula oski3b0i with K=11
[2025-12-12 07:10:40] [run_formula] Running formula oski3b0i with K=11 up to limit 1600
[2025-12-12 07:10:41] [generate_cnf] Generating formula oski3b0i with K=12
[2025-12-12 07:10:42] [run_formula] Running formula oski3b0i with K=12 up to limit 1600
[2025-12-12 07:10:43] [generate_cnf] Generating formula oski3b0i with K=13
[2025-12-12 07:10:44] [run_formula] Running formula oski3b0i with K=13 up to limit 1600
[2025-12-12 07:10:45] [generate_cnf] Generating formula oski3b0i with K=14
[2025-12-12 07:10:47] [run_formula] Running formula oski3b0i with K=14 up to limit 1600
[2025-12-12 07:10:47] [generate_cnf] Generating formula oski3b0i with K=15
[2025-12-12 07:10:49] [run_formula] Running formula oski3b0i with K=15 up to limit 1600
[2025-12-12 07:10:50] [generate_cnf] Generating formula oski3b0i with K=16
[2025-12-12 07:10:52] [run_formula] Running formula oski3b0i with K=16 up to limit 1600
[2025-12-12 07:10:54] [generate_cnf] Generating formula oski3b0i with K=17
[2025-12-12 07:10:56] [run_formula] Running formula oski3b0i with K=17 up to limit 1600
[2025-12-12 07:10:58] [generate_cnf] Generating formula oski3b0i with K=18
[2025-12-12 07:11:00] [run_formula] Running formula oski3b0i with K=18 up to limit 1600
[2025-12-12 07:11:03] [generate_cnf] Generating formula oski3b0i with K=19
[2025-12-12 07:11:06] [run_formula] Running formula oski3b0i with K=19 up to limit 1600
[2025-12-12 07:11:09] [generate_cnf] Generating formula oski3b0i with K=20
[2025-12-12 07:11:12] [run_formula] Running formula oski3b0i with K=20 up to limit 1600
[2025-12-12 07:11:18] [generate_cnf] Generating formula oski3b0i with K=21
[2025-12-12 07:11:20] [run_formula] Running formula oski3b0i with K=21 up to limit 1600
[2025-12-12 07:11:28] [generate_cnf] Generating formula oski3b0i with K=22
[2025-12-12 07:11:31] [run_formula] Running formula oski3b0i with K=22 up to limit 1600
[2025-12-12 07:11:46] [generate_cnf] Generating formula oski3b0i with K=23
[2025-12-12 07:11:49] [run_formula] Running formula oski3b0i with K=23 up to limit 1600
[2025-12-12 07:12:06] [generate_cnf] Generating formula oski3b0i with K=24
[2025-12-12 07:12:09] [run_formula] Running formula oski3b0i with K=24 up to limit 1600
[2025-12-12 07:12:34] [generate_cnf] Generating formula oski3b0i with K=25
[2025-12-12 07:12:37] [run_formula] Running formula oski3b0i with K=25 up to limit 1600
[2025-12-12 07:13:07] [generate_cnf] Generating formula oski3b0i with K=26
[2025-12-12 07:13:11] [run_formula] Running formula oski3b0i with K=26 up to limit 1600
[2025-12-12 07:13:48] [generate_cnf] Generating formula oski3b0i with K=27
[2025-12-12 07:13:52] [run_formula] Running formula oski3b0i with K=27 up to limit 1600
[2025-12-12 07:14:47] [generate_cnf] Generating formula oski3b0i with K=28
[2025-12-12 07:14:51] [run_formula] Running formula oski3b0i with K=28 up to limit 1600
[2025-12-12 07:16:02] [generate_cnf] Generating formula oski3b0i with K=29
[2025-12-12 07:16:06] [run_formula] Running formula oski3b0i with K=29 up to limit 1600
[2025-12-12 07:18:03] [generate_cnf] Generating formula oski3b0i with K=30
[2025-12-12 07:18:06] [run_formula] Running formula oski3b0i with K=30 up to limit 1600
[2025-12-12 07:20:32] [generate_cnf] Generating formula oski3b0i with K=31
[2025-12-12 07:20:36] [run_formula] Running formula oski3b0i with K=31 up to limit 1600
[2025-12-12 07:23:32] [generate_cnf] Generating formula oski3b0i with K=32
[2025-12-12 07:23:36] [run_formula] Running formula oski3b0i with K=32 up to limit 1600
[2025-12-12 07:24:24] [generate_cnf] Generating formula oski3b0i with K=33
[2025-12-12 07:24:28] [run_formula] Running formula oski3b0i with K=33 up to limit 1600
[2025-12-12 07:25:19] [generate_cnf] Generating formula oski3b0i with K=34
[2025-12-12 07:25:23] [run_formula] Running formula oski3b0i with K=34 up to limit 1600
[2025-12-12 07:25:56] [generate_cnf] Generating formula oski3b0i with K=35
[2025-12-12 07:26:01] [run_formula] Running formula oski3b0i with K=35 up to limit 1600
[2025-12-12 07:26:16] [generate_cnf] Generating formula oski3b0i with K=36
[2025-12-12 07:26:20] [run_formula] Running formula oski3b0i with K=36 up to limit 1600
[2025-12-12 07:26:41] [generate_cnf] Generating formula oski3b0i with K=37
[2025-12-12 07:26:45] [run_formula] Running formula oski3b0i with K=37 up to limit 1600
[2025-12-12 07:27:01] [generate_cnf] Generating formula oski3b0i with K=38
[2025-12-12 07:27:06] [run_formula] Running formula oski3b0i with K=38 up to limit 1600
[2025-12-12 07:27:25] [generate_cnf] Generating formula oski3b0i with K=39
[2025-12-12 07:27:30] [run_formula] Running formula oski3b0i with K=39 up to limit 1600
[2025-12-12 07:27:46] [generate_cnf] Generating formula oski3b0i with K=40
[2025-12-12 07:27:51] [run_formula] Running formula oski3b0i with K=40 up to limit 1600
[2025-12-12 07:28:00] [generate_cnf] Generating formula oski3b0i with K=41
[2025-12-12 07:28:05] [run_formula] Running formula oski3b0i with K=41 up to limit 1600
[2025-12-12 07:28:35] [generate_cnf] Generating formula oski3b0i with K=42
[2025-12-12 07:28:40] [run_formula] Running formula oski3b0i with K=42 up to limit 1600
[2025-12-12 07:29:06] [generate_cnf] Generating formula oski3b0i with K=43
[2025-12-12 07:29:11] [run_formula] Running formula oski3b0i with K=43 up to limit 1600
[2025-12-12 07:29:37] [generate_cnf] Generating formula oski3b0i with K=44
[2025-12-12 07:29:42] [run_formula] Running formula oski3b0i with K=44 up to limit 1600
[2025-12-12 07:30:12] [generate_cnf] Generating formula oski3b0i with K=45
[2025-12-12 07:30:17] [run_formula] Running formula oski3b0i with K=45 up to limit 1600
[2025-12-12 07:30:58] [generate_cnf] Generating formula oski3b0i with K=46
[2025-12-12 07:31:03] [run_formula] Running formula oski3b0i with K=46 up to limit 1600
[2025-12-12 07:31:34] [generate_cnf] Generating formula oski3b0i with K=47
[2025-12-12 07:31:40] [run_formula] Running formula oski3b0i with K=47 up to limit 1600
[2025-12-12 07:32:29] [generate_cnf] Generating formula oski3b0i with K=48
[2025-12-12 07:32:35] [run_formula] Running formula oski3b0i with K=48 up to limit 1600
[2025-12-12 07:33:00] [generate_cnf] Generating formula oski3b0i with K=49
[2025-12-12 07:33:06] [run_formula] Running formula oski3b0i with K=49 up to limit 1600
[2025-12-12 07:33:39] [generate_cnf] Generating formula oski3b0i with K=50
[2025-12-12 07:33:45] [run_formula] Running formula oski3b0i with K=50 up to limit 1600
[2025-12-12 07:34:27] [generate_cnf] Generating formula oski3b0i with K=51
[2025-12-12 07:34:33] [run_formula] Running formula oski3b0i with K=51 up to limit 1600
[2025-12-12 07:34:49] [generate_cnf] Generating formula oski3b0i with K=52
[2025-12-12 07:34:55] [run_formula] Running formula oski3b0i with K=52 up to limit 1600
[2025-12-12 07:35:48] [generate_cnf] Generating formula oski3b0i with K=53
[2025-12-12 07:35:54] [run_formula] Running formula oski3b0i with K=53 up to limit 1600
[2025-12-12 07:36:27] [generate_cnf] Generating formula oski3b0i with K=54
[2025-12-12 07:36:33] [run_formula] Running formula oski3b0i with K=54 up to limit 1600
[2025-12-12 07:37:07] [generate_cnf] Generating formula oski3b0i with K=55
[2025-12-12 07:37:14] [run_formula] Running formula oski3b0i with K=55 up to limit 1600
[2025-12-12 07:38:01] [generate_cnf] Generating formula oski3b0i with K=56
[2025-12-12 07:38:07] [run_formula] Running formula oski3b0i with K=56 up to limit 1600
[2025-12-12 07:39:21] [generate_cnf] Generating formula oski3b0i with K=57
[2025-12-12 07:39:28] [run_formula] Running formula oski3b0i with K=57 up to limit 1600
[2025-12-12 07:40:01] [generate_cnf] Generating formula oski3b0i with K=58
[2025-12-12 07:40:08] [run_formula] Running formula oski3b0i with K=58 up to limit 1600
[2025-12-12 07:40:57] [generate_cnf] Generating formula oski3b0i with K=59
[2025-12-12 07:41:04] [run_formula] Running formula oski3b0i with K=59 up to limit 1600
[2025-12-12 07:41:45] [generate_cnf] Generating formula oski3b0i with K=60
[2025-12-12 07:41:52] [run_formula] Running formula oski3b0i with K=60 up to limit 1600
[2025-12-12 07:43:35] [generate_cnf] Generating formula oski3b0i with K=61
[2025-12-12 07:43:43] [run_formula] Running formula oski3b0i with K=61 up to limit 1600
[2025-12-12 07:44:19] [generate_cnf] Generating formula oski3b0i with K=62
[2025-12-12 07:44:27] [run_formula] Running formula oski3b0i with K=62 up to limit 1600
[2025-12-12 07:45:02] [generate_cnf] Generating formula oski3b0i with K=63
[2025-12-12 07:45:10] [run_formula] Running formula oski3b0i with K=63 up to limit 1600
[2025-12-12 07:46:07] [generate_cnf] Generating formula oski3b0i with K=64
[2025-12-12 07:46:14] [run_formula] Running formula oski3b0i with K=64 up to limit 1600
[2025-12-12 07:47:32] [generate_cnf] Generating formula oski3b0i with K=65
[2025-12-12 07:47:40] [run_formula] Running formula oski3b0i with K=65 up to limit 1600
[2025-12-12 07:48:27] [generate_cnf] Generating formula oski3b0i with K=66
[2025-12-12 07:48:35] [run_formula] Running formula oski3b0i with K=66 up to limit 1600
[2025-12-12 07:49:21] [generate_cnf] Generating formula oski3b0i with K=67
[2025-12-12 07:49:29] [run_formula] Running formula oski3b0i with K=67 up to limit 1600
[2025-12-12 07:51:19] [generate_cnf] Generating formula oski3b0i with K=68
[2025-12-12 07:51:27] [run_formula] Running formula oski3b0i with K=68 up to limit 1600
[2025-12-12 07:52:20] [generate_cnf] Generating formula oski3b0i with K=69
[2025-12-12 07:52:28] [run_formula] Running formula oski3b0i with K=69 up to limit 1600
[2025-12-12 07:53:18] [generate_cnf] Generating formula oski3b0i with K=70
[2025-12-12 07:53:26] [run_formula] Running formula oski3b0i with K=70 up to limit 1600
[2025-12-12 07:54:11] [generate_cnf] Generating formula oski3b0i with K=71
[2025-12-12 07:54:20] [run_formula] Running formula oski3b0i with K=71 up to limit 1600
[2025-12-12 07:55:08] [generate_cnf] Generating formula oski3b0i with K=72
[2025-12-12 07:55:16] [run_formula] Running formula oski3b0i with K=72 up to limit 1600
[2025-12-12 07:56:15] [generate_cnf] Generating formula oski3b0i with K=73
[2025-12-12 07:56:24] [run_formula] Running formula oski3b0i with K=73 up to limit 1600
[2025-12-12 07:57:28] [generate_cnf] Generating formula oski3b0i with K=74
[2025-12-12 07:57:37] [run_formula] Running formula oski3b0i with K=74 up to limit 1600
[2025-12-12 07:59:19] [generate_cnf] Generating formula oski3b0i with K=75
[2025-12-12 07:59:28] [run_formula] Running formula oski3b0i with K=75 up to limit 1600
[2025-12-12 08:00:11] [generate_cnf] Generating formula oski3b0i with K=76
[2025-12-12 08:00:20] [run_formula] Running formula oski3b0i with K=76 up to limit 1600
[2025-12-12 08:02:17] [generate_cnf] Generating formula oski3b0i with K=77
[2025-12-12 08:02:26] [run_formula] Running formula oski3b0i with K=77 up to limit 1600
[2025-12-12 08:03:23] [generate_cnf] Generating formula oski3b0i with K=78
[2025-12-12 08:03:33] [run_formula] Running formula oski3b0i with K=78 up to limit 1600
[2025-12-12 08:05:14] [generate_cnf] Generating formula oski3b0i with K=79
[2025-12-12 08:05:23] [run_formula] Running formula oski3b0i with K=79 up to limit 1600
[2025-12-12 08:06:23] [generate_cnf] Generating formula oski3b0i with K=80
[2025-12-12 08:06:33] [run_formula] Running formula oski3b0i with K=80 up to limit 1600
[2025-12-12 08:07:54] [generate_cnf] Generating formula oski3b0i with K=81
[2025-12-12 08:08:04] [run_formula] Running formula oski3b0i with K=81 up to limit 1600
[2025-12-12 08:09:35] [generate_cnf] Generating formula oski3b0i with K=82
[2025-12-12 08:09:45] [run_formula] Running formula oski3b0i with K=82 up to limit 1600
[2025-12-12 08:10:34] [generate_cnf] Generating formula oski3b0i with K=83
[2025-12-12 08:10:44] [run_formula] Running formula oski3b0i with K=83 up to limit 1600
[2025-12-12 08:11:43] [generate_cnf] Generating formula oski3b0i with K=84
[2025-12-12 08:11:53] [run_formula] Running formula oski3b0i with K=84 up to limit 1600
[2025-12-12 08:13:51] [generate_cnf] Generating formula oski3b0i with K=85
[2025-12-12 08:14:01] [run_formula] Running formula oski3b0i with K=85 up to limit 1600
[2025-12-12 08:14:49] [generate_cnf] Generating formula oski3b0i with K=86
[2025-12-12 08:14:59] [run_formula] Running formula oski3b0i with K=86 up to limit 1600
[2025-12-12 08:20:14] [generate_cnf] Generating formula oski3b0i with K=87
[2025-12-12 08:20:24] [run_formula] Running formula oski3b0i with K=87 up to limit 1600
[2025-12-12 08:21:56] [generate_cnf] Generating formula oski3b0i with K=88
[2025-12-12 08:22:06] [run_formula] Running formula oski3b0i with K=88 up to limit 1600
[2025-12-12 08:23:07] [generate_cnf] Generating formula oski3b0i with K=89
[2025-12-12 08:23:17] [run_formula] Running formula oski3b0i with K=89 up to limit 1600
[2025-12-12 08:24:17] [generate_cnf] Generating formula oski3b0i with K=90
[2025-12-12 08:24:28] [run_formula] Running formula oski3b0i with K=90 up to limit 1600
[2025-12-12 08:26:25] [generate_cnf] Generating formula oski3b0i with K=91
[2025-12-12 08:26:36] [run_formula] Running formula oski3b0i with K=91 up to limit 1600
[2025-12-12 08:30:47] [run_formula] Error running formula oski3b0i with K=91: [Errno 122] Disk quota exceeded: './results/solving_logs/oski3b0i//oski3b0i.91.log'
[2025-12-12 08:30:47] [generate_and_run_up_to_limit] Failed to run formula oski3b0i with K=91, halting
