CNF written.
CNF written.
CNF written.
CNF written.
CNF written.
CNF written.
CNF written.
CNF written.
CNF written.
CNF written.
CNF written.
CNF written.
CNF written.
CNF written.
CNF written.
CNF written.
CNF written.
CNF written.
CNF written.
CNF written.
CNF written.
CNF written.
CNF written.
CNF written.
CNF written.
CNF written.
CNF written.
CNF written.
CNF written.
CNF written.
CNF written.
CNF written.
CNF written.
CNF written.
CNF written.
CNF written.
CNF written.
CNF written.
CNF written.
CNF written.
CNF written.
CNF written.
CNF written.
CNF written.
CNF written.
CNF written.
CNF written.
CNF written.
CNF written.
CNF written.
CNF written.
CNF written.
CNF written.
CNF written.
CNF written.
CNF written.
CNF written.
CNF written.
CNF written.
CNF written.
CNF written.
CNF written.
CNF written.
CNF written.
CNF written.
CNF written.
CNF written.
CNF written.
CNF written.
CNF written.
CNF written.
CNF written.
CNF written.
CNF written.
CNF written.
CNF written.
CNF written.
CNF written.
CNF written.
CNF written.
CNF written.
CNF written.
CNF written.
CNF written.
CNF written.
CNF written.
CNF written.
CNF written.
CNF written.
CNF written.
CNF written.
CNF written.
CNF written.
CNF written.
CNF written.
CNF written.
CNF written.
CNF written.
CNF written.
CNF written.
CNF written.
CNF written.
CNF written.
CNF written.
CNF written.
CNF written.
CNF written.
CNF written.
CNF written.
CNF written.
CNF written.
CNF written.
CNF written.
CNF written.
CNF written.
CNF written.
CNF written.
CNF written.
CNF written.
CNF written.
CNF written.
CNF written.
CNF written.
CNF written.
CNF written.
CNF written.
CNF written.
CNF written.
CNF written.
CNF written.
CNF written.
CNF written.
CNF written.
CNF written.
CNF written.
CNF written.
CNF written.
CNF written.
CNF written.
CNF written.
CNF written.
CNF written.
CNF written.
CNF written.
CNF written.
CNF written.
CNF written.
CNF written.
CNF written.
CNF written.
CNF written.
CNF written.
CNF written.
CNF written.
CNF written.
CNF written.
[2025-12-12 07:23:34] [generate_and_run_up_to_limit] Generating and running oski15a14b16s with K<=500 up to limit 1600
[2025-12-12 07:23:34] [generate_cnf] Generating formula oski15a14b16s with K=1
[2025-12-12 07:23:35] [run_formula] Running formula oski15a14b16s with K=1 up to limit 1600
[2025-12-12 07:23:35] [generate_cnf] Generating formula oski15a14b16s with K=2
[2025-12-12 07:23:35] [run_formula] Running formula oski15a14b16s with K=2 up to limit 1600
[2025-12-12 07:23:35] [generate_cnf] Generating formula oski15a14b16s with K=3
[2025-12-12 07:23:36] [run_formula] Running formula oski15a14b16s with K=3 up to limit 1600
[2025-12-12 07:23:36] [generate_cnf] Generating formula oski15a14b16s with K=4
[2025-12-12 07:23:37] [run_formula] Running formula oski15a14b16s with K=4 up to limit 1600
[2025-12-12 07:23:37] [generate_cnf] Generating formula oski15a14b16s with K=5
[2025-12-12 07:23:38] [run_formula] Running formula oski15a14b16s with K=5 up to limit 1600
[2025-12-12 07:23:39] [generate_cnf] Generating formula oski15a14b16s with K=6
[2025-12-12 07:23:40] [run_formula] Running formula oski15a14b16s with K=6 up to limit 1600
[2025-12-12 07:23:40] [generate_cnf] Generating formula oski15a14b16s with K=7
[2025-12-12 07:23:41] [run_formula] Running formula oski15a14b16s with K=7 up to limit 1600
[2025-12-12 07:23:43] [generate_cnf] Generating formula oski15a14b16s with K=8
[2025-12-12 07:23:45] [run_formula] Running formula oski15a14b16s with K=8 up to limit 1600
[2025-12-12 07:23:46] [generate_cnf] Generating formula oski15a14b16s with K=9
[2025-12-12 07:23:48] [run_formula] Running formula oski15a14b16s with K=9 up to limit 1600
[2025-12-12 07:23:50] [generate_cnf] Generating formula oski15a14b16s with K=10
[2025-12-12 07:23:52] [run_formula] Running formula oski15a14b16s with K=10 up to limit 1600
[2025-12-12 07:23:54] [generate_cnf] Generating formula oski15a14b16s with K=11
[2025-12-12 07:23:56] [run_formula] Running formula oski15a14b16s with K=11 up to limit 1600
[2025-12-12 07:23:58] [generate_cnf] Generating formula oski15a14b16s with K=12
[2025-12-12 07:24:00] [run_formula] Running formula oski15a14b16s with K=12 up to limit 1600
[2025-12-12 07:24:02] [generate_cnf] Generating formula oski15a14b16s with K=13
[2025-12-12 07:24:04] [run_formula] Running formula oski15a14b16s with K=13 up to limit 1600
[2025-12-12 07:24:06] [generate_cnf] Generating formula oski15a14b16s with K=14
[2025-12-12 07:24:09] [run_formula] Running formula oski15a14b16s with K=14 up to limit 1600
[2025-12-12 07:24:11] [generate_cnf] Generating formula oski15a14b16s with K=15
[2025-12-12 07:24:14] [run_formula] Running formula oski15a14b16s with K=15 up to limit 1600
[2025-12-12 07:24:16] [generate_cnf] Generating formula oski15a14b16s with K=16
[2025-12-12 07:24:19] [run_formula] Running formula oski15a14b16s with K=16 up to limit 1600
[2025-12-12 07:24:21] [generate_cnf] Generating formula oski15a14b16s with K=17
[2025-12-12 07:24:24] [run_formula] Running formula oski15a14b16s with K=17 up to limit 1600
[2025-12-12 07:24:27] [generate_cnf] Generating formula oski15a14b16s with K=18
[2025-12-12 07:24:29] [run_formula] Running formula oski15a14b16s with K=18 up to limit 1600
[2025-12-12 07:24:32] [generate_cnf] Generating formula oski15a14b16s with K=19
[2025-12-12 07:24:35] [run_formula] Running formula oski15a14b16s with K=19 up to limit 1600
[2025-12-12 07:24:38] [generate_cnf] Generating formula oski15a14b16s with K=20
[2025-12-12 07:24:41] [run_formula] Running formula oski15a14b16s with K=20 up to limit 1600
[2025-12-12 07:24:45] [generate_cnf] Generating formula oski15a14b16s with K=21
[2025-12-12 07:24:48] [run_formula] Running formula oski15a14b16s with K=21 up to limit 1600
[2025-12-12 07:24:51] [generate_cnf] Generating formula oski15a14b16s with K=22
[2025-12-12 07:24:54] [run_formula] Running formula oski15a14b16s with K=22 up to limit 1600
[2025-12-12 07:24:58] [generate_cnf] Generating formula oski15a14b16s with K=23
[2025-12-12 07:25:02] [run_formula] Running formula oski15a14b16s with K=23 up to limit 1600
[2025-12-12 07:25:05] [generate_cnf] Generating formula oski15a14b16s with K=24
[2025-12-12 07:25:09] [run_formula] Running formula oski15a14b16s with K=24 up to limit 1600
[2025-12-12 07:25:13] [generate_cnf] Generating formula oski15a14b16s with K=25
[2025-12-12 07:25:17] [run_formula] Running formula oski15a14b16s with K=25 up to limit 1600
[2025-12-12 07:25:21] [generate_cnf] Generating formula oski15a14b16s with K=26
[2025-12-12 07:25:25] [run_formula] Running formula oski15a14b16s with K=26 up to limit 1600
[2025-12-12 07:25:31] [generate_cnf] Generating formula oski15a14b16s with K=27
[2025-12-12 07:25:35] [run_formula] Running formula oski15a14b16s with K=27 up to limit 1600
[2025-12-12 07:25:39] [generate_cnf] Generating formula oski15a14b16s with K=28
[2025-12-12 07:25:43] [run_formula] Running formula oski15a14b16s with K=28 up to limit 1600
[2025-12-12 07:25:48] [generate_cnf] Generating formula oski15a14b16s with K=29
[2025-12-12 07:25:52] [run_formula] Running formula oski15a14b16s with K=29 up to limit 1600
[2025-12-12 07:25:57] [generate_cnf] Generating formula oski15a14b16s with K=30
[2025-12-12 07:26:02] [run_formula] Running formula oski15a14b16s with K=30 up to limit 1600
[2025-12-12 07:26:06] [generate_cnf] Generating formula oski15a14b16s with K=31
[2025-12-12 07:26:11] [run_formula] Running formula oski15a14b16s with K=31 up to limit 1600
[2025-12-12 07:26:17] [generate_cnf] Generating formula oski15a14b16s with K=32
[2025-12-12 07:26:21] [run_formula] Running formula oski15a14b16s with K=32 up to limit 1600
[2025-12-12 07:26:27] [generate_cnf] Generating formula oski15a14b16s with K=33
[2025-12-12 07:26:32] [run_formula] Running formula oski15a14b16s with K=33 up to limit 1600
[2025-12-12 07:26:37] [generate_cnf] Generating formula oski15a14b16s with K=34
[2025-12-12 07:26:43] [run_formula] Running formula oski15a14b16s with K=34 up to limit 1600
[2025-12-12 07:26:48] [generate_cnf] Generating formula oski15a14b16s with K=35
[2025-12-12 07:26:53] [run_formula] Running formula oski15a14b16s with K=35 up to limit 1600
[2025-12-12 07:26:59] [generate_cnf] Generating formula oski15a14b16s with K=36
[2025-12-12 07:27:05] [run_formula] Running formula oski15a14b16s with K=36 up to limit 1600
[2025-12-12 07:27:11] [generate_cnf] Generating formula oski15a14b16s with K=37
[2025-12-12 07:27:17] [run_formula] Running formula oski15a14b16s with K=37 up to limit 1600
[2025-12-12 07:27:23] [generate_cnf] Generating formula oski15a14b16s with K=38
[2025-12-12 07:27:29] [run_formula] Running formula oski15a14b16s with K=38 up to limit 1600
[2025-12-12 07:27:35] [generate_cnf] Generating formula oski15a14b16s with K=39
[2025-12-12 07:27:41] [run_formula] Running formula oski15a14b16s with K=39 up to limit 1600
[2025-12-12 07:27:47] [generate_cnf] Generating formula oski15a14b16s with K=40
[2025-12-12 07:27:53] [run_formula] Running formula oski15a14b16s with K=40 up to limit 1600
[2025-12-12 07:28:00] [generate_cnf] Generating formula oski15a14b16s with K=41
[2025-12-12 07:28:06] [run_formula] Running formula oski15a14b16s with K=41 up to limit 1600
[2025-12-12 07:28:13] [generate_cnf] Generating formula oski15a14b16s with K=42
[2025-12-12 07:28:19] [run_formula] Running formula oski15a14b16s with K=42 up to limit 1600
[2025-12-12 07:28:27] [generate_cnf] Generating formula oski15a14b16s with K=43
[2025-12-12 07:28:33] [run_formula] Running formula oski15a14b16s with K=43 up to limit 1600
[2025-12-12 07:28:40] [generate_cnf] Generating formula oski15a14b16s with K=44
[2025-12-12 07:28:47] [run_formula] Running formula oski15a14b16s with K=44 up to limit 1600
[2025-12-12 07:28:54] [generate_cnf] Generating formula oski15a14b16s with K=45
[2025-12-12 07:29:01] [run_formula] Running formula oski15a14b16s with K=45 up to limit 1600
[2025-12-12 07:29:09] [generate_cnf] Generating formula oski15a14b16s with K=46
[2025-12-12 07:29:16] [run_formula] Running formula oski15a14b16s with K=46 up to limit 1600
[2025-12-12 07:29:24] [generate_cnf] Generating formula oski15a14b16s with K=47
[2025-12-12 07:29:32] [run_formula] Running formula oski15a14b16s with K=47 up to limit 1600
[2025-12-12 07:29:40] [generate_cnf] Generating formula oski15a14b16s with K=48
[2025-12-12 07:29:47] [run_formula] Running formula oski15a14b16s with K=48 up to limit 1600
[2025-12-12 07:29:55] [generate_cnf] Generating formula oski15a14b16s with K=49
[2025-12-12 07:30:02] [run_formula] Running formula oski15a14b16s with K=49 up to limit 1600
[2025-12-12 07:30:10] [generate_cnf] Generating formula oski15a14b16s with K=50
[2025-12-12 07:30:17] [run_formula] Running formula oski15a14b16s with K=50 up to limit 1600
[2025-12-12 07:30:26] [generate_cnf] Generating formula oski15a14b16s with K=51
[2025-12-12 07:30:34] [run_formula] Running formula oski15a14b16s with K=51 up to limit 1600
[2025-12-12 07:30:41] [generate_cnf] Generating formula oski15a14b16s with K=52
[2025-12-12 07:30:49] [run_formula] Running formula oski15a14b16s with K=52 up to limit 1600
[2025-12-12 07:30:58] [generate_cnf] Generating formula oski15a14b16s with K=53
[2025-12-12 07:31:07] [run_formula] Running formula oski15a14b16s with K=53 up to limit 1600
[2025-12-12 07:31:15] [generate_cnf] Generating formula oski15a14b16s with K=54
[2025-12-12 07:31:23] [run_formula] Running formula oski15a14b16s with K=54 up to limit 1600
[2025-12-12 07:31:32] [generate_cnf] Generating formula oski15a14b16s with K=55
[2025-12-12 07:31:40] [run_formula] Running formula oski15a14b16s with K=55 up to limit 1600
[2025-12-12 07:31:49] [generate_cnf] Generating formula oski15a14b16s with K=56
[2025-12-12 07:31:57] [run_formula] Running formula oski15a14b16s with K=56 up to limit 1600
[2025-12-12 07:32:07] [generate_cnf] Generating formula oski15a14b16s with K=57
[2025-12-12 07:32:15] [run_formula] Running formula oski15a14b16s with K=57 up to limit 1600
[2025-12-12 07:32:24] [generate_cnf] Generating formula oski15a14b16s with K=58
[2025-12-12 07:32:33] [run_formula] Running formula oski15a14b16s with K=58 up to limit 1600
[2025-12-12 07:32:43] [generate_cnf] Generating formula oski15a14b16s with K=59
[2025-12-12 07:32:52] [run_formula] Running formula oski15a14b16s with K=59 up to limit 1600
[2025-12-12 07:33:01] [generate_cnf] Generating formula oski15a14b16s with K=60
[2025-12-12 07:33:10] [run_formula] Running formula oski15a14b16s with K=60 up to limit 1600
[2025-12-12 07:33:20] [generate_cnf] Generating formula oski15a14b16s with K=61
[2025-12-12 07:33:29] [run_formula] Running formula oski15a14b16s with K=61 up to limit 1600
[2025-12-12 07:33:39] [generate_cnf] Generating formula oski15a14b16s with K=62
[2025-12-12 07:33:48] [run_formula] Running formula oski15a14b16s with K=62 up to limit 1600
[2025-12-12 07:33:59] [generate_cnf] Generating formula oski15a14b16s with K=63
[2025-12-12 07:34:09] [run_formula] Running formula oski15a14b16s with K=63 up to limit 1600
[2025-12-12 07:34:19] [generate_cnf] Generating formula oski15a14b16s with K=64
[2025-12-12 07:34:29] [run_formula] Running formula oski15a14b16s with K=64 up to limit 1600
[2025-12-12 07:34:40] [generate_cnf] Generating formula oski15a14b16s with K=65
[2025-12-12 07:34:50] [run_formula] Running formula oski15a14b16s with K=65 up to limit 1600
[2025-12-12 07:35:01] [generate_cnf] Generating formula oski15a14b16s with K=66
[2025-12-12 07:35:12] [run_formula] Running formula oski15a14b16s with K=66 up to limit 1600
[2025-12-12 07:35:23] [generate_cnf] Generating formula oski15a14b16s with K=67
[2025-12-12 07:35:33] [run_formula] Running formula oski15a14b16s with K=67 up to limit 1600
[2025-12-12 07:35:44] [generate_cnf] Generating formula oski15a14b16s with K=68
[2025-12-12 07:35:54] [run_formula] Running formula oski15a14b16s with K=68 up to limit 1600
[2025-12-12 07:36:06] [generate_cnf] Generating formula oski15a14b16s with K=69
[2025-12-12 07:36:17] [run_formula] Running formula oski15a14b16s with K=69 up to limit 1600
[2025-12-12 07:36:28] [generate_cnf] Generating formula oski15a14b16s with K=70
[2025-12-12 07:36:39] [run_formula] Running formula oski15a14b16s with K=70 up to limit 1600
[2025-12-12 07:36:52] [generate_cnf] Generating formula oski15a14b16s with K=71
[2025-12-12 07:37:02] [run_formula] Running formula oski15a14b16s with K=71 up to limit 1600
[2025-12-12 07:37:14] [generate_cnf] Generating formula oski15a14b16s with K=72
[2025-12-12 07:37:25] [run_formula] Running formula oski15a14b16s with K=72 up to limit 1600
[2025-12-12 07:37:38] [generate_cnf] Generating formula oski15a14b16s with K=73
[2025-12-12 07:37:50] [run_formula] Running formula oski15a14b16s with K=73 up to limit 1600
[2025-12-12 07:38:03] [generate_cnf] Generating formula oski15a14b16s with K=74
[2025-12-12 07:38:14] [run_formula] Running formula oski15a14b16s with K=74 up to limit 1600
[2025-12-12 07:38:28] [generate_cnf] Generating formula oski15a14b16s with K=75
[2025-12-12 07:38:40] [run_formula] Running formula oski15a14b16s with K=75 up to limit 1600
[2025-12-12 07:38:51] [generate_cnf] Generating formula oski15a14b16s with K=76
[2025-12-12 07:39:03] [run_formula] Running formula oski15a14b16s with K=76 up to limit 1600
[2025-12-12 07:39:16] [generate_cnf] Generating formula oski15a14b16s with K=77
[2025-12-12 07:39:27] [run_formula] Running formula oski15a14b16s with K=77 up to limit 1600
[2025-12-12 07:39:39] [generate_cnf] Generating formula oski15a14b16s with K=78
[2025-12-12 07:39:52] [run_formula] Running formula oski15a14b16s with K=78 up to limit 1600
[2025-12-12 07:40:07] [generate_cnf] Generating formula oski15a14b16s with K=79
[2025-12-12 07:40:19] [run_formula] Running formula oski15a14b16s with K=79 up to limit 1600
[2025-12-12 07:40:32] [generate_cnf] Generating formula oski15a14b16s with K=80
[2025-12-12 07:40:46] [run_formula] Running formula oski15a14b16s with K=80 up to limit 1600
[2025-12-12 07:41:00] [generate_cnf] Generating formula oski15a14b16s with K=81
[2025-12-12 07:41:13] [run_formula] Running formula oski15a14b16s with K=81 up to limit 1600
[2025-12-12 07:41:25] [generate_cnf] Generating formula oski15a14b16s with K=82
[2025-12-12 07:41:39] [run_formula] Running formula oski15a14b16s with K=82 up to limit 1600
[2025-12-12 07:41:54] [generate_cnf] Generating formula oski15a14b16s with K=83
[2025-12-12 07:42:07] [run_formula] Running formula oski15a14b16s with K=83 up to limit 1600
[2025-12-12 07:42:21] [generate_cnf] Generating formula oski15a14b16s with K=84
[2025-12-12 07:42:33] [run_formula] Running formula oski15a14b16s with K=84 up to limit 1600
[2025-12-12 07:42:48] [generate_cnf] Generating formula oski15a14b16s with K=85
[2025-12-12 07:43:01] [run_formula] Running formula oski15a14b16s with K=85 up to limit 1600
[2025-12-12 07:43:14] [generate_cnf] Generating formula oski15a14b16s with K=86
[2025-12-12 07:43:27] [run_formula] Running formula oski15a14b16s with K=86 up to limit 1600
[2025-12-12 07:43:42] [generate_cnf] Generating formula oski15a14b16s with K=87
[2025-12-12 07:43:56] [run_formula] Running formula oski15a14b16s with K=87 up to limit 1600
[2025-12-12 07:44:09] [generate_cnf] Generating formula oski15a14b16s with K=88
[2025-12-12 07:44:23] [run_formula] Running formula oski15a14b16s with K=88 up to limit 1600
[2025-12-12 07:44:39] [generate_cnf] Generating formula oski15a14b16s with K=89
[2025-12-12 07:44:53] [run_formula] Running formula oski15a14b16s with K=89 up to limit 1600
[2025-12-12 07:45:07] [generate_cnf] Generating formula oski15a14b16s with K=90
[2025-12-12 07:45:21] [run_formula] Running formula oski15a14b16s with K=90 up to limit 1600
[2025-12-12 07:45:38] [generate_cnf] Generating formula oski15a14b16s with K=91
[2025-12-12 07:45:52] [run_formula] Running formula oski15a14b16s with K=91 up to limit 1600
[2025-12-12 07:46:06] [generate_cnf] Generating formula oski15a14b16s with K=92
[2025-12-12 07:46:22] [run_formula] Running formula oski15a14b16s with K=92 up to limit 1600
[2025-12-12 07:46:37] [generate_cnf] Generating formula oski15a14b16s with K=93
[2025-12-12 07:46:51] [run_formula] Running formula oski15a14b16s with K=93 up to limit 1600
[2025-12-12 07:47:06] [generate_cnf] Generating formula oski15a14b16s with K=94
[2025-12-12 07:47:21] [run_formula] Running formula oski15a14b16s with K=94 up to limit 1600
[2025-12-12 07:47:37] [generate_cnf] Generating formula oski15a14b16s with K=95
[2025-12-12 07:47:52] [run_formula] Running formula oski15a14b16s with K=95 up to limit 1600
[2025-12-12 07:48:07] [generate_cnf] Generating formula oski15a14b16s with K=96
[2025-12-12 07:48:24] [run_formula] Running formula oski15a14b16s with K=96 up to limit 1600
[2025-12-12 07:48:42] [generate_cnf] Generating formula oski15a14b16s with K=97
[2025-12-12 07:48:57] [run_formula] Running formula oski15a14b16s with K=97 up to limit 1600
[2025-12-12 07:49:13] [generate_cnf] Generating formula oski15a14b16s with K=98
[2025-12-12 07:49:28] [run_formula] Running formula oski15a14b16s with K=98 up to limit 1600
[2025-12-12 07:49:44] [generate_cnf] Generating formula oski15a14b16s with K=99
[2025-12-12 07:49:59] [run_formula] Running formula oski15a14b16s with K=99 up to limit 1600
[2025-12-12 07:50:15] [generate_cnf] Generating formula oski15a14b16s with K=100
[2025-12-12 07:50:30] [run_formula] Running formula oski15a14b16s with K=100 up to limit 1600
[2025-12-12 07:50:47] [generate_cnf] Generating formula oski15a14b16s with K=101
[2025-12-12 07:51:03] [run_formula] Running formula oski15a14b16s with K=101 up to limit 1600
[2025-12-12 07:51:20] [generate_cnf] Generating formula oski15a14b16s with K=102
[2025-12-12 07:51:35] [run_formula] Running formula oski15a14b16s with K=102 up to limit 1600
[2025-12-12 07:51:53] [generate_cnf] Generating formula oski15a14b16s with K=103
[2025-12-12 07:52:08] [run_formula] Running formula oski15a14b16s with K=103 up to limit 1600
[2025-12-12 07:52:23] [generate_cnf] Generating formula oski15a14b16s with K=104
[2025-12-12 07:52:38] [run_formula] Running formula oski15a14b16s with K=104 up to limit 1600
[2025-12-12 07:52:56] [generate_cnf] Generating formula oski15a14b16s with K=105
[2025-12-12 07:53:12] [run_formula] Running formula oski15a14b16s with K=105 up to limit 1600
[2025-12-12 07:53:27] [generate_cnf] Generating formula oski15a14b16s with K=106
[2025-12-12 07:53:43] [run_formula] Running formula oski15a14b16s with K=106 up to limit 1600
[2025-12-12 07:54:01] [generate_cnf] Generating formula oski15a14b16s with K=107
[2025-12-12 07:54:17] [run_formula] Running formula oski15a14b16s with K=107 up to limit 1600
[2025-12-12 07:54:32] [generate_cnf] Generating formula oski15a14b16s with K=108
[2025-12-12 07:54:48] [run_formula] Running formula oski15a14b16s with K=108 up to limit 1600
[2025-12-12 07:55:08] [generate_cnf] Generating formula oski15a14b16s with K=109
[2025-12-12 07:55:24] [run_formula] Running formula oski15a14b16s with K=109 up to limit 1600
[2025-12-12 07:55:40] [generate_cnf] Generating formula oski15a14b16s with K=110
[2025-12-12 07:55:56] [run_formula] Running formula oski15a14b16s with K=110 up to limit 1600
[2025-12-12 07:56:15] [generate_cnf] Generating formula oski15a14b16s with K=111
[2025-12-12 07:56:32] [run_formula] Running formula oski15a14b16s with K=111 up to limit 1600
[2025-12-12 07:56:48] [generate_cnf] Generating formula oski15a14b16s with K=112
[2025-12-12 07:57:04] [run_formula] Running formula oski15a14b16s with K=112 up to limit 1600
[2025-12-12 07:57:23] [generate_cnf] Generating formula oski15a14b16s with K=113
[2025-12-12 07:57:39] [run_formula] Running formula oski15a14b16s with K=113 up to limit 1600
[2025-12-12 07:57:56] [generate_cnf] Generating formula oski15a14b16s with K=114
[2025-12-12 07:58:12] [run_formula] Running formula oski15a14b16s with K=114 up to limit 1600
[2025-12-12 07:58:31] [generate_cnf] Generating formula oski15a14b16s with K=115
[2025-12-12 07:58:48] [run_formula] Running formula oski15a14b16s with K=115 up to limit 1600
[2025-12-12 07:59:04] [generate_cnf] Generating formula oski15a14b16s with K=116
[2025-12-12 07:59:22] [run_formula] Running formula oski15a14b16s with K=116 up to limit 1600
[2025-12-12 07:59:41] [generate_cnf] Generating formula oski15a14b16s with K=117
[2025-12-12 07:59:59] [run_formula] Running formula oski15a14b16s with K=117 up to limit 1600
[2025-12-12 08:00:16] [generate_cnf] Generating formula oski15a14b16s with K=118
[2025-12-12 08:00:33] [run_formula] Running formula oski15a14b16s with K=118 up to limit 1600
[2025-12-12 08:00:53] [generate_cnf] Generating formula oski15a14b16s with K=119
[2025-12-12 08:01:11] [run_formula] Running formula oski15a14b16s with K=119 up to limit 1600
[2025-12-12 08:01:28] [generate_cnf] Generating formula oski15a14b16s with K=120
[2025-12-12 08:01:45] [run_formula] Running formula oski15a14b16s with K=120 up to limit 1600
[2025-12-12 08:02:07] [generate_cnf] Generating formula oski15a14b16s with K=121
[2025-12-12 08:02:25] [run_formula] Running formula oski15a14b16s with K=121 up to limit 1600
[2025-12-12 08:02:42] [generate_cnf] Generating formula oski15a14b16s with K=122
[2025-12-12 08:03:01] [run_formula] Running formula oski15a14b16s with K=122 up to limit 1600
[2025-12-12 08:03:22] [generate_cnf] Generating formula oski15a14b16s with K=123
[2025-12-12 08:03:40] [run_formula] Running formula oski15a14b16s with K=123 up to limit 1600
[2025-12-12 08:03:57] [generate_cnf] Generating formula oski15a14b16s with K=124
[2025-12-12 08:04:16] [run_formula] Running formula oski15a14b16s with K=124 up to limit 1600
[2025-12-12 08:04:38] [generate_cnf] Generating formula oski15a14b16s with K=125
[2025-12-12 08:04:57] [run_formula] Running formula oski15a14b16s with K=125 up to limit 1600
[2025-12-12 08:05:14] [generate_cnf] Generating formula oski15a14b16s with K=126
[2025-12-12 08:05:33] [run_formula] Running formula oski15a14b16s with K=126 up to limit 1600
[2025-12-12 08:05:55] [generate_cnf] Generating formula oski15a14b16s with K=127
[2025-12-12 08:06:14] [run_formula] Running formula oski15a14b16s with K=127 up to limit 1600
[2025-12-12 08:06:33] [generate_cnf] Generating formula oski15a14b16s with K=128
[2025-12-12 08:06:52] [run_formula] Running formula oski15a14b16s with K=128 up to limit 1600
[2025-12-12 08:07:14] [generate_cnf] Generating formula oski15a14b16s with K=129
[2025-12-12 08:07:35] [run_formula] Running formula oski15a14b16s with K=129 up to limit 1600
[2025-12-12 08:07:53] [generate_cnf] Generating formula oski15a14b16s with K=130
[2025-12-12 08:08:12] [run_formula] Running formula oski15a14b16s with K=130 up to limit 1600
[2025-12-12 08:08:35] [generate_cnf] Generating formula oski15a14b16s with K=131
[2025-12-12 08:08:55] [run_formula] Running formula oski15a14b16s with K=131 up to limit 1600
[2025-12-12 08:09:13] [generate_cnf] Generating formula oski15a14b16s with K=132
[2025-12-12 08:09:33] [run_formula] Running formula oski15a14b16s with K=132 up to limit 1600
[2025-12-12 08:09:56] [generate_cnf] Generating formula oski15a14b16s with K=133
[2025-12-12 08:10:16] [run_formula] Running formula oski15a14b16s with K=133 up to limit 1600
[2025-12-12 08:10:35] [generate_cnf] Generating formula oski15a14b16s with K=134
[2025-12-12 08:10:54] [run_formula] Running formula oski15a14b16s with K=134 up to limit 1600
[2025-12-12 08:11:17] [generate_cnf] Generating formula oski15a14b16s with K=135
[2025-12-12 08:11:36] [run_formula] Running formula oski15a14b16s with K=135 up to limit 1600
[2025-12-12 08:11:55] [generate_cnf] Generating formula oski15a14b16s with K=136
[2025-12-12 08:12:14] [run_formula] Running formula oski15a14b16s with K=136 up to limit 1600
[2025-12-12 08:12:37] [generate_cnf] Generating formula oski15a14b16s with K=137
[2025-12-12 08:12:56] [run_formula] Running formula oski15a14b16s with K=137 up to limit 1600
[2025-12-12 08:13:15] [generate_cnf] Generating formula oski15a14b16s with K=138
[2025-12-12 08:13:34] [run_formula] Running formula oski15a14b16s with K=138 up to limit 1600
[2025-12-12 08:14:06] [generate_cnf] Generating formula oski15a14b16s with K=139
[2025-12-12 08:14:27] [run_formula] Running formula oski15a14b16s with K=139 up to limit 1600
[2025-12-12 08:14:48] [generate_cnf] Generating formula oski15a14b16s with K=140
[2025-12-12 08:15:09] [run_formula] Running formula oski15a14b16s with K=140 up to limit 1600
[2025-12-12 08:15:35] [generate_cnf] Generating formula oski15a14b16s with K=141
[2025-12-12 08:16:00] [run_formula] Running formula oski15a14b16s with K=141 up to limit 1600
[2025-12-12 08:16:21] [generate_cnf] Generating formula oski15a14b16s with K=142
[2025-12-12 08:16:44] [run_formula] Running formula oski15a14b16s with K=142 up to limit 1600
[2025-12-12 08:17:11] [generate_cnf] Generating formula oski15a14b16s with K=143
[2025-12-12 08:17:32] [run_formula] Running formula oski15a14b16s with K=143 up to limit 1600
[2025-12-12 08:17:53] [generate_cnf] Generating formula oski15a14b16s with K=144
[2025-12-12 08:18:15] [run_formula] Running formula oski15a14b16s with K=144 up to limit 1600
[2025-12-12 08:18:42] [generate_cnf] Generating formula oski15a14b16s with K=145
[2025-12-12 08:19:06] [run_formula] Running formula oski15a14b16s with K=145 up to limit 1600
[2025-12-12 08:19:27] [generate_cnf] Generating formula oski15a14b16s with K=146
[2025-12-12 08:19:50] [run_formula] Running formula oski15a14b16s with K=146 up to limit 1600
[2025-12-12 08:20:16] [generate_cnf] Generating formula oski15a14b16s with K=147
[2025-12-12 08:20:38] [run_formula] Running formula oski15a14b16s with K=147 up to limit 1600
[2025-12-12 08:21:00] [generate_cnf] Generating formula oski15a14b16s with K=148
[2025-12-12 08:21:24] [run_formula] Running formula oski15a14b16s with K=148 up to limit 1600
[2025-12-12 08:21:50] [generate_cnf] Generating formula oski15a14b16s with K=149
[2025-12-12 08:22:14] [run_formula] Running formula oski15a14b16s with K=149 up to limit 1600
[2025-12-12 08:22:36] [generate_cnf] Generating formula oski15a14b16s with K=150
[2025-12-12 08:22:58] [run_formula] Running formula oski15a14b16s with K=150 up to limit 1600
[2025-12-12 08:23:28] [generate_cnf] Generating formula oski15a14b16s with K=151
[2025-12-12 08:23:53] [run_formula] Running formula oski15a14b16s with K=151 up to limit 1600
[2025-12-12 08:24:16] [generate_cnf] Generating formula oski15a14b16s with K=152
[2025-12-12 08:24:39] [run_formula] Running formula oski15a14b16s with K=152 up to limit 1600
[2025-12-12 08:25:07] [generate_cnf] Generating formula oski15a14b16s with K=153
[2025-12-12 08:25:32] [run_formula] Running formula oski15a14b16s with K=153 up to limit 1600
[2025-12-12 08:25:55] [generate_cnf] Generating formula oski15a14b16s with K=154
[2025-12-12 08:26:19] [run_formula] Running formula oski15a14b16s with K=154 up to limit 1600
[2025-12-12 08:26:46] [generate_cnf] Generating formula oski15a14b16s with K=155
[2025-12-12 08:27:10] [run_formula] Running formula oski15a14b16s with K=155 up to limit 1600
[2025-12-12 08:27:33] [generate_cnf] Generating formula oski15a14b16s with K=156
[2025-12-12 08:27:59] [run_formula] Running formula oski15a14b16s with K=156 up to limit 1600
[2025-12-12 08:28:25] [run_formula] Error running formula oski15a14b16s with K=156: [Errno 122] Disk quota exceeded: './results/solving_logs/oski15a14b16s//oski15a14b16s.156.log'
[2025-12-12 08:28:25] [generate_and_run_up_to_limit] Failed to run formula oski15a14b16s with K=156, halting
