CNF written.
CNF written.
CNF written.
CNF written.
CNF written.
CNF written.
CNF written.
CNF written.
CNF written.
CNF written.
CNF written.
CNF written.
CNF written.
CNF written.
CNF written.
CNF written.
CNF written.
CNF written.
CNF written.
CNF written.
CNF written.
CNF written.
[2025-12-12 07:43:24] [generate_and_run_up_to_limit] Generating and running oski15a08b07s with K<=500 up to limit 1600
[2025-12-12 07:43:24] [generate_cnf] Generating formula oski15a08b07s with K=1
[2025-12-12 07:43:31] [run_formula] Running formula oski15a08b07s with K=1 up to limit 1600
[2025-12-12 07:43:32] [generate_cnf] Generating formula oski15a08b07s with K=2
[2025-12-12 07:43:40] [run_formula] Running formula oski15a08b07s with K=2 up to limit 1600
[2025-12-12 07:43:42] [generate_cnf] Generating formula oski15a08b07s with K=3
[2025-12-12 07:43:52] [run_formula] Running formula oski15a08b07s with K=3 up to limit 1600
[2025-12-12 07:43:54] [generate_cnf] Generating formula oski15a08b07s with K=4
[2025-12-12 07:44:07] [run_formula] Running formula oski15a08b07s with K=4 up to limit 1600
[2025-12-12 07:44:10] [generate_cnf] Generating formula oski15a08b07s with K=5
[2025-12-12 07:44:25] [run_formula] Running formula oski15a08b07s with K=5 up to limit 1600
[2025-12-12 07:44:29] [generate_cnf] Generating formula oski15a08b07s with K=6
[2025-12-12 07:44:47] [run_formula] Running formula oski15a08b07s with K=6 up to limit 1600
[2025-12-12 07:45:05] [generate_cnf] Generating formula oski15a08b07s with K=7
[2025-12-12 07:45:24] [run_formula] Running formula oski15a08b07s with K=7 up to limit 1600
[2025-12-12 07:45:47] [generate_cnf] Generating formula oski15a08b07s with K=8
[2025-12-12 07:46:09] [run_formula] Running formula oski15a08b07s with K=8 up to limit 1600
[2025-12-12 07:46:31] [generate_cnf] Generating formula oski15a08b07s with K=9
[2025-12-12 07:46:55] [run_formula] Running formula oski15a08b07s with K=9 up to limit 1600
[2025-12-12 07:47:19] [generate_cnf] Generating formula oski15a08b07s with K=10
[2025-12-12 07:47:46] [run_formula] Running formula oski15a08b07s with K=10 up to limit 1600
[2025-12-12 07:47:58] [generate_cnf] Generating formula oski15a08b07s with K=11
[2025-12-12 07:48:27] [run_formula] Running formula oski15a08b07s with K=11 up to limit 1600
[2025-12-12 07:49:31] [generate_cnf] Generating formula oski15a08b07s with K=12
[2025-12-12 07:50:02] [run_formula] Running formula oski15a08b07s with K=12 up to limit 1600
[2025-12-12 07:50:25] [generate_cnf] Generating formula oski15a08b07s with K=13
[2025-12-12 07:50:58] [run_formula] Running formula oski15a08b07s with K=13 up to limit 1600
[2025-12-12 07:51:36] [generate_cnf] Generating formula oski15a08b07s with K=14
[2025-12-12 07:52:13] [run_formula] Running formula oski15a08b07s with K=14 up to limit 1600
[2025-12-12 07:52:51] [generate_cnf] Generating formula oski15a08b07s with K=15
[2025-12-12 07:53:30] [run_formula] Running formula oski15a08b07s with K=15 up to limit 1600
[2025-12-12 07:54:13] [generate_cnf] Generating formula oski15a08b07s with K=16
[2025-12-12 07:54:54] [run_formula] Running formula oski15a08b07s with K=16 up to limit 1600
[2025-12-12 07:55:41] [generate_cnf] Generating formula oski15a08b07s with K=17
[2025-12-12 07:56:24] [run_formula] Running formula oski15a08b07s with K=17 up to limit 1600
[2025-12-12 07:57:12] [generate_cnf] Generating formula oski15a08b07s with K=18
[2025-12-12 07:57:58] [run_formula] Running formula oski15a08b07s with K=18 up to limit 1600
[2025-12-12 07:59:07] [generate_cnf] Generating formula oski15a08b07s with K=19
[2025-12-12 07:59:56] [run_formula] Running formula oski15a08b07s with K=19 up to limit 1600
[2025-12-12 08:09:19] [generate_cnf] Generating formula oski15a08b07s with K=20
[2025-12-12 08:10:10] [run_formula] Running formula oski15a08b07s with K=20 up to limit 1600
[2025-12-12 08:13:36] [generate_cnf] Generating formula oski15a08b07s with K=21
[2025-12-12 08:14:31] [run_formula] Running formula oski15a08b07s with K=21 up to limit 1600
[2025-12-12 08:17:35] [generate_cnf] Generating formula oski15a08b07s with K=22
[2025-12-12 08:18:31] [run_formula] Running formula oski15a08b07s with K=22 up to limit 1600
[2025-12-12 08:31:09] [run_formula] Error running formula oski15a08b07s with K=22: [Errno 122] Disk quota exceeded: './results/solving_logs/oski15a08b07s//oski15a08b07s.22.log'
[2025-12-12 08:31:09] [generate_and_run_up_to_limit] Failed to run formula oski15a08b07s with K=22, halting
