CNF written.
CNF written.
CNF written.
CNF written.
CNF written.
CNF written.
CNF written.
CNF written.
CNF written.
CNF written.
CNF written.
CNF written.
CNF written.
CNF written.
CNF written.
CNF written.
CNF written.
CNF written.
CNF written.
CNF written.
CNF written.
CNF written.
CNF written.
CNF written.
CNF written.
CNF written.
CNF written.
CNF written.
CNF written.
CNF written.
CNF written.
CNF written.
CNF written.
CNF written.
CNF written.
CNF written.
CNF written.
CNF written.
CNF written.
CNF written.
CNF written.
CNF written.
CNF written.
CNF written.
CNF written.
CNF written.
CNF written.
CNF written.
CNF written.
CNF written.
CNF written.
CNF written.
CNF written.
CNF written.
[2025-12-12 07:03:55] [generate_and_run_up_to_limit] Generating and running oski15a14b17s with K<=500 up to limit 1600
[2025-12-12 07:03:55] [generate_cnf] Generating formula oski15a14b17s with K=1
[2025-12-12 07:03:55] [run_formula] Running formula oski15a14b17s with K=1 up to limit 1600
[2025-12-12 07:03:55] [generate_cnf] Generating formula oski15a14b17s with K=2
[2025-12-12 07:03:56] [run_formula] Running formula oski15a14b17s with K=2 up to limit 1600
[2025-12-12 07:03:56] [generate_cnf] Generating formula oski15a14b17s with K=3
[2025-12-12 07:03:57] [run_formula] Running formula oski15a14b17s with K=3 up to limit 1600
[2025-12-12 07:03:57] [generate_cnf] Generating formula oski15a14b17s with K=4
[2025-12-12 07:03:58] [run_formula] Running formula oski15a14b17s with K=4 up to limit 1600
[2025-12-12 07:03:58] [generate_cnf] Generating formula oski15a14b17s with K=5
[2025-12-12 07:03:59] [run_formula] Running formula oski15a14b17s with K=5 up to limit 1600
[2025-12-12 07:03:59] [generate_cnf] Generating formula oski15a14b17s with K=6
[2025-12-12 07:04:01] [run_formula] Running formula oski15a14b17s with K=6 up to limit 1600
[2025-12-12 07:04:01] [generate_cnf] Generating formula oski15a14b17s with K=7
[2025-12-12 07:04:03] [run_formula] Running formula oski15a14b17s with K=7 up to limit 1600
[2025-12-12 07:04:04] [generate_cnf] Generating formula oski15a14b17s with K=8
[2025-12-12 07:04:06] [run_formula] Running formula oski15a14b17s with K=8 up to limit 1600
[2025-12-12 07:04:07] [generate_cnf] Generating formula oski15a14b17s with K=9
[2025-12-12 07:04:09] [run_formula] Running formula oski15a14b17s with K=9 up to limit 1600
[2025-12-12 07:04:10] [generate_cnf] Generating formula oski15a14b17s with K=10
[2025-12-12 07:04:12] [run_formula] Running formula oski15a14b17s with K=10 up to limit 1600
[2025-12-12 07:04:13] [generate_cnf] Generating formula oski15a14b17s with K=11
[2025-12-12 07:04:15] [run_formula] Running formula oski15a14b17s with K=11 up to limit 1600
[2025-12-12 07:04:17] [generate_cnf] Generating formula oski15a14b17s with K=12
[2025-12-12 07:04:19] [run_formula] Running formula oski15a14b17s with K=12 up to limit 1600
[2025-12-12 07:04:22] [generate_cnf] Generating formula oski15a14b17s with K=13
[2025-12-12 07:04:24] [run_formula] Running formula oski15a14b17s with K=13 up to limit 1600
[2025-12-12 07:04:31] [generate_cnf] Generating formula oski15a14b17s with K=14
[2025-12-12 07:04:33] [run_formula] Running formula oski15a14b17s with K=14 up to limit 1600
[2025-12-12 07:04:40] [generate_cnf] Generating formula oski15a14b17s with K=15
[2025-12-12 07:04:42] [run_formula] Running formula oski15a14b17s with K=15 up to limit 1600
[2025-12-12 07:04:49] [generate_cnf] Generating formula oski15a14b17s with K=16
[2025-12-12 07:04:51] [run_formula] Running formula oski15a14b17s with K=16 up to limit 1600
[2025-12-12 07:05:01] [generate_cnf] Generating formula oski15a14b17s with K=17
[2025-12-12 07:05:03] [run_formula] Running formula oski15a14b17s with K=17 up to limit 1600
[2025-12-12 07:05:12] [generate_cnf] Generating formula oski15a14b17s with K=18
[2025-12-12 07:05:14] [run_formula] Running formula oski15a14b17s with K=18 up to limit 1600
[2025-12-12 07:05:23] [generate_cnf] Generating formula oski15a14b17s with K=19
[2025-12-12 07:05:26] [run_formula] Running formula oski15a14b17s with K=19 up to limit 1600
[2025-12-12 07:05:34] [generate_cnf] Generating formula oski15a14b17s with K=20
[2025-12-12 07:05:38] [run_formula] Running formula oski15a14b17s with K=20 up to limit 1600
[2025-12-12 07:06:05] [generate_cnf] Generating formula oski15a14b17s with K=21
[2025-12-12 07:06:08] [run_formula] Running formula oski15a14b17s with K=21 up to limit 1600
[2025-12-12 07:06:35] [generate_cnf] Generating formula oski15a14b17s with K=22
[2025-12-12 07:06:39] [run_formula] Running formula oski15a14b17s with K=22 up to limit 1600
[2025-12-12 07:06:53] [generate_cnf] Generating formula oski15a14b17s with K=23
[2025-12-12 07:06:57] [run_formula] Running formula oski15a14b17s with K=23 up to limit 1600
[2025-12-12 07:07:28] [generate_cnf] Generating formula oski15a14b17s with K=24
[2025-12-12 07:07:32] [run_formula] Running formula oski15a14b17s with K=24 up to limit 1600
[2025-12-12 07:08:06] [generate_cnf] Generating formula oski15a14b17s with K=25
[2025-12-12 07:08:10] [run_formula] Running formula oski15a14b17s with K=25 up to limit 1600
[2025-12-12 07:08:44] [generate_cnf] Generating formula oski15a14b17s with K=26
[2025-12-12 07:08:48] [run_formula] Running formula oski15a14b17s with K=26 up to limit 1600
[2025-12-12 07:09:18] [generate_cnf] Generating formula oski15a14b17s with K=27
[2025-12-12 07:09:22] [run_formula] Running formula oski15a14b17s with K=27 up to limit 1600
[2025-12-12 07:09:59] [generate_cnf] Generating formula oski15a14b17s with K=28
[2025-12-12 07:10:03] [run_formula] Running formula oski15a14b17s with K=28 up to limit 1600
[2025-12-12 07:10:41] [generate_cnf] Generating formula oski15a14b17s with K=29
[2025-12-12 07:10:46] [run_formula] Running formula oski15a14b17s with K=29 up to limit 1600
[2025-12-12 07:11:30] [generate_cnf] Generating formula oski15a14b17s with K=30
[2025-12-12 07:11:34] [run_formula] Running formula oski15a14b17s with K=30 up to limit 1600
[2025-12-12 07:13:19] [generate_cnf] Generating formula oski15a14b17s with K=31
[2025-12-12 07:13:24] [run_formula] Running formula oski15a14b17s with K=31 up to limit 1600
[2025-12-12 07:14:14] [generate_cnf] Generating formula oski15a14b17s with K=32
[2025-12-12 07:14:19] [run_formula] Running formula oski15a14b17s with K=32 up to limit 1600
[2025-12-12 07:16:22] [generate_cnf] Generating formula oski15a14b17s with K=33
[2025-12-12 07:16:27] [run_formula] Running formula oski15a14b17s with K=33 up to limit 1600
[2025-12-12 07:18:13] [generate_cnf] Generating formula oski15a14b17s with K=34
[2025-12-12 07:18:18] [run_formula] Running formula oski15a14b17s with K=34 up to limit 1600
[2025-12-12 07:20:04] [generate_cnf] Generating formula oski15a14b17s with K=35
[2025-12-12 07:20:10] [run_formula] Running formula oski15a14b17s with K=35 up to limit 1600
[2025-12-12 07:22:10] [generate_cnf] Generating formula oski15a14b17s with K=36
[2025-12-12 07:22:16] [run_formula] Running formula oski15a14b17s with K=36 up to limit 1600
[2025-12-12 07:24:16] [generate_cnf] Generating formula oski15a14b17s with K=37
[2025-12-12 07:24:22] [run_formula] Running formula oski15a14b17s with K=37 up to limit 1600
[2025-12-12 07:26:36] [generate_cnf] Generating formula oski15a14b17s with K=38
[2025-12-12 07:26:42] [run_formula] Running formula oski15a14b17s with K=38 up to limit 1600
[2025-12-12 07:28:58] [generate_cnf] Generating formula oski15a14b17s with K=39
[2025-12-12 07:29:04] [run_formula] Running formula oski15a14b17s with K=39 up to limit 1600
[2025-12-12 07:31:05] [generate_cnf] Generating formula oski15a14b17s with K=40
[2025-12-12 07:31:11] [run_formula] Running formula oski15a14b17s with K=40 up to limit 1600
[2025-12-12 07:32:12] [generate_cnf] Generating formula oski15a14b17s with K=41
[2025-12-12 07:32:18] [run_formula] Running formula oski15a14b17s with K=41 up to limit 1600
[2025-12-12 07:34:32] [generate_cnf] Generating formula oski15a14b17s with K=42
[2025-12-12 07:34:38] [run_formula] Running formula oski15a14b17s with K=42 up to limit 1600
[2025-12-12 07:36:36] [generate_cnf] Generating formula oski15a14b17s with K=43
[2025-12-12 07:36:43] [run_formula] Running formula oski15a14b17s with K=43 up to limit 1600
[2025-12-12 07:39:20] [generate_cnf] Generating formula oski15a14b17s with K=44
[2025-12-12 07:39:27] [run_formula] Running formula oski15a14b17s with K=44 up to limit 1600
[2025-12-12 07:41:27] [generate_cnf] Generating formula oski15a14b17s with K=45
[2025-12-12 07:41:34] [run_formula] Running formula oski15a14b17s with K=45 up to limit 1600
[2025-12-12 07:44:27] [generate_cnf] Generating formula oski15a14b17s with K=46
[2025-12-12 07:44:34] [run_formula] Running formula oski15a14b17s with K=46 up to limit 1600
[2025-12-12 07:47:07] [generate_cnf] Generating formula oski15a14b17s with K=47
[2025-12-12 07:47:14] [run_formula] Running formula oski15a14b17s with K=47 up to limit 1600
[2025-12-12 07:50:03] [generate_cnf] Generating formula oski15a14b17s with K=48
[2025-12-12 07:50:11] [run_formula] Running formula oski15a14b17s with K=48 up to limit 1600
[2025-12-12 07:53:46] [generate_cnf] Generating formula oski15a14b17s with K=49
[2025-12-12 07:53:54] [run_formula] Running formula oski15a14b17s with K=49 up to limit 1600
[2025-12-12 07:57:00] [generate_cnf] Generating formula oski15a14b17s with K=50
[2025-12-12 07:57:08] [run_formula] Running formula oski15a14b17s with K=50 up to limit 1600
[2025-12-12 08:08:43] [generate_cnf] Generating formula oski15a14b17s with K=51
[2025-12-12 08:08:51] [run_formula] Running formula oski15a14b17s with K=51 up to limit 1600
[2025-12-12 08:11:49] [generate_cnf] Generating formula oski15a14b17s with K=52
[2025-12-12 08:11:57] [run_formula] Running formula oski15a14b17s with K=52 up to limit 1600
[2025-12-12 08:15:55] [generate_cnf] Generating formula oski15a14b17s with K=53
[2025-12-12 08:16:04] [run_formula] Running formula oski15a14b17s with K=53 up to limit 1600
[2025-12-12 08:21:10] [generate_cnf] Generating formula oski15a14b17s with K=54
[2025-12-12 08:21:19] [run_formula] Running formula oski15a14b17s with K=54 up to limit 1600
[2025-12-12 08:32:55] [run_formula] Error running formula oski15a14b17s with K=54: [Errno 122] Disk quota exceeded: './results/solving_logs/oski15a14b17s//oski15a14b17s.54.log'
[2025-12-12 08:32:55] [generate_and_run_up_to_limit] Failed to run formula oski15a14b17s with K=54, halting
