CNF written.
CNF written.
CNF written.
CNF written.
CNF written.
CNF written.
CNF written.
CNF written.
CNF written.
CNF written.
CNF written.
CNF written.
CNF written.
CNF written.
CNF written.
CNF written.
CNF written.
CNF written.
CNF written.
CNF written.
[2025-12-12 07:10:42] [generate_and_run_up_to_limit] Generating and running oski15a01b02s with K<=500 up to limit 1600
[2025-12-12 07:10:42] [generate_cnf] Generating formula oski15a01b02s with K=1
[2025-12-12 07:10:45] [run_formula] Running formula oski15a01b02s with K=1 up to limit 1600
[2025-12-12 07:10:45] [generate_cnf] Generating formula oski15a01b02s with K=2
[2025-12-12 07:10:49] [run_formula] Running formula oski15a01b02s with K=2 up to limit 1600
[2025-12-12 07:10:50] [generate_cnf] Generating formula oski15a01b02s with K=3
[2025-12-12 07:10:55] [run_formula] Running formula oski15a01b02s with K=3 up to limit 1600
[2025-12-12 07:10:56] [generate_cnf] Generating formula oski15a01b02s with K=4
[2025-12-12 07:11:02] [run_formula] Running formula oski15a01b02s with K=4 up to limit 1600
[2025-12-12 07:11:03] [generate_cnf] Generating formula oski15a01b02s with K=5
[2025-12-12 07:11:11] [run_formula] Running formula oski15a01b02s with K=5 up to limit 1600
[2025-12-12 07:11:12] [generate_cnf] Generating formula oski15a01b02s with K=6
[2025-12-12 07:11:20] [run_formula] Running formula oski15a01b02s with K=6 up to limit 1600
[2025-12-12 07:11:22] [generate_cnf] Generating formula oski15a01b02s with K=7
[2025-12-12 07:11:31] [run_formula] Running formula oski15a01b02s with K=7 up to limit 1600
[2025-12-12 07:11:33] [generate_cnf] Generating formula oski15a01b02s with K=8
[2025-12-12 07:11:44] [run_formula] Running formula oski15a01b02s with K=8 up to limit 1600
[2025-12-12 07:11:46] [generate_cnf] Generating formula oski15a01b02s with K=9
[2025-12-12 07:11:57] [run_formula] Running formula oski15a01b02s with K=9 up to limit 1600
[2025-12-12 07:12:00] [generate_cnf] Generating formula oski15a01b02s with K=10
[2025-12-12 07:12:13] [run_formula] Running formula oski15a01b02s with K=10 up to limit 1600
[2025-12-12 07:12:23] [generate_cnf] Generating formula oski15a01b02s with K=11
[2025-12-12 07:12:37] [run_formula] Running formula oski15a01b02s with K=11 up to limit 1600
[2025-12-12 07:13:00] [generate_cnf] Generating formula oski15a01b02s with K=12
[2025-12-12 07:13:17] [run_formula] Running formula oski15a01b02s with K=12 up to limit 1600
[2025-12-12 07:14:13] [generate_cnf] Generating formula oski15a01b02s with K=13
[2025-12-12 07:14:28] [run_formula] Running formula oski15a01b02s with K=13 up to limit 1600
[2025-12-12 07:15:40] [generate_cnf] Generating formula oski15a01b02s with K=14
[2025-12-12 07:15:56] [run_formula] Running formula oski15a01b02s with K=14 up to limit 1600
[2025-12-12 07:17:27] [generate_cnf] Generating formula oski15a01b02s with K=15
[2025-12-12 07:17:45] [run_formula] Running formula oski15a01b02s with K=15 up to limit 1600
[2025-12-12 07:19:54] [generate_cnf] Generating formula oski15a01b02s with K=16
[2025-12-12 07:20:13] [run_formula] Running formula oski15a01b02s with K=16 up to limit 1600
[2025-12-12 07:28:19] [generate_cnf] Generating formula oski15a01b02s with K=17
[2025-12-12 07:28:39] [run_formula] Running formula oski15a01b02s with K=17 up to limit 1600
[2025-12-12 07:38:22] [generate_cnf] Generating formula oski15a01b02s with K=18
[2025-12-12 07:38:41] [run_formula] Running formula oski15a01b02s with K=18 up to limit 1600
[2025-12-12 07:53:22] [generate_cnf] Generating formula oski15a01b02s with K=19
[2025-12-12 07:53:43] [run_formula] Running formula oski15a01b02s with K=19 up to limit 1600
[2025-12-12 08:14:38] [generate_cnf] Generating formula oski15a01b02s with K=20
[2025-12-12 08:15:03] [run_formula] Running formula oski15a01b02s with K=20 up to limit 1600
[2025-12-12 08:39:19] [run_formula] Error running formula oski15a01b02s with K=20: [Errno 122] Disk quota exceeded: './results/solving_logs/oski15a01b02s//oski15a01b02s.20.log'
[2025-12-12 08:39:19] [generate_and_run_up_to_limit] Failed to run formula oski15a01b02s with K=20, halting
