CNF written.
CNF written.
CNF written.
CNF written.
CNF written.
CNF written.
CNF written.
CNF written.
CNF written.
CNF written.
CNF written.
CNF written.
CNF written.
CNF written.
CNF written.
CNF written.
CNF written.
CNF written.
CNF written.
CNF written.
CNF written.
[2025-12-12 07:26:52] [generate_and_run_up_to_limit] Generating and running oski15a01b19s with K<=500 up to limit 1600
[2025-12-12 07:26:52] [generate_cnf] Generating formula oski15a01b19s with K=1
[2025-12-12 07:26:56] [run_formula] Running formula oski15a01b19s with K=1 up to limit 1600
[2025-12-12 07:26:57] [generate_cnf] Generating formula oski15a01b19s with K=2
[2025-12-12 07:27:02] [run_formula] Running formula oski15a01b19s with K=2 up to limit 1600
[2025-12-12 07:27:03] [generate_cnf] Generating formula oski15a01b19s with K=3
[2025-12-12 07:27:09] [run_formula] Running formula oski15a01b19s with K=3 up to limit 1600
[2025-12-12 07:27:10] [generate_cnf] Generating formula oski15a01b19s with K=4
[2025-12-12 07:27:18] [run_formula] Running formula oski15a01b19s with K=4 up to limit 1600
[2025-12-12 07:27:20] [generate_cnf] Generating formula oski15a01b19s with K=5
[2025-12-12 07:27:29] [run_formula] Running formula oski15a01b19s with K=5 up to limit 1600
[2025-12-12 07:27:44] [generate_cnf] Generating formula oski15a01b19s with K=6
[2025-12-12 07:27:54] [run_formula] Running formula oski15a01b19s with K=6 up to limit 1600
[2025-12-12 07:28:00] [generate_cnf] Generating formula oski15a01b19s with K=7
[2025-12-12 07:28:12] [run_formula] Running formula oski15a01b19s with K=7 up to limit 1600
[2025-12-12 07:28:22] [generate_cnf] Generating formula oski15a01b19s with K=8
[2025-12-12 07:28:35] [run_formula] Running formula oski15a01b19s with K=8 up to limit 1600
[2025-12-12 07:28:47] [generate_cnf] Generating formula oski15a01b19s with K=9
[2025-12-12 07:29:02] [run_formula] Running formula oski15a01b19s with K=9 up to limit 1600
[2025-12-12 07:29:18] [generate_cnf] Generating formula oski15a01b19s with K=10
[2025-12-12 07:29:34] [run_formula] Running formula oski15a01b19s with K=10 up to limit 1600
[2025-12-12 07:29:50] [generate_cnf] Generating formula oski15a01b19s with K=11
[2025-12-12 07:30:08] [run_formula] Running formula oski15a01b19s with K=11 up to limit 1600
[2025-12-12 07:32:31] [generate_cnf] Generating formula oski15a01b19s with K=12
[2025-12-12 07:32:48] [run_formula] Running formula oski15a01b19s with K=12 up to limit 1600
[2025-12-12 07:33:12] [generate_cnf] Generating formula oski15a01b19s with K=13
[2025-12-12 07:33:32] [run_formula] Running formula oski15a01b19s with K=13 up to limit 1600
[2025-12-12 07:33:52] [generate_cnf] Generating formula oski15a01b19s with K=14
[2025-12-12 07:34:13] [run_formula] Running formula oski15a01b19s with K=14 up to limit 1600
[2025-12-12 07:36:14] [generate_cnf] Generating formula oski15a01b19s with K=15
[2025-12-12 07:36:36] [run_formula] Running formula oski15a01b19s with K=15 up to limit 1600
[2025-12-12 07:43:06] [generate_cnf] Generating formula oski15a01b19s with K=16
[2025-12-12 07:43:30] [run_formula] Running formula oski15a01b19s with K=16 up to limit 1600
[2025-12-12 07:50:09] [generate_cnf] Generating formula oski15a01b19s with K=17
[2025-12-12 07:50:36] [run_formula] Running formula oski15a01b19s with K=17 up to limit 1600
[2025-12-12 07:57:49] [generate_cnf] Generating formula oski15a01b19s with K=18
[2025-12-12 07:58:16] [run_formula] Running formula oski15a01b19s with K=18 up to limit 1600
[2025-12-12 08:07:05] [generate_cnf] Generating formula oski15a01b19s with K=19
[2025-12-12 08:07:49] [run_formula] Running formula oski15a01b19s with K=19 up to limit 1600
[2025-12-12 08:18:57] [generate_cnf] Generating formula oski15a01b19s with K=20
[2025-12-12 08:19:23] [run_formula] Running formula oski15a01b19s with K=20 up to limit 1600
[2025-12-12 08:26:47] [generate_cnf] Generating formula oski15a01b19s with K=21
[2025-12-12 08:27:18] [run_formula] Running formula oski15a01b19s with K=21 up to limit 1600
[2025-12-12 08:53:58] [run_formula] Formula oski15a01b19s with K=21 timed out after 1600 seconds
[2025-12-12 08:53:58] [generate_and_run_up_to_limit] Failed to run formula oski15a01b19s with K=21, halting
