CNF written.
CNF written.
CNF written.
CNF written.
CNF written.
CNF written.
CNF written.
CNF written.
CNF written.
CNF written.
CNF written.
CNF written.
CNF written.
CNF written.
CNF written.
CNF written.
CNF written.
CNF written.
CNF written.
CNF written.
CNF written.
CNF written.
CNF written.
CNF written.
CNF written.
CNF written.
CNF written.
CNF written.
CNF written.
CNF written.
CNF written.
CNF written.
CNF written.
[2025-12-12 16:06:53] [generate_and_run_up_to_limit] Generating and running oski15a01b15s with K<=500 up to limit 1600
[2025-12-12 16:06:53] [generate_cnf] Generating formula oski15a01b15s with K=1
[2025-12-12 16:06:53] [run_formula] Running formula oski15a01b15s with K=1 up to limit 1600
[2025-12-12 16:06:53] [generate_cnf] Generating formula oski15a01b15s with K=2
[2025-12-12 16:06:53] [run_formula] Running formula oski15a01b15s with K=2 up to limit 1600
[2025-12-12 16:06:53] [generate_cnf] Generating formula oski15a01b15s with K=3
[2025-12-12 16:06:53] [run_formula] Running formula oski15a01b15s with K=3 up to limit 1600
[2025-12-12 16:06:53] [generate_cnf] Generating formula oski15a01b15s with K=4
[2025-12-12 16:06:53] [run_formula] Running formula oski15a01b15s with K=4 up to limit 1600
[2025-12-12 16:06:53] [generate_cnf] Generating formula oski15a01b15s with K=5
[2025-12-12 16:06:53] [run_formula] Running formula oski15a01b15s with K=5 up to limit 1600
[2025-12-12 16:06:53] [generate_cnf] Generating formula oski15a01b15s with K=6
[2025-12-12 16:06:53] [run_formula] Running formula oski15a01b15s with K=6 up to limit 1600
[2025-12-12 16:06:53] [generate_cnf] Generating formula oski15a01b15s with K=7
[2025-12-12 16:06:53] [run_formula] Running formula oski15a01b15s with K=7 up to limit 1600
[2025-12-12 16:06:53] [generate_cnf] Generating formula oski15a01b15s with K=8
[2025-12-12 16:06:53] [run_formula] Running formula oski15a01b15s with K=8 up to limit 1600
[2025-12-12 16:06:53] [generate_cnf] Generating formula oski15a01b15s with K=9
[2025-12-12 16:06:53] [run_formula] Running formula oski15a01b15s with K=9 up to limit 1600
[2025-12-12 16:06:53] [generate_cnf] Generating formula oski15a01b15s with K=10
[2025-12-12 16:06:53] [run_formula] Running formula oski15a01b15s with K=10 up to limit 1600
[2025-12-12 16:06:53] [generate_cnf] Generating formula oski15a01b15s with K=11
[2025-12-12 16:06:53] [run_formula] Running formula oski15a01b15s with K=11 up to limit 1600
[2025-12-12 16:06:53] [generate_cnf] Generating formula oski15a01b15s with K=12
[2025-12-12 16:06:53] [run_formula] Running formula oski15a01b15s with K=12 up to limit 1600
[2025-12-12 16:06:53] [generate_cnf] Generating formula oski15a01b15s with K=13
[2025-12-12 16:06:53] [run_formula] Running formula oski15a01b15s with K=13 up to limit 1600
[2025-12-12 16:06:53] [generate_cnf] Generating formula oski15a01b15s with K=14
[2025-12-12 16:06:53] [run_formula] Running formula oski15a01b15s with K=14 up to limit 1600
[2025-12-12 16:06:53] [generate_cnf] Generating formula oski15a01b15s with K=15
[2025-12-12 16:06:53] [run_formula] Running formula oski15a01b15s with K=15 up to limit 1600
[2025-12-12 16:06:53] [generate_cnf] Generating formula oski15a01b15s with K=16
[2025-12-12 16:06:53] [run_formula] Running formula oski15a01b15s with K=16 up to limit 1600
[2025-12-12 16:06:53] [generate_cnf] Generating formula oski15a01b15s with K=17
[2025-12-12 16:06:53] [run_formula] Running formula oski15a01b15s with K=17 up to limit 1600
[2025-12-12 16:06:53] [generate_cnf] Generating formula oski15a01b15s with K=18
[2025-12-12 16:06:53] [run_formula] Running formula oski15a01b15s with K=18 up to limit 1600
[2025-12-12 16:06:53] [generate_cnf] Generating formula oski15a01b15s with K=19
[2025-12-12 16:06:53] [run_formula] Running formula oski15a01b15s with K=19 up to limit 1600
[2025-12-12 16:06:53] [generate_cnf] Generating formula oski15a01b15s with K=20
[2025-12-12 16:06:53] [run_formula] Running formula oski15a01b15s with K=20 up to limit 1600
[2025-12-12 16:06:53] [generate_cnf] Generating formula oski15a01b15s with K=21
[2025-12-12 16:06:53] [run_formula] Running formula oski15a01b15s with K=21 up to limit 1600
[2025-12-12 16:06:53] [generate_cnf] Generating formula oski15a01b15s with K=22
[2025-12-12 16:06:53] [run_formula] Running formula oski15a01b15s with K=22 up to limit 1600
[2025-12-12 16:06:53] [generate_cnf] Generating formula oski15a01b15s with K=23
[2025-12-12 16:06:53] [run_formula] Running formula oski15a01b15s with K=23 up to limit 1600
[2025-12-12 16:06:53] [generate_cnf] Generating formula oski15a01b15s with K=24
[2025-12-12 16:06:53] [run_formula] Running formula oski15a01b15s with K=24 up to limit 1600
[2025-12-12 16:06:53] [generate_cnf] Generating formula oski15a01b15s with K=25
[2025-12-12 16:06:53] [run_formula] Running formula oski15a01b15s with K=25 up to limit 1600
[2025-12-12 16:06:53] [generate_cnf] Generating formula oski15a01b15s with K=26
[2025-12-12 16:06:53] [run_formula] Running formula oski15a01b15s with K=26 up to limit 1600
[2025-12-12 16:06:53] [generate_cnf] Generating formula oski15a01b15s with K=27
[2025-12-12 16:06:53] [run_formula] Running formula oski15a01b15s with K=27 up to limit 1600
[2025-12-12 16:06:53] [generate_cnf] Generating formula oski15a01b15s with K=28
[2025-12-12 16:06:53] [run_formula] Running formula oski15a01b15s with K=28 up to limit 1600
[2025-12-12 16:06:53] [generate_cnf] Generating formula oski15a01b15s with K=29
[2025-12-12 16:06:53] [run_formula] Running formula oski15a01b15s with K=29 up to limit 1600
[2025-12-12 16:06:53] [generate_cnf] Generating formula oski15a01b15s with K=30
[2025-12-12 16:06:53] [run_formula] Running formula oski15a01b15s with K=30 up to limit 1600
[2025-12-12 16:06:53] [generate_cnf] Generating formula oski15a01b15s with K=31
[2025-12-12 16:06:53] [run_formula] Running formula oski15a01b15s with K=31 up to limit 1600
[2025-12-12 16:06:53] [generate_cnf] Generating formula oski15a01b15s with K=32
[2025-12-12 16:06:53] [run_formula] Running formula oski15a01b15s with K=32 up to limit 1600
[2025-12-12 16:06:53] [generate_cnf] Generating formula oski15a01b15s with K=33
[2025-12-12 16:06:53] [run_formula] Running formula oski15a01b15s with K=33 up to limit 1600
[2025-12-12 16:06:53] [generate_cnf] Generating formula oski15a01b15s with K=34
[2025-12-12 16:06:53] [run_formula] Running formula oski15a01b15s with K=34 up to limit 1600
[2025-12-12 16:06:53] [generate_cnf] Generating formula oski15a01b15s with K=35
[2025-12-12 16:06:53] [run_formula] Running formula oski15a01b15s with K=35 up to limit 1600
[2025-12-12 16:06:53] [generate_cnf] Generating formula oski15a01b15s with K=36
[2025-12-12 16:06:53] [run_formula] Running formula oski15a01b15s with K=36 up to limit 1600
[2025-12-12 16:06:53] [generate_cnf] Generating formula oski15a01b15s with K=37
[2025-12-12 16:06:53] [run_formula] Running formula oski15a01b15s with K=37 up to limit 1600
[2025-12-12 16:06:53] [generate_cnf] Generating formula oski15a01b15s with K=38
[2025-12-12 16:06:53] [run_formula] Running formula oski15a01b15s with K=38 up to limit 1600
[2025-12-12 16:06:53] [generate_cnf] Generating formula oski15a01b15s with K=39
[2025-12-12 16:06:53] [run_formula] Running formula oski15a01b15s with K=39 up to limit 1600
[2025-12-12 16:06:53] [generate_cnf] Generating formula oski15a01b15s with K=40
[2025-12-12 16:06:53] [run_formula] Running formula oski15a01b15s with K=40 up to limit 1600
[2025-12-12 16:06:53] [generate_cnf] Generating formula oski15a01b15s with K=41
[2025-12-12 16:06:53] [run_formula] Running formula oski15a01b15s with K=41 up to limit 1600
[2025-12-12 16:06:53] [generate_cnf] Generating formula oski15a01b15s with K=42
[2025-12-12 16:06:53] [run_formula] Running formula oski15a01b15s with K=42 up to limit 1600
[2025-12-12 16:06:53] [generate_cnf] Generating formula oski15a01b15s with K=43
[2025-12-12 16:06:53] [run_formula] Running formula oski15a01b15s with K=43 up to limit 1600
[2025-12-12 16:06:53] [generate_cnf] Generating formula oski15a01b15s with K=44
[2025-12-12 16:06:53] [run_formula] Running formula oski15a01b15s with K=44 up to limit 1600
[2025-12-12 16:06:53] [generate_cnf] Generating formula oski15a01b15s with K=45
[2025-12-12 16:06:53] [run_formula] Running formula oski15a01b15s with K=45 up to limit 1600
[2025-12-12 16:06:53] [generate_cnf] Generating formula oski15a01b15s with K=46
[2025-12-12 16:06:53] [run_formula] Running formula oski15a01b15s with K=46 up to limit 1600
[2025-12-12 16:06:53] [generate_cnf] Generating formula oski15a01b15s with K=47
[2025-12-12 16:06:53] [run_formula] Running formula oski15a01b15s with K=47 up to limit 1600
[2025-12-12 16:06:53] [generate_cnf] Generating formula oski15a01b15s with K=48
[2025-12-12 16:06:53] [run_formula] Running formula oski15a01b15s with K=48 up to limit 1600
[2025-12-12 16:06:53] [generate_cnf] Generating formula oski15a01b15s with K=49
[2025-12-12 16:06:53] [run_formula] Running formula oski15a01b15s with K=49 up to limit 1600
[2025-12-12 16:06:53] [generate_cnf] Generating formula oski15a01b15s with K=50
[2025-12-12 16:06:53] [run_formula] Running formula oski15a01b15s with K=50 up to limit 1600
[2025-12-12 16:06:53] [generate_cnf] Generating formula oski15a01b15s with K=51
[2025-12-12 16:06:53] [run_formula] Running formula oski15a01b15s with K=51 up to limit 1600
[2025-12-12 16:06:53] [generate_cnf] Generating formula oski15a01b15s with K=52
[2025-12-12 16:06:53] [run_formula] Running formula oski15a01b15s with K=52 up to limit 1600
[2025-12-12 16:06:53] [generate_cnf] Generating formula oski15a01b15s with K=53
[2025-12-12 16:06:53] [run_formula] Running formula oski15a01b15s with K=53 up to limit 1600
[2025-12-12 16:06:53] [generate_cnf] Generating formula oski15a01b15s with K=54
[2025-12-12 16:06:53] [run_formula] Running formula oski15a01b15s with K=54 up to limit 1600
[2025-12-12 16:06:53] [generate_cnf] Generating formula oski15a01b15s with K=55
[2025-12-12 16:06:53] [run_formula] Running formula oski15a01b15s with K=55 up to limit 1600
[2025-12-12 16:06:53] [generate_cnf] Generating formula oski15a01b15s with K=56
[2025-12-12 16:06:53] [run_formula] Running formula oski15a01b15s with K=56 up to limit 1600
[2025-12-12 16:06:53] [generate_cnf] Generating formula oski15a01b15s with K=57
[2025-12-12 16:06:53] [run_formula] Running formula oski15a01b15s with K=57 up to limit 1600
[2025-12-12 16:06:53] [generate_cnf] Generating formula oski15a01b15s with K=58
[2025-12-12 16:06:54] [run_formula] Running formula oski15a01b15s with K=58 up to limit 1600
[2025-12-12 16:06:54] [generate_cnf] Generating formula oski15a01b15s with K=59
[2025-12-12 16:06:54] [run_formula] Running formula oski15a01b15s with K=59 up to limit 1600
[2025-12-12 16:06:54] [generate_cnf] Generating formula oski15a01b15s with K=60
[2025-12-12 16:06:54] [run_formula] Running formula oski15a01b15s with K=60 up to limit 1600
[2025-12-12 16:06:54] [generate_cnf] Generating formula oski15a01b15s with K=61
[2025-12-12 16:06:54] [run_formula] Running formula oski15a01b15s with K=61 up to limit 1600
[2025-12-12 16:06:54] [generate_cnf] Generating formula oski15a01b15s with K=62
[2025-12-12 16:06:54] [run_formula] Running formula oski15a01b15s with K=62 up to limit 1600
[2025-12-12 16:06:54] [generate_cnf] Generating formula oski15a01b15s with K=63
[2025-12-12 16:06:54] [run_formula] Running formula oski15a01b15s with K=63 up to limit 1600
[2025-12-12 16:06:54] [generate_cnf] Generating formula oski15a01b15s with K=64
[2025-12-12 16:06:54] [run_formula] Running formula oski15a01b15s with K=64 up to limit 1600
[2025-12-12 16:06:54] [generate_cnf] Generating formula oski15a01b15s with K=65
[2025-12-12 16:06:54] [run_formula] Running formula oski15a01b15s with K=65 up to limit 1600
[2025-12-12 16:06:54] [generate_cnf] Generating formula oski15a01b15s with K=66
[2025-12-12 16:06:54] [run_formula] Running formula oski15a01b15s with K=66 up to limit 1600
[2025-12-12 16:06:54] [generate_cnf] Generating formula oski15a01b15s with K=67
[2025-12-12 16:06:54] [run_formula] Running formula oski15a01b15s with K=67 up to limit 1600
[2025-12-12 16:06:54] [generate_cnf] Generating formula oski15a01b15s with K=68
[2025-12-12 16:06:54] [run_formula] Running formula oski15a01b15s with K=68 up to limit 1600
[2025-12-12 16:06:54] [generate_cnf] Generating formula oski15a01b15s with K=69
[2025-12-12 16:06:54] [run_formula] Running formula oski15a01b15s with K=69 up to limit 1600
[2025-12-12 16:06:54] [generate_cnf] Generating formula oski15a01b15s with K=70
[2025-12-12 16:06:54] [run_formula] Running formula oski15a01b15s with K=70 up to limit 1600
[2025-12-12 16:06:54] [generate_cnf] Generating formula oski15a01b15s with K=71
[2025-12-12 16:06:54] [run_formula] Running formula oski15a01b15s with K=71 up to limit 1600
[2025-12-12 16:06:54] [generate_cnf] Generating formula oski15a01b15s with K=72
[2025-12-12 16:06:54] [run_formula] Running formula oski15a01b15s with K=72 up to limit 1600
[2025-12-12 16:06:54] [generate_cnf] Generating formula oski15a01b15s with K=73
[2025-12-12 16:06:54] [run_formula] Running formula oski15a01b15s with K=73 up to limit 1600
[2025-12-12 16:06:54] [generate_cnf] Generating formula oski15a01b15s with K=74
[2025-12-12 16:06:54] [run_formula] Running formula oski15a01b15s with K=74 up to limit 1600
[2025-12-12 16:06:54] [generate_cnf] Generating formula oski15a01b15s with K=75
[2025-12-12 16:06:54] [run_formula] Running formula oski15a01b15s with K=75 up to limit 1600
[2025-12-12 16:06:54] [generate_cnf] Generating formula oski15a01b15s with K=76
[2025-12-12 16:06:54] [run_formula] Running formula oski15a01b15s with K=76 up to limit 1600
[2025-12-12 16:06:54] [generate_cnf] Generating formula oski15a01b15s with K=77
[2025-12-12 16:06:54] [run_formula] Running formula oski15a01b15s with K=77 up to limit 1600
[2025-12-12 16:06:54] [generate_cnf] Generating formula oski15a01b15s with K=78
[2025-12-12 16:06:54] [run_formula] Running formula oski15a01b15s with K=78 up to limit 1600
[2025-12-12 16:06:54] [generate_cnf] Generating formula oski15a01b15s with K=79
[2025-12-12 16:06:54] [run_formula] Running formula oski15a01b15s with K=79 up to limit 1600
[2025-12-12 16:06:54] [generate_cnf] Generating formula oski15a01b15s with K=80
[2025-12-12 16:06:54] [run_formula] Running formula oski15a01b15s with K=80 up to limit 1600
[2025-12-12 16:06:54] [generate_cnf] Generating formula oski15a01b15s with K=81
[2025-12-12 16:06:54] [run_formula] Running formula oski15a01b15s with K=81 up to limit 1600
[2025-12-12 16:06:54] [generate_cnf] Generating formula oski15a01b15s with K=82
[2025-12-12 16:06:54] [run_formula] Running formula oski15a01b15s with K=82 up to limit 1600
[2025-12-12 16:06:54] [generate_cnf] Generating formula oski15a01b15s with K=83
[2025-12-12 16:06:54] [run_formula] Running formula oski15a01b15s with K=83 up to limit 1600
[2025-12-12 16:06:54] [generate_cnf] Generating formula oski15a01b15s with K=84
[2025-12-12 16:06:54] [run_formula] Running formula oski15a01b15s with K=84 up to limit 1600
[2025-12-12 16:06:54] [generate_cnf] Generating formula oski15a01b15s with K=85
[2025-12-12 16:06:54] [run_formula] Running formula oski15a01b15s with K=85 up to limit 1600
[2025-12-12 16:06:54] [generate_cnf] Generating formula oski15a01b15s with K=86
[2025-12-12 16:06:54] [run_formula] Running formula oski15a01b15s with K=86 up to limit 1600
[2025-12-12 16:06:54] [generate_cnf] Generating formula oski15a01b15s with K=87
[2025-12-12 16:06:54] [run_formula] Running formula oski15a01b15s with K=87 up to limit 1600
[2025-12-12 16:06:54] [generate_cnf] Generating formula oski15a01b15s with K=88
[2025-12-12 16:06:54] [run_formula] Running formula oski15a01b15s with K=88 up to limit 1600
[2025-12-12 16:06:54] [generate_cnf] Generating formula oski15a01b15s with K=89
[2025-12-12 16:06:54] [run_formula] Running formula oski15a01b15s with K=89 up to limit 1600
[2025-12-12 16:06:54] [generate_cnf] Generating formula oski15a01b15s with K=90
[2025-12-12 16:06:54] [run_formula] Running formula oski15a01b15s with K=90 up to limit 1600
[2025-12-12 16:06:54] [generate_cnf] Generating formula oski15a01b15s with K=91
[2025-12-12 16:06:54] [run_formula] Running formula oski15a01b15s with K=91 up to limit 1600
[2025-12-12 16:06:54] [generate_cnf] Generating formula oski15a01b15s with K=92
[2025-12-12 16:06:54] [run_formula] Running formula oski15a01b15s with K=92 up to limit 1600
[2025-12-12 16:06:54] [generate_cnf] Generating formula oski15a01b15s with K=93
[2025-12-12 16:06:54] [run_formula] Running formula oski15a01b15s with K=93 up to limit 1600
[2025-12-12 16:06:54] [generate_cnf] Generating formula oski15a01b15s with K=94
[2025-12-12 16:06:55] [run_formula] Running formula oski15a01b15s with K=94 up to limit 1600
[2025-12-12 16:06:55] [generate_cnf] Generating formula oski15a01b15s with K=95
[2025-12-12 16:06:55] [run_formula] Running formula oski15a01b15s with K=95 up to limit 1600
[2025-12-12 16:07:20] [generate_cnf] Generating formula oski15a01b15s with K=96
[2025-12-12 16:09:02] [run_formula] Running formula oski15a01b15s with K=96 up to limit 1600
[2025-12-12 16:09:27] [generate_cnf] Generating formula oski15a01b15s with K=97
[2025-12-12 16:11:06] [run_formula] Running formula oski15a01b15s with K=97 up to limit 1600
[2025-12-12 16:11:31] [generate_cnf] Generating formula oski15a01b15s with K=98
[2025-12-12 16:13:12] [run_formula] Running formula oski15a01b15s with K=98 up to limit 1600
[2025-12-12 16:13:38] [generate_cnf] Generating formula oski15a01b15s with K=99
[2025-12-12 16:15:21] [run_formula] Running formula oski15a01b15s with K=99 up to limit 1600
[2025-12-12 16:15:47] [generate_cnf] Generating formula oski15a01b15s with K=100
[2025-12-12 16:17:34] [run_formula] Running formula oski15a01b15s with K=100 up to limit 1600
[2025-12-12 16:18:01] [generate_cnf] Generating formula oski15a01b15s with K=101
[2025-12-12 16:19:46] [run_formula] Running formula oski15a01b15s with K=101 up to limit 1600
[2025-12-12 16:20:12] [generate_cnf] Generating formula oski15a01b15s with K=102
[2025-12-12 16:22:01] [run_formula] Running formula oski15a01b15s with K=102 up to limit 1600
[2025-12-12 16:22:29] [generate_cnf] Generating formula oski15a01b15s with K=103
[2025-12-12 16:24:19] [run_formula] Running formula oski15a01b15s with K=103 up to limit 1600
[2025-12-12 16:24:46] [generate_cnf] Generating formula oski15a01b15s with K=104
[2025-12-12 16:26:35] [run_formula] Running formula oski15a01b15s with K=104 up to limit 1600
[2025-12-12 16:27:02] [generate_cnf] Generating formula oski15a01b15s with K=105
[2025-12-12 16:28:52] [run_formula] Running formula oski15a01b15s with K=105 up to limit 1600
[2025-12-12 16:29:21] [generate_cnf] Generating formula oski15a01b15s with K=106
[2025-12-12 16:31:12] [run_formula] Running formula oski15a01b15s with K=106 up to limit 1600
[2025-12-12 16:31:40] [generate_cnf] Generating formula oski15a01b15s with K=107
[2025-12-12 16:33:33] [run_formula] Running formula oski15a01b15s with K=107 up to limit 1600
[2025-12-12 16:34:02] [generate_cnf] Generating formula oski15a01b15s with K=108
[2025-12-12 16:35:56] [run_formula] Running formula oski15a01b15s with K=108 up to limit 1600
[2025-12-12 16:36:25] [generate_cnf] Generating formula oski15a01b15s with K=109
[2025-12-12 16:38:19] [run_formula] Running formula oski15a01b15s with K=109 up to limit 1600
[2025-12-12 16:38:48] [generate_cnf] Generating formula oski15a01b15s with K=110
[2025-12-12 16:40:44] [run_formula] Running formula oski15a01b15s with K=110 up to limit 1600
[2025-12-12 16:41:13] [generate_cnf] Generating formula oski15a01b15s with K=111
[2025-12-12 16:43:11] [run_formula] Running formula oski15a01b15s with K=111 up to limit 1600
[2025-12-12 16:43:41] [generate_cnf] Generating formula oski15a01b15s with K=112
[2025-12-12 16:45:47] [run_formula] Running formula oski15a01b15s with K=112 up to limit 1600
[2025-12-12 16:46:19] [generate_cnf] Generating formula oski15a01b15s with K=113
[2025-12-12 16:48:26] [run_formula] Running formula oski15a01b15s with K=113 up to limit 1600
[2025-12-12 16:48:57] [generate_cnf] Generating formula oski15a01b15s with K=114
[2025-12-12 16:51:07] [run_formula] Running formula oski15a01b15s with K=114 up to limit 1600
[2025-12-12 16:51:39] [generate_cnf] Generating formula oski15a01b15s with K=115
[2025-12-12 16:53:52] [run_formula] Running formula oski15a01b15s with K=115 up to limit 1600
[2025-12-12 16:54:25] [generate_cnf] Generating formula oski15a01b15s with K=116
[2025-12-12 16:56:36] [run_formula] Running formula oski15a01b15s with K=116 up to limit 1600
[2025-12-12 16:57:09] [generate_cnf] Generating formula oski15a01b15s with K=117
[2025-12-12 16:59:20] [run_formula] Running formula oski15a01b15s with K=117 up to limit 1600
[2025-12-12 16:59:41] [generate_cnf] Generating formula oski15a01b15s with K=118
[2025-12-12 17:01:52] [run_formula] Running formula oski15a01b15s with K=118 up to limit 1600
[2025-12-12 17:02:13] [generate_cnf] Generating formula oski15a01b15s with K=119
[2025-12-12 17:04:27] [run_formula] Running formula oski15a01b15s with K=119 up to limit 1600
[2025-12-12 17:04:48] [generate_cnf] Generating formula oski15a01b15s with K=120
[2025-12-12 17:07:05] [run_formula] Running formula oski15a01b15s with K=120 up to limit 1600
[2025-12-12 17:07:26] [generate_cnf] Generating formula oski15a01b15s with K=121
[2025-12-12 17:09:44] [run_formula] Running formula oski15a01b15s with K=121 up to limit 1600
[2025-12-12 17:10:05] [generate_cnf] Generating formula oski15a01b15s with K=122
[2025-12-12 17:12:24] [run_formula] Running formula oski15a01b15s with K=122 up to limit 1600
[2025-12-12 17:12:45] [generate_cnf] Generating formula oski15a01b15s with K=123
[2025-12-12 17:15:09] [run_formula] Running formula oski15a01b15s with K=123 up to limit 1600
[2025-12-12 17:15:31] [generate_cnf] Generating formula oski15a01b15s with K=124
[2025-12-12 17:17:54] [run_formula] Running formula oski15a01b15s with K=124 up to limit 1600
[2025-12-12 17:18:15] [generate_cnf] Generating formula oski15a01b15s with K=125
[2025-12-12 17:20:41] [run_formula] Running formula oski15a01b15s with K=125 up to limit 1600
[2025-12-12 17:21:03] [generate_cnf] Generating formula oski15a01b15s with K=126
[2025-12-12 17:23:34] [run_formula] Running formula oski15a01b15s with K=126 up to limit 1600
[2025-12-12 17:23:55] [generate_cnf] Generating formula oski15a01b15s with K=127
[2025-12-12 17:26:22] [run_formula] Running formula oski15a01b15s with K=127 up to limit 1600
[2025-12-12 17:26:43] [generate_cnf] Generating formula oski15a01b15s with K=128
[2025-12-12 17:29:14] [run_formula] Running formula oski15a01b15s with K=128 up to limit 1600
[2025-12-12 17:29:33] [generate_cnf] Generating formula oski15a01b15s with K=129
[2025-12-12 17:31:11] [run_formula] Running formula oski15a01b15s with K=129 up to limit 1600
[2025-12-12 17:31:18] [generate_cnf] Generating formula oski15a01b15s with K=130
[2025-12-12 17:32:27] [run_formula] Running formula oski15a01b15s with K=130 up to limit 1600
[2025-12-12 17:32:28] [generate_cnf] Generating formula oski15a01b15s with K=131
[2025-12-12 17:33:38] [generate_and_run_up_to_limit] Failed to generate CNF for oski15a01b15s with K=131, halting
slurmstepd: error: Detected 15 oom_kill events in StepId=15392074.batch. Some of the step tasks have been OOM Killed.
