CNF written.
CNF written.
CNF written.
CNF written.
CNF written.
CNF written.
CNF written.
CNF written.
CNF written.
CNF written.
CNF written.
CNF written.
CNF written.
CNF written.
CNF written.
CNF written.
CNF written.
CNF written.
CNF written.
CNF written.
CNF written.
CNF written.
CNF written.
CNF written.
CNF written.
CNF written.
CNF written.
CNF written.
CNF written.
CNF written.
CNF written.
CNF written.
CNF written.
CNF written.
CNF written.
CNF written.
CNF written.
CNF written.
CNF written.
CNF written.
CNF written.
CNF written.
CNF written.
CNF written.
CNF written.
CNF written.
CNF written.
CNF written.
CNF written.
CNF written.
CNF written.
CNF written.
CNF written.
CNF written.
CNF written.
CNF written.
CNF written.
CNF written.
CNF written.
CNF written.
CNF written.
CNF written.
CNF written.
CNF written.
CNF written.
CNF written.
CNF written.
CNF written.
[2025-12-12 07:53:31] [generate_and_run_up_to_limit] Generating and running oski2b1i with K<=500 up to limit 1600
[2025-12-12 07:53:31] [generate_cnf] Generating formula oski2b1i with K=1
[2025-12-12 07:53:33] [run_formula] Running formula oski2b1i with K=1 up to limit 1600
[2025-12-12 07:53:33] [generate_cnf] Generating formula oski2b1i with K=2
[2025-12-12 07:53:36] [run_formula] Running formula oski2b1i with K=2 up to limit 1600
[2025-12-12 07:53:36] [generate_cnf] Generating formula oski2b1i with K=3
[2025-12-12 07:53:39] [run_formula] Running formula oski2b1i with K=3 up to limit 1600
[2025-12-12 07:53:40] [generate_cnf] Generating formula oski2b1i with K=4
[2025-12-12 07:53:44] [run_formula] Running formula oski2b1i with K=4 up to limit 1600
[2025-12-12 07:53:45] [generate_cnf] Generating formula oski2b1i with K=5
[2025-12-12 07:53:49] [run_formula] Running formula oski2b1i with K=5 up to limit 1600
[2025-12-12 07:53:50] [generate_cnf] Generating formula oski2b1i with K=6
[2025-12-12 07:53:55] [run_formula] Running formula oski2b1i with K=6 up to limit 1600
[2025-12-12 07:53:56] [generate_cnf] Generating formula oski2b1i with K=7
[2025-12-12 07:54:02] [run_formula] Running formula oski2b1i with K=7 up to limit 1600
[2025-12-12 07:54:03] [generate_cnf] Generating formula oski2b1i with K=8
[2025-12-12 07:54:10] [run_formula] Running formula oski2b1i with K=8 up to limit 1600
[2025-12-12 07:54:11] [generate_cnf] Generating formula oski2b1i with K=9
[2025-12-12 07:54:18] [run_formula] Running formula oski2b1i with K=9 up to limit 1600
[2025-12-12 07:54:20] [generate_cnf] Generating formula oski2b1i with K=10
[2025-12-12 07:54:28] [run_formula] Running formula oski2b1i with K=10 up to limit 1600
[2025-12-12 07:54:29] [generate_cnf] Generating formula oski2b1i with K=11
[2025-12-12 07:54:38] [run_formula] Running formula oski2b1i with K=11 up to limit 1600
[2025-12-12 07:54:40] [generate_cnf] Generating formula oski2b1i with K=12
[2025-12-12 07:54:49] [run_formula] Running formula oski2b1i with K=12 up to limit 1600
[2025-12-12 07:54:51] [generate_cnf] Generating formula oski2b1i with K=13
[2025-12-12 07:55:01] [run_formula] Running formula oski2b1i with K=13 up to limit 1600
[2025-12-12 07:55:03] [generate_cnf] Generating formula oski2b1i with K=14
[2025-12-12 07:55:14] [run_formula] Running formula oski2b1i with K=14 up to limit 1600
[2025-12-12 07:55:17] [generate_cnf] Generating formula oski2b1i with K=15
[2025-12-12 07:55:27] [run_formula] Running formula oski2b1i with K=15 up to limit 1600
[2025-12-12 07:55:31] [generate_cnf] Generating formula oski2b1i with K=16
[2025-12-12 07:55:42] [run_formula] Running formula oski2b1i with K=16 up to limit 1600
[2025-12-12 07:55:45] [generate_cnf] Generating formula oski2b1i with K=17
[2025-12-12 07:55:58] [run_formula] Running formula oski2b1i with K=17 up to limit 1600
[2025-12-12 07:56:01] [generate_cnf] Generating formula oski2b1i with K=18
[2025-12-12 07:56:14] [run_formula] Running formula oski2b1i with K=18 up to limit 1600
[2025-12-12 07:56:18] [generate_cnf] Generating formula oski2b1i with K=19
[2025-12-12 07:56:31] [run_formula] Running formula oski2b1i with K=19 up to limit 1600
[2025-12-12 07:56:35] [generate_cnf] Generating formula oski2b1i with K=20
[2025-12-12 07:56:49] [run_formula] Running formula oski2b1i with K=20 up to limit 1600
[2025-12-12 07:56:53] [generate_cnf] Generating formula oski2b1i with K=21
[2025-12-12 07:57:08] [run_formula] Running formula oski2b1i with K=21 up to limit 1600
[2025-12-12 07:57:12] [generate_cnf] Generating formula oski2b1i with K=22
[2025-12-12 07:57:28] [run_formula] Running formula oski2b1i with K=22 up to limit 1600
[2025-12-12 07:57:33] [generate_cnf] Generating formula oski2b1i with K=23
[2025-12-12 07:57:49] [run_formula] Running formula oski2b1i with K=23 up to limit 1600
[2025-12-12 07:57:54] [generate_cnf] Generating formula oski2b1i with K=24
[2025-12-12 07:58:11] [run_formula] Running formula oski2b1i with K=24 up to limit 1600
[2025-12-12 07:58:16] [generate_cnf] Generating formula oski2b1i with K=25
[2025-12-12 07:58:34] [run_formula] Running formula oski2b1i with K=25 up to limit 1600
[2025-12-12 07:58:39] [generate_cnf] Generating formula oski2b1i with K=26
[2025-12-12 07:58:57] [run_formula] Running formula oski2b1i with K=26 up to limit 1600
[2025-12-12 07:59:02] [generate_cnf] Generating formula oski2b1i with K=27
[2025-12-12 07:59:21] [run_formula] Running formula oski2b1i with K=27 up to limit 1600
[2025-12-12 07:59:26] [generate_cnf] Generating formula oski2b1i with K=28
[2025-12-12 07:59:46] [run_formula] Running formula oski2b1i with K=28 up to limit 1600
[2025-12-12 07:59:52] [generate_cnf] Generating formula oski2b1i with K=29
[2025-12-12 08:00:12] [run_formula] Running formula oski2b1i with K=29 up to limit 1600
[2025-12-12 08:00:18] [generate_cnf] Generating formula oski2b1i with K=30
[2025-12-12 08:00:39] [run_formula] Running formula oski2b1i with K=30 up to limit 1600
[2025-12-12 08:00:45] [generate_cnf] Generating formula oski2b1i with K=31
[2025-12-12 08:01:06] [run_formula] Running formula oski2b1i with K=31 up to limit 1600
[2025-12-12 08:01:12] [generate_cnf] Generating formula oski2b1i with K=32
[2025-12-12 08:01:35] [run_formula] Running formula oski2b1i with K=32 up to limit 1600
[2025-12-12 08:01:41] [generate_cnf] Generating formula oski2b1i with K=33
[2025-12-12 08:02:04] [run_formula] Running formula oski2b1i with K=33 up to limit 1600
[2025-12-12 08:02:11] [generate_cnf] Generating formula oski2b1i with K=34
[2025-12-12 08:02:35] [run_formula] Running formula oski2b1i with K=34 up to limit 1600
[2025-12-12 08:02:42] [generate_cnf] Generating formula oski2b1i with K=35
[2025-12-12 08:03:06] [run_formula] Running formula oski2b1i with K=35 up to limit 1600
[2025-12-12 08:03:13] [generate_cnf] Generating formula oski2b1i with K=36
[2025-12-12 08:03:38] [run_formula] Running formula oski2b1i with K=36 up to limit 1600
[2025-12-12 08:03:45] [generate_cnf] Generating formula oski2b1i with K=37
[2025-12-12 08:04:11] [run_formula] Running formula oski2b1i with K=37 up to limit 1600
[2025-12-12 08:04:18] [generate_cnf] Generating formula oski2b1i with K=38
[2025-12-12 08:04:45] [run_formula] Running formula oski2b1i with K=38 up to limit 1600
[2025-12-12 08:04:52] [generate_cnf] Generating formula oski2b1i with K=39
[2025-12-12 08:05:20] [run_formula] Running formula oski2b1i with K=39 up to limit 1600
[2025-12-12 08:05:27] [generate_cnf] Generating formula oski2b1i with K=40
[2025-12-12 08:05:55] [run_formula] Running formula oski2b1i with K=40 up to limit 1600
[2025-12-12 08:06:03] [generate_cnf] Generating formula oski2b1i with K=41
[2025-12-12 08:06:31] [run_formula] Running formula oski2b1i with K=41 up to limit 1600
[2025-12-12 08:06:39] [generate_cnf] Generating formula oski2b1i with K=42
[2025-12-12 08:07:08] [run_formula] Running formula oski2b1i with K=42 up to limit 1600
[2025-12-12 08:07:16] [generate_cnf] Generating formula oski2b1i with K=43
[2025-12-12 08:07:46] [run_formula] Running formula oski2b1i with K=43 up to limit 1600
[2025-12-12 08:07:55] [generate_cnf] Generating formula oski2b1i with K=44
[2025-12-12 08:08:25] [run_formula] Running formula oski2b1i with K=44 up to limit 1600
[2025-12-12 08:08:34] [generate_cnf] Generating formula oski2b1i with K=45
[2025-12-12 08:09:04] [run_formula] Running formula oski2b1i with K=45 up to limit 1600
[2025-12-12 08:09:13] [generate_cnf] Generating formula oski2b1i with K=46
[2025-12-12 08:09:45] [run_formula] Running formula oski2b1i with K=46 up to limit 1600
[2025-12-12 08:09:54] [generate_cnf] Generating formula oski2b1i with K=47
[2025-12-12 08:10:27] [run_formula] Running formula oski2b1i with K=47 up to limit 1600
[2025-12-12 08:10:36] [generate_cnf] Generating formula oski2b1i with K=48
[2025-12-12 08:11:09] [run_formula] Running formula oski2b1i with K=48 up to limit 1600
[2025-12-12 08:11:19] [generate_cnf] Generating formula oski2b1i with K=49
[2025-12-12 08:11:52] [run_formula] Running formula oski2b1i with K=49 up to limit 1600
[2025-12-12 08:12:02] [generate_cnf] Generating formula oski2b1i with K=50
[2025-12-12 08:12:36] [run_formula] Running formula oski2b1i with K=50 up to limit 1600
[2025-12-12 08:12:46] [generate_cnf] Generating formula oski2b1i with K=51
[2025-12-12 08:13:21] [run_formula] Running formula oski2b1i with K=51 up to limit 1600
[2025-12-12 08:13:31] [generate_cnf] Generating formula oski2b1i with K=52
[2025-12-12 08:14:07] [run_formula] Running formula oski2b1i with K=52 up to limit 1600
[2025-12-12 08:14:17] [generate_cnf] Generating formula oski2b1i with K=53
[2025-12-12 08:14:53] [run_formula] Running formula oski2b1i with K=53 up to limit 1600
[2025-12-12 08:15:04] [generate_cnf] Generating formula oski2b1i with K=54
[2025-12-12 08:15:40] [run_formula] Running formula oski2b1i with K=54 up to limit 1600
[2025-12-12 08:15:52] [generate_cnf] Generating formula oski2b1i with K=55
[2025-12-12 08:16:29] [run_formula] Running formula oski2b1i with K=55 up to limit 1600
[2025-12-12 08:16:40] [generate_cnf] Generating formula oski2b1i with K=56
[2025-12-12 08:17:18] [run_formula] Running formula oski2b1i with K=56 up to limit 1600
[2025-12-12 08:17:29] [generate_cnf] Generating formula oski2b1i with K=57
[2025-12-12 08:18:08] [run_formula] Running formula oski2b1i with K=57 up to limit 1600
[2025-12-12 08:18:19] [generate_cnf] Generating formula oski2b1i with K=58
[2025-12-12 08:18:58] [run_formula] Running formula oski2b1i with K=58 up to limit 1600
[2025-12-12 08:19:10] [generate_cnf] Generating formula oski2b1i with K=59
[2025-12-12 08:19:50] [run_formula] Running formula oski2b1i with K=59 up to limit 1600
[2025-12-12 08:20:02] [generate_cnf] Generating formula oski2b1i with K=60
[2025-12-12 08:20:43] [run_formula] Running formula oski2b1i with K=60 up to limit 1600
[2025-12-12 08:20:55] [generate_cnf] Generating formula oski2b1i with K=61
[2025-12-12 08:21:35] [run_formula] Running formula oski2b1i with K=61 up to limit 1600
[2025-12-12 08:21:47] [generate_cnf] Generating formula oski2b1i with K=62
[2025-12-12 08:22:27] [run_formula] Running formula oski2b1i with K=62 up to limit 1600
[2025-12-12 08:22:39] [generate_cnf] Generating formula oski2b1i with K=63
[2025-12-12 08:23:20] [run_formula] Running formula oski2b1i with K=63 up to limit 1600
[2025-12-12 08:23:32] [generate_cnf] Generating formula oski2b1i with K=64
[2025-12-12 08:24:14] [run_formula] Running formula oski2b1i with K=64 up to limit 1600
[2025-12-12 08:24:27] [generate_cnf] Generating formula oski2b1i with K=65
[2025-12-12 08:25:14] [run_formula] Running formula oski2b1i with K=65 up to limit 1600
[2025-12-12 08:25:27] [generate_cnf] Generating formula oski2b1i with K=66
[2025-12-12 08:26:15] [run_formula] Running formula oski2b1i with K=66 up to limit 1600
[2025-12-12 08:26:30] [generate_cnf] Generating formula oski2b1i with K=67
[2025-12-12 08:27:18] [run_formula] Running formula oski2b1i with K=67 up to limit 1600
[2025-12-12 08:27:32] [generate_cnf] Generating formula oski2b1i with K=68
[2025-12-12 08:28:20] [run_formula] Running formula oski2b1i with K=68 up to limit 1600
[2025-12-12 08:28:33] [run_formula] Error running formula oski2b1i with K=68: [Errno 122] Disk quota exceeded: './results/solving_logs/oski2b1i//oski2b1i.68.log'
[2025-12-12 08:28:33] [generate_and_run_up_to_limit] Failed to run formula oski2b1i with K=68, halting
