CNF written.
CNF written.
CNF written.
CNF written.
CNF written.
CNF written.
CNF written.
CNF written.
CNF written.
CNF written.
CNF written.
CNF written.
CNF written.
CNF written.
CNF written.
CNF written.
CNF written.
CNF written.
CNF written.
CNF written.
CNF written.
CNF written.
CNF written.
CNF written.
CNF written.
CNF written.
CNF written.
CNF written.
CNF written.
CNF written.
CNF written.
CNF written.
CNF written.
CNF written.
CNF written.
[2025-12-12 07:23:34] [generate_and_run_up_to_limit] Generating and running oski15a08b14s with K<=500 up to limit 1600
[2025-12-12 07:23:34] [generate_cnf] Generating formula oski15a08b14s with K=1
[2025-12-12 07:23:42] [run_formula] Running formula oski15a08b14s with K=1 up to limit 1600
[2025-12-12 07:23:43] [generate_cnf] Generating formula oski15a08b14s with K=2
[2025-12-12 07:23:54] [run_formula] Running formula oski15a08b14s with K=2 up to limit 1600
[2025-12-12 07:23:55] [generate_cnf] Generating formula oski15a08b14s with K=3
[2025-12-12 07:24:09] [run_formula] Running formula oski15a08b14s with K=3 up to limit 1600
[2025-12-12 07:24:11] [generate_cnf] Generating formula oski15a08b14s with K=4
[2025-12-12 07:24:27] [run_formula] Running formula oski15a08b14s with K=4 up to limit 1600
[2025-12-12 07:24:30] [generate_cnf] Generating formula oski15a08b14s with K=5
[2025-12-12 07:24:48] [run_formula] Running formula oski15a08b14s with K=5 up to limit 1600
[2025-12-12 07:24:53] [generate_cnf] Generating formula oski15a08b14s with K=6
[2025-12-12 07:25:13] [run_formula] Running formula oski15a08b14s with K=6 up to limit 1600
[2025-12-12 07:25:34] [generate_cnf] Generating formula oski15a08b14s with K=7
[2025-12-12 07:25:59] [run_formula] Running formula oski15a08b14s with K=7 up to limit 1600
[2025-12-12 07:26:09] [generate_cnf] Generating formula oski15a08b14s with K=8
[2025-12-12 07:26:34] [run_formula] Running formula oski15a08b14s with K=8 up to limit 1600
[2025-12-12 07:26:47] [generate_cnf] Generating formula oski15a08b14s with K=9
[2025-12-12 07:27:17] [run_formula] Running formula oski15a08b14s with K=9 up to limit 1600
[2025-12-12 07:27:45] [generate_cnf] Generating formula oski15a08b14s with K=10
[2025-12-12 07:28:16] [run_formula] Running formula oski15a08b14s with K=10 up to limit 1600
[2025-12-12 07:28:51] [generate_cnf] Generating formula oski15a08b14s with K=11
[2025-12-12 07:29:25] [run_formula] Running formula oski15a08b14s with K=11 up to limit 1600
[2025-12-12 07:30:03] [generate_cnf] Generating formula oski15a08b14s with K=12
[2025-12-12 07:30:38] [run_formula] Running formula oski15a08b14s with K=12 up to limit 1600
[2025-12-12 07:31:26] [generate_cnf] Generating formula oski15a08b14s with K=13
[2025-12-12 07:32:03] [run_formula] Running formula oski15a08b14s with K=13 up to limit 1600
[2025-12-12 07:32:36] [generate_cnf] Generating formula oski15a08b14s with K=14
[2025-12-12 07:33:15] [run_formula] Running formula oski15a08b14s with K=14 up to limit 1600
[2025-12-12 07:34:01] [generate_cnf] Generating formula oski15a08b14s with K=15
[2025-12-12 07:34:43] [run_formula] Running formula oski15a08b14s with K=15 up to limit 1600
[2025-12-12 07:35:30] [generate_cnf] Generating formula oski15a08b14s with K=16
[2025-12-12 07:36:16] [run_formula] Running formula oski15a08b14s with K=16 up to limit 1600
[2025-12-12 07:37:16] [generate_cnf] Generating formula oski15a08b14s with K=17
[2025-12-12 07:38:07] [run_formula] Running formula oski15a08b14s with K=17 up to limit 1600
[2025-12-12 07:39:06] [generate_cnf] Generating formula oski15a08b14s with K=18
[2025-12-12 07:39:58] [run_formula] Running formula oski15a08b14s with K=18 up to limit 1600
[2025-12-12 07:40:59] [generate_cnf] Generating formula oski15a08b14s with K=19
[2025-12-12 07:41:56] [run_formula] Running formula oski15a08b14s with K=19 up to limit 1600
[2025-12-12 07:42:57] [generate_cnf] Generating formula oski15a08b14s with K=20
[2025-12-12 07:43:55] [run_formula] Running formula oski15a08b14s with K=20 up to limit 1600
[2025-12-12 07:45:01] [generate_cnf] Generating formula oski15a08b14s with K=21
[2025-12-12 07:46:04] [run_formula] Running formula oski15a08b14s with K=21 up to limit 1600
[2025-12-12 07:47:11] [generate_cnf] Generating formula oski15a08b14s with K=22
[2025-12-12 07:48:13] [run_formula] Running formula oski15a08b14s with K=22 up to limit 1600
[2025-12-12 07:49:23] [generate_cnf] Generating formula oski15a08b14s with K=23
[2025-12-12 07:50:28] [run_formula] Running formula oski15a08b14s with K=23 up to limit 1600
[2025-12-12 07:51:51] [generate_cnf] Generating formula oski15a08b14s with K=24
[2025-12-12 07:53:02] [run_formula] Running formula oski15a08b14s with K=24 up to limit 1600
[2025-12-12 07:54:23] [generate_cnf] Generating formula oski15a08b14s with K=25
[2025-12-12 07:55:38] [run_formula] Running formula oski15a08b14s with K=25 up to limit 1600
[2025-12-12 07:57:03] [generate_cnf] Generating formula oski15a08b14s with K=26
[2025-12-12 07:58:21] [run_formula] Running formula oski15a08b14s with K=26 up to limit 1600
[2025-12-12 07:59:45] [generate_cnf] Generating formula oski15a08b14s with K=27
[2025-12-12 08:01:05] [run_formula] Running formula oski15a08b14s with K=27 up to limit 1600
[2025-12-12 08:02:34] [generate_cnf] Generating formula oski15a08b14s with K=28
[2025-12-12 08:03:59] [run_formula] Running formula oski15a08b14s with K=28 up to limit 1600
[2025-12-12 08:05:45] [generate_cnf] Generating formula oski15a08b14s with K=29
[2025-12-12 08:07:13] [run_formula] Running formula oski15a08b14s with K=29 up to limit 1600
[2025-12-12 08:09:04] [generate_cnf] Generating formula oski15a08b14s with K=30
[2025-12-12 08:10:34] [run_formula] Running formula oski15a08b14s with K=30 up to limit 1600
[2025-12-12 08:12:27] [generate_cnf] Generating formula oski15a08b14s with K=31
[2025-12-12 08:14:00] [run_formula] Running formula oski15a08b14s with K=31 up to limit 1600
[2025-12-12 08:15:39] [generate_cnf] Generating formula oski15a08b14s with K=32
[2025-12-12 08:17:15] [run_formula] Running formula oski15a08b14s with K=32 up to limit 1600
[2025-12-12 08:18:57] [generate_cnf] Generating formula oski15a08b14s with K=33
[2025-12-12 08:20:33] [run_formula] Running formula oski15a08b14s with K=33 up to limit 1600
[2025-12-12 08:22:30] [generate_cnf] Generating formula oski15a08b14s with K=34
[2025-12-12 08:24:10] [run_formula] Running formula oski15a08b14s with K=34 up to limit 1600
[2025-12-12 08:26:28] [generate_cnf] Generating formula oski15a08b14s with K=35
[2025-12-12 08:28:13] [run_formula] Running formula oski15a08b14s with K=35 up to limit 1600
[2025-12-12 08:30:27] [run_formula] Error running formula oski15a08b14s with K=35: [Errno 122] Disk quota exceeded: './results/solving_logs/oski15a08b14s//oski15a08b14s.35.log'
[2025-12-12 08:30:27] [generate_and_run_up_to_limit] Failed to run formula oski15a08b14s with K=35, halting
