CNF written.
CNF written.
CNF written.
CNF written.
CNF written.
CNF written.
CNF written.
CNF written.
CNF written.
CNF written.
CNF written.
CNF written.
CNF written.
CNF written.
CNF written.
CNF written.
CNF written.
CNF written.
CNF written.
CNF written.
CNF written.
CNF written.
CNF written.
CNF written.
CNF written.
CNF written.
CNF written.
CNF written.
CNF written.
CNF written.
CNF written.
CNF written.
CNF written.
CNF written.
CNF written.
CNF written.
CNF written.
CNF written.
CNF written.
CNF written.
CNF written.
CNF written.
CNF written.
CNF written.
CNF written.
CNF written.
CNF written.
CNF written.
CNF written.
CNF written.
CNF written.
CNF written.
CNF written.
CNF written.
CNF written.
CNF written.
CNF written.
CNF written.
CNF written.
CNF written.
CNF written.
CNF written.
CNF written.
CNF written.
CNF written.
CNF written.
CNF written.
CNF written.
CNF written.
CNF written.
CNF written.
CNF written.
CNF written.
CNF written.
CNF written.
CNF written.
CNF written.
CNF written.
CNF written.
CNF written.
CNF written.
CNF written.
CNF written.
CNF written.
CNF written.
CNF written.
CNF written.
CNF written.
CNF written.
CNF written.
CNF written.
CNF written.
CNF written.
CNF written.
CNF written.
CNF written.
CNF written.
CNF written.
CNF written.
CNF written.
CNF written.
CNF written.
CNF written.
CNF written.
CNF written.
CNF written.
CNF written.
CNF written.
CNF written.
CNF written.
CNF written.
[2025-12-12 07:56:53] [generate_and_run_up_to_limit] Generating and running oski15a14b33s with K<=500 up to limit 1600
[2025-12-12 07:56:53] [generate_cnf] Generating formula oski15a14b33s with K=1
[2025-12-12 07:56:53] [run_formula] Running formula oski15a14b33s with K=1 up to limit 1600
[2025-12-12 07:56:53] [generate_cnf] Generating formula oski15a14b33s with K=2
[2025-12-12 07:56:54] [run_formula] Running formula oski15a14b33s with K=2 up to limit 1600
[2025-12-12 07:56:54] [generate_cnf] Generating formula oski15a14b33s with K=3
[2025-12-12 07:56:55] [run_formula] Running formula oski15a14b33s with K=3 up to limit 1600
[2025-12-12 07:56:55] [generate_cnf] Generating formula oski15a14b33s with K=4
[2025-12-12 07:56:56] [run_formula] Running formula oski15a14b33s with K=4 up to limit 1600
[2025-12-12 07:56:56] [generate_cnf] Generating formula oski15a14b33s with K=5
[2025-12-12 07:56:57] [run_formula] Running formula oski15a14b33s with K=5 up to limit 1600
[2025-12-12 07:56:58] [generate_cnf] Generating formula oski15a14b33s with K=6
[2025-12-12 07:56:59] [run_formula] Running formula oski15a14b33s with K=6 up to limit 1600
[2025-12-12 07:57:00] [generate_cnf] Generating formula oski15a14b33s with K=7
[2025-12-12 07:57:01] [run_formula] Running formula oski15a14b33s with K=7 up to limit 1600
[2025-12-12 07:57:03] [generate_cnf] Generating formula oski15a14b33s with K=8
[2025-12-12 07:57:05] [run_formula] Running formula oski15a14b33s with K=8 up to limit 1600
[2025-12-12 07:57:07] [generate_cnf] Generating formula oski15a14b33s with K=9
[2025-12-12 07:57:09] [run_formula] Running formula oski15a14b33s with K=9 up to limit 1600
[2025-12-12 07:57:10] [generate_cnf] Generating formula oski15a14b33s with K=10
[2025-12-12 07:57:12] [run_formula] Running formula oski15a14b33s with K=10 up to limit 1600
[2025-12-12 07:57:14] [generate_cnf] Generating formula oski15a14b33s with K=11
[2025-12-12 07:57:16] [run_formula] Running formula oski15a14b33s with K=11 up to limit 1600
[2025-12-12 07:57:22] [generate_cnf] Generating formula oski15a14b33s with K=12
[2025-12-12 07:57:24] [run_formula] Running formula oski15a14b33s with K=12 up to limit 1600
[2025-12-12 07:57:28] [generate_cnf] Generating formula oski15a14b33s with K=13
[2025-12-12 07:57:29] [run_formula] Running formula oski15a14b33s with K=13 up to limit 1600
[2025-12-12 07:57:32] [generate_cnf] Generating formula oski15a14b33s with K=14
[2025-12-12 07:57:34] [run_formula] Running formula oski15a14b33s with K=14 up to limit 1600
[2025-12-12 07:57:37] [generate_cnf] Generating formula oski15a14b33s with K=15
[2025-12-12 07:57:40] [run_formula] Running formula oski15a14b33s with K=15 up to limit 1600
[2025-12-12 07:57:43] [generate_cnf] Generating formula oski15a14b33s with K=16
[2025-12-12 07:57:45] [run_formula] Running formula oski15a14b33s with K=16 up to limit 1600
[2025-12-12 07:57:48] [generate_cnf] Generating formula oski15a14b33s with K=17
[2025-12-12 07:57:51] [run_formula] Running formula oski15a14b33s with K=17 up to limit 1600
[2025-12-12 07:57:55] [generate_cnf] Generating formula oski15a14b33s with K=18
[2025-12-12 07:57:58] [run_formula] Running formula oski15a14b33s with K=18 up to limit 1600
[2025-12-12 07:58:02] [generate_cnf] Generating formula oski15a14b33s with K=19
[2025-12-12 07:58:05] [run_formula] Running formula oski15a14b33s with K=19 up to limit 1600
[2025-12-12 07:58:09] [generate_cnf] Generating formula oski15a14b33s with K=20
[2025-12-12 07:58:12] [run_formula] Running formula oski15a14b33s with K=20 up to limit 1600
[2025-12-12 07:58:16] [generate_cnf] Generating formula oski15a14b33s with K=21
[2025-12-12 07:58:20] [run_formula] Running formula oski15a14b33s with K=21 up to limit 1600
[2025-12-12 07:58:24] [generate_cnf] Generating formula oski15a14b33s with K=22
[2025-12-12 07:58:27] [run_formula] Running formula oski15a14b33s with K=22 up to limit 1600
[2025-12-12 07:58:31] [generate_cnf] Generating formula oski15a14b33s with K=23
[2025-12-12 07:58:34] [run_formula] Running formula oski15a14b33s with K=23 up to limit 1600
[2025-12-12 07:58:39] [generate_cnf] Generating formula oski15a14b33s with K=24
[2025-12-12 07:58:42] [run_formula] Running formula oski15a14b33s with K=24 up to limit 1600
[2025-12-12 07:58:47] [generate_cnf] Generating formula oski15a14b33s with K=25
[2025-12-12 07:58:50] [run_formula] Running formula oski15a14b33s with K=25 up to limit 1600
[2025-12-12 07:58:55] [generate_cnf] Generating formula oski15a14b33s with K=26
[2025-12-12 07:58:59] [run_formula] Running formula oski15a14b33s with K=26 up to limit 1600
[2025-12-12 07:59:04] [generate_cnf] Generating formula oski15a14b33s with K=27
[2025-12-12 07:59:08] [run_formula] Running formula oski15a14b33s with K=27 up to limit 1600
[2025-12-12 07:59:14] [generate_cnf] Generating formula oski15a14b33s with K=28
[2025-12-12 07:59:17] [run_formula] Running formula oski15a14b33s with K=28 up to limit 1600
[2025-12-12 07:59:22] [generate_cnf] Generating formula oski15a14b33s with K=29
[2025-12-12 07:59:27] [run_formula] Running formula oski15a14b33s with K=29 up to limit 1600
[2025-12-12 07:59:32] [generate_cnf] Generating formula oski15a14b33s with K=30
[2025-12-12 07:59:37] [run_formula] Running formula oski15a14b33s with K=30 up to limit 1600
[2025-12-12 07:59:42] [generate_cnf] Generating formula oski15a14b33s with K=31
[2025-12-12 07:59:46] [run_formula] Running formula oski15a14b33s with K=31 up to limit 1600
[2025-12-12 07:59:52] [generate_cnf] Generating formula oski15a14b33s with K=32
[2025-12-12 07:59:56] [run_formula] Running formula oski15a14b33s with K=32 up to limit 1600
[2025-12-12 08:00:01] [generate_cnf] Generating formula oski15a14b33s with K=33
[2025-12-12 08:00:06] [run_formula] Running formula oski15a14b33s with K=33 up to limit 1600
[2025-12-12 08:00:12] [generate_cnf] Generating formula oski15a14b33s with K=34
[2025-12-12 08:00:17] [run_formula] Running formula oski15a14b33s with K=34 up to limit 1600
[2025-12-12 08:00:23] [generate_cnf] Generating formula oski15a14b33s with K=35
[2025-12-12 08:00:28] [run_formula] Running formula oski15a14b33s with K=35 up to limit 1600
[2025-12-12 08:00:34] [generate_cnf] Generating formula oski15a14b33s with K=36
[2025-12-12 08:00:39] [run_formula] Running formula oski15a14b33s with K=36 up to limit 1600
[2025-12-12 08:00:46] [generate_cnf] Generating formula oski15a14b33s with K=37
[2025-12-12 08:00:52] [run_formula] Running formula oski15a14b33s with K=37 up to limit 1600
[2025-12-12 08:00:59] [generate_cnf] Generating formula oski15a14b33s with K=38
[2025-12-12 08:01:06] [run_formula] Running formula oski15a14b33s with K=38 up to limit 1600
[2025-12-12 08:01:12] [generate_cnf] Generating formula oski15a14b33s with K=39
[2025-12-12 08:01:18] [run_formula] Running formula oski15a14b33s with K=39 up to limit 1600
[2025-12-12 08:01:25] [generate_cnf] Generating formula oski15a14b33s with K=40
[2025-12-12 08:01:30] [run_formula] Running formula oski15a14b33s with K=40 up to limit 1600
[2025-12-12 08:01:37] [generate_cnf] Generating formula oski15a14b33s with K=41
[2025-12-12 08:01:43] [run_formula] Running formula oski15a14b33s with K=41 up to limit 1600
[2025-12-12 08:01:50] [generate_cnf] Generating formula oski15a14b33s with K=42
[2025-12-12 08:01:56] [run_formula] Running formula oski15a14b33s with K=42 up to limit 1600
[2025-12-12 08:02:03] [generate_cnf] Generating formula oski15a14b33s with K=43
[2025-12-12 08:02:09] [run_formula] Running formula oski15a14b33s with K=43 up to limit 1600
[2025-12-12 08:02:16] [generate_cnf] Generating formula oski15a14b33s with K=44
[2025-12-12 08:02:23] [run_formula] Running formula oski15a14b33s with K=44 up to limit 1600
[2025-12-12 08:02:31] [generate_cnf] Generating formula oski15a14b33s with K=45
[2025-12-12 08:02:38] [run_formula] Running formula oski15a14b33s with K=45 up to limit 1600
[2025-12-12 08:02:47] [generate_cnf] Generating formula oski15a14b33s with K=46
[2025-12-12 08:02:54] [run_formula] Running formula oski15a14b33s with K=46 up to limit 1600
[2025-12-12 08:03:01] [generate_cnf] Generating formula oski15a14b33s with K=47
[2025-12-12 08:03:07] [run_formula] Running formula oski15a14b33s with K=47 up to limit 1600
[2025-12-12 08:03:14] [generate_cnf] Generating formula oski15a14b33s with K=48
[2025-12-12 08:03:21] [run_formula] Running formula oski15a14b33s with K=48 up to limit 1600
[2025-12-12 08:03:29] [generate_cnf] Generating formula oski15a14b33s with K=49
[2025-12-12 08:03:36] [run_formula] Running formula oski15a14b33s with K=49 up to limit 1600
[2025-12-12 08:03:44] [generate_cnf] Generating formula oski15a14b33s with K=50
[2025-12-12 08:03:51] [run_formula] Running formula oski15a14b33s with K=50 up to limit 1600
[2025-12-12 08:03:59] [generate_cnf] Generating formula oski15a14b33s with K=51
[2025-12-12 08:04:07] [run_formula] Running formula oski15a14b33s with K=51 up to limit 1600
[2025-12-12 08:04:15] [generate_cnf] Generating formula oski15a14b33s with K=52
[2025-12-12 08:04:22] [run_formula] Running formula oski15a14b33s with K=52 up to limit 1600
[2025-12-12 08:04:30] [generate_cnf] Generating formula oski15a14b33s with K=53
[2025-12-12 08:04:38] [run_formula] Running formula oski15a14b33s with K=53 up to limit 1600
[2025-12-12 08:04:45] [generate_cnf] Generating formula oski15a14b33s with K=54
[2025-12-12 08:04:52] [run_formula] Running formula oski15a14b33s with K=54 up to limit 1600
[2025-12-12 08:05:00] [generate_cnf] Generating formula oski15a14b33s with K=55
[2025-12-12 08:05:08] [run_formula] Running formula oski15a14b33s with K=55 up to limit 1600
[2025-12-12 08:05:16] [generate_cnf] Generating formula oski15a14b33s with K=56
[2025-12-12 08:05:25] [run_formula] Running formula oski15a14b33s with K=56 up to limit 1600
[2025-12-12 08:05:34] [generate_cnf] Generating formula oski15a14b33s with K=57
[2025-12-12 08:05:42] [run_formula] Running formula oski15a14b33s with K=57 up to limit 1600
[2025-12-12 08:05:51] [generate_cnf] Generating formula oski15a14b33s with K=58
[2025-12-12 08:05:58] [run_formula] Running formula oski15a14b33s with K=58 up to limit 1600
[2025-12-12 08:06:07] [generate_cnf] Generating formula oski15a14b33s with K=59
[2025-12-12 08:06:15] [run_formula] Running formula oski15a14b33s with K=59 up to limit 1600
[2025-12-12 08:06:24] [generate_cnf] Generating formula oski15a14b33s with K=60
[2025-12-12 08:06:32] [run_formula] Running formula oski15a14b33s with K=60 up to limit 1600
[2025-12-12 08:06:41] [generate_cnf] Generating formula oski15a14b33s with K=61
[2025-12-12 08:06:50] [run_formula] Running formula oski15a14b33s with K=61 up to limit 1600
[2025-12-12 08:06:59] [generate_cnf] Generating formula oski15a14b33s with K=62
[2025-12-12 08:07:08] [run_formula] Running formula oski15a14b33s with K=62 up to limit 1600
[2025-12-12 08:07:17] [generate_cnf] Generating formula oski15a14b33s with K=63
[2025-12-12 08:07:26] [run_formula] Running formula oski15a14b33s with K=63 up to limit 1600
[2025-12-12 08:07:36] [generate_cnf] Generating formula oski15a14b33s with K=64
[2025-12-12 08:07:45] [run_formula] Running formula oski15a14b33s with K=64 up to limit 1600
[2025-12-12 08:07:55] [generate_cnf] Generating formula oski15a14b33s with K=65
[2025-12-12 08:08:03] [run_formula] Running formula oski15a14b33s with K=65 up to limit 1600
[2025-12-12 08:08:12] [generate_cnf] Generating formula oski15a14b33s with K=66
[2025-12-12 08:08:21] [run_formula] Running formula oski15a14b33s with K=66 up to limit 1600
[2025-12-12 08:08:32] [generate_cnf] Generating formula oski15a14b33s with K=67
[2025-12-12 08:08:42] [run_formula] Running formula oski15a14b33s with K=67 up to limit 1600
[2025-12-12 08:08:52] [generate_cnf] Generating formula oski15a14b33s with K=68
[2025-12-12 08:09:02] [run_formula] Running formula oski15a14b33s with K=68 up to limit 1600
[2025-12-12 08:09:13] [generate_cnf] Generating formula oski15a14b33s with K=69
[2025-12-12 08:09:22] [run_formula] Running formula oski15a14b33s with K=69 up to limit 1600
[2025-12-12 08:09:33] [generate_cnf] Generating formula oski15a14b33s with K=70
[2025-12-12 08:09:43] [run_formula] Running formula oski15a14b33s with K=70 up to limit 1600
[2025-12-12 08:09:53] [generate_cnf] Generating formula oski15a14b33s with K=71
[2025-12-12 08:10:04] [run_formula] Running formula oski15a14b33s with K=71 up to limit 1600
[2025-12-12 08:10:15] [generate_cnf] Generating formula oski15a14b33s with K=72
[2025-12-12 08:10:25] [run_formula] Running formula oski15a14b33s with K=72 up to limit 1600
[2025-12-12 08:10:36] [generate_cnf] Generating formula oski15a14b33s with K=73
[2025-12-12 08:10:46] [run_formula] Running formula oski15a14b33s with K=73 up to limit 1600
[2025-12-12 08:10:58] [generate_cnf] Generating formula oski15a14b33s with K=74
[2025-12-12 08:11:08] [run_formula] Running formula oski15a14b33s with K=74 up to limit 1600
[2025-12-12 08:11:20] [generate_cnf] Generating formula oski15a14b33s with K=75
[2025-12-12 08:11:31] [run_formula] Running formula oski15a14b33s with K=75 up to limit 1600
[2025-12-12 08:11:42] [generate_cnf] Generating formula oski15a14b33s with K=76
[2025-12-12 08:11:52] [run_formula] Running formula oski15a14b33s with K=76 up to limit 1600
[2025-12-12 08:12:03] [generate_cnf] Generating formula oski15a14b33s with K=77
[2025-12-12 08:12:15] [run_formula] Running formula oski15a14b33s with K=77 up to limit 1600
[2025-12-12 08:12:26] [generate_cnf] Generating formula oski15a14b33s with K=78
[2025-12-12 08:12:37] [run_formula] Running formula oski15a14b33s with K=78 up to limit 1600
[2025-12-12 08:12:50] [generate_cnf] Generating formula oski15a14b33s with K=79
[2025-12-12 08:13:02] [run_formula] Running formula oski15a14b33s with K=79 up to limit 1600
[2025-12-12 08:13:14] [generate_cnf] Generating formula oski15a14b33s with K=80
[2025-12-12 08:13:24] [run_formula] Running formula oski15a14b33s with K=80 up to limit 1600
[2025-12-12 08:13:36] [generate_cnf] Generating formula oski15a14b33s with K=81
[2025-12-12 08:13:48] [run_formula] Running formula oski15a14b33s with K=81 up to limit 1600
[2025-12-12 08:14:00] [generate_cnf] Generating formula oski15a14b33s with K=82
[2025-12-12 08:14:12] [run_formula] Running formula oski15a14b33s with K=82 up to limit 1600
[2025-12-12 08:14:24] [generate_cnf] Generating formula oski15a14b33s with K=83
[2025-12-12 08:14:36] [run_formula] Running formula oski15a14b33s with K=83 up to limit 1600
[2025-12-12 08:14:48] [generate_cnf] Generating formula oski15a14b33s with K=84
[2025-12-12 08:14:59] [run_formula] Running formula oski15a14b33s with K=84 up to limit 1600
[2025-12-12 08:15:12] [generate_cnf] Generating formula oski15a14b33s with K=85
[2025-12-12 08:15:24] [run_formula] Running formula oski15a14b33s with K=85 up to limit 1600
[2025-12-12 08:15:36] [generate_cnf] Generating formula oski15a14b33s with K=86
[2025-12-12 08:15:49] [run_formula] Running formula oski15a14b33s with K=86 up to limit 1600
[2025-12-12 08:16:04] [generate_cnf] Generating formula oski15a14b33s with K=87
[2025-12-12 08:16:16] [run_formula] Running formula oski15a14b33s with K=87 up to limit 1600
[2025-12-12 08:16:29] [generate_cnf] Generating formula oski15a14b33s with K=88
[2025-12-12 08:16:41] [run_formula] Running formula oski15a14b33s with K=88 up to limit 1600
[2025-12-12 08:16:54] [generate_cnf] Generating formula oski15a14b33s with K=89
[2025-12-12 08:17:07] [run_formula] Running formula oski15a14b33s with K=89 up to limit 1600
[2025-12-12 08:17:22] [generate_cnf] Generating formula oski15a14b33s with K=90
[2025-12-12 08:17:36] [run_formula] Running formula oski15a14b33s with K=90 up to limit 1600
[2025-12-12 08:17:50] [generate_cnf] Generating formula oski15a14b33s with K=91
[2025-12-12 08:18:02] [run_formula] Running formula oski15a14b33s with K=91 up to limit 1600
[2025-12-12 08:18:15] [generate_cnf] Generating formula oski15a14b33s with K=92
[2025-12-12 08:18:29] [run_formula] Running formula oski15a14b33s with K=92 up to limit 1600
[2025-12-12 08:18:43] [generate_cnf] Generating formula oski15a14b33s with K=93
[2025-12-12 08:18:58] [run_formula] Running formula oski15a14b33s with K=93 up to limit 1600
[2025-12-12 08:19:13] [generate_cnf] Generating formula oski15a14b33s with K=94
[2025-12-12 08:19:27] [run_formula] Running formula oski15a14b33s with K=94 up to limit 1600
[2025-12-12 08:19:41] [generate_cnf] Generating formula oski15a14b33s with K=95
[2025-12-12 08:19:54] [run_formula] Running formula oski15a14b33s with K=95 up to limit 1600
[2025-12-12 08:20:08] [generate_cnf] Generating formula oski15a14b33s with K=96
[2025-12-12 08:20:24] [run_formula] Running formula oski15a14b33s with K=96 up to limit 1600
[2025-12-12 08:20:39] [generate_cnf] Generating formula oski15a14b33s with K=97
[2025-12-12 08:20:53] [run_formula] Running formula oski15a14b33s with K=97 up to limit 1600
[2025-12-12 08:21:07] [generate_cnf] Generating formula oski15a14b33s with K=98
[2025-12-12 08:21:22] [run_formula] Running formula oski15a14b33s with K=98 up to limit 1600
[2025-12-12 08:21:36] [generate_cnf] Generating formula oski15a14b33s with K=99
[2025-12-12 08:21:52] [run_formula] Running formula oski15a14b33s with K=99 up to limit 1600
[2025-12-12 08:22:08] [generate_cnf] Generating formula oski15a14b33s with K=100
[2025-12-12 08:22:22] [run_formula] Running formula oski15a14b33s with K=100 up to limit 1600
[2025-12-12 08:22:37] [generate_cnf] Generating formula oski15a14b33s with K=101
[2025-12-12 08:22:52] [run_formula] Running formula oski15a14b33s with K=101 up to limit 1600
[2025-12-12 08:23:07] [generate_cnf] Generating formula oski15a14b33s with K=102
[2025-12-12 08:23:23] [run_formula] Running formula oski15a14b33s with K=102 up to limit 1600
[2025-12-12 08:23:39] [generate_cnf] Generating formula oski15a14b33s with K=103
[2025-12-12 08:23:54] [run_formula] Running formula oski15a14b33s with K=103 up to limit 1600
[2025-12-12 08:24:09] [generate_cnf] Generating formula oski15a14b33s with K=104
[2025-12-12 08:24:25] [run_formula] Running formula oski15a14b33s with K=104 up to limit 1600
[2025-12-12 08:24:40] [generate_cnf] Generating formula oski15a14b33s with K=105
[2025-12-12 08:24:57] [run_formula] Running formula oski15a14b33s with K=105 up to limit 1600
[2025-12-12 08:25:13] [generate_cnf] Generating formula oski15a14b33s with K=106
[2025-12-12 08:25:27] [run_formula] Running formula oski15a14b33s with K=106 up to limit 1600
[2025-12-12 08:25:43] [generate_cnf] Generating formula oski15a14b33s with K=107
[2025-12-12 08:25:59] [run_formula] Running formula oski15a14b33s with K=107 up to limit 1600
[2025-12-12 08:26:16] [generate_cnf] Generating formula oski15a14b33s with K=108
[2025-12-12 08:26:33] [run_formula] Running formula oski15a14b33s with K=108 up to limit 1600
[2025-12-12 08:26:51] [generate_cnf] Generating formula oski15a14b33s with K=109
[2025-12-12 08:27:06] [run_formula] Running formula oski15a14b33s with K=109 up to limit 1600
[2025-12-12 08:27:22] [generate_cnf] Generating formula oski15a14b33s with K=110
[2025-12-12 08:27:37] [run_formula] Running formula oski15a14b33s with K=110 up to limit 1600
[2025-12-12 08:27:54] [generate_cnf] Generating formula oski15a14b33s with K=111
[2025-12-12 08:28:05] [generate_and_run_up_to_limit] Failed to generate CNF for oski15a14b33s with K=111, halting
