CNF written.
CNF written.
CNF written.
CNF written.
CNF written.
CNF written.
CNF written.
CNF written.
CNF written.
CNF written.
CNF written.
CNF written.
CNF written.
CNF written.
CNF written.
CNF written.
CNF written.
CNF written.
CNF written.
CNF written.
CNF written.
CNF written.
CNF written.
CNF written.
CNF written.
CNF written.
CNF written.
CNF written.
CNF written.
CNF written.
CNF written.
CNF written.
CNF written.
CNF written.
CNF written.
CNF written.
CNF written.
CNF written.
CNF written.
CNF written.
CNF written.
CNF written.
CNF written.
CNF written.
CNF written.
CNF written.
CNF written.
CNF written.
CNF written.
CNF written.
CNF written.
[2025-12-12 07:20:17] [generate_and_run_up_to_limit] Generating and running oski2ub0i with K<=500 up to limit 1600
[2025-12-12 07:20:17] [generate_cnf] Generating formula oski2ub0i with K=1
[2025-12-12 07:20:19] [run_formula] Running formula oski2ub0i with K=1 up to limit 1600
[2025-12-12 07:20:19] [generate_cnf] Generating formula oski2ub0i with K=2
[2025-12-12 07:20:21] [run_formula] Running formula oski2ub0i with K=2 up to limit 1600
[2025-12-12 07:20:22] [generate_cnf] Generating formula oski2ub0i with K=3
[2025-12-12 07:20:25] [run_formula] Running formula oski2ub0i with K=3 up to limit 1600
[2025-12-12 07:20:25] [generate_cnf] Generating formula oski2ub0i with K=4
[2025-12-12 07:20:28] [run_formula] Running formula oski2ub0i with K=4 up to limit 1600
[2025-12-12 07:20:29] [generate_cnf] Generating formula oski2ub0i with K=5
[2025-12-12 07:20:33] [run_formula] Running formula oski2ub0i with K=5 up to limit 1600
[2025-12-12 07:20:34] [generate_cnf] Generating formula oski2ub0i with K=6
[2025-12-12 07:20:38] [run_formula] Running formula oski2ub0i with K=6 up to limit 1600
[2025-12-12 07:20:39] [generate_cnf] Generating formula oski2ub0i with K=7
[2025-12-12 07:20:44] [run_formula] Running formula oski2ub0i with K=7 up to limit 1600
[2025-12-12 07:20:45] [generate_cnf] Generating formula oski2ub0i with K=8
[2025-12-12 07:20:51] [run_formula] Running formula oski2ub0i with K=8 up to limit 1600
[2025-12-12 07:20:52] [generate_cnf] Generating formula oski2ub0i with K=9
[2025-12-12 07:20:58] [run_formula] Running formula oski2ub0i with K=9 up to limit 1600
[2025-12-12 07:20:59] [generate_cnf] Generating formula oski2ub0i with K=10
[2025-12-12 07:21:05] [run_formula] Running formula oski2ub0i with K=10 up to limit 1600
[2025-12-12 07:21:07] [generate_cnf] Generating formula oski2ub0i with K=11
[2025-12-12 07:21:15] [run_formula] Running formula oski2ub0i with K=11 up to limit 1600
[2025-12-12 07:21:16] [generate_cnf] Generating formula oski2ub0i with K=12
[2025-12-12 07:21:24] [run_formula] Running formula oski2ub0i with K=12 up to limit 1600
[2025-12-12 07:21:26] [generate_cnf] Generating formula oski2ub0i with K=13
[2025-12-12 07:21:34] [run_formula] Running formula oski2ub0i with K=13 up to limit 1600
[2025-12-12 07:21:36] [generate_cnf] Generating formula oski2ub0i with K=14
[2025-12-12 07:21:45] [run_formula] Running formula oski2ub0i with K=14 up to limit 1600
[2025-12-12 07:21:48] [generate_cnf] Generating formula oski2ub0i with K=15
[2025-12-12 07:21:57] [run_formula] Running formula oski2ub0i with K=15 up to limit 1600
[2025-12-12 07:22:01] [generate_cnf] Generating formula oski2ub0i with K=16
[2025-12-12 07:22:11] [run_formula] Running formula oski2ub0i with K=16 up to limit 1600
[2025-12-12 07:22:18] [generate_cnf] Generating formula oski2ub0i with K=17
[2025-12-12 07:22:29] [run_formula] Running formula oski2ub0i with K=17 up to limit 1600
[2025-12-12 07:22:35] [generate_cnf] Generating formula oski2ub0i with K=18
[2025-12-12 07:22:46] [run_formula] Running formula oski2ub0i with K=18 up to limit 1600
[2025-12-12 07:22:56] [generate_cnf] Generating formula oski2ub0i with K=19
[2025-12-12 07:23:08] [run_formula] Running formula oski2ub0i with K=19 up to limit 1600
[2025-12-12 07:23:19] [generate_cnf] Generating formula oski2ub0i with K=20
[2025-12-12 07:23:31] [run_formula] Running formula oski2ub0i with K=20 up to limit 1600
[2025-12-12 07:23:47] [generate_cnf] Generating formula oski2ub0i with K=21
[2025-12-12 07:24:00] [run_formula] Running formula oski2ub0i with K=21 up to limit 1600
[2025-12-12 07:24:20] [generate_cnf] Generating formula oski2ub0i with K=22
[2025-12-12 07:24:34] [run_formula] Running formula oski2ub0i with K=22 up to limit 1600
[2025-12-12 07:25:01] [generate_cnf] Generating formula oski2ub0i with K=23
[2025-12-12 07:25:15] [run_formula] Running formula oski2ub0i with K=23 up to limit 1600
[2025-12-12 07:25:45] [generate_cnf] Generating formula oski2ub0i with K=24
[2025-12-12 07:25:59] [run_formula] Running formula oski2ub0i with K=24 up to limit 1600
[2025-12-12 07:26:40] [generate_cnf] Generating formula oski2ub0i with K=25
[2025-12-12 07:26:55] [run_formula] Running formula oski2ub0i with K=25 up to limit 1600
[2025-12-12 07:27:55] [generate_cnf] Generating formula oski2ub0i with K=26
[2025-12-12 07:28:10] [run_formula] Running formula oski2ub0i with K=26 up to limit 1600
[2025-12-12 07:29:22] [generate_cnf] Generating formula oski2ub0i with K=27
[2025-12-12 07:29:38] [run_formula] Running formula oski2ub0i with K=27 up to limit 1600
[2025-12-12 07:31:08] [generate_cnf] Generating formula oski2ub0i with K=28
[2025-12-12 07:31:24] [run_formula] Running formula oski2ub0i with K=28 up to limit 1600
[2025-12-12 07:33:18] [generate_cnf] Generating formula oski2ub0i with K=29
[2025-12-12 07:33:35] [run_formula] Running formula oski2ub0i with K=29 up to limit 1600
[2025-12-12 07:36:01] [generate_cnf] Generating formula oski2ub0i with K=30
[2025-12-12 07:36:18] [run_formula] Running formula oski2ub0i with K=30 up to limit 1600
[2025-12-12 07:39:42] [generate_cnf] Generating formula oski2ub0i with K=31
[2025-12-12 07:40:01] [run_formula] Running formula oski2ub0i with K=31 up to limit 1600
[2025-12-12 07:43:50] [generate_cnf] Generating formula oski2ub0i with K=32
[2025-12-12 07:44:09] [run_formula] Running formula oski2ub0i with K=32 up to limit 1600
[2025-12-12 07:45:57] [generate_cnf] Generating formula oski2ub0i with K=33
[2025-12-12 07:46:17] [run_formula] Running formula oski2ub0i with K=33 up to limit 1600
[2025-12-12 07:48:01] [generate_cnf] Generating formula oski2ub0i with K=34
[2025-12-12 07:48:20] [run_formula] Running formula oski2ub0i with K=34 up to limit 1600
[2025-12-12 07:50:28] [generate_cnf] Generating formula oski2ub0i with K=35
[2025-12-12 07:50:49] [run_formula] Running formula oski2ub0i with K=35 up to limit 1600
[2025-12-12 07:52:02] [generate_cnf] Generating formula oski2ub0i with K=36
[2025-12-12 07:52:25] [run_formula] Running formula oski2ub0i with K=36 up to limit 1600
[2025-12-12 07:54:03] [generate_cnf] Generating formula oski2ub0i with K=37
[2025-12-12 07:54:27] [run_formula] Running formula oski2ub0i with K=37 up to limit 1600
[2025-12-12 07:55:53] [generate_cnf] Generating formula oski2ub0i with K=38
[2025-12-12 07:56:18] [run_formula] Running formula oski2ub0i with K=38 up to limit 1600
[2025-12-12 07:57:50] [generate_cnf] Generating formula oski2ub0i with K=39
[2025-12-12 07:58:16] [run_formula] Running formula oski2ub0i with K=39 up to limit 1600
[2025-12-12 07:59:43] [generate_cnf] Generating formula oski2ub0i with K=40
[2025-12-12 08:00:08] [run_formula] Running formula oski2ub0i with K=40 up to limit 1600
[2025-12-12 08:01:47] [generate_cnf] Generating formula oski2ub0i with K=41
[2025-12-12 08:02:14] [run_formula] Running formula oski2ub0i with K=41 up to limit 1600
[2025-12-12 08:03:50] [generate_cnf] Generating formula oski2ub0i with K=42
[2025-12-12 08:04:18] [run_formula] Running formula oski2ub0i with K=42 up to limit 1600
[2025-12-12 08:05:58] [generate_cnf] Generating formula oski2ub0i with K=43
[2025-12-12 08:06:25] [run_formula] Running formula oski2ub0i with K=43 up to limit 1600
[2025-12-12 08:07:15] [generate_cnf] Generating formula oski2ub0i with K=44
[2025-12-12 08:07:44] [run_formula] Running formula oski2ub0i with K=44 up to limit 1600
[2025-12-12 08:09:34] [generate_cnf] Generating formula oski2ub0i with K=45
[2025-12-12 08:10:03] [run_formula] Running formula oski2ub0i with K=45 up to limit 1600
[2025-12-12 08:12:47] [generate_cnf] Generating formula oski2ub0i with K=46
[2025-12-12 08:13:15] [run_formula] Running formula oski2ub0i with K=46 up to limit 1600
[2025-12-12 08:14:41] [generate_cnf] Generating formula oski2ub0i with K=47
[2025-12-12 08:15:10] [run_formula] Running formula oski2ub0i with K=47 up to limit 1600
[2025-12-12 08:16:45] [generate_cnf] Generating formula oski2ub0i with K=48
[2025-12-12 08:17:16] [run_formula] Running formula oski2ub0i with K=48 up to limit 1600
[2025-12-12 08:19:27] [generate_cnf] Generating formula oski2ub0i with K=49
[2025-12-12 08:19:58] [run_formula] Running formula oski2ub0i with K=49 up to limit 1600
[2025-12-12 08:21:48] [generate_cnf] Generating formula oski2ub0i with K=50
[2025-12-12 08:22:19] [run_formula] Running formula oski2ub0i with K=50 up to limit 1600
[2025-12-12 08:24:32] [generate_cnf] Generating formula oski2ub0i with K=51
[2025-12-12 08:25:02] [run_formula] Running formula oski2ub0i with K=51 up to limit 1600
[2025-12-12 08:28:01] [run_formula] Error running formula oski2ub0i with K=51: [Errno 122] Disk quota exceeded: './results/solving_logs/oski2ub0i//oski2ub0i.51.log'
[2025-12-12 08:28:01] [generate_and_run_up_to_limit] Failed to run formula oski2ub0i with K=51, halting
