CNF written.
CNF written.
CNF written.
CNF written.
CNF written.
CNF written.
CNF written.
CNF written.
CNF written.
CNF written.
CNF written.
CNF written.
CNF written.
CNF written.
CNF written.
CNF written.
CNF written.
CNF written.
CNF written.
CNF written.
CNF written.
CNF written.
CNF written.
CNF written.
CNF written.
CNF written.
CNF written.
CNF written.
CNF written.
CNF written.
CNF written.
CNF written.
CNF written.
CNF written.
CNF written.
CNF written.
CNF written.
CNF written.
CNF written.
CNF written.
CNF written.
CNF written.
CNF written.
CNF written.
CNF written.
CNF written.
CNF written.
CNF written.
CNF written.
CNF written.
CNF written.
CNF written.
CNF written.
CNF written.
CNF written.
CNF written.
CNF written.
CNF written.
CNF written.
CNF written.
CNF written.
CNF written.
CNF written.
CNF written.
CNF written.
CNF written.
CNF written.
CNF written.
CNF written.
CNF written.
CNF written.
CNF written.
CNF written.
CNF written.
CNF written.
CNF written.
CNF written.
CNF written.
CNF written.
CNF written.
CNF written.
CNF written.
CNF written.
CNF written.
CNF written.
CNF written.
CNF written.
CNF written.
CNF written.
CNF written.
CNF written.
CNF written.
CNF written.
CNF written.
CNF written.
CNF written.
CNF written.
CNF written.
CNF written.
CNF written.
CNF written.
CNF written.
CNF written.
CNF written.
CNF written.
CNF written.
CNF written.
CNF written.
CNF written.
CNF written.
CNF written.
CNF written.
CNF written.
CNF written.
CNF written.
CNF written.
CNF written.
CNF written.
CNF written.
CNF written.
CNF written.
CNF written.
CNF written.
CNF written.
CNF written.
CNF written.
CNF written.
CNF written.
CNF written.
CNF written.
CNF written.
CNF written.
CNF written.
CNF written.
CNF written.
CNF written.
CNF written.
CNF written.
CNF written.
CNF written.
CNF written.
CNF written.
CNF written.
CNF written.
CNF written.
CNF written.
CNF written.
CNF written.
CNF written.
CNF written.
CNF written.
CNF written.
CNF written.
CNF written.
CNF written.
CNF written.
CNF written.
CNF written.
CNF written.
CNF written.
CNF written.
CNF written.
CNF written.
CNF written.
CNF written.
CNF written.
CNF written.
CNF written.
CNF written.
CNF written.
CNF written.
CNF written.
CNF written.
CNF written.
CNF written.
CNF written.
CNF written.
CNF written.
CNF written.
CNF written.
CNF written.
CNF written.
CNF written.
CNF written.
CNF written.
CNF written.
CNF written.
CNF written.
CNF written.
CNF written.
CNF written.
CNF written.
CNF written.
CNF written.
CNF written.
CNF written.
CNF written.
CNF written.
CNF written.
CNF written.
CNF written.
CNF written.
CNF written.
CNF written.
CNF written.
CNF written.
CNF written.
CNF written.
CNF written.
CNF written.
CNF written.
CNF written.
CNF written.
CNF written.
CNF written.
CNF written.
CNF written.
CNF written.
CNF written.
CNF written.
CNF written.
CNF written.
CNF written.
CNF written.
CNF written.
CNF written.
CNF written.
CNF written.
CNF written.
CNF written.
CNF written.
CNF written.
CNF written.
CNF written.
CNF written.
CNF written.
CNF written.
CNF written.
CNF written.
CNF written.
CNF written.
CNF written.
CNF written.
CNF written.
CNF written.
CNF written.
CNF written.
CNF written.
CNF written.
CNF written.
CNF written.
CNF written.
CNF written.
CNF written.
CNF written.
CNF written.
CNF written.
CNF written.
CNF written.
CNF written.
CNF written.
[2025-12-12 07:07:11] [generate_and_run_up_to_limit] Generating and running oski15a14b15s with K<=500 up to limit 1600
[2025-12-12 07:07:11] [generate_cnf] Generating formula oski15a14b15s with K=1
[2025-12-12 07:07:11] [run_formula] Running formula oski15a14b15s with K=1 up to limit 1600
[2025-12-12 07:07:11] [generate_cnf] Generating formula oski15a14b15s with K=2
[2025-12-12 07:07:12] [run_formula] Running formula oski15a14b15s with K=2 up to limit 1600
[2025-12-12 07:07:12] [generate_cnf] Generating formula oski15a14b15s with K=3
[2025-12-12 07:07:12] [run_formula] Running formula oski15a14b15s with K=3 up to limit 1600
[2025-12-12 07:07:12] [generate_cnf] Generating formula oski15a14b15s with K=4
[2025-12-12 07:07:13] [run_formula] Running formula oski15a14b15s with K=4 up to limit 1600
[2025-12-12 07:07:13] [generate_cnf] Generating formula oski15a14b15s with K=5
[2025-12-12 07:07:14] [run_formula] Running formula oski15a14b15s with K=5 up to limit 1600
[2025-12-12 07:07:14] [generate_cnf] Generating formula oski15a14b15s with K=6
[2025-12-12 07:07:15] [run_formula] Running formula oski15a14b15s with K=6 up to limit 1600
[2025-12-12 07:07:15] [generate_cnf] Generating formula oski15a14b15s with K=7
[2025-12-12 07:07:16] [run_formula] Running formula oski15a14b15s with K=7 up to limit 1600
[2025-12-12 07:07:16] [generate_cnf] Generating formula oski15a14b15s with K=8
[2025-12-12 07:07:17] [run_formula] Running formula oski15a14b15s with K=8 up to limit 1600
[2025-12-12 07:07:17] [generate_cnf] Generating formula oski15a14b15s with K=9
[2025-12-12 07:07:18] [run_formula] Running formula oski15a14b15s with K=9 up to limit 1600
[2025-12-12 07:07:19] [generate_cnf] Generating formula oski15a14b15s with K=10
[2025-12-12 07:07:20] [run_formula] Running formula oski15a14b15s with K=10 up to limit 1600
[2025-12-12 07:07:20] [generate_cnf] Generating formula oski15a14b15s with K=11
[2025-12-12 07:07:21] [run_formula] Running formula oski15a14b15s with K=11 up to limit 1600
[2025-12-12 07:07:22] [generate_cnf] Generating formula oski15a14b15s with K=12
[2025-12-12 07:07:23] [run_formula] Running formula oski15a14b15s with K=12 up to limit 1600
[2025-12-12 07:07:24] [generate_cnf] Generating formula oski15a14b15s with K=13
[2025-12-12 07:07:25] [run_formula] Running formula oski15a14b15s with K=13 up to limit 1600
[2025-12-12 07:07:25] [generate_cnf] Generating formula oski15a14b15s with K=14
[2025-12-12 07:07:27] [run_formula] Running formula oski15a14b15s with K=14 up to limit 1600
[2025-12-12 07:07:28] [generate_cnf] Generating formula oski15a14b15s with K=15
[2025-12-12 07:07:29] [run_formula] Running formula oski15a14b15s with K=15 up to limit 1600
[2025-12-12 07:07:30] [generate_cnf] Generating formula oski15a14b15s with K=16
[2025-12-12 07:07:32] [run_formula] Running formula oski15a14b15s with K=16 up to limit 1600
[2025-12-12 07:07:32] [generate_cnf] Generating formula oski15a14b15s with K=17
[2025-12-12 07:07:34] [run_formula] Running formula oski15a14b15s with K=17 up to limit 1600
[2025-12-12 07:07:35] [generate_cnf] Generating formula oski15a14b15s with K=18
[2025-12-12 07:07:37] [run_formula] Running formula oski15a14b15s with K=18 up to limit 1600
[2025-12-12 07:07:37] [generate_cnf] Generating formula oski15a14b15s with K=19
[2025-12-12 07:07:40] [run_formula] Running formula oski15a14b15s with K=19 up to limit 1600
[2025-12-12 07:07:40] [generate_cnf] Generating formula oski15a14b15s with K=20
[2025-12-12 07:07:43] [run_formula] Running formula oski15a14b15s with K=20 up to limit 1600
[2025-12-12 07:07:43] [generate_cnf] Generating formula oski15a14b15s with K=21
[2025-12-12 07:07:46] [run_formula] Running formula oski15a14b15s with K=21 up to limit 1600
[2025-12-12 07:07:46] [generate_cnf] Generating formula oski15a14b15s with K=22
[2025-12-12 07:07:49] [run_formula] Running formula oski15a14b15s with K=22 up to limit 1600
[2025-12-12 07:07:49] [generate_cnf] Generating formula oski15a14b15s with K=23
[2025-12-12 07:07:52] [run_formula] Running formula oski15a14b15s with K=23 up to limit 1600
[2025-12-12 07:07:53] [generate_cnf] Generating formula oski15a14b15s with K=24
[2025-12-12 07:07:55] [run_formula] Running formula oski15a14b15s with K=24 up to limit 1600
[2025-12-12 07:07:56] [generate_cnf] Generating formula oski15a14b15s with K=25
[2025-12-12 07:07:59] [run_formula] Running formula oski15a14b15s with K=25 up to limit 1600
[2025-12-12 07:08:00] [generate_cnf] Generating formula oski15a14b15s with K=26
[2025-12-12 07:08:03] [run_formula] Running formula oski15a14b15s with K=26 up to limit 1600
[2025-12-12 07:08:03] [generate_cnf] Generating formula oski15a14b15s with K=27
[2025-12-12 07:08:06] [run_formula] Running formula oski15a14b15s with K=27 up to limit 1600
[2025-12-12 07:08:07] [generate_cnf] Generating formula oski15a14b15s with K=28
[2025-12-12 07:08:11] [run_formula] Running formula oski15a14b15s with K=28 up to limit 1600
[2025-12-12 07:08:11] [generate_cnf] Generating formula oski15a14b15s with K=29
[2025-12-12 07:08:15] [run_formula] Running formula oski15a14b15s with K=29 up to limit 1600
[2025-12-12 07:08:16] [generate_cnf] Generating formula oski15a14b15s with K=30
[2025-12-12 07:08:19] [run_formula] Running formula oski15a14b15s with K=30 up to limit 1600
[2025-12-12 07:08:20] [generate_cnf] Generating formula oski15a14b15s with K=31
[2025-12-12 07:08:24] [run_formula] Running formula oski15a14b15s with K=31 up to limit 1600
[2025-12-12 07:08:25] [generate_cnf] Generating formula oski15a14b15s with K=32
[2025-12-12 07:08:28] [run_formula] Running formula oski15a14b15s with K=32 up to limit 1600
[2025-12-12 07:08:29] [generate_cnf] Generating formula oski15a14b15s with K=33
[2025-12-12 07:08:33] [run_formula] Running formula oski15a14b15s with K=33 up to limit 1600
[2025-12-12 07:08:34] [generate_cnf] Generating formula oski15a14b15s with K=34
[2025-12-12 07:08:38] [run_formula] Running formula oski15a14b15s with K=34 up to limit 1600
[2025-12-12 07:08:39] [generate_cnf] Generating formula oski15a14b15s with K=35
[2025-12-12 07:08:43] [run_formula] Running formula oski15a14b15s with K=35 up to limit 1600
[2025-12-12 07:08:44] [generate_cnf] Generating formula oski15a14b15s with K=36
[2025-12-12 07:08:48] [run_formula] Running formula oski15a14b15s with K=36 up to limit 1600
[2025-12-12 07:08:49] [generate_cnf] Generating formula oski15a14b15s with K=37
[2025-12-12 07:08:54] [run_formula] Running formula oski15a14b15s with K=37 up to limit 1600
[2025-12-12 07:08:55] [generate_cnf] Generating formula oski15a14b15s with K=38
[2025-12-12 07:09:00] [run_formula] Running formula oski15a14b15s with K=38 up to limit 1600
[2025-12-12 07:09:01] [generate_cnf] Generating formula oski15a14b15s with K=39
[2025-12-12 07:09:05] [run_formula] Running formula oski15a14b15s with K=39 up to limit 1600
[2025-12-12 07:09:06] [generate_cnf] Generating formula oski15a14b15s with K=40
[2025-12-12 07:09:10] [run_formula] Running formula oski15a14b15s with K=40 up to limit 1600
[2025-12-12 07:09:11] [generate_cnf] Generating formula oski15a14b15s with K=41
[2025-12-12 07:09:16] [run_formula] Running formula oski15a14b15s with K=41 up to limit 1600
[2025-12-12 07:09:17] [generate_cnf] Generating formula oski15a14b15s with K=42
[2025-12-12 07:09:22] [run_formula] Running formula oski15a14b15s with K=42 up to limit 1600
[2025-12-12 07:09:23] [generate_cnf] Generating formula oski15a14b15s with K=43
[2025-12-12 07:09:28] [run_formula] Running formula oski15a14b15s with K=43 up to limit 1600
[2025-12-12 07:09:29] [generate_cnf] Generating formula oski15a14b15s with K=44
[2025-12-12 07:09:34] [run_formula] Running formula oski15a14b15s with K=44 up to limit 1600
[2025-12-12 07:09:35] [generate_cnf] Generating formula oski15a14b15s with K=45
[2025-12-12 07:09:40] [run_formula] Running formula oski15a14b15s with K=45 up to limit 1600
[2025-12-12 07:09:41] [generate_cnf] Generating formula oski15a14b15s with K=46
[2025-12-12 07:09:46] [run_formula] Running formula oski15a14b15s with K=46 up to limit 1600
[2025-12-12 07:09:47] [generate_cnf] Generating formula oski15a14b15s with K=47
[2025-12-12 07:09:53] [run_formula] Running formula oski15a14b15s with K=47 up to limit 1600
[2025-12-12 07:09:54] [generate_cnf] Generating formula oski15a14b15s with K=48
[2025-12-12 07:10:00] [run_formula] Running formula oski15a14b15s with K=48 up to limit 1600
[2025-12-12 07:10:02] [generate_cnf] Generating formula oski15a14b15s with K=49
[2025-12-12 07:10:07] [run_formula] Running formula oski15a14b15s with K=49 up to limit 1600
[2025-12-12 07:10:08] [generate_cnf] Generating formula oski15a14b15s with K=50
[2025-12-12 07:10:14] [run_formula] Running formula oski15a14b15s with K=50 up to limit 1600
[2025-12-12 07:10:15] [generate_cnf] Generating formula oski15a14b15s with K=51
[2025-12-12 07:10:21] [run_formula] Running formula oski15a14b15s with K=51 up to limit 1600
[2025-12-12 07:10:22] [generate_cnf] Generating formula oski15a14b15s with K=52
[2025-12-12 07:10:28] [run_formula] Running formula oski15a14b15s with K=52 up to limit 1600
[2025-12-12 07:10:29] [generate_cnf] Generating formula oski15a14b15s with K=53
[2025-12-12 07:10:35] [run_formula] Running formula oski15a14b15s with K=53 up to limit 1600
[2025-12-12 07:10:37] [generate_cnf] Generating formula oski15a14b15s with K=54
[2025-12-12 07:10:42] [run_formula] Running formula oski15a14b15s with K=54 up to limit 1600
[2025-12-12 07:10:44] [generate_cnf] Generating formula oski15a14b15s with K=55
[2025-12-12 07:10:50] [run_formula] Running formula oski15a14b15s with K=55 up to limit 1600
[2025-12-12 07:10:52] [generate_cnf] Generating formula oski15a14b15s with K=56
[2025-12-12 07:10:58] [run_formula] Running formula oski15a14b15s with K=56 up to limit 1600
[2025-12-12 07:10:59] [generate_cnf] Generating formula oski15a14b15s with K=57
[2025-12-12 07:11:05] [run_formula] Running formula oski15a14b15s with K=57 up to limit 1600
[2025-12-12 07:11:07] [generate_cnf] Generating formula oski15a14b15s with K=58
[2025-12-12 07:11:14] [run_formula] Running formula oski15a14b15s with K=58 up to limit 1600
[2025-12-12 07:11:16] [generate_cnf] Generating formula oski15a14b15s with K=59
[2025-12-12 07:11:22] [run_formula] Running formula oski15a14b15s with K=59 up to limit 1600
[2025-12-12 07:11:24] [generate_cnf] Generating formula oski15a14b15s with K=60
[2025-12-12 07:11:31] [run_formula] Running formula oski15a14b15s with K=60 up to limit 1600
[2025-12-12 07:11:32] [generate_cnf] Generating formula oski15a14b15s with K=61
[2025-12-12 07:11:39] [run_formula] Running formula oski15a14b15s with K=61 up to limit 1600
[2025-12-12 07:11:41] [generate_cnf] Generating formula oski15a14b15s with K=62
[2025-12-12 07:11:47] [run_formula] Running formula oski15a14b15s with K=62 up to limit 1600
[2025-12-12 07:11:49] [generate_cnf] Generating formula oski15a14b15s with K=63
[2025-12-12 07:11:56] [run_formula] Running formula oski15a14b15s with K=63 up to limit 1600
[2025-12-12 07:11:58] [generate_cnf] Generating formula oski15a14b15s with K=64
[2025-12-12 07:12:05] [run_formula] Running formula oski15a14b15s with K=64 up to limit 1600
[2025-12-12 07:12:07] [generate_cnf] Generating formula oski15a14b15s with K=65
[2025-12-12 07:12:14] [run_formula] Running formula oski15a14b15s with K=65 up to limit 1600
[2025-12-12 07:12:16] [generate_cnf] Generating formula oski15a14b15s with K=66
[2025-12-12 07:12:24] [run_formula] Running formula oski15a14b15s with K=66 up to limit 1600
[2025-12-12 07:12:26] [generate_cnf] Generating formula oski15a14b15s with K=67
[2025-12-12 07:12:33] [run_formula] Running formula oski15a14b15s with K=67 up to limit 1600
[2025-12-12 07:12:35] [generate_cnf] Generating formula oski15a14b15s with K=68
[2025-12-12 07:12:43] [run_formula] Running formula oski15a14b15s with K=68 up to limit 1600
[2025-12-12 07:12:46] [generate_cnf] Generating formula oski15a14b15s with K=69
[2025-12-12 07:12:53] [run_formula] Running formula oski15a14b15s with K=69 up to limit 1600
[2025-12-12 07:12:56] [generate_cnf] Generating formula oski15a14b15s with K=70
[2025-12-12 07:13:03] [run_formula] Running formula oski15a14b15s with K=70 up to limit 1600
[2025-12-12 07:13:05] [generate_cnf] Generating formula oski15a14b15s with K=71
[2025-12-12 07:13:14] [run_formula] Running formula oski15a14b15s with K=71 up to limit 1600
[2025-12-12 07:13:17] [generate_cnf] Generating formula oski15a14b15s with K=72
[2025-12-12 07:13:24] [run_formula] Running formula oski15a14b15s with K=72 up to limit 1600
[2025-12-12 07:13:26] [generate_cnf] Generating formula oski15a14b15s with K=73
[2025-12-12 07:13:34] [run_formula] Running formula oski15a14b15s with K=73 up to limit 1600
[2025-12-12 07:13:36] [generate_cnf] Generating formula oski15a14b15s with K=74
[2025-12-12 07:13:44] [run_formula] Running formula oski15a14b15s with K=74 up to limit 1600
[2025-12-12 07:13:46] [generate_cnf] Generating formula oski15a14b15s with K=75
[2025-12-12 07:13:54] [run_formula] Running formula oski15a14b15s with K=75 up to limit 1600
[2025-12-12 07:13:57] [generate_cnf] Generating formula oski15a14b15s with K=76
[2025-12-12 07:14:05] [run_formula] Running formula oski15a14b15s with K=76 up to limit 1600
[2025-12-12 07:14:08] [generate_cnf] Generating formula oski15a14b15s with K=77
[2025-12-12 07:14:17] [run_formula] Running formula oski15a14b15s with K=77 up to limit 1600
[2025-12-12 07:14:19] [generate_cnf] Generating formula oski15a14b15s with K=78
[2025-12-12 07:14:28] [run_formula] Running formula oski15a14b15s with K=78 up to limit 1600
[2025-12-12 07:14:30] [generate_cnf] Generating formula oski15a14b15s with K=79
[2025-12-12 07:14:38] [run_formula] Running formula oski15a14b15s with K=79 up to limit 1600
[2025-12-12 07:14:41] [generate_cnf] Generating formula oski15a14b15s with K=80
[2025-12-12 07:14:49] [run_formula] Running formula oski15a14b15s with K=80 up to limit 1600
[2025-12-12 07:14:52] [generate_cnf] Generating formula oski15a14b15s with K=81
[2025-12-12 07:15:00] [run_formula] Running formula oski15a14b15s with K=81 up to limit 1600
[2025-12-12 07:15:03] [generate_cnf] Generating formula oski15a14b15s with K=82
[2025-12-12 07:15:11] [run_formula] Running formula oski15a14b15s with K=82 up to limit 1600
[2025-12-12 07:15:14] [generate_cnf] Generating formula oski15a14b15s with K=83
[2025-12-12 07:15:23] [run_formula] Running formula oski15a14b15s with K=83 up to limit 1600
[2025-12-12 07:15:26] [generate_cnf] Generating formula oski15a14b15s with K=84
[2025-12-12 07:15:35] [run_formula] Running formula oski15a14b15s with K=84 up to limit 1600
[2025-12-12 07:15:38] [generate_cnf] Generating formula oski15a14b15s with K=85
[2025-12-12 07:15:47] [run_formula] Running formula oski15a14b15s with K=85 up to limit 1600
[2025-12-12 07:15:49] [generate_cnf] Generating formula oski15a14b15s with K=86
[2025-12-12 07:15:58] [run_formula] Running formula oski15a14b15s with K=86 up to limit 1600
[2025-12-12 07:16:01] [generate_cnf] Generating formula oski15a14b15s with K=87
[2025-12-12 07:16:11] [run_formula] Running formula oski15a14b15s with K=87 up to limit 1600
[2025-12-12 07:16:13] [generate_cnf] Generating formula oski15a14b15s with K=88
[2025-12-12 07:16:23] [run_formula] Running formula oski15a14b15s with K=88 up to limit 1600
[2025-12-12 07:16:26] [generate_cnf] Generating formula oski15a14b15s with K=89
[2025-12-12 07:16:35] [run_formula] Running formula oski15a14b15s with K=89 up to limit 1600
[2025-12-12 07:16:38] [generate_cnf] Generating formula oski15a14b15s with K=90
[2025-12-12 07:16:48] [run_formula] Running formula oski15a14b15s with K=90 up to limit 1600
[2025-12-12 07:16:51] [generate_cnf] Generating formula oski15a14b15s with K=91
[2025-12-12 07:17:02] [run_formula] Running formula oski15a14b15s with K=91 up to limit 1600
[2025-12-12 07:17:04] [generate_cnf] Generating formula oski15a14b15s with K=92
[2025-12-12 07:17:14] [run_formula] Running formula oski15a14b15s with K=92 up to limit 1600
[2025-12-12 07:17:17] [generate_cnf] Generating formula oski15a14b15s with K=93
[2025-12-12 07:17:28] [run_formula] Running formula oski15a14b15s with K=93 up to limit 1600
[2025-12-12 07:17:31] [generate_cnf] Generating formula oski15a14b15s with K=94
[2025-12-12 07:17:42] [run_formula] Running formula oski15a14b15s with K=94 up to limit 1600
[2025-12-12 07:17:45] [generate_cnf] Generating formula oski15a14b15s with K=95
[2025-12-12 07:17:56] [run_formula] Running formula oski15a14b15s with K=95 up to limit 1600
[2025-12-12 07:17:59] [generate_cnf] Generating formula oski15a14b15s with K=96
[2025-12-12 07:18:09] [run_formula] Running formula oski15a14b15s with K=96 up to limit 1600
[2025-12-12 07:18:12] [generate_cnf] Generating formula oski15a14b15s with K=97
[2025-12-12 07:18:23] [run_formula] Running formula oski15a14b15s with K=97 up to limit 1600
[2025-12-12 07:18:26] [generate_cnf] Generating formula oski15a14b15s with K=98
[2025-12-12 07:18:38] [run_formula] Running formula oski15a14b15s with K=98 up to limit 1600
[2025-12-12 07:18:41] [generate_cnf] Generating formula oski15a14b15s with K=99
[2025-12-12 07:18:52] [run_formula] Running formula oski15a14b15s with K=99 up to limit 1600
[2025-12-12 07:18:55] [generate_cnf] Generating formula oski15a14b15s with K=100
[2025-12-12 07:19:06] [run_formula] Running formula oski15a14b15s with K=100 up to limit 1600
[2025-12-12 07:19:09] [generate_cnf] Generating formula oski15a14b15s with K=101
[2025-12-12 07:19:20] [run_formula] Running formula oski15a14b15s with K=101 up to limit 1600
[2025-12-12 07:19:23] [generate_cnf] Generating formula oski15a14b15s with K=102
[2025-12-12 07:19:34] [run_formula] Running formula oski15a14b15s with K=102 up to limit 1600
[2025-12-12 07:19:38] [generate_cnf] Generating formula oski15a14b15s with K=103
[2025-12-12 07:19:50] [run_formula] Running formula oski15a14b15s with K=103 up to limit 1600
[2025-12-12 07:19:53] [generate_cnf] Generating formula oski15a14b15s with K=104
[2025-12-12 07:20:04] [run_formula] Running formula oski15a14b15s with K=104 up to limit 1600
[2025-12-12 07:20:07] [generate_cnf] Generating formula oski15a14b15s with K=105
[2025-12-12 07:20:19] [run_formula] Running formula oski15a14b15s with K=105 up to limit 1600
[2025-12-12 07:20:22] [generate_cnf] Generating formula oski15a14b15s with K=106
[2025-12-12 07:20:33] [run_formula] Running formula oski15a14b15s with K=106 up to limit 1600
[2025-12-12 07:20:37] [generate_cnf] Generating formula oski15a14b15s with K=107
[2025-12-12 07:20:48] [run_formula] Running formula oski15a14b15s with K=107 up to limit 1600
[2025-12-12 07:20:52] [generate_cnf] Generating formula oski15a14b15s with K=108
[2025-12-12 07:21:04] [run_formula] Running formula oski15a14b15s with K=108 up to limit 1600
[2025-12-12 07:21:07] [generate_cnf] Generating formula oski15a14b15s with K=109
[2025-12-12 07:21:19] [run_formula] Running formula oski15a14b15s with K=109 up to limit 1600
[2025-12-12 07:21:22] [generate_cnf] Generating formula oski15a14b15s with K=110
[2025-12-12 07:21:34] [run_formula] Running formula oski15a14b15s with K=110 up to limit 1600
[2025-12-12 07:21:38] [generate_cnf] Generating formula oski15a14b15s with K=111
[2025-12-12 07:21:50] [run_formula] Running formula oski15a14b15s with K=111 up to limit 1600
[2025-12-12 07:21:54] [generate_cnf] Generating formula oski15a14b15s with K=112
[2025-12-12 07:22:05] [run_formula] Running formula oski15a14b15s with K=112 up to limit 1600
[2025-12-12 07:22:09] [generate_cnf] Generating formula oski15a14b15s with K=113
[2025-12-12 07:22:21] [run_formula] Running formula oski15a14b15s with K=113 up to limit 1600
[2025-12-12 07:22:25] [generate_cnf] Generating formula oski15a14b15s with K=114
[2025-12-12 07:22:37] [run_formula] Running formula oski15a14b15s with K=114 up to limit 1600
[2025-12-12 07:22:41] [generate_cnf] Generating formula oski15a14b15s with K=115
[2025-12-12 07:22:54] [run_formula] Running formula oski15a14b15s with K=115 up to limit 1600
[2025-12-12 07:22:58] [generate_cnf] Generating formula oski15a14b15s with K=116
[2025-12-12 07:23:10] [run_formula] Running formula oski15a14b15s with K=116 up to limit 1600
[2025-12-12 07:23:14] [generate_cnf] Generating formula oski15a14b15s with K=117
[2025-12-12 07:23:27] [run_formula] Running formula oski15a14b15s with K=117 up to limit 1600
[2025-12-12 07:23:31] [generate_cnf] Generating formula oski15a14b15s with K=118
[2025-12-12 07:23:43] [run_formula] Running formula oski15a14b15s with K=118 up to limit 1600
[2025-12-12 07:23:47] [generate_cnf] Generating formula oski15a14b15s with K=119
[2025-12-12 07:24:01] [run_formula] Running formula oski15a14b15s with K=119 up to limit 1600
[2025-12-12 07:24:04] [generate_cnf] Generating formula oski15a14b15s with K=120
[2025-12-12 07:24:19] [run_formula] Running formula oski15a14b15s with K=120 up to limit 1600
[2025-12-12 07:24:22] [generate_cnf] Generating formula oski15a14b15s with K=121
[2025-12-12 07:24:35] [run_formula] Running formula oski15a14b15s with K=121 up to limit 1600
[2025-12-12 07:24:39] [generate_cnf] Generating formula oski15a14b15s with K=122
[2025-12-12 07:24:52] [run_formula] Running formula oski15a14b15s with K=122 up to limit 1600
[2025-12-12 07:24:56] [generate_cnf] Generating formula oski15a14b15s with K=123
[2025-12-12 07:25:08] [run_formula] Running formula oski15a14b15s with K=123 up to limit 1600
[2025-12-12 07:25:12] [generate_cnf] Generating formula oski15a14b15s with K=124
[2025-12-12 07:25:26] [run_formula] Running formula oski15a14b15s with K=124 up to limit 1600
[2025-12-12 07:25:31] [generate_cnf] Generating formula oski15a14b15s with K=125
[2025-12-12 07:25:44] [run_formula] Running formula oski15a14b15s with K=125 up to limit 1600
[2025-12-12 07:25:48] [generate_cnf] Generating formula oski15a14b15s with K=126
[2025-12-12 07:26:01] [run_formula] Running formula oski15a14b15s with K=126 up to limit 1600
[2025-12-12 07:26:05] [generate_cnf] Generating formula oski15a14b15s with K=127
[2025-12-12 07:26:20] [run_formula] Running formula oski15a14b15s with K=127 up to limit 1600
[2025-12-12 07:26:24] [generate_cnf] Generating formula oski15a14b15s with K=128
[2025-12-12 07:26:38] [run_formula] Running formula oski15a14b15s with K=128 up to limit 1600
[2025-12-12 07:26:42] [generate_cnf] Generating formula oski15a14b15s with K=129
[2025-12-12 07:26:56] [run_formula] Running formula oski15a14b15s with K=129 up to limit 1600
[2025-12-12 07:27:00] [generate_cnf] Generating formula oski15a14b15s with K=130
[2025-12-12 07:27:15] [run_formula] Running formula oski15a14b15s with K=130 up to limit 1600
[2025-12-12 07:27:19] [generate_cnf] Generating formula oski15a14b15s with K=131
[2025-12-12 07:27:34] [run_formula] Running formula oski15a14b15s with K=131 up to limit 1600
[2025-12-12 07:27:38] [generate_cnf] Generating formula oski15a14b15s with K=132
[2025-12-12 07:27:53] [run_formula] Running formula oski15a14b15s with K=132 up to limit 1600
[2025-12-12 07:27:58] [generate_cnf] Generating formula oski15a14b15s with K=133
[2025-12-12 07:28:11] [run_formula] Running formula oski15a14b15s with K=133 up to limit 1600
[2025-12-12 07:28:15] [generate_cnf] Generating formula oski15a14b15s with K=134
[2025-12-12 07:28:30] [run_formula] Running formula oski15a14b15s with K=134 up to limit 1600
[2025-12-12 07:28:34] [generate_cnf] Generating formula oski15a14b15s with K=135
[2025-12-12 07:28:49] [run_formula] Running formula oski15a14b15s with K=135 up to limit 1600
[2025-12-12 07:28:54] [generate_cnf] Generating formula oski15a14b15s with K=136
[2025-12-12 07:29:08] [run_formula] Running formula oski15a14b15s with K=136 up to limit 1600
[2025-12-12 07:29:12] [generate_cnf] Generating formula oski15a14b15s with K=137
[2025-12-12 07:29:27] [run_formula] Running formula oski15a14b15s with K=137 up to limit 1600
[2025-12-12 07:29:31] [generate_cnf] Generating formula oski15a14b15s with K=138
[2025-12-12 07:29:46] [run_formula] Running formula oski15a14b15s with K=138 up to limit 1600
[2025-12-12 07:29:50] [generate_cnf] Generating formula oski15a14b15s with K=139
[2025-12-12 07:30:05] [run_formula] Running formula oski15a14b15s with K=139 up to limit 1600
[2025-12-12 07:30:09] [generate_cnf] Generating formula oski15a14b15s with K=140
[2025-12-12 07:30:25] [run_formula] Running formula oski15a14b15s with K=140 up to limit 1600
[2025-12-12 07:30:29] [generate_cnf] Generating formula oski15a14b15s with K=141
[2025-12-12 07:30:44] [run_formula] Running formula oski15a14b15s with K=141 up to limit 1600
[2025-12-12 07:30:49] [generate_cnf] Generating formula oski15a14b15s with K=142
[2025-12-12 07:31:05] [run_formula] Running formula oski15a14b15s with K=142 up to limit 1600
[2025-12-12 07:31:09] [generate_cnf] Generating formula oski15a14b15s with K=143
[2025-12-12 07:31:25] [run_formula] Running formula oski15a14b15s with K=143 up to limit 1600
[2025-12-12 07:31:30] [generate_cnf] Generating formula oski15a14b15s with K=144
[2025-12-12 07:31:46] [run_formula] Running formula oski15a14b15s with K=144 up to limit 1600
[2025-12-12 07:31:50] [generate_cnf] Generating formula oski15a14b15s with K=145
[2025-12-12 07:32:07] [run_formula] Running formula oski15a14b15s with K=145 up to limit 1600
[2025-12-12 07:32:11] [generate_cnf] Generating formula oski15a14b15s with K=146
[2025-12-12 07:32:28] [run_formula] Running formula oski15a14b15s with K=146 up to limit 1600
[2025-12-12 07:32:33] [generate_cnf] Generating formula oski15a14b15s with K=147
[2025-12-12 07:32:50] [run_formula] Running formula oski15a14b15s with K=147 up to limit 1600
[2025-12-12 07:32:54] [generate_cnf] Generating formula oski15a14b15s with K=148
[2025-12-12 07:33:10] [run_formula] Running formula oski15a14b15s with K=148 up to limit 1600
[2025-12-12 07:33:15] [generate_cnf] Generating formula oski15a14b15s with K=149
[2025-12-12 07:33:32] [run_formula] Running formula oski15a14b15s with K=149 up to limit 1600
[2025-12-12 07:33:37] [generate_cnf] Generating formula oski15a14b15s with K=150
[2025-12-12 07:33:53] [run_formula] Running formula oski15a14b15s with K=150 up to limit 1600
[2025-12-12 07:33:58] [generate_cnf] Generating formula oski15a14b15s with K=151
[2025-12-12 07:34:14] [run_formula] Running formula oski15a14b15s with K=151 up to limit 1600
[2025-12-12 07:34:19] [generate_cnf] Generating formula oski15a14b15s with K=152
[2025-12-12 07:34:36] [run_formula] Running formula oski15a14b15s with K=152 up to limit 1600
[2025-12-12 07:34:41] [generate_cnf] Generating formula oski15a14b15s with K=153
[2025-12-12 07:34:57] [run_formula] Running formula oski15a14b15s with K=153 up to limit 1600
[2025-12-12 07:35:02] [generate_cnf] Generating formula oski15a14b15s with K=154
[2025-12-12 07:35:19] [run_formula] Running formula oski15a14b15s with K=154 up to limit 1600
[2025-12-12 07:35:24] [generate_cnf] Generating formula oski15a14b15s with K=155
[2025-12-12 07:35:41] [run_formula] Running formula oski15a14b15s with K=155 up to limit 1600
[2025-12-12 07:35:46] [generate_cnf] Generating formula oski15a14b15s with K=156
[2025-12-12 07:36:04] [run_formula] Running formula oski15a14b15s with K=156 up to limit 1600
[2025-12-12 07:36:09] [generate_cnf] Generating formula oski15a14b15s with K=157
[2025-12-12 07:36:25] [run_formula] Running formula oski15a14b15s with K=157 up to limit 1600
[2025-12-12 07:36:31] [generate_cnf] Generating formula oski15a14b15s with K=158
[2025-12-12 07:36:47] [run_formula] Running formula oski15a14b15s with K=158 up to limit 1600
[2025-12-12 07:36:52] [generate_cnf] Generating formula oski15a14b15s with K=159
[2025-12-12 07:37:09] [run_formula] Running formula oski15a14b15s with K=159 up to limit 1600
[2025-12-12 07:37:14] [generate_cnf] Generating formula oski15a14b15s with K=160
[2025-12-12 07:37:32] [run_formula] Running formula oski15a14b15s with K=160 up to limit 1600
[2025-12-12 07:37:37] [generate_cnf] Generating formula oski15a14b15s with K=161
[2025-12-12 07:37:54] [run_formula] Running formula oski15a14b15s with K=161 up to limit 1600
[2025-12-12 07:37:59] [generate_cnf] Generating formula oski15a14b15s with K=162
[2025-12-12 07:38:17] [run_formula] Running formula oski15a14b15s with K=162 up to limit 1600
[2025-12-12 07:38:22] [generate_cnf] Generating formula oski15a14b15s with K=163
[2025-12-12 07:38:40] [run_formula] Running formula oski15a14b15s with K=163 up to limit 1600
[2025-12-12 07:38:46] [generate_cnf] Generating formula oski15a14b15s with K=164
[2025-12-12 07:39:05] [run_formula] Running formula oski15a14b15s with K=164 up to limit 1600
[2025-12-12 07:39:10] [generate_cnf] Generating formula oski15a14b15s with K=165
[2025-12-12 07:39:28] [run_formula] Running formula oski15a14b15s with K=165 up to limit 1600
[2025-12-12 07:39:33] [generate_cnf] Generating formula oski15a14b15s with K=166
[2025-12-12 07:39:51] [run_formula] Running formula oski15a14b15s with K=166 up to limit 1600
[2025-12-12 07:39:56] [generate_cnf] Generating formula oski15a14b15s with K=167
[2025-12-12 07:40:15] [run_formula] Running formula oski15a14b15s with K=167 up to limit 1600
[2025-12-12 07:40:20] [generate_cnf] Generating formula oski15a14b15s with K=168
[2025-12-12 07:40:38] [run_formula] Running formula oski15a14b15s with K=168 up to limit 1600
[2025-12-12 07:40:44] [generate_cnf] Generating formula oski15a14b15s with K=169
[2025-12-12 07:41:02] [run_formula] Running formula oski15a14b15s with K=169 up to limit 1600
[2025-12-12 07:41:07] [generate_cnf] Generating formula oski15a14b15s with K=170
[2025-12-12 07:41:26] [run_formula] Running formula oski15a14b15s with K=170 up to limit 1600
[2025-12-12 07:41:32] [generate_cnf] Generating formula oski15a14b15s with K=171
[2025-12-12 07:41:50] [run_formula] Running formula oski15a14b15s with K=171 up to limit 1600
[2025-12-12 07:41:56] [generate_cnf] Generating formula oski15a14b15s with K=172
[2025-12-12 07:42:15] [run_formula] Running formula oski15a14b15s with K=172 up to limit 1600
[2025-12-12 07:42:21] [generate_cnf] Generating formula oski15a14b15s with K=173
[2025-12-12 07:42:39] [run_formula] Running formula oski15a14b15s with K=173 up to limit 1600
[2025-12-12 07:42:45] [generate_cnf] Generating formula oski15a14b15s with K=174
[2025-12-12 07:43:03] [run_formula] Running formula oski15a14b15s with K=174 up to limit 1600
[2025-12-12 07:43:09] [generate_cnf] Generating formula oski15a14b15s with K=175
[2025-12-12 07:43:28] [run_formula] Running formula oski15a14b15s with K=175 up to limit 1600
[2025-12-12 07:43:34] [generate_cnf] Generating formula oski15a14b15s with K=176
[2025-12-12 07:43:53] [run_formula] Running formula oski15a14b15s with K=176 up to limit 1600
[2025-12-12 07:43:59] [generate_cnf] Generating formula oski15a14b15s with K=177
[2025-12-12 07:44:19] [run_formula] Running formula oski15a14b15s with K=177 up to limit 1600
[2025-12-12 07:44:25] [generate_cnf] Generating formula oski15a14b15s with K=178
[2025-12-12 07:44:46] [run_formula] Running formula oski15a14b15s with K=178 up to limit 1600
[2025-12-12 07:44:52] [generate_cnf] Generating formula oski15a14b15s with K=179
[2025-12-12 07:45:11] [run_formula] Running formula oski15a14b15s with K=179 up to limit 1600
[2025-12-12 07:45:16] [generate_cnf] Generating formula oski15a14b15s with K=180
[2025-12-12 07:45:36] [run_formula] Running formula oski15a14b15s with K=180 up to limit 1600
[2025-12-12 07:45:42] [generate_cnf] Generating formula oski15a14b15s with K=181
[2025-12-12 07:46:01] [run_formula] Running formula oski15a14b15s with K=181 up to limit 1600
[2025-12-12 07:46:07] [generate_cnf] Generating formula oski15a14b15s with K=182
[2025-12-12 07:46:26] [run_formula] Running formula oski15a14b15s with K=182 up to limit 1600
[2025-12-12 07:46:32] [generate_cnf] Generating formula oski15a14b15s with K=183
[2025-12-12 07:46:52] [run_formula] Running formula oski15a14b15s with K=183 up to limit 1600
[2025-12-12 07:46:59] [generate_cnf] Generating formula oski15a14b15s with K=184
[2025-12-12 07:47:18] [run_formula] Running formula oski15a14b15s with K=184 up to limit 1600
[2025-12-12 07:47:24] [generate_cnf] Generating formula oski15a14b15s with K=185
[2025-12-12 07:47:44] [run_formula] Running formula oski15a14b15s with K=185 up to limit 1600
[2025-12-12 07:47:50] [generate_cnf] Generating formula oski15a14b15s with K=186
[2025-12-12 07:48:10] [run_formula] Running formula oski15a14b15s with K=186 up to limit 1600
[2025-12-12 07:48:17] [generate_cnf] Generating formula oski15a14b15s with K=187
[2025-12-12 07:48:36] [run_formula] Running formula oski15a14b15s with K=187 up to limit 1600
[2025-12-12 07:48:42] [generate_cnf] Generating formula oski15a14b15s with K=188
[2025-12-12 07:49:02] [run_formula] Running formula oski15a14b15s with K=188 up to limit 1600
[2025-12-12 07:49:08] [generate_cnf] Generating formula oski15a14b15s with K=189
[2025-12-12 07:49:29] [run_formula] Running formula oski15a14b15s with K=189 up to limit 1600
[2025-12-12 07:49:35] [generate_cnf] Generating formula oski15a14b15s with K=190
[2025-12-12 07:49:56] [run_formula] Running formula oski15a14b15s with K=190 up to limit 1600
[2025-12-12 07:50:02] [generate_cnf] Generating formula oski15a14b15s with K=191
[2025-12-12 07:50:23] [run_formula] Running formula oski15a14b15s with K=191 up to limit 1600
[2025-12-12 07:50:30] [generate_cnf] Generating formula oski15a14b15s with K=192
[2025-12-12 07:50:51] [run_formula] Running formula oski15a14b15s with K=192 up to limit 1600
[2025-12-12 07:50:58] [generate_cnf] Generating formula oski15a14b15s with K=193
[2025-12-12 07:51:19] [run_formula] Running formula oski15a14b15s with K=193 up to limit 1600
[2025-12-12 07:51:26] [generate_cnf] Generating formula oski15a14b15s with K=194
[2025-12-12 07:51:47] [run_formula] Running formula oski15a14b15s with K=194 up to limit 1600
[2025-12-12 07:51:53] [generate_cnf] Generating formula oski15a14b15s with K=195
[2025-12-12 07:52:13] [run_formula] Running formula oski15a14b15s with K=195 up to limit 1600
[2025-12-12 07:52:20] [generate_cnf] Generating formula oski15a14b15s with K=196
[2025-12-12 07:52:43] [run_formula] Running formula oski15a14b15s with K=196 up to limit 1600
[2025-12-12 07:52:50] [generate_cnf] Generating formula oski15a14b15s with K=197
[2025-12-12 07:53:10] [run_formula] Running formula oski15a14b15s with K=197 up to limit 1600
[2025-12-12 07:53:17] [generate_cnf] Generating formula oski15a14b15s with K=198
[2025-12-12 07:53:39] [run_formula] Running formula oski15a14b15s with K=198 up to limit 1600
[2025-12-12 07:53:45] [generate_cnf] Generating formula oski15a14b15s with K=199
[2025-12-12 07:54:07] [run_formula] Running formula oski15a14b15s with K=199 up to limit 1600
[2025-12-12 07:54:13] [generate_cnf] Generating formula oski15a14b15s with K=200
[2025-12-12 07:54:35] [run_formula] Running formula oski15a14b15s with K=200 up to limit 1600
[2025-12-12 07:54:42] [generate_cnf] Generating formula oski15a14b15s with K=201
[2025-12-12 07:55:04] [run_formula] Running formula oski15a14b15s with K=201 up to limit 1600
[2025-12-12 07:55:11] [generate_cnf] Generating formula oski15a14b15s with K=202
[2025-12-12 07:55:35] [run_formula] Running formula oski15a14b15s with K=202 up to limit 1600
[2025-12-12 07:55:42] [generate_cnf] Generating formula oski15a14b15s with K=203
[2025-12-12 07:56:04] [run_formula] Running formula oski15a14b15s with K=203 up to limit 1600
[2025-12-12 07:56:10] [generate_cnf] Generating formula oski15a14b15s with K=204
[2025-12-12 07:56:33] [run_formula] Running formula oski15a14b15s with K=204 up to limit 1600
[2025-12-12 07:56:40] [generate_cnf] Generating formula oski15a14b15s with K=205
[2025-12-12 07:57:02] [run_formula] Running formula oski15a14b15s with K=205 up to limit 1600
[2025-12-12 07:57:09] [generate_cnf] Generating formula oski15a14b15s with K=206
[2025-12-12 07:57:30] [run_formula] Running formula oski15a14b15s with K=206 up to limit 1600
[2025-12-12 07:57:37] [generate_cnf] Generating formula oski15a14b15s with K=207
[2025-12-12 07:58:01] [run_formula] Running formula oski15a14b15s with K=207 up to limit 1600
[2025-12-12 07:58:08] [generate_cnf] Generating formula oski15a14b15s with K=208
[2025-12-12 07:58:30] [run_formula] Running formula oski15a14b15s with K=208 up to limit 1600
[2025-12-12 07:58:37] [generate_cnf] Generating formula oski15a14b15s with K=209
[2025-12-12 07:59:00] [run_formula] Running formula oski15a14b15s with K=209 up to limit 1600
[2025-12-12 07:59:07] [generate_cnf] Generating formula oski15a14b15s with K=210
[2025-12-12 07:59:31] [run_formula] Running formula oski15a14b15s with K=210 up to limit 1600
[2025-12-12 07:59:37] [generate_cnf] Generating formula oski15a14b15s with K=211
[2025-12-12 08:00:00] [run_formula] Running formula oski15a14b15s with K=211 up to limit 1600
[2025-12-12 08:00:06] [generate_cnf] Generating formula oski15a14b15s with K=212
[2025-12-12 08:00:29] [run_formula] Running formula oski15a14b15s with K=212 up to limit 1600
[2025-12-12 08:00:36] [generate_cnf] Generating formula oski15a14b15s with K=213
[2025-12-12 08:00:59] [run_formula] Running formula oski15a14b15s with K=213 up to limit 1600
[2025-12-12 08:01:06] [generate_cnf] Generating formula oski15a14b15s with K=214
[2025-12-12 08:01:29] [run_formula] Running formula oski15a14b15s with K=214 up to limit 1600
[2025-12-12 08:01:36] [generate_cnf] Generating formula oski15a14b15s with K=215
[2025-12-12 08:02:00] [run_formula] Running formula oski15a14b15s with K=215 up to limit 1600
[2025-12-12 08:02:07] [generate_cnf] Generating formula oski15a14b15s with K=216
[2025-12-12 08:02:31] [run_formula] Running formula oski15a14b15s with K=216 up to limit 1600
[2025-12-12 08:02:38] [generate_cnf] Generating formula oski15a14b15s with K=217
[2025-12-12 08:03:02] [run_formula] Running formula oski15a14b15s with K=217 up to limit 1600
[2025-12-12 08:03:09] [generate_cnf] Generating formula oski15a14b15s with K=218
[2025-12-12 08:03:34] [run_formula] Running formula oski15a14b15s with K=218 up to limit 1600
[2025-12-12 08:03:42] [generate_cnf] Generating formula oski15a14b15s with K=219
[2025-12-12 08:04:06] [run_formula] Running formula oski15a14b15s with K=219 up to limit 1600
[2025-12-12 08:04:13] [generate_cnf] Generating formula oski15a14b15s with K=220
[2025-12-12 08:04:38] [run_formula] Running formula oski15a14b15s with K=220 up to limit 1600
[2025-12-12 08:04:45] [generate_cnf] Generating formula oski15a14b15s with K=221
[2025-12-12 08:05:08] [run_formula] Running formula oski15a14b15s with K=221 up to limit 1600
[2025-12-12 08:05:15] [generate_cnf] Generating formula oski15a14b15s with K=222
[2025-12-12 08:05:39] [run_formula] Running formula oski15a14b15s with K=222 up to limit 1600
[2025-12-12 08:05:46] [generate_cnf] Generating formula oski15a14b15s with K=223
[2025-12-12 08:06:09] [run_formula] Running formula oski15a14b15s with K=223 up to limit 1600
[2025-12-12 08:06:16] [generate_cnf] Generating formula oski15a14b15s with K=224
[2025-12-12 08:06:40] [run_formula] Running formula oski15a14b15s with K=224 up to limit 1600
[2025-12-12 08:06:48] [generate_cnf] Generating formula oski15a14b15s with K=225
[2025-12-12 08:07:13] [run_formula] Running formula oski15a14b15s with K=225 up to limit 1600
[2025-12-12 08:07:21] [generate_cnf] Generating formula oski15a14b15s with K=226
[2025-12-12 08:07:44] [run_formula] Running formula oski15a14b15s with K=226 up to limit 1600
[2025-12-12 08:07:52] [generate_cnf] Generating formula oski15a14b15s with K=227
[2025-12-12 08:08:17] [run_formula] Running formula oski15a14b15s with K=227 up to limit 1600
[2025-12-12 08:08:24] [generate_cnf] Generating formula oski15a14b15s with K=228
[2025-12-12 08:08:49] [run_formula] Running formula oski15a14b15s with K=228 up to limit 1600
[2025-12-12 08:08:56] [generate_cnf] Generating formula oski15a14b15s with K=229
[2025-12-12 08:09:21] [run_formula] Running formula oski15a14b15s with K=229 up to limit 1600
[2025-12-12 08:09:29] [generate_cnf] Generating formula oski15a14b15s with K=230
[2025-12-12 08:09:54] [run_formula] Running formula oski15a14b15s with K=230 up to limit 1600
[2025-12-12 08:10:02] [generate_cnf] Generating formula oski15a14b15s with K=231
[2025-12-12 08:10:28] [run_formula] Running formula oski15a14b15s with K=231 up to limit 1600
[2025-12-12 08:10:36] [generate_cnf] Generating formula oski15a14b15s with K=232
[2025-12-12 08:11:04] [run_formula] Running formula oski15a14b15s with K=232 up to limit 1600
[2025-12-12 08:11:12] [generate_cnf] Generating formula oski15a14b15s with K=233
[2025-12-12 08:11:37] [run_formula] Running formula oski15a14b15s with K=233 up to limit 1600
[2025-12-12 08:11:46] [generate_cnf] Generating formula oski15a14b15s with K=234
[2025-12-12 08:12:10] [run_formula] Running formula oski15a14b15s with K=234 up to limit 1600
[2025-12-12 08:12:18] [generate_cnf] Generating formula oski15a14b15s with K=235
[2025-12-12 08:12:43] [run_formula] Running formula oski15a14b15s with K=235 up to limit 1600
[2025-12-12 08:12:50] [generate_cnf] Generating formula oski15a14b15s with K=236
[2025-12-12 08:13:17] [run_formula] Running formula oski15a14b15s with K=236 up to limit 1600
[2025-12-12 08:13:25] [generate_cnf] Generating formula oski15a14b15s with K=237
[2025-12-12 08:13:49] [run_formula] Running formula oski15a14b15s with K=237 up to limit 1600
[2025-12-12 08:13:57] [generate_cnf] Generating formula oski15a14b15s with K=238
[2025-12-12 08:14:24] [run_formula] Running formula oski15a14b15s with K=238 up to limit 1600
[2025-12-12 08:14:32] [generate_cnf] Generating formula oski15a14b15s with K=239
[2025-12-12 08:14:57] [run_formula] Running formula oski15a14b15s with K=239 up to limit 1600
[2025-12-12 08:15:05] [generate_cnf] Generating formula oski15a14b15s with K=240
[2025-12-12 08:15:32] [run_formula] Running formula oski15a14b15s with K=240 up to limit 1600
[2025-12-12 08:15:39] [generate_cnf] Generating formula oski15a14b15s with K=241
[2025-12-12 08:16:06] [run_formula] Running formula oski15a14b15s with K=241 up to limit 1600
[2025-12-12 08:16:13] [generate_cnf] Generating formula oski15a14b15s with K=242
[2025-12-12 08:16:40] [run_formula] Running formula oski15a14b15s with K=242 up to limit 1600
[2025-12-12 08:16:48] [generate_cnf] Generating formula oski15a14b15s with K=243
[2025-12-12 08:17:13] [run_formula] Running formula oski15a14b15s with K=243 up to limit 1600
[2025-12-12 08:17:21] [generate_cnf] Generating formula oski15a14b15s with K=244
[2025-12-12 08:17:48] [run_formula] Running formula oski15a14b15s with K=244 up to limit 1600
[2025-12-12 08:17:56] [generate_cnf] Generating formula oski15a14b15s with K=245
[2025-12-12 08:18:21] [run_formula] Running formula oski15a14b15s with K=245 up to limit 1600
[2025-12-12 08:18:29] [generate_cnf] Generating formula oski15a14b15s with K=246
[2025-12-12 08:18:56] [run_formula] Running formula oski15a14b15s with K=246 up to limit 1600
[2025-12-12 08:19:05] [generate_cnf] Generating formula oski15a14b15s with K=247
[2025-12-12 08:19:31] [run_formula] Running formula oski15a14b15s with K=247 up to limit 1600
[2025-12-12 08:19:39] [generate_cnf] Generating formula oski15a14b15s with K=248
[2025-12-12 08:20:06] [run_formula] Running formula oski15a14b15s with K=248 up to limit 1600
[2025-12-12 08:20:14] [generate_cnf] Generating formula oski15a14b15s with K=249
[2025-12-12 08:20:41] [run_formula] Running formula oski15a14b15s with K=249 up to limit 1600
[2025-12-12 08:20:49] [generate_cnf] Generating formula oski15a14b15s with K=250
[2025-12-12 08:21:16] [run_formula] Running formula oski15a14b15s with K=250 up to limit 1600
[2025-12-12 08:21:24] [generate_cnf] Generating formula oski15a14b15s with K=251
[2025-12-12 08:21:51] [run_formula] Running formula oski15a14b15s with K=251 up to limit 1600
[2025-12-12 08:21:59] [generate_cnf] Generating formula oski15a14b15s with K=252
[2025-12-12 08:22:27] [run_formula] Running formula oski15a14b15s with K=252 up to limit 1600
[2025-12-12 08:22:36] [generate_cnf] Generating formula oski15a14b15s with K=253
[2025-12-12 08:23:05] [run_formula] Running formula oski15a14b15s with K=253 up to limit 1600
[2025-12-12 08:23:13] [generate_cnf] Generating formula oski15a14b15s with K=254
[2025-12-12 08:23:42] [run_formula] Running formula oski15a14b15s with K=254 up to limit 1600
[2025-12-12 08:23:50] [generate_cnf] Generating formula oski15a14b15s with K=255
[2025-12-12 08:24:20] [run_formula] Running formula oski15a14b15s with K=255 up to limit 1600
[2025-12-12 08:24:28] [generate_cnf] Generating formula oski15a14b15s with K=256
[2025-12-12 08:24:54] [run_formula] Running formula oski15a14b15s with K=256 up to limit 1600
[2025-12-12 08:25:03] [generate_cnf] Generating formula oski15a14b15s with K=257
[2025-12-12 08:25:33] [run_formula] Running formula oski15a14b15s with K=257 up to limit 1600
[2025-12-12 08:25:41] [generate_cnf] Generating formula oski15a14b15s with K=258
[2025-12-12 08:26:09] [run_formula] Running formula oski15a14b15s with K=258 up to limit 1600
[2025-12-12 08:26:18] [generate_cnf] Generating formula oski15a14b15s with K=259
[2025-12-12 08:26:46] [run_formula] Running formula oski15a14b15s with K=259 up to limit 1600
[2025-12-12 08:26:55] [generate_cnf] Generating formula oski15a14b15s with K=260
[2025-12-12 08:27:23] [run_formula] Running formula oski15a14b15s with K=260 up to limit 1600
[2025-12-12 08:27:32] [generate_cnf] Generating formula oski15a14b15s with K=261
[2025-12-12 08:28:01] [run_formula] Running formula oski15a14b15s with K=261 up to limit 1600
[2025-12-12 08:28:10] [run_formula] Error running formula oski15a14b15s with K=261: [Errno 122] Disk quota exceeded: './results/solving_logs/oski15a14b15s//oski15a14b15s.261.log'
[2025-12-12 08:28:10] [generate_and_run_up_to_limit] Failed to run formula oski15a14b15s with K=261, halting
