CNF written.
CNF written.
CNF written.
CNF written.
CNF written.
CNF written.
CNF written.
CNF written.
CNF written.
CNF written.
CNF written.
CNF written.
CNF written.
CNF written.
CNF written.
CNF written.
CNF written.
CNF written.
CNF written.
CNF written.
CNF written.
CNF written.
CNF written.
CNF written.
CNF written.
CNF written.
CNF written.
CNF written.
CNF written.
CNF written.
CNF written.
CNF written.
CNF written.
CNF written.
CNF written.
CNF written.
CNF written.
CNF written.
CNF written.
CNF written.
CNF written.
CNF written.
CNF written.
CNF written.
CNF written.
CNF written.
CNF written.
CNF written.
CNF written.
CNF written.
CNF written.
CNF written.
CNF written.
CNF written.
CNF written.
CNF written.
CNF written.
CNF written.
CNF written.
CNF written.
CNF written.
CNF written.
CNF written.
CNF written.
CNF written.
CNF written.
CNF written.
CNF written.
CNF written.
CNF written.
CNF written.
CNF written.
[2025-12-12 07:17:01] [generate_and_run_up_to_limit] Generating and running oski15a01b61s with K<=500 up to limit 1600
[2025-12-12 07:17:01] [generate_cnf] Generating formula oski15a01b61s with K=1
[2025-12-12 07:17:05] [run_formula] Running formula oski15a01b61s with K=1 up to limit 1600
[2025-12-12 07:17:06] [generate_cnf] Generating formula oski15a01b61s with K=2
[2025-12-12 07:17:11] [run_formula] Running formula oski15a01b61s with K=2 up to limit 1600
[2025-12-12 07:17:12] [generate_cnf] Generating formula oski15a01b61s with K=3
[2025-12-12 07:17:18] [run_formula] Running formula oski15a01b61s with K=3 up to limit 1600
[2025-12-12 07:17:19] [generate_cnf] Generating formula oski15a01b61s with K=4
[2025-12-12 07:17:27] [run_formula] Running formula oski15a01b61s with K=4 up to limit 1600
[2025-12-12 07:17:28] [generate_cnf] Generating formula oski15a01b61s with K=5
[2025-12-12 07:17:38] [run_formula] Running formula oski15a01b61s with K=5 up to limit 1600
[2025-12-12 07:17:39] [generate_cnf] Generating formula oski15a01b61s with K=6
[2025-12-12 07:17:50] [run_formula] Running formula oski15a01b61s with K=6 up to limit 1600
[2025-12-12 07:17:53] [generate_cnf] Generating formula oski15a01b61s with K=7
[2025-12-12 07:18:04] [run_formula] Running formula oski15a01b61s with K=7 up to limit 1600
[2025-12-12 07:18:07] [generate_cnf] Generating formula oski15a01b61s with K=8
[2025-12-12 07:18:21] [run_formula] Running formula oski15a01b61s with K=8 up to limit 1600
[2025-12-12 07:18:24] [generate_cnf] Generating formula oski15a01b61s with K=9
[2025-12-12 07:18:39] [run_formula] Running formula oski15a01b61s with K=9 up to limit 1600
[2025-12-12 07:18:43] [generate_cnf] Generating formula oski15a01b61s with K=10
[2025-12-12 07:18:59] [run_formula] Running formula oski15a01b61s with K=10 up to limit 1600
[2025-12-12 07:19:03] [generate_cnf] Generating formula oski15a01b61s with K=11
[2025-12-12 07:19:21] [run_formula] Running formula oski15a01b61s with K=11 up to limit 1600
[2025-12-12 07:19:25] [generate_cnf] Generating formula oski15a01b61s with K=12
[2025-12-12 07:19:44] [run_formula] Running formula oski15a01b61s with K=12 up to limit 1600
[2025-12-12 07:19:49] [generate_cnf] Generating formula oski15a01b61s with K=13
[2025-12-12 07:20:08] [run_formula] Running formula oski15a01b61s with K=13 up to limit 1600
[2025-12-12 07:20:13] [generate_cnf] Generating formula oski15a01b61s with K=14
[2025-12-12 07:20:33] [run_formula] Running formula oski15a01b61s with K=14 up to limit 1600
[2025-12-12 07:20:38] [generate_cnf] Generating formula oski15a01b61s with K=15
[2025-12-12 07:21:00] [run_formula] Running formula oski15a01b61s with K=15 up to limit 1600
[2025-12-12 07:21:06] [generate_cnf] Generating formula oski15a01b61s with K=16
[2025-12-12 07:21:29] [run_formula] Running formula oski15a01b61s with K=16 up to limit 1600
[2025-12-12 07:21:35] [generate_cnf] Generating formula oski15a01b61s with K=17
[2025-12-12 07:21:59] [run_formula] Running formula oski15a01b61s with K=17 up to limit 1600
[2025-12-12 07:22:06] [generate_cnf] Generating formula oski15a01b61s with K=18
[2025-12-12 07:22:33] [run_formula] Running formula oski15a01b61s with K=18 up to limit 1600
[2025-12-12 07:22:40] [generate_cnf] Generating formula oski15a01b61s with K=19
[2025-12-12 07:23:07] [run_formula] Running formula oski15a01b61s with K=19 up to limit 1600
[2025-12-12 07:23:14] [generate_cnf] Generating formula oski15a01b61s with K=20
[2025-12-12 07:23:42] [run_formula] Running formula oski15a01b61s with K=20 up to limit 1600
[2025-12-12 07:23:50] [generate_cnf] Generating formula oski15a01b61s with K=21
[2025-12-12 07:24:20] [run_formula] Running formula oski15a01b61s with K=21 up to limit 1600
[2025-12-12 07:24:29] [generate_cnf] Generating formula oski15a01b61s with K=22
[2025-12-12 07:24:59] [run_formula] Running formula oski15a01b61s with K=22 up to limit 1600
[2025-12-12 07:25:08] [generate_cnf] Generating formula oski15a01b61s with K=23
[2025-12-12 07:25:41] [run_formula] Running formula oski15a01b61s with K=23 up to limit 1600
[2025-12-12 07:25:49] [generate_cnf] Generating formula oski15a01b61s with K=24
[2025-12-12 07:26:19] [run_formula] Running formula oski15a01b61s with K=24 up to limit 1600
[2025-12-12 07:26:28] [generate_cnf] Generating formula oski15a01b61s with K=25
[2025-12-12 07:27:01] [run_formula] Running formula oski15a01b61s with K=25 up to limit 1600
[2025-12-12 07:27:11] [generate_cnf] Generating formula oski15a01b61s with K=26
[2025-12-12 07:27:46] [run_formula] Running formula oski15a01b61s with K=26 up to limit 1600
[2025-12-12 07:27:56] [generate_cnf] Generating formula oski15a01b61s with K=27
[2025-12-12 07:28:34] [run_formula] Running formula oski15a01b61s with K=27 up to limit 1600
[2025-12-12 07:28:44] [generate_cnf] Generating formula oski15a01b61s with K=28
[2025-12-12 07:29:20] [run_formula] Running formula oski15a01b61s with K=28 up to limit 1600
[2025-12-12 07:29:31] [generate_cnf] Generating formula oski15a01b61s with K=29
[2025-12-12 07:30:08] [run_formula] Running formula oski15a01b61s with K=29 up to limit 1600
[2025-12-12 07:30:19] [generate_cnf] Generating formula oski15a01b61s with K=30
[2025-12-12 07:30:57] [run_formula] Running formula oski15a01b61s with K=30 up to limit 1600
[2025-12-12 07:31:09] [generate_cnf] Generating formula oski15a01b61s with K=31
[2025-12-12 07:31:51] [run_formula] Running formula oski15a01b61s with K=31 up to limit 1600
[2025-12-12 07:32:03] [generate_cnf] Generating formula oski15a01b61s with K=32
[2025-12-12 07:32:49] [run_formula] Running formula oski15a01b61s with K=32 up to limit 1600
[2025-12-12 07:33:00] [generate_cnf] Generating formula oski15a01b61s with K=33
[2025-12-12 07:33:45] [run_formula] Running formula oski15a01b61s with K=33 up to limit 1600
[2025-12-12 07:33:58] [generate_cnf] Generating formula oski15a01b61s with K=34
[2025-12-12 07:34:42] [run_formula] Running formula oski15a01b61s with K=34 up to limit 1600
[2025-12-12 07:34:56] [generate_cnf] Generating formula oski15a01b61s with K=35
[2025-12-12 07:35:42] [run_formula] Running formula oski15a01b61s with K=35 up to limit 1600
[2025-12-12 07:35:54] [generate_cnf] Generating formula oski15a01b61s with K=36
[2025-12-12 07:36:40] [run_formula] Running formula oski15a01b61s with K=36 up to limit 1600
[2025-12-12 07:36:53] [generate_cnf] Generating formula oski15a01b61s with K=37
[2025-12-12 07:37:40] [run_formula] Running formula oski15a01b61s with K=37 up to limit 1600
[2025-12-12 07:37:53] [generate_cnf] Generating formula oski15a01b61s with K=38
[2025-12-12 07:38:40] [run_formula] Running formula oski15a01b61s with K=38 up to limit 1600
[2025-12-12 07:38:54] [generate_cnf] Generating formula oski15a01b61s with K=39
[2025-12-12 07:39:42] [run_formula] Running formula oski15a01b61s with K=39 up to limit 1600
[2025-12-12 07:39:55] [generate_cnf] Generating formula oski15a01b61s with K=40
[2025-12-12 07:40:45] [run_formula] Running formula oski15a01b61s with K=40 up to limit 1600
[2025-12-12 07:41:00] [generate_cnf] Generating formula oski15a01b61s with K=41
[2025-12-12 07:41:50] [run_formula] Running formula oski15a01b61s with K=41 up to limit 1600
[2025-12-12 07:42:04] [generate_cnf] Generating formula oski15a01b61s with K=42
[2025-12-12 07:42:59] [run_formula] Running formula oski15a01b61s with K=42 up to limit 1600
[2025-12-12 07:43:13] [generate_cnf] Generating formula oski15a01b61s with K=43
[2025-12-12 07:44:07] [run_formula] Running formula oski15a01b61s with K=43 up to limit 1600
[2025-12-12 07:44:21] [generate_cnf] Generating formula oski15a01b61s with K=44
[2025-12-12 07:45:16] [run_formula] Running formula oski15a01b61s with K=44 up to limit 1600
[2025-12-12 07:45:30] [generate_cnf] Generating formula oski15a01b61s with K=45
[2025-12-12 07:46:25] [run_formula] Running formula oski15a01b61s with K=45 up to limit 1600
[2025-12-12 07:46:40] [generate_cnf] Generating formula oski15a01b61s with K=46
[2025-12-12 07:47:37] [run_formula] Running formula oski15a01b61s with K=46 up to limit 1600
[2025-12-12 07:47:53] [generate_cnf] Generating formula oski15a01b61s with K=47
[2025-12-12 07:48:50] [run_formula] Running formula oski15a01b61s with K=47 up to limit 1600
[2025-12-12 07:49:05] [generate_cnf] Generating formula oski15a01b61s with K=48
[2025-12-12 07:50:03] [run_formula] Running formula oski15a01b61s with K=48 up to limit 1600
[2025-12-12 07:50:19] [generate_cnf] Generating formula oski15a01b61s with K=49
[2025-12-12 07:51:22] [run_formula] Running formula oski15a01b61s with K=49 up to limit 1600
[2025-12-12 07:51:39] [generate_cnf] Generating formula oski15a01b61s with K=50
[2025-12-12 07:52:44] [run_formula] Running formula oski15a01b61s with K=50 up to limit 1600
[2025-12-12 07:53:01] [generate_cnf] Generating formula oski15a01b61s with K=51
[2025-12-12 07:54:08] [run_formula] Running formula oski15a01b61s with K=51 up to limit 1600
[2025-12-12 07:54:26] [generate_cnf] Generating formula oski15a01b61s with K=52
[2025-12-12 07:55:34] [run_formula] Running formula oski15a01b61s with K=52 up to limit 1600
[2025-12-12 07:55:52] [generate_cnf] Generating formula oski15a01b61s with K=53
[2025-12-12 07:57:01] [run_formula] Running formula oski15a01b61s with K=53 up to limit 1600
[2025-12-12 07:57:19] [generate_cnf] Generating formula oski15a01b61s with K=54
[2025-12-12 07:58:29] [run_formula] Running formula oski15a01b61s with K=54 up to limit 1600
[2025-12-12 07:58:48] [generate_cnf] Generating formula oski15a01b61s with K=55
[2025-12-12 07:59:57] [run_formula] Running formula oski15a01b61s with K=55 up to limit 1600
[2025-12-12 08:00:16] [generate_cnf] Generating formula oski15a01b61s with K=56
[2025-12-12 08:01:27] [run_formula] Running formula oski15a01b61s with K=56 up to limit 1600
[2025-12-12 08:01:46] [generate_cnf] Generating formula oski15a01b61s with K=57
[2025-12-12 08:03:00] [run_formula] Running formula oski15a01b61s with K=57 up to limit 1600
[2025-12-12 08:03:19] [generate_cnf] Generating formula oski15a01b61s with K=58
[2025-12-12 08:04:33] [run_formula] Running formula oski15a01b61s with K=58 up to limit 1600
[2025-12-12 08:04:53] [generate_cnf] Generating formula oski15a01b61s with K=59
[2025-12-12 08:06:08] [run_formula] Running formula oski15a01b61s with K=59 up to limit 1600
[2025-12-12 08:06:28] [generate_cnf] Generating formula oski15a01b61s with K=60
[2025-12-12 08:07:45] [run_formula] Running formula oski15a01b61s with K=60 up to limit 1600
[2025-12-12 08:08:06] [generate_cnf] Generating formula oski15a01b61s with K=61
[2025-12-12 08:09:23] [run_formula] Running formula oski15a01b61s with K=61 up to limit 1600
[2025-12-12 08:09:43] [generate_cnf] Generating formula oski15a01b61s with K=62
[2025-12-12 08:11:04] [run_formula] Running formula oski15a01b61s with K=62 up to limit 1600
[2025-12-12 08:11:25] [generate_cnf] Generating formula oski15a01b61s with K=63
[2025-12-12 08:12:45] [run_formula] Running formula oski15a01b61s with K=63 up to limit 1600
[2025-12-12 08:13:07] [generate_cnf] Generating formula oski15a01b61s with K=64
[2025-12-12 08:14:29] [run_formula] Running formula oski15a01b61s with K=64 up to limit 1600
[2025-12-12 08:14:50] [generate_cnf] Generating formula oski15a01b61s with K=65
[2025-12-12 08:16:13] [run_formula] Running formula oski15a01b61s with K=65 up to limit 1600
[2025-12-12 08:16:35] [generate_cnf] Generating formula oski15a01b61s with K=66
[2025-12-12 08:17:58] [run_formula] Running formula oski15a01b61s with K=66 up to limit 1600
[2025-12-12 08:18:20] [generate_cnf] Generating formula oski15a01b61s with K=67
[2025-12-12 08:19:44] [run_formula] Running formula oski15a01b61s with K=67 up to limit 1600
[2025-12-12 08:20:06] [generate_cnf] Generating formula oski15a01b61s with K=68
[2025-12-12 08:21:31] [run_formula] Running formula oski15a01b61s with K=68 up to limit 1600
[2025-12-12 08:21:54] [generate_cnf] Generating formula oski15a01b61s with K=69
[2025-12-12 08:23:22] [run_formula] Running formula oski15a01b61s with K=69 up to limit 1600
[2025-12-12 08:23:46] [generate_cnf] Generating formula oski15a01b61s with K=70
[2025-12-12 08:25:13] [run_formula] Running formula oski15a01b61s with K=70 up to limit 1600
[2025-12-12 08:25:40] [generate_cnf] Generating formula oski15a01b61s with K=71
[2025-12-12 08:27:05] [run_formula] Running formula oski15a01b61s with K=71 up to limit 1600
[2025-12-12 08:27:28] [generate_cnf] Generating formula oski15a01b61s with K=72
[2025-12-12 08:28:20] [generate_and_run_up_to_limit] Failed to generate CNF for oski15a01b61s with K=72, halting
