CNF written.
CNF written.
CNF written.
CNF written.
CNF written.
CNF written.
CNF written.
CNF written.
CNF written.
CNF written.
CNF written.
CNF written.
CNF written.
CNF written.
CNF written.
CNF written.
[2025-12-12 07:26:52] [generate_and_run_up_to_limit] Generating and running oski15a01b30s with K<=500 up to limit 1600
[2025-12-12 07:26:52] [generate_cnf] Generating formula oski15a01b30s with K=1
[2025-12-12 07:26:56] [run_formula] Running formula oski15a01b30s with K=1 up to limit 1600
[2025-12-12 07:26:56] [generate_cnf] Generating formula oski15a01b30s with K=2
[2025-12-12 07:27:01] [run_formula] Running formula oski15a01b30s with K=2 up to limit 1600
[2025-12-12 07:27:01] [generate_cnf] Generating formula oski15a01b30s with K=3
[2025-12-12 07:27:07] [run_formula] Running formula oski15a01b30s with K=3 up to limit 1600
[2025-12-12 07:27:08] [generate_cnf] Generating formula oski15a01b30s with K=4
[2025-12-12 07:27:16] [run_formula] Running formula oski15a01b30s with K=4 up to limit 1600
[2025-12-12 07:27:17] [generate_cnf] Generating formula oski15a01b30s with K=5
[2025-12-12 07:27:25] [run_formula] Running formula oski15a01b30s with K=5 up to limit 1600
[2025-12-12 07:27:27] [generate_cnf] Generating formula oski15a01b30s with K=6
[2025-12-12 07:27:36] [run_formula] Running formula oski15a01b30s with K=6 up to limit 1600
[2025-12-12 07:27:38] [generate_cnf] Generating formula oski15a01b30s with K=7
[2025-12-12 07:27:49] [run_formula] Running formula oski15a01b30s with K=7 up to limit 1600
[2025-12-12 07:27:54] [generate_cnf] Generating formula oski15a01b30s with K=8
[2025-12-12 07:28:06] [run_formula] Running formula oski15a01b30s with K=8 up to limit 1600
[2025-12-12 07:28:09] [generate_cnf] Generating formula oski15a01b30s with K=9
[2025-12-12 07:28:22] [run_formula] Running formula oski15a01b30s with K=9 up to limit 1600
[2025-12-12 07:28:30] [generate_cnf] Generating formula oski15a01b30s with K=10
[2025-12-12 07:28:45] [run_formula] Running formula oski15a01b30s with K=10 up to limit 1600
[2025-12-12 07:33:41] [generate_cnf] Generating formula oski15a01b30s with K=11
[2025-12-12 07:33:56] [run_formula] Running formula oski15a01b30s with K=11 up to limit 1600
[2025-12-12 07:39:52] [generate_cnf] Generating formula oski15a01b30s with K=12
[2025-12-12 07:40:09] [run_formula] Running formula oski15a01b30s with K=12 up to limit 1600
[2025-12-12 07:45:33] [generate_cnf] Generating formula oski15a01b30s with K=13
[2025-12-12 07:45:51] [run_formula] Running formula oski15a01b30s with K=13 up to limit 1600
[2025-12-12 07:53:00] [generate_cnf] Generating formula oski15a01b30s with K=14
[2025-12-12 07:53:19] [run_formula] Running formula oski15a01b30s with K=14 up to limit 1600
[2025-12-12 08:04:21] [generate_cnf] Generating formula oski15a01b30s with K=15
[2025-12-12 08:04:42] [run_formula] Running formula oski15a01b30s with K=15 up to limit 1600
[2025-12-12 08:26:06] [generate_cnf] Generating formula oski15a01b30s with K=16
[2025-12-12 08:26:28] [run_formula] Running formula oski15a01b30s with K=16 up to limit 1600
[2025-12-12 08:50:33] [run_formula] Error running formula oski15a01b30s with K=16: [Errno 122] Disk quota exceeded: './results/solving_logs/oski15a01b30s//oski15a01b30s.16.log'
[2025-12-12 08:50:33] [generate_and_run_up_to_limit] Failed to run formula oski15a01b30s with K=16, halting
