CNF written.
CNF written.
CNF written.
CNF written.
CNF written.
CNF written.
CNF written.
CNF written.
CNF written.
CNF written.
CNF written.
CNF written.
CNF written.
CNF written.
CNF written.
CNF written.
CNF written.
CNF written.
CNF written.
CNF written.
CNF written.
CNF written.
CNF written.
CNF written.
CNF written.
CNF written.
CNF written.
CNF written.
CNF written.
CNF written.
CNF written.
CNF written.
CNF written.
CNF written.
CNF written.
CNF written.
CNF written.
CNF written.
CNF written.
CNF written.
CNF written.
CNF written.
CNF written.
CNF written.
CNF written.
CNF written.
CNF written.
CNF written.
CNF written.
CNF written.
CNF written.
CNF written.
CNF written.
CNF written.
CNF written.
CNF written.
CNF written.
CNF written.
CNF written.
CNF written.
CNF written.
CNF written.
CNF written.
CNF written.
CNF written.
CNF written.
CNF written.
CNF written.
CNF written.
CNF written.
CNF written.
CNF written.
CNF written.
CNF written.
CNF written.
CNF written.
CNF written.
CNF written.
CNF written.
CNF written.
CNF written.
CNF written.
CNF written.
CNF written.
CNF written.
CNF written.
CNF written.
CNF written.
CNF written.
CNF written.
CNF written.
CNF written.
CNF written.
CNF written.
CNF written.
CNF written.
CNF written.
CNF written.
CNF written.
CNF written.
CNF written.
CNF written.
CNF written.
CNF written.
CNF written.
CNF written.
CNF written.
CNF written.
CNF written.
CNF written.
CNF written.
CNF written.
CNF written.
CNF written.
CNF written.
CNF written.
CNF written.
CNF written.
CNF written.
CNF written.
CNF written.
CNF written.
CNF written.
CNF written.
CNF written.
CNF written.
CNF written.
CNF written.
CNF written.
CNF written.
CNF written.
CNF written.
CNF written.
CNF written.
CNF written.
CNF written.
CNF written.
CNF written.
CNF written.
CNF written.
CNF written.
CNF written.
CNF written.
CNF written.
CNF written.
CNF written.
CNF written.
CNF written.
CNF written.
CNF written.
CNF written.
CNF written.
CNF written.
CNF written.
CNF written.
CNF written.
CNF written.
CNF written.
CNF written.
[2025-12-12 07:30:11] [generate_and_run_up_to_limit] Generating and running oski15a14b03s with K<=500 up to limit 1600
[2025-12-12 07:30:11] [generate_cnf] Generating formula oski15a14b03s with K=1
[2025-12-12 07:30:11] [run_formula] Running formula oski15a14b03s with K=1 up to limit 1600
[2025-12-12 07:30:11] [generate_cnf] Generating formula oski15a14b03s with K=2
[2025-12-12 07:30:12] [run_formula] Running formula oski15a14b03s with K=2 up to limit 1600
[2025-12-12 07:30:12] [generate_cnf] Generating formula oski15a14b03s with K=3
[2025-12-12 07:30:12] [run_formula] Running formula oski15a14b03s with K=3 up to limit 1600
[2025-12-12 07:30:13] [generate_cnf] Generating formula oski15a14b03s with K=4
[2025-12-12 07:30:14] [run_formula] Running formula oski15a14b03s with K=4 up to limit 1600
[2025-12-12 07:30:15] [generate_cnf] Generating formula oski15a14b03s with K=5
[2025-12-12 07:30:16] [run_formula] Running formula oski15a14b03s with K=5 up to limit 1600
[2025-12-12 07:30:18] [generate_cnf] Generating formula oski15a14b03s with K=6
[2025-12-12 07:30:19] [run_formula] Running formula oski15a14b03s with K=6 up to limit 1600
[2025-12-12 07:30:22] [generate_cnf] Generating formula oski15a14b03s with K=7
[2025-12-12 07:30:23] [run_formula] Running formula oski15a14b03s with K=7 up to limit 1600
[2025-12-12 07:30:26] [generate_cnf] Generating formula oski15a14b03s with K=8
[2025-12-12 07:30:28] [run_formula] Running formula oski15a14b03s with K=8 up to limit 1600
[2025-12-12 07:30:31] [generate_cnf] Generating formula oski15a14b03s with K=9
[2025-12-12 07:30:32] [run_formula] Running formula oski15a14b03s with K=9 up to limit 1600
[2025-12-12 07:30:38] [generate_cnf] Generating formula oski15a14b03s with K=10
[2025-12-12 07:30:39] [run_formula] Running formula oski15a14b03s with K=10 up to limit 1600
[2025-12-12 07:30:44] [generate_cnf] Generating formula oski15a14b03s with K=11
[2025-12-12 07:30:46] [run_formula] Running formula oski15a14b03s with K=11 up to limit 1600
[2025-12-12 07:30:53] [generate_cnf] Generating formula oski15a14b03s with K=12
[2025-12-12 07:30:55] [run_formula] Running formula oski15a14b03s with K=12 up to limit 1600
[2025-12-12 07:31:03] [generate_cnf] Generating formula oski15a14b03s with K=13
[2025-12-12 07:31:06] [run_formula] Running formula oski15a14b03s with K=13 up to limit 1600
[2025-12-12 07:31:08] [generate_cnf] Generating formula oski15a14b03s with K=14
[2025-12-12 07:31:10] [run_formula] Running formula oski15a14b03s with K=14 up to limit 1600
[2025-12-12 07:31:13] [generate_cnf] Generating formula oski15a14b03s with K=15
[2025-12-12 07:31:16] [run_formula] Running formula oski15a14b03s with K=15 up to limit 1600
[2025-12-12 07:31:18] [generate_cnf] Generating formula oski15a14b03s with K=16
[2025-12-12 07:31:21] [run_formula] Running formula oski15a14b03s with K=16 up to limit 1600
[2025-12-12 07:31:23] [generate_cnf] Generating formula oski15a14b03s with K=17
[2025-12-12 07:31:26] [run_formula] Running formula oski15a14b03s with K=17 up to limit 1600
[2025-12-12 07:31:28] [generate_cnf] Generating formula oski15a14b03s with K=18
[2025-12-12 07:31:31] [run_formula] Running formula oski15a14b03s with K=18 up to limit 1600
[2025-12-12 07:31:34] [generate_cnf] Generating formula oski15a14b03s with K=19
[2025-12-12 07:31:37] [run_formula] Running formula oski15a14b03s with K=19 up to limit 1600
[2025-12-12 07:31:40] [generate_cnf] Generating formula oski15a14b03s with K=20
[2025-12-12 07:31:44] [run_formula] Running formula oski15a14b03s with K=20 up to limit 1600
[2025-12-12 07:31:47] [generate_cnf] Generating formula oski15a14b03s with K=21
[2025-12-12 07:31:50] [run_formula] Running formula oski15a14b03s with K=21 up to limit 1600
[2025-12-12 07:31:53] [generate_cnf] Generating formula oski15a14b03s with K=22
[2025-12-12 07:31:56] [run_formula] Running formula oski15a14b03s with K=22 up to limit 1600
[2025-12-12 07:31:59] [generate_cnf] Generating formula oski15a14b03s with K=23
[2025-12-12 07:32:03] [run_formula] Running formula oski15a14b03s with K=23 up to limit 1600
[2025-12-12 07:32:07] [generate_cnf] Generating formula oski15a14b03s with K=24
[2025-12-12 07:32:11] [run_formula] Running formula oski15a14b03s with K=24 up to limit 1600
[2025-12-12 07:32:14] [generate_cnf] Generating formula oski15a14b03s with K=25
[2025-12-12 07:32:18] [run_formula] Running formula oski15a14b03s with K=25 up to limit 1600
[2025-12-12 07:32:21] [generate_cnf] Generating formula oski15a14b03s with K=26
[2025-12-12 07:32:25] [run_formula] Running formula oski15a14b03s with K=26 up to limit 1600
[2025-12-12 07:32:29] [generate_cnf] Generating formula oski15a14b03s with K=27
[2025-12-12 07:32:33] [run_formula] Running formula oski15a14b03s with K=27 up to limit 1600
[2025-12-12 07:32:37] [generate_cnf] Generating formula oski15a14b03s with K=28
[2025-12-12 07:32:42] [run_formula] Running formula oski15a14b03s with K=28 up to limit 1600
[2025-12-12 07:32:45] [generate_cnf] Generating formula oski15a14b03s with K=29
[2025-12-12 07:32:50] [run_formula] Running formula oski15a14b03s with K=29 up to limit 1600
[2025-12-12 07:32:54] [generate_cnf] Generating formula oski15a14b03s with K=30
[2025-12-12 07:32:59] [run_formula] Running formula oski15a14b03s with K=30 up to limit 1600
[2025-12-12 07:33:02] [generate_cnf] Generating formula oski15a14b03s with K=31
[2025-12-12 07:33:07] [run_formula] Running formula oski15a14b03s with K=31 up to limit 1600
[2025-12-12 07:33:11] [generate_cnf] Generating formula oski15a14b03s with K=32
[2025-12-12 07:33:16] [run_formula] Running formula oski15a14b03s with K=32 up to limit 1600
[2025-12-12 07:33:21] [generate_cnf] Generating formula oski15a14b03s with K=33
[2025-12-12 07:33:26] [run_formula] Running formula oski15a14b03s with K=33 up to limit 1600
[2025-12-12 07:33:30] [generate_cnf] Generating formula oski15a14b03s with K=34
[2025-12-12 07:33:36] [run_formula] Running formula oski15a14b03s with K=34 up to limit 1600
[2025-12-12 07:33:40] [generate_cnf] Generating formula oski15a14b03s with K=35
[2025-12-12 07:33:46] [run_formula] Running formula oski15a14b03s with K=35 up to limit 1600
[2025-12-12 07:33:51] [generate_cnf] Generating formula oski15a14b03s with K=36
[2025-12-12 07:33:57] [run_formula] Running formula oski15a14b03s with K=36 up to limit 1600
[2025-12-12 07:34:01] [generate_cnf] Generating formula oski15a14b03s with K=37
[2025-12-12 07:34:07] [run_formula] Running formula oski15a14b03s with K=37 up to limit 1600
[2025-12-12 07:34:12] [generate_cnf] Generating formula oski15a14b03s with K=38
[2025-12-12 07:34:18] [run_formula] Running formula oski15a14b03s with K=38 up to limit 1600
[2025-12-12 07:34:23] [generate_cnf] Generating formula oski15a14b03s with K=39
[2025-12-12 07:34:29] [run_formula] Running formula oski15a14b03s with K=39 up to limit 1600
[2025-12-12 07:34:34] [generate_cnf] Generating formula oski15a14b03s with K=40
[2025-12-12 07:34:41] [run_formula] Running formula oski15a14b03s with K=40 up to limit 1600
[2025-12-12 07:34:46] [generate_cnf] Generating formula oski15a14b03s with K=41
[2025-12-12 07:34:52] [run_formula] Running formula oski15a14b03s with K=41 up to limit 1600
[2025-12-12 07:34:57] [generate_cnf] Generating formula oski15a14b03s with K=42
[2025-12-12 07:35:04] [run_formula] Running formula oski15a14b03s with K=42 up to limit 1600
[2025-12-12 07:35:09] [generate_cnf] Generating formula oski15a14b03s with K=43
[2025-12-12 07:35:16] [run_formula] Running formula oski15a14b03s with K=43 up to limit 1600
[2025-12-12 07:35:21] [generate_cnf] Generating formula oski15a14b03s with K=44
[2025-12-12 07:35:28] [run_formula] Running formula oski15a14b03s with K=44 up to limit 1600
[2025-12-12 07:35:34] [generate_cnf] Generating formula oski15a14b03s with K=45
[2025-12-12 07:35:41] [run_formula] Running formula oski15a14b03s with K=45 up to limit 1600
[2025-12-12 07:35:46] [generate_cnf] Generating formula oski15a14b03s with K=46
[2025-12-12 07:35:54] [run_formula] Running formula oski15a14b03s with K=46 up to limit 1600
[2025-12-12 07:35:59] [generate_cnf] Generating formula oski15a14b03s with K=47
[2025-12-12 07:36:07] [run_formula] Running formula oski15a14b03s with K=47 up to limit 1600
[2025-12-12 07:36:12] [generate_cnf] Generating formula oski15a14b03s with K=48
[2025-12-12 07:36:20] [run_formula] Running formula oski15a14b03s with K=48 up to limit 1600
[2025-12-12 07:36:26] [generate_cnf] Generating formula oski15a14b03s with K=49
[2025-12-12 07:36:34] [run_formula] Running formula oski15a14b03s with K=49 up to limit 1600
[2025-12-12 07:36:39] [generate_cnf] Generating formula oski15a14b03s with K=50
[2025-12-12 07:36:48] [run_formula] Running formula oski15a14b03s with K=50 up to limit 1600
[2025-12-12 07:36:54] [generate_cnf] Generating formula oski15a14b03s with K=51
[2025-12-12 07:37:02] [run_formula] Running formula oski15a14b03s with K=51 up to limit 1600
[2025-12-12 07:37:08] [generate_cnf] Generating formula oski15a14b03s with K=52
[2025-12-12 07:37:17] [run_formula] Running formula oski15a14b03s with K=52 up to limit 1600
[2025-12-12 07:37:23] [generate_cnf] Generating formula oski15a14b03s with K=53
[2025-12-12 07:37:31] [run_formula] Running formula oski15a14b03s with K=53 up to limit 1600
[2025-12-12 07:37:37] [generate_cnf] Generating formula oski15a14b03s with K=54
[2025-12-12 07:37:46] [run_formula] Running formula oski15a14b03s with K=54 up to limit 1600
[2025-12-12 07:37:52] [generate_cnf] Generating formula oski15a14b03s with K=55
[2025-12-12 07:38:01] [run_formula] Running formula oski15a14b03s with K=55 up to limit 1600
[2025-12-12 07:38:07] [generate_cnf] Generating formula oski15a14b03s with K=56
[2025-12-12 07:38:16] [run_formula] Running formula oski15a14b03s with K=56 up to limit 1600
[2025-12-12 07:38:23] [generate_cnf] Generating formula oski15a14b03s with K=57
[2025-12-12 07:38:33] [run_formula] Running formula oski15a14b03s with K=57 up to limit 1600
[2025-12-12 07:38:39] [generate_cnf] Generating formula oski15a14b03s with K=58
[2025-12-12 07:38:49] [run_formula] Running formula oski15a14b03s with K=58 up to limit 1600
[2025-12-12 07:38:56] [generate_cnf] Generating formula oski15a14b03s with K=59
[2025-12-12 07:39:05] [run_formula] Running formula oski15a14b03s with K=59 up to limit 1600
[2025-12-12 07:39:11] [generate_cnf] Generating formula oski15a14b03s with K=60
[2025-12-12 07:39:21] [run_formula] Running formula oski15a14b03s with K=60 up to limit 1600
[2025-12-12 07:39:27] [generate_cnf] Generating formula oski15a14b03s with K=61
[2025-12-12 07:39:37] [run_formula] Running formula oski15a14b03s with K=61 up to limit 1600
[2025-12-12 07:39:44] [generate_cnf] Generating formula oski15a14b03s with K=62
[2025-12-12 07:39:54] [run_formula] Running formula oski15a14b03s with K=62 up to limit 1600
[2025-12-12 07:40:00] [generate_cnf] Generating formula oski15a14b03s with K=63
[2025-12-12 07:40:10] [run_formula] Running formula oski15a14b03s with K=63 up to limit 1600
[2025-12-12 07:40:17] [generate_cnf] Generating formula oski15a14b03s with K=64
[2025-12-12 07:40:27] [run_formula] Running formula oski15a14b03s with K=64 up to limit 1600
[2025-12-12 07:40:34] [generate_cnf] Generating formula oski15a14b03s with K=65
[2025-12-12 07:40:44] [run_formula] Running formula oski15a14b03s with K=65 up to limit 1600
[2025-12-12 07:40:51] [generate_cnf] Generating formula oski15a14b03s with K=66
[2025-12-12 07:41:02] [run_formula] Running formula oski15a14b03s with K=66 up to limit 1600
[2025-12-12 07:41:09] [generate_cnf] Generating formula oski15a14b03s with K=67
[2025-12-12 07:41:20] [run_formula] Running formula oski15a14b03s with K=67 up to limit 1600
[2025-12-12 07:41:28] [generate_cnf] Generating formula oski15a14b03s with K=68
[2025-12-12 07:41:39] [run_formula] Running formula oski15a14b03s with K=68 up to limit 1600
[2025-12-12 07:41:46] [generate_cnf] Generating formula oski15a14b03s with K=69
[2025-12-12 07:41:58] [run_formula] Running formula oski15a14b03s with K=69 up to limit 1600
[2025-12-12 07:42:05] [generate_cnf] Generating formula oski15a14b03s with K=70
[2025-12-12 07:42:18] [run_formula] Running formula oski15a14b03s with K=70 up to limit 1600
[2025-12-12 07:42:25] [generate_cnf] Generating formula oski15a14b03s with K=71
[2025-12-12 07:42:36] [run_formula] Running formula oski15a14b03s with K=71 up to limit 1600
[2025-12-12 07:42:44] [generate_cnf] Generating formula oski15a14b03s with K=72
[2025-12-12 07:42:55] [run_formula] Running formula oski15a14b03s with K=72 up to limit 1600
[2025-12-12 07:43:04] [generate_cnf] Generating formula oski15a14b03s with K=73
[2025-12-12 07:43:16] [run_formula] Running formula oski15a14b03s with K=73 up to limit 1600
[2025-12-12 07:43:24] [generate_cnf] Generating formula oski15a14b03s with K=74
[2025-12-12 07:43:36] [run_formula] Running formula oski15a14b03s with K=74 up to limit 1600
[2025-12-12 07:43:44] [generate_cnf] Generating formula oski15a14b03s with K=75
[2025-12-12 07:43:56] [run_formula] Running formula oski15a14b03s with K=75 up to limit 1600
[2025-12-12 07:44:04] [generate_cnf] Generating formula oski15a14b03s with K=76
[2025-12-12 07:44:15] [run_formula] Running formula oski15a14b03s with K=76 up to limit 1600
[2025-12-12 07:44:22] [generate_cnf] Generating formula oski15a14b03s with K=77
[2025-12-12 07:44:35] [run_formula] Running formula oski15a14b03s with K=77 up to limit 1600
[2025-12-12 07:44:44] [generate_cnf] Generating formula oski15a14b03s with K=78
[2025-12-12 07:44:56] [run_formula] Running formula oski15a14b03s with K=78 up to limit 1600
[2025-12-12 07:45:06] [generate_cnf] Generating formula oski15a14b03s with K=79
[2025-12-12 07:45:18] [run_formula] Running formula oski15a14b03s with K=79 up to limit 1600
[2025-12-12 07:45:27] [generate_cnf] Generating formula oski15a14b03s with K=80
[2025-12-12 07:45:40] [run_formula] Running formula oski15a14b03s with K=80 up to limit 1600
[2025-12-12 07:45:49] [generate_cnf] Generating formula oski15a14b03s with K=81
[2025-12-12 07:46:02] [run_formula] Running formula oski15a14b03s with K=81 up to limit 1600
[2025-12-12 07:46:11] [generate_cnf] Generating formula oski15a14b03s with K=82
[2025-12-12 07:46:24] [run_formula] Running formula oski15a14b03s with K=82 up to limit 1600
[2025-12-12 07:46:33] [generate_cnf] Generating formula oski15a14b03s with K=83
[2025-12-12 07:46:46] [run_formula] Running formula oski15a14b03s with K=83 up to limit 1600
[2025-12-12 07:46:55] [generate_cnf] Generating formula oski15a14b03s with K=84
[2025-12-12 07:47:08] [run_formula] Running formula oski15a14b03s with K=84 up to limit 1600
[2025-12-12 07:47:17] [generate_cnf] Generating formula oski15a14b03s with K=85
[2025-12-12 07:47:30] [run_formula] Running formula oski15a14b03s with K=85 up to limit 1600
[2025-12-12 07:47:40] [generate_cnf] Generating formula oski15a14b03s with K=86
[2025-12-12 07:47:54] [run_formula] Running formula oski15a14b03s with K=86 up to limit 1600
[2025-12-12 07:48:04] [generate_cnf] Generating formula oski15a14b03s with K=87
[2025-12-12 07:48:18] [run_formula] Running formula oski15a14b03s with K=87 up to limit 1600
[2025-12-12 07:48:28] [generate_cnf] Generating formula oski15a14b03s with K=88
[2025-12-12 07:48:42] [run_formula] Running formula oski15a14b03s with K=88 up to limit 1600
[2025-12-12 07:48:51] [generate_cnf] Generating formula oski15a14b03s with K=89
[2025-12-12 07:49:06] [run_formula] Running formula oski15a14b03s with K=89 up to limit 1600
[2025-12-12 07:49:15] [generate_cnf] Generating formula oski15a14b03s with K=90
[2025-12-12 07:49:31] [run_formula] Running formula oski15a14b03s with K=90 up to limit 1600
[2025-12-12 07:49:40] [generate_cnf] Generating formula oski15a14b03s with K=91
[2025-12-12 07:49:55] [run_formula] Running formula oski15a14b03s with K=91 up to limit 1600
[2025-12-12 07:50:05] [generate_cnf] Generating formula oski15a14b03s with K=92
[2025-12-12 07:50:20] [run_formula] Running formula oski15a14b03s with K=92 up to limit 1600
[2025-12-12 07:50:29] [generate_cnf] Generating formula oski15a14b03s with K=93
[2025-12-12 07:50:45] [run_formula] Running formula oski15a14b03s with K=93 up to limit 1600
[2025-12-12 07:50:55] [generate_cnf] Generating formula oski15a14b03s with K=94
[2025-12-12 07:51:11] [run_formula] Running formula oski15a14b03s with K=94 up to limit 1600
[2025-12-12 07:51:21] [generate_cnf] Generating formula oski15a14b03s with K=95
[2025-12-12 07:51:37] [run_formula] Running formula oski15a14b03s with K=95 up to limit 1600
[2025-12-12 07:51:46] [generate_cnf] Generating formula oski15a14b03s with K=96
[2025-12-12 07:52:01] [run_formula] Running formula oski15a14b03s with K=96 up to limit 1600
[2025-12-12 07:52:10] [generate_cnf] Generating formula oski15a14b03s with K=97
[2025-12-12 07:52:25] [run_formula] Running formula oski15a14b03s with K=97 up to limit 1600
[2025-12-12 07:52:35] [generate_cnf] Generating formula oski15a14b03s with K=98
[2025-12-12 07:52:51] [run_formula] Running formula oski15a14b03s with K=98 up to limit 1600
[2025-12-12 07:53:01] [generate_cnf] Generating formula oski15a14b03s with K=99
[2025-12-12 07:53:17] [run_formula] Running formula oski15a14b03s with K=99 up to limit 1600
[2025-12-12 07:53:27] [generate_cnf] Generating formula oski15a14b03s with K=100
[2025-12-12 07:53:43] [run_formula] Running formula oski15a14b03s with K=100 up to limit 1600
[2025-12-12 07:53:54] [generate_cnf] Generating formula oski15a14b03s with K=101
[2025-12-12 07:54:10] [run_formula] Running formula oski15a14b03s with K=101 up to limit 1600
[2025-12-12 07:54:20] [generate_cnf] Generating formula oski15a14b03s with K=102
[2025-12-12 07:54:36] [run_formula] Running formula oski15a14b03s with K=102 up to limit 1600
[2025-12-12 07:54:47] [generate_cnf] Generating formula oski15a14b03s with K=103
[2025-12-12 07:55:03] [run_formula] Running formula oski15a14b03s with K=103 up to limit 1600
[2025-12-12 07:55:13] [generate_cnf] Generating formula oski15a14b03s with K=104
[2025-12-12 07:55:30] [run_formula] Running formula oski15a14b03s with K=104 up to limit 1600
[2025-12-12 07:55:41] [generate_cnf] Generating formula oski15a14b03s with K=105
[2025-12-12 07:55:58] [run_formula] Running formula oski15a14b03s with K=105 up to limit 1600
[2025-12-12 07:56:09] [generate_cnf] Generating formula oski15a14b03s with K=106
[2025-12-12 07:56:27] [run_formula] Running formula oski15a14b03s with K=106 up to limit 1600
[2025-12-12 07:56:38] [generate_cnf] Generating formula oski15a14b03s with K=107
[2025-12-12 07:56:55] [run_formula] Running formula oski15a14b03s with K=107 up to limit 1600
[2025-12-12 07:57:06] [generate_cnf] Generating formula oski15a14b03s with K=108
[2025-12-12 07:57:24] [run_formula] Running formula oski15a14b03s with K=108 up to limit 1600
[2025-12-12 07:57:36] [generate_cnf] Generating formula oski15a14b03s with K=109
[2025-12-12 07:57:54] [run_formula] Running formula oski15a14b03s with K=109 up to limit 1600
[2025-12-12 07:58:07] [generate_cnf] Generating formula oski15a14b03s with K=110
[2025-12-12 07:58:25] [run_formula] Running formula oski15a14b03s with K=110 up to limit 1600
[2025-12-12 07:58:37] [generate_cnf] Generating formula oski15a14b03s with K=111
[2025-12-12 07:58:55] [run_formula] Running formula oski15a14b03s with K=111 up to limit 1600
[2025-12-12 07:59:07] [generate_cnf] Generating formula oski15a14b03s with K=112
[2025-12-12 07:59:25] [run_formula] Running formula oski15a14b03s with K=112 up to limit 1600
[2025-12-12 07:59:37] [generate_cnf] Generating formula oski15a14b03s with K=113
[2025-12-12 07:59:55] [run_formula] Running formula oski15a14b03s with K=113 up to limit 1600
[2025-12-12 08:00:06] [generate_cnf] Generating formula oski15a14b03s with K=114
[2025-12-12 08:00:25] [run_formula] Running formula oski15a14b03s with K=114 up to limit 1600
[2025-12-12 08:00:38] [generate_cnf] Generating formula oski15a14b03s with K=115
[2025-12-12 08:00:56] [run_formula] Running formula oski15a14b03s with K=115 up to limit 1600
[2025-12-12 08:01:09] [generate_cnf] Generating formula oski15a14b03s with K=116
[2025-12-12 08:01:28] [run_formula] Running formula oski15a14b03s with K=116 up to limit 1600
[2025-12-12 08:01:39] [generate_cnf] Generating formula oski15a14b03s with K=117
[2025-12-12 08:01:57] [run_formula] Running formula oski15a14b03s with K=117 up to limit 1600
[2025-12-12 08:02:09] [generate_cnf] Generating formula oski15a14b03s with K=118
[2025-12-12 08:02:29] [run_formula] Running formula oski15a14b03s with K=118 up to limit 1600
[2025-12-12 08:02:42] [generate_cnf] Generating formula oski15a14b03s with K=119
[2025-12-12 08:03:01] [run_formula] Running formula oski15a14b03s with K=119 up to limit 1600
[2025-12-12 08:03:14] [generate_cnf] Generating formula oski15a14b03s with K=120
[2025-12-12 08:03:34] [run_formula] Running formula oski15a14b03s with K=120 up to limit 1600
[2025-12-12 08:03:46] [generate_cnf] Generating formula oski15a14b03s with K=121
[2025-12-12 08:04:06] [run_formula] Running formula oski15a14b03s with K=121 up to limit 1600
[2025-12-12 08:04:18] [generate_cnf] Generating formula oski15a14b03s with K=122
[2025-12-12 08:04:39] [run_formula] Running formula oski15a14b03s with K=122 up to limit 1600
[2025-12-12 08:04:52] [generate_cnf] Generating formula oski15a14b03s with K=123
[2025-12-12 08:05:13] [run_formula] Running formula oski15a14b03s with K=123 up to limit 1600
[2025-12-12 08:05:26] [generate_cnf] Generating formula oski15a14b03s with K=124
[2025-12-12 08:05:49] [run_formula] Running formula oski15a14b03s with K=124 up to limit 1600
[2025-12-12 08:06:02] [generate_cnf] Generating formula oski15a14b03s with K=125
[2025-12-12 08:06:22] [run_formula] Running formula oski15a14b03s with K=125 up to limit 1600
[2025-12-12 08:06:34] [generate_cnf] Generating formula oski15a14b03s with K=126
[2025-12-12 08:06:55] [run_formula] Running formula oski15a14b03s with K=126 up to limit 1600
[2025-12-12 08:07:10] [generate_cnf] Generating formula oski15a14b03s with K=127
[2025-12-12 08:07:31] [run_formula] Running formula oski15a14b03s with K=127 up to limit 1600
[2025-12-12 08:07:44] [generate_cnf] Generating formula oski15a14b03s with K=128
[2025-12-12 08:08:04] [run_formula] Running formula oski15a14b03s with K=128 up to limit 1600
[2025-12-12 08:08:17] [generate_cnf] Generating formula oski15a14b03s with K=129
[2025-12-12 08:08:38] [run_formula] Running formula oski15a14b03s with K=129 up to limit 1600
[2025-12-12 08:08:53] [generate_cnf] Generating formula oski15a14b03s with K=130
[2025-12-12 08:09:14] [run_formula] Running formula oski15a14b03s with K=130 up to limit 1600
[2025-12-12 08:09:28] [generate_cnf] Generating formula oski15a14b03s with K=131
[2025-12-12 08:09:49] [run_formula] Running formula oski15a14b03s with K=131 up to limit 1600
[2025-12-12 08:10:03] [generate_cnf] Generating formula oski15a14b03s with K=132
[2025-12-12 08:10:24] [run_formula] Running formula oski15a14b03s with K=132 up to limit 1600
[2025-12-12 08:10:38] [generate_cnf] Generating formula oski15a14b03s with K=133
[2025-12-12 08:11:00] [run_formula] Running formula oski15a14b03s with K=133 up to limit 1600
[2025-12-12 08:11:13] [generate_cnf] Generating formula oski15a14b03s with K=134
[2025-12-12 08:11:35] [run_formula] Running formula oski15a14b03s with K=134 up to limit 1600
[2025-12-12 08:11:50] [generate_cnf] Generating formula oski15a14b03s with K=135
[2025-12-12 08:12:12] [run_formula] Running formula oski15a14b03s with K=135 up to limit 1600
[2025-12-12 08:12:26] [generate_cnf] Generating formula oski15a14b03s with K=136
[2025-12-12 08:12:48] [run_formula] Running formula oski15a14b03s with K=136 up to limit 1600
[2025-12-12 08:13:03] [generate_cnf] Generating formula oski15a14b03s with K=137
[2025-12-12 08:13:26] [run_formula] Running formula oski15a14b03s with K=137 up to limit 1600
[2025-12-12 08:13:41] [generate_cnf] Generating formula oski15a14b03s with K=138
[2025-12-12 08:14:03] [run_formula] Running formula oski15a14b03s with K=138 up to limit 1600
[2025-12-12 08:14:17] [generate_cnf] Generating formula oski15a14b03s with K=139
[2025-12-12 08:14:40] [run_formula] Running formula oski15a14b03s with K=139 up to limit 1600
[2025-12-12 08:14:55] [generate_cnf] Generating formula oski15a14b03s with K=140
[2025-12-12 08:15:18] [run_formula] Running formula oski15a14b03s with K=140 up to limit 1600
[2025-12-12 08:15:32] [generate_cnf] Generating formula oski15a14b03s with K=141
[2025-12-12 08:15:54] [run_formula] Running formula oski15a14b03s with K=141 up to limit 1600
[2025-12-12 08:16:10] [generate_cnf] Generating formula oski15a14b03s with K=142
[2025-12-12 08:16:33] [run_formula] Running formula oski15a14b03s with K=142 up to limit 1600
[2025-12-12 08:16:47] [generate_cnf] Generating formula oski15a14b03s with K=143
[2025-12-12 08:17:11] [run_formula] Running formula oski15a14b03s with K=143 up to limit 1600
[2025-12-12 08:17:26] [generate_cnf] Generating formula oski15a14b03s with K=144
[2025-12-12 08:17:49] [run_formula] Running formula oski15a14b03s with K=144 up to limit 1600
[2025-12-12 08:18:03] [generate_cnf] Generating formula oski15a14b03s with K=145
[2025-12-12 08:18:27] [run_formula] Running formula oski15a14b03s with K=145 up to limit 1600
[2025-12-12 08:18:43] [generate_cnf] Generating formula oski15a14b03s with K=146
[2025-12-12 08:19:07] [run_formula] Running formula oski15a14b03s with K=146 up to limit 1600
[2025-12-12 08:19:22] [generate_cnf] Generating formula oski15a14b03s with K=147
[2025-12-12 08:19:47] [run_formula] Running formula oski15a14b03s with K=147 up to limit 1600
[2025-12-12 08:20:02] [generate_cnf] Generating formula oski15a14b03s with K=148
[2025-12-12 08:20:26] [run_formula] Running formula oski15a14b03s with K=148 up to limit 1600
[2025-12-12 08:20:41] [generate_cnf] Generating formula oski15a14b03s with K=149
[2025-12-12 08:21:06] [run_formula] Running formula oski15a14b03s with K=149 up to limit 1600
[2025-12-12 08:21:21] [generate_cnf] Generating formula oski15a14b03s with K=150
[2025-12-12 08:21:46] [run_formula] Running formula oski15a14b03s with K=150 up to limit 1600
[2025-12-12 08:22:02] [generate_cnf] Generating formula oski15a14b03s with K=151
[2025-12-12 08:22:27] [run_formula] Running formula oski15a14b03s with K=151 up to limit 1600
[2025-12-12 08:22:42] [generate_cnf] Generating formula oski15a14b03s with K=152
[2025-12-12 08:23:07] [run_formula] Running formula oski15a14b03s with K=152 up to limit 1600
[2025-12-12 08:23:24] [generate_cnf] Generating formula oski15a14b03s with K=153
[2025-12-12 08:23:48] [run_formula] Running formula oski15a14b03s with K=153 up to limit 1600
[2025-12-12 08:24:04] [generate_cnf] Generating formula oski15a14b03s with K=154
[2025-12-12 08:24:30] [run_formula] Running formula oski15a14b03s with K=154 up to limit 1600
[2025-12-12 08:24:46] [generate_cnf] Generating formula oski15a14b03s with K=155
[2025-12-12 08:25:11] [run_formula] Running formula oski15a14b03s with K=155 up to limit 1600
[2025-12-12 08:25:27] [generate_cnf] Generating formula oski15a14b03s with K=156
[2025-12-12 08:25:52] [run_formula] Running formula oski15a14b03s with K=156 up to limit 1600
[2025-12-12 08:26:08] [generate_cnf] Generating formula oski15a14b03s with K=157
[2025-12-12 08:26:34] [run_formula] Running formula oski15a14b03s with K=157 up to limit 1600
[2025-12-12 08:26:50] [generate_cnf] Generating formula oski15a14b03s with K=158
[2025-12-12 08:27:16] [run_formula] Running formula oski15a14b03s with K=158 up to limit 1600
[2025-12-12 08:27:34] [generate_cnf] Generating formula oski15a14b03s with K=159
[2025-12-12 08:27:59] [run_formula] Running formula oski15a14b03s with K=159 up to limit 1600
[2025-12-12 08:28:15] [run_formula] Error running formula oski15a14b03s with K=159: [Errno 122] Disk quota exceeded: './results/solving_logs/oski15a14b03s//oski15a14b03s.159.log'
[2025-12-12 08:28:15] [generate_and_run_up_to_limit] Failed to run formula oski15a14b03s with K=159, halting
