CNF written.
CNF written.
CNF written.
CNF written.
CNF written.
CNF written.
CNF written.
CNF written.
CNF written.
CNF written.
CNF written.
CNF written.
CNF written.
CNF written.
CNF written.
CNF written.
CNF written.
CNF written.
CNF written.
CNF written.
CNF written.
CNF written.
CNF written.
CNF written.
[2025-12-12 07:30:11] [generate_and_run_up_to_limit] Generating and running oski15a01b03s with K<=500 up to limit 1600
[2025-12-12 07:30:11] [generate_cnf] Generating formula oski15a01b03s with K=1
[2025-12-12 07:30:14] [run_formula] Running formula oski15a01b03s with K=1 up to limit 1600
[2025-12-12 07:30:15] [generate_cnf] Generating formula oski15a01b03s with K=2
[2025-12-12 07:30:19] [run_formula] Running formula oski15a01b03s with K=2 up to limit 1600
[2025-12-12 07:30:20] [generate_cnf] Generating formula oski15a01b03s with K=3
[2025-12-12 07:30:26] [run_formula] Running formula oski15a01b03s with K=3 up to limit 1600
[2025-12-12 07:30:27] [generate_cnf] Generating formula oski15a01b03s with K=4
[2025-12-12 07:30:34] [run_formula] Running formula oski15a01b03s with K=4 up to limit 1600
[2025-12-12 07:30:35] [generate_cnf] Generating formula oski15a01b03s with K=5
[2025-12-12 07:30:44] [run_formula] Running formula oski15a01b03s with K=5 up to limit 1600
[2025-12-12 07:30:45] [generate_cnf] Generating formula oski15a01b03s with K=6
[2025-12-12 07:30:55] [run_formula] Running formula oski15a01b03s with K=6 up to limit 1600
[2025-12-12 07:30:57] [generate_cnf] Generating formula oski15a01b03s with K=7
[2025-12-12 07:31:08] [run_formula] Running formula oski15a01b03s with K=7 up to limit 1600
[2025-12-12 07:31:10] [generate_cnf] Generating formula oski15a01b03s with K=8
[2025-12-12 07:31:22] [run_formula] Running formula oski15a01b03s with K=8 up to limit 1600
[2025-12-12 07:31:24] [generate_cnf] Generating formula oski15a01b03s with K=9
[2025-12-12 07:31:38] [run_formula] Running formula oski15a01b03s with K=9 up to limit 1600
[2025-12-12 07:31:41] [generate_cnf] Generating formula oski15a01b03s with K=10
[2025-12-12 07:31:55] [run_formula] Running formula oski15a01b03s with K=10 up to limit 1600
[2025-12-12 07:32:09] [generate_cnf] Generating formula oski15a01b03s with K=11
[2025-12-12 07:32:25] [run_formula] Running formula oski15a01b03s with K=11 up to limit 1600
[2025-12-12 07:32:37] [generate_cnf] Generating formula oski15a01b03s with K=12
[2025-12-12 07:32:54] [run_formula] Running formula oski15a01b03s with K=12 up to limit 1600
[2025-12-12 07:33:08] [generate_cnf] Generating formula oski15a01b03s with K=13
[2025-12-12 07:33:26] [run_formula] Running formula oski15a01b03s with K=13 up to limit 1600
[2025-12-12 07:33:40] [generate_cnf] Generating formula oski15a01b03s with K=14
[2025-12-12 07:34:00] [run_formula] Running formula oski15a01b03s with K=14 up to limit 1600
[2025-12-12 07:34:15] [generate_cnf] Generating formula oski15a01b03s with K=15
[2025-12-12 07:34:35] [run_formula] Running formula oski15a01b03s with K=15 up to limit 1600
[2025-12-12 07:34:50] [generate_cnf] Generating formula oski15a01b03s with K=16
[2025-12-12 07:35:12] [run_formula] Running formula oski15a01b03s with K=16 up to limit 1600
[2025-12-12 07:35:28] [generate_cnf] Generating formula oski15a01b03s with K=17
[2025-12-12 07:35:51] [run_formula] Running formula oski15a01b03s with K=17 up to limit 1600
[2025-12-12 07:36:06] [generate_cnf] Generating formula oski15a01b03s with K=18
[2025-12-12 07:36:31] [run_formula] Running formula oski15a01b03s with K=18 up to limit 1600
[2025-12-12 07:36:49] [generate_cnf] Generating formula oski15a01b03s with K=19
[2025-12-12 07:37:14] [run_formula] Running formula oski15a01b03s with K=19 up to limit 1600
[2025-12-12 07:37:33] [generate_cnf] Generating formula oski15a01b03s with K=20
[2025-12-12 07:38:00] [run_formula] Running formula oski15a01b03s with K=20 up to limit 1600
[2025-12-12 07:38:19] [generate_cnf] Generating formula oski15a01b03s with K=21
[2025-12-12 07:38:47] [run_formula] Running formula oski15a01b03s with K=21 up to limit 1600
[2025-12-12 07:39:10] [generate_cnf] Generating formula oski15a01b03s with K=22
[2025-12-12 07:39:40] [run_formula] Running formula oski15a01b03s with K=22 up to limit 1600
[2025-12-12 07:46:55] [generate_cnf] Generating formula oski15a01b03s with K=23
[2025-12-12 07:47:24] [run_formula] Running formula oski15a01b03s with K=23 up to limit 1600
[2025-12-12 07:47:48] [generate_cnf] Generating formula oski15a01b03s with K=24
[2025-12-12 07:48:20] [run_formula] Running formula oski15a01b03s with K=24 up to limit 1600
[2025-12-12 08:15:00] [run_formula] Formula oski15a01b03s with K=24 timed out after 1600 seconds
[2025-12-12 08:15:00] [generate_and_run_up_to_limit] Failed to run formula oski15a01b03s with K=24, halting
