CNF written.
CNF written.
CNF written.
CNF written.
CNF written.
CNF written.
CNF written.
CNF written.
CNF written.
CNF written.
CNF written.
CNF written.
CNF written.
CNF written.
CNF written.
CNF written.
CNF written.
CNF written.
CNF written.
CNF written.
CNF written.
CNF written.
CNF written.
CNF written.
CNF written.
CNF written.
CNF written.
CNF written.
CNF written.
CNF written.
CNF written.
CNF written.
CNF written.
CNF written.
CNF written.
CNF written.
CNF written.
CNF written.
CNF written.
CNF written.
CNF written.
CNF written.
CNF written.
CNF written.
CNF written.
CNF written.
CNF written.
CNF written.
CNF written.
CNF written.
CNF written.
CNF written.
CNF written.
CNF written.
CNF written.
CNF written.
CNF written.
CNF written.
CNF written.
[2025-12-12 07:26:52] [generate_and_run_up_to_limit] Generating and running oski15a01b75s with K<=500 up to limit 1600
[2025-12-12 07:26:52] [generate_cnf] Generating formula oski15a01b75s with K=1
[2025-12-12 07:26:56] [run_formula] Running formula oski15a01b75s with K=1 up to limit 1600
[2025-12-12 07:26:57] [generate_cnf] Generating formula oski15a01b75s with K=2
[2025-12-12 07:27:02] [run_formula] Running formula oski15a01b75s with K=2 up to limit 1600
[2025-12-12 07:27:03] [generate_cnf] Generating formula oski15a01b75s with K=3
[2025-12-12 07:27:09] [run_formula] Running formula oski15a01b75s with K=3 up to limit 1600
[2025-12-12 07:27:10] [generate_cnf] Generating formula oski15a01b75s with K=4
[2025-12-12 07:27:18] [run_formula] Running formula oski15a01b75s with K=4 up to limit 1600
[2025-12-12 07:27:20] [generate_cnf] Generating formula oski15a01b75s with K=5
[2025-12-12 07:27:29] [run_formula] Running formula oski15a01b75s with K=5 up to limit 1600
[2025-12-12 07:27:31] [generate_cnf] Generating formula oski15a01b75s with K=6
[2025-12-12 07:27:42] [run_formula] Running formula oski15a01b75s with K=6 up to limit 1600
[2025-12-12 07:27:45] [generate_cnf] Generating formula oski15a01b75s with K=7
[2025-12-12 07:27:56] [run_formula] Running formula oski15a01b75s with K=7 up to limit 1600
[2025-12-12 07:27:59] [generate_cnf] Generating formula oski15a01b75s with K=8
[2025-12-12 07:28:12] [run_formula] Running formula oski15a01b75s with K=8 up to limit 1600
[2025-12-12 07:28:15] [generate_cnf] Generating formula oski15a01b75s with K=9
[2025-12-12 07:28:31] [run_formula] Running formula oski15a01b75s with K=9 up to limit 1600
[2025-12-12 07:28:34] [generate_cnf] Generating formula oski15a01b75s with K=10
[2025-12-12 07:28:50] [run_formula] Running formula oski15a01b75s with K=10 up to limit 1600
[2025-12-12 07:28:54] [generate_cnf] Generating formula oski15a01b75s with K=11
[2025-12-12 07:29:11] [run_formula] Running formula oski15a01b75s with K=11 up to limit 1600
[2025-12-12 07:29:15] [generate_cnf] Generating formula oski15a01b75s with K=12
[2025-12-12 07:29:34] [run_formula] Running formula oski15a01b75s with K=12 up to limit 1600
[2025-12-12 07:29:38] [generate_cnf] Generating formula oski15a01b75s with K=13
[2025-12-12 07:29:59] [run_formula] Running formula oski15a01b75s with K=13 up to limit 1600
[2025-12-12 07:30:04] [generate_cnf] Generating formula oski15a01b75s with K=14
[2025-12-12 07:30:24] [run_formula] Running formula oski15a01b75s with K=14 up to limit 1600
[2025-12-12 07:30:30] [generate_cnf] Generating formula oski15a01b75s with K=15
[2025-12-12 07:30:52] [run_formula] Running formula oski15a01b75s with K=15 up to limit 1600
[2025-12-12 07:30:58] [generate_cnf] Generating formula oski15a01b75s with K=16
[2025-12-12 07:31:23] [run_formula] Running formula oski15a01b75s with K=16 up to limit 1600
[2025-12-12 07:31:30] [generate_cnf] Generating formula oski15a01b75s with K=17
[2025-12-12 07:31:56] [run_formula] Running formula oski15a01b75s with K=17 up to limit 1600
[2025-12-12 07:32:02] [generate_cnf] Generating formula oski15a01b75s with K=18
[2025-12-12 07:32:27] [run_formula] Running formula oski15a01b75s with K=18 up to limit 1600
[2025-12-12 07:32:34] [generate_cnf] Generating formula oski15a01b75s with K=19
[2025-12-12 07:33:01] [run_formula] Running formula oski15a01b75s with K=19 up to limit 1600
[2025-12-12 07:33:10] [generate_cnf] Generating formula oski15a01b75s with K=20
[2025-12-12 07:33:39] [run_formula] Running formula oski15a01b75s with K=20 up to limit 1600
[2025-12-12 07:33:47] [generate_cnf] Generating formula oski15a01b75s with K=21
[2025-12-12 07:34:17] [run_formula] Running formula oski15a01b75s with K=21 up to limit 1600
[2025-12-12 07:34:25] [generate_cnf] Generating formula oski15a01b75s with K=22
[2025-12-12 07:34:58] [run_formula] Running formula oski15a01b75s with K=22 up to limit 1600
[2025-12-12 07:35:07] [generate_cnf] Generating formula oski15a01b75s with K=23
[2025-12-12 07:35:41] [run_formula] Running formula oski15a01b75s with K=23 up to limit 1600
[2025-12-12 07:35:50] [generate_cnf] Generating formula oski15a01b75s with K=24
[2025-12-12 07:36:25] [run_formula] Running formula oski15a01b75s with K=24 up to limit 1600
[2025-12-12 07:36:34] [generate_cnf] Generating formula oski15a01b75s with K=25
[2025-12-12 07:37:10] [run_formula] Running formula oski15a01b75s with K=25 up to limit 1600
[2025-12-12 07:37:20] [generate_cnf] Generating formula oski15a01b75s with K=26
[2025-12-12 07:37:56] [run_formula] Running formula oski15a01b75s with K=26 up to limit 1600
[2025-12-12 07:38:06] [generate_cnf] Generating formula oski15a01b75s with K=27
[2025-12-12 07:38:45] [run_formula] Running formula oski15a01b75s with K=27 up to limit 1600
[2025-12-12 07:38:56] [generate_cnf] Generating formula oski15a01b75s with K=28
[2025-12-12 07:39:35] [run_formula] Running formula oski15a01b75s with K=28 up to limit 1600
[2025-12-12 07:39:46] [generate_cnf] Generating formula oski15a01b75s with K=29
[2025-12-12 07:40:28] [run_formula] Running formula oski15a01b75s with K=29 up to limit 1600
[2025-12-12 07:40:39] [generate_cnf] Generating formula oski15a01b75s with K=30
[2025-12-12 07:41:21] [run_formula] Running formula oski15a01b75s with K=30 up to limit 1600
[2025-12-12 07:41:33] [generate_cnf] Generating formula oski15a01b75s with K=31
[2025-12-12 07:42:18] [run_formula] Running formula oski15a01b75s with K=31 up to limit 1600
[2025-12-12 07:42:31] [generate_cnf] Generating formula oski15a01b75s with K=32
[2025-12-12 07:43:16] [run_formula] Running formula oski15a01b75s with K=32 up to limit 1600
[2025-12-12 07:43:29] [generate_cnf] Generating formula oski15a01b75s with K=33
[2025-12-12 07:44:17] [run_formula] Running formula oski15a01b75s with K=33 up to limit 1600
[2025-12-12 07:44:29] [generate_cnf] Generating formula oski15a01b75s with K=34
[2025-12-12 07:45:20] [run_formula] Running formula oski15a01b75s with K=34 up to limit 1600
[2025-12-12 07:45:35] [generate_cnf] Generating formula oski15a01b75s with K=35
[2025-12-12 07:46:24] [run_formula] Running formula oski15a01b75s with K=35 up to limit 1600
[2025-12-12 07:46:37] [generate_cnf] Generating formula oski15a01b75s with K=36
[2025-12-12 07:47:29] [run_formula] Running formula oski15a01b75s with K=36 up to limit 1600
[2025-12-12 07:47:43] [generate_cnf] Generating formula oski15a01b75s with K=37
[2025-12-12 07:48:36] [run_formula] Running formula oski15a01b75s with K=37 up to limit 1600
[2025-12-12 07:48:50] [generate_cnf] Generating formula oski15a01b75s with K=38
[2025-12-12 07:49:43] [run_formula] Running formula oski15a01b75s with K=38 up to limit 1600
[2025-12-12 07:49:58] [generate_cnf] Generating formula oski15a01b75s with K=39
[2025-12-12 07:50:55] [run_formula] Running formula oski15a01b75s with K=39 up to limit 1600
[2025-12-12 07:51:10] [generate_cnf] Generating formula oski15a01b75s with K=40
[2025-12-12 07:52:06] [run_formula] Running formula oski15a01b75s with K=40 up to limit 1600
[2025-12-12 07:52:21] [generate_cnf] Generating formula oski15a01b75s with K=41
[2025-12-12 07:53:19] [run_formula] Running formula oski15a01b75s with K=41 up to limit 1600
[2025-12-12 07:53:36] [generate_cnf] Generating formula oski15a01b75s with K=42
[2025-12-12 07:54:37] [run_formula] Running formula oski15a01b75s with K=42 up to limit 1600
[2025-12-12 07:54:52] [generate_cnf] Generating formula oski15a01b75s with K=43
[2025-12-12 07:55:53] [run_formula] Running formula oski15a01b75s with K=43 up to limit 1600
[2025-12-12 07:56:08] [generate_cnf] Generating formula oski15a01b75s with K=44
[2025-12-12 07:57:14] [run_formula] Running formula oski15a01b75s with K=44 up to limit 1600
[2025-12-12 07:57:29] [generate_cnf] Generating formula oski15a01b75s with K=45
[2025-12-12 07:58:29] [run_formula] Running formula oski15a01b75s with K=45 up to limit 1600
[2025-12-12 07:58:47] [generate_cnf] Generating formula oski15a01b75s with K=46
[2025-12-12 07:59:52] [run_formula] Running formula oski15a01b75s with K=46 up to limit 1600
[2025-12-12 08:01:10] [generate_cnf] Generating formula oski15a01b75s with K=47
[2025-12-12 08:02:44] [run_formula] Running formula oski15a01b75s with K=47 up to limit 1600
[2025-12-12 08:03:49] [generate_cnf] Generating formula oski15a01b75s with K=48
[2025-12-12 08:05:00] [run_formula] Running formula oski15a01b75s with K=48 up to limit 1600
[2025-12-12 08:06:00] [generate_cnf] Generating formula oski15a01b75s with K=49
[2025-12-12 08:07:29] [run_formula] Running formula oski15a01b75s with K=49 up to limit 1600
[2025-12-12 08:08:17] [generate_cnf] Generating formula oski15a01b75s with K=50
[2025-12-12 08:09:52] [run_formula] Running formula oski15a01b75s with K=50 up to limit 1600
[2025-12-12 08:10:46] [generate_cnf] Generating formula oski15a01b75s with K=51
[2025-12-12 08:11:58] [run_formula] Running formula oski15a01b75s with K=51 up to limit 1600
[2025-12-12 08:12:18] [generate_cnf] Generating formula oski15a01b75s with K=52
[2025-12-12 08:14:36] [run_formula] Running formula oski15a01b75s with K=52 up to limit 1600
[2025-12-12 08:16:21] [generate_cnf] Generating formula oski15a01b75s with K=53
[2025-12-12 08:18:18] [run_formula] Running formula oski15a01b75s with K=53 up to limit 1600
[2025-12-12 08:18:42] [generate_cnf] Generating formula oski15a01b75s with K=54
[2025-12-12 08:20:16] [run_formula] Running formula oski15a01b75s with K=54 up to limit 1600
[2025-12-12 08:20:45] [generate_cnf] Generating formula oski15a01b75s with K=55
[2025-12-12 08:21:59] [run_formula] Running formula oski15a01b75s with K=55 up to limit 1600
[2025-12-12 08:22:21] [generate_cnf] Generating formula oski15a01b75s with K=56
[2025-12-12 08:23:36] [run_formula] Running formula oski15a01b75s with K=56 up to limit 1600
[2025-12-12 08:23:59] [generate_cnf] Generating formula oski15a01b75s with K=57
[2025-12-12 08:25:19] [run_formula] Running formula oski15a01b75s with K=57 up to limit 1600
[2025-12-12 08:25:41] [generate_cnf] Generating formula oski15a01b75s with K=58
[2025-12-12 08:27:02] [run_formula] Running formula oski15a01b75s with K=58 up to limit 1600
[2025-12-12 08:27:23] [generate_cnf] Generating formula oski15a01b75s with K=59
[2025-12-12 08:28:13] [generate_and_run_up_to_limit] Failed to generate CNF for oski15a01b75s with K=59, halting
