CNF written.
CNF written.
CNF written.
CNF written.
CNF written.
CNF written.
CNF written.
CNF written.
CNF written.
CNF written.
CNF written.
CNF written.
CNF written.
CNF written.
CNF written.
CNF written.
CNF written.
CNF written.
CNF written.
CNF written.
CNF written.
CNF written.
CNF written.
CNF written.
CNF written.
CNF written.
CNF written.
CNF written.
CNF written.
CNF written.
CNF written.
CNF written.
CNF written.
CNF written.
CNF written.
CNF written.
CNF written.
CNF written.
CNF written.
CNF written.
CNF written.
CNF written.
CNF written.
CNF written.
CNF written.
CNF written.
CNF written.
CNF written.
CNF written.
CNF written.
CNF written.
CNF written.
CNF written.
CNF written.
CNF written.
CNF written.
CNF written.
CNF written.
CNF written.
CNF written.
CNF written.
CNF written.
CNF written.
CNF written.
CNF written.
CNF written.
CNF written.
CNF written.
CNF written.
CNF written.
CNF written.
CNF written.
CNF written.
CNF written.
CNF written.
CNF written.
CNF written.
CNF written.
CNF written.
CNF written.
CNF written.
CNF written.
CNF written.
CNF written.
CNF written.
CNF written.
CNF written.
CNF written.
CNF written.
CNF written.
CNF written.
CNF written.
CNF written.
CNF written.
CNF written.
CNF written.
CNF written.
CNF written.
CNF written.
CNF written.
CNF written.
CNF written.
CNF written.
CNF written.
CNF written.
CNF written.
CNF written.
CNF written.
CNF written.
CNF written.
[2025-12-12 07:00:38] [generate_and_run_up_to_limit] Generating and running oski15a07b5s with K<=500 up to limit 1600
[2025-12-12 07:00:38] [generate_cnf] Generating formula oski15a07b5s with K=1
[2025-12-12 07:00:40] [run_formula] Running formula oski15a07b5s with K=1 up to limit 1600
[2025-12-12 07:00:40] [generate_cnf] Generating formula oski15a07b5s with K=2
[2025-12-12 07:00:42] [run_formula] Running formula oski15a07b5s with K=2 up to limit 1600
[2025-12-12 07:00:42] [generate_cnf] Generating formula oski15a07b5s with K=3
[2025-12-12 07:00:44] [run_formula] Running formula oski15a07b5s with K=3 up to limit 1600
[2025-12-12 07:00:45] [generate_cnf] Generating formula oski15a07b5s with K=4
[2025-12-12 07:00:47] [run_formula] Running formula oski15a07b5s with K=4 up to limit 1600
[2025-12-12 07:00:49] [generate_cnf] Generating formula oski15a07b5s with K=5
[2025-12-12 07:00:52] [run_formula] Running formula oski15a07b5s with K=5 up to limit 1600
[2025-12-12 07:00:55] [generate_cnf] Generating formula oski15a07b5s with K=6
[2025-12-12 07:00:59] [run_formula] Running formula oski15a07b5s with K=6 up to limit 1600
[2025-12-12 07:01:02] [generate_cnf] Generating formula oski15a07b5s with K=7
[2025-12-12 07:01:06] [run_formula] Running formula oski15a07b5s with K=7 up to limit 1600
[2025-12-12 07:01:11] [generate_cnf] Generating formula oski15a07b5s with K=8
[2025-12-12 07:01:15] [run_formula] Running formula oski15a07b5s with K=8 up to limit 1600
[2025-12-12 07:01:18] [generate_cnf] Generating formula oski15a07b5s with K=9
[2025-12-12 07:01:22] [run_formula] Running formula oski15a07b5s with K=9 up to limit 1600
[2025-12-12 07:01:25] [generate_cnf] Generating formula oski15a07b5s with K=10
[2025-12-12 07:01:31] [run_formula] Running formula oski15a07b5s with K=10 up to limit 1600
[2025-12-12 07:01:34] [generate_cnf] Generating formula oski15a07b5s with K=11
[2025-12-12 07:01:39] [run_formula] Running formula oski15a07b5s with K=11 up to limit 1600
[2025-12-12 07:01:43] [generate_cnf] Generating formula oski15a07b5s with K=12
[2025-12-12 07:01:49] [run_formula] Running formula oski15a07b5s with K=12 up to limit 1600
[2025-12-12 07:01:52] [generate_cnf] Generating formula oski15a07b5s with K=13
[2025-12-12 07:01:59] [run_formula] Running formula oski15a07b5s with K=13 up to limit 1600
[2025-12-12 07:02:03] [generate_cnf] Generating formula oski15a07b5s with K=14
[2025-12-12 07:02:09] [run_formula] Running formula oski15a07b5s with K=14 up to limit 1600
[2025-12-12 07:02:13] [generate_cnf] Generating formula oski15a07b5s with K=15
[2025-12-12 07:02:21] [run_formula] Running formula oski15a07b5s with K=15 up to limit 1600
[2025-12-12 07:02:25] [generate_cnf] Generating formula oski15a07b5s with K=16
[2025-12-12 07:02:33] [run_formula] Running formula oski15a07b5s with K=16 up to limit 1600
[2025-12-12 07:02:37] [generate_cnf] Generating formula oski15a07b5s with K=17
[2025-12-12 07:02:46] [run_formula] Running formula oski15a07b5s with K=17 up to limit 1600
[2025-12-12 07:02:51] [generate_cnf] Generating formula oski15a07b5s with K=18
[2025-12-12 07:02:59] [run_formula] Running formula oski15a07b5s with K=18 up to limit 1600
[2025-12-12 07:03:04] [generate_cnf] Generating formula oski15a07b5s with K=19
[2025-12-12 07:03:13] [run_formula] Running formula oski15a07b5s with K=19 up to limit 1600
[2025-12-12 07:03:19] [generate_cnf] Generating formula oski15a07b5s with K=20
[2025-12-12 07:03:28] [run_formula] Running formula oski15a07b5s with K=20 up to limit 1600
[2025-12-12 07:03:34] [generate_cnf] Generating formula oski15a07b5s with K=21
[2025-12-12 07:03:43] [run_formula] Running formula oski15a07b5s with K=21 up to limit 1600
[2025-12-12 07:03:50] [generate_cnf] Generating formula oski15a07b5s with K=22
[2025-12-12 07:04:00] [run_formula] Running formula oski15a07b5s with K=22 up to limit 1600
[2025-12-12 07:04:07] [generate_cnf] Generating formula oski15a07b5s with K=23
[2025-12-12 07:04:17] [run_formula] Running formula oski15a07b5s with K=23 up to limit 1600
[2025-12-12 07:04:24] [generate_cnf] Generating formula oski15a07b5s with K=24
[2025-12-12 07:04:36] [run_formula] Running formula oski15a07b5s with K=24 up to limit 1600
[2025-12-12 07:04:43] [generate_cnf] Generating formula oski15a07b5s with K=25
[2025-12-12 07:04:55] [run_formula] Running formula oski15a07b5s with K=25 up to limit 1600
[2025-12-12 07:05:03] [generate_cnf] Generating formula oski15a07b5s with K=26
[2025-12-12 07:05:16] [run_formula] Running formula oski15a07b5s with K=26 up to limit 1600
[2025-12-12 07:05:25] [generate_cnf] Generating formula oski15a07b5s with K=27
[2025-12-12 07:05:38] [run_formula] Running formula oski15a07b5s with K=27 up to limit 1600
[2025-12-12 07:05:47] [generate_cnf] Generating formula oski15a07b5s with K=28
[2025-12-12 07:06:01] [run_formula] Running formula oski15a07b5s with K=28 up to limit 1600
[2025-12-12 07:06:10] [generate_cnf] Generating formula oski15a07b5s with K=29
[2025-12-12 07:06:25] [run_formula] Running formula oski15a07b5s with K=29 up to limit 1600
[2025-12-12 07:06:35] [generate_cnf] Generating formula oski15a07b5s with K=30
[2025-12-12 07:06:49] [run_formula] Running formula oski15a07b5s with K=30 up to limit 1600
[2025-12-12 07:06:59] [generate_cnf] Generating formula oski15a07b5s with K=31
[2025-12-12 07:07:15] [run_formula] Running formula oski15a07b5s with K=31 up to limit 1600
[2025-12-12 07:07:26] [generate_cnf] Generating formula oski15a07b5s with K=32
[2025-12-12 07:07:42] [run_formula] Running formula oski15a07b5s with K=32 up to limit 1600
[2025-12-12 07:07:53] [generate_cnf] Generating formula oski15a07b5s with K=33
[2025-12-12 07:08:09] [run_formula] Running formula oski15a07b5s with K=33 up to limit 1600
[2025-12-12 07:08:20] [generate_cnf] Generating formula oski15a07b5s with K=34
[2025-12-12 07:08:37] [run_formula] Running formula oski15a07b5s with K=34 up to limit 1600
[2025-12-12 07:08:48] [generate_cnf] Generating formula oski15a07b5s with K=35
[2025-12-12 07:09:05] [run_formula] Running formula oski15a07b5s with K=35 up to limit 1600
[2025-12-12 07:09:17] [generate_cnf] Generating formula oski15a07b5s with K=36
[2025-12-12 07:09:34] [run_formula] Running formula oski15a07b5s with K=36 up to limit 1600
[2025-12-12 07:09:46] [generate_cnf] Generating formula oski15a07b5s with K=37
[2025-12-12 07:10:04] [run_formula] Running formula oski15a07b5s with K=37 up to limit 1600
[2025-12-12 07:10:17] [generate_cnf] Generating formula oski15a07b5s with K=38
[2025-12-12 07:10:36] [run_formula] Running formula oski15a07b5s with K=38 up to limit 1600
[2025-12-12 07:10:49] [generate_cnf] Generating formula oski15a07b5s with K=39
[2025-12-12 07:11:08] [run_formula] Running formula oski15a07b5s with K=39 up to limit 1600
[2025-12-12 07:11:22] [generate_cnf] Generating formula oski15a07b5s with K=40
[2025-12-12 07:11:41] [run_formula] Running formula oski15a07b5s with K=40 up to limit 1600
[2025-12-12 07:11:55] [generate_cnf] Generating formula oski15a07b5s with K=41
[2025-12-12 07:12:14] [run_formula] Running formula oski15a07b5s with K=41 up to limit 1600
[2025-12-12 07:12:29] [generate_cnf] Generating formula oski15a07b5s with K=42
[2025-12-12 07:12:48] [run_formula] Running formula oski15a07b5s with K=42 up to limit 1600
[2025-12-12 07:13:03] [generate_cnf] Generating formula oski15a07b5s with K=43
[2025-12-12 07:13:23] [run_formula] Running formula oski15a07b5s with K=43 up to limit 1600
[2025-12-12 07:13:38] [generate_cnf] Generating formula oski15a07b5s with K=44
[2025-12-12 07:13:59] [run_formula] Running formula oski15a07b5s with K=44 up to limit 1600
[2025-12-12 07:14:13] [generate_cnf] Generating formula oski15a07b5s with K=45
[2025-12-12 07:14:34] [run_formula] Running formula oski15a07b5s with K=45 up to limit 1600
[2025-12-12 07:14:48] [generate_cnf] Generating formula oski15a07b5s with K=46
[2025-12-12 07:15:09] [run_formula] Running formula oski15a07b5s with K=46 up to limit 1600
[2025-12-12 07:15:23] [generate_cnf] Generating formula oski15a07b5s with K=47
[2025-12-12 07:15:44] [run_formula] Running formula oski15a07b5s with K=47 up to limit 1600
[2025-12-12 07:15:59] [generate_cnf] Generating formula oski15a07b5s with K=48
[2025-12-12 07:16:21] [run_formula] Running formula oski15a07b5s with K=48 up to limit 1600
[2025-12-12 07:16:35] [generate_cnf] Generating formula oski15a07b5s with K=49
[2025-12-12 07:16:57] [run_formula] Running formula oski15a07b5s with K=49 up to limit 1600
[2025-12-12 07:17:13] [generate_cnf] Generating formula oski15a07b5s with K=50
[2025-12-12 07:17:36] [run_formula] Running formula oski15a07b5s with K=50 up to limit 1600
[2025-12-12 07:17:54] [generate_cnf] Generating formula oski15a07b5s with K=51
[2025-12-12 07:18:19] [run_formula] Running formula oski15a07b5s with K=51 up to limit 1600
[2025-12-12 07:18:37] [generate_cnf] Generating formula oski15a07b5s with K=52
[2025-12-12 07:19:02] [run_formula] Running formula oski15a07b5s with K=52 up to limit 1600
[2025-12-12 07:19:21] [generate_cnf] Generating formula oski15a07b5s with K=53
[2025-12-12 07:19:45] [run_formula] Running formula oski15a07b5s with K=53 up to limit 1600
[2025-12-12 07:20:03] [generate_cnf] Generating formula oski15a07b5s with K=54
[2025-12-12 07:20:28] [run_formula] Running formula oski15a07b5s with K=54 up to limit 1600
[2025-12-12 07:20:46] [generate_cnf] Generating formula oski15a07b5s with K=55
[2025-12-12 07:21:12] [run_formula] Running formula oski15a07b5s with K=55 up to limit 1600
[2025-12-12 07:21:31] [generate_cnf] Generating formula oski15a07b5s with K=56
[2025-12-12 07:21:58] [run_formula] Running formula oski15a07b5s with K=56 up to limit 1600
[2025-12-12 07:22:18] [generate_cnf] Generating formula oski15a07b5s with K=57
[2025-12-12 07:22:45] [run_formula] Running formula oski15a07b5s with K=57 up to limit 1600
[2025-12-12 07:23:04] [generate_cnf] Generating formula oski15a07b5s with K=58
[2025-12-12 07:23:32] [run_formula] Running formula oski15a07b5s with K=58 up to limit 1600
[2025-12-12 07:23:52] [generate_cnf] Generating formula oski15a07b5s with K=59
[2025-12-12 07:24:21] [run_formula] Running formula oski15a07b5s with K=59 up to limit 1600
[2025-12-12 07:24:42] [generate_cnf] Generating formula oski15a07b5s with K=60
[2025-12-12 07:25:10] [run_formula] Running formula oski15a07b5s with K=60 up to limit 1600
[2025-12-12 07:25:30] [generate_cnf] Generating formula oski15a07b5s with K=61
[2025-12-12 07:26:00] [run_formula] Running formula oski15a07b5s with K=61 up to limit 1600
[2025-12-12 07:26:21] [generate_cnf] Generating formula oski15a07b5s with K=62
[2025-12-12 07:26:49] [run_formula] Running formula oski15a07b5s with K=62 up to limit 1600
[2025-12-12 07:27:09] [generate_cnf] Generating formula oski15a07b5s with K=63
[2025-12-12 07:27:38] [run_formula] Running formula oski15a07b5s with K=63 up to limit 1600
[2025-12-12 07:27:58] [generate_cnf] Generating formula oski15a07b5s with K=64
[2025-12-12 07:28:28] [run_formula] Running formula oski15a07b5s with K=64 up to limit 1600
[2025-12-12 07:28:49] [generate_cnf] Generating formula oski15a07b5s with K=65
[2025-12-12 07:29:20] [run_formula] Running formula oski15a07b5s with K=65 up to limit 1600
[2025-12-12 07:29:44] [generate_cnf] Generating formula oski15a07b5s with K=66
[2025-12-12 07:30:16] [run_formula] Running formula oski15a07b5s with K=66 up to limit 1600
[2025-12-12 07:30:40] [generate_cnf] Generating formula oski15a07b5s with K=67
[2025-12-12 07:31:12] [run_formula] Running formula oski15a07b5s with K=67 up to limit 1600
[2025-12-12 07:31:37] [generate_cnf] Generating formula oski15a07b5s with K=68
[2025-12-12 07:32:11] [run_formula] Running formula oski15a07b5s with K=68 up to limit 1600
[2025-12-12 07:32:36] [generate_cnf] Generating formula oski15a07b5s with K=69
[2025-12-12 07:33:08] [run_formula] Running formula oski15a07b5s with K=69 up to limit 1600
[2025-12-12 07:33:33] [generate_cnf] Generating formula oski15a07b5s with K=70
[2025-12-12 07:34:06] [run_formula] Running formula oski15a07b5s with K=70 up to limit 1600
[2025-12-12 07:34:31] [generate_cnf] Generating formula oski15a07b5s with K=71
[2025-12-12 07:35:06] [run_formula] Running formula oski15a07b5s with K=71 up to limit 1600
[2025-12-12 07:35:32] [generate_cnf] Generating formula oski15a07b5s with K=72
[2025-12-12 07:36:06] [run_formula] Running formula oski15a07b5s with K=72 up to limit 1600
[2025-12-12 07:36:33] [generate_cnf] Generating formula oski15a07b5s with K=73
[2025-12-12 07:37:08] [run_formula] Running formula oski15a07b5s with K=73 up to limit 1600
[2025-12-12 07:37:34] [generate_cnf] Generating formula oski15a07b5s with K=74
[2025-12-12 07:38:10] [run_formula] Running formula oski15a07b5s with K=74 up to limit 1600
[2025-12-12 07:38:37] [generate_cnf] Generating formula oski15a07b5s with K=75
[2025-12-12 07:39:11] [run_formula] Running formula oski15a07b5s with K=75 up to limit 1600
[2025-12-12 07:39:36] [generate_cnf] Generating formula oski15a07b5s with K=76
[2025-12-12 07:40:10] [run_formula] Running formula oski15a07b5s with K=76 up to limit 1600
[2025-12-12 07:40:35] [generate_cnf] Generating formula oski15a07b5s with K=77
[2025-12-12 07:41:09] [run_formula] Running formula oski15a07b5s with K=77 up to limit 1600
[2025-12-12 07:41:35] [generate_cnf] Generating formula oski15a07b5s with K=78
[2025-12-12 07:42:12] [run_formula] Running formula oski15a07b5s with K=78 up to limit 1600
[2025-12-12 07:42:41] [generate_cnf] Generating formula oski15a07b5s with K=79
[2025-12-12 07:43:18] [run_formula] Running formula oski15a07b5s with K=79 up to limit 1600
[2025-12-12 07:43:47] [generate_cnf] Generating formula oski15a07b5s with K=80
[2025-12-12 07:44:25] [run_formula] Running formula oski15a07b5s with K=80 up to limit 1600
[2025-12-12 07:45:01] [generate_cnf] Generating formula oski15a07b5s with K=81
[2025-12-12 07:45:39] [run_formula] Running formula oski15a07b5s with K=81 up to limit 1600
[2025-12-12 07:46:16] [generate_cnf] Generating formula oski15a07b5s with K=82
[2025-12-12 07:46:54] [run_formula] Running formula oski15a07b5s with K=82 up to limit 1600
[2025-12-12 07:47:31] [generate_cnf] Generating formula oski15a07b5s with K=83
[2025-12-12 07:48:09] [run_formula] Running formula oski15a07b5s with K=83 up to limit 1600
[2025-12-12 07:48:47] [generate_cnf] Generating formula oski15a07b5s with K=84
[2025-12-12 07:49:26] [run_formula] Running formula oski15a07b5s with K=84 up to limit 1600
[2025-12-12 07:50:04] [generate_cnf] Generating formula oski15a07b5s with K=85
[2025-12-12 07:50:44] [run_formula] Running formula oski15a07b5s with K=85 up to limit 1600
[2025-12-12 07:51:18] [generate_cnf] Generating formula oski15a07b5s with K=86
[2025-12-12 07:51:56] [run_formula] Running formula oski15a07b5s with K=86 up to limit 1600
[2025-12-12 07:52:30] [generate_cnf] Generating formula oski15a07b5s with K=87
[2025-12-12 07:53:09] [run_formula] Running formula oski15a07b5s with K=87 up to limit 1600
[2025-12-12 07:53:44] [generate_cnf] Generating formula oski15a07b5s with K=88
[2025-12-12 07:54:26] [run_formula] Running formula oski15a07b5s with K=88 up to limit 1600
[2025-12-12 07:55:05] [generate_cnf] Generating formula oski15a07b5s with K=89
[2025-12-12 07:55:47] [run_formula] Running formula oski15a07b5s with K=89 up to limit 1600
[2025-12-12 07:56:26] [generate_cnf] Generating formula oski15a07b5s with K=90
[2025-12-12 07:57:08] [run_formula] Running formula oski15a07b5s with K=90 up to limit 1600
[2025-12-12 07:57:47] [generate_cnf] Generating formula oski15a07b5s with K=91
[2025-12-12 07:58:30] [run_formula] Running formula oski15a07b5s with K=91 up to limit 1600
[2025-12-12 07:59:09] [generate_cnf] Generating formula oski15a07b5s with K=92
[2025-12-12 07:59:52] [run_formula] Running formula oski15a07b5s with K=92 up to limit 1600
[2025-12-12 08:00:31] [generate_cnf] Generating formula oski15a07b5s with K=93
[2025-12-12 08:01:15] [run_formula] Running formula oski15a07b5s with K=93 up to limit 1600
[2025-12-12 08:01:56] [generate_cnf] Generating formula oski15a07b5s with K=94
[2025-12-12 08:02:40] [run_formula] Running formula oski15a07b5s with K=94 up to limit 1600
[2025-12-12 08:03:19] [generate_cnf] Generating formula oski15a07b5s with K=95
[2025-12-12 08:04:01] [run_formula] Running formula oski15a07b5s with K=95 up to limit 1600
[2025-12-12 08:04:40] [generate_cnf] Generating formula oski15a07b5s with K=96
[2025-12-12 08:05:23] [run_formula] Running formula oski15a07b5s with K=96 up to limit 1600
[2025-12-12 08:06:05] [generate_cnf] Generating formula oski15a07b5s with K=97
[2025-12-12 08:06:51] [run_formula] Running formula oski15a07b5s with K=97 up to limit 1600
[2025-12-12 08:07:35] [generate_cnf] Generating formula oski15a07b5s with K=98
[2025-12-12 08:08:22] [run_formula] Running formula oski15a07b5s with K=98 up to limit 1600
[2025-12-12 08:09:07] [generate_cnf] Generating formula oski15a07b5s with K=99
[2025-12-12 08:09:53] [run_formula] Running formula oski15a07b5s with K=99 up to limit 1600
[2025-12-12 08:10:38] [generate_cnf] Generating formula oski15a07b5s with K=100
[2025-12-12 08:11:25] [run_formula] Running formula oski15a07b5s with K=100 up to limit 1600
[2025-12-12 08:12:11] [generate_cnf] Generating formula oski15a07b5s with K=101
[2025-12-12 08:12:59] [run_formula] Running formula oski15a07b5s with K=101 up to limit 1600
[2025-12-12 08:13:45] [generate_cnf] Generating formula oski15a07b5s with K=102
[2025-12-12 08:14:33] [run_formula] Running formula oski15a07b5s with K=102 up to limit 1600
[2025-12-12 08:15:14] [generate_cnf] Generating formula oski15a07b5s with K=103
[2025-12-12 08:16:00] [run_formula] Running formula oski15a07b5s with K=103 up to limit 1600
[2025-12-12 08:16:41] [generate_cnf] Generating formula oski15a07b5s with K=104
[2025-12-12 08:17:28] [run_formula] Running formula oski15a07b5s with K=104 up to limit 1600
[2025-12-12 08:18:14] [generate_cnf] Generating formula oski15a07b5s with K=105
[2025-12-12 08:19:03] [run_formula] Running formula oski15a07b5s with K=105 up to limit 1600
[2025-12-12 08:19:49] [generate_cnf] Generating formula oski15a07b5s with K=106
[2025-12-12 08:20:39] [run_formula] Running formula oski15a07b5s with K=106 up to limit 1600
[2025-12-12 08:21:27] [generate_cnf] Generating formula oski15a07b5s with K=107
[2025-12-12 08:22:18] [run_formula] Running formula oski15a07b5s with K=107 up to limit 1600
[2025-12-12 08:23:06] [generate_cnf] Generating formula oski15a07b5s with K=108
[2025-12-12 08:23:58] [run_formula] Running formula oski15a07b5s with K=108 up to limit 1600
[2025-12-12 08:25:02] [generate_cnf] Generating formula oski15a07b5s with K=109
[2025-12-12 08:25:54] [run_formula] Running formula oski15a07b5s with K=109 up to limit 1600
[2025-12-12 08:26:57] [generate_cnf] Generating formula oski15a07b5s with K=110
[2025-12-12 08:27:46] [run_formula] Running formula oski15a07b5s with K=110 up to limit 1600
[2025-12-12 08:28:43] [run_formula] Error running formula oski15a07b5s with K=110: [Errno 122] Disk quota exceeded: './results/solving_logs/oski15a07b5s//oski15a07b5s.110.log'
[2025-12-12 08:28:43] [generate_and_run_up_to_limit] Failed to run formula oski15a07b5s with K=110, halting
