CNF written.
CNF written.
CNF written.
CNF written.
CNF written.
CNF written.
CNF written.
CNF written.
CNF written.
CNF written.
CNF written.
CNF written.
CNF written.
CNF written.
CNF written.
CNF written.
CNF written.
CNF written.
CNF written.
CNF written.
CNF written.
CNF written.
CNF written.
CNF written.
CNF written.
CNF written.
[2025-12-12 07:17:01] [generate_and_run_up_to_limit] Generating and running oski15a01b41s with K<=500 up to limit 1600
[2025-12-12 07:17:01] [generate_cnf] Generating formula oski15a01b41s with K=1
[2025-12-12 07:17:04] [run_formula] Running formula oski15a01b41s with K=1 up to limit 1600
[2025-12-12 07:17:04] [generate_cnf] Generating formula oski15a01b41s with K=2
[2025-12-12 07:17:08] [run_formula] Running formula oski15a01b41s with K=2 up to limit 1600
[2025-12-12 07:17:09] [generate_cnf] Generating formula oski15a01b41s with K=3
[2025-12-12 07:17:14] [run_formula] Running formula oski15a01b41s with K=3 up to limit 1600
[2025-12-12 07:17:14] [generate_cnf] Generating formula oski15a01b41s with K=4
[2025-12-12 07:17:20] [run_formula] Running formula oski15a01b41s with K=4 up to limit 1600
[2025-12-12 07:17:21] [generate_cnf] Generating formula oski15a01b41s with K=5
[2025-12-12 07:17:28] [run_formula] Running formula oski15a01b41s with K=5 up to limit 1600
[2025-12-12 07:17:29] [generate_cnf] Generating formula oski15a01b41s with K=6
[2025-12-12 07:17:37] [run_formula] Running formula oski15a01b41s with K=6 up to limit 1600
[2025-12-12 07:17:38] [generate_cnf] Generating formula oski15a01b41s with K=7
[2025-12-12 07:17:47] [run_formula] Running formula oski15a01b41s with K=7 up to limit 1600
[2025-12-12 07:17:48] [generate_cnf] Generating formula oski15a01b41s with K=8
[2025-12-12 07:17:58] [run_formula] Running formula oski15a01b41s with K=8 up to limit 1600
[2025-12-12 07:18:04] [generate_cnf] Generating formula oski15a01b41s with K=9
[2025-12-12 07:18:15] [run_formula] Running formula oski15a01b41s with K=9 up to limit 1600
[2025-12-12 07:18:24] [generate_cnf] Generating formula oski15a01b41s with K=10
[2025-12-12 07:18:36] [run_formula] Running formula oski15a01b41s with K=10 up to limit 1600
[2025-12-12 07:18:45] [generate_cnf] Generating formula oski15a01b41s with K=11
[2025-12-12 07:18:58] [run_formula] Running formula oski15a01b41s with K=11 up to limit 1600
[2025-12-12 07:19:14] [generate_cnf] Generating formula oski15a01b41s with K=12
[2025-12-12 07:19:28] [run_formula] Running formula oski15a01b41s with K=12 up to limit 1600
[2025-12-12 07:21:05] [generate_cnf] Generating formula oski15a01b41s with K=13
[2025-12-12 07:21:20] [run_formula] Running formula oski15a01b41s with K=13 up to limit 1600
[2025-12-12 07:22:50] [generate_cnf] Generating formula oski15a01b41s with K=14
[2025-12-12 07:23:05] [run_formula] Running formula oski15a01b41s with K=14 up to limit 1600
[2025-12-12 07:24:39] [generate_cnf] Generating formula oski15a01b41s with K=15
[2025-12-12 07:24:55] [run_formula] Running formula oski15a01b41s with K=15 up to limit 1600
[2025-12-12 07:26:23] [generate_cnf] Generating formula oski15a01b41s with K=16
[2025-12-12 07:26:40] [run_formula] Running formula oski15a01b41s with K=16 up to limit 1600
[2025-12-12 07:28:15] [generate_cnf] Generating formula oski15a01b41s with K=17
[2025-12-12 07:28:33] [run_formula] Running formula oski15a01b41s with K=17 up to limit 1600
[2025-12-12 07:30:20] [generate_cnf] Generating formula oski15a01b41s with K=18
[2025-12-12 07:30:39] [run_formula] Running formula oski15a01b41s with K=18 up to limit 1600
[2025-12-12 07:32:20] [generate_cnf] Generating formula oski15a01b41s with K=19
[2025-12-12 07:32:41] [run_formula] Running formula oski15a01b41s with K=19 up to limit 1600
[2025-12-12 07:38:31] [generate_cnf] Generating formula oski15a01b41s with K=20
[2025-12-12 07:38:53] [run_formula] Running formula oski15a01b41s with K=20 up to limit 1600
[2025-12-12 07:45:00] [generate_cnf] Generating formula oski15a01b41s with K=21
[2025-12-12 07:45:22] [run_formula] Running formula oski15a01b41s with K=21 up to limit 1600
[2025-12-12 07:52:21] [generate_cnf] Generating formula oski15a01b41s with K=22
[2025-12-12 07:52:44] [run_formula] Running formula oski15a01b41s with K=22 up to limit 1600
[2025-12-12 08:00:42] [generate_cnf] Generating formula oski15a01b41s with K=23
[2025-12-12 08:01:07] [run_formula] Running formula oski15a01b41s with K=23 up to limit 1600
[2025-12-12 08:08:29] [generate_cnf] Generating formula oski15a01b41s with K=24
[2025-12-12 08:08:55] [run_formula] Running formula oski15a01b41s with K=24 up to limit 1600
[2025-12-12 08:13:14] [generate_cnf] Generating formula oski15a01b41s with K=25
[2025-12-12 08:13:41] [run_formula] Running formula oski15a01b41s with K=25 up to limit 1600
[2025-12-12 08:22:27] [generate_cnf] Generating formula oski15a01b41s with K=26
[2025-12-12 08:22:54] [run_formula] Running formula oski15a01b41s with K=26 up to limit 1600
[2025-12-12 08:29:38] [run_formula] Error running formula oski15a01b41s with K=26: [Errno 122] Disk quota exceeded: './results/solving_logs/oski15a01b41s//oski15a01b41s.26.log'
[2025-12-12 08:29:38] [generate_and_run_up_to_limit] Failed to run formula oski15a01b41s with K=26, halting
