CNF written.
CNF written.
CNF written.
CNF written.
CNF written.
CNF written.
CNF written.
CNF written.
CNF written.
CNF written.
CNF written.
CNF written.
CNF written.
CNF written.
CNF written.
CNF written.
CNF written.
CNF written.
CNF written.
CNF written.
CNF written.
CNF written.
CNF written.
CNF written.
CNF written.
CNF written.
CNF written.
CNF written.
CNF written.
CNF written.
CNF written.
CNF written.
CNF written.
CNF written.
CNF written.
CNF written.
CNF written.
CNF written.
CNF written.
CNF written.
CNF written.
CNF written.
CNF written.
CNF written.
CNF written.
CNF written.
CNF written.
CNF written.
CNF written.
CNF written.
CNF written.
CNF written.
CNF written.
CNF written.
CNF written.
CNF written.
CNF written.
CNF written.
CNF written.
CNF written.
CNF written.
[2025-12-12 07:23:35] [generate_and_run_up_to_limit] Generating and running oski15a01b49s with K<=500 up to limit 1600
[2025-12-12 07:23:35] [generate_cnf] Generating formula oski15a01b49s with K=1
[2025-12-12 07:23:39] [run_formula] Running formula oski15a01b49s with K=1 up to limit 1600
[2025-12-12 07:23:40] [generate_cnf] Generating formula oski15a01b49s with K=2
[2025-12-12 07:23:45] [run_formula] Running formula oski15a01b49s with K=2 up to limit 1600
[2025-12-12 07:23:46] [generate_cnf] Generating formula oski15a01b49s with K=3
[2025-12-12 07:23:53] [run_formula] Running formula oski15a01b49s with K=3 up to limit 1600
[2025-12-12 07:23:54] [generate_cnf] Generating formula oski15a01b49s with K=4
[2025-12-12 07:24:03] [run_formula] Running formula oski15a01b49s with K=4 up to limit 1600
[2025-12-12 07:24:05] [generate_cnf] Generating formula oski15a01b49s with K=5
[2025-12-12 07:24:15] [run_formula] Running formula oski15a01b49s with K=5 up to limit 1600
[2025-12-12 07:24:36] [generate_cnf] Generating formula oski15a01b49s with K=6
[2025-12-12 07:24:47] [run_formula] Running formula oski15a01b49s with K=6 up to limit 1600
[2025-12-12 07:24:54] [generate_cnf] Generating formula oski15a01b49s with K=7
[2025-12-12 07:25:06] [run_formula] Running formula oski15a01b49s with K=7 up to limit 1600
[2025-12-12 07:25:15] [generate_cnf] Generating formula oski15a01b49s with K=8
[2025-12-12 07:25:28] [run_formula] Running formula oski15a01b49s with K=8 up to limit 1600
[2025-12-12 07:25:38] [generate_cnf] Generating formula oski15a01b49s with K=9
[2025-12-12 07:25:53] [run_formula] Running formula oski15a01b49s with K=9 up to limit 1600
[2025-12-12 07:26:10] [generate_cnf] Generating formula oski15a01b49s with K=10
[2025-12-12 07:26:26] [run_formula] Running formula oski15a01b49s with K=10 up to limit 1600
[2025-12-12 07:26:41] [generate_cnf] Generating formula oski15a01b49s with K=11
[2025-12-12 07:26:59] [run_formula] Running formula oski15a01b49s with K=11 up to limit 1600
[2025-12-12 07:27:17] [generate_cnf] Generating formula oski15a01b49s with K=12
[2025-12-12 07:27:37] [run_formula] Running formula oski15a01b49s with K=12 up to limit 1600
[2025-12-12 07:27:53] [generate_cnf] Generating formula oski15a01b49s with K=13
[2025-12-12 07:28:15] [run_formula] Running formula oski15a01b49s with K=13 up to limit 1600
[2025-12-12 07:28:35] [generate_cnf] Generating formula oski15a01b49s with K=14
[2025-12-12 07:28:58] [run_formula] Running formula oski15a01b49s with K=14 up to limit 1600
[2025-12-12 07:29:16] [generate_cnf] Generating formula oski15a01b49s with K=15
[2025-12-12 07:29:41] [run_formula] Running formula oski15a01b49s with K=15 up to limit 1600
[2025-12-12 07:30:01] [generate_cnf] Generating formula oski15a01b49s with K=16
[2025-12-12 07:30:27] [run_formula] Running formula oski15a01b49s with K=16 up to limit 1600
[2025-12-12 07:30:47] [generate_cnf] Generating formula oski15a01b49s with K=17
[2025-12-12 07:31:14] [run_formula] Running formula oski15a01b49s with K=17 up to limit 1600
[2025-12-12 07:31:35] [generate_cnf] Generating formula oski15a01b49s with K=18
[2025-12-12 07:32:04] [run_formula] Running formula oski15a01b49s with K=18 up to limit 1600
[2025-12-12 07:32:13] [generate_cnf] Generating formula oski15a01b49s with K=19
[2025-12-12 07:32:44] [run_formula] Running formula oski15a01b49s with K=19 up to limit 1600
[2025-12-12 07:32:54] [generate_cnf] Generating formula oski15a01b49s with K=20
[2025-12-12 07:33:26] [run_formula] Running formula oski15a01b49s with K=20 up to limit 1600
[2025-12-12 07:33:36] [generate_cnf] Generating formula oski15a01b49s with K=21
[2025-12-12 07:34:07] [run_formula] Running formula oski15a01b49s with K=21 up to limit 1600
[2025-12-12 07:34:18] [generate_cnf] Generating formula oski15a01b49s with K=22
[2025-12-12 07:34:52] [run_formula] Running formula oski15a01b49s with K=22 up to limit 1600
[2025-12-12 07:35:04] [generate_cnf] Generating formula oski15a01b49s with K=23
[2025-12-12 07:35:39] [run_formula] Running formula oski15a01b49s with K=23 up to limit 1600
[2025-12-12 07:35:50] [generate_cnf] Generating formula oski15a01b49s with K=24
[2025-12-12 07:36:27] [run_formula] Running formula oski15a01b49s with K=24 up to limit 1600
[2025-12-12 07:36:39] [generate_cnf] Generating formula oski15a01b49s with K=25
[2025-12-12 07:37:18] [run_formula] Running formula oski15a01b49s with K=25 up to limit 1600
[2025-12-12 07:37:31] [generate_cnf] Generating formula oski15a01b49s with K=26
[2025-12-12 07:38:12] [run_formula] Running formula oski15a01b49s with K=26 up to limit 1600
[2025-12-12 07:38:26] [generate_cnf] Generating formula oski15a01b49s with K=27
[2025-12-12 07:39:08] [run_formula] Running formula oski15a01b49s with K=27 up to limit 1600
[2025-12-12 07:39:22] [generate_cnf] Generating formula oski15a01b49s with K=28
[2025-12-12 07:40:05] [run_formula] Running formula oski15a01b49s with K=28 up to limit 1600
[2025-12-12 07:40:19] [generate_cnf] Generating formula oski15a01b49s with K=29
[2025-12-12 07:41:05] [run_formula] Running formula oski15a01b49s with K=29 up to limit 1600
[2025-12-12 07:41:20] [generate_cnf] Generating formula oski15a01b49s with K=30
[2025-12-12 07:42:05] [run_formula] Running formula oski15a01b49s with K=30 up to limit 1600
[2025-12-12 07:42:20] [generate_cnf] Generating formula oski15a01b49s with K=31
[2025-12-12 07:43:07] [run_formula] Running formula oski15a01b49s with K=31 up to limit 1600
[2025-12-12 07:43:22] [generate_cnf] Generating formula oski15a01b49s with K=32
[2025-12-12 07:44:13] [run_formula] Running formula oski15a01b49s with K=32 up to limit 1600
[2025-12-12 07:44:29] [generate_cnf] Generating formula oski15a01b49s with K=33
[2025-12-12 07:45:21] [run_formula] Running formula oski15a01b49s with K=33 up to limit 1600
[2025-12-12 07:45:38] [generate_cnf] Generating formula oski15a01b49s with K=34
[2025-12-12 07:46:32] [run_formula] Running formula oski15a01b49s with K=34 up to limit 1600
[2025-12-12 07:46:50] [generate_cnf] Generating formula oski15a01b49s with K=35
[2025-12-12 07:47:44] [run_formula] Running formula oski15a01b49s with K=35 up to limit 1600
[2025-12-12 07:48:03] [generate_cnf] Generating formula oski15a01b49s with K=36
[2025-12-12 07:48:57] [run_formula] Running formula oski15a01b49s with K=36 up to limit 1600
[2025-12-12 07:49:16] [generate_cnf] Generating formula oski15a01b49s with K=37
[2025-12-12 07:50:12] [run_formula] Running formula oski15a01b49s with K=37 up to limit 1600
[2025-12-12 07:50:29] [generate_cnf] Generating formula oski15a01b49s with K=38
[2025-12-12 07:51:25] [run_formula] Running formula oski15a01b49s with K=38 up to limit 1600
[2025-12-12 07:51:45] [generate_cnf] Generating formula oski15a01b49s with K=39
[2025-12-12 07:52:43] [run_formula] Running formula oski15a01b49s with K=39 up to limit 1600
[2025-12-12 07:53:03] [generate_cnf] Generating formula oski15a01b49s with K=40
[2025-12-12 07:54:03] [run_formula] Running formula oski15a01b49s with K=40 up to limit 1600
[2025-12-12 07:54:23] [generate_cnf] Generating formula oski15a01b49s with K=41
[2025-12-12 07:55:25] [run_formula] Running formula oski15a01b49s with K=41 up to limit 1600
[2025-12-12 07:55:47] [generate_cnf] Generating formula oski15a01b49s with K=42
[2025-12-12 07:56:50] [run_formula] Running formula oski15a01b49s with K=42 up to limit 1600
[2025-12-12 07:57:12] [generate_cnf] Generating formula oski15a01b49s with K=43
[2025-12-12 07:58:15] [run_formula] Running formula oski15a01b49s with K=43 up to limit 1600
[2025-12-12 07:58:36] [generate_cnf] Generating formula oski15a01b49s with K=44
[2025-12-12 07:59:43] [run_formula] Running formula oski15a01b49s with K=44 up to limit 1600
[2025-12-12 08:00:06] [generate_cnf] Generating formula oski15a01b49s with K=45
[2025-12-12 08:01:11] [run_formula] Running formula oski15a01b49s with K=45 up to limit 1600
[2025-12-12 08:01:34] [generate_cnf] Generating formula oski15a01b49s with K=46
[2025-12-12 08:02:43] [run_formula] Running formula oski15a01b49s with K=46 up to limit 1600
[2025-12-12 08:03:06] [generate_cnf] Generating formula oski15a01b49s with K=47
[2025-12-12 08:04:17] [run_formula] Running formula oski15a01b49s with K=47 up to limit 1600
[2025-12-12 08:04:41] [generate_cnf] Generating formula oski15a01b49s with K=48
[2025-12-12 08:05:52] [run_formula] Running formula oski15a01b49s with K=48 up to limit 1600
[2025-12-12 08:06:17] [generate_cnf] Generating formula oski15a01b49s with K=49
[2025-12-12 08:07:32] [run_formula] Running formula oski15a01b49s with K=49 up to limit 1600
[2025-12-12 08:07:57] [generate_cnf] Generating formula oski15a01b49s with K=50
[2025-12-12 08:09:12] [run_formula] Running formula oski15a01b49s with K=50 up to limit 1600
[2025-12-12 08:09:38] [generate_cnf] Generating formula oski15a01b49s with K=51
[2025-12-12 08:10:56] [run_formula] Running formula oski15a01b49s with K=51 up to limit 1600
[2025-12-12 08:11:20] [generate_cnf] Generating formula oski15a01b49s with K=52
[2025-12-12 08:12:38] [run_formula] Running formula oski15a01b49s with K=52 up to limit 1600
[2025-12-12 08:13:03] [generate_cnf] Generating formula oski15a01b49s with K=53
[2025-12-12 08:14:22] [run_formula] Running formula oski15a01b49s with K=53 up to limit 1600
[2025-12-12 08:14:42] [generate_cnf] Generating formula oski15a01b49s with K=54
[2025-12-12 08:16:00] [run_formula] Running formula oski15a01b49s with K=54 up to limit 1600
[2025-12-12 08:16:28] [generate_cnf] Generating formula oski15a01b49s with K=55
[2025-12-12 08:17:48] [run_formula] Running formula oski15a01b49s with K=55 up to limit 1600
[2025-12-12 08:18:16] [generate_cnf] Generating formula oski15a01b49s with K=56
[2025-12-12 08:19:40] [run_formula] Running formula oski15a01b49s with K=56 up to limit 1600
[2025-12-12 08:20:09] [generate_cnf] Generating formula oski15a01b49s with K=57
[2025-12-12 08:21:30] [run_formula] Running formula oski15a01b49s with K=57 up to limit 1600
[2025-12-12 08:21:57] [generate_cnf] Generating formula oski15a01b49s with K=58
[2025-12-12 08:23:23] [run_formula] Running formula oski15a01b49s with K=58 up to limit 1600
[2025-12-12 08:23:51] [generate_cnf] Generating formula oski15a01b49s with K=59
[2025-12-12 08:25:18] [run_formula] Running formula oski15a01b49s with K=59 up to limit 1600
[2025-12-12 08:25:45] [generate_cnf] Generating formula oski15a01b49s with K=60
[2025-12-12 08:27:12] [run_formula] Running formula oski15a01b49s with K=60 up to limit 1600
[2025-12-12 08:27:39] [generate_cnf] Generating formula oski15a01b49s with K=61
[2025-12-12 08:28:37] [generate_and_run_up_to_limit] Failed to generate CNF for oski15a01b49s with K=61, halting
