CNF written.
CNF written.
CNF written.
CNF written.
CNF written.
CNF written.
CNF written.
CNF written.
CNF written.
CNF written.
CNF written.
CNF written.
CNF written.
CNF written.
CNF written.
CNF written.
CNF written.
CNF written.
CNF written.
CNF written.
CNF written.
CNF written.
CNF written.
CNF written.
CNF written.
CNF written.
CNF written.
CNF written.
CNF written.
CNF written.
CNF written.
CNF written.
CNF written.
CNF written.
CNF written.
CNF written.
CNF written.
CNF written.
CNF written.
CNF written.
CNF written.
CNF written.
CNF written.
CNF written.
CNF written.
CNF written.
CNF written.
CNF written.
CNF written.
CNF written.
CNF written.
CNF written.
CNF written.
CNF written.
CNF written.
CNF written.
CNF written.
CNF written.
CNF written.
CNF written.
CNF written.
CNF written.
CNF written.
CNF written.
CNF written.
CNF written.
[2025-12-12 07:10:29] [generate_and_run_up_to_limit] Generating and running oski15a01b37s with K<=500 up to limit 1600
[2025-12-12 07:10:29] [generate_cnf] Generating formula oski15a01b37s with K=1
[2025-12-12 07:10:33] [run_formula] Running formula oski15a01b37s with K=1 up to limit 1600
[2025-12-12 07:10:34] [generate_cnf] Generating formula oski15a01b37s with K=2
[2025-12-12 07:10:39] [run_formula] Running formula oski15a01b37s with K=2 up to limit 1600
[2025-12-12 07:10:40] [generate_cnf] Generating formula oski15a01b37s with K=3
[2025-12-12 07:10:47] [run_formula] Running formula oski15a01b37s with K=3 up to limit 1600
[2025-12-12 07:10:48] [generate_cnf] Generating formula oski15a01b37s with K=4
[2025-12-12 07:10:57] [run_formula] Running formula oski15a01b37s with K=4 up to limit 1600
[2025-12-12 07:10:59] [generate_cnf] Generating formula oski15a01b37s with K=5
[2025-12-12 07:11:08] [run_formula] Running formula oski15a01b37s with K=5 up to limit 1600
[2025-12-12 07:11:10] [generate_cnf] Generating formula oski15a01b37s with K=6
[2025-12-12 07:11:22] [run_formula] Running formula oski15a01b37s with K=6 up to limit 1600
[2025-12-12 07:11:24] [generate_cnf] Generating formula oski15a01b37s with K=7
[2025-12-12 07:11:37] [run_formula] Running formula oski15a01b37s with K=7 up to limit 1600
[2025-12-12 07:11:40] [generate_cnf] Generating formula oski15a01b37s with K=8
[2025-12-12 07:11:54] [run_formula] Running formula oski15a01b37s with K=8 up to limit 1600
[2025-12-12 07:11:57] [generate_cnf] Generating formula oski15a01b37s with K=9
[2025-12-12 07:12:12] [run_formula] Running formula oski15a01b37s with K=9 up to limit 1600
[2025-12-12 07:12:16] [generate_cnf] Generating formula oski15a01b37s with K=10
[2025-12-12 07:12:33] [run_formula] Running formula oski15a01b37s with K=10 up to limit 1600
[2025-12-12 07:12:37] [generate_cnf] Generating formula oski15a01b37s with K=11
[2025-12-12 07:12:55] [run_formula] Running formula oski15a01b37s with K=11 up to limit 1600
[2025-12-12 07:12:59] [generate_cnf] Generating formula oski15a01b37s with K=12
[2025-12-12 07:13:19] [run_formula] Running formula oski15a01b37s with K=12 up to limit 1600
[2025-12-12 07:13:24] [generate_cnf] Generating formula oski15a01b37s with K=13
[2025-12-12 07:13:44] [run_formula] Running formula oski15a01b37s with K=13 up to limit 1600
[2025-12-12 07:13:50] [generate_cnf] Generating formula oski15a01b37s with K=14
[2025-12-12 07:14:15] [run_formula] Running formula oski15a01b37s with K=14 up to limit 1600
[2025-12-12 07:14:21] [generate_cnf] Generating formula oski15a01b37s with K=15
[2025-12-12 07:14:47] [run_formula] Running formula oski15a01b37s with K=15 up to limit 1600
[2025-12-12 07:14:55] [generate_cnf] Generating formula oski15a01b37s with K=16
[2025-12-12 07:15:22] [run_formula] Running formula oski15a01b37s with K=16 up to limit 1600
[2025-12-12 07:15:29] [generate_cnf] Generating formula oski15a01b37s with K=17
[2025-12-12 07:15:59] [run_formula] Running formula oski15a01b37s with K=17 up to limit 1600
[2025-12-12 07:16:06] [generate_cnf] Generating formula oski15a01b37s with K=18
[2025-12-12 07:16:37] [run_formula] Running formula oski15a01b37s with K=18 up to limit 1600
[2025-12-12 07:16:46] [generate_cnf] Generating formula oski15a01b37s with K=19
[2025-12-12 07:17:18] [run_formula] Running formula oski15a01b37s with K=19 up to limit 1600
[2025-12-12 07:17:27] [generate_cnf] Generating formula oski15a01b37s with K=20
[2025-12-12 07:18:01] [run_formula] Running formula oski15a01b37s with K=20 up to limit 1600
[2025-12-12 07:18:11] [generate_cnf] Generating formula oski15a01b37s with K=21
[2025-12-12 07:18:47] [run_formula] Running formula oski15a01b37s with K=21 up to limit 1600
[2025-12-12 07:18:57] [generate_cnf] Generating formula oski15a01b37s with K=22
[2025-12-12 07:19:34] [run_formula] Running formula oski15a01b37s with K=22 up to limit 1600
[2025-12-12 07:19:44] [generate_cnf] Generating formula oski15a01b37s with K=23
[2025-12-12 07:20:24] [run_formula] Running formula oski15a01b37s with K=23 up to limit 1600
[2025-12-12 07:20:34] [generate_cnf] Generating formula oski15a01b37s with K=24
[2025-12-12 07:21:14] [run_formula] Running formula oski15a01b37s with K=24 up to limit 1600
[2025-12-12 07:21:25] [generate_cnf] Generating formula oski15a01b37s with K=25
[2025-12-12 07:22:06] [run_formula] Running formula oski15a01b37s with K=25 up to limit 1600
[2025-12-12 07:22:18] [generate_cnf] Generating formula oski15a01b37s with K=26
[2025-12-12 07:23:02] [run_formula] Running formula oski15a01b37s with K=26 up to limit 1600
[2025-12-12 07:23:14] [generate_cnf] Generating formula oski15a01b37s with K=27
[2025-12-12 07:23:58] [run_formula] Running formula oski15a01b37s with K=27 up to limit 1600
[2025-12-12 07:24:11] [generate_cnf] Generating formula oski15a01b37s with K=28
[2025-12-12 07:24:57] [run_formula] Running formula oski15a01b37s with K=28 up to limit 1600
[2025-12-12 07:25:10] [generate_cnf] Generating formula oski15a01b37s with K=29
[2025-12-12 07:25:57] [run_formula] Running formula oski15a01b37s with K=29 up to limit 1600
[2025-12-12 07:26:10] [generate_cnf] Generating formula oski15a01b37s with K=30
[2025-12-12 07:26:58] [run_formula] Running formula oski15a01b37s with K=30 up to limit 1600
[2025-12-12 07:27:11] [generate_cnf] Generating formula oski15a01b37s with K=31
[2025-12-12 07:28:01] [run_formula] Running formula oski15a01b37s with K=31 up to limit 1600
[2025-12-12 07:28:15] [generate_cnf] Generating formula oski15a01b37s with K=32
[2025-12-12 07:29:06] [run_formula] Running formula oski15a01b37s with K=32 up to limit 1600
[2025-12-12 07:29:20] [generate_cnf] Generating formula oski15a01b37s with K=33
[2025-12-12 07:30:14] [run_formula] Running formula oski15a01b37s with K=33 up to limit 1600
[2025-12-12 07:30:29] [generate_cnf] Generating formula oski15a01b37s with K=34
[2025-12-12 07:31:23] [run_formula] Running formula oski15a01b37s with K=34 up to limit 1600
[2025-12-12 07:31:39] [generate_cnf] Generating formula oski15a01b37s with K=35
[2025-12-12 07:32:35] [run_formula] Running formula oski15a01b37s with K=35 up to limit 1600
[2025-12-12 07:32:52] [generate_cnf] Generating formula oski15a01b37s with K=36
[2025-12-12 07:33:50] [run_formula] Running formula oski15a01b37s with K=36 up to limit 1600
[2025-12-12 07:34:07] [generate_cnf] Generating formula oski15a01b37s with K=37
[2025-12-12 07:35:08] [run_formula] Running formula oski15a01b37s with K=37 up to limit 1600
[2025-12-12 07:35:25] [generate_cnf] Generating formula oski15a01b37s with K=38
[2025-12-12 07:36:27] [run_formula] Running formula oski15a01b37s with K=38 up to limit 1600
[2025-12-12 07:36:45] [generate_cnf] Generating formula oski15a01b37s with K=39
[2025-12-12 07:37:49] [run_formula] Running formula oski15a01b37s with K=39 up to limit 1600
[2025-12-12 07:38:07] [generate_cnf] Generating formula oski15a01b37s with K=40
[2025-12-12 07:39:12] [run_formula] Running formula oski15a01b37s with K=40 up to limit 1600
[2025-12-12 07:39:31] [generate_cnf] Generating formula oski15a01b37s with K=41
[2025-12-12 07:40:38] [run_formula] Running formula oski15a01b37s with K=41 up to limit 1600
[2025-12-12 07:40:57] [generate_cnf] Generating formula oski15a01b37s with K=42
[2025-12-12 07:42:04] [run_formula] Running formula oski15a01b37s with K=42 up to limit 1600
[2025-12-12 07:42:23] [generate_cnf] Generating formula oski15a01b37s with K=43
[2025-12-12 07:43:31] [run_formula] Running formula oski15a01b37s with K=43 up to limit 1600
[2025-12-12 07:43:51] [generate_cnf] Generating formula oski15a01b37s with K=44
[2025-12-12 07:45:02] [run_formula] Running formula oski15a01b37s with K=44 up to limit 1600
[2025-12-12 07:45:22] [generate_cnf] Generating formula oski15a01b37s with K=45
[2025-12-12 07:46:33] [run_formula] Running formula oski15a01b37s with K=45 up to limit 1600
[2025-12-12 07:46:54] [generate_cnf] Generating formula oski15a01b37s with K=46
[2025-12-12 07:48:10] [run_formula] Running formula oski15a01b37s with K=46 up to limit 1600
[2025-12-12 07:48:31] [generate_cnf] Generating formula oski15a01b37s with K=47
[2025-12-12 07:49:48] [run_formula] Running formula oski15a01b37s with K=47 up to limit 1600
[2025-12-12 07:50:11] [generate_cnf] Generating formula oski15a01b37s with K=48
[2025-12-12 07:51:29] [run_formula] Running formula oski15a01b37s with K=48 up to limit 1600
[2025-12-12 07:51:51] [generate_cnf] Generating formula oski15a01b37s with K=49
[2025-12-12 07:53:10] [run_formula] Running formula oski15a01b37s with K=49 up to limit 1600
[2025-12-12 07:53:33] [generate_cnf] Generating formula oski15a01b37s with K=50
[2025-12-12 07:54:54] [run_formula] Running formula oski15a01b37s with K=50 up to limit 1600
[2025-12-12 07:55:17] [generate_cnf] Generating formula oski15a01b37s with K=51
[2025-12-12 07:56:40] [run_formula] Running formula oski15a01b37s with K=51 up to limit 1600
[2025-12-12 07:57:04] [generate_cnf] Generating formula oski15a01b37s with K=52
[2025-12-12 07:58:27] [run_formula] Running formula oski15a01b37s with K=52 up to limit 1600
[2025-12-12 07:58:52] [generate_cnf] Generating formula oski15a01b37s with K=53
[2025-12-12 08:00:18] [run_formula] Running formula oski15a01b37s with K=53 up to limit 1600
[2025-12-12 08:00:43] [generate_cnf] Generating formula oski15a01b37s with K=54
[2025-12-12 08:02:11] [run_formula] Running formula oski15a01b37s with K=54 up to limit 1600
[2025-12-12 08:02:37] [generate_cnf] Generating formula oski15a01b37s with K=55
[2025-12-12 08:04:07] [run_formula] Running formula oski15a01b37s with K=55 up to limit 1600
[2025-12-12 08:04:33] [generate_cnf] Generating formula oski15a01b37s with K=56
[2025-12-12 08:06:06] [run_formula] Running formula oski15a01b37s with K=56 up to limit 1600
[2025-12-12 08:06:33] [generate_cnf] Generating formula oski15a01b37s with K=57
[2025-12-12 08:08:05] [run_formula] Running formula oski15a01b37s with K=57 up to limit 1600
[2025-12-12 08:08:33] [generate_cnf] Generating formula oski15a01b37s with K=58
[2025-12-12 08:10:09] [run_formula] Running formula oski15a01b37s with K=58 up to limit 1600
[2025-12-12 08:10:38] [generate_cnf] Generating formula oski15a01b37s with K=59
[2025-12-12 08:12:17] [run_formula] Running formula oski15a01b37s with K=59 up to limit 1600
[2025-12-12 08:12:45] [generate_cnf] Generating formula oski15a01b37s with K=60
[2025-12-12 08:14:24] [run_formula] Running formula oski15a01b37s with K=60 up to limit 1600
[2025-12-12 08:15:06] [generate_cnf] Generating formula oski15a01b37s with K=61
[2025-12-12 08:16:47] [run_formula] Running formula oski15a01b37s with K=61 up to limit 1600
[2025-12-12 08:17:15] [generate_cnf] Generating formula oski15a01b37s with K=62
[2025-12-12 08:18:57] [run_formula] Running formula oski15a01b37s with K=62 up to limit 1600
[2025-12-12 08:19:26] [generate_cnf] Generating formula oski15a01b37s with K=63
[2025-12-12 08:21:08] [run_formula] Running formula oski15a01b37s with K=63 up to limit 1600
[2025-12-12 08:21:38] [generate_cnf] Generating formula oski15a01b37s with K=64
[2025-12-12 08:23:22] [run_formula] Running formula oski15a01b37s with K=64 up to limit 1600
[2025-12-12 08:23:53] [generate_cnf] Generating formula oski15a01b37s with K=65
[2025-12-12 08:25:41] [run_formula] Running formula oski15a01b37s with K=65 up to limit 1600
[2025-12-12 08:26:13] [generate_cnf] Generating formula oski15a01b37s with K=66
[2025-12-12 08:28:02] [run_formula] Running formula oski15a01b37s with K=66 up to limit 1600
[2025-12-12 08:28:34] [run_formula] Error running formula oski15a01b37s with K=66: [Errno 122] Disk quota exceeded: './results/solving_logs/oski15a01b37s//oski15a01b37s.66.log'
[2025-12-12 08:28:34] [generate_and_run_up_to_limit] Failed to run formula oski15a01b37s with K=66, halting
