CNF written.
CNF written.
CNF written.
CNF written.
CNF written.
CNF written.
CNF written.
CNF written.
CNF written.
CNF written.
CNF written.
CNF written.
CNF written.
CNF written.
CNF written.
CNF written.
CNF written.
CNF written.
CNF written.
CNF written.
CNF written.
CNF written.
CNF written.
CNF written.
CNF written.
CNF written.
CNF written.
CNF written.
CNF written.
CNF written.
CNF written.
CNF written.
CNF written.
CNF written.
CNF written.
CNF written.
CNF written.
CNF written.
CNF written.
CNF written.
CNF written.
CNF written.
CNF written.
CNF written.
CNF written.
CNF written.
CNF written.
CNF written.
CNF written.
CNF written.
CNF written.
CNF written.
CNF written.
CNF written.
CNF written.
CNF written.
CNF written.
CNF written.
CNF written.
CNF written.
CNF written.
CNF written.
CNF written.
CNF written.
CNF written.
CNF written.
CNF written.
CNF written.
CNF written.
CNF written.
CNF written.
CNF written.
CNF written.
CNF written.
CNF written.
CNF written.
CNF written.
CNF written.
CNF written.
CNF written.
CNF written.
CNF written.
CNF written.
CNF written.
CNF written.
CNF written.
CNF written.
CNF written.
CNF written.
CNF written.
CNF written.
CNF written.
CNF written.
CNF written.
CNF written.
CNF written.
CNF written.
CNF written.
CNF written.
CNF written.
CNF written.
CNF written.
CNF written.
CNF written.
CNF written.
CNF written.
CNF written.
CNF written.
CNF written.
CNF written.
CNF written.
CNF written.
CNF written.
CNF written.
CNF written.
CNF written.
CNF written.
CNF written.
CNF written.
CNF written.
CNF written.
CNF written.
CNF written.
CNF written.
CNF written.
CNF written.
CNF written.
CNF written.
CNF written.
CNF written.
CNF written.
CNF written.
CNF written.
CNF written.
CNF written.
CNF written.
CNF written.
CNF written.
CNF written.
CNF written.
CNF written.
CNF written.
CNF written.
CNF written.
CNF written.
CNF written.
CNF written.
CNF written.
CNF written.
CNF written.
CNF written.
CNF written.
CNF written.
CNF written.
CNF written.
CNF written.
CNF written.
CNF written.
CNF written.
CNF written.
CNF written.
CNF written.
CNF written.
CNF written.
CNF written.
CNF written.
CNF written.
CNF written.
CNF written.
CNF written.
CNF written.
CNF written.
CNF written.
CNF written.
CNF written.
CNF written.
CNF written.
CNF written.
CNF written.
CNF written.
CNF written.
CNF written.
CNF written.
CNF written.
CNF written.
CNF written.
CNF written.
CNF written.
CNF written.
CNF written.
[2025-12-12 07:36:48] [generate_and_run_up_to_limit] Generating and running oski15a14b31s with K<=500 up to limit 1600
[2025-12-12 07:36:48] [generate_cnf] Generating formula oski15a14b31s with K=1
[2025-12-12 07:36:48] [run_formula] Running formula oski15a14b31s with K=1 up to limit 1600
[2025-12-12 07:36:48] [generate_cnf] Generating formula oski15a14b31s with K=2
[2025-12-12 07:36:49] [run_formula] Running formula oski15a14b31s with K=2 up to limit 1600
[2025-12-12 07:36:49] [generate_cnf] Generating formula oski15a14b31s with K=3
[2025-12-12 07:36:49] [run_formula] Running formula oski15a14b31s with K=3 up to limit 1600
[2025-12-12 07:36:50] [generate_cnf] Generating formula oski15a14b31s with K=4
[2025-12-12 07:36:50] [run_formula] Running formula oski15a14b31s with K=4 up to limit 1600
[2025-12-12 07:36:50] [generate_cnf] Generating formula oski15a14b31s with K=5
[2025-12-12 07:36:51] [run_formula] Running formula oski15a14b31s with K=5 up to limit 1600
[2025-12-12 07:36:51] [generate_cnf] Generating formula oski15a14b31s with K=6
[2025-12-12 07:36:52] [run_formula] Running formula oski15a14b31s with K=6 up to limit 1600
[2025-12-12 07:36:52] [generate_cnf] Generating formula oski15a14b31s with K=7
[2025-12-12 07:36:53] [run_formula] Running formula oski15a14b31s with K=7 up to limit 1600
[2025-12-12 07:36:54] [generate_cnf] Generating formula oski15a14b31s with K=8
[2025-12-12 07:36:55] [run_formula] Running formula oski15a14b31s with K=8 up to limit 1600
[2025-12-12 07:36:55] [generate_cnf] Generating formula oski15a14b31s with K=9
[2025-12-12 07:36:56] [run_formula] Running formula oski15a14b31s with K=9 up to limit 1600
[2025-12-12 07:36:56] [generate_cnf] Generating formula oski15a14b31s with K=10
[2025-12-12 07:36:58] [run_formula] Running formula oski15a14b31s with K=10 up to limit 1600
[2025-12-12 07:36:58] [generate_cnf] Generating formula oski15a14b31s with K=11
[2025-12-12 07:37:00] [run_formula] Running formula oski15a14b31s with K=11 up to limit 1600
[2025-12-12 07:37:00] [generate_cnf] Generating formula oski15a14b31s with K=12
[2025-12-12 07:37:02] [run_formula] Running formula oski15a14b31s with K=12 up to limit 1600
[2025-12-12 07:37:02] [generate_cnf] Generating formula oski15a14b31s with K=13
[2025-12-12 07:37:04] [run_formula] Running formula oski15a14b31s with K=13 up to limit 1600
[2025-12-12 07:37:04] [generate_cnf] Generating formula oski15a14b31s with K=14
[2025-12-12 07:37:06] [run_formula] Running formula oski15a14b31s with K=14 up to limit 1600
[2025-12-12 07:37:07] [generate_cnf] Generating formula oski15a14b31s with K=15
[2025-12-12 07:37:09] [run_formula] Running formula oski15a14b31s with K=15 up to limit 1600
[2025-12-12 07:37:10] [generate_cnf] Generating formula oski15a14b31s with K=16
[2025-12-12 07:37:12] [run_formula] Running formula oski15a14b31s with K=16 up to limit 1600
[2025-12-12 07:37:12] [generate_cnf] Generating formula oski15a14b31s with K=17
[2025-12-12 07:37:15] [run_formula] Running formula oski15a14b31s with K=17 up to limit 1600
[2025-12-12 07:37:15] [generate_cnf] Generating formula oski15a14b31s with K=18
[2025-12-12 07:37:18] [run_formula] Running formula oski15a14b31s with K=18 up to limit 1600
[2025-12-12 07:37:18] [generate_cnf] Generating formula oski15a14b31s with K=19
[2025-12-12 07:37:21] [run_formula] Running formula oski15a14b31s with K=19 up to limit 1600
[2025-12-12 07:37:21] [generate_cnf] Generating formula oski15a14b31s with K=20
[2025-12-12 07:37:24] [run_formula] Running formula oski15a14b31s with K=20 up to limit 1600
[2025-12-12 07:37:24] [generate_cnf] Generating formula oski15a14b31s with K=21
[2025-12-12 07:37:27] [run_formula] Running formula oski15a14b31s with K=21 up to limit 1600
[2025-12-12 07:37:28] [generate_cnf] Generating formula oski15a14b31s with K=22
[2025-12-12 07:37:30] [run_formula] Running formula oski15a14b31s with K=22 up to limit 1600
[2025-12-12 07:37:31] [generate_cnf] Generating formula oski15a14b31s with K=23
[2025-12-12 07:37:34] [run_formula] Running formula oski15a14b31s with K=23 up to limit 1600
[2025-12-12 07:37:35] [generate_cnf] Generating formula oski15a14b31s with K=24
[2025-12-12 07:37:39] [run_formula] Running formula oski15a14b31s with K=24 up to limit 1600
[2025-12-12 07:37:39] [generate_cnf] Generating formula oski15a14b31s with K=25
[2025-12-12 07:37:43] [run_formula] Running formula oski15a14b31s with K=25 up to limit 1600
[2025-12-12 07:37:44] [generate_cnf] Generating formula oski15a14b31s with K=26
[2025-12-12 07:37:48] [run_formula] Running formula oski15a14b31s with K=26 up to limit 1600
[2025-12-12 07:37:48] [generate_cnf] Generating formula oski15a14b31s with K=27
[2025-12-12 07:37:52] [run_formula] Running formula oski15a14b31s with K=27 up to limit 1600
[2025-12-12 07:37:53] [generate_cnf] Generating formula oski15a14b31s with K=28
[2025-12-12 07:37:57] [run_formula] Running formula oski15a14b31s with K=28 up to limit 1600
[2025-12-12 07:37:58] [generate_cnf] Generating formula oski15a14b31s with K=29
[2025-12-12 07:38:02] [run_formula] Running formula oski15a14b31s with K=29 up to limit 1600
[2025-12-12 07:38:03] [generate_cnf] Generating formula oski15a14b31s with K=30
[2025-12-12 07:38:07] [run_formula] Running formula oski15a14b31s with K=30 up to limit 1600
[2025-12-12 07:38:08] [generate_cnf] Generating formula oski15a14b31s with K=31
[2025-12-12 07:38:12] [run_formula] Running formula oski15a14b31s with K=31 up to limit 1600
[2025-12-12 07:38:13] [generate_cnf] Generating formula oski15a14b31s with K=32
[2025-12-12 07:38:18] [run_formula] Running formula oski15a14b31s with K=32 up to limit 1600
[2025-12-12 07:38:19] [generate_cnf] Generating formula oski15a14b31s with K=33
[2025-12-12 07:38:24] [run_formula] Running formula oski15a14b31s with K=33 up to limit 1600
[2025-12-12 07:38:25] [generate_cnf] Generating formula oski15a14b31s with K=34
[2025-12-12 07:38:30] [run_formula] Running formula oski15a14b31s with K=34 up to limit 1600
[2025-12-12 07:38:31] [generate_cnf] Generating formula oski15a14b31s with K=35
[2025-12-12 07:38:36] [run_formula] Running formula oski15a14b31s with K=35 up to limit 1600
[2025-12-12 07:38:37] [generate_cnf] Generating formula oski15a14b31s with K=36
[2025-12-12 07:38:42] [run_formula] Running formula oski15a14b31s with K=36 up to limit 1600
[2025-12-12 07:38:43] [generate_cnf] Generating formula oski15a14b31s with K=37
[2025-12-12 07:38:48] [run_formula] Running formula oski15a14b31s with K=37 up to limit 1600
[2025-12-12 07:38:49] [generate_cnf] Generating formula oski15a14b31s with K=38
[2025-12-12 07:38:55] [run_formula] Running formula oski15a14b31s with K=38 up to limit 1600
[2025-12-12 07:38:56] [generate_cnf] Generating formula oski15a14b31s with K=39
[2025-12-12 07:39:02] [run_formula] Running formula oski15a14b31s with K=39 up to limit 1600
[2025-12-12 07:39:03] [generate_cnf] Generating formula oski15a14b31s with K=40
[2025-12-12 07:39:09] [run_formula] Running formula oski15a14b31s with K=40 up to limit 1600
[2025-12-12 07:39:10] [generate_cnf] Generating formula oski15a14b31s with K=41
[2025-12-12 07:39:16] [run_formula] Running formula oski15a14b31s with K=41 up to limit 1600
[2025-12-12 07:39:17] [generate_cnf] Generating formula oski15a14b31s with K=42
[2025-12-12 07:39:23] [run_formula] Running formula oski15a14b31s with K=42 up to limit 1600
[2025-12-12 07:39:25] [generate_cnf] Generating formula oski15a14b31s with K=43
[2025-12-12 07:39:31] [run_formula] Running formula oski15a14b31s with K=43 up to limit 1600
[2025-12-12 07:39:33] [generate_cnf] Generating formula oski15a14b31s with K=44
[2025-12-12 07:39:39] [run_formula] Running formula oski15a14b31s with K=44 up to limit 1600
[2025-12-12 07:39:41] [generate_cnf] Generating formula oski15a14b31s with K=45
[2025-12-12 07:39:46] [run_formula] Running formula oski15a14b31s with K=45 up to limit 1600
[2025-12-12 07:39:48] [generate_cnf] Generating formula oski15a14b31s with K=46
[2025-12-12 07:39:54] [run_formula] Running formula oski15a14b31s with K=46 up to limit 1600
[2025-12-12 07:39:55] [generate_cnf] Generating formula oski15a14b31s with K=47
[2025-12-12 07:40:01] [run_formula] Running formula oski15a14b31s with K=47 up to limit 1600
[2025-12-12 07:40:03] [generate_cnf] Generating formula oski15a14b31s with K=48
[2025-12-12 07:40:09] [run_formula] Running formula oski15a14b31s with K=48 up to limit 1600
[2025-12-12 07:40:11] [generate_cnf] Generating formula oski15a14b31s with K=49
[2025-12-12 07:40:16] [run_formula] Running formula oski15a14b31s with K=49 up to limit 1600
[2025-12-12 07:40:18] [generate_cnf] Generating formula oski15a14b31s with K=50
[2025-12-12 07:40:24] [run_formula] Running formula oski15a14b31s with K=50 up to limit 1600
[2025-12-12 07:40:26] [generate_cnf] Generating formula oski15a14b31s with K=51
[2025-12-12 07:40:32] [run_formula] Running formula oski15a14b31s with K=51 up to limit 1600
[2025-12-12 07:40:34] [generate_cnf] Generating formula oski15a14b31s with K=52
[2025-12-12 07:40:41] [run_formula] Running formula oski15a14b31s with K=52 up to limit 1600
[2025-12-12 07:40:43] [generate_cnf] Generating formula oski15a14b31s with K=53
[2025-12-12 07:40:49] [run_formula] Running formula oski15a14b31s with K=53 up to limit 1600
[2025-12-12 07:40:51] [generate_cnf] Generating formula oski15a14b31s with K=54
[2025-12-12 07:40:59] [run_formula] Running formula oski15a14b31s with K=54 up to limit 1600
[2025-12-12 07:41:01] [generate_cnf] Generating formula oski15a14b31s with K=55
[2025-12-12 07:41:08] [run_formula] Running formula oski15a14b31s with K=55 up to limit 1600
[2025-12-12 07:41:09] [generate_cnf] Generating formula oski15a14b31s with K=56
[2025-12-12 07:41:17] [run_formula] Running formula oski15a14b31s with K=56 up to limit 1600
[2025-12-12 07:41:18] [generate_cnf] Generating formula oski15a14b31s with K=57
[2025-12-12 07:41:26] [run_formula] Running formula oski15a14b31s with K=57 up to limit 1600
[2025-12-12 07:41:27] [generate_cnf] Generating formula oski15a14b31s with K=58
[2025-12-12 07:41:35] [run_formula] Running formula oski15a14b31s with K=58 up to limit 1600
[2025-12-12 07:41:37] [generate_cnf] Generating formula oski15a14b31s with K=59
[2025-12-12 07:41:44] [run_formula] Running formula oski15a14b31s with K=59 up to limit 1600
[2025-12-12 07:41:46] [generate_cnf] Generating formula oski15a14b31s with K=60
[2025-12-12 07:41:53] [run_formula] Running formula oski15a14b31s with K=60 up to limit 1600
[2025-12-12 07:41:55] [generate_cnf] Generating formula oski15a14b31s with K=61
[2025-12-12 07:42:03] [run_formula] Running formula oski15a14b31s with K=61 up to limit 1600
[2025-12-12 07:42:05] [generate_cnf] Generating formula oski15a14b31s with K=62
[2025-12-12 07:42:13] [run_formula] Running formula oski15a14b31s with K=62 up to limit 1600
[2025-12-12 07:42:15] [generate_cnf] Generating formula oski15a14b31s with K=63
[2025-12-12 07:42:23] [run_formula] Running formula oski15a14b31s with K=63 up to limit 1600
[2025-12-12 07:42:25] [generate_cnf] Generating formula oski15a14b31s with K=64
[2025-12-12 07:42:33] [run_formula] Running formula oski15a14b31s with K=64 up to limit 1600
[2025-12-12 07:42:35] [generate_cnf] Generating formula oski15a14b31s with K=65
[2025-12-12 07:42:44] [run_formula] Running formula oski15a14b31s with K=65 up to limit 1600
[2025-12-12 07:42:46] [generate_cnf] Generating formula oski15a14b31s with K=66
[2025-12-12 07:42:54] [run_formula] Running formula oski15a14b31s with K=66 up to limit 1600
[2025-12-12 07:42:56] [generate_cnf] Generating formula oski15a14b31s with K=67
[2025-12-12 07:43:04] [run_formula] Running formula oski15a14b31s with K=67 up to limit 1600
[2025-12-12 07:43:06] [generate_cnf] Generating formula oski15a14b31s with K=68
[2025-12-12 07:43:15] [run_formula] Running formula oski15a14b31s with K=68 up to limit 1600
[2025-12-12 07:43:17] [generate_cnf] Generating formula oski15a14b31s with K=69
[2025-12-12 07:43:26] [run_formula] Running formula oski15a14b31s with K=69 up to limit 1600
[2025-12-12 07:43:28] [generate_cnf] Generating formula oski15a14b31s with K=70
[2025-12-12 07:43:37] [run_formula] Running formula oski15a14b31s with K=70 up to limit 1600
[2025-12-12 07:43:39] [generate_cnf] Generating formula oski15a14b31s with K=71
[2025-12-12 07:43:48] [run_formula] Running formula oski15a14b31s with K=71 up to limit 1600
[2025-12-12 07:43:50] [generate_cnf] Generating formula oski15a14b31s with K=72
[2025-12-12 07:44:00] [run_formula] Running formula oski15a14b31s with K=72 up to limit 1600
[2025-12-12 07:44:02] [generate_cnf] Generating formula oski15a14b31s with K=73
[2025-12-12 07:44:11] [run_formula] Running formula oski15a14b31s with K=73 up to limit 1600
[2025-12-12 07:44:13] [generate_cnf] Generating formula oski15a14b31s with K=74
[2025-12-12 07:44:23] [run_formula] Running formula oski15a14b31s with K=74 up to limit 1600
[2025-12-12 07:44:25] [generate_cnf] Generating formula oski15a14b31s with K=75
[2025-12-12 07:44:34] [run_formula] Running formula oski15a14b31s with K=75 up to limit 1600
[2025-12-12 07:44:37] [generate_cnf] Generating formula oski15a14b31s with K=76
[2025-12-12 07:44:46] [run_formula] Running formula oski15a14b31s with K=76 up to limit 1600
[2025-12-12 07:44:49] [generate_cnf] Generating formula oski15a14b31s with K=77
[2025-12-12 07:44:58] [run_formula] Running formula oski15a14b31s with K=77 up to limit 1600
[2025-12-12 07:45:00] [generate_cnf] Generating formula oski15a14b31s with K=78
[2025-12-12 07:45:11] [run_formula] Running formula oski15a14b31s with K=78 up to limit 1600
[2025-12-12 07:45:13] [generate_cnf] Generating formula oski15a14b31s with K=79
[2025-12-12 07:45:23] [run_formula] Running formula oski15a14b31s with K=79 up to limit 1600
[2025-12-12 07:45:25] [generate_cnf] Generating formula oski15a14b31s with K=80
[2025-12-12 07:45:35] [run_formula] Running formula oski15a14b31s with K=80 up to limit 1600
[2025-12-12 07:45:38] [generate_cnf] Generating formula oski15a14b31s with K=81
[2025-12-12 07:45:48] [run_formula] Running formula oski15a14b31s with K=81 up to limit 1600
[2025-12-12 07:45:50] [generate_cnf] Generating formula oski15a14b31s with K=82
[2025-12-12 07:46:01] [run_formula] Running formula oski15a14b31s with K=82 up to limit 1600
[2025-12-12 07:46:04] [generate_cnf] Generating formula oski15a14b31s with K=83
[2025-12-12 07:46:15] [run_formula] Running formula oski15a14b31s with K=83 up to limit 1600
[2025-12-12 07:46:18] [generate_cnf] Generating formula oski15a14b31s with K=84
[2025-12-12 07:46:30] [run_formula] Running formula oski15a14b31s with K=84 up to limit 1600
[2025-12-12 07:46:33] [generate_cnf] Generating formula oski15a14b31s with K=85
[2025-12-12 07:46:45] [run_formula] Running formula oski15a14b31s with K=85 up to limit 1600
[2025-12-12 07:46:48] [generate_cnf] Generating formula oski15a14b31s with K=86
[2025-12-12 07:46:59] [run_formula] Running formula oski15a14b31s with K=86 up to limit 1600
[2025-12-12 07:47:02] [generate_cnf] Generating formula oski15a14b31s with K=87
[2025-12-12 07:47:13] [run_formula] Running formula oski15a14b31s with K=87 up to limit 1600
[2025-12-12 07:47:16] [generate_cnf] Generating formula oski15a14b31s with K=88
[2025-12-12 07:47:28] [run_formula] Running formula oski15a14b31s with K=88 up to limit 1600
[2025-12-12 07:47:31] [generate_cnf] Generating formula oski15a14b31s with K=89
[2025-12-12 07:47:43] [run_formula] Running formula oski15a14b31s with K=89 up to limit 1600
[2025-12-12 07:47:46] [generate_cnf] Generating formula oski15a14b31s with K=90
[2025-12-12 07:47:58] [run_formula] Running formula oski15a14b31s with K=90 up to limit 1600
[2025-12-12 07:48:01] [generate_cnf] Generating formula oski15a14b31s with K=91
[2025-12-12 07:48:13] [run_formula] Running formula oski15a14b31s with K=91 up to limit 1600
[2025-12-12 07:48:16] [generate_cnf] Generating formula oski15a14b31s with K=92
[2025-12-12 07:48:28] [run_formula] Running formula oski15a14b31s with K=92 up to limit 1600
[2025-12-12 07:48:31] [generate_cnf] Generating formula oski15a14b31s with K=93
[2025-12-12 07:48:44] [run_formula] Running formula oski15a14b31s with K=93 up to limit 1600
[2025-12-12 07:48:47] [generate_cnf] Generating formula oski15a14b31s with K=94
[2025-12-12 07:49:00] [run_formula] Running formula oski15a14b31s with K=94 up to limit 1600
[2025-12-12 07:49:03] [generate_cnf] Generating formula oski15a14b31s with K=95
[2025-12-12 07:49:17] [run_formula] Running formula oski15a14b31s with K=95 up to limit 1600
[2025-12-12 07:49:20] [generate_cnf] Generating formula oski15a14b31s with K=96
[2025-12-12 07:49:34] [run_formula] Running formula oski15a14b31s with K=96 up to limit 1600
[2025-12-12 07:49:37] [generate_cnf] Generating formula oski15a14b31s with K=97
[2025-12-12 07:49:49] [run_formula] Running formula oski15a14b31s with K=97 up to limit 1600
[2025-12-12 07:49:52] [generate_cnf] Generating formula oski15a14b31s with K=98
[2025-12-12 07:50:04] [run_formula] Running formula oski15a14b31s with K=98 up to limit 1600
[2025-12-12 07:50:08] [generate_cnf] Generating formula oski15a14b31s with K=99
[2025-12-12 07:50:21] [run_formula] Running formula oski15a14b31s with K=99 up to limit 1600
[2025-12-12 07:50:24] [generate_cnf] Generating formula oski15a14b31s with K=100
[2025-12-12 07:50:38] [run_formula] Running formula oski15a14b31s with K=100 up to limit 1600
[2025-12-12 07:50:42] [generate_cnf] Generating formula oski15a14b31s with K=101
[2025-12-12 07:50:56] [run_formula] Running formula oski15a14b31s with K=101 up to limit 1600
[2025-12-12 07:50:59] [generate_cnf] Generating formula oski15a14b31s with K=102
[2025-12-12 07:51:14] [run_formula] Running formula oski15a14b31s with K=102 up to limit 1600
[2025-12-12 07:51:17] [generate_cnf] Generating formula oski15a14b31s with K=103
[2025-12-12 07:51:30] [run_formula] Running formula oski15a14b31s with K=103 up to limit 1600
[2025-12-12 07:51:34] [generate_cnf] Generating formula oski15a14b31s with K=104
[2025-12-12 07:51:48] [run_formula] Running formula oski15a14b31s with K=104 up to limit 1600
[2025-12-12 07:51:51] [generate_cnf] Generating formula oski15a14b31s with K=105
[2025-12-12 07:52:06] [run_formula] Running formula oski15a14b31s with K=105 up to limit 1600
[2025-12-12 07:52:09] [generate_cnf] Generating formula oski15a14b31s with K=106
[2025-12-12 07:52:24] [run_formula] Running formula oski15a14b31s with K=106 up to limit 1600
[2025-12-12 07:52:27] [generate_cnf] Generating formula oski15a14b31s with K=107
[2025-12-12 07:52:42] [run_formula] Running formula oski15a14b31s with K=107 up to limit 1600
[2025-12-12 07:52:46] [generate_cnf] Generating formula oski15a14b31s with K=108
[2025-12-12 07:53:00] [run_formula] Running formula oski15a14b31s with K=108 up to limit 1600
[2025-12-12 07:53:03] [generate_cnf] Generating formula oski15a14b31s with K=109
[2025-12-12 07:53:17] [run_formula] Running formula oski15a14b31s with K=109 up to limit 1600
[2025-12-12 07:53:21] [generate_cnf] Generating formula oski15a14b31s with K=110
[2025-12-12 07:53:36] [run_formula] Running formula oski15a14b31s with K=110 up to limit 1600
[2025-12-12 07:53:39] [generate_cnf] Generating formula oski15a14b31s with K=111
[2025-12-12 07:53:55] [run_formula] Running formula oski15a14b31s with K=111 up to limit 1600
[2025-12-12 07:53:58] [generate_cnf] Generating formula oski15a14b31s with K=112
[2025-12-12 07:54:14] [run_formula] Running formula oski15a14b31s with K=112 up to limit 1600
[2025-12-12 07:54:18] [generate_cnf] Generating formula oski15a14b31s with K=113
[2025-12-12 07:54:33] [run_formula] Running formula oski15a14b31s with K=113 up to limit 1600
[2025-12-12 07:54:37] [generate_cnf] Generating formula oski15a14b31s with K=114
[2025-12-12 07:54:53] [run_formula] Running formula oski15a14b31s with K=114 up to limit 1600
[2025-12-12 07:54:56] [generate_cnf] Generating formula oski15a14b31s with K=115
[2025-12-12 07:55:12] [run_formula] Running formula oski15a14b31s with K=115 up to limit 1600
[2025-12-12 07:55:16] [generate_cnf] Generating formula oski15a14b31s with K=116
[2025-12-12 07:55:33] [run_formula] Running formula oski15a14b31s with K=116 up to limit 1600
[2025-12-12 07:55:37] [generate_cnf] Generating formula oski15a14b31s with K=117
[2025-12-12 07:55:53] [run_formula] Running formula oski15a14b31s with K=117 up to limit 1600
[2025-12-12 07:55:56] [generate_cnf] Generating formula oski15a14b31s with K=118
[2025-12-12 07:56:12] [run_formula] Running formula oski15a14b31s with K=118 up to limit 1600
[2025-12-12 07:56:16] [generate_cnf] Generating formula oski15a14b31s with K=119
[2025-12-12 07:56:33] [run_formula] Running formula oski15a14b31s with K=119 up to limit 1600
[2025-12-12 07:56:36] [generate_cnf] Generating formula oski15a14b31s with K=120
[2025-12-12 07:56:54] [run_formula] Running formula oski15a14b31s with K=120 up to limit 1600
[2025-12-12 07:56:58] [generate_cnf] Generating formula oski15a14b31s with K=121
[2025-12-12 07:57:14] [run_formula] Running formula oski15a14b31s with K=121 up to limit 1600
[2025-12-12 07:57:18] [generate_cnf] Generating formula oski15a14b31s with K=122
[2025-12-12 07:57:34] [run_formula] Running formula oski15a14b31s with K=122 up to limit 1600
[2025-12-12 07:57:38] [generate_cnf] Generating formula oski15a14b31s with K=123
[2025-12-12 07:57:55] [run_formula] Running formula oski15a14b31s with K=123 up to limit 1600
[2025-12-12 07:58:00] [generate_cnf] Generating formula oski15a14b31s with K=124
[2025-12-12 07:58:17] [run_formula] Running formula oski15a14b31s with K=124 up to limit 1600
[2025-12-12 07:58:21] [generate_cnf] Generating formula oski15a14b31s with K=125
[2025-12-12 07:58:39] [run_formula] Running formula oski15a14b31s with K=125 up to limit 1600
[2025-12-12 07:58:43] [generate_cnf] Generating formula oski15a14b31s with K=126
[2025-12-12 07:59:00] [run_formula] Running formula oski15a14b31s with K=126 up to limit 1600
[2025-12-12 07:59:04] [generate_cnf] Generating formula oski15a14b31s with K=127
[2025-12-12 07:59:23] [run_formula] Running formula oski15a14b31s with K=127 up to limit 1600
[2025-12-12 07:59:27] [generate_cnf] Generating formula oski15a14b31s with K=128
[2025-12-12 07:59:45] [run_formula] Running formula oski15a14b31s with K=128 up to limit 1600
[2025-12-12 07:59:49] [generate_cnf] Generating formula oski15a14b31s with K=129
[2025-12-12 08:00:07] [run_formula] Running formula oski15a14b31s with K=129 up to limit 1600
[2025-12-12 08:00:12] [generate_cnf] Generating formula oski15a14b31s with K=130
[2025-12-12 08:00:30] [run_formula] Running formula oski15a14b31s with K=130 up to limit 1600
[2025-12-12 08:00:34] [generate_cnf] Generating formula oski15a14b31s with K=131
[2025-12-12 08:00:53] [run_formula] Running formula oski15a14b31s with K=131 up to limit 1600
[2025-12-12 08:00:58] [generate_cnf] Generating formula oski15a14b31s with K=132
[2025-12-12 08:01:15] [run_formula] Running formula oski15a14b31s with K=132 up to limit 1600
[2025-12-12 08:01:20] [generate_cnf] Generating formula oski15a14b31s with K=133
[2025-12-12 08:01:39] [run_formula] Running formula oski15a14b31s with K=133 up to limit 1600
[2025-12-12 08:01:43] [generate_cnf] Generating formula oski15a14b31s with K=134
[2025-12-12 08:02:02] [run_formula] Running formula oski15a14b31s with K=134 up to limit 1600
[2025-12-12 08:02:07] [generate_cnf] Generating formula oski15a14b31s with K=135
[2025-12-12 08:02:24] [run_formula] Running formula oski15a14b31s with K=135 up to limit 1600
[2025-12-12 08:02:28] [generate_cnf] Generating formula oski15a14b31s with K=136
[2025-12-12 08:02:47] [run_formula] Running formula oski15a14b31s with K=136 up to limit 1600
[2025-12-12 08:02:52] [generate_cnf] Generating formula oski15a14b31s with K=137
[2025-12-12 08:03:12] [run_formula] Running formula oski15a14b31s with K=137 up to limit 1600
[2025-12-12 08:03:16] [generate_cnf] Generating formula oski15a14b31s with K=138
[2025-12-12 08:03:35] [run_formula] Running formula oski15a14b31s with K=138 up to limit 1600
[2025-12-12 08:03:39] [generate_cnf] Generating formula oski15a14b31s with K=139
[2025-12-12 08:03:58] [run_formula] Running formula oski15a14b31s with K=139 up to limit 1600
[2025-12-12 08:04:03] [generate_cnf] Generating formula oski15a14b31s with K=140
[2025-12-12 08:04:24] [run_formula] Running formula oski15a14b31s with K=140 up to limit 1600
[2025-12-12 08:04:29] [generate_cnf] Generating formula oski15a14b31s with K=141
[2025-12-12 08:04:47] [run_formula] Running formula oski15a14b31s with K=141 up to limit 1600
[2025-12-12 08:04:52] [generate_cnf] Generating formula oski15a14b31s with K=142
[2025-12-12 08:05:12] [run_formula] Running formula oski15a14b31s with K=142 up to limit 1600
[2025-12-12 08:05:17] [generate_cnf] Generating formula oski15a14b31s with K=143
[2025-12-12 08:05:37] [run_formula] Running formula oski15a14b31s with K=143 up to limit 1600
[2025-12-12 08:05:43] [generate_cnf] Generating formula oski15a14b31s with K=144
[2025-12-12 08:06:02] [run_formula] Running formula oski15a14b31s with K=144 up to limit 1600
[2025-12-12 08:06:06] [generate_cnf] Generating formula oski15a14b31s with K=145
[2025-12-12 08:06:27] [run_formula] Running formula oski15a14b31s with K=145 up to limit 1600
[2025-12-12 08:06:32] [generate_cnf] Generating formula oski15a14b31s with K=146
[2025-12-12 08:06:53] [run_formula] Running formula oski15a14b31s with K=146 up to limit 1600
[2025-12-12 08:06:58] [generate_cnf] Generating formula oski15a14b31s with K=147
[2025-12-12 08:07:18] [run_formula] Running formula oski15a14b31s with K=147 up to limit 1600
[2025-12-12 08:07:23] [generate_cnf] Generating formula oski15a14b31s with K=148
[2025-12-12 08:07:43] [run_formula] Running formula oski15a14b31s with K=148 up to limit 1600
[2025-12-12 08:07:49] [generate_cnf] Generating formula oski15a14b31s with K=149
[2025-12-12 08:08:11] [run_formula] Running formula oski15a14b31s with K=149 up to limit 1600
[2025-12-12 08:08:16] [generate_cnf] Generating formula oski15a14b31s with K=150
[2025-12-12 08:08:37] [run_formula] Running formula oski15a14b31s with K=150 up to limit 1600
[2025-12-12 08:08:42] [generate_cnf] Generating formula oski15a14b31s with K=151
[2025-12-12 08:09:03] [run_formula] Running formula oski15a14b31s with K=151 up to limit 1600
[2025-12-12 08:09:09] [generate_cnf] Generating formula oski15a14b31s with K=152
[2025-12-12 08:09:30] [run_formula] Running formula oski15a14b31s with K=152 up to limit 1600
[2025-12-12 08:09:36] [generate_cnf] Generating formula oski15a14b31s with K=153
[2025-12-12 08:09:56] [run_formula] Running formula oski15a14b31s with K=153 up to limit 1600
[2025-12-12 08:10:01] [generate_cnf] Generating formula oski15a14b31s with K=154
[2025-12-12 08:10:23] [run_formula] Running formula oski15a14b31s with K=154 up to limit 1600
[2025-12-12 08:10:29] [generate_cnf] Generating formula oski15a14b31s with K=155
[2025-12-12 08:10:52] [run_formula] Running formula oski15a14b31s with K=155 up to limit 1600
[2025-12-12 08:10:57] [generate_cnf] Generating formula oski15a14b31s with K=156
[2025-12-12 08:11:20] [run_formula] Running formula oski15a14b31s with K=156 up to limit 1600
[2025-12-12 08:11:25] [generate_cnf] Generating formula oski15a14b31s with K=157
[2025-12-12 08:11:48] [run_formula] Running formula oski15a14b31s with K=157 up to limit 1600
[2025-12-12 08:11:53] [generate_cnf] Generating formula oski15a14b31s with K=158
[2025-12-12 08:12:16] [run_formula] Running formula oski15a14b31s with K=158 up to limit 1600
[2025-12-12 08:12:21] [generate_cnf] Generating formula oski15a14b31s with K=159
[2025-12-12 08:12:43] [run_formula] Running formula oski15a14b31s with K=159 up to limit 1600
[2025-12-12 08:12:49] [generate_cnf] Generating formula oski15a14b31s with K=160
[2025-12-12 08:13:11] [run_formula] Running formula oski15a14b31s with K=160 up to limit 1600
[2025-12-12 08:13:18] [generate_cnf] Generating formula oski15a14b31s with K=161
[2025-12-12 08:13:38] [run_formula] Running formula oski15a14b31s with K=161 up to limit 1600
[2025-12-12 08:13:44] [generate_cnf] Generating formula oski15a14b31s with K=162
[2025-12-12 08:14:07] [run_formula] Running formula oski15a14b31s with K=162 up to limit 1600
[2025-12-12 08:14:13] [generate_cnf] Generating formula oski15a14b31s with K=163
[2025-12-12 08:14:37] [run_formula] Running formula oski15a14b31s with K=163 up to limit 1600
[2025-12-12 08:14:42] [generate_cnf] Generating formula oski15a14b31s with K=164
[2025-12-12 08:15:07] [run_formula] Running formula oski15a14b31s with K=164 up to limit 1600
[2025-12-12 08:15:12] [generate_cnf] Generating formula oski15a14b31s with K=165
[2025-12-12 08:15:36] [run_formula] Running formula oski15a14b31s with K=165 up to limit 1600
[2025-12-12 08:15:42] [generate_cnf] Generating formula oski15a14b31s with K=166
[2025-12-12 08:16:04] [run_formula] Running formula oski15a14b31s with K=166 up to limit 1600
[2025-12-12 08:16:10] [generate_cnf] Generating formula oski15a14b31s with K=167
[2025-12-12 08:16:33] [run_formula] Running formula oski15a14b31s with K=167 up to limit 1600
[2025-12-12 08:16:40] [generate_cnf] Generating formula oski15a14b31s with K=168
[2025-12-12 08:17:04] [run_formula] Running formula oski15a14b31s with K=168 up to limit 1600
[2025-12-12 08:17:09] [generate_cnf] Generating formula oski15a14b31s with K=169
[2025-12-12 08:17:33] [run_formula] Running formula oski15a14b31s with K=169 up to limit 1600
[2025-12-12 08:17:39] [generate_cnf] Generating formula oski15a14b31s with K=170
[2025-12-12 08:18:04] [run_formula] Running formula oski15a14b31s with K=170 up to limit 1600
[2025-12-12 08:18:09] [generate_cnf] Generating formula oski15a14b31s with K=171
[2025-12-12 08:18:32] [run_formula] Running formula oski15a14b31s with K=171 up to limit 1600
[2025-12-12 08:18:38] [generate_cnf] Generating formula oski15a14b31s with K=172
[2025-12-12 08:19:02] [run_formula] Running formula oski15a14b31s with K=172 up to limit 1600
[2025-12-12 08:19:09] [generate_cnf] Generating formula oski15a14b31s with K=173
[2025-12-12 08:19:32] [run_formula] Running formula oski15a14b31s with K=173 up to limit 1600
[2025-12-12 08:19:38] [generate_cnf] Generating formula oski15a14b31s with K=174
[2025-12-12 08:20:04] [run_formula] Running formula oski15a14b31s with K=174 up to limit 1600
[2025-12-12 08:20:10] [generate_cnf] Generating formula oski15a14b31s with K=175
[2025-12-12 08:20:34] [run_formula] Running formula oski15a14b31s with K=175 up to limit 1600
[2025-12-12 08:20:40] [generate_cnf] Generating formula oski15a14b31s with K=176
[2025-12-12 08:21:03] [run_formula] Running formula oski15a14b31s with K=176 up to limit 1600
[2025-12-12 08:21:08] [generate_cnf] Generating formula oski15a14b31s with K=177
[2025-12-12 08:21:32] [run_formula] Running formula oski15a14b31s with K=177 up to limit 1600
[2025-12-12 08:21:38] [generate_cnf] Generating formula oski15a14b31s with K=178
[2025-12-12 08:22:00] [run_formula] Running formula oski15a14b31s with K=178 up to limit 1600
[2025-12-12 08:22:05] [generate_cnf] Generating formula oski15a14b31s with K=179
[2025-12-12 08:22:30] [run_formula] Running formula oski15a14b31s with K=179 up to limit 1600
[2025-12-12 08:22:36] [generate_cnf] Generating formula oski15a14b31s with K=180
[2025-12-12 08:23:00] [run_formula] Running formula oski15a14b31s with K=180 up to limit 1600
[2025-12-12 08:23:06] [generate_cnf] Generating formula oski15a14b31s with K=181
[2025-12-12 08:23:31] [run_formula] Running formula oski15a14b31s with K=181 up to limit 1600
[2025-12-12 08:23:37] [generate_cnf] Generating formula oski15a14b31s with K=182
[2025-12-12 08:24:02] [run_formula] Running formula oski15a14b31s with K=182 up to limit 1600
[2025-12-12 08:24:08] [generate_cnf] Generating formula oski15a14b31s with K=183
[2025-12-12 08:24:33] [run_formula] Running formula oski15a14b31s with K=183 up to limit 1600
[2025-12-12 08:24:39] [generate_cnf] Generating formula oski15a14b31s with K=184
[2025-12-12 08:25:04] [run_formula] Running formula oski15a14b31s with K=184 up to limit 1600
[2025-12-12 08:25:10] [generate_cnf] Generating formula oski15a14b31s with K=185
[2025-12-12 08:25:36] [run_formula] Running formula oski15a14b31s with K=185 up to limit 1600
[2025-12-12 08:25:42] [generate_cnf] Generating formula oski15a14b31s with K=186
[2025-12-12 08:26:07] [run_formula] Running formula oski15a14b31s with K=186 up to limit 1600
[2025-12-12 08:26:13] [generate_cnf] Generating formula oski15a14b31s with K=187
[2025-12-12 08:26:38] [run_formula] Running formula oski15a14b31s with K=187 up to limit 1600
[2025-12-12 08:26:45] [generate_cnf] Generating formula oski15a14b31s with K=188
[2025-12-12 08:27:12] [run_formula] Running formula oski15a14b31s with K=188 up to limit 1600
[2025-12-12 08:27:18] [generate_cnf] Generating formula oski15a14b31s with K=189
[2025-12-12 08:27:42] [run_formula] Running formula oski15a14b31s with K=189 up to limit 1600
[2025-12-12 08:27:48] [generate_cnf] Generating formula oski15a14b31s with K=190
[2025-12-12 08:28:03] [generate_and_run_up_to_limit] Failed to generate CNF for oski15a14b31s with K=190, halting
