CNF written.
CNF written.
CNF written.
CNF written.
CNF written.
CNF written.
CNF written.
CNF written.
CNF written.
CNF written.
CNF written.
CNF written.
CNF written.
CNF written.
CNF written.
CNF written.
CNF written.
[2025-12-12 08:06:59] [generate_and_run_up_to_limit] Generating and running oski15a01b01s with K<=500 up to limit 1600
[2025-12-12 08:06:59] [generate_cnf] Generating formula oski15a01b01s with K=1
[2025-12-12 08:07:02] [run_formula] Running formula oski15a01b01s with K=1 up to limit 1600
[2025-12-12 08:07:03] [generate_cnf] Generating formula oski15a01b01s with K=2
[2025-12-12 08:07:08] [run_formula] Running formula oski15a01b01s with K=2 up to limit 1600
[2025-12-12 08:07:08] [generate_cnf] Generating formula oski15a01b01s with K=3
[2025-12-12 08:07:14] [run_formula] Running formula oski15a01b01s with K=3 up to limit 1600
[2025-12-12 08:07:15] [generate_cnf] Generating formula oski15a01b01s with K=4
[2025-12-12 08:07:22] [run_formula] Running formula oski15a01b01s with K=4 up to limit 1600
[2025-12-12 08:07:23] [generate_cnf] Generating formula oski15a01b01s with K=5
[2025-12-12 08:07:32] [run_formula] Running formula oski15a01b01s with K=5 up to limit 1600
[2025-12-12 08:07:33] [generate_cnf] Generating formula oski15a01b01s with K=6
[2025-12-12 08:07:43] [run_formula] Running formula oski15a01b01s with K=6 up to limit 1600
[2025-12-12 08:07:45] [generate_cnf] Generating formula oski15a01b01s with K=7
[2025-12-12 08:07:55] [run_formula] Running formula oski15a01b01s with K=7 up to limit 1600
[2025-12-12 08:07:57] [generate_cnf] Generating formula oski15a01b01s with K=8
[2025-12-12 08:08:09] [run_formula] Running formula oski15a01b01s with K=8 up to limit 1600
[2025-12-12 08:08:20] [generate_cnf] Generating formula oski15a01b01s with K=9
[2025-12-12 08:08:34] [run_formula] Running formula oski15a01b01s with K=9 up to limit 1600
[2025-12-12 08:08:45] [generate_cnf] Generating formula oski15a01b01s with K=10
[2025-12-12 08:08:59] [run_formula] Running formula oski15a01b01s with K=10 up to limit 1600
[2025-12-12 08:09:16] [generate_cnf] Generating formula oski15a01b01s with K=11
[2025-12-12 08:09:32] [run_formula] Running formula oski15a01b01s with K=11 up to limit 1600
[2025-12-12 08:09:46] [generate_cnf] Generating formula oski15a01b01s with K=12
[2025-12-12 08:10:02] [run_formula] Running formula oski15a01b01s with K=12 up to limit 1600
[2025-12-12 08:11:59] [generate_cnf] Generating formula oski15a01b01s with K=13
[2025-12-12 08:12:16] [run_formula] Running formula oski15a01b01s with K=13 up to limit 1600
[2025-12-12 08:14:11] [generate_cnf] Generating formula oski15a01b01s with K=14
[2025-12-12 08:14:29] [run_formula] Running formula oski15a01b01s with K=14 up to limit 1600
[2025-12-12 08:16:59] [generate_cnf] Generating formula oski15a01b01s with K=15
[2025-12-12 08:17:19] [run_formula] Running formula oski15a01b01s with K=15 up to limit 1600
[2025-12-12 08:19:11] [generate_cnf] Generating formula oski15a01b01s with K=16
[2025-12-12 08:19:31] [run_formula] Running formula oski15a01b01s with K=16 up to limit 1600
[2025-12-12 08:21:26] [generate_cnf] Generating formula oski15a01b01s with K=17
[2025-12-12 08:21:48] [run_formula] Running formula oski15a01b01s with K=17 up to limit 1600
[2025-12-12 08:29:30] [run_formula] Error running formula oski15a01b01s with K=17: [Errno 122] Disk quota exceeded: './results/solving_logs/oski15a01b01s//oski15a01b01s.17.log'
[2025-12-12 08:29:30] [generate_and_run_up_to_limit] Failed to run formula oski15a01b01s with K=17, halting
