CNF written.
CNF written.
CNF written.
CNF written.
CNF written.
CNF written.
CNF written.
CNF written.
CNF written.
CNF written.
CNF written.
CNF written.
CNF written.
CNF written.
CNF written.
CNF written.
CNF written.
CNF written.
CNF written.
CNF written.
CNF written.
CNF written.
CNF written.
CNF written.
CNF written.
CNF written.
CNF written.
CNF written.
CNF written.
CNF written.
CNF written.
CNF written.
CNF written.
CNF written.
CNF written.
CNF written.
CNF written.
CNF written.
CNF written.
CNF written.
CNF written.
CNF written.
CNF written.
CNF written.
CNF written.
CNF written.
CNF written.
CNF written.
CNF written.
CNF written.
CNF written.
CNF written.
CNF written.
CNF written.
CNF written.
CNF written.
CNF written.
CNF written.
CNF written.
CNF written.
CNF written.
CNF written.
CNF written.
CNF written.
CNF written.
CNF written.
CNF written.
CNF written.
CNF written.
CNF written.
CNF written.
CNF written.
CNF written.
CNF written.
CNF written.
CNF written.
CNF written.
CNF written.
CNF written.
CNF written.
CNF written.
CNF written.
CNF written.
CNF written.
CNF written.
CNF written.
CNF written.
CNF written.
CNF written.
CNF written.
CNF written.
CNF written.
CNF written.
CNF written.
CNF written.
CNF written.
CNF written.
CNF written.
CNF written.
CNF written.
CNF written.
CNF written.
CNF written.
CNF written.
CNF written.
CNF written.
CNF written.
CNF written.
CNF written.
CNF written.
CNF written.
CNF written.
CNF written.
CNF written.
CNF written.
CNF written.
CNF written.
CNF written.
CNF written.
CNF written.
CNF written.
CNF written.
CNF written.
CNF written.
CNF written.
CNF written.
CNF written.
CNF written.
CNF written.
CNF written.
CNF written.
CNF written.
CNF written.
CNF written.
CNF written.
CNF written.
CNF written.
CNF written.
CNF written.
CNF written.
CNF written.
CNF written.
CNF written.
CNF written.
CNF written.
CNF written.
CNF written.
CNF written.
CNF written.
CNF written.
CNF written.
CNF written.
CNF written.
CNF written.
CNF written.
CNF written.
CNF written.
CNF written.
CNF written.
CNF written.
CNF written.
CNF written.
CNF written.
CNF written.
CNF written.
CNF written.
CNF written.
CNF written.
CNF written.
CNF written.
CNF written.
CNF written.
CNF written.
CNF written.
CNF written.
CNF written.
CNF written.
CNF written.
CNF written.
CNF written.
CNF written.
CNF written.
CNF written.
CNF written.
CNF written.
CNF written.
CNF written.
CNF written.
CNF written.
CNF written.
CNF written.
CNF written.
CNF written.
CNF written.
CNF written.
CNF written.
CNF written.
CNF written.
CNF written.
CNF written.
CNF written.
CNF written.
CNF written.
CNF written.
CNF written.
CNF written.
CNF written.
CNF written.
CNF written.
CNF written.
CNF written.
CNF written.
CNF written.
CNF written.
CNF written.
CNF written.
CNF written.
CNF written.
CNF written.
CNF written.
[2025-12-12 07:10:28] [generate_and_run_up_to_limit] Generating and running oski15a10b17s with K<=500 up to limit 1600
[2025-12-12 07:10:28] [generate_cnf] Generating formula oski15a10b17s with K=1
[2025-12-12 07:10:29] [run_formula] Running formula oski15a10b17s with K=1 up to limit 1600
[2025-12-12 07:10:29] [generate_cnf] Generating formula oski15a10b17s with K=2
[2025-12-12 07:10:30] [run_formula] Running formula oski15a10b17s with K=2 up to limit 1600
[2025-12-12 07:10:30] [generate_cnf] Generating formula oski15a10b17s with K=3
[2025-12-12 07:10:31] [run_formula] Running formula oski15a10b17s with K=3 up to limit 1600
[2025-12-12 07:10:31] [generate_cnf] Generating formula oski15a10b17s with K=4
[2025-12-12 07:10:32] [run_formula] Running formula oski15a10b17s with K=4 up to limit 1600
[2025-12-12 07:10:32] [generate_cnf] Generating formula oski15a10b17s with K=5
[2025-12-12 07:10:33] [run_formula] Running formula oski15a10b17s with K=5 up to limit 1600
[2025-12-12 07:10:33] [generate_cnf] Generating formula oski15a10b17s with K=6
[2025-12-12 07:10:35] [run_formula] Running formula oski15a10b17s with K=6 up to limit 1600
[2025-12-12 07:10:35] [generate_cnf] Generating formula oski15a10b17s with K=7
[2025-12-12 07:10:36] [run_formula] Running formula oski15a10b17s with K=7 up to limit 1600
[2025-12-12 07:10:37] [generate_cnf] Generating formula oski15a10b17s with K=8
[2025-12-12 07:10:38] [run_formula] Running formula oski15a10b17s with K=8 up to limit 1600
[2025-12-12 07:10:38] [generate_cnf] Generating formula oski15a10b17s with K=9
[2025-12-12 07:10:40] [run_formula] Running formula oski15a10b17s with K=9 up to limit 1600
[2025-12-12 07:10:41] [generate_cnf] Generating formula oski15a10b17s with K=10
[2025-12-12 07:10:43] [run_formula] Running formula oski15a10b17s with K=10 up to limit 1600
[2025-12-12 07:10:43] [generate_cnf] Generating formula oski15a10b17s with K=11
[2025-12-12 07:10:45] [run_formula] Running formula oski15a10b17s with K=11 up to limit 1600
[2025-12-12 07:10:46] [generate_cnf] Generating formula oski15a10b17s with K=12
[2025-12-12 07:10:48] [run_formula] Running formula oski15a10b17s with K=12 up to limit 1600
[2025-12-12 07:10:48] [generate_cnf] Generating formula oski15a10b17s with K=13
[2025-12-12 07:10:51] [run_formula] Running formula oski15a10b17s with K=13 up to limit 1600
[2025-12-12 07:10:51] [generate_cnf] Generating formula oski15a10b17s with K=14
[2025-12-12 07:10:54] [run_formula] Running formula oski15a10b17s with K=14 up to limit 1600
[2025-12-12 07:10:54] [generate_cnf] Generating formula oski15a10b17s with K=15
[2025-12-12 07:10:57] [run_formula] Running formula oski15a10b17s with K=15 up to limit 1600
[2025-12-12 07:10:58] [generate_cnf] Generating formula oski15a10b17s with K=16
[2025-12-12 07:11:01] [run_formula] Running formula oski15a10b17s with K=16 up to limit 1600
[2025-12-12 07:11:01] [generate_cnf] Generating formula oski15a10b17s with K=17
[2025-12-12 07:11:04] [run_formula] Running formula oski15a10b17s with K=17 up to limit 1600
[2025-12-12 07:11:05] [generate_cnf] Generating formula oski15a10b17s with K=18
[2025-12-12 07:11:08] [run_formula] Running formula oski15a10b17s with K=18 up to limit 1600
[2025-12-12 07:11:09] [generate_cnf] Generating formula oski15a10b17s with K=19
[2025-12-12 07:11:12] [run_formula] Running formula oski15a10b17s with K=19 up to limit 1600
[2025-12-12 07:11:13] [generate_cnf] Generating formula oski15a10b17s with K=20
[2025-12-12 07:11:17] [run_formula] Running formula oski15a10b17s with K=20 up to limit 1600
[2025-12-12 07:11:18] [generate_cnf] Generating formula oski15a10b17s with K=21
[2025-12-12 07:11:21] [run_formula] Running formula oski15a10b17s with K=21 up to limit 1600
[2025-12-12 07:11:22] [generate_cnf] Generating formula oski15a10b17s with K=22
[2025-12-12 07:11:26] [run_formula] Running formula oski15a10b17s with K=22 up to limit 1600
[2025-12-12 07:11:27] [generate_cnf] Generating formula oski15a10b17s with K=23
[2025-12-12 07:11:31] [run_formula] Running formula oski15a10b17s with K=23 up to limit 1600
[2025-12-12 07:11:32] [generate_cnf] Generating formula oski15a10b17s with K=24
[2025-12-12 07:11:36] [run_formula] Running formula oski15a10b17s with K=24 up to limit 1600
[2025-12-12 07:11:37] [generate_cnf] Generating formula oski15a10b17s with K=25
[2025-12-12 07:11:41] [run_formula] Running formula oski15a10b17s with K=25 up to limit 1600
[2025-12-12 07:11:42] [generate_cnf] Generating formula oski15a10b17s with K=26
[2025-12-12 07:11:47] [run_formula] Running formula oski15a10b17s with K=26 up to limit 1600
[2025-12-12 07:11:48] [generate_cnf] Generating formula oski15a10b17s with K=27
[2025-12-12 07:11:53] [run_formula] Running formula oski15a10b17s with K=27 up to limit 1600
[2025-12-12 07:11:54] [generate_cnf] Generating formula oski15a10b17s with K=28
[2025-12-12 07:11:59] [run_formula] Running formula oski15a10b17s with K=28 up to limit 1600
[2025-12-12 07:12:00] [generate_cnf] Generating formula oski15a10b17s with K=29
[2025-12-12 07:12:05] [run_formula] Running formula oski15a10b17s with K=29 up to limit 1600
[2025-12-12 07:12:06] [generate_cnf] Generating formula oski15a10b17s with K=30
[2025-12-12 07:12:11] [run_formula] Running formula oski15a10b17s with K=30 up to limit 1600
[2025-12-12 07:12:12] [generate_cnf] Generating formula oski15a10b17s with K=31
[2025-12-12 07:12:18] [run_formula] Running formula oski15a10b17s with K=31 up to limit 1600
[2025-12-12 07:12:19] [generate_cnf] Generating formula oski15a10b17s with K=32
[2025-12-12 07:12:25] [run_formula] Running formula oski15a10b17s with K=32 up to limit 1600
[2025-12-12 07:12:26] [generate_cnf] Generating formula oski15a10b17s with K=33
[2025-12-12 07:12:32] [run_formula] Running formula oski15a10b17s with K=33 up to limit 1600
[2025-12-12 07:12:33] [generate_cnf] Generating formula oski15a10b17s with K=34
[2025-12-12 07:12:39] [run_formula] Running formula oski15a10b17s with K=34 up to limit 1600
[2025-12-12 07:12:40] [generate_cnf] Generating formula oski15a10b17s with K=35
[2025-12-12 07:12:46] [run_formula] Running formula oski15a10b17s with K=35 up to limit 1600
[2025-12-12 07:12:48] [generate_cnf] Generating formula oski15a10b17s with K=36
[2025-12-12 07:12:54] [run_formula] Running formula oski15a10b17s with K=36 up to limit 1600
[2025-12-12 07:12:55] [generate_cnf] Generating formula oski15a10b17s with K=37
[2025-12-12 07:13:02] [run_formula] Running formula oski15a10b17s with K=37 up to limit 1600
[2025-12-12 07:13:03] [generate_cnf] Generating formula oski15a10b17s with K=38
[2025-12-12 07:13:10] [run_formula] Running formula oski15a10b17s with K=38 up to limit 1600
[2025-12-12 07:13:11] [generate_cnf] Generating formula oski15a10b17s with K=39
[2025-12-12 07:13:18] [run_formula] Running formula oski15a10b17s with K=39 up to limit 1600
[2025-12-12 07:13:20] [generate_cnf] Generating formula oski15a10b17s with K=40
[2025-12-12 07:13:26] [run_formula] Running formula oski15a10b17s with K=40 up to limit 1600
[2025-12-12 07:13:28] [generate_cnf] Generating formula oski15a10b17s with K=41
[2025-12-12 07:13:35] [run_formula] Running formula oski15a10b17s with K=41 up to limit 1600
[2025-12-12 07:13:37] [generate_cnf] Generating formula oski15a10b17s with K=42
[2025-12-12 07:13:44] [run_formula] Running formula oski15a10b17s with K=42 up to limit 1600
[2025-12-12 07:13:45] [generate_cnf] Generating formula oski15a10b17s with K=43
[2025-12-12 07:13:53] [run_formula] Running formula oski15a10b17s with K=43 up to limit 1600
[2025-12-12 07:13:54] [generate_cnf] Generating formula oski15a10b17s with K=44
[2025-12-12 07:14:02] [run_formula] Running formula oski15a10b17s with K=44 up to limit 1600
[2025-12-12 07:14:04] [generate_cnf] Generating formula oski15a10b17s with K=45
[2025-12-12 07:14:11] [run_formula] Running formula oski15a10b17s with K=45 up to limit 1600
[2025-12-12 07:14:13] [generate_cnf] Generating formula oski15a10b17s with K=46
[2025-12-12 07:14:21] [run_formula] Running formula oski15a10b17s with K=46 up to limit 1600
[2025-12-12 07:14:23] [generate_cnf] Generating formula oski15a10b17s with K=47
[2025-12-12 07:14:31] [run_formula] Running formula oski15a10b17s with K=47 up to limit 1600
[2025-12-12 07:14:33] [generate_cnf] Generating formula oski15a10b17s with K=48
[2025-12-12 07:14:41] [run_formula] Running formula oski15a10b17s with K=48 up to limit 1600
[2025-12-12 07:14:43] [generate_cnf] Generating formula oski15a10b17s with K=49
[2025-12-12 07:14:51] [run_formula] Running formula oski15a10b17s with K=49 up to limit 1600
[2025-12-12 07:14:53] [generate_cnf] Generating formula oski15a10b17s with K=50
[2025-12-12 07:15:01] [run_formula] Running formula oski15a10b17s with K=50 up to limit 1600
[2025-12-12 07:15:03] [generate_cnf] Generating formula oski15a10b17s with K=51
[2025-12-12 07:15:12] [run_formula] Running formula oski15a10b17s with K=51 up to limit 1600
[2025-12-12 07:15:14] [generate_cnf] Generating formula oski15a10b17s with K=52
[2025-12-12 07:15:23] [run_formula] Running formula oski15a10b17s with K=52 up to limit 1600
[2025-12-12 07:15:25] [generate_cnf] Generating formula oski15a10b17s with K=53
[2025-12-12 07:15:34] [run_formula] Running formula oski15a10b17s with K=53 up to limit 1600
[2025-12-12 07:15:36] [generate_cnf] Generating formula oski15a10b17s with K=54
[2025-12-12 07:15:45] [run_formula] Running formula oski15a10b17s with K=54 up to limit 1600
[2025-12-12 07:15:47] [generate_cnf] Generating formula oski15a10b17s with K=55
[2025-12-12 07:15:56] [run_formula] Running formula oski15a10b17s with K=55 up to limit 1600
[2025-12-12 07:15:58] [generate_cnf] Generating formula oski15a10b17s with K=56
[2025-12-12 07:16:08] [run_formula] Running formula oski15a10b17s with K=56 up to limit 1600
[2025-12-12 07:16:10] [generate_cnf] Generating formula oski15a10b17s with K=57
[2025-12-12 07:16:20] [run_formula] Running formula oski15a10b17s with K=57 up to limit 1600
[2025-12-12 07:16:22] [generate_cnf] Generating formula oski15a10b17s with K=58
[2025-12-12 07:16:32] [run_formula] Running formula oski15a10b17s with K=58 up to limit 1600
[2025-12-12 07:16:34] [generate_cnf] Generating formula oski15a10b17s with K=59
[2025-12-12 07:16:44] [run_formula] Running formula oski15a10b17s with K=59 up to limit 1600
[2025-12-12 07:16:47] [generate_cnf] Generating formula oski15a10b17s with K=60
[2025-12-12 07:16:57] [run_formula] Running formula oski15a10b17s with K=60 up to limit 1600
[2025-12-12 07:16:59] [generate_cnf] Generating formula oski15a10b17s with K=61
[2025-12-12 07:17:09] [run_formula] Running formula oski15a10b17s with K=61 up to limit 1600
[2025-12-12 07:17:12] [generate_cnf] Generating formula oski15a10b17s with K=62
[2025-12-12 07:17:22] [run_formula] Running formula oski15a10b17s with K=62 up to limit 1600
[2025-12-12 07:17:25] [generate_cnf] Generating formula oski15a10b17s with K=63
[2025-12-12 07:17:35] [run_formula] Running formula oski15a10b17s with K=63 up to limit 1600
[2025-12-12 07:17:38] [generate_cnf] Generating formula oski15a10b17s with K=64
[2025-12-12 07:17:48] [run_formula] Running formula oski15a10b17s with K=64 up to limit 1600
[2025-12-12 07:17:51] [generate_cnf] Generating formula oski15a10b17s with K=65
[2025-12-12 07:18:02] [run_formula] Running formula oski15a10b17s with K=65 up to limit 1600
[2025-12-12 07:18:04] [generate_cnf] Generating formula oski15a10b17s with K=66
[2025-12-12 07:18:15] [run_formula] Running formula oski15a10b17s with K=66 up to limit 1600
[2025-12-12 07:18:18] [generate_cnf] Generating formula oski15a10b17s with K=67
[2025-12-12 07:18:28] [run_formula] Running formula oski15a10b17s with K=67 up to limit 1600
[2025-12-12 07:18:31] [generate_cnf] Generating formula oski15a10b17s with K=68
[2025-12-12 07:18:42] [run_formula] Running formula oski15a10b17s with K=68 up to limit 1600
[2025-12-12 07:18:44] [generate_cnf] Generating formula oski15a10b17s with K=69
[2025-12-12 07:18:55] [run_formula] Running formula oski15a10b17s with K=69 up to limit 1600
[2025-12-12 07:18:57] [generate_cnf] Generating formula oski15a10b17s with K=70
[2025-12-12 07:19:08] [run_formula] Running formula oski15a10b17s with K=70 up to limit 1600
[2025-12-12 07:19:11] [generate_cnf] Generating formula oski15a10b17s with K=71
[2025-12-12 07:19:21] [run_formula] Running formula oski15a10b17s with K=71 up to limit 1600
[2025-12-12 07:19:24] [generate_cnf] Generating formula oski15a10b17s with K=72
[2025-12-12 07:19:35] [run_formula] Running formula oski15a10b17s with K=72 up to limit 1600
[2025-12-12 07:19:38] [generate_cnf] Generating formula oski15a10b17s with K=73
[2025-12-12 07:19:49] [run_formula] Running formula oski15a10b17s with K=73 up to limit 1600
[2025-12-12 07:19:52] [generate_cnf] Generating formula oski15a10b17s with K=74
[2025-12-12 07:20:04] [run_formula] Running formula oski15a10b17s with K=74 up to limit 1600
[2025-12-12 07:20:07] [generate_cnf] Generating formula oski15a10b17s with K=75
[2025-12-12 07:20:18] [run_formula] Running formula oski15a10b17s with K=75 up to limit 1600
[2025-12-12 07:20:21] [generate_cnf] Generating formula oski15a10b17s with K=76
[2025-12-12 07:20:33] [run_formula] Running formula oski15a10b17s with K=76 up to limit 1600
[2025-12-12 07:20:35] [generate_cnf] Generating formula oski15a10b17s with K=77
[2025-12-12 07:20:47] [run_formula] Running formula oski15a10b17s with K=77 up to limit 1600
[2025-12-12 07:20:50] [generate_cnf] Generating formula oski15a10b17s with K=78
[2025-12-12 07:21:02] [run_formula] Running formula oski15a10b17s with K=78 up to limit 1600
[2025-12-12 07:21:05] [generate_cnf] Generating formula oski15a10b17s with K=79
[2025-12-12 07:21:18] [run_formula] Running formula oski15a10b17s with K=79 up to limit 1600
[2025-12-12 07:21:21] [generate_cnf] Generating formula oski15a10b17s with K=80
[2025-12-12 07:21:33] [run_formula] Running formula oski15a10b17s with K=80 up to limit 1600
[2025-12-12 07:21:36] [generate_cnf] Generating formula oski15a10b17s with K=81
[2025-12-12 07:21:49] [run_formula] Running formula oski15a10b17s with K=81 up to limit 1600
[2025-12-12 07:21:52] [generate_cnf] Generating formula oski15a10b17s with K=82
[2025-12-12 07:22:04] [run_formula] Running formula oski15a10b17s with K=82 up to limit 1600
[2025-12-12 07:22:07] [generate_cnf] Generating formula oski15a10b17s with K=83
[2025-12-12 07:22:20] [run_formula] Running formula oski15a10b17s with K=83 up to limit 1600
[2025-12-12 07:22:23] [generate_cnf] Generating formula oski15a10b17s with K=84
[2025-12-12 07:22:36] [run_formula] Running formula oski15a10b17s with K=84 up to limit 1600
[2025-12-12 07:22:39] [generate_cnf] Generating formula oski15a10b17s with K=85
[2025-12-12 07:22:53] [run_formula] Running formula oski15a10b17s with K=85 up to limit 1600
[2025-12-12 07:22:56] [generate_cnf] Generating formula oski15a10b17s with K=86
[2025-12-12 07:23:09] [run_formula] Running formula oski15a10b17s with K=86 up to limit 1600
[2025-12-12 07:23:13] [generate_cnf] Generating formula oski15a10b17s with K=87
[2025-12-12 07:23:26] [run_formula] Running formula oski15a10b17s with K=87 up to limit 1600
[2025-12-12 07:23:29] [generate_cnf] Generating formula oski15a10b17s with K=88
[2025-12-12 07:23:43] [run_formula] Running formula oski15a10b17s with K=88 up to limit 1600
[2025-12-12 07:23:46] [generate_cnf] Generating formula oski15a10b17s with K=89
[2025-12-12 07:24:00] [run_formula] Running formula oski15a10b17s with K=89 up to limit 1600
[2025-12-12 07:24:03] [generate_cnf] Generating formula oski15a10b17s with K=90
[2025-12-12 07:24:17] [run_formula] Running formula oski15a10b17s with K=90 up to limit 1600
[2025-12-12 07:24:20] [generate_cnf] Generating formula oski15a10b17s with K=91
[2025-12-12 07:24:35] [run_formula] Running formula oski15a10b17s with K=91 up to limit 1600
[2025-12-12 07:24:38] [generate_cnf] Generating formula oski15a10b17s with K=92
[2025-12-12 07:24:52] [run_formula] Running formula oski15a10b17s with K=92 up to limit 1600
[2025-12-12 07:24:56] [generate_cnf] Generating formula oski15a10b17s with K=93
[2025-12-12 07:25:10] [run_formula] Running formula oski15a10b17s with K=93 up to limit 1600
[2025-12-12 07:25:14] [generate_cnf] Generating formula oski15a10b17s with K=94
[2025-12-12 07:25:28] [run_formula] Running formula oski15a10b17s with K=94 up to limit 1600
[2025-12-12 07:25:32] [generate_cnf] Generating formula oski15a10b17s with K=95
[2025-12-12 07:25:46] [run_formula] Running formula oski15a10b17s with K=95 up to limit 1600
[2025-12-12 07:25:50] [generate_cnf] Generating formula oski15a10b17s with K=96
[2025-12-12 07:26:05] [run_formula] Running formula oski15a10b17s with K=96 up to limit 1600
[2025-12-12 07:26:08] [generate_cnf] Generating formula oski15a10b17s with K=97
[2025-12-12 07:26:23] [run_formula] Running formula oski15a10b17s with K=97 up to limit 1600
[2025-12-12 07:26:27] [generate_cnf] Generating formula oski15a10b17s with K=98
[2025-12-12 07:26:42] [run_formula] Running formula oski15a10b17s with K=98 up to limit 1600
[2025-12-12 07:26:46] [generate_cnf] Generating formula oski15a10b17s with K=99
[2025-12-12 07:27:01] [run_formula] Running formula oski15a10b17s with K=99 up to limit 1600
[2025-12-12 07:27:05] [generate_cnf] Generating formula oski15a10b17s with K=100
[2025-12-12 07:27:20] [run_formula] Running formula oski15a10b17s with K=100 up to limit 1600
[2025-12-12 07:27:24] [generate_cnf] Generating formula oski15a10b17s with K=101
[2025-12-12 07:27:40] [run_formula] Running formula oski15a10b17s with K=101 up to limit 1600
[2025-12-12 07:27:44] [generate_cnf] Generating formula oski15a10b17s with K=102
[2025-12-12 07:28:00] [run_formula] Running formula oski15a10b17s with K=102 up to limit 1600
[2025-12-12 07:28:03] [generate_cnf] Generating formula oski15a10b17s with K=103
[2025-12-12 07:28:19] [run_formula] Running formula oski15a10b17s with K=103 up to limit 1600
[2025-12-12 07:28:23] [generate_cnf] Generating formula oski15a10b17s with K=104
[2025-12-12 07:28:39] [run_formula] Running formula oski15a10b17s with K=104 up to limit 1600
[2025-12-12 07:28:43] [generate_cnf] Generating formula oski15a10b17s with K=105
[2025-12-12 07:28:59] [run_formula] Running formula oski15a10b17s with K=105 up to limit 1600
[2025-12-12 07:29:03] [generate_cnf] Generating formula oski15a10b17s with K=106
[2025-12-12 07:29:20] [run_formula] Running formula oski15a10b17s with K=106 up to limit 1600
[2025-12-12 07:29:24] [generate_cnf] Generating formula oski15a10b17s with K=107
[2025-12-12 07:29:40] [run_formula] Running formula oski15a10b17s with K=107 up to limit 1600
[2025-12-12 07:29:44] [generate_cnf] Generating formula oski15a10b17s with K=108
[2025-12-12 07:30:01] [run_formula] Running formula oski15a10b17s with K=108 up to limit 1600
[2025-12-12 07:30:05] [generate_cnf] Generating formula oski15a10b17s with K=109
[2025-12-12 07:30:22] [run_formula] Running formula oski15a10b17s with K=109 up to limit 1600
[2025-12-12 07:30:26] [generate_cnf] Generating formula oski15a10b17s with K=110
[2025-12-12 07:30:44] [run_formula] Running formula oski15a10b17s with K=110 up to limit 1600
[2025-12-12 07:30:48] [generate_cnf] Generating formula oski15a10b17s with K=111
[2025-12-12 07:31:05] [run_formula] Running formula oski15a10b17s with K=111 up to limit 1600
[2025-12-12 07:31:09] [generate_cnf] Generating formula oski15a10b17s with K=112
[2025-12-12 07:31:26] [run_formula] Running formula oski15a10b17s with K=112 up to limit 1600
[2025-12-12 07:31:31] [generate_cnf] Generating formula oski15a10b17s with K=113
[2025-12-12 07:31:48] [run_formula] Running formula oski15a10b17s with K=113 up to limit 1600
[2025-12-12 07:31:52] [generate_cnf] Generating formula oski15a10b17s with K=114
[2025-12-12 07:32:10] [run_formula] Running formula oski15a10b17s with K=114 up to limit 1600
[2025-12-12 07:32:14] [generate_cnf] Generating formula oski15a10b17s with K=115
[2025-12-12 07:32:32] [run_formula] Running formula oski15a10b17s with K=115 up to limit 1600
[2025-12-12 07:32:37] [generate_cnf] Generating formula oski15a10b17s with K=116
[2025-12-12 07:32:55] [run_formula] Running formula oski15a10b17s with K=116 up to limit 1600
[2025-12-12 07:32:59] [generate_cnf] Generating formula oski15a10b17s with K=117
[2025-12-12 07:33:17] [run_formula] Running formula oski15a10b17s with K=117 up to limit 1600
[2025-12-12 07:33:22] [generate_cnf] Generating formula oski15a10b17s with K=118
[2025-12-12 07:33:40] [run_formula] Running formula oski15a10b17s with K=118 up to limit 1600
[2025-12-12 07:33:44] [generate_cnf] Generating formula oski15a10b17s with K=119
[2025-12-12 07:34:03] [run_formula] Running formula oski15a10b17s with K=119 up to limit 1600
[2025-12-12 07:34:07] [generate_cnf] Generating formula oski15a10b17s with K=120
[2025-12-12 07:34:26] [run_formula] Running formula oski15a10b17s with K=120 up to limit 1600
[2025-12-12 07:34:30] [generate_cnf] Generating formula oski15a10b17s with K=121
[2025-12-12 07:34:49] [run_formula] Running formula oski15a10b17s with K=121 up to limit 1600
[2025-12-12 07:34:54] [generate_cnf] Generating formula oski15a10b17s with K=122
[2025-12-12 07:35:12] [run_formula] Running formula oski15a10b17s with K=122 up to limit 1600
[2025-12-12 07:35:17] [generate_cnf] Generating formula oski15a10b17s with K=123
[2025-12-12 07:35:36] [run_formula] Running formula oski15a10b17s with K=123 up to limit 1600
[2025-12-12 07:35:41] [generate_cnf] Generating formula oski15a10b17s with K=124
[2025-12-12 07:36:00] [run_formula] Running formula oski15a10b17s with K=124 up to limit 1600
[2025-12-12 07:36:05] [generate_cnf] Generating formula oski15a10b17s with K=125
[2025-12-12 07:36:24] [run_formula] Running formula oski15a10b17s with K=125 up to limit 1600
[2025-12-12 07:36:29] [generate_cnf] Generating formula oski15a10b17s with K=126
[2025-12-12 07:36:48] [run_formula] Running formula oski15a10b17s with K=126 up to limit 1600
[2025-12-12 07:36:53] [generate_cnf] Generating formula oski15a10b17s with K=127
[2025-12-12 07:37:13] [run_formula] Running formula oski15a10b17s with K=127 up to limit 1600
[2025-12-12 07:37:18] [generate_cnf] Generating formula oski15a10b17s with K=128
[2025-12-12 07:37:38] [run_formula] Running formula oski15a10b17s with K=128 up to limit 1600
[2025-12-12 07:37:43] [generate_cnf] Generating formula oski15a10b17s with K=129
[2025-12-12 07:38:03] [run_formula] Running formula oski15a10b17s with K=129 up to limit 1600
[2025-12-12 07:38:08] [generate_cnf] Generating formula oski15a10b17s with K=130
[2025-12-12 07:38:28] [run_formula] Running formula oski15a10b17s with K=130 up to limit 1600
[2025-12-12 07:38:33] [generate_cnf] Generating formula oski15a10b17s with K=131
[2025-12-12 07:38:53] [run_formula] Running formula oski15a10b17s with K=131 up to limit 1600
[2025-12-12 07:38:58] [generate_cnf] Generating formula oski15a10b17s with K=132
[2025-12-12 07:39:19] [run_formula] Running formula oski15a10b17s with K=132 up to limit 1600
[2025-12-12 07:39:24] [generate_cnf] Generating formula oski15a10b17s with K=133
[2025-12-12 07:39:45] [run_formula] Running formula oski15a10b17s with K=133 up to limit 1600
[2025-12-12 07:39:50] [generate_cnf] Generating formula oski15a10b17s with K=134
[2025-12-12 07:40:11] [run_formula] Running formula oski15a10b17s with K=134 up to limit 1600
[2025-12-12 07:40:16] [generate_cnf] Generating formula oski15a10b17s with K=135
[2025-12-12 07:40:36] [run_formula] Running formula oski15a10b17s with K=135 up to limit 1600
[2025-12-12 07:40:42] [generate_cnf] Generating formula oski15a10b17s with K=136
[2025-12-12 07:41:02] [run_formula] Running formula oski15a10b17s with K=136 up to limit 1600
[2025-12-12 07:41:08] [generate_cnf] Generating formula oski15a10b17s with K=137
[2025-12-12 07:41:29] [run_formula] Running formula oski15a10b17s with K=137 up to limit 1600
[2025-12-12 07:41:34] [generate_cnf] Generating formula oski15a10b17s with K=138
[2025-12-12 07:41:55] [run_formula] Running formula oski15a10b17s with K=138 up to limit 1600
[2025-12-12 07:42:00] [generate_cnf] Generating formula oski15a10b17s with K=139
[2025-12-12 07:42:22] [run_formula] Running formula oski15a10b17s with K=139 up to limit 1600
[2025-12-12 07:42:27] [generate_cnf] Generating formula oski15a10b17s with K=140
[2025-12-12 07:42:48] [run_formula] Running formula oski15a10b17s with K=140 up to limit 1600
[2025-12-12 07:42:53] [generate_cnf] Generating formula oski15a10b17s with K=141
[2025-12-12 07:43:15] [run_formula] Running formula oski15a10b17s with K=141 up to limit 1600
[2025-12-12 07:43:21] [generate_cnf] Generating formula oski15a10b17s with K=142
[2025-12-12 07:43:42] [run_formula] Running formula oski15a10b17s with K=142 up to limit 1600
[2025-12-12 07:43:48] [generate_cnf] Generating formula oski15a10b17s with K=143
[2025-12-12 07:44:09] [run_formula] Running formula oski15a10b17s with K=143 up to limit 1600
[2025-12-12 07:44:15] [generate_cnf] Generating formula oski15a10b17s with K=144
[2025-12-12 07:44:37] [run_formula] Running formula oski15a10b17s with K=144 up to limit 1600
[2025-12-12 07:44:42] [generate_cnf] Generating formula oski15a10b17s with K=145
[2025-12-12 07:45:05] [run_formula] Running formula oski15a10b17s with K=145 up to limit 1600
[2025-12-12 07:45:10] [generate_cnf] Generating formula oski15a10b17s with K=146
[2025-12-12 07:45:32] [run_formula] Running formula oski15a10b17s with K=146 up to limit 1600
[2025-12-12 07:45:38] [generate_cnf] Generating formula oski15a10b17s with K=147
[2025-12-12 07:46:00] [run_formula] Running formula oski15a10b17s with K=147 up to limit 1600
[2025-12-12 07:46:06] [generate_cnf] Generating formula oski15a10b17s with K=148
[2025-12-12 07:46:28] [run_formula] Running formula oski15a10b17s with K=148 up to limit 1600
[2025-12-12 07:46:34] [generate_cnf] Generating formula oski15a10b17s with K=149
[2025-12-12 07:46:57] [run_formula] Running formula oski15a10b17s with K=149 up to limit 1600
[2025-12-12 07:47:03] [generate_cnf] Generating formula oski15a10b17s with K=150
[2025-12-12 07:47:26] [run_formula] Running formula oski15a10b17s with K=150 up to limit 1600
[2025-12-12 07:47:32] [generate_cnf] Generating formula oski15a10b17s with K=151
[2025-12-12 07:47:55] [run_formula] Running formula oski15a10b17s with K=151 up to limit 1600
[2025-12-12 07:48:00] [generate_cnf] Generating formula oski15a10b17s with K=152
[2025-12-12 07:48:24] [run_formula] Running formula oski15a10b17s with K=152 up to limit 1600
[2025-12-12 07:48:29] [generate_cnf] Generating formula oski15a10b17s with K=153
[2025-12-12 07:48:53] [run_formula] Running formula oski15a10b17s with K=153 up to limit 1600
[2025-12-12 07:48:58] [generate_cnf] Generating formula oski15a10b17s with K=154
[2025-12-12 07:49:22] [run_formula] Running formula oski15a10b17s with K=154 up to limit 1600
[2025-12-12 07:49:27] [generate_cnf] Generating formula oski15a10b17s with K=155
[2025-12-12 07:49:51] [run_formula] Running formula oski15a10b17s with K=155 up to limit 1600
[2025-12-12 07:49:56] [generate_cnf] Generating formula oski15a10b17s with K=156
[2025-12-12 07:50:19] [run_formula] Running formula oski15a10b17s with K=156 up to limit 1600
[2025-12-12 07:50:25] [generate_cnf] Generating formula oski15a10b17s with K=157
[2025-12-12 07:50:48] [run_formula] Running formula oski15a10b17s with K=157 up to limit 1600
[2025-12-12 07:50:53] [generate_cnf] Generating formula oski15a10b17s with K=158
[2025-12-12 07:51:16] [run_formula] Running formula oski15a10b17s with K=158 up to limit 1600
[2025-12-12 07:51:22] [generate_cnf] Generating formula oski15a10b17s with K=159
[2025-12-12 07:51:45] [run_formula] Running formula oski15a10b17s with K=159 up to limit 1600
[2025-12-12 07:51:51] [generate_cnf] Generating formula oski15a10b17s with K=160
[2025-12-12 07:52:14] [run_formula] Running formula oski15a10b17s with K=160 up to limit 1600
[2025-12-12 07:52:20] [generate_cnf] Generating formula oski15a10b17s with K=161
[2025-12-12 07:52:44] [run_formula] Running formula oski15a10b17s with K=161 up to limit 1600
[2025-12-12 07:52:50] [generate_cnf] Generating formula oski15a10b17s with K=162
[2025-12-12 07:53:14] [run_formula] Running formula oski15a10b17s with K=162 up to limit 1600
[2025-12-12 07:53:20] [generate_cnf] Generating formula oski15a10b17s with K=163
[2025-12-12 07:53:45] [run_formula] Running formula oski15a10b17s with K=163 up to limit 1600
[2025-12-12 07:53:51] [generate_cnf] Generating formula oski15a10b17s with K=164
[2025-12-12 07:54:16] [run_formula] Running formula oski15a10b17s with K=164 up to limit 1600
[2025-12-12 07:54:22] [generate_cnf] Generating formula oski15a10b17s with K=165
[2025-12-12 07:54:47] [run_formula] Running formula oski15a10b17s with K=165 up to limit 1600
[2025-12-12 07:54:54] [generate_cnf] Generating formula oski15a10b17s with K=166
[2025-12-12 07:55:20] [run_formula] Running formula oski15a10b17s with K=166 up to limit 1600
[2025-12-12 07:55:26] [generate_cnf] Generating formula oski15a10b17s with K=167
[2025-12-12 07:55:51] [run_formula] Running formula oski15a10b17s with K=167 up to limit 1600
[2025-12-12 07:55:57] [generate_cnf] Generating formula oski15a10b17s with K=168
[2025-12-12 07:56:23] [run_formula] Running formula oski15a10b17s with K=168 up to limit 1600
[2025-12-12 07:56:29] [generate_cnf] Generating formula oski15a10b17s with K=169
[2025-12-12 07:56:55] [run_formula] Running formula oski15a10b17s with K=169 up to limit 1600
[2025-12-12 07:57:01] [generate_cnf] Generating formula oski15a10b17s with K=170
[2025-12-12 07:57:28] [run_formula] Running formula oski15a10b17s with K=170 up to limit 1600
[2025-12-12 07:57:34] [generate_cnf] Generating formula oski15a10b17s with K=171
[2025-12-12 07:58:00] [run_formula] Running formula oski15a10b17s with K=171 up to limit 1600
[2025-12-12 07:58:06] [generate_cnf] Generating formula oski15a10b17s with K=172
[2025-12-12 07:58:33] [run_formula] Running formula oski15a10b17s with K=172 up to limit 1600
[2025-12-12 07:58:39] [generate_cnf] Generating formula oski15a10b17s with K=173
[2025-12-12 07:59:05] [run_formula] Running formula oski15a10b17s with K=173 up to limit 1600
[2025-12-12 07:59:12] [generate_cnf] Generating formula oski15a10b17s with K=174
[2025-12-12 07:59:38] [run_formula] Running formula oski15a10b17s with K=174 up to limit 1600
[2025-12-12 07:59:44] [generate_cnf] Generating formula oski15a10b17s with K=175
[2025-12-12 08:00:11] [run_formula] Running formula oski15a10b17s with K=175 up to limit 1600
[2025-12-12 08:00:18] [generate_cnf] Generating formula oski15a10b17s with K=176
[2025-12-12 08:00:44] [run_formula] Running formula oski15a10b17s with K=176 up to limit 1600
[2025-12-12 08:00:51] [generate_cnf] Generating formula oski15a10b17s with K=177
[2025-12-12 08:01:18] [run_formula] Running formula oski15a10b17s with K=177 up to limit 1600
[2025-12-12 08:01:25] [generate_cnf] Generating formula oski15a10b17s with K=178
[2025-12-12 08:01:51] [run_formula] Running formula oski15a10b17s with K=178 up to limit 1600
[2025-12-12 08:01:58] [generate_cnf] Generating formula oski15a10b17s with K=179
[2025-12-12 08:02:25] [run_formula] Running formula oski15a10b17s with K=179 up to limit 1600
[2025-12-12 08:02:32] [generate_cnf] Generating formula oski15a10b17s with K=180
[2025-12-12 08:02:59] [run_formula] Running formula oski15a10b17s with K=180 up to limit 1600
[2025-12-12 08:03:05] [generate_cnf] Generating formula oski15a10b17s with K=181
[2025-12-12 08:03:32] [run_formula] Running formula oski15a10b17s with K=181 up to limit 1600
[2025-12-12 08:03:39] [generate_cnf] Generating formula oski15a10b17s with K=182
[2025-12-12 08:04:07] [run_formula] Running formula oski15a10b17s with K=182 up to limit 1600
[2025-12-12 08:04:13] [generate_cnf] Generating formula oski15a10b17s with K=183
[2025-12-12 08:04:40] [run_formula] Running formula oski15a10b17s with K=183 up to limit 1600
[2025-12-12 08:04:47] [generate_cnf] Generating formula oski15a10b17s with K=184
[2025-12-12 08:05:13] [run_formula] Running formula oski15a10b17s with K=184 up to limit 1600
[2025-12-12 08:05:20] [generate_cnf] Generating formula oski15a10b17s with K=185
[2025-12-12 08:05:46] [run_formula] Running formula oski15a10b17s with K=185 up to limit 1600
[2025-12-12 08:05:53] [generate_cnf] Generating formula oski15a10b17s with K=186
[2025-12-12 08:06:20] [run_formula] Running formula oski15a10b17s with K=186 up to limit 1600
[2025-12-12 08:06:26] [generate_cnf] Generating formula oski15a10b17s with K=187
[2025-12-12 08:06:54] [run_formula] Running formula oski15a10b17s with K=187 up to limit 1600
[2025-12-12 08:07:00] [generate_cnf] Generating formula oski15a10b17s with K=188
[2025-12-12 08:07:28] [run_formula] Running formula oski15a10b17s with K=188 up to limit 1600
[2025-12-12 08:07:35] [generate_cnf] Generating formula oski15a10b17s with K=189
[2025-12-12 08:08:03] [run_formula] Running formula oski15a10b17s with K=189 up to limit 1600
[2025-12-12 08:08:10] [generate_cnf] Generating formula oski15a10b17s with K=190
[2025-12-12 08:08:39] [run_formula] Running formula oski15a10b17s with K=190 up to limit 1600
[2025-12-12 08:08:45] [generate_cnf] Generating formula oski15a10b17s with K=191
[2025-12-12 08:09:14] [run_formula] Running formula oski15a10b17s with K=191 up to limit 1600
[2025-12-12 08:09:21] [generate_cnf] Generating formula oski15a10b17s with K=192
[2025-12-12 08:09:50] [run_formula] Running formula oski15a10b17s with K=192 up to limit 1600
[2025-12-12 08:09:57] [generate_cnf] Generating formula oski15a10b17s with K=193
[2025-12-12 08:10:27] [run_formula] Running formula oski15a10b17s with K=193 up to limit 1600
[2025-12-12 08:10:34] [generate_cnf] Generating formula oski15a10b17s with K=194
[2025-12-12 08:11:03] [run_formula] Running formula oski15a10b17s with K=194 up to limit 1600
[2025-12-12 08:11:10] [generate_cnf] Generating formula oski15a10b17s with K=195
[2025-12-12 08:11:40] [run_formula] Running formula oski15a10b17s with K=195 up to limit 1600
[2025-12-12 08:11:47] [generate_cnf] Generating formula oski15a10b17s with K=196
[2025-12-12 08:12:17] [run_formula] Running formula oski15a10b17s with K=196 up to limit 1600
[2025-12-12 08:12:24] [generate_cnf] Generating formula oski15a10b17s with K=197
[2025-12-12 08:12:53] [run_formula] Running formula oski15a10b17s with K=197 up to limit 1600
[2025-12-12 08:13:00] [generate_cnf] Generating formula oski15a10b17s with K=198
[2025-12-12 08:13:30] [run_formula] Running formula oski15a10b17s with K=198 up to limit 1600
[2025-12-12 08:13:38] [generate_cnf] Generating formula oski15a10b17s with K=199
[2025-12-12 08:14:08] [run_formula] Running formula oski15a10b17s with K=199 up to limit 1600
[2025-12-12 08:14:15] [generate_cnf] Generating formula oski15a10b17s with K=200
[2025-12-12 08:14:45] [run_formula] Running formula oski15a10b17s with K=200 up to limit 1600
[2025-12-12 08:14:52] [generate_cnf] Generating formula oski15a10b17s with K=201
[2025-12-12 08:15:23] [run_formula] Running formula oski15a10b17s with K=201 up to limit 1600
[2025-12-12 08:15:30] [generate_cnf] Generating formula oski15a10b17s with K=202
[2025-12-12 08:16:01] [run_formula] Running formula oski15a10b17s with K=202 up to limit 1600
[2025-12-12 08:16:08] [generate_cnf] Generating formula oski15a10b17s with K=203
[2025-12-12 08:16:38] [run_formula] Running formula oski15a10b17s with K=203 up to limit 1600
[2025-12-12 08:16:46] [generate_cnf] Generating formula oski15a10b17s with K=204
[2025-12-12 08:17:17] [run_formula] Running formula oski15a10b17s with K=204 up to limit 1600
[2025-12-12 08:17:25] [generate_cnf] Generating formula oski15a10b17s with K=205
[2025-12-12 08:17:55] [run_formula] Running formula oski15a10b17s with K=205 up to limit 1600
[2025-12-12 08:18:03] [generate_cnf] Generating formula oski15a10b17s with K=206
[2025-12-12 08:18:34] [run_formula] Running formula oski15a10b17s with K=206 up to limit 1600
[2025-12-12 08:18:42] [generate_cnf] Generating formula oski15a10b17s with K=207
[2025-12-12 08:19:13] [run_formula] Running formula oski15a10b17s with K=207 up to limit 1600
[2025-12-12 08:19:21] [generate_cnf] Generating formula oski15a10b17s with K=208
[2025-12-12 08:19:52] [run_formula] Running formula oski15a10b17s with K=208 up to limit 1600
[2025-12-12 08:19:59] [generate_cnf] Generating formula oski15a10b17s with K=209
[2025-12-12 08:20:30] [run_formula] Running formula oski15a10b17s with K=209 up to limit 1600
[2025-12-12 08:20:37] [generate_cnf] Generating formula oski15a10b17s with K=210
[2025-12-12 08:21:08] [run_formula] Running formula oski15a10b17s with K=210 up to limit 1600
[2025-12-12 08:21:16] [generate_cnf] Generating formula oski15a10b17s with K=211
[2025-12-12 08:21:47] [run_formula] Running formula oski15a10b17s with K=211 up to limit 1600
[2025-12-12 08:21:54] [generate_cnf] Generating formula oski15a10b17s with K=212
[2025-12-12 08:22:25] [run_formula] Running formula oski15a10b17s with K=212 up to limit 1600
[2025-12-12 08:22:33] [generate_cnf] Generating formula oski15a10b17s with K=213
[2025-12-12 08:23:09] [run_formula] Running formula oski15a10b17s with K=213 up to limit 1600
[2025-12-12 08:23:17] [generate_cnf] Generating formula oski15a10b17s with K=214
[2025-12-12 08:23:49] [run_formula] Running formula oski15a10b17s with K=214 up to limit 1600
[2025-12-12 08:23:57] [generate_cnf] Generating formula oski15a10b17s with K=215
[2025-12-12 08:24:31] [run_formula] Running formula oski15a10b17s with K=215 up to limit 1600
[2025-12-12 08:24:39] [generate_cnf] Generating formula oski15a10b17s with K=216
[2025-12-12 08:25:11] [run_formula] Running formula oski15a10b17s with K=216 up to limit 1600
[2025-12-12 08:25:19] [generate_cnf] Generating formula oski15a10b17s with K=217
[2025-12-12 08:25:52] [run_formula] Running formula oski15a10b17s with K=217 up to limit 1600
[2025-12-12 08:26:00] [generate_cnf] Generating formula oski15a10b17s with K=218
[2025-12-12 08:26:33] [run_formula] Running formula oski15a10b17s with K=218 up to limit 1600
[2025-12-12 08:26:41] [generate_cnf] Generating formula oski15a10b17s with K=219
[2025-12-12 08:27:13] [run_formula] Running formula oski15a10b17s with K=219 up to limit 1600
[2025-12-12 08:27:21] [generate_cnf] Generating formula oski15a10b17s with K=220
[2025-12-12 08:27:54] [run_formula] Running formula oski15a10b17s with K=220 up to limit 1600
[2025-12-12 08:28:02] [run_formula] Error running formula oski15a10b17s with K=220: [Errno 122] Disk quota exceeded: './results/solving_logs/oski15a10b17s//oski15a10b17s.220.log'
[2025-12-12 08:28:02] [generate_and_run_up_to_limit] Failed to run formula oski15a10b17s with K=220, halting
