CNF written.
CNF written.
CNF written.
CNF written.
CNF written.
CNF written.
CNF written.
CNF written.
CNF written.
CNF written.
CNF written.
CNF written.
CNF written.
CNF written.
CNF written.
CNF written.
CNF written.
CNF written.
CNF written.
CNF written.
CNF written.
CNF written.
CNF written.
CNF written.
CNF written.
CNF written.
CNF written.
CNF written.
CNF written.
CNF written.
CNF written.
CNF written.
CNF written.
CNF written.
CNF written.
CNF written.
CNF written.
CNF written.
CNF written.
CNF written.
CNF written.
CNF written.
CNF written.
CNF written.
CNF written.
CNF written.
CNF written.
CNF written.
CNF written.
CNF written.
CNF written.
CNF written.
CNF written.
CNF written.
CNF written.
CNF written.
CNF written.
CNF written.
CNF written.
CNF written.
CNF written.
CNF written.
CNF written.
CNF written.
CNF written.
CNF written.
CNF written.
CNF written.
CNF written.
CNF written.
CNF written.
CNF written.
CNF written.
CNF written.
CNF written.
CNF written.
CNF written.
CNF written.
CNF written.
CNF written.
CNF written.
CNF written.
CNF written.
CNF written.
CNF written.
CNF written.
CNF written.
CNF written.
CNF written.
CNF written.
CNF written.
CNF written.
CNF written.
CNF written.
CNF written.
CNF written.
CNF written.
CNF written.
CNF written.
CNF written.
CNF written.
CNF written.
CNF written.
CNF written.
CNF written.
CNF written.
CNF written.
CNF written.
CNF written.
CNF written.
CNF written.
CNF written.
CNF written.
CNF written.
CNF written.
CNF written.
CNF written.
CNF written.
CNF written.
CNF written.
CNF written.
CNF written.
CNF written.
CNF written.
CNF written.
CNF written.
CNF written.
CNF written.
CNF written.
CNF written.
CNF written.
CNF written.
CNF written.
CNF written.
CNF written.
CNF written.
CNF written.
CNF written.
CNF written.
CNF written.
CNF written.
CNF written.
CNF written.
CNF written.
CNF written.
CNF written.
CNF written.
CNF written.
CNF written.
CNF written.
CNF written.
CNF written.
CNF written.
CNF written.
CNF written.
CNF written.
CNF written.
CNF written.
CNF written.
CNF written.
CNF written.
CNF written.
CNF written.
CNF written.
CNF written.
CNF written.
CNF written.
CNF written.
CNF written.
CNF written.
CNF written.
CNF written.
CNF written.
CNF written.
CNF written.
CNF written.
CNF written.
CNF written.
CNF written.
CNF written.
CNF written.
CNF written.
CNF written.
CNF written.
CNF written.
CNF written.
CNF written.
CNF written.
CNF written.
CNF written.
CNF written.
CNF written.
CNF written.
CNF written.
CNF written.
CNF written.
CNF written.
CNF written.
CNF written.
CNF written.
CNF written.
CNF written.
CNF written.
CNF written.
CNF written.
CNF written.
CNF written.
CNF written.
CNF written.
CNF written.
CNF written.
CNF written.
CNF written.
CNF written.
CNF written.
CNF written.
CNF written.
[2025-12-12 07:26:52] [generate_and_run_up_to_limit] Generating and running oski3b3i with K<=500 up to limit 1600
[2025-12-12 07:26:52] [generate_cnf] Generating formula oski3b3i with K=1
[2025-12-12 07:26:52] [run_formula] Running formula oski3b3i with K=1 up to limit 1600
[2025-12-12 07:26:52] [generate_cnf] Generating formula oski3b3i with K=2
[2025-12-12 07:26:53] [run_formula] Running formula oski3b3i with K=2 up to limit 1600
[2025-12-12 07:26:53] [generate_cnf] Generating formula oski3b3i with K=3
[2025-12-12 07:26:54] [run_formula] Running formula oski3b3i with K=3 up to limit 1600
[2025-12-12 07:26:54] [generate_cnf] Generating formula oski3b3i with K=4
[2025-12-12 07:26:54] [run_formula] Running formula oski3b3i with K=4 up to limit 1600
[2025-12-12 07:26:55] [generate_cnf] Generating formula oski3b3i with K=5
[2025-12-12 07:26:55] [run_formula] Running formula oski3b3i with K=5 up to limit 1600
[2025-12-12 07:26:56] [generate_cnf] Generating formula oski3b3i with K=6
[2025-12-12 07:26:57] [run_formula] Running formula oski3b3i with K=6 up to limit 1600
[2025-12-12 07:26:57] [generate_cnf] Generating formula oski3b3i with K=7
[2025-12-12 07:26:58] [run_formula] Running formula oski3b3i with K=7 up to limit 1600
[2025-12-12 07:26:58] [generate_cnf] Generating formula oski3b3i with K=8
[2025-12-12 07:26:59] [run_formula] Running formula oski3b3i with K=8 up to limit 1600
[2025-12-12 07:26:59] [generate_cnf] Generating formula oski3b3i with K=9
[2025-12-12 07:27:00] [run_formula] Running formula oski3b3i with K=9 up to limit 1600
[2025-12-12 07:27:01] [generate_cnf] Generating formula oski3b3i with K=10
[2025-12-12 07:27:02] [run_formula] Running formula oski3b3i with K=10 up to limit 1600
[2025-12-12 07:27:02] [generate_cnf] Generating formula oski3b3i with K=11
[2025-12-12 07:27:04] [run_formula] Running formula oski3b3i with K=11 up to limit 1600
[2025-12-12 07:27:04] [generate_cnf] Generating formula oski3b3i with K=12
[2025-12-12 07:27:06] [run_formula] Running formula oski3b3i with K=12 up to limit 1600
[2025-12-12 07:27:06] [generate_cnf] Generating formula oski3b3i with K=13
[2025-12-12 07:27:08] [run_formula] Running formula oski3b3i with K=13 up to limit 1600
[2025-12-12 07:27:08] [generate_cnf] Generating formula oski3b3i with K=14
[2025-12-12 07:27:10] [run_formula] Running formula oski3b3i with K=14 up to limit 1600
[2025-12-12 07:27:10] [generate_cnf] Generating formula oski3b3i with K=15
[2025-12-12 07:27:12] [run_formula] Running formula oski3b3i with K=15 up to limit 1600
[2025-12-12 07:27:13] [generate_cnf] Generating formula oski3b3i with K=16
[2025-12-12 07:27:15] [run_formula] Running formula oski3b3i with K=16 up to limit 1600
[2025-12-12 07:27:15] [generate_cnf] Generating formula oski3b3i with K=17
[2025-12-12 07:27:17] [run_formula] Running formula oski3b3i with K=17 up to limit 1600
[2025-12-12 07:27:18] [generate_cnf] Generating formula oski3b3i with K=18
[2025-12-12 07:27:20] [run_formula] Running formula oski3b3i with K=18 up to limit 1600
[2025-12-12 07:27:21] [generate_cnf] Generating formula oski3b3i with K=19
[2025-12-12 07:27:23] [run_formula] Running formula oski3b3i with K=19 up to limit 1600
[2025-12-12 07:27:24] [generate_cnf] Generating formula oski3b3i with K=20
[2025-12-12 07:27:26] [run_formula] Running formula oski3b3i with K=20 up to limit 1600
[2025-12-12 07:27:27] [generate_cnf] Generating formula oski3b3i with K=21
[2025-12-12 07:27:30] [run_formula] Running formula oski3b3i with K=21 up to limit 1600
[2025-12-12 07:27:30] [generate_cnf] Generating formula oski3b3i with K=22
[2025-12-12 07:27:33] [run_formula] Running formula oski3b3i with K=22 up to limit 1600
[2025-12-12 07:27:34] [generate_cnf] Generating formula oski3b3i with K=23
[2025-12-12 07:27:37] [run_formula] Running formula oski3b3i with K=23 up to limit 1600
[2025-12-12 07:27:37] [generate_cnf] Generating formula oski3b3i with K=24
[2025-12-12 07:27:40] [run_formula] Running formula oski3b3i with K=24 up to limit 1600
[2025-12-12 07:27:41] [generate_cnf] Generating formula oski3b3i with K=25
[2025-12-12 07:27:44] [run_formula] Running formula oski3b3i with K=25 up to limit 1600
[2025-12-12 07:27:45] [generate_cnf] Generating formula oski3b3i with K=26
[2025-12-12 07:27:48] [run_formula] Running formula oski3b3i with K=26 up to limit 1600
[2025-12-12 07:27:49] [generate_cnf] Generating formula oski3b3i with K=27
[2025-12-12 07:27:52] [run_formula] Running formula oski3b3i with K=27 up to limit 1600
[2025-12-12 07:27:53] [generate_cnf] Generating formula oski3b3i with K=28
[2025-12-12 07:27:56] [run_formula] Running formula oski3b3i with K=28 up to limit 1600
[2025-12-12 07:27:57] [generate_cnf] Generating formula oski3b3i with K=29
[2025-12-12 07:28:01] [run_formula] Running formula oski3b3i with K=29 up to limit 1600
[2025-12-12 07:28:02] [generate_cnf] Generating formula oski3b3i with K=30
[2025-12-12 07:28:05] [run_formula] Running formula oski3b3i with K=30 up to limit 1600
[2025-12-12 07:28:07] [generate_cnf] Generating formula oski3b3i with K=31
[2025-12-12 07:28:10] [run_formula] Running formula oski3b3i with K=31 up to limit 1600
[2025-12-12 07:28:11] [generate_cnf] Generating formula oski3b3i with K=32
[2025-12-12 07:28:15] [run_formula] Running formula oski3b3i with K=32 up to limit 1600
[2025-12-12 07:28:16] [generate_cnf] Generating formula oski3b3i with K=33
[2025-12-12 07:28:20] [run_formula] Running formula oski3b3i with K=33 up to limit 1600
[2025-12-12 07:28:21] [generate_cnf] Generating formula oski3b3i with K=34
[2025-12-12 07:28:25] [run_formula] Running formula oski3b3i with K=34 up to limit 1600
[2025-12-12 07:28:26] [generate_cnf] Generating formula oski3b3i with K=35
[2025-12-12 07:28:30] [run_formula] Running formula oski3b3i with K=35 up to limit 1600
[2025-12-12 07:28:31] [generate_cnf] Generating formula oski3b3i with K=36
[2025-12-12 07:28:35] [run_formula] Running formula oski3b3i with K=36 up to limit 1600
[2025-12-12 07:28:37] [generate_cnf] Generating formula oski3b3i with K=37
[2025-12-12 07:28:41] [run_formula] Running formula oski3b3i with K=37 up to limit 1600
[2025-12-12 07:28:42] [generate_cnf] Generating formula oski3b3i with K=38
[2025-12-12 07:28:47] [run_formula] Running formula oski3b3i with K=38 up to limit 1600
[2025-12-12 07:28:48] [generate_cnf] Generating formula oski3b3i with K=39
[2025-12-12 07:28:52] [run_formula] Running formula oski3b3i with K=39 up to limit 1600
[2025-12-12 07:28:54] [generate_cnf] Generating formula oski3b3i with K=40
[2025-12-12 07:28:58] [run_formula] Running formula oski3b3i with K=40 up to limit 1600
[2025-12-12 07:29:00] [generate_cnf] Generating formula oski3b3i with K=41
[2025-12-12 07:29:04] [run_formula] Running formula oski3b3i with K=41 up to limit 1600
[2025-12-12 07:29:06] [generate_cnf] Generating formula oski3b3i with K=42
[2025-12-12 07:29:10] [run_formula] Running formula oski3b3i with K=42 up to limit 1600
[2025-12-12 07:29:12] [generate_cnf] Generating formula oski3b3i with K=43
[2025-12-12 07:29:17] [run_formula] Running formula oski3b3i with K=43 up to limit 1600
[2025-12-12 07:29:18] [generate_cnf] Generating formula oski3b3i with K=44
[2025-12-12 07:29:23] [run_formula] Running formula oski3b3i with K=44 up to limit 1600
[2025-12-12 07:29:25] [generate_cnf] Generating formula oski3b3i with K=45
[2025-12-12 07:29:30] [run_formula] Running formula oski3b3i with K=45 up to limit 1600
[2025-12-12 07:29:31] [generate_cnf] Generating formula oski3b3i with K=46
[2025-12-12 07:29:37] [run_formula] Running formula oski3b3i with K=46 up to limit 1600
[2025-12-12 07:29:38] [generate_cnf] Generating formula oski3b3i with K=47
[2025-12-12 07:29:44] [run_formula] Running formula oski3b3i with K=47 up to limit 1600
[2025-12-12 07:29:45] [generate_cnf] Generating formula oski3b3i with K=48
[2025-12-12 07:29:50] [run_formula] Running formula oski3b3i with K=48 up to limit 1600
[2025-12-12 07:29:52] [generate_cnf] Generating formula oski3b3i with K=49
[2025-12-12 07:29:58] [run_formula] Running formula oski3b3i with K=49 up to limit 1600
[2025-12-12 07:29:59] [generate_cnf] Generating formula oski3b3i with K=50
[2025-12-12 07:30:05] [run_formula] Running formula oski3b3i with K=50 up to limit 1600
[2025-12-12 07:30:06] [generate_cnf] Generating formula oski3b3i with K=51
[2025-12-12 07:30:12] [run_formula] Running formula oski3b3i with K=51 up to limit 1600
[2025-12-12 07:30:14] [generate_cnf] Generating formula oski3b3i with K=52
[2025-12-12 07:30:20] [run_formula] Running formula oski3b3i with K=52 up to limit 1600
[2025-12-12 07:30:22] [generate_cnf] Generating formula oski3b3i with K=53
[2025-12-12 07:30:27] [run_formula] Running formula oski3b3i with K=53 up to limit 1600
[2025-12-12 07:30:29] [generate_cnf] Generating formula oski3b3i with K=54
[2025-12-12 07:30:35] [run_formula] Running formula oski3b3i with K=54 up to limit 1600
[2025-12-12 07:30:37] [generate_cnf] Generating formula oski3b3i with K=55
[2025-12-12 07:30:43] [run_formula] Running formula oski3b3i with K=55 up to limit 1600
[2025-12-12 07:30:45] [generate_cnf] Generating formula oski3b3i with K=56
[2025-12-12 07:30:51] [run_formula] Running formula oski3b3i with K=56 up to limit 1600
[2025-12-12 07:30:53] [generate_cnf] Generating formula oski3b3i with K=57
[2025-12-12 07:30:59] [run_formula] Running formula oski3b3i with K=57 up to limit 1600
[2025-12-12 07:31:01] [generate_cnf] Generating formula oski3b3i with K=58
[2025-12-12 07:31:07] [run_formula] Running formula oski3b3i with K=58 up to limit 1600
[2025-12-12 07:31:09] [generate_cnf] Generating formula oski3b3i with K=59
[2025-12-12 07:31:16] [run_formula] Running formula oski3b3i with K=59 up to limit 1600
[2025-12-12 07:31:18] [generate_cnf] Generating formula oski3b3i with K=60
[2025-12-12 07:31:24] [run_formula] Running formula oski3b3i with K=60 up to limit 1600
[2025-12-12 07:31:27] [generate_cnf] Generating formula oski3b3i with K=61
[2025-12-12 07:31:33] [run_formula] Running formula oski3b3i with K=61 up to limit 1600
[2025-12-12 07:31:35] [generate_cnf] Generating formula oski3b3i with K=62
[2025-12-12 07:31:42] [run_formula] Running formula oski3b3i with K=62 up to limit 1600
[2025-12-12 07:31:44] [generate_cnf] Generating formula oski3b3i with K=63
[2025-12-12 07:31:51] [run_formula] Running formula oski3b3i with K=63 up to limit 1600
[2025-12-12 07:31:53] [generate_cnf] Generating formula oski3b3i with K=64
[2025-12-12 07:32:00] [run_formula] Running formula oski3b3i with K=64 up to limit 1600
[2025-12-12 07:32:02] [generate_cnf] Generating formula oski3b3i with K=65
[2025-12-12 07:32:09] [run_formula] Running formula oski3b3i with K=65 up to limit 1600
[2025-12-12 07:32:11] [generate_cnf] Generating formula oski3b3i with K=66
[2025-12-12 07:32:18] [run_formula] Running formula oski3b3i with K=66 up to limit 1600
[2025-12-12 07:32:21] [generate_cnf] Generating formula oski3b3i with K=67
[2025-12-12 07:32:28] [run_formula] Running formula oski3b3i with K=67 up to limit 1600
[2025-12-12 07:32:30] [generate_cnf] Generating formula oski3b3i with K=68
[2025-12-12 07:32:37] [run_formula] Running formula oski3b3i with K=68 up to limit 1600
[2025-12-12 07:32:40] [generate_cnf] Generating formula oski3b3i with K=69
[2025-12-12 07:32:47] [run_formula] Running formula oski3b3i with K=69 up to limit 1600
[2025-12-12 07:32:49] [generate_cnf] Generating formula oski3b3i with K=70
[2025-12-12 07:32:57] [run_formula] Running formula oski3b3i with K=70 up to limit 1600
[2025-12-12 07:32:59] [generate_cnf] Generating formula oski3b3i with K=71
[2025-12-12 07:33:07] [run_formula] Running formula oski3b3i with K=71 up to limit 1600
[2025-12-12 07:33:10] [generate_cnf] Generating formula oski3b3i with K=72
[2025-12-12 07:33:18] [run_formula] Running formula oski3b3i with K=72 up to limit 1600
[2025-12-12 07:33:20] [generate_cnf] Generating formula oski3b3i with K=73
[2025-12-12 07:33:29] [run_formula] Running formula oski3b3i with K=73 up to limit 1600
[2025-12-12 07:33:31] [generate_cnf] Generating formula oski3b3i with K=74
[2025-12-12 07:33:40] [run_formula] Running formula oski3b3i with K=74 up to limit 1600
[2025-12-12 07:33:42] [generate_cnf] Generating formula oski3b3i with K=75
[2025-12-12 07:33:50] [run_formula] Running formula oski3b3i with K=75 up to limit 1600
[2025-12-12 07:33:53] [generate_cnf] Generating formula oski3b3i with K=76
[2025-12-12 07:34:02] [run_formula] Running formula oski3b3i with K=76 up to limit 1600
[2025-12-12 07:34:05] [generate_cnf] Generating formula oski3b3i with K=77
[2025-12-12 07:34:13] [run_formula] Running formula oski3b3i with K=77 up to limit 1600
[2025-12-12 07:34:16] [generate_cnf] Generating formula oski3b3i with K=78
[2025-12-12 07:34:25] [run_formula] Running formula oski3b3i with K=78 up to limit 1600
[2025-12-12 07:34:28] [generate_cnf] Generating formula oski3b3i with K=79
[2025-12-12 07:34:37] [run_formula] Running formula oski3b3i with K=79 up to limit 1600
[2025-12-12 07:34:40] [generate_cnf] Generating formula oski3b3i with K=80
[2025-12-12 07:34:49] [run_formula] Running formula oski3b3i with K=80 up to limit 1600
[2025-12-12 07:34:52] [generate_cnf] Generating formula oski3b3i with K=81
[2025-12-12 07:35:01] [run_formula] Running formula oski3b3i with K=81 up to limit 1600
[2025-12-12 07:35:04] [generate_cnf] Generating formula oski3b3i with K=82
[2025-12-12 07:35:13] [run_formula] Running formula oski3b3i with K=82 up to limit 1600
[2025-12-12 07:35:16] [generate_cnf] Generating formula oski3b3i with K=83
[2025-12-12 07:35:26] [run_formula] Running formula oski3b3i with K=83 up to limit 1600
[2025-12-12 07:35:28] [generate_cnf] Generating formula oski3b3i with K=84
[2025-12-12 07:35:38] [run_formula] Running formula oski3b3i with K=84 up to limit 1600
[2025-12-12 07:35:40] [generate_cnf] Generating formula oski3b3i with K=85
[2025-12-12 07:35:50] [run_formula] Running formula oski3b3i with K=85 up to limit 1600
[2025-12-12 07:35:53] [generate_cnf] Generating formula oski3b3i with K=86
[2025-12-12 07:36:03] [run_formula] Running formula oski3b3i with K=86 up to limit 1600
[2025-12-12 07:36:06] [generate_cnf] Generating formula oski3b3i with K=87
[2025-12-12 07:36:16] [run_formula] Running formula oski3b3i with K=87 up to limit 1600
[2025-12-12 07:36:19] [generate_cnf] Generating formula oski3b3i with K=88
[2025-12-12 07:36:29] [run_formula] Running formula oski3b3i with K=88 up to limit 1600
[2025-12-12 07:36:32] [generate_cnf] Generating formula oski3b3i with K=89
[2025-12-12 07:36:42] [run_formula] Running formula oski3b3i with K=89 up to limit 1600
[2025-12-12 07:36:45] [generate_cnf] Generating formula oski3b3i with K=90
[2025-12-12 07:36:56] [run_formula] Running formula oski3b3i with K=90 up to limit 1600
[2025-12-12 07:36:59] [generate_cnf] Generating formula oski3b3i with K=91
[2025-12-12 07:37:09] [run_formula] Running formula oski3b3i with K=91 up to limit 1600
[2025-12-12 07:37:12] [generate_cnf] Generating formula oski3b3i with K=92
[2025-12-12 07:37:23] [run_formula] Running formula oski3b3i with K=92 up to limit 1600
[2025-12-12 07:37:26] [generate_cnf] Generating formula oski3b3i with K=93
[2025-12-12 07:37:37] [run_formula] Running formula oski3b3i with K=93 up to limit 1600
[2025-12-12 07:37:40] [generate_cnf] Generating formula oski3b3i with K=94
[2025-12-12 07:37:51] [run_formula] Running formula oski3b3i with K=94 up to limit 1600
[2025-12-12 07:37:55] [generate_cnf] Generating formula oski3b3i with K=95
[2025-12-12 07:38:06] [run_formula] Running formula oski3b3i with K=95 up to limit 1600
[2025-12-12 07:38:10] [generate_cnf] Generating formula oski3b3i with K=96
[2025-12-12 07:38:21] [run_formula] Running formula oski3b3i with K=96 up to limit 1600
[2025-12-12 07:38:24] [generate_cnf] Generating formula oski3b3i with K=97
[2025-12-12 07:38:36] [run_formula] Running formula oski3b3i with K=97 up to limit 1600
[2025-12-12 07:38:39] [generate_cnf] Generating formula oski3b3i with K=98
[2025-12-12 07:38:51] [run_formula] Running formula oski3b3i with K=98 up to limit 1600
[2025-12-12 07:38:55] [generate_cnf] Generating formula oski3b3i with K=99
[2025-12-12 07:39:07] [run_formula] Running formula oski3b3i with K=99 up to limit 1600
[2025-12-12 07:39:10] [generate_cnf] Generating formula oski3b3i with K=100
[2025-12-12 07:39:22] [run_formula] Running formula oski3b3i with K=100 up to limit 1600
[2025-12-12 07:39:26] [generate_cnf] Generating formula oski3b3i with K=101
[2025-12-12 07:39:38] [run_formula] Running formula oski3b3i with K=101 up to limit 1600
[2025-12-12 07:39:41] [generate_cnf] Generating formula oski3b3i with K=102
[2025-12-12 07:39:53] [run_formula] Running formula oski3b3i with K=102 up to limit 1600
[2025-12-12 07:39:57] [generate_cnf] Generating formula oski3b3i with K=103
[2025-12-12 07:40:09] [run_formula] Running formula oski3b3i with K=103 up to limit 1600
[2025-12-12 07:40:13] [generate_cnf] Generating formula oski3b3i with K=104
[2025-12-12 07:40:26] [run_formula] Running formula oski3b3i with K=104 up to limit 1600
[2025-12-12 07:40:30] [generate_cnf] Generating formula oski3b3i with K=105
[2025-12-12 07:40:42] [run_formula] Running formula oski3b3i with K=105 up to limit 1600
[2025-12-12 07:40:46] [generate_cnf] Generating formula oski3b3i with K=106
[2025-12-12 07:40:59] [run_formula] Running formula oski3b3i with K=106 up to limit 1600
[2025-12-12 07:41:03] [generate_cnf] Generating formula oski3b3i with K=107
[2025-12-12 07:41:16] [run_formula] Running formula oski3b3i with K=107 up to limit 1600
[2025-12-12 07:41:20] [generate_cnf] Generating formula oski3b3i with K=108
[2025-12-12 07:41:33] [run_formula] Running formula oski3b3i with K=108 up to limit 1600
[2025-12-12 07:41:37] [generate_cnf] Generating formula oski3b3i with K=109
[2025-12-12 07:41:50] [run_formula] Running formula oski3b3i with K=109 up to limit 1600
[2025-12-12 07:41:54] [generate_cnf] Generating formula oski3b3i with K=110
[2025-12-12 07:42:07] [run_formula] Running formula oski3b3i with K=110 up to limit 1600
[2025-12-12 07:42:11] [generate_cnf] Generating formula oski3b3i with K=111
[2025-12-12 07:42:25] [run_formula] Running formula oski3b3i with K=111 up to limit 1600
[2025-12-12 07:42:29] [generate_cnf] Generating formula oski3b3i with K=112
[2025-12-12 07:42:42] [run_formula] Running formula oski3b3i with K=112 up to limit 1600
[2025-12-12 07:42:46] [generate_cnf] Generating formula oski3b3i with K=113
[2025-12-12 07:42:59] [run_formula] Running formula oski3b3i with K=113 up to limit 1600
[2025-12-12 07:43:03] [generate_cnf] Generating formula oski3b3i with K=114
[2025-12-12 07:43:16] [run_formula] Running formula oski3b3i with K=114 up to limit 1600
[2025-12-12 07:43:20] [generate_cnf] Generating formula oski3b3i with K=115
[2025-12-12 07:43:34] [run_formula] Running formula oski3b3i with K=115 up to limit 1600
[2025-12-12 07:43:38] [generate_cnf] Generating formula oski3b3i with K=116
[2025-12-12 07:43:52] [run_formula] Running formula oski3b3i with K=116 up to limit 1600
[2025-12-12 07:43:56] [generate_cnf] Generating formula oski3b3i with K=117
[2025-12-12 07:44:10] [run_formula] Running formula oski3b3i with K=117 up to limit 1600
[2025-12-12 07:44:14] [generate_cnf] Generating formula oski3b3i with K=118
[2025-12-12 07:44:28] [run_formula] Running formula oski3b3i with K=118 up to limit 1600
[2025-12-12 07:44:32] [generate_cnf] Generating formula oski3b3i with K=119
[2025-12-12 07:44:46] [run_formula] Running formula oski3b3i with K=119 up to limit 1600
[2025-12-12 07:44:50] [generate_cnf] Generating formula oski3b3i with K=120
[2025-12-12 07:45:04] [run_formula] Running formula oski3b3i with K=120 up to limit 1600
[2025-12-12 07:45:08] [generate_cnf] Generating formula oski3b3i with K=121
[2025-12-12 07:45:22] [run_formula] Running formula oski3b3i with K=121 up to limit 1600
[2025-12-12 07:45:26] [generate_cnf] Generating formula oski3b3i with K=122
[2025-12-12 07:45:40] [run_formula] Running formula oski3b3i with K=122 up to limit 1600
[2025-12-12 07:45:45] [generate_cnf] Generating formula oski3b3i with K=123
[2025-12-12 07:45:59] [run_formula] Running formula oski3b3i with K=123 up to limit 1600
[2025-12-12 07:46:04] [generate_cnf] Generating formula oski3b3i with K=124
[2025-12-12 07:46:18] [run_formula] Running formula oski3b3i with K=124 up to limit 1600
[2025-12-12 07:46:22] [generate_cnf] Generating formula oski3b3i with K=125
[2025-12-12 07:46:37] [run_formula] Running formula oski3b3i with K=125 up to limit 1600
[2025-12-12 07:46:41] [generate_cnf] Generating formula oski3b3i with K=126
[2025-12-12 07:46:56] [run_formula] Running formula oski3b3i with K=126 up to limit 1600
[2025-12-12 07:47:00] [generate_cnf] Generating formula oski3b3i with K=127
[2025-12-12 07:47:15] [run_formula] Running formula oski3b3i with K=127 up to limit 1600
[2025-12-12 07:47:19] [generate_cnf] Generating formula oski3b3i with K=128
[2025-12-12 07:47:34] [run_formula] Running formula oski3b3i with K=128 up to limit 1600
[2025-12-12 07:47:38] [generate_cnf] Generating formula oski3b3i with K=129
[2025-12-12 07:47:54] [run_formula] Running formula oski3b3i with K=129 up to limit 1600
[2025-12-12 07:47:59] [generate_cnf] Generating formula oski3b3i with K=130
[2025-12-12 07:48:14] [run_formula] Running formula oski3b3i with K=130 up to limit 1600
[2025-12-12 07:48:19] [generate_cnf] Generating formula oski3b3i with K=131
[2025-12-12 07:48:34] [run_formula] Running formula oski3b3i with K=131 up to limit 1600
[2025-12-12 07:48:39] [generate_cnf] Generating formula oski3b3i with K=132
[2025-12-12 07:48:55] [run_formula] Running formula oski3b3i with K=132 up to limit 1600
[2025-12-12 07:48:59] [generate_cnf] Generating formula oski3b3i with K=133
[2025-12-12 07:49:15] [run_formula] Running formula oski3b3i with K=133 up to limit 1600
[2025-12-12 07:49:19] [generate_cnf] Generating formula oski3b3i with K=134
[2025-12-12 07:49:35] [run_formula] Running formula oski3b3i with K=134 up to limit 1600
[2025-12-12 07:49:40] [generate_cnf] Generating formula oski3b3i with K=135
[2025-12-12 07:49:56] [run_formula] Running formula oski3b3i with K=135 up to limit 1600
[2025-12-12 07:50:01] [generate_cnf] Generating formula oski3b3i with K=136
[2025-12-12 07:50:17] [run_formula] Running formula oski3b3i with K=136 up to limit 1600
[2025-12-12 07:50:22] [generate_cnf] Generating formula oski3b3i with K=137
[2025-12-12 07:50:38] [run_formula] Running formula oski3b3i with K=137 up to limit 1600
[2025-12-12 07:50:43] [generate_cnf] Generating formula oski3b3i with K=138
[2025-12-12 07:50:59] [run_formula] Running formula oski3b3i with K=138 up to limit 1600
[2025-12-12 07:51:04] [generate_cnf] Generating formula oski3b3i with K=139
[2025-12-12 07:51:21] [run_formula] Running formula oski3b3i with K=139 up to limit 1600
[2025-12-12 07:51:26] [generate_cnf] Generating formula oski3b3i with K=140
[2025-12-12 07:51:44] [run_formula] Running formula oski3b3i with K=140 up to limit 1600
[2025-12-12 07:51:49] [generate_cnf] Generating formula oski3b3i with K=141
[2025-12-12 07:52:06] [run_formula] Running formula oski3b3i with K=141 up to limit 1600
[2025-12-12 07:52:12] [generate_cnf] Generating formula oski3b3i with K=142
[2025-12-12 07:52:29] [run_formula] Running formula oski3b3i with K=142 up to limit 1600
[2025-12-12 07:52:34] [generate_cnf] Generating formula oski3b3i with K=143
[2025-12-12 07:52:52] [run_formula] Running formula oski3b3i with K=143 up to limit 1600
[2025-12-12 07:52:57] [generate_cnf] Generating formula oski3b3i with K=144
[2025-12-12 07:53:14] [run_formula] Running formula oski3b3i with K=144 up to limit 1600
[2025-12-12 07:53:20] [generate_cnf] Generating formula oski3b3i with K=145
[2025-12-12 07:53:37] [run_formula] Running formula oski3b3i with K=145 up to limit 1600
[2025-12-12 07:53:43] [generate_cnf] Generating formula oski3b3i with K=146
[2025-12-12 07:54:00] [run_formula] Running formula oski3b3i with K=146 up to limit 1600
[2025-12-12 07:54:05] [generate_cnf] Generating formula oski3b3i with K=147
[2025-12-12 07:54:22] [run_formula] Running formula oski3b3i with K=147 up to limit 1600
[2025-12-12 07:54:28] [generate_cnf] Generating formula oski3b3i with K=148
[2025-12-12 07:54:45] [run_formula] Running formula oski3b3i with K=148 up to limit 1600
[2025-12-12 07:54:51] [generate_cnf] Generating formula oski3b3i with K=149
[2025-12-12 07:55:08] [run_formula] Running formula oski3b3i with K=149 up to limit 1600
[2025-12-12 07:55:14] [generate_cnf] Generating formula oski3b3i with K=150
[2025-12-12 07:55:32] [run_formula] Running formula oski3b3i with K=150 up to limit 1600
[2025-12-12 07:55:37] [generate_cnf] Generating formula oski3b3i with K=151
[2025-12-12 07:55:55] [run_formula] Running formula oski3b3i with K=151 up to limit 1600
[2025-12-12 07:56:01] [generate_cnf] Generating formula oski3b3i with K=152
[2025-12-12 07:56:19] [run_formula] Running formula oski3b3i with K=152 up to limit 1600
[2025-12-12 07:56:24] [generate_cnf] Generating formula oski3b3i with K=153
[2025-12-12 07:56:43] [run_formula] Running formula oski3b3i with K=153 up to limit 1600
[2025-12-12 07:56:48] [generate_cnf] Generating formula oski3b3i with K=154
[2025-12-12 07:57:07] [run_formula] Running formula oski3b3i with K=154 up to limit 1600
[2025-12-12 07:57:12] [generate_cnf] Generating formula oski3b3i with K=155
[2025-12-12 07:57:31] [run_formula] Running formula oski3b3i with K=155 up to limit 1600
[2025-12-12 07:57:36] [generate_cnf] Generating formula oski3b3i with K=156
[2025-12-12 07:57:55] [run_formula] Running formula oski3b3i with K=156 up to limit 1600
[2025-12-12 07:58:00] [generate_cnf] Generating formula oski3b3i with K=157
[2025-12-12 07:58:19] [run_formula] Running formula oski3b3i with K=157 up to limit 1600
[2025-12-12 07:58:25] [generate_cnf] Generating formula oski3b3i with K=158
[2025-12-12 07:58:45] [run_formula] Running formula oski3b3i with K=158 up to limit 1600
[2025-12-12 07:58:51] [generate_cnf] Generating formula oski3b3i with K=159
[2025-12-12 07:59:09] [run_formula] Running formula oski3b3i with K=159 up to limit 1600
[2025-12-12 07:59:15] [generate_cnf] Generating formula oski3b3i with K=160
[2025-12-12 07:59:34] [run_formula] Running formula oski3b3i with K=160 up to limit 1600
[2025-12-12 07:59:40] [generate_cnf] Generating formula oski3b3i with K=161
[2025-12-12 08:00:00] [run_formula] Running formula oski3b3i with K=161 up to limit 1600
[2025-12-12 08:00:06] [generate_cnf] Generating formula oski3b3i with K=162
[2025-12-12 08:00:26] [run_formula] Running formula oski3b3i with K=162 up to limit 1600
[2025-12-12 08:00:32] [generate_cnf] Generating formula oski3b3i with K=163
[2025-12-12 08:00:52] [run_formula] Running formula oski3b3i with K=163 up to limit 1600
[2025-12-12 08:00:58] [generate_cnf] Generating formula oski3b3i with K=164
[2025-12-12 08:01:18] [run_formula] Running formula oski3b3i with K=164 up to limit 1600
[2025-12-12 08:01:24] [generate_cnf] Generating formula oski3b3i with K=165
[2025-12-12 08:01:44] [run_formula] Running formula oski3b3i with K=165 up to limit 1600
[2025-12-12 08:01:50] [generate_cnf] Generating formula oski3b3i with K=166
[2025-12-12 08:02:11] [run_formula] Running formula oski3b3i with K=166 up to limit 1600
[2025-12-12 08:02:17] [generate_cnf] Generating formula oski3b3i with K=167
[2025-12-12 08:02:37] [run_formula] Running formula oski3b3i with K=167 up to limit 1600
[2025-12-12 08:02:44] [generate_cnf] Generating formula oski3b3i with K=168
[2025-12-12 08:03:05] [run_formula] Running formula oski3b3i with K=168 up to limit 1600
[2025-12-12 08:03:11] [generate_cnf] Generating formula oski3b3i with K=169
[2025-12-12 08:03:31] [run_formula] Running formula oski3b3i with K=169 up to limit 1600
[2025-12-12 08:03:37] [generate_cnf] Generating formula oski3b3i with K=170
[2025-12-12 08:03:58] [run_formula] Running formula oski3b3i with K=170 up to limit 1600
[2025-12-12 08:04:05] [generate_cnf] Generating formula oski3b3i with K=171
[2025-12-12 08:04:25] [run_formula] Running formula oski3b3i with K=171 up to limit 1600
[2025-12-12 08:04:32] [generate_cnf] Generating formula oski3b3i with K=172
[2025-12-12 08:04:53] [run_formula] Running formula oski3b3i with K=172 up to limit 1600
[2025-12-12 08:04:59] [generate_cnf] Generating formula oski3b3i with K=173
[2025-12-12 08:05:20] [run_formula] Running formula oski3b3i with K=173 up to limit 1600
[2025-12-12 08:05:26] [generate_cnf] Generating formula oski3b3i with K=174
[2025-12-12 08:05:46] [run_formula] Running formula oski3b3i with K=174 up to limit 1600
[2025-12-12 08:05:53] [generate_cnf] Generating formula oski3b3i with K=175
[2025-12-12 08:06:13] [run_formula] Running formula oski3b3i with K=175 up to limit 1600
[2025-12-12 08:06:20] [generate_cnf] Generating formula oski3b3i with K=176
[2025-12-12 08:06:41] [run_formula] Running formula oski3b3i with K=176 up to limit 1600
[2025-12-12 08:06:48] [generate_cnf] Generating formula oski3b3i with K=177
[2025-12-12 08:07:10] [run_formula] Running formula oski3b3i with K=177 up to limit 1600
[2025-12-12 08:07:17] [generate_cnf] Generating formula oski3b3i with K=178
[2025-12-12 08:07:40] [run_formula] Running formula oski3b3i with K=178 up to limit 1600
[2025-12-12 08:07:47] [generate_cnf] Generating formula oski3b3i with K=179
[2025-12-12 08:08:11] [run_formula] Running formula oski3b3i with K=179 up to limit 1600
[2025-12-12 08:08:17] [generate_cnf] Generating formula oski3b3i with K=180
[2025-12-12 08:08:39] [run_formula] Running formula oski3b3i with K=180 up to limit 1600
[2025-12-12 08:08:46] [generate_cnf] Generating formula oski3b3i with K=181
[2025-12-12 08:09:09] [run_formula] Running formula oski3b3i with K=181 up to limit 1600
[2025-12-12 08:09:15] [generate_cnf] Generating formula oski3b3i with K=182
[2025-12-12 08:09:38] [run_formula] Running formula oski3b3i with K=182 up to limit 1600
[2025-12-12 08:09:45] [generate_cnf] Generating formula oski3b3i with K=183
[2025-12-12 08:10:07] [run_formula] Running formula oski3b3i with K=183 up to limit 1600
[2025-12-12 08:10:14] [generate_cnf] Generating formula oski3b3i with K=184
[2025-12-12 08:10:36] [run_formula] Running formula oski3b3i with K=184 up to limit 1600
[2025-12-12 08:10:43] [generate_cnf] Generating formula oski3b3i with K=185
[2025-12-12 08:11:07] [run_formula] Running formula oski3b3i with K=185 up to limit 1600
[2025-12-12 08:11:14] [generate_cnf] Generating formula oski3b3i with K=186
[2025-12-12 08:11:36] [run_formula] Running formula oski3b3i with K=186 up to limit 1600
[2025-12-12 08:11:43] [generate_cnf] Generating formula oski3b3i with K=187
[2025-12-12 08:12:05] [run_formula] Running formula oski3b3i with K=187 up to limit 1600
[2025-12-12 08:12:12] [generate_cnf] Generating formula oski3b3i with K=188
[2025-12-12 08:12:35] [run_formula] Running formula oski3b3i with K=188 up to limit 1600
[2025-12-12 08:12:42] [generate_cnf] Generating formula oski3b3i with K=189
[2025-12-12 08:13:05] [run_formula] Running formula oski3b3i with K=189 up to limit 1600
[2025-12-12 08:13:13] [generate_cnf] Generating formula oski3b3i with K=190
[2025-12-12 08:13:36] [run_formula] Running formula oski3b3i with K=190 up to limit 1600
[2025-12-12 08:13:43] [generate_cnf] Generating formula oski3b3i with K=191
[2025-12-12 08:14:07] [run_formula] Running formula oski3b3i with K=191 up to limit 1600
[2025-12-12 08:14:14] [generate_cnf] Generating formula oski3b3i with K=192
[2025-12-12 08:14:38] [run_formula] Running formula oski3b3i with K=192 up to limit 1600
[2025-12-12 08:14:45] [generate_cnf] Generating formula oski3b3i with K=193
[2025-12-12 08:15:09] [run_formula] Running formula oski3b3i with K=193 up to limit 1600
[2025-12-12 08:15:16] [generate_cnf] Generating formula oski3b3i with K=194
[2025-12-12 08:15:40] [run_formula] Running formula oski3b3i with K=194 up to limit 1600
[2025-12-12 08:15:47] [generate_cnf] Generating formula oski3b3i with K=195
[2025-12-12 08:16:12] [run_formula] Running formula oski3b3i with K=195 up to limit 1600
[2025-12-12 08:16:19] [generate_cnf] Generating formula oski3b3i with K=196
[2025-12-12 08:16:43] [run_formula] Running formula oski3b3i with K=196 up to limit 1600
[2025-12-12 08:16:50] [generate_cnf] Generating formula oski3b3i with K=197
[2025-12-12 08:17:15] [run_formula] Running formula oski3b3i with K=197 up to limit 1600
[2025-12-12 08:17:22] [generate_cnf] Generating formula oski3b3i with K=198
[2025-12-12 08:17:46] [run_formula] Running formula oski3b3i with K=198 up to limit 1600
[2025-12-12 08:17:53] [generate_cnf] Generating formula oski3b3i with K=199
[2025-12-12 08:18:17] [run_formula] Running formula oski3b3i with K=199 up to limit 1600
[2025-12-12 08:18:25] [generate_cnf] Generating formula oski3b3i with K=200
[2025-12-12 08:18:49] [run_formula] Running formula oski3b3i with K=200 up to limit 1600
[2025-12-12 08:18:57] [generate_cnf] Generating formula oski3b3i with K=201
[2025-12-12 08:19:21] [run_formula] Running formula oski3b3i with K=201 up to limit 1600
[2025-12-12 08:19:29] [generate_cnf] Generating formula oski3b3i with K=202
[2025-12-12 08:19:53] [run_formula] Running formula oski3b3i with K=202 up to limit 1600
[2025-12-12 08:20:01] [generate_cnf] Generating formula oski3b3i with K=203
[2025-12-12 08:20:25] [run_formula] Running formula oski3b3i with K=203 up to limit 1600
[2025-12-12 08:20:33] [generate_cnf] Generating formula oski3b3i with K=204
[2025-12-12 08:20:58] [run_formula] Running formula oski3b3i with K=204 up to limit 1600
[2025-12-12 08:21:05] [generate_cnf] Generating formula oski3b3i with K=205
[2025-12-12 08:21:31] [run_formula] Running formula oski3b3i with K=205 up to limit 1600
[2025-12-12 08:21:38] [generate_cnf] Generating formula oski3b3i with K=206
[2025-12-12 08:22:04] [run_formula] Running formula oski3b3i with K=206 up to limit 1600
[2025-12-12 08:22:11] [generate_cnf] Generating formula oski3b3i with K=207
[2025-12-12 08:22:37] [run_formula] Running formula oski3b3i with K=207 up to limit 1600
[2025-12-12 08:22:44] [generate_cnf] Generating formula oski3b3i with K=208
[2025-12-12 08:23:10] [run_formula] Running formula oski3b3i with K=208 up to limit 1600
[2025-12-12 08:23:18] [generate_cnf] Generating formula oski3b3i with K=209
[2025-12-12 08:23:43] [run_formula] Running formula oski3b3i with K=209 up to limit 1600
[2025-12-12 08:23:51] [generate_cnf] Generating formula oski3b3i with K=210
[2025-12-12 08:24:17] [run_formula] Running formula oski3b3i with K=210 up to limit 1600
[2025-12-12 08:24:25] [generate_cnf] Generating formula oski3b3i with K=211
[2025-12-12 08:24:52] [run_formula] Running formula oski3b3i with K=211 up to limit 1600
[2025-12-12 08:24:59] [generate_cnf] Generating formula oski3b3i with K=212
[2025-12-12 08:25:25] [run_formula] Running formula oski3b3i with K=212 up to limit 1600
[2025-12-12 08:25:33] [generate_cnf] Generating formula oski3b3i with K=213
[2025-12-12 08:25:58] [run_formula] Running formula oski3b3i with K=213 up to limit 1600
[2025-12-12 08:26:07] [generate_cnf] Generating formula oski3b3i with K=214
[2025-12-12 08:26:33] [run_formula] Running formula oski3b3i with K=214 up to limit 1600
[2025-12-12 08:26:41] [generate_cnf] Generating formula oski3b3i with K=215
[2025-12-12 08:27:08] [run_formula] Running formula oski3b3i with K=215 up to limit 1600
[2025-12-12 08:27:16] [generate_cnf] Generating formula oski3b3i with K=216
[2025-12-12 08:27:42] [run_formula] Running formula oski3b3i with K=216 up to limit 1600
[2025-12-12 08:27:50] [generate_cnf] Generating formula oski3b3i with K=217
[2025-12-12 08:28:05] [generate_and_run_up_to_limit] Failed to generate CNF for oski3b3i with K=217, halting
