CNF written.
CNF written.
CNF written.
CNF written.
CNF written.
CNF written.
CNF written.
CNF written.
CNF written.
CNF written.
CNF written.
CNF written.
CNF written.
CNF written.
CNF written.
CNF written.
CNF written.
CNF written.
CNF written.
CNF written.
CNF written.
CNF written.
CNF written.
CNF written.
CNF written.
CNF written.
CNF written.
CNF written.
CNF written.
CNF written.
CNF written.
CNF written.
CNF written.
CNF written.
CNF written.
CNF written.
CNF written.
CNF written.
CNF written.
CNF written.
CNF written.
CNF written.
CNF written.
CNF written.
CNF written.
CNF written.
CNF written.
CNF written.
CNF written.
CNF written.
CNF written.
CNF written.
CNF written.
CNF written.
CNF written.
CNF written.
CNF written.
CNF written.
CNF written.
CNF written.
CNF written.
CNF written.
CNF written.
CNF written.
CNF written.
CNF written.
CNF written.
CNF written.
CNF written.
CNF written.
CNF written.
CNF written.
CNF written.
CNF written.
CNF written.
CNF written.
CNF written.
CNF written.
CNF written.
CNF written.
[2025-12-12 07:13:58] [generate_and_run_up_to_limit] Generating and running oski15a01b35s with K<=500 up to limit 1600
[2025-12-12 07:13:58] [generate_cnf] Generating formula oski15a01b35s with K=1
[2025-12-12 07:14:02] [run_formula] Running formula oski15a01b35s with K=1 up to limit 1600
[2025-12-12 07:14:02] [generate_cnf] Generating formula oski15a01b35s with K=2
[2025-12-12 07:14:06] [run_formula] Running formula oski15a01b35s with K=2 up to limit 1600
[2025-12-12 07:14:07] [generate_cnf] Generating formula oski15a01b35s with K=3
[2025-12-12 07:14:12] [run_formula] Running formula oski15a01b35s with K=3 up to limit 1600
[2025-12-12 07:14:13] [generate_cnf] Generating formula oski15a01b35s with K=4
[2025-12-12 07:14:20] [run_formula] Running formula oski15a01b35s with K=4 up to limit 1600
[2025-12-12 07:14:21] [generate_cnf] Generating formula oski15a01b35s with K=5
[2025-12-12 07:14:28] [run_formula] Running formula oski15a01b35s with K=5 up to limit 1600
[2025-12-12 07:14:29] [generate_cnf] Generating formula oski15a01b35s with K=6
[2025-12-12 07:14:37] [run_formula] Running formula oski15a01b35s with K=6 up to limit 1600
[2025-12-12 07:14:39] [generate_cnf] Generating formula oski15a01b35s with K=7
[2025-12-12 07:14:48] [run_formula] Running formula oski15a01b35s with K=7 up to limit 1600
[2025-12-12 07:14:50] [generate_cnf] Generating formula oski15a01b35s with K=8
[2025-12-12 07:15:01] [run_formula] Running formula oski15a01b35s with K=8 up to limit 1600
[2025-12-12 07:15:03] [generate_cnf] Generating formula oski15a01b35s with K=9
[2025-12-12 07:15:14] [run_formula] Running formula oski15a01b35s with K=9 up to limit 1600
[2025-12-12 07:15:17] [generate_cnf] Generating formula oski15a01b35s with K=10
[2025-12-12 07:15:30] [run_formula] Running formula oski15a01b35s with K=10 up to limit 1600
[2025-12-12 07:15:33] [generate_cnf] Generating formula oski15a01b35s with K=11
[2025-12-12 07:15:46] [run_formula] Running formula oski15a01b35s with K=11 up to limit 1600
[2025-12-12 07:15:49] [generate_cnf] Generating formula oski15a01b35s with K=12
[2025-12-12 07:16:04] [run_formula] Running formula oski15a01b35s with K=12 up to limit 1600
[2025-12-12 07:16:07] [generate_cnf] Generating formula oski15a01b35s with K=13
[2025-12-12 07:16:23] [run_formula] Running formula oski15a01b35s with K=13 up to limit 1600
[2025-12-12 07:16:26] [generate_cnf] Generating formula oski15a01b35s with K=14
[2025-12-12 07:16:43] [run_formula] Running formula oski15a01b35s with K=14 up to limit 1600
[2025-12-12 07:16:47] [generate_cnf] Generating formula oski15a01b35s with K=15
[2025-12-12 07:17:04] [run_formula] Running formula oski15a01b35s with K=15 up to limit 1600
[2025-12-12 07:17:09] [generate_cnf] Generating formula oski15a01b35s with K=16
[2025-12-12 07:17:27] [run_formula] Running formula oski15a01b35s with K=16 up to limit 1600
[2025-12-12 07:17:32] [generate_cnf] Generating formula oski15a01b35s with K=17
[2025-12-12 07:17:52] [run_formula] Running formula oski15a01b35s with K=17 up to limit 1600
[2025-12-12 07:17:57] [generate_cnf] Generating formula oski15a01b35s with K=18
[2025-12-12 07:18:19] [run_formula] Running formula oski15a01b35s with K=18 up to limit 1600
[2025-12-12 07:18:24] [generate_cnf] Generating formula oski15a01b35s with K=19
[2025-12-12 07:18:47] [run_formula] Running formula oski15a01b35s with K=19 up to limit 1600
[2025-12-12 07:18:52] [generate_cnf] Generating formula oski15a01b35s with K=20
[2025-12-12 07:19:15] [run_formula] Running formula oski15a01b35s with K=20 up to limit 1600
[2025-12-12 07:19:20] [generate_cnf] Generating formula oski15a01b35s with K=21
[2025-12-12 07:19:44] [run_formula] Running formula oski15a01b35s with K=21 up to limit 1600
[2025-12-12 07:19:50] [generate_cnf] Generating formula oski15a01b35s with K=22
[2025-12-12 07:20:15] [run_formula] Running formula oski15a01b35s with K=22 up to limit 1600
[2025-12-12 07:20:22] [generate_cnf] Generating formula oski15a01b35s with K=23
[2025-12-12 07:20:47] [run_formula] Running formula oski15a01b35s with K=23 up to limit 1600
[2025-12-12 07:20:53] [generate_cnf] Generating formula oski15a01b35s with K=24
[2025-12-12 07:21:20] [run_formula] Running formula oski15a01b35s with K=24 up to limit 1600
[2025-12-12 07:21:27] [generate_cnf] Generating formula oski15a01b35s with K=25
[2025-12-12 07:21:56] [run_formula] Running formula oski15a01b35s with K=25 up to limit 1600
[2025-12-12 07:22:02] [generate_cnf] Generating formula oski15a01b35s with K=26
[2025-12-12 07:22:31] [run_formula] Running formula oski15a01b35s with K=26 up to limit 1600
[2025-12-12 07:22:38] [generate_cnf] Generating formula oski15a01b35s with K=27
[2025-12-12 07:23:07] [run_formula] Running formula oski15a01b35s with K=27 up to limit 1600
[2025-12-12 07:23:15] [generate_cnf] Generating formula oski15a01b35s with K=28
[2025-12-12 07:23:46] [run_formula] Running formula oski15a01b35s with K=28 up to limit 1600
[2025-12-12 07:23:54] [generate_cnf] Generating formula oski15a01b35s with K=29
[2025-12-12 07:24:25] [run_formula] Running formula oski15a01b35s with K=29 up to limit 1600
[2025-12-12 07:24:33] [generate_cnf] Generating formula oski15a01b35s with K=30
[2025-12-12 07:25:06] [run_formula] Running formula oski15a01b35s with K=30 up to limit 1600
[2025-12-12 07:25:14] [generate_cnf] Generating formula oski15a01b35s with K=31
[2025-12-12 07:25:49] [run_formula] Running formula oski15a01b35s with K=31 up to limit 1600
[2025-12-12 07:25:58] [generate_cnf] Generating formula oski15a01b35s with K=32
[2025-12-12 07:26:35] [run_formula] Running formula oski15a01b35s with K=32 up to limit 1600
[2025-12-12 07:26:44] [generate_cnf] Generating formula oski15a01b35s with K=33
[2025-12-12 07:27:21] [run_formula] Running formula oski15a01b35s with K=33 up to limit 1600
[2025-12-12 07:27:31] [generate_cnf] Generating formula oski15a01b35s with K=34
[2025-12-12 07:28:07] [run_formula] Running formula oski15a01b35s with K=34 up to limit 1600
[2025-12-12 07:28:16] [generate_cnf] Generating formula oski15a01b35s with K=35
[2025-12-12 07:28:54] [run_formula] Running formula oski15a01b35s with K=35 up to limit 1600
[2025-12-12 07:29:04] [generate_cnf] Generating formula oski15a01b35s with K=36
[2025-12-12 07:29:43] [run_formula] Running formula oski15a01b35s with K=36 up to limit 1600
[2025-12-12 07:29:52] [generate_cnf] Generating formula oski15a01b35s with K=37
[2025-12-12 07:30:33] [run_formula] Running formula oski15a01b35s with K=37 up to limit 1600
[2025-12-12 07:30:43] [generate_cnf] Generating formula oski15a01b35s with K=38
[2025-12-12 07:31:24] [run_formula] Running formula oski15a01b35s with K=38 up to limit 1600
[2025-12-12 07:31:34] [generate_cnf] Generating formula oski15a01b35s with K=39
[2025-12-12 07:32:17] [run_formula] Running formula oski15a01b35s with K=39 up to limit 1600
[2025-12-12 07:32:28] [generate_cnf] Generating formula oski15a01b35s with K=40
[2025-12-12 07:33:12] [run_formula] Running formula oski15a01b35s with K=40 up to limit 1600
[2025-12-12 07:33:23] [generate_cnf] Generating formula oski15a01b35s with K=41
[2025-12-12 07:34:07] [run_formula] Running formula oski15a01b35s with K=41 up to limit 1600
[2025-12-12 07:34:18] [generate_cnf] Generating formula oski15a01b35s with K=42
[2025-12-12 07:35:03] [run_formula] Running formula oski15a01b35s with K=42 up to limit 1600
[2025-12-12 07:35:15] [generate_cnf] Generating formula oski15a01b35s with K=43
[2025-12-12 07:36:07] [run_formula] Running formula oski15a01b35s with K=43 up to limit 1600
[2025-12-12 07:36:20] [generate_cnf] Generating formula oski15a01b35s with K=44
[2025-12-12 07:37:07] [run_formula] Running formula oski15a01b35s with K=44 up to limit 1600
[2025-12-12 07:37:20] [generate_cnf] Generating formula oski15a01b35s with K=45
[2025-12-12 07:38:10] [run_formula] Running formula oski15a01b35s with K=45 up to limit 1600
[2025-12-12 07:38:22] [generate_cnf] Generating formula oski15a01b35s with K=46
[2025-12-12 07:39:13] [run_formula] Running formula oski15a01b35s with K=46 up to limit 1600
[2025-12-12 07:39:27] [generate_cnf] Generating formula oski15a01b35s with K=47
[2025-12-12 07:40:23] [run_formula] Running formula oski15a01b35s with K=47 up to limit 1600
[2025-12-12 07:40:38] [generate_cnf] Generating formula oski15a01b35s with K=48
[2025-12-12 07:41:35] [run_formula] Running formula oski15a01b35s with K=48 up to limit 1600
[2025-12-12 07:41:51] [generate_cnf] Generating formula oski15a01b35s with K=49
[2025-12-12 07:42:48] [run_formula] Running formula oski15a01b35s with K=49 up to limit 1600
[2025-12-12 07:43:03] [generate_cnf] Generating formula oski15a01b35s with K=50
[2025-12-12 07:43:58] [run_formula] Running formula oski15a01b35s with K=50 up to limit 1600
[2025-12-12 07:44:13] [generate_cnf] Generating formula oski15a01b35s with K=51
[2025-12-12 07:45:10] [run_formula] Running formula oski15a01b35s with K=51 up to limit 1600
[2025-12-12 07:45:24] [generate_cnf] Generating formula oski15a01b35s with K=52
[2025-12-12 07:46:24] [run_formula] Running formula oski15a01b35s with K=52 up to limit 1600
[2025-12-12 07:46:39] [generate_cnf] Generating formula oski15a01b35s with K=53
[2025-12-12 07:47:36] [run_formula] Running formula oski15a01b35s with K=53 up to limit 1600
[2025-12-12 07:47:50] [generate_cnf] Generating formula oski15a01b35s with K=54
[2025-12-12 07:48:48] [run_formula] Running formula oski15a01b35s with K=54 up to limit 1600
[2025-12-12 07:49:03] [generate_cnf] Generating formula oski15a01b35s with K=55
[2025-12-12 07:50:03] [run_formula] Running formula oski15a01b35s with K=55 up to limit 1600
[2025-12-12 07:50:18] [generate_cnf] Generating formula oski15a01b35s with K=56
[2025-12-12 07:51:21] [run_formula] Running formula oski15a01b35s with K=56 up to limit 1600
[2025-12-12 07:51:36] [generate_cnf] Generating formula oski15a01b35s with K=57
[2025-12-12 07:52:40] [run_formula] Running formula oski15a01b35s with K=57 up to limit 1600
[2025-12-12 07:52:56] [generate_cnf] Generating formula oski15a01b35s with K=58
[2025-12-12 07:54:01] [run_formula] Running formula oski15a01b35s with K=58 up to limit 1600
[2025-12-12 07:54:17] [generate_cnf] Generating formula oski15a01b35s with K=59
[2025-12-12 07:55:22] [run_formula] Running formula oski15a01b35s with K=59 up to limit 1600
[2025-12-12 07:55:39] [generate_cnf] Generating formula oski15a01b35s with K=60
[2025-12-12 07:56:43] [run_formula] Running formula oski15a01b35s with K=60 up to limit 1600
[2025-12-12 07:57:00] [generate_cnf] Generating formula oski15a01b35s with K=61
[2025-12-12 07:58:07] [run_formula] Running formula oski15a01b35s with K=61 up to limit 1600
[2025-12-12 07:58:26] [generate_cnf] Generating formula oski15a01b35s with K=62
[2025-12-12 07:59:34] [run_formula] Running formula oski15a01b35s with K=62 up to limit 1600
[2025-12-12 07:59:52] [generate_cnf] Generating formula oski15a01b35s with K=63
[2025-12-12 08:00:59] [run_formula] Running formula oski15a01b35s with K=63 up to limit 1600
[2025-12-12 08:01:17] [generate_cnf] Generating formula oski15a01b35s with K=64
[2025-12-12 08:02:26] [run_formula] Running formula oski15a01b35s with K=64 up to limit 1600
[2025-12-12 08:02:44] [generate_cnf] Generating formula oski15a01b35s with K=65
[2025-12-12 08:03:55] [run_formula] Running formula oski15a01b35s with K=65 up to limit 1600
[2025-12-12 08:04:13] [generate_cnf] Generating formula oski15a01b35s with K=66
[2025-12-12 08:05:25] [run_formula] Running formula oski15a01b35s with K=66 up to limit 1600
[2025-12-12 08:05:45] [generate_cnf] Generating formula oski15a01b35s with K=67
[2025-12-12 08:06:59] [run_formula] Running formula oski15a01b35s with K=67 up to limit 1600
[2025-12-12 08:07:19] [generate_cnf] Generating formula oski15a01b35s with K=68
[2025-12-12 08:08:35] [run_formula] Running formula oski15a01b35s with K=68 up to limit 1600
[2025-12-12 08:08:54] [generate_cnf] Generating formula oski15a01b35s with K=69
[2025-12-12 08:10:12] [run_formula] Running formula oski15a01b35s with K=69 up to limit 1600
[2025-12-12 08:10:32] [generate_cnf] Generating formula oski15a01b35s with K=70
[2025-12-12 08:11:48] [run_formula] Running formula oski15a01b35s with K=70 up to limit 1600
[2025-12-12 08:12:09] [generate_cnf] Generating formula oski15a01b35s with K=71
[2025-12-12 08:13:29] [run_formula] Running formula oski15a01b35s with K=71 up to limit 1600
[2025-12-12 08:13:50] [generate_cnf] Generating formula oski15a01b35s with K=72
[2025-12-12 08:15:07] [run_formula] Running formula oski15a01b35s with K=72 up to limit 1600
[2025-12-12 08:15:28] [generate_cnf] Generating formula oski15a01b35s with K=73
[2025-12-12 08:16:46] [run_formula] Running formula oski15a01b35s with K=73 up to limit 1600
[2025-12-12 08:17:08] [generate_cnf] Generating formula oski15a01b35s with K=74
[2025-12-12 08:18:31] [run_formula] Running formula oski15a01b35s with K=74 up to limit 1600
[2025-12-12 08:18:52] [generate_cnf] Generating formula oski15a01b35s with K=75
[2025-12-12 08:20:13] [run_formula] Running formula oski15a01b35s with K=75 up to limit 1600
[2025-12-12 08:20:34] [generate_cnf] Generating formula oski15a01b35s with K=76
[2025-12-12 08:21:56] [run_formula] Running formula oski15a01b35s with K=76 up to limit 1600
[2025-12-12 08:22:18] [generate_cnf] Generating formula oski15a01b35s with K=77
[2025-12-12 08:23:44] [run_formula] Running formula oski15a01b35s with K=77 up to limit 1600
[2025-12-12 08:24:05] [generate_cnf] Generating formula oski15a01b35s with K=78
[2025-12-12 08:25:37] [run_formula] Running formula oski15a01b35s with K=78 up to limit 1600
[2025-12-12 08:26:00] [generate_cnf] Generating formula oski15a01b35s with K=79
[2025-12-12 08:27:30] [run_formula] Running formula oski15a01b35s with K=79 up to limit 1600
[2025-12-12 08:27:53] [generate_cnf] Generating formula oski15a01b35s with K=80
[2025-12-12 08:28:48] [generate_and_run_up_to_limit] Failed to generate CNF for oski15a01b35s with K=80, halting
