CNF written.
CNF written.
CNF written.
CNF written.
CNF written.
CNF written.
CNF written.
CNF written.
CNF written.
CNF written.
CNF written.
CNF written.
CNF written.
CNF written.
CNF written.
CNF written.
CNF written.
CNF written.
CNF written.
CNF written.
CNF written.
CNF written.
CNF written.
CNF written.
CNF written.
CNF written.
CNF written.
CNF written.
CNF written.
CNF written.
CNF written.
CNF written.
CNF written.
CNF written.
CNF written.
CNF written.
CNF written.
CNF written.
CNF written.
CNF written.
CNF written.
CNF written.
[2025-12-12 07:03:55] [generate_and_run_up_to_limit] Generating and running oski15a08b11s with K<=500 up to limit 1600
[2025-12-12 07:03:55] [generate_cnf] Generating formula oski15a08b11s with K=1
[2025-12-12 07:04:03] [run_formula] Running formula oski15a08b11s with K=1 up to limit 1600
[2025-12-12 07:04:04] [generate_cnf] Generating formula oski15a08b11s with K=2
[2025-12-12 07:04:14] [run_formula] Running formula oski15a08b11s with K=2 up to limit 1600
[2025-12-12 07:04:16] [generate_cnf] Generating formula oski15a08b11s with K=3
[2025-12-12 07:04:29] [run_formula] Running formula oski15a08b11s with K=3 up to limit 1600
[2025-12-12 07:04:32] [generate_cnf] Generating formula oski15a08b11s with K=4
[2025-12-12 07:04:48] [run_formula] Running formula oski15a08b11s with K=4 up to limit 1600
[2025-12-12 07:04:52] [generate_cnf] Generating formula oski15a08b11s with K=5
[2025-12-12 07:05:10] [run_formula] Running formula oski15a08b11s with K=5 up to limit 1600
[2025-12-12 07:05:16] [generate_cnf] Generating formula oski15a08b11s with K=6
[2025-12-12 07:05:37] [run_formula] Running formula oski15a08b11s with K=6 up to limit 1600
[2025-12-12 07:05:57] [generate_cnf] Generating formula oski15a08b11s with K=7
[2025-12-12 07:06:20] [run_formula] Running formula oski15a08b11s with K=7 up to limit 1600
[2025-12-12 07:06:46] [generate_cnf] Generating formula oski15a08b11s with K=8
[2025-12-12 07:07:13] [run_formula] Running formula oski15a08b11s with K=8 up to limit 1600
[2025-12-12 07:07:35] [generate_cnf] Generating formula oski15a08b11s with K=9
[2025-12-12 07:08:05] [run_formula] Running formula oski15a08b11s with K=9 up to limit 1600
[2025-12-12 07:08:26] [generate_cnf] Generating formula oski15a08b11s with K=10
[2025-12-12 07:08:57] [run_formula] Running formula oski15a08b11s with K=10 up to limit 1600
[2025-12-12 07:09:30] [generate_cnf] Generating formula oski15a08b11s with K=11
[2025-12-12 07:10:04] [run_formula] Running formula oski15a08b11s with K=11 up to limit 1600
[2025-12-12 07:10:36] [generate_cnf] Generating formula oski15a08b11s with K=12
[2025-12-12 07:11:14] [run_formula] Running formula oski15a08b11s with K=12 up to limit 1600
[2025-12-12 07:11:50] [generate_cnf] Generating formula oski15a08b11s with K=13
[2025-12-12 07:12:29] [run_formula] Running formula oski15a08b11s with K=13 up to limit 1600
[2025-12-12 07:13:07] [generate_cnf] Generating formula oski15a08b11s with K=14
[2025-12-12 07:13:49] [run_formula] Running formula oski15a08b11s with K=14 up to limit 1600
[2025-12-12 07:14:30] [generate_cnf] Generating formula oski15a08b11s with K=15
[2025-12-12 07:15:16] [run_formula] Running formula oski15a08b11s with K=15 up to limit 1600
[2025-12-12 07:15:59] [generate_cnf] Generating formula oski15a08b11s with K=16
[2025-12-12 07:16:47] [run_formula] Running formula oski15a08b11s with K=16 up to limit 1600
[2025-12-12 07:17:32] [generate_cnf] Generating formula oski15a08b11s with K=17
[2025-12-12 07:18:24] [run_formula] Running formula oski15a08b11s with K=17 up to limit 1600
[2025-12-12 07:19:13] [generate_cnf] Generating formula oski15a08b11s with K=18
[2025-12-12 07:20:07] [run_formula] Running formula oski15a08b11s with K=18 up to limit 1600
[2025-12-12 07:20:59] [generate_cnf] Generating formula oski15a08b11s with K=19
[2025-12-12 07:21:57] [run_formula] Running formula oski15a08b11s with K=19 up to limit 1600
[2025-12-12 07:22:52] [generate_cnf] Generating formula oski15a08b11s with K=20
[2025-12-12 07:23:53] [run_formula] Running formula oski15a08b11s with K=20 up to limit 1600
[2025-12-12 07:24:50] [generate_cnf] Generating formula oski15a08b11s with K=21
[2025-12-12 07:25:54] [run_formula] Running formula oski15a08b11s with K=21 up to limit 1600
[2025-12-12 07:26:50] [generate_cnf] Generating formula oski15a08b11s with K=22
[2025-12-12 07:27:56] [run_formula] Running formula oski15a08b11s with K=22 up to limit 1600
[2025-12-12 07:28:56] [generate_cnf] Generating formula oski15a08b11s with K=23
[2025-12-12 07:30:04] [run_formula] Running formula oski15a08b11s with K=23 up to limit 1600
[2025-12-12 07:31:07] [generate_cnf] Generating formula oski15a08b11s with K=24
[2025-12-12 07:32:20] [run_formula] Running formula oski15a08b11s with K=24 up to limit 1600
[2025-12-12 07:33:25] [generate_cnf] Generating formula oski15a08b11s with K=25
[2025-12-12 07:34:38] [run_formula] Running formula oski15a08b11s with K=25 up to limit 1600
[2025-12-12 07:35:45] [generate_cnf] Generating formula oski15a08b11s with K=26
[2025-12-12 07:37:01] [run_formula] Running formula oski15a08b11s with K=26 up to limit 1600
[2025-12-12 07:38:08] [generate_cnf] Generating formula oski15a08b11s with K=27
[2025-12-12 07:39:28] [run_formula] Running formula oski15a08b11s with K=27 up to limit 1600
[2025-12-12 07:40:40] [generate_cnf] Generating formula oski15a08b11s with K=28
[2025-12-12 07:42:01] [run_formula] Running formula oski15a08b11s with K=28 up to limit 1600
[2025-12-12 07:43:13] [generate_cnf] Generating formula oski15a08b11s with K=29
[2025-12-12 07:44:36] [run_formula] Running formula oski15a08b11s with K=29 up to limit 1600
[2025-12-12 07:45:51] [generate_cnf] Generating formula oski15a08b11s with K=30
[2025-12-12 07:47:17] [run_formula] Running formula oski15a08b11s with K=30 up to limit 1600
[2025-12-12 07:48:35] [generate_cnf] Generating formula oski15a08b11s with K=31
[2025-12-12 07:50:04] [run_formula] Running formula oski15a08b11s with K=31 up to limit 1600
[2025-12-12 07:51:27] [generate_cnf] Generating formula oski15a08b11s with K=32
[2025-12-12 07:52:59] [run_formula] Running formula oski15a08b11s with K=32 up to limit 1600
[2025-12-12 07:54:22] [generate_cnf] Generating formula oski15a08b11s with K=33
[2025-12-12 07:55:56] [run_formula] Running formula oski15a08b11s with K=33 up to limit 1600
[2025-12-12 07:57:23] [generate_cnf] Generating formula oski15a08b11s with K=34
[2025-12-12 07:59:00] [run_formula] Running formula oski15a08b11s with K=34 up to limit 1600
[2025-12-12 08:00:30] [generate_cnf] Generating formula oski15a08b11s with K=35
[2025-12-12 08:02:11] [run_formula] Running formula oski15a08b11s with K=35 up to limit 1600
[2025-12-12 08:03:44] [generate_cnf] Generating formula oski15a08b11s with K=36
[2025-12-12 08:05:28] [run_formula] Running formula oski15a08b11s with K=36 up to limit 1600
[2025-12-12 08:07:20] [generate_cnf] Generating formula oski15a08b11s with K=37
[2025-12-12 08:09:05] [run_formula] Running formula oski15a08b11s with K=37 up to limit 1600
[2025-12-12 08:11:02] [generate_cnf] Generating formula oski15a08b11s with K=38
[2025-12-12 08:12:50] [run_formula] Running formula oski15a08b11s with K=38 up to limit 1600
[2025-12-12 08:14:50] [generate_cnf] Generating formula oski15a08b11s with K=39
[2025-12-12 08:16:40] [run_formula] Running formula oski15a08b11s with K=39 up to limit 1600
[2025-12-12 08:18:43] [generate_cnf] Generating formula oski15a08b11s with K=40
[2025-12-12 08:20:36] [run_formula] Running formula oski15a08b11s with K=40 up to limit 1600
[2025-12-12 08:22:50] [generate_cnf] Generating formula oski15a08b11s with K=41
[2025-12-12 08:24:48] [run_formula] Running formula oski15a08b11s with K=41 up to limit 1600
[2025-12-12 08:27:05] [generate_cnf] Generating formula oski15a08b11s with K=42
[2025-12-12 08:28:13] [generate_and_run_up_to_limit] Failed to generate CNF for oski15a08b11s with K=42, halting
