CNF written.
CNF written.
CNF written.
CNF written.
CNF written.
CNF written.
[2025-12-12 16:03:36] [generate_and_run_up_to_limit] Generating and running oski15a08b01s with K<=500 up to limit 1600
[2025-12-12 16:03:36] [generate_cnf] Generating formula oski15a08b01s with K=1
[2025-12-12 16:03:36] [run_formula] Running formula oski15a08b01s with K=1 up to limit 1600
[2025-12-12 16:03:36] [generate_cnf] Generating formula oski15a08b01s with K=2
[2025-12-12 16:03:36] [run_formula] Running formula oski15a08b01s with K=2 up to limit 1600
[2025-12-12 16:03:36] [generate_cnf] Generating formula oski15a08b01s with K=3
[2025-12-12 16:03:36] [run_formula] Running formula oski15a08b01s with K=3 up to limit 1600
[2025-12-12 16:03:36] [generate_cnf] Generating formula oski15a08b01s with K=4
[2025-12-12 16:03:36] [run_formula] Running formula oski15a08b01s with K=4 up to limit 1600
[2025-12-12 16:03:36] [generate_cnf] Generating formula oski15a08b01s with K=5
[2025-12-12 16:03:36] [run_formula] Running formula oski15a08b01s with K=5 up to limit 1600
[2025-12-12 16:03:36] [generate_cnf] Generating formula oski15a08b01s with K=6
[2025-12-12 16:03:36] [run_formula] Running formula oski15a08b01s with K=6 up to limit 1600
[2025-12-12 16:03:36] [generate_cnf] Generating formula oski15a08b01s with K=7
[2025-12-12 16:03:36] [run_formula] Running formula oski15a08b01s with K=7 up to limit 1600
[2025-12-12 16:03:36] [generate_cnf] Generating formula oski15a08b01s with K=8
[2025-12-12 16:03:36] [run_formula] Running formula oski15a08b01s with K=8 up to limit 1600
[2025-12-12 16:03:36] [generate_cnf] Generating formula oski15a08b01s with K=9
[2025-12-12 16:03:36] [run_formula] Running formula oski15a08b01s with K=9 up to limit 1600
[2025-12-12 16:03:36] [generate_cnf] Generating formula oski15a08b01s with K=10
[2025-12-12 16:03:36] [run_formula] Running formula oski15a08b01s with K=10 up to limit 1600
[2025-12-12 16:03:36] [generate_cnf] Generating formula oski15a08b01s with K=11
[2025-12-12 16:03:36] [run_formula] Running formula oski15a08b01s with K=11 up to limit 1600
[2025-12-12 16:03:36] [generate_cnf] Generating formula oski15a08b01s with K=12
[2025-12-12 16:03:36] [run_formula] Running formula oski15a08b01s with K=12 up to limit 1600
[2025-12-12 16:03:36] [generate_cnf] Generating formula oski15a08b01s with K=13
[2025-12-12 16:03:37] [run_formula] Running formula oski15a08b01s with K=13 up to limit 1600
[2025-12-12 16:03:37] [generate_cnf] Generating formula oski15a08b01s with K=14
[2025-12-12 16:03:37] [run_formula] Running formula oski15a08b01s with K=14 up to limit 1600
[2025-12-12 16:03:37] [generate_cnf] Generating formula oski15a08b01s with K=15
[2025-12-12 16:03:37] [run_formula] Running formula oski15a08b01s with K=15 up to limit 1600
[2025-12-12 16:03:37] [generate_cnf] Generating formula oski15a08b01s with K=16
[2025-12-12 16:03:37] [run_formula] Running formula oski15a08b01s with K=16 up to limit 1600
[2025-12-12 16:03:37] [generate_cnf] Generating formula oski15a08b01s with K=17
[2025-12-12 16:03:37] [run_formula] Running formula oski15a08b01s with K=17 up to limit 1600
[2025-12-12 16:03:37] [generate_cnf] Generating formula oski15a08b01s with K=18
[2025-12-12 16:03:37] [run_formula] Running formula oski15a08b01s with K=18 up to limit 1600
[2025-12-12 16:03:37] [generate_cnf] Generating formula oski15a08b01s with K=19
[2025-12-12 16:03:37] [run_formula] Running formula oski15a08b01s with K=19 up to limit 1600
[2025-12-12 16:03:37] [generate_cnf] Generating formula oski15a08b01s with K=20
[2025-12-12 16:03:37] [run_formula] Running formula oski15a08b01s with K=20 up to limit 1600
[2025-12-12 16:03:37] [generate_cnf] Generating formula oski15a08b01s with K=21
[2025-12-12 16:03:37] [run_formula] Running formula oski15a08b01s with K=21 up to limit 1600
[2025-12-12 16:03:37] [generate_cnf] Generating formula oski15a08b01s with K=22
[2025-12-12 16:03:37] [run_formula] Running formula oski15a08b01s with K=22 up to limit 1600
[2025-12-12 16:03:37] [generate_cnf] Generating formula oski15a08b01s with K=23
[2025-12-12 16:03:37] [run_formula] Running formula oski15a08b01s with K=23 up to limit 1600
[2025-12-12 16:03:37] [generate_cnf] Generating formula oski15a08b01s with K=24
[2025-12-12 16:03:37] [run_formula] Running formula oski15a08b01s with K=24 up to limit 1600
[2025-12-12 16:03:37] [generate_cnf] Generating formula oski15a08b01s with K=25
[2025-12-12 16:03:37] [run_formula] Running formula oski15a08b01s with K=25 up to limit 1600
[2025-12-12 16:03:37] [generate_cnf] Generating formula oski15a08b01s with K=26
[2025-12-12 16:03:37] [run_formula] Running formula oski15a08b01s with K=26 up to limit 1600
[2025-12-12 16:03:37] [generate_cnf] Generating formula oski15a08b01s with K=27
[2025-12-12 16:03:37] [run_formula] Running formula oski15a08b01s with K=27 up to limit 1600
[2025-12-12 16:03:37] [generate_cnf] Generating formula oski15a08b01s with K=28
[2025-12-12 16:03:37] [run_formula] Running formula oski15a08b01s with K=28 up to limit 1600
[2025-12-12 16:03:37] [generate_cnf] Generating formula oski15a08b01s with K=29
[2025-12-12 16:03:37] [run_formula] Running formula oski15a08b01s with K=29 up to limit 1600
[2025-12-12 16:03:37] [generate_cnf] Generating formula oski15a08b01s with K=30
[2025-12-12 16:03:37] [run_formula] Running formula oski15a08b01s with K=30 up to limit 1600
[2025-12-12 16:03:37] [generate_cnf] Generating formula oski15a08b01s with K=31
[2025-12-12 16:03:37] [run_formula] Running formula oski15a08b01s with K=31 up to limit 1600
[2025-12-12 16:03:37] [generate_cnf] Generating formula oski15a08b01s with K=32
[2025-12-12 16:03:37] [run_formula] Running formula oski15a08b01s with K=32 up to limit 1600
[2025-12-12 16:03:37] [generate_cnf] Generating formula oski15a08b01s with K=33
[2025-12-12 16:03:37] [run_formula] Running formula oski15a08b01s with K=33 up to limit 1600
[2025-12-12 16:03:37] [generate_cnf] Generating formula oski15a08b01s with K=34
[2025-12-12 16:03:37] [run_formula] Running formula oski15a08b01s with K=34 up to limit 1600
[2025-12-12 16:03:37] [generate_cnf] Generating formula oski15a08b01s with K=35
[2025-12-12 16:03:37] [run_formula] Running formula oski15a08b01s with K=35 up to limit 1600
[2025-12-12 16:03:37] [generate_cnf] Generating formula oski15a08b01s with K=36
[2025-12-12 16:03:37] [run_formula] Running formula oski15a08b01s with K=36 up to limit 1600
[2025-12-12 16:03:37] [generate_cnf] Generating formula oski15a08b01s with K=37
[2025-12-12 16:03:37] [run_formula] Running formula oski15a08b01s with K=37 up to limit 1600
[2025-12-12 16:03:37] [generate_cnf] Generating formula oski15a08b01s with K=38
[2025-12-12 16:03:37] [run_formula] Running formula oski15a08b01s with K=38 up to limit 1600
[2025-12-12 16:03:37] [generate_cnf] Generating formula oski15a08b01s with K=39
[2025-12-12 16:03:37] [run_formula] Running formula oski15a08b01s with K=39 up to limit 1600
[2025-12-12 16:03:37] [generate_cnf] Generating formula oski15a08b01s with K=40
[2025-12-12 16:03:37] [run_formula] Running formula oski15a08b01s with K=40 up to limit 1600
[2025-12-12 16:03:37] [generate_cnf] Generating formula oski15a08b01s with K=41
[2025-12-12 16:03:37] [run_formula] Running formula oski15a08b01s with K=41 up to limit 1600
[2025-12-12 16:06:11] [generate_cnf] Generating formula oski15a08b01s with K=42
[2025-12-12 16:08:32] [run_formula] Running formula oski15a08b01s with K=42 up to limit 1600
[2025-12-12 16:09:21] [generate_cnf] Generating formula oski15a08b01s with K=43
[2025-12-12 16:11:47] [run_formula] Running formula oski15a08b01s with K=43 up to limit 1600
[2025-12-12 16:12:42] [generate_cnf] Generating formula oski15a08b01s with K=44
[2025-12-12 16:15:22] [run_formula] Running formula oski15a08b01s with K=44 up to limit 1600
[2025-12-12 16:15:46] [generate_cnf] Generating formula oski15a08b01s with K=45
[2025-12-12 16:18:17] [run_formula] Running formula oski15a08b01s with K=45 up to limit 1600
[2025-12-12 16:18:41] [generate_cnf] Generating formula oski15a08b01s with K=46
[2025-12-12 16:21:14] [run_formula] Running formula oski15a08b01s with K=46 up to limit 1600
[2025-12-12 16:21:41] [generate_cnf] Generating formula oski15a08b01s with K=47
[2025-12-12 16:24:22] [run_formula] Running formula oski15a08b01s with K=47 up to limit 1600
[2025-12-12 16:24:44] [generate_cnf] Generating formula oski15a08b01s with K=48
[2025-12-12 16:26:09] [run_formula] Running formula oski15a08b01s with K=48 up to limit 1600
[2025-12-12 16:26:14] [generate_cnf] Generating formula oski15a08b01s with K=49
[2025-12-12 16:27:29] [generate_and_run_up_to_limit] Failed to generate CNF for oski15a08b01s with K=49, halting
slurmstepd: error: Detected 8 oom_kill events in StepId=15392036.batch. Some of the step tasks have been OOM Killed.
