CNF written.
CNF written.
CNF written.
CNF written.
CNF written.
CNF written.
CNF written.
[2025-12-12 16:00:25] [generate_and_run_up_to_limit] Generating and running pdtpmsretherrtf with K<=500 up to limit 1600
[2025-12-12 16:00:25] [generate_cnf] Generating formula pdtpmsretherrtf with K=1
[2025-12-12 16:00:25] [run_formula] Running formula pdtpmsretherrtf with K=1 up to limit 1600
[2025-12-12 16:00:25] [generate_cnf] Generating formula pdtpmsretherrtf with K=2
[2025-12-12 16:00:25] [run_formula] Running formula pdtpmsretherrtf with K=2 up to limit 1600
[2025-12-12 16:00:25] [generate_cnf] Generating formula pdtpmsretherrtf with K=3
[2025-12-12 16:00:25] [run_formula] Running formula pdtpmsretherrtf with K=3 up to limit 1600
[2025-12-12 16:00:25] [generate_cnf] Generating formula pdtpmsretherrtf with K=4
[2025-12-12 16:00:25] [run_formula] Running formula pdtpmsretherrtf with K=4 up to limit 1600
[2025-12-12 16:00:25] [generate_cnf] Generating formula pdtpmsretherrtf with K=5
[2025-12-12 16:00:25] [run_formula] Running formula pdtpmsretherrtf with K=5 up to limit 1600
[2025-12-12 16:00:25] [generate_cnf] Generating formula pdtpmsretherrtf with K=6
[2025-12-12 16:00:25] [run_formula] Running formula pdtpmsretherrtf with K=6 up to limit 1600
[2025-12-12 16:00:25] [generate_cnf] Generating formula pdtpmsretherrtf with K=7
[2025-12-12 16:00:25] [run_formula] Running formula pdtpmsretherrtf with K=7 up to limit 1600
[2025-12-12 16:00:25] [generate_cnf] Generating formula pdtpmsretherrtf with K=8
[2025-12-12 16:00:25] [run_formula] Running formula pdtpmsretherrtf with K=8 up to limit 1600
[2025-12-12 16:00:25] [generate_cnf] Generating formula pdtpmsretherrtf with K=9
[2025-12-12 16:00:25] [run_formula] Running formula pdtpmsretherrtf with K=9 up to limit 1600
[2025-12-12 16:00:25] [generate_cnf] Generating formula pdtpmsretherrtf with K=10
[2025-12-12 16:00:25] [run_formula] Running formula pdtpmsretherrtf with K=10 up to limit 1600
[2025-12-12 16:00:25] [generate_cnf] Generating formula pdtpmsretherrtf with K=11
[2025-12-12 16:00:25] [run_formula] Running formula pdtpmsretherrtf with K=11 up to limit 1600
[2025-12-12 16:00:25] [generate_cnf] Generating formula pdtpmsretherrtf with K=12
[2025-12-12 16:00:25] [run_formula] Running formula pdtpmsretherrtf with K=12 up to limit 1600
[2025-12-12 16:00:25] [generate_cnf] Generating formula pdtpmsretherrtf with K=13
[2025-12-12 16:00:25] [run_formula] Running formula pdtpmsretherrtf with K=13 up to limit 1600
[2025-12-12 16:00:25] [generate_cnf] Generating formula pdtpmsretherrtf with K=14
[2025-12-12 16:00:25] [run_formula] Running formula pdtpmsretherrtf with K=14 up to limit 1600
[2025-12-12 16:00:25] [generate_cnf] Generating formula pdtpmsretherrtf with K=15
[2025-12-12 16:00:25] [run_formula] Running formula pdtpmsretherrtf with K=15 up to limit 1600
[2025-12-12 16:00:25] [generate_cnf] Generating formula pdtpmsretherrtf with K=16
[2025-12-12 16:00:25] [run_formula] Running formula pdtpmsretherrtf with K=16 up to limit 1600
[2025-12-12 16:00:25] [generate_cnf] Generating formula pdtpmsretherrtf with K=17
[2025-12-12 16:00:25] [run_formula] Running formula pdtpmsretherrtf with K=17 up to limit 1600
[2025-12-12 16:00:25] [generate_cnf] Generating formula pdtpmsretherrtf with K=18
[2025-12-12 16:00:25] [run_formula] Running formula pdtpmsretherrtf with K=18 up to limit 1600
[2025-12-12 16:00:25] [generate_cnf] Generating formula pdtpmsretherrtf with K=19
[2025-12-12 16:00:25] [run_formula] Running formula pdtpmsretherrtf with K=19 up to limit 1600
[2025-12-12 16:00:25] [generate_cnf] Generating formula pdtpmsretherrtf with K=20
[2025-12-12 16:00:25] [run_formula] Running formula pdtpmsretherrtf with K=20 up to limit 1600
[2025-12-12 16:00:25] [generate_cnf] Generating formula pdtpmsretherrtf with K=21
[2025-12-12 16:00:25] [run_formula] Running formula pdtpmsretherrtf with K=21 up to limit 1600
[2025-12-12 16:00:25] [generate_cnf] Generating formula pdtpmsretherrtf with K=22
[2025-12-12 16:00:25] [run_formula] Running formula pdtpmsretherrtf with K=22 up to limit 1600
[2025-12-12 16:00:25] [generate_cnf] Generating formula pdtpmsretherrtf with K=23
[2025-12-12 16:00:25] [run_formula] Running formula pdtpmsretherrtf with K=23 up to limit 1600
[2025-12-12 16:00:25] [generate_cnf] Generating formula pdtpmsretherrtf with K=24
[2025-12-12 16:00:25] [run_formula] Running formula pdtpmsretherrtf with K=24 up to limit 1600
[2025-12-12 16:00:25] [generate_cnf] Generating formula pdtpmsretherrtf with K=25
[2025-12-12 16:00:25] [run_formula] Running formula pdtpmsretherrtf with K=25 up to limit 1600
[2025-12-12 16:00:25] [generate_cnf] Generating formula pdtpmsretherrtf with K=26
[2025-12-12 16:00:25] [run_formula] Running formula pdtpmsretherrtf with K=26 up to limit 1600
[2025-12-12 16:00:25] [generate_cnf] Generating formula pdtpmsretherrtf with K=27
[2025-12-12 16:00:25] [run_formula] Running formula pdtpmsretherrtf with K=27 up to limit 1600
[2025-12-12 16:00:25] [generate_cnf] Generating formula pdtpmsretherrtf with K=28
[2025-12-12 16:00:25] [run_formula] Running formula pdtpmsretherrtf with K=28 up to limit 1600
[2025-12-12 16:00:25] [generate_cnf] Generating formula pdtpmsretherrtf with K=29
[2025-12-12 16:00:25] [run_formula] Running formula pdtpmsretherrtf with K=29 up to limit 1600
[2025-12-12 16:00:25] [generate_cnf] Generating formula pdtpmsretherrtf with K=30
[2025-12-12 16:00:25] [run_formula] Running formula pdtpmsretherrtf with K=30 up to limit 1600
[2025-12-12 16:00:25] [generate_cnf] Generating formula pdtpmsretherrtf with K=31
[2025-12-12 16:00:25] [run_formula] Running formula pdtpmsretherrtf with K=31 up to limit 1600
[2025-12-12 16:00:25] [generate_cnf] Generating formula pdtpmsretherrtf with K=32
[2025-12-12 16:00:25] [run_formula] Running formula pdtpmsretherrtf with K=32 up to limit 1600
[2025-12-12 16:00:25] [generate_cnf] Generating formula pdtpmsretherrtf with K=33
[2025-12-12 16:00:25] [run_formula] Running formula pdtpmsretherrtf with K=33 up to limit 1600
[2025-12-12 16:00:25] [generate_cnf] Generating formula pdtpmsretherrtf with K=34
[2025-12-12 16:00:25] [run_formula] Running formula pdtpmsretherrtf with K=34 up to limit 1600
[2025-12-12 16:00:25] [generate_cnf] Generating formula pdtpmsretherrtf with K=35
[2025-12-12 16:00:25] [run_formula] Running formula pdtpmsretherrtf with K=35 up to limit 1600
[2025-12-12 16:00:25] [generate_cnf] Generating formula pdtpmsretherrtf with K=36
[2025-12-12 16:00:25] [run_formula] Running formula pdtpmsretherrtf with K=36 up to limit 1600
[2025-12-12 16:00:25] [generate_cnf] Generating formula pdtpmsretherrtf with K=37
[2025-12-12 16:00:25] [run_formula] Running formula pdtpmsretherrtf with K=37 up to limit 1600
[2025-12-12 16:00:25] [generate_cnf] Generating formula pdtpmsretherrtf with K=38
[2025-12-12 16:00:25] [run_formula] Running formula pdtpmsretherrtf with K=38 up to limit 1600
[2025-12-12 16:00:25] [generate_cnf] Generating formula pdtpmsretherrtf with K=39
[2025-12-12 16:00:25] [run_formula] Running formula pdtpmsretherrtf with K=39 up to limit 1600
[2025-12-12 16:00:25] [generate_cnf] Generating formula pdtpmsretherrtf with K=40
[2025-12-12 16:00:25] [run_formula] Running formula pdtpmsretherrtf with K=40 up to limit 1600
[2025-12-12 16:00:25] [generate_cnf] Generating formula pdtpmsretherrtf with K=41
[2025-12-12 16:00:25] [run_formula] Running formula pdtpmsretherrtf with K=41 up to limit 1600
[2025-12-12 16:00:25] [generate_cnf] Generating formula pdtpmsretherrtf with K=42
[2025-12-12 16:00:25] [run_formula] Running formula pdtpmsretherrtf with K=42 up to limit 1600
[2025-12-12 16:00:25] [generate_cnf] Generating formula pdtpmsretherrtf with K=43
[2025-12-12 16:00:25] [run_formula] Running formula pdtpmsretherrtf with K=43 up to limit 1600
[2025-12-12 16:00:25] [generate_cnf] Generating formula pdtpmsretherrtf with K=44
[2025-12-12 16:00:25] [run_formula] Running formula pdtpmsretherrtf with K=44 up to limit 1600
[2025-12-12 16:00:25] [generate_cnf] Generating formula pdtpmsretherrtf with K=45
[2025-12-12 16:00:25] [run_formula] Running formula pdtpmsretherrtf with K=45 up to limit 1600
[2025-12-12 16:00:25] [generate_cnf] Generating formula pdtpmsretherrtf with K=46
[2025-12-12 16:00:25] [run_formula] Running formula pdtpmsretherrtf with K=46 up to limit 1600
[2025-12-12 16:00:25] [generate_cnf] Generating formula pdtpmsretherrtf with K=47
[2025-12-12 16:00:25] [run_formula] Running formula pdtpmsretherrtf with K=47 up to limit 1600
[2025-12-12 16:00:25] [generate_cnf] Generating formula pdtpmsretherrtf with K=48
[2025-12-12 16:00:25] [run_formula] Running formula pdtpmsretherrtf with K=48 up to limit 1600
[2025-12-12 16:00:25] [generate_cnf] Generating formula pdtpmsretherrtf with K=49
[2025-12-12 16:00:25] [run_formula] Running formula pdtpmsretherrtf with K=49 up to limit 1600
[2025-12-12 16:00:25] [generate_cnf] Generating formula pdtpmsretherrtf with K=50
[2025-12-12 16:00:25] [run_formula] Running formula pdtpmsretherrtf with K=50 up to limit 1600
[2025-12-12 16:00:25] [generate_cnf] Generating formula pdtpmsretherrtf with K=51
[2025-12-12 16:00:25] [run_formula] Running formula pdtpmsretherrtf with K=51 up to limit 1600
[2025-12-12 16:00:25] [generate_cnf] Generating formula pdtpmsretherrtf with K=52
[2025-12-12 16:00:25] [run_formula] Running formula pdtpmsretherrtf with K=52 up to limit 1600
[2025-12-12 16:00:25] [generate_cnf] Generating formula pdtpmsretherrtf with K=53
[2025-12-12 16:00:25] [run_formula] Running formula pdtpmsretherrtf with K=53 up to limit 1600
[2025-12-12 16:00:25] [generate_cnf] Generating formula pdtpmsretherrtf with K=54
[2025-12-12 16:00:25] [run_formula] Running formula pdtpmsretherrtf with K=54 up to limit 1600
[2025-12-12 16:00:25] [generate_cnf] Generating formula pdtpmsretherrtf with K=55
[2025-12-12 16:00:25] [run_formula] Running formula pdtpmsretherrtf with K=55 up to limit 1600
[2025-12-12 16:00:25] [generate_cnf] Generating formula pdtpmsretherrtf with K=56
[2025-12-12 16:00:25] [run_formula] Running formula pdtpmsretherrtf with K=56 up to limit 1600
[2025-12-12 16:00:25] [generate_cnf] Generating formula pdtpmsretherrtf with K=57
[2025-12-12 16:00:25] [run_formula] Running formula pdtpmsretherrtf with K=57 up to limit 1600
[2025-12-12 16:00:25] [generate_cnf] Generating formula pdtpmsretherrtf with K=58
[2025-12-12 16:00:25] [run_formula] Running formula pdtpmsretherrtf with K=58 up to limit 1600
[2025-12-12 16:00:25] [generate_cnf] Generating formula pdtpmsretherrtf with K=59
[2025-12-12 16:00:25] [run_formula] Running formula pdtpmsretherrtf with K=59 up to limit 1600
[2025-12-12 16:00:25] [generate_cnf] Generating formula pdtpmsretherrtf with K=60
[2025-12-12 16:00:25] [run_formula] Running formula pdtpmsretherrtf with K=60 up to limit 1600
[2025-12-12 16:00:25] [generate_cnf] Generating formula pdtpmsretherrtf with K=61
[2025-12-12 16:00:25] [run_formula] Running formula pdtpmsretherrtf with K=61 up to limit 1600
[2025-12-12 16:00:25] [generate_cnf] Generating formula pdtpmsretherrtf with K=62
[2025-12-12 16:00:25] [run_formula] Running formula pdtpmsretherrtf with K=62 up to limit 1600
[2025-12-12 16:00:25] [generate_cnf] Generating formula pdtpmsretherrtf with K=63
[2025-12-12 16:00:25] [run_formula] Running formula pdtpmsretherrtf with K=63 up to limit 1600
[2025-12-12 16:00:25] [generate_cnf] Generating formula pdtpmsretherrtf with K=64
[2025-12-12 16:00:25] [run_formula] Running formula pdtpmsretherrtf with K=64 up to limit 1600
[2025-12-12 16:00:25] [generate_cnf] Generating formula pdtpmsretherrtf with K=65
[2025-12-12 16:00:25] [run_formula] Running formula pdtpmsretherrtf with K=65 up to limit 1600
[2025-12-12 16:00:25] [generate_cnf] Generating formula pdtpmsretherrtf with K=66
[2025-12-12 16:00:25] [run_formula] Running formula pdtpmsretherrtf with K=66 up to limit 1600
[2025-12-12 16:00:25] [generate_cnf] Generating formula pdtpmsretherrtf with K=67
[2025-12-12 16:00:25] [run_formula] Running formula pdtpmsretherrtf with K=67 up to limit 1600
[2025-12-12 16:00:25] [generate_cnf] Generating formula pdtpmsretherrtf with K=68
[2025-12-12 16:00:25] [run_formula] Running formula pdtpmsretherrtf with K=68 up to limit 1600
[2025-12-12 16:00:25] [generate_cnf] Generating formula pdtpmsretherrtf with K=69
[2025-12-12 16:00:25] [run_formula] Running formula pdtpmsretherrtf with K=69 up to limit 1600
[2025-12-12 16:00:25] [generate_cnf] Generating formula pdtpmsretherrtf with K=70
[2025-12-12 16:00:25] [run_formula] Running formula pdtpmsretherrtf with K=70 up to limit 1600
[2025-12-12 16:00:25] [generate_cnf] Generating formula pdtpmsretherrtf with K=71
[2025-12-12 16:00:25] [run_formula] Running formula pdtpmsretherrtf with K=71 up to limit 1600
[2025-12-12 16:00:25] [generate_cnf] Generating formula pdtpmsretherrtf with K=72
[2025-12-12 16:00:25] [run_formula] Running formula pdtpmsretherrtf with K=72 up to limit 1600
[2025-12-12 16:00:25] [generate_cnf] Generating formula pdtpmsretherrtf with K=73
[2025-12-12 16:00:25] [run_formula] Running formula pdtpmsretherrtf with K=73 up to limit 1600
[2025-12-12 16:16:16] [generate_cnf] Generating formula pdtpmsretherrtf with K=74
[2025-12-12 16:16:16] [run_formula] Running formula pdtpmsretherrtf with K=74 up to limit 1600
[2025-12-12 16:31:01] [generate_cnf] Generating formula pdtpmsretherrtf with K=75
[2025-12-12 16:31:02] [run_formula] Running formula pdtpmsretherrtf with K=75 up to limit 1600
[2025-12-12 16:45:40] [generate_cnf] Generating formula pdtpmsretherrtf with K=76
[2025-12-12 16:45:40] [run_formula] Running formula pdtpmsretherrtf with K=76 up to limit 1600
[2025-12-12 17:02:20] [generate_cnf] Generating formula pdtpmsretherrtf with K=77
[2025-12-12 17:02:20] [run_formula] Running formula pdtpmsretherrtf with K=77 up to limit 1600
[2025-12-12 17:18:53] [generate_cnf] Generating formula pdtpmsretherrtf with K=78
[2025-12-12 17:18:53] [run_formula] Running formula pdtpmsretherrtf with K=78 up to limit 1600
[2025-12-12 17:36:19] [generate_cnf] Generating formula pdtpmsretherrtf with K=79
[2025-12-12 17:36:19] [run_formula] Running formula pdtpmsretherrtf with K=79 up to limit 1600
[2025-12-12 17:52:24] [generate_cnf] Generating formula pdtpmsretherrtf with K=80
[2025-12-12 17:52:24] [run_formula] Running formula pdtpmsretherrtf with K=80 up to limit 1600
[2025-12-12 18:07:24] [run_formula] Error running formula pdtpmsretherrtf with K=80: [Errno 122] Disk quota exceeded
[2025-12-12 18:07:24] [generate_and_run_up_to_limit] Failed to run formula pdtpmsretherrtf with K=80, halting
