CNF written.
CNF written.
CNF written.
CNF written.
CNF written.
CNF written.
CNF written.
CNF written.
CNF written.
CNF written.
CNF written.
CNF written.
CNF written.
CNF written.
CNF written.
CNF written.
CNF written.
CNF written.
CNF written.
CNF written.
CNF written.
CNF written.
CNF written.
CNF written.
CNF written.
CNF written.
CNF written.
CNF written.
CNF written.
CNF written.
CNF written.
CNF written.
CNF written.
CNF written.
CNF written.
CNF written.
CNF written.
CNF written.
CNF written.
CNF written.
CNF written.
CNF written.
CNF written.
CNF written.
CNF written.
CNF written.
CNF written.
CNF written.
CNF written.
CNF written.
CNF written.
CNF written.
CNF written.
CNF written.
CNF written.
CNF written.
CNF written.
CNF written.
CNF written.
CNF written.
CNF written.
CNF written.
CNF written.
CNF written.
CNF written.
CNF written.
CNF written.
CNF written.
CNF written.
CNF written.
CNF written.
CNF written.
CNF written.
CNF written.
CNF written.
CNF written.
CNF written.
CNF written.
CNF written.
CNF written.
CNF written.
CNF written.
CNF written.
CNF written.
CNF written.
CNF written.
CNF written.
CNF written.
CNF written.
CNF written.
CNF written.
CNF written.
CNF written.
CNF written.
CNF written.
CNF written.
CNF written.
CNF written.
CNF written.
CNF written.
CNF written.
CNF written.
CNF written.
CNF written.
CNF written.
CNF written.
CNF written.
CNF written.
CNF written.
CNF written.
CNF written.
CNF written.
CNF written.
CNF written.
CNF written.
CNF written.
CNF written.
CNF written.
CNF written.
CNF written.
CNF written.
CNF written.
CNF written.
CNF written.
CNF written.
CNF written.
CNF written.
CNF written.
CNF written.
CNF written.
CNF written.
CNF written.
CNF written.
CNF written.
CNF written.
CNF written.
CNF written.
CNF written.
CNF written.
CNF written.
CNF written.
CNF written.
CNF written.
CNF written.
CNF written.
CNF written.
CNF written.
CNF written.
CNF written.
CNF written.
CNF written.
CNF written.
CNF written.
CNF written.
CNF written.
CNF written.
CNF written.
CNF written.
CNF written.
CNF written.
CNF written.
CNF written.
CNF written.
CNF written.
CNF written.
CNF written.
CNF written.
CNF written.
CNF written.
CNF written.
[2025-12-12 07:56:55] [generate_and_run_up_to_limit] Generating and running pdtswvtms12x8p1 with K<=500 up to limit 1600
[2025-12-12 07:56:55] [generate_cnf] Generating formula pdtswvtms12x8p1 with K=1
[2025-12-12 07:56:55] [run_formula] Running formula pdtswvtms12x8p1 with K=1 up to limit 1600
[2025-12-12 07:56:56] [generate_cnf] Generating formula pdtswvtms12x8p1 with K=2
[2025-12-12 07:56:56] [run_formula] Running formula pdtswvtms12x8p1 with K=2 up to limit 1600
[2025-12-12 07:56:56] [generate_cnf] Generating formula pdtswvtms12x8p1 with K=3
[2025-12-12 07:56:56] [run_formula] Running formula pdtswvtms12x8p1 with K=3 up to limit 1600
[2025-12-12 07:56:56] [generate_cnf] Generating formula pdtswvtms12x8p1 with K=4
[2025-12-12 07:56:56] [run_formula] Running formula pdtswvtms12x8p1 with K=4 up to limit 1600
[2025-12-12 07:56:56] [generate_cnf] Generating formula pdtswvtms12x8p1 with K=5
[2025-12-12 07:56:56] [run_formula] Running formula pdtswvtms12x8p1 with K=5 up to limit 1600
[2025-12-12 07:56:56] [generate_cnf] Generating formula pdtswvtms12x8p1 with K=6
[2025-12-12 07:56:56] [run_formula] Running formula pdtswvtms12x8p1 with K=6 up to limit 1600
[2025-12-12 07:56:56] [generate_cnf] Generating formula pdtswvtms12x8p1 with K=7
[2025-12-12 07:56:56] [run_formula] Running formula pdtswvtms12x8p1 with K=7 up to limit 1600
[2025-12-12 07:56:57] [generate_cnf] Generating formula pdtswvtms12x8p1 with K=8
[2025-12-12 07:56:57] [run_formula] Running formula pdtswvtms12x8p1 with K=8 up to limit 1600
[2025-12-12 07:56:57] [generate_cnf] Generating formula pdtswvtms12x8p1 with K=9
[2025-12-12 07:56:57] [run_formula] Running formula pdtswvtms12x8p1 with K=9 up to limit 1600
[2025-12-12 07:56:57] [generate_cnf] Generating formula pdtswvtms12x8p1 with K=10
[2025-12-12 07:56:57] [run_formula] Running formula pdtswvtms12x8p1 with K=10 up to limit 1600
[2025-12-12 07:56:57] [generate_cnf] Generating formula pdtswvtms12x8p1 with K=11
[2025-12-12 07:56:58] [run_formula] Running formula pdtswvtms12x8p1 with K=11 up to limit 1600
[2025-12-12 07:56:58] [generate_cnf] Generating formula pdtswvtms12x8p1 with K=12
[2025-12-12 07:56:58] [run_formula] Running formula pdtswvtms12x8p1 with K=12 up to limit 1600
[2025-12-12 07:56:58] [generate_cnf] Generating formula pdtswvtms12x8p1 with K=13
[2025-12-12 07:56:58] [run_formula] Running formula pdtswvtms12x8p1 with K=13 up to limit 1600
[2025-12-12 07:56:58] [generate_cnf] Generating formula pdtswvtms12x8p1 with K=14
[2025-12-12 07:56:59] [run_formula] Running formula pdtswvtms12x8p1 with K=14 up to limit 1600
[2025-12-12 07:56:59] [generate_cnf] Generating formula pdtswvtms12x8p1 with K=15
[2025-12-12 07:56:59] [run_formula] Running formula pdtswvtms12x8p1 with K=15 up to limit 1600
[2025-12-12 07:56:59] [generate_cnf] Generating formula pdtswvtms12x8p1 with K=16
[2025-12-12 07:57:00] [run_formula] Running formula pdtswvtms12x8p1 with K=16 up to limit 1600
[2025-12-12 07:57:00] [generate_cnf] Generating formula pdtswvtms12x8p1 with K=17
[2025-12-12 07:57:00] [run_formula] Running formula pdtswvtms12x8p1 with K=17 up to limit 1600
[2025-12-12 07:57:01] [generate_cnf] Generating formula pdtswvtms12x8p1 with K=18
[2025-12-12 07:57:01] [run_formula] Running formula pdtswvtms12x8p1 with K=18 up to limit 1600
[2025-12-12 07:57:01] [generate_cnf] Generating formula pdtswvtms12x8p1 with K=19
[2025-12-12 07:57:02] [run_formula] Running formula pdtswvtms12x8p1 with K=19 up to limit 1600
[2025-12-12 07:57:02] [generate_cnf] Generating formula pdtswvtms12x8p1 with K=20
[2025-12-12 07:57:02] [run_formula] Running formula pdtswvtms12x8p1 with K=20 up to limit 1600
[2025-12-12 07:57:03] [generate_cnf] Generating formula pdtswvtms12x8p1 with K=21
[2025-12-12 07:57:03] [run_formula] Running formula pdtswvtms12x8p1 with K=21 up to limit 1600
[2025-12-12 07:57:04] [generate_cnf] Generating formula pdtswvtms12x8p1 with K=22
[2025-12-12 07:57:04] [run_formula] Running formula pdtswvtms12x8p1 with K=22 up to limit 1600
[2025-12-12 07:57:05] [generate_cnf] Generating formula pdtswvtms12x8p1 with K=23
[2025-12-12 07:57:05] [run_formula] Running formula pdtswvtms12x8p1 with K=23 up to limit 1600
[2025-12-12 07:57:06] [generate_cnf] Generating formula pdtswvtms12x8p1 with K=24
[2025-12-12 07:57:06] [run_formula] Running formula pdtswvtms12x8p1 with K=24 up to limit 1600
[2025-12-12 07:57:07] [generate_cnf] Generating formula pdtswvtms12x8p1 with K=25
[2025-12-12 07:57:08] [run_formula] Running formula pdtswvtms12x8p1 with K=25 up to limit 1600
[2025-12-12 07:57:09] [generate_cnf] Generating formula pdtswvtms12x8p1 with K=26
[2025-12-12 07:57:10] [run_formula] Running formula pdtswvtms12x8p1 with K=26 up to limit 1600
[2025-12-12 07:57:10] [generate_cnf] Generating formula pdtswvtms12x8p1 with K=27
[2025-12-12 07:57:11] [run_formula] Running formula pdtswvtms12x8p1 with K=27 up to limit 1600
[2025-12-12 07:57:12] [generate_cnf] Generating formula pdtswvtms12x8p1 with K=28
[2025-12-12 07:57:12] [run_formula] Running formula pdtswvtms12x8p1 with K=28 up to limit 1600
[2025-12-12 07:57:13] [generate_cnf] Generating formula pdtswvtms12x8p1 with K=29
[2025-12-12 07:57:14] [run_formula] Running formula pdtswvtms12x8p1 with K=29 up to limit 1600
[2025-12-12 07:57:15] [generate_cnf] Generating formula pdtswvtms12x8p1 with K=30
[2025-12-12 07:57:15] [run_formula] Running formula pdtswvtms12x8p1 with K=30 up to limit 1600
[2025-12-12 07:57:17] [generate_cnf] Generating formula pdtswvtms12x8p1 with K=31
[2025-12-12 07:57:18] [run_formula] Running formula pdtswvtms12x8p1 with K=31 up to limit 1600
[2025-12-12 07:57:19] [generate_cnf] Generating formula pdtswvtms12x8p1 with K=32
[2025-12-12 07:57:20] [run_formula] Running formula pdtswvtms12x8p1 with K=32 up to limit 1600
[2025-12-12 07:57:21] [generate_cnf] Generating formula pdtswvtms12x8p1 with K=33
[2025-12-12 07:57:21] [run_formula] Running formula pdtswvtms12x8p1 with K=33 up to limit 1600
[2025-12-12 07:57:23] [generate_cnf] Generating formula pdtswvtms12x8p1 with K=34
[2025-12-12 07:57:24] [run_formula] Running formula pdtswvtms12x8p1 with K=34 up to limit 1600
[2025-12-12 07:57:26] [generate_cnf] Generating formula pdtswvtms12x8p1 with K=35
[2025-12-12 07:57:27] [run_formula] Running formula pdtswvtms12x8p1 with K=35 up to limit 1600
[2025-12-12 07:57:29] [generate_cnf] Generating formula pdtswvtms12x8p1 with K=36
[2025-12-12 07:57:29] [run_formula] Running formula pdtswvtms12x8p1 with K=36 up to limit 1600
[2025-12-12 07:57:33] [generate_cnf] Generating formula pdtswvtms12x8p1 with K=37
[2025-12-12 07:57:34] [run_formula] Running formula pdtswvtms12x8p1 with K=37 up to limit 1600
[2025-12-12 07:57:36] [generate_cnf] Generating formula pdtswvtms12x8p1 with K=38
[2025-12-12 07:57:37] [run_formula] Running formula pdtswvtms12x8p1 with K=38 up to limit 1600
[2025-12-12 07:57:39] [generate_cnf] Generating formula pdtswvtms12x8p1 with K=39
[2025-12-12 07:57:39] [run_formula] Running formula pdtswvtms12x8p1 with K=39 up to limit 1600
[2025-12-12 07:57:42] [generate_cnf] Generating formula pdtswvtms12x8p1 with K=40
[2025-12-12 07:57:43] [run_formula] Running formula pdtswvtms12x8p1 with K=40 up to limit 1600
[2025-12-12 07:57:46] [generate_cnf] Generating formula pdtswvtms12x8p1 with K=41
[2025-12-12 07:57:47] [run_formula] Running formula pdtswvtms12x8p1 with K=41 up to limit 1600
[2025-12-12 07:57:49] [generate_cnf] Generating formula pdtswvtms12x8p1 with K=42
[2025-12-12 07:57:50] [run_formula] Running formula pdtswvtms12x8p1 with K=42 up to limit 1600
[2025-12-12 07:57:52] [generate_cnf] Generating formula pdtswvtms12x8p1 with K=43
[2025-12-12 07:57:52] [run_formula] Running formula pdtswvtms12x8p1 with K=43 up to limit 1600
[2025-12-12 07:57:55] [generate_cnf] Generating formula pdtswvtms12x8p1 with K=44
[2025-12-12 07:57:55] [run_formula] Running formula pdtswvtms12x8p1 with K=44 up to limit 1600
[2025-12-12 07:57:58] [generate_cnf] Generating formula pdtswvtms12x8p1 with K=45
[2025-12-12 07:57:59] [run_formula] Running formula pdtswvtms12x8p1 with K=45 up to limit 1600
[2025-12-12 07:58:03] [generate_cnf] Generating formula pdtswvtms12x8p1 with K=46
[2025-12-12 07:58:04] [run_formula] Running formula pdtswvtms12x8p1 with K=46 up to limit 1600
[2025-12-12 07:58:07] [generate_cnf] Generating formula pdtswvtms12x8p1 with K=47
[2025-12-12 07:58:07] [run_formula] Running formula pdtswvtms12x8p1 with K=47 up to limit 1600
[2025-12-12 07:58:10] [generate_cnf] Generating formula pdtswvtms12x8p1 with K=48
[2025-12-12 07:58:11] [run_formula] Running formula pdtswvtms12x8p1 with K=48 up to limit 1600
[2025-12-12 07:58:14] [generate_cnf] Generating formula pdtswvtms12x8p1 with K=49
[2025-12-12 07:58:15] [run_formula] Running formula pdtswvtms12x8p1 with K=49 up to limit 1600
[2025-12-12 07:58:18] [generate_cnf] Generating formula pdtswvtms12x8p1 with K=50
[2025-12-12 07:58:19] [run_formula] Running formula pdtswvtms12x8p1 with K=50 up to limit 1600
[2025-12-12 07:58:24] [generate_cnf] Generating formula pdtswvtms12x8p1 with K=51
[2025-12-12 07:58:25] [run_formula] Running formula pdtswvtms12x8p1 with K=51 up to limit 1600
[2025-12-12 07:58:29] [generate_cnf] Generating formula pdtswvtms12x8p1 with K=52
[2025-12-12 07:58:30] [run_formula] Running formula pdtswvtms12x8p1 with K=52 up to limit 1600
[2025-12-12 07:58:34] [generate_cnf] Generating formula pdtswvtms12x8p1 with K=53
[2025-12-12 07:58:35] [run_formula] Running formula pdtswvtms12x8p1 with K=53 up to limit 1600
[2025-12-12 07:58:40] [generate_cnf] Generating formula pdtswvtms12x8p1 with K=54
[2025-12-12 07:58:42] [run_formula] Running formula pdtswvtms12x8p1 with K=54 up to limit 1600
[2025-12-12 07:58:48] [generate_cnf] Generating formula pdtswvtms12x8p1 with K=55
[2025-12-12 07:58:49] [run_formula] Running formula pdtswvtms12x8p1 with K=55 up to limit 1600
[2025-12-12 07:58:54] [generate_cnf] Generating formula pdtswvtms12x8p1 with K=56
[2025-12-12 07:58:55] [run_formula] Running formula pdtswvtms12x8p1 with K=56 up to limit 1600
[2025-12-12 07:59:01] [generate_cnf] Generating formula pdtswvtms12x8p1 with K=57
[2025-12-12 07:59:02] [run_formula] Running formula pdtswvtms12x8p1 with K=57 up to limit 1600
[2025-12-12 07:59:08] [generate_cnf] Generating formula pdtswvtms12x8p1 with K=58
[2025-12-12 07:59:09] [run_formula] Running formula pdtswvtms12x8p1 with K=58 up to limit 1600
[2025-12-12 07:59:16] [generate_cnf] Generating formula pdtswvtms12x8p1 with K=59
[2025-12-12 07:59:17] [run_formula] Running formula pdtswvtms12x8p1 with K=59 up to limit 1600
[2025-12-12 07:59:23] [generate_cnf] Generating formula pdtswvtms12x8p1 with K=60
[2025-12-12 07:59:24] [run_formula] Running formula pdtswvtms12x8p1 with K=60 up to limit 1600
[2025-12-12 07:59:30] [generate_cnf] Generating formula pdtswvtms12x8p1 with K=61
[2025-12-12 07:59:30] [run_formula] Running formula pdtswvtms12x8p1 with K=61 up to limit 1600
[2025-12-12 07:59:36] [generate_cnf] Generating formula pdtswvtms12x8p1 with K=62
[2025-12-12 07:59:37] [run_formula] Running formula pdtswvtms12x8p1 with K=62 up to limit 1600
[2025-12-12 07:59:44] [generate_cnf] Generating formula pdtswvtms12x8p1 with K=63
[2025-12-12 07:59:45] [run_formula] Running formula pdtswvtms12x8p1 with K=63 up to limit 1600
[2025-12-12 07:59:52] [generate_cnf] Generating formula pdtswvtms12x8p1 with K=64
[2025-12-12 07:59:53] [run_formula] Running formula pdtswvtms12x8p1 with K=64 up to limit 1600
[2025-12-12 08:00:02] [generate_cnf] Generating formula pdtswvtms12x8p1 with K=65
[2025-12-12 08:00:03] [run_formula] Running formula pdtswvtms12x8p1 with K=65 up to limit 1600
[2025-12-12 08:00:14] [generate_cnf] Generating formula pdtswvtms12x8p1 with K=66
[2025-12-12 08:00:15] [run_formula] Running formula pdtswvtms12x8p1 with K=66 up to limit 1600
[2025-12-12 08:00:22] [generate_cnf] Generating formula pdtswvtms12x8p1 with K=67
[2025-12-12 08:00:23] [run_formula] Running formula pdtswvtms12x8p1 with K=67 up to limit 1600
[2025-12-12 08:00:31] [generate_cnf] Generating formula pdtswvtms12x8p1 with K=68
[2025-12-12 08:00:32] [run_formula] Running formula pdtswvtms12x8p1 with K=68 up to limit 1600
[2025-12-12 08:00:40] [generate_cnf] Generating formula pdtswvtms12x8p1 with K=69
[2025-12-12 08:00:41] [run_formula] Running formula pdtswvtms12x8p1 with K=69 up to limit 1600
[2025-12-12 08:00:48] [generate_cnf] Generating formula pdtswvtms12x8p1 with K=70
[2025-12-12 08:00:50] [run_formula] Running formula pdtswvtms12x8p1 with K=70 up to limit 1600
[2025-12-12 08:00:59] [generate_cnf] Generating formula pdtswvtms12x8p1 with K=71
[2025-12-12 08:01:01] [run_formula] Running formula pdtswvtms12x8p1 with K=71 up to limit 1600
[2025-12-12 08:01:09] [generate_cnf] Generating formula pdtswvtms12x8p1 with K=72
[2025-12-12 08:01:10] [run_formula] Running formula pdtswvtms12x8p1 with K=72 up to limit 1600
[2025-12-12 08:01:19] [generate_cnf] Generating formula pdtswvtms12x8p1 with K=73
[2025-12-12 08:01:20] [run_formula] Running formula pdtswvtms12x8p1 with K=73 up to limit 1600
[2025-12-12 08:01:30] [generate_cnf] Generating formula pdtswvtms12x8p1 with K=74
[2025-12-12 08:01:31] [run_formula] Running formula pdtswvtms12x8p1 with K=74 up to limit 1600
[2025-12-12 08:01:42] [generate_cnf] Generating formula pdtswvtms12x8p1 with K=75
[2025-12-12 08:01:43] [run_formula] Running formula pdtswvtms12x8p1 with K=75 up to limit 1600
[2025-12-12 08:01:55] [generate_cnf] Generating formula pdtswvtms12x8p1 with K=76
[2025-12-12 08:01:56] [run_formula] Running formula pdtswvtms12x8p1 with K=76 up to limit 1600
[2025-12-12 08:02:05] [generate_cnf] Generating formula pdtswvtms12x8p1 with K=77
[2025-12-12 08:02:07] [run_formula] Running formula pdtswvtms12x8p1 with K=77 up to limit 1600
[2025-12-12 08:02:19] [generate_cnf] Generating formula pdtswvtms12x8p1 with K=78
[2025-12-12 08:02:20] [run_formula] Running formula pdtswvtms12x8p1 with K=78 up to limit 1600
[2025-12-12 08:02:31] [generate_cnf] Generating formula pdtswvtms12x8p1 with K=79
[2025-12-12 08:02:33] [run_formula] Running formula pdtswvtms12x8p1 with K=79 up to limit 1600
[2025-12-12 08:02:46] [generate_cnf] Generating formula pdtswvtms12x8p1 with K=80
[2025-12-12 08:02:47] [run_formula] Running formula pdtswvtms12x8p1 with K=80 up to limit 1600
[2025-12-12 08:03:03] [generate_cnf] Generating formula pdtswvtms12x8p1 with K=81
[2025-12-12 08:03:05] [run_formula] Running formula pdtswvtms12x8p1 with K=81 up to limit 1600
[2025-12-12 08:03:18] [generate_cnf] Generating formula pdtswvtms12x8p1 with K=82
[2025-12-12 08:03:20] [run_formula] Running formula pdtswvtms12x8p1 with K=82 up to limit 1600
[2025-12-12 08:03:33] [generate_cnf] Generating formula pdtswvtms12x8p1 with K=83
[2025-12-12 08:03:34] [run_formula] Running formula pdtswvtms12x8p1 with K=83 up to limit 1600
[2025-12-12 08:03:47] [generate_cnf] Generating formula pdtswvtms12x8p1 with K=84
[2025-12-12 08:03:48] [run_formula] Running formula pdtswvtms12x8p1 with K=84 up to limit 1600
[2025-12-12 08:03:59] [generate_cnf] Generating formula pdtswvtms12x8p1 with K=85
[2025-12-12 08:04:01] [run_formula] Running formula pdtswvtms12x8p1 with K=85 up to limit 1600
[2025-12-12 08:04:15] [generate_cnf] Generating formula pdtswvtms12x8p1 with K=86
[2025-12-12 08:04:16] [run_formula] Running formula pdtswvtms12x8p1 with K=86 up to limit 1600
[2025-12-12 08:04:31] [generate_cnf] Generating formula pdtswvtms12x8p1 with K=87
[2025-12-12 08:04:34] [run_formula] Running formula pdtswvtms12x8p1 with K=87 up to limit 1600
[2025-12-12 08:04:44] [generate_cnf] Generating formula pdtswvtms12x8p1 with K=88
[2025-12-12 08:04:45] [run_formula] Running formula pdtswvtms12x8p1 with K=88 up to limit 1600
[2025-12-12 08:04:52] [generate_cnf] Generating formula pdtswvtms12x8p1 with K=89
[2025-12-12 08:04:53] [run_formula] Running formula pdtswvtms12x8p1 with K=89 up to limit 1600
[2025-12-12 08:05:00] [generate_cnf] Generating formula pdtswvtms12x8p1 with K=90
[2025-12-12 08:05:00] [run_formula] Running formula pdtswvtms12x8p1 with K=90 up to limit 1600
[2025-12-12 08:05:06] [generate_cnf] Generating formula pdtswvtms12x8p1 with K=91
[2025-12-12 08:05:06] [run_formula] Running formula pdtswvtms12x8p1 with K=91 up to limit 1600
[2025-12-12 08:05:12] [generate_cnf] Generating formula pdtswvtms12x8p1 with K=92
[2025-12-12 08:05:13] [run_formula] Running formula pdtswvtms12x8p1 with K=92 up to limit 1600
[2025-12-12 08:05:19] [generate_cnf] Generating formula pdtswvtms12x8p1 with K=93
[2025-12-12 08:05:20] [run_formula] Running formula pdtswvtms12x8p1 with K=93 up to limit 1600
[2025-12-12 08:05:26] [generate_cnf] Generating formula pdtswvtms12x8p1 with K=94
[2025-12-12 08:05:27] [run_formula] Running formula pdtswvtms12x8p1 with K=94 up to limit 1600
[2025-12-12 08:05:34] [generate_cnf] Generating formula pdtswvtms12x8p1 with K=95
[2025-12-12 08:05:34] [run_formula] Running formula pdtswvtms12x8p1 with K=95 up to limit 1600
[2025-12-12 08:05:41] [generate_cnf] Generating formula pdtswvtms12x8p1 with K=96
[2025-12-12 08:05:42] [run_formula] Running formula pdtswvtms12x8p1 with K=96 up to limit 1600
[2025-12-12 08:05:48] [generate_cnf] Generating formula pdtswvtms12x8p1 with K=97
[2025-12-12 08:05:49] [run_formula] Running formula pdtswvtms12x8p1 with K=97 up to limit 1600
[2025-12-12 08:05:57] [generate_cnf] Generating formula pdtswvtms12x8p1 with K=98
[2025-12-12 08:05:58] [run_formula] Running formula pdtswvtms12x8p1 with K=98 up to limit 1600
[2025-12-12 08:06:04] [generate_cnf] Generating formula pdtswvtms12x8p1 with K=99
[2025-12-12 08:06:05] [run_formula] Running formula pdtswvtms12x8p1 with K=99 up to limit 1600
[2025-12-12 08:06:12] [generate_cnf] Generating formula pdtswvtms12x8p1 with K=100
[2025-12-12 08:06:12] [run_formula] Running formula pdtswvtms12x8p1 with K=100 up to limit 1600
[2025-12-12 08:06:19] [generate_cnf] Generating formula pdtswvtms12x8p1 with K=101
[2025-12-12 08:06:19] [run_formula] Running formula pdtswvtms12x8p1 with K=101 up to limit 1600
[2025-12-12 08:06:27] [generate_cnf] Generating formula pdtswvtms12x8p1 with K=102
[2025-12-12 08:06:28] [run_formula] Running formula pdtswvtms12x8p1 with K=102 up to limit 1600
[2025-12-12 08:06:35] [generate_cnf] Generating formula pdtswvtms12x8p1 with K=103
[2025-12-12 08:06:36] [run_formula] Running formula pdtswvtms12x8p1 with K=103 up to limit 1600
[2025-12-12 08:06:44] [generate_cnf] Generating formula pdtswvtms12x8p1 with K=104
[2025-12-12 08:06:44] [run_formula] Running formula pdtswvtms12x8p1 with K=104 up to limit 1600
[2025-12-12 08:06:53] [generate_cnf] Generating formula pdtswvtms12x8p1 with K=105
[2025-12-12 08:06:53] [run_formula] Running formula pdtswvtms12x8p1 with K=105 up to limit 1600
[2025-12-12 08:07:03] [generate_cnf] Generating formula pdtswvtms12x8p1 with K=106
[2025-12-12 08:07:03] [run_formula] Running formula pdtswvtms12x8p1 with K=106 up to limit 1600
[2025-12-12 08:07:12] [generate_cnf] Generating formula pdtswvtms12x8p1 with K=107
[2025-12-12 08:07:13] [run_formula] Running formula pdtswvtms12x8p1 with K=107 up to limit 1600
[2025-12-12 08:07:23] [generate_cnf] Generating formula pdtswvtms12x8p1 with K=108
[2025-12-12 08:07:24] [run_formula] Running formula pdtswvtms12x8p1 with K=108 up to limit 1600
[2025-12-12 08:07:32] [generate_cnf] Generating formula pdtswvtms12x8p1 with K=109
[2025-12-12 08:07:32] [run_formula] Running formula pdtswvtms12x8p1 with K=109 up to limit 1600
[2025-12-12 08:07:43] [generate_cnf] Generating formula pdtswvtms12x8p1 with K=110
[2025-12-12 08:07:43] [run_formula] Running formula pdtswvtms12x8p1 with K=110 up to limit 1600
[2025-12-12 08:07:52] [generate_cnf] Generating formula pdtswvtms12x8p1 with K=111
[2025-12-12 08:07:53] [run_formula] Running formula pdtswvtms12x8p1 with K=111 up to limit 1600
[2025-12-12 08:08:02] [generate_cnf] Generating formula pdtswvtms12x8p1 with K=112
[2025-12-12 08:08:03] [run_formula] Running formula pdtswvtms12x8p1 with K=112 up to limit 1600
[2025-12-12 08:08:11] [generate_cnf] Generating formula pdtswvtms12x8p1 with K=113
[2025-12-12 08:08:11] [run_formula] Running formula pdtswvtms12x8p1 with K=113 up to limit 1600
[2025-12-12 08:08:21] [generate_cnf] Generating formula pdtswvtms12x8p1 with K=114
[2025-12-12 08:08:22] [run_formula] Running formula pdtswvtms12x8p1 with K=114 up to limit 1600
[2025-12-12 08:08:33] [generate_cnf] Generating formula pdtswvtms12x8p1 with K=115
[2025-12-12 08:08:34] [run_formula] Running formula pdtswvtms12x8p1 with K=115 up to limit 1600
[2025-12-12 08:08:44] [generate_cnf] Generating formula pdtswvtms12x8p1 with K=116
[2025-12-12 08:08:45] [run_formula] Running formula pdtswvtms12x8p1 with K=116 up to limit 1600
[2025-12-12 08:08:55] [generate_cnf] Generating formula pdtswvtms12x8p1 with K=117
[2025-12-12 08:08:55] [run_formula] Running formula pdtswvtms12x8p1 with K=117 up to limit 1600
[2025-12-12 08:09:07] [generate_cnf] Generating formula pdtswvtms12x8p1 with K=118
[2025-12-12 08:09:08] [run_formula] Running formula pdtswvtms12x8p1 with K=118 up to limit 1600
[2025-12-12 08:09:21] [generate_cnf] Generating formula pdtswvtms12x8p1 with K=119
[2025-12-12 08:09:21] [run_formula] Running formula pdtswvtms12x8p1 with K=119 up to limit 1600
[2025-12-12 08:09:34] [generate_cnf] Generating formula pdtswvtms12x8p1 with K=120
[2025-12-12 08:09:35] [run_formula] Running formula pdtswvtms12x8p1 with K=120 up to limit 1600
[2025-12-12 08:09:49] [generate_cnf] Generating formula pdtswvtms12x8p1 with K=121
[2025-12-12 08:09:50] [run_formula] Running formula pdtswvtms12x8p1 with K=121 up to limit 1600
[2025-12-12 08:10:01] [generate_cnf] Generating formula pdtswvtms12x8p1 with K=122
[2025-12-12 08:10:01] [run_formula] Running formula pdtswvtms12x8p1 with K=122 up to limit 1600
[2025-12-12 08:10:11] [generate_cnf] Generating formula pdtswvtms12x8p1 with K=123
[2025-12-12 08:10:12] [run_formula] Running formula pdtswvtms12x8p1 with K=123 up to limit 1600
[2025-12-12 08:10:24] [generate_cnf] Generating formula pdtswvtms12x8p1 with K=124
[2025-12-12 08:10:25] [run_formula] Running formula pdtswvtms12x8p1 with K=124 up to limit 1600
[2025-12-12 08:10:37] [generate_cnf] Generating formula pdtswvtms12x8p1 with K=125
[2025-12-12 08:10:38] [run_formula] Running formula pdtswvtms12x8p1 with K=125 up to limit 1600
[2025-12-12 08:10:49] [generate_cnf] Generating formula pdtswvtms12x8p1 with K=126
[2025-12-12 08:10:50] [run_formula] Running formula pdtswvtms12x8p1 with K=126 up to limit 1600
[2025-12-12 08:11:01] [generate_cnf] Generating formula pdtswvtms12x8p1 with K=127
[2025-12-12 08:11:02] [run_formula] Running formula pdtswvtms12x8p1 with K=127 up to limit 1600
[2025-12-12 08:11:13] [generate_cnf] Generating formula pdtswvtms12x8p1 with K=128
[2025-12-12 08:11:14] [run_formula] Running formula pdtswvtms12x8p1 with K=128 up to limit 1600
[2025-12-12 08:11:26] [generate_cnf] Generating formula pdtswvtms12x8p1 with K=129
[2025-12-12 08:11:26] [run_formula] Running formula pdtswvtms12x8p1 with K=129 up to limit 1600
[2025-12-12 08:11:40] [generate_cnf] Generating formula pdtswvtms12x8p1 with K=130
[2025-12-12 08:11:41] [run_formula] Running formula pdtswvtms12x8p1 with K=130 up to limit 1600
[2025-12-12 08:11:55] [generate_cnf] Generating formula pdtswvtms12x8p1 with K=131
[2025-12-12 08:11:57] [run_formula] Running formula pdtswvtms12x8p1 with K=131 up to limit 1600
[2025-12-12 08:12:08] [generate_cnf] Generating formula pdtswvtms12x8p1 with K=132
[2025-12-12 08:12:09] [run_formula] Running formula pdtswvtms12x8p1 with K=132 up to limit 1600
[2025-12-12 08:12:24] [generate_cnf] Generating formula pdtswvtms12x8p1 with K=133
[2025-12-12 08:12:25] [run_formula] Running formula pdtswvtms12x8p1 with K=133 up to limit 1600
[2025-12-12 08:12:37] [generate_cnf] Generating formula pdtswvtms12x8p1 with K=134
[2025-12-12 08:12:38] [run_formula] Running formula pdtswvtms12x8p1 with K=134 up to limit 1600
[2025-12-12 08:12:54] [generate_cnf] Generating formula pdtswvtms12x8p1 with K=135
[2025-12-12 08:12:55] [run_formula] Running formula pdtswvtms12x8p1 with K=135 up to limit 1600
[2025-12-12 08:13:08] [generate_cnf] Generating formula pdtswvtms12x8p1 with K=136
[2025-12-12 08:13:09] [run_formula] Running formula pdtswvtms12x8p1 with K=136 up to limit 1600
[2025-12-12 08:13:31] [generate_cnf] Generating formula pdtswvtms12x8p1 with K=137
[2025-12-12 08:13:32] [run_formula] Running formula pdtswvtms12x8p1 with K=137 up to limit 1600
[2025-12-12 08:13:51] [generate_cnf] Generating formula pdtswvtms12x8p1 with K=138
[2025-12-12 08:13:53] [run_formula] Running formula pdtswvtms12x8p1 with K=138 up to limit 1600
[2025-12-12 08:14:11] [generate_cnf] Generating formula pdtswvtms12x8p1 with K=139
[2025-12-12 08:14:13] [run_formula] Running formula pdtswvtms12x8p1 with K=139 up to limit 1600
[2025-12-12 08:14:30] [generate_cnf] Generating formula pdtswvtms12x8p1 with K=140
[2025-12-12 08:14:31] [run_formula] Running formula pdtswvtms12x8p1 with K=140 up to limit 1600
[2025-12-12 08:14:53] [generate_cnf] Generating formula pdtswvtms12x8p1 with K=141
[2025-12-12 08:14:54] [run_formula] Running formula pdtswvtms12x8p1 with K=141 up to limit 1600
[2025-12-12 08:15:11] [generate_cnf] Generating formula pdtswvtms12x8p1 with K=142
[2025-12-12 08:15:13] [run_formula] Running formula pdtswvtms12x8p1 with K=142 up to limit 1600
[2025-12-12 08:15:32] [generate_cnf] Generating formula pdtswvtms12x8p1 with K=143
[2025-12-12 08:15:34] [run_formula] Running formula pdtswvtms12x8p1 with K=143 up to limit 1600
[2025-12-12 08:15:51] [generate_cnf] Generating formula pdtswvtms12x8p1 with K=144
[2025-12-12 08:15:53] [run_formula] Running formula pdtswvtms12x8p1 with K=144 up to limit 1600
[2025-12-12 08:16:12] [generate_cnf] Generating formula pdtswvtms12x8p1 with K=145
[2025-12-12 08:16:14] [run_formula] Running formula pdtswvtms12x8p1 with K=145 up to limit 1600
[2025-12-12 08:16:37] [generate_cnf] Generating formula pdtswvtms12x8p1 with K=146
[2025-12-12 08:16:38] [run_formula] Running formula pdtswvtms12x8p1 with K=146 up to limit 1600
[2025-12-12 08:17:25] [generate_cnf] Generating formula pdtswvtms12x8p1 with K=147
[2025-12-12 08:17:26] [run_formula] Running formula pdtswvtms12x8p1 with K=147 up to limit 1600
[2025-12-12 08:17:47] [generate_cnf] Generating formula pdtswvtms12x8p1 with K=148
[2025-12-12 08:17:48] [run_formula] Running formula pdtswvtms12x8p1 with K=148 up to limit 1600
[2025-12-12 08:18:09] [generate_cnf] Generating formula pdtswvtms12x8p1 with K=149
[2025-12-12 08:18:10] [run_formula] Running formula pdtswvtms12x8p1 with K=149 up to limit 1600
[2025-12-12 08:18:29] [generate_cnf] Generating formula pdtswvtms12x8p1 with K=150
[2025-12-12 08:18:30] [run_formula] Running formula pdtswvtms12x8p1 with K=150 up to limit 1600
[2025-12-12 08:18:50] [generate_cnf] Generating formula pdtswvtms12x8p1 with K=151
[2025-12-12 08:18:51] [run_formula] Running formula pdtswvtms12x8p1 with K=151 up to limit 1600
[2025-12-12 08:19:09] [generate_cnf] Generating formula pdtswvtms12x8p1 with K=152
[2025-12-12 08:19:10] [run_formula] Running formula pdtswvtms12x8p1 with K=152 up to limit 1600
[2025-12-12 08:19:37] [generate_cnf] Generating formula pdtswvtms12x8p1 with K=153
[2025-12-12 08:19:38] [run_formula] Running formula pdtswvtms12x8p1 with K=153 up to limit 1600
[2025-12-12 08:20:11] [generate_cnf] Generating formula pdtswvtms12x8p1 with K=154
[2025-12-12 08:20:11] [run_formula] Running formula pdtswvtms12x8p1 with K=154 up to limit 1600
[2025-12-12 08:20:30] [generate_cnf] Generating formula pdtswvtms12x8p1 with K=155
[2025-12-12 08:20:31] [run_formula] Running formula pdtswvtms12x8p1 with K=155 up to limit 1600
[2025-12-12 08:20:55] [generate_cnf] Generating formula pdtswvtms12x8p1 with K=156
[2025-12-12 08:20:56] [run_formula] Running formula pdtswvtms12x8p1 with K=156 up to limit 1600
[2025-12-12 08:21:21] [generate_cnf] Generating formula pdtswvtms12x8p1 with K=157
[2025-12-12 08:21:22] [run_formula] Running formula pdtswvtms12x8p1 with K=157 up to limit 1600
[2025-12-12 08:21:48] [generate_cnf] Generating formula pdtswvtms12x8p1 with K=158
[2025-12-12 08:21:49] [run_formula] Running formula pdtswvtms12x8p1 with K=158 up to limit 1600
[2025-12-12 08:22:21] [generate_cnf] Generating formula pdtswvtms12x8p1 with K=159
[2025-12-12 08:22:22] [run_formula] Running formula pdtswvtms12x8p1 with K=159 up to limit 1600
[2025-12-12 08:22:46] [generate_cnf] Generating formula pdtswvtms12x8p1 with K=160
[2025-12-12 08:22:47] [run_formula] Running formula pdtswvtms12x8p1 with K=160 up to limit 1600
[2025-12-12 08:23:17] [generate_cnf] Generating formula pdtswvtms12x8p1 with K=161
[2025-12-12 08:23:18] [run_formula] Running formula pdtswvtms12x8p1 with K=161 up to limit 1600
[2025-12-12 08:23:47] [generate_cnf] Generating formula pdtswvtms12x8p1 with K=162
[2025-12-12 08:23:48] [run_formula] Running formula pdtswvtms12x8p1 with K=162 up to limit 1600
[2025-12-12 08:24:12] [generate_cnf] Generating formula pdtswvtms12x8p1 with K=163
[2025-12-12 08:24:13] [run_formula] Running formula pdtswvtms12x8p1 with K=163 up to limit 1600
[2025-12-12 08:24:42] [generate_cnf] Generating formula pdtswvtms12x8p1 with K=164
[2025-12-12 08:24:43] [run_formula] Running formula pdtswvtms12x8p1 with K=164 up to limit 1600
[2025-12-12 08:25:13] [generate_cnf] Generating formula pdtswvtms12x8p1 with K=165
[2025-12-12 08:25:14] [run_formula] Running formula pdtswvtms12x8p1 with K=165 up to limit 1600
[2025-12-12 08:25:47] [generate_cnf] Generating formula pdtswvtms12x8p1 with K=166
[2025-12-12 08:25:48] [run_formula] Running formula pdtswvtms12x8p1 with K=166 up to limit 1600
[2025-12-12 08:26:22] [generate_cnf] Generating formula pdtswvtms12x8p1 with K=167
[2025-12-12 08:26:23] [run_formula] Running formula pdtswvtms12x8p1 with K=167 up to limit 1600
[2025-12-12 08:26:53] [generate_cnf] Generating formula pdtswvtms12x8p1 with K=168
[2025-12-12 08:26:54] [run_formula] Running formula pdtswvtms12x8p1 with K=168 up to limit 1600
[2025-12-12 08:27:18] [generate_cnf] Generating formula pdtswvtms12x8p1 with K=169
[2025-12-12 08:27:18] [run_formula] Running formula pdtswvtms12x8p1 with K=169 up to limit 1600
[2025-12-12 08:27:45] [generate_cnf] Generating formula pdtswvtms12x8p1 with K=170
[2025-12-12 08:27:46] [run_formula] Running formula pdtswvtms12x8p1 with K=170 up to limit 1600
[2025-12-12 08:28:14] [run_formula] Error running formula pdtswvtms12x8p1 with K=170: [Errno 122] Disk quota exceeded: './results/solving_logs/pdtswvtms12x8p1//pdtswvtms12x8p1.170.log'
[2025-12-12 08:28:14] [generate_and_run_up_to_limit] Failed to run formula pdtswvtms12x8p1 with K=170, halting
