CNF written.
CNF written.
CNF written.
CNF written.
CNF written.
CNF written.
CNF written.
CNF written.
CNF written.
CNF written.
CNF written.
CNF written.
CNF written.
CNF written.
CNF written.
CNF written.
CNF written.
CNF written.
CNF written.
CNF written.
CNF written.
CNF written.
CNF written.
CNF written.
CNF written.
CNF written.
CNF written.
CNF written.
CNF written.
CNF written.
CNF written.
CNF written.
CNF written.
CNF written.
CNF written.
CNF written.
CNF written.
CNF written.
CNF written.
CNF written.
CNF written.
CNF written.
CNF written.
CNF written.
CNF written.
CNF written.
CNF written.
CNF written.
CNF written.
CNF written.
CNF written.
CNF written.
CNF written.
CNF written.
CNF written.
CNF written.
CNF written.
CNF written.
CNF written.
CNF written.
CNF written.
CNF written.
CNF written.
CNF written.
CNF written.
CNF written.
CNF written.
CNF written.
CNF written.
CNF written.
CNF written.
CNF written.
CNF written.
CNF written.
CNF written.
CNF written.
CNF written.
CNF written.
CNF written.
CNF written.
CNF written.
CNF written.
CNF written.
CNF written.
CNF written.
CNF written.
CNF written.
CNF written.
CNF written.
CNF written.
CNF written.
CNF written.
CNF written.
CNF written.
CNF written.
CNF written.
CNF written.
CNF written.
CNF written.
CNF written.
CNF written.
CNF written.
CNF written.
CNF written.
CNF written.
CNF written.
CNF written.
CNF written.
CNF written.
CNF written.
CNF written.
CNF written.
CNF written.
CNF written.
CNF written.
CNF written.
CNF written.
CNF written.
CNF written.
CNF written.
CNF written.
CNF written.
CNF written.
CNF written.
CNF written.
CNF written.
CNF written.
CNF written.
CNF written.
CNF written.
CNF written.
CNF written.
CNF written.
CNF written.
CNF written.
CNF written.
CNF written.
CNF written.
CNF written.
CNF written.
CNF written.
CNF written.
CNF written.
CNF written.
CNF written.
CNF written.
CNF written.
CNF written.
CNF written.
CNF written.
CNF written.
CNF written.
CNF written.
CNF written.
CNF written.
CNF written.
CNF written.
CNF written.
CNF written.
CNF written.
CNF written.
CNF written.
CNF written.
CNF written.
CNF written.
CNF written.
CNF written.
CNF written.
CNF written.
CNF written.
CNF written.
CNF written.
CNF written.
CNF written.
CNF written.
CNF written.
CNF written.
CNF written.
CNF written.
CNF written.
CNF written.
CNF written.
CNF written.
CNF written.
CNF written.
CNF written.
CNF written.
CNF written.
CNF written.
CNF written.
CNF written.
CNF written.
CNF written.
CNF written.
CNF written.
CNF written.
CNF written.
CNF written.
CNF written.
CNF written.
CNF written.
CNF written.
CNF written.
CNF written.
CNF written.
CNF written.
CNF written.
CNF written.
CNF written.
CNF written.
CNF written.
CNF written.
CNF written.
CNF written.
CNF written.
CNF written.
CNF written.
CNF written.
CNF written.
CNF written.
CNF written.
CNF written.
CNF written.
CNF written.
CNF written.
CNF written.
CNF written.
CNF written.
CNF written.
CNF written.
CNF written.
CNF written.
CNF written.
CNF written.
CNF written.
CNF written.
CNF written.
CNF written.
CNF written.
CNF written.
CNF written.
CNF written.
CNF written.
CNF written.
CNF written.
CNF written.
CNF written.
CNF written.
CNF written.
CNF written.
CNF written.
CNF written.
CNF written.
CNF written.
CNF written.
CNF written.
CNF written.
CNF written.
CNF written.
CNF written.
CNF written.
CNF written.
CNF written.
CNF written.
CNF written.
CNF written.
CNF written.
CNF written.
CNF written.
CNF written.
CNF written.
CNF written.
CNF written.
CNF written.
CNF written.
CNF written.
CNF written.
CNF written.
CNF written.
CNF written.
CNF written.
CNF written.
CNF written.
CNF written.
CNF written.
CNF written.
CNF written.
CNF written.
CNF written.
CNF written.
CNF written.
CNF written.
CNF written.
CNF written.
CNF written.
CNF written.
CNF written.
CNF written.
CNF written.
CNF written.
CNF written.
CNF written.
CNF written.
CNF written.
CNF written.
CNF written.
CNF written.
CNF written.
CNF written.
CNF written.
CNF written.
CNF written.
CNF written.
CNF written.
CNF written.
CNF written.
CNF written.
CNF written.
CNF written.
CNF written.
CNF written.
CNF written.
CNF written.
CNF written.
CNF written.
CNF written.
CNF written.
CNF written.
CNF written.
CNF written.
CNF written.
CNF written.
CNF written.
CNF written.
CNF written.
CNF written.
CNF written.
CNF written.
CNF written.
CNF written.
CNF written.
CNF written.
CNF written.
CNF written.
CNF written.
CNF written.
CNF written.
CNF written.
CNF written.
CNF written.
CNF written.
CNF written.
CNF written.
CNF written.
CNF written.
CNF written.
CNF written.
CNF written.
CNF written.
CNF written.
CNF written.
CNF written.
CNF written.
CNF written.
CNF written.
CNF written.
CNF written.
CNF written.
CNF written.
CNF written.
CNF written.
CNF written.
CNF written.
CNF written.
CNF written.
CNF written.
CNF written.
CNF written.
CNF written.
CNF written.
CNF written.
CNF written.
CNF written.
CNF written.
CNF written.
CNF written.
CNF written.
CNF written.
CNF written.
CNF written.
CNF written.
CNF written.
CNF written.
CNF written.
CNF written.
CNF written.
CNF written.
CNF written.
CNF written.
CNF written.
CNF written.
CNF written.
CNF written.
CNF written.
CNF written.
CNF written.
CNF written.
CNF written.
CNF written.
CNF written.
CNF written.
CNF written.
CNF written.
CNF written.
CNF written.
CNF written.
CNF written.
CNF written.
CNF written.
CNF written.
CNF written.
CNF written.
CNF written.
CNF written.
CNF written.
CNF written.
CNF written.
CNF written.
CNF written.
CNF written.
CNF written.
CNF written.
CNF written.
CNF written.
CNF written.
CNF written.
CNF written.
CNF written.
CNF written.
CNF written.
CNF written.
CNF written.
CNF written.
CNF written.
CNF written.
CNF written.
CNF written.
CNF written.
CNF written.
CNF written.
CNF written.
CNF written.
CNF written.
CNF written.
CNF written.
CNF written.
CNF written.
CNF written.
CNF written.
CNF written.
CNF written.
CNF written.
CNF written.
CNF written.
CNF written.
CNF written.
CNF written.
CNF written.
CNF written.
CNF written.
CNF written.
CNF written.
CNF written.
CNF written.
CNF written.
CNF written.
CNF written.
CNF written.
CNF written.
CNF written.
CNF written.
CNF written.
CNF written.
CNF written.
CNF written.
CNF written.
CNF written.
CNF written.
CNF written.
CNF written.
CNF written.
CNF written.
CNF written.
CNF written.
CNF written.
CNF written.
CNF written.
CNF written.
CNF written.
[2025-12-12 07:20:17] [generate_and_run_up_to_limit] Generating and running pdtvisvsa16a27 with K<=500 up to limit 1600
[2025-12-12 07:20:17] [generate_cnf] Generating formula pdtvisvsa16a27 with K=1
[2025-12-12 07:20:17] [run_formula] Running formula pdtvisvsa16a27 with K=1 up to limit 1600
[2025-12-12 07:20:17] [generate_cnf] Generating formula pdtvisvsa16a27 with K=2
[2025-12-12 07:20:18] [run_formula] Running formula pdtvisvsa16a27 with K=2 up to limit 1600
[2025-12-12 07:20:18] [generate_cnf] Generating formula pdtvisvsa16a27 with K=3
[2025-12-12 07:20:18] [run_formula] Running formula pdtvisvsa16a27 with K=3 up to limit 1600
[2025-12-12 07:20:18] [generate_cnf] Generating formula pdtvisvsa16a27 with K=4
[2025-12-12 07:20:18] [run_formula] Running formula pdtvisvsa16a27 with K=4 up to limit 1600
[2025-12-12 07:20:18] [generate_cnf] Generating formula pdtvisvsa16a27 with K=5
[2025-12-12 07:20:18] [run_formula] Running formula pdtvisvsa16a27 with K=5 up to limit 1600
[2025-12-12 07:20:18] [generate_cnf] Generating formula pdtvisvsa16a27 with K=6
[2025-12-12 07:20:18] [run_formula] Running formula pdtvisvsa16a27 with K=6 up to limit 1600
[2025-12-12 07:20:18] [generate_cnf] Generating formula pdtvisvsa16a27 with K=7
[2025-12-12 07:20:18] [run_formula] Running formula pdtvisvsa16a27 with K=7 up to limit 1600
[2025-12-12 07:20:18] [generate_cnf] Generating formula pdtvisvsa16a27 with K=8
[2025-12-12 07:20:19] [run_formula] Running formula pdtvisvsa16a27 with K=8 up to limit 1600
[2025-12-12 07:20:19] [generate_cnf] Generating formula pdtvisvsa16a27 with K=9
[2025-12-12 07:20:19] [run_formula] Running formula pdtvisvsa16a27 with K=9 up to limit 1600
[2025-12-12 07:20:19] [generate_cnf] Generating formula pdtvisvsa16a27 with K=10
[2025-12-12 07:20:19] [run_formula] Running formula pdtvisvsa16a27 with K=10 up to limit 1600
[2025-12-12 07:20:19] [generate_cnf] Generating formula pdtvisvsa16a27 with K=11
[2025-12-12 07:20:19] [run_formula] Running formula pdtvisvsa16a27 with K=11 up to limit 1600
[2025-12-12 07:20:19] [generate_cnf] Generating formula pdtvisvsa16a27 with K=12
[2025-12-12 07:20:20] [run_formula] Running formula pdtvisvsa16a27 with K=12 up to limit 1600
[2025-12-12 07:20:20] [generate_cnf] Generating formula pdtvisvsa16a27 with K=13
[2025-12-12 07:20:20] [run_formula] Running formula pdtvisvsa16a27 with K=13 up to limit 1600
[2025-12-12 07:20:20] [generate_cnf] Generating formula pdtvisvsa16a27 with K=14
[2025-12-12 07:20:20] [run_formula] Running formula pdtvisvsa16a27 with K=14 up to limit 1600
[2025-12-12 07:20:20] [generate_cnf] Generating formula pdtvisvsa16a27 with K=15
[2025-12-12 07:20:21] [run_formula] Running formula pdtvisvsa16a27 with K=15 up to limit 1600
[2025-12-12 07:20:21] [generate_cnf] Generating formula pdtvisvsa16a27 with K=16
[2025-12-12 07:20:21] [run_formula] Running formula pdtvisvsa16a27 with K=16 up to limit 1600
[2025-12-12 07:20:21] [generate_cnf] Generating formula pdtvisvsa16a27 with K=17
[2025-12-12 07:20:21] [run_formula] Running formula pdtvisvsa16a27 with K=17 up to limit 1600
[2025-12-12 07:20:22] [generate_cnf] Generating formula pdtvisvsa16a27 with K=18
[2025-12-12 07:20:22] [run_formula] Running formula pdtvisvsa16a27 with K=18 up to limit 1600
[2025-12-12 07:20:22] [generate_cnf] Generating formula pdtvisvsa16a27 with K=19
[2025-12-12 07:20:22] [run_formula] Running formula pdtvisvsa16a27 with K=19 up to limit 1600
[2025-12-12 07:20:22] [generate_cnf] Generating formula pdtvisvsa16a27 with K=20
[2025-12-12 07:20:23] [run_formula] Running formula pdtvisvsa16a27 with K=20 up to limit 1600
[2025-12-12 07:20:23] [generate_cnf] Generating formula pdtvisvsa16a27 with K=21
[2025-12-12 07:20:23] [run_formula] Running formula pdtvisvsa16a27 with K=21 up to limit 1600
[2025-12-12 07:20:24] [generate_cnf] Generating formula pdtvisvsa16a27 with K=22
[2025-12-12 07:20:24] [run_formula] Running formula pdtvisvsa16a27 with K=22 up to limit 1600
[2025-12-12 07:20:24] [generate_cnf] Generating formula pdtvisvsa16a27 with K=23
[2025-12-12 07:20:24] [run_formula] Running formula pdtvisvsa16a27 with K=23 up to limit 1600
[2025-12-12 07:20:25] [generate_cnf] Generating formula pdtvisvsa16a27 with K=24
[2025-12-12 07:20:25] [run_formula] Running formula pdtvisvsa16a27 with K=24 up to limit 1600
[2025-12-12 07:20:25] [generate_cnf] Generating formula pdtvisvsa16a27 with K=25
[2025-12-12 07:20:25] [run_formula] Running formula pdtvisvsa16a27 with K=25 up to limit 1600
[2025-12-12 07:20:26] [generate_cnf] Generating formula pdtvisvsa16a27 with K=26
[2025-12-12 07:20:26] [run_formula] Running formula pdtvisvsa16a27 with K=26 up to limit 1600
[2025-12-12 07:20:26] [generate_cnf] Generating formula pdtvisvsa16a27 with K=27
[2025-12-12 07:20:27] [run_formula] Running formula pdtvisvsa16a27 with K=27 up to limit 1600
[2025-12-12 07:20:27] [generate_cnf] Generating formula pdtvisvsa16a27 with K=28
[2025-12-12 07:20:27] [run_formula] Running formula pdtvisvsa16a27 with K=28 up to limit 1600
[2025-12-12 07:20:28] [generate_cnf] Generating formula pdtvisvsa16a27 with K=29
[2025-12-12 07:20:28] [run_formula] Running formula pdtvisvsa16a27 with K=29 up to limit 1600
[2025-12-12 07:20:28] [generate_cnf] Generating formula pdtvisvsa16a27 with K=30
[2025-12-12 07:20:29] [run_formula] Running formula pdtvisvsa16a27 with K=30 up to limit 1600
[2025-12-12 07:20:29] [generate_cnf] Generating formula pdtvisvsa16a27 with K=31
[2025-12-12 07:20:30] [run_formula] Running formula pdtvisvsa16a27 with K=31 up to limit 1600
[2025-12-12 07:20:30] [generate_cnf] Generating formula pdtvisvsa16a27 with K=32
[2025-12-12 07:20:30] [run_formula] Running formula pdtvisvsa16a27 with K=32 up to limit 1600
[2025-12-12 07:20:30] [generate_cnf] Generating formula pdtvisvsa16a27 with K=33
[2025-12-12 07:20:31] [run_formula] Running formula pdtvisvsa16a27 with K=33 up to limit 1600
[2025-12-12 07:20:31] [generate_cnf] Generating formula pdtvisvsa16a27 with K=34
[2025-12-12 07:20:31] [run_formula] Running formula pdtvisvsa16a27 with K=34 up to limit 1600
[2025-12-12 07:20:32] [generate_cnf] Generating formula pdtvisvsa16a27 with K=35
[2025-12-12 07:20:32] [run_formula] Running formula pdtvisvsa16a27 with K=35 up to limit 1600
[2025-12-12 07:20:33] [generate_cnf] Generating formula pdtvisvsa16a27 with K=36
[2025-12-12 07:20:33] [run_formula] Running formula pdtvisvsa16a27 with K=36 up to limit 1600
[2025-12-12 07:20:33] [generate_cnf] Generating formula pdtvisvsa16a27 with K=37
[2025-12-12 07:20:34] [run_formula] Running formula pdtvisvsa16a27 with K=37 up to limit 1600
[2025-12-12 07:20:34] [generate_cnf] Generating formula pdtvisvsa16a27 with K=38
[2025-12-12 07:20:35] [run_formula] Running formula pdtvisvsa16a27 with K=38 up to limit 1600
[2025-12-12 07:20:35] [generate_cnf] Generating formula pdtvisvsa16a27 with K=39
[2025-12-12 07:20:36] [run_formula] Running formula pdtvisvsa16a27 with K=39 up to limit 1600
[2025-12-12 07:20:36] [generate_cnf] Generating formula pdtvisvsa16a27 with K=40
[2025-12-12 07:20:36] [run_formula] Running formula pdtvisvsa16a27 with K=40 up to limit 1600
[2025-12-12 07:20:37] [generate_cnf] Generating formula pdtvisvsa16a27 with K=41
[2025-12-12 07:20:38] [run_formula] Running formula pdtvisvsa16a27 with K=41 up to limit 1600
[2025-12-12 07:20:38] [generate_cnf] Generating formula pdtvisvsa16a27 with K=42
[2025-12-12 07:20:39] [run_formula] Running formula pdtvisvsa16a27 with K=42 up to limit 1600
[2025-12-12 07:20:39] [generate_cnf] Generating formula pdtvisvsa16a27 with K=43
[2025-12-12 07:20:39] [run_formula] Running formula pdtvisvsa16a27 with K=43 up to limit 1600
[2025-12-12 07:20:40] [generate_cnf] Generating formula pdtvisvsa16a27 with K=44
[2025-12-12 07:20:40] [run_formula] Running formula pdtvisvsa16a27 with K=44 up to limit 1600
[2025-12-12 07:20:41] [generate_cnf] Generating formula pdtvisvsa16a27 with K=45
[2025-12-12 07:20:41] [run_formula] Running formula pdtvisvsa16a27 with K=45 up to limit 1600
[2025-12-12 07:20:42] [generate_cnf] Generating formula pdtvisvsa16a27 with K=46
[2025-12-12 07:20:42] [run_formula] Running formula pdtvisvsa16a27 with K=46 up to limit 1600
[2025-12-12 07:20:43] [generate_cnf] Generating formula pdtvisvsa16a27 with K=47
[2025-12-12 07:20:43] [run_formula] Running formula pdtvisvsa16a27 with K=47 up to limit 1600
[2025-12-12 07:20:44] [generate_cnf] Generating formula pdtvisvsa16a27 with K=48
[2025-12-12 07:20:44] [run_formula] Running formula pdtvisvsa16a27 with K=48 up to limit 1600
[2025-12-12 07:20:45] [generate_cnf] Generating formula pdtvisvsa16a27 with K=49
[2025-12-12 07:20:45] [run_formula] Running formula pdtvisvsa16a27 with K=49 up to limit 1600
[2025-12-12 07:20:46] [generate_cnf] Generating formula pdtvisvsa16a27 with K=50
[2025-12-12 07:20:46] [run_formula] Running formula pdtvisvsa16a27 with K=50 up to limit 1600
[2025-12-12 07:20:48] [generate_cnf] Generating formula pdtvisvsa16a27 with K=51
[2025-12-12 07:20:48] [run_formula] Running formula pdtvisvsa16a27 with K=51 up to limit 1600
[2025-12-12 07:20:49] [generate_cnf] Generating formula pdtvisvsa16a27 with K=52
[2025-12-12 07:20:49] [run_formula] Running formula pdtvisvsa16a27 with K=52 up to limit 1600
[2025-12-12 07:20:50] [generate_cnf] Generating formula pdtvisvsa16a27 with K=53
[2025-12-12 07:20:51] [run_formula] Running formula pdtvisvsa16a27 with K=53 up to limit 1600
[2025-12-12 07:20:51] [generate_cnf] Generating formula pdtvisvsa16a27 with K=54
[2025-12-12 07:20:52] [run_formula] Running formula pdtvisvsa16a27 with K=54 up to limit 1600
[2025-12-12 07:20:52] [generate_cnf] Generating formula pdtvisvsa16a27 with K=55
[2025-12-12 07:20:53] [run_formula] Running formula pdtvisvsa16a27 with K=55 up to limit 1600
[2025-12-12 07:20:54] [generate_cnf] Generating formula pdtvisvsa16a27 with K=56
[2025-12-12 07:20:55] [run_formula] Running formula pdtvisvsa16a27 with K=56 up to limit 1600
[2025-12-12 07:20:56] [generate_cnf] Generating formula pdtvisvsa16a27 with K=57
[2025-12-12 07:20:57] [run_formula] Running formula pdtvisvsa16a27 with K=57 up to limit 1600
[2025-12-12 07:20:57] [generate_cnf] Generating formula pdtvisvsa16a27 with K=58
[2025-12-12 07:20:58] [run_formula] Running formula pdtvisvsa16a27 with K=58 up to limit 1600
[2025-12-12 07:20:58] [generate_cnf] Generating formula pdtvisvsa16a27 with K=59
[2025-12-12 07:20:59] [run_formula] Running formula pdtvisvsa16a27 with K=59 up to limit 1600
[2025-12-12 07:20:59] [generate_cnf] Generating formula pdtvisvsa16a27 with K=60
[2025-12-12 07:21:00] [run_formula] Running formula pdtvisvsa16a27 with K=60 up to limit 1600
[2025-12-12 07:21:02] [generate_cnf] Generating formula pdtvisvsa16a27 with K=61
[2025-12-12 07:21:03] [run_formula] Running formula pdtvisvsa16a27 with K=61 up to limit 1600
[2025-12-12 07:21:03] [generate_cnf] Generating formula pdtvisvsa16a27 with K=62
[2025-12-12 07:21:04] [run_formula] Running formula pdtvisvsa16a27 with K=62 up to limit 1600
[2025-12-12 07:21:04] [generate_cnf] Generating formula pdtvisvsa16a27 with K=63
[2025-12-12 07:21:05] [run_formula] Running formula pdtvisvsa16a27 with K=63 up to limit 1600
[2025-12-12 07:21:06] [generate_cnf] Generating formula pdtvisvsa16a27 with K=64
[2025-12-12 07:21:07] [run_formula] Running formula pdtvisvsa16a27 with K=64 up to limit 1600
[2025-12-12 07:21:07] [generate_cnf] Generating formula pdtvisvsa16a27 with K=65
[2025-12-12 07:21:08] [run_formula] Running formula pdtvisvsa16a27 with K=65 up to limit 1600
[2025-12-12 07:21:09] [generate_cnf] Generating formula pdtvisvsa16a27 with K=66
[2025-12-12 07:21:10] [run_formula] Running formula pdtvisvsa16a27 with K=66 up to limit 1600
[2025-12-12 07:21:11] [generate_cnf] Generating formula pdtvisvsa16a27 with K=67
[2025-12-12 07:21:12] [run_formula] Running formula pdtvisvsa16a27 with K=67 up to limit 1600
[2025-12-12 07:21:12] [generate_cnf] Generating formula pdtvisvsa16a27 with K=68
[2025-12-12 07:21:13] [run_formula] Running formula pdtvisvsa16a27 with K=68 up to limit 1600
[2025-12-12 07:21:14] [generate_cnf] Generating formula pdtvisvsa16a27 with K=69
[2025-12-12 07:21:15] [run_formula] Running formula pdtvisvsa16a27 with K=69 up to limit 1600
[2025-12-12 07:21:15] [generate_cnf] Generating formula pdtvisvsa16a27 with K=70
[2025-12-12 07:21:16] [run_formula] Running formula pdtvisvsa16a27 with K=70 up to limit 1600
[2025-12-12 07:21:18] [generate_cnf] Generating formula pdtvisvsa16a27 with K=71
[2025-12-12 07:21:19] [run_formula] Running formula pdtvisvsa16a27 with K=71 up to limit 1600
[2025-12-12 07:21:19] [generate_cnf] Generating formula pdtvisvsa16a27 with K=72
[2025-12-12 07:21:20] [run_formula] Running formula pdtvisvsa16a27 with K=72 up to limit 1600
[2025-12-12 07:21:21] [generate_cnf] Generating formula pdtvisvsa16a27 with K=73
[2025-12-12 07:21:22] [run_formula] Running formula pdtvisvsa16a27 with K=73 up to limit 1600
[2025-12-12 07:21:22] [generate_cnf] Generating formula pdtvisvsa16a27 with K=74
[2025-12-12 07:21:24] [run_formula] Running formula pdtvisvsa16a27 with K=74 up to limit 1600
[2025-12-12 07:21:24] [generate_cnf] Generating formula pdtvisvsa16a27 with K=75
[2025-12-12 07:21:25] [run_formula] Running formula pdtvisvsa16a27 with K=75 up to limit 1600
[2025-12-12 07:21:27] [generate_cnf] Generating formula pdtvisvsa16a27 with K=76
[2025-12-12 07:21:28] [run_formula] Running formula pdtvisvsa16a27 with K=76 up to limit 1600
[2025-12-12 07:21:29] [generate_cnf] Generating formula pdtvisvsa16a27 with K=77
[2025-12-12 07:21:30] [run_formula] Running formula pdtvisvsa16a27 with K=77 up to limit 1600
[2025-12-12 07:21:30] [generate_cnf] Generating formula pdtvisvsa16a27 with K=78
[2025-12-12 07:21:31] [run_formula] Running formula pdtvisvsa16a27 with K=78 up to limit 1600
[2025-12-12 07:21:32] [generate_cnf] Generating formula pdtvisvsa16a27 with K=79
[2025-12-12 07:21:33] [run_formula] Running formula pdtvisvsa16a27 with K=79 up to limit 1600
[2025-12-12 07:21:34] [generate_cnf] Generating formula pdtvisvsa16a27 with K=80
[2025-12-12 07:21:35] [run_formula] Running formula pdtvisvsa16a27 with K=80 up to limit 1600
[2025-12-12 07:21:37] [generate_cnf] Generating formula pdtvisvsa16a27 with K=81
[2025-12-12 07:21:39] [run_formula] Running formula pdtvisvsa16a27 with K=81 up to limit 1600
[2025-12-12 07:21:39] [generate_cnf] Generating formula pdtvisvsa16a27 with K=82
[2025-12-12 07:21:40] [run_formula] Running formula pdtvisvsa16a27 with K=82 up to limit 1600
[2025-12-12 07:21:41] [generate_cnf] Generating formula pdtvisvsa16a27 with K=83
[2025-12-12 07:21:42] [run_formula] Running formula pdtvisvsa16a27 with K=83 up to limit 1600
[2025-12-12 07:21:43] [generate_cnf] Generating formula pdtvisvsa16a27 with K=84
[2025-12-12 07:21:44] [run_formula] Running formula pdtvisvsa16a27 with K=84 up to limit 1600
[2025-12-12 07:21:44] [generate_cnf] Generating formula pdtvisvsa16a27 with K=85
[2025-12-12 07:21:46] [run_formula] Running formula pdtvisvsa16a27 with K=85 up to limit 1600
[2025-12-12 07:21:48] [generate_cnf] Generating formula pdtvisvsa16a27 with K=86
[2025-12-12 07:21:49] [run_formula] Running formula pdtvisvsa16a27 with K=86 up to limit 1600
[2025-12-12 07:21:50] [generate_cnf] Generating formula pdtvisvsa16a27 with K=87
[2025-12-12 07:21:51] [run_formula] Running formula pdtvisvsa16a27 with K=87 up to limit 1600
[2025-12-12 07:21:52] [generate_cnf] Generating formula pdtvisvsa16a27 with K=88
[2025-12-12 07:21:53] [run_formula] Running formula pdtvisvsa16a27 with K=88 up to limit 1600
[2025-12-12 07:21:53] [generate_cnf] Generating formula pdtvisvsa16a27 with K=89
[2025-12-12 07:21:55] [run_formula] Running formula pdtvisvsa16a27 with K=89 up to limit 1600
[2025-12-12 07:21:55] [generate_cnf] Generating formula pdtvisvsa16a27 with K=90
[2025-12-12 07:21:56] [run_formula] Running formula pdtvisvsa16a27 with K=90 up to limit 1600
[2025-12-12 07:21:58] [generate_cnf] Generating formula pdtvisvsa16a27 with K=91
[2025-12-12 07:22:00] [run_formula] Running formula pdtvisvsa16a27 with K=91 up to limit 1600
[2025-12-12 07:22:00] [generate_cnf] Generating formula pdtvisvsa16a27 with K=92
[2025-12-12 07:22:01] [run_formula] Running formula pdtvisvsa16a27 with K=92 up to limit 1600
[2025-12-12 07:22:02] [generate_cnf] Generating formula pdtvisvsa16a27 with K=93
[2025-12-12 07:22:03] [run_formula] Running formula pdtvisvsa16a27 with K=93 up to limit 1600
[2025-12-12 07:22:04] [generate_cnf] Generating formula pdtvisvsa16a27 with K=94
[2025-12-12 07:22:05] [run_formula] Running formula pdtvisvsa16a27 with K=94 up to limit 1600
[2025-12-12 07:22:05] [generate_cnf] Generating formula pdtvisvsa16a27 with K=95
[2025-12-12 07:22:07] [run_formula] Running formula pdtvisvsa16a27 with K=95 up to limit 1600
[2025-12-12 07:22:10] [generate_cnf] Generating formula pdtvisvsa16a27 with K=96
[2025-12-12 07:22:11] [run_formula] Running formula pdtvisvsa16a27 with K=96 up to limit 1600
[2025-12-12 07:22:12] [generate_cnf] Generating formula pdtvisvsa16a27 with K=97
[2025-12-12 07:22:13] [run_formula] Running formula pdtvisvsa16a27 with K=97 up to limit 1600
[2025-12-12 07:22:14] [generate_cnf] Generating formula pdtvisvsa16a27 with K=98
[2025-12-12 07:22:15] [run_formula] Running formula pdtvisvsa16a27 with K=98 up to limit 1600
[2025-12-12 07:22:16] [generate_cnf] Generating formula pdtvisvsa16a27 with K=99
[2025-12-12 07:22:17] [run_formula] Running formula pdtvisvsa16a27 with K=99 up to limit 1600
[2025-12-12 07:22:18] [generate_cnf] Generating formula pdtvisvsa16a27 with K=100
[2025-12-12 07:22:19] [run_formula] Running formula pdtvisvsa16a27 with K=100 up to limit 1600
[2025-12-12 07:22:23] [generate_cnf] Generating formula pdtvisvsa16a27 with K=101
[2025-12-12 07:22:24] [run_formula] Running formula pdtvisvsa16a27 with K=101 up to limit 1600
[2025-12-12 07:22:25] [generate_cnf] Generating formula pdtvisvsa16a27 with K=102
[2025-12-12 07:22:26] [run_formula] Running formula pdtvisvsa16a27 with K=102 up to limit 1600
[2025-12-12 07:22:27] [generate_cnf] Generating formula pdtvisvsa16a27 with K=103
[2025-12-12 07:22:28] [run_formula] Running formula pdtvisvsa16a27 with K=103 up to limit 1600
[2025-12-12 07:22:29] [generate_cnf] Generating formula pdtvisvsa16a27 with K=104
[2025-12-12 07:22:31] [run_formula] Running formula pdtvisvsa16a27 with K=104 up to limit 1600
[2025-12-12 07:22:31] [generate_cnf] Generating formula pdtvisvsa16a27 with K=105
[2025-12-12 07:22:33] [run_formula] Running formula pdtvisvsa16a27 with K=105 up to limit 1600
[2025-12-12 07:22:36] [generate_cnf] Generating formula pdtvisvsa16a27 with K=106
[2025-12-12 07:22:38] [run_formula] Running formula pdtvisvsa16a27 with K=106 up to limit 1600
[2025-12-12 07:22:38] [generate_cnf] Generating formula pdtvisvsa16a27 with K=107
[2025-12-12 07:22:40] [run_formula] Running formula pdtvisvsa16a27 with K=107 up to limit 1600
[2025-12-12 07:22:40] [generate_cnf] Generating formula pdtvisvsa16a27 with K=108
[2025-12-12 07:22:42] [run_formula] Running formula pdtvisvsa16a27 with K=108 up to limit 1600
[2025-12-12 07:22:43] [generate_cnf] Generating formula pdtvisvsa16a27 with K=109
[2025-12-12 07:22:44] [run_formula] Running formula pdtvisvsa16a27 with K=109 up to limit 1600
[2025-12-12 07:22:45] [generate_cnf] Generating formula pdtvisvsa16a27 with K=110
[2025-12-12 07:22:47] [run_formula] Running formula pdtvisvsa16a27 with K=110 up to limit 1600
[2025-12-12 07:22:50] [generate_cnf] Generating formula pdtvisvsa16a27 with K=111
[2025-12-12 07:22:52] [run_formula] Running formula pdtvisvsa16a27 with K=111 up to limit 1600
[2025-12-12 07:22:52] [generate_cnf] Generating formula pdtvisvsa16a27 with K=112
[2025-12-12 07:22:54] [run_formula] Running formula pdtvisvsa16a27 with K=112 up to limit 1600
[2025-12-12 07:22:55] [generate_cnf] Generating formula pdtvisvsa16a27 with K=113
[2025-12-12 07:22:56] [run_formula] Running formula pdtvisvsa16a27 with K=113 up to limit 1600
[2025-12-12 07:22:57] [generate_cnf] Generating formula pdtvisvsa16a27 with K=114
[2025-12-12 07:22:59] [run_formula] Running formula pdtvisvsa16a27 with K=114 up to limit 1600
[2025-12-12 07:22:59] [generate_cnf] Generating formula pdtvisvsa16a27 with K=115
[2025-12-12 07:23:01] [run_formula] Running formula pdtvisvsa16a27 with K=115 up to limit 1600
[2025-12-12 07:23:05] [generate_cnf] Generating formula pdtvisvsa16a27 with K=116
[2025-12-12 07:23:06] [run_formula] Running formula pdtvisvsa16a27 with K=116 up to limit 1600
[2025-12-12 07:23:07] [generate_cnf] Generating formula pdtvisvsa16a27 with K=117
[2025-12-12 07:23:09] [run_formula] Running formula pdtvisvsa16a27 with K=117 up to limit 1600
[2025-12-12 07:23:09] [generate_cnf] Generating formula pdtvisvsa16a27 with K=118
[2025-12-12 07:23:11] [run_formula] Running formula pdtvisvsa16a27 with K=118 up to limit 1600
[2025-12-12 07:23:12] [generate_cnf] Generating formula pdtvisvsa16a27 with K=119
[2025-12-12 07:23:14] [run_formula] Running formula pdtvisvsa16a27 with K=119 up to limit 1600
[2025-12-12 07:23:14] [generate_cnf] Generating formula pdtvisvsa16a27 with K=120
[2025-12-12 07:23:16] [run_formula] Running formula pdtvisvsa16a27 with K=120 up to limit 1600
[2025-12-12 07:23:20] [generate_cnf] Generating formula pdtvisvsa16a27 with K=121
[2025-12-12 07:23:21] [run_formula] Running formula pdtvisvsa16a27 with K=121 up to limit 1600
[2025-12-12 07:23:22] [generate_cnf] Generating formula pdtvisvsa16a27 with K=122
[2025-12-12 07:23:24] [run_formula] Running formula pdtvisvsa16a27 with K=122 up to limit 1600
[2025-12-12 07:23:24] [generate_cnf] Generating formula pdtvisvsa16a27 with K=123
[2025-12-12 07:23:26] [run_formula] Running formula pdtvisvsa16a27 with K=123 up to limit 1600
[2025-12-12 07:23:26] [generate_cnf] Generating formula pdtvisvsa16a27 with K=124
[2025-12-12 07:23:28] [run_formula] Running formula pdtvisvsa16a27 with K=124 up to limit 1600
[2025-12-12 07:23:29] [generate_cnf] Generating formula pdtvisvsa16a27 with K=125
[2025-12-12 07:23:30] [run_formula] Running formula pdtvisvsa16a27 with K=125 up to limit 1600
[2025-12-12 07:23:34] [generate_cnf] Generating formula pdtvisvsa16a27 with K=126
[2025-12-12 07:23:35] [run_formula] Running formula pdtvisvsa16a27 with K=126 up to limit 1600
[2025-12-12 07:23:36] [generate_cnf] Generating formula pdtvisvsa16a27 with K=127
[2025-12-12 07:23:38] [run_formula] Running formula pdtvisvsa16a27 with K=127 up to limit 1600
[2025-12-12 07:23:38] [generate_cnf] Generating formula pdtvisvsa16a27 with K=128
[2025-12-12 07:23:40] [run_formula] Running formula pdtvisvsa16a27 with K=128 up to limit 1600
[2025-12-12 07:23:41] [generate_cnf] Generating formula pdtvisvsa16a27 with K=129
[2025-12-12 07:23:43] [run_formula] Running formula pdtvisvsa16a27 with K=129 up to limit 1600
[2025-12-12 07:23:43] [generate_cnf] Generating formula pdtvisvsa16a27 with K=130
[2025-12-12 07:23:46] [run_formula] Running formula pdtvisvsa16a27 with K=130 up to limit 1600
[2025-12-12 07:23:49] [generate_cnf] Generating formula pdtvisvsa16a27 with K=131
[2025-12-12 07:23:51] [run_formula] Running formula pdtvisvsa16a27 with K=131 up to limit 1600
[2025-12-12 07:23:52] [generate_cnf] Generating formula pdtvisvsa16a27 with K=132
[2025-12-12 07:23:54] [run_formula] Running formula pdtvisvsa16a27 with K=132 up to limit 1600
[2025-12-12 07:23:55] [generate_cnf] Generating formula pdtvisvsa16a27 with K=133
[2025-12-12 07:23:57] [run_formula] Running formula pdtvisvsa16a27 with K=133 up to limit 1600
[2025-12-12 07:23:57] [generate_cnf] Generating formula pdtvisvsa16a27 with K=134
[2025-12-12 07:23:59] [run_formula] Running formula pdtvisvsa16a27 with K=134 up to limit 1600
[2025-12-12 07:24:00] [generate_cnf] Generating formula pdtvisvsa16a27 with K=135
[2025-12-12 07:24:02] [run_formula] Running formula pdtvisvsa16a27 with K=135 up to limit 1600
[2025-12-12 07:24:06] [generate_cnf] Generating formula pdtvisvsa16a27 with K=136
[2025-12-12 07:24:09] [run_formula] Running formula pdtvisvsa16a27 with K=136 up to limit 1600
[2025-12-12 07:24:09] [generate_cnf] Generating formula pdtvisvsa16a27 with K=137
[2025-12-12 07:24:11] [run_formula] Running formula pdtvisvsa16a27 with K=137 up to limit 1600
[2025-12-12 07:24:12] [generate_cnf] Generating formula pdtvisvsa16a27 with K=138
[2025-12-12 07:24:14] [run_formula] Running formula pdtvisvsa16a27 with K=138 up to limit 1600
[2025-12-12 07:24:15] [generate_cnf] Generating formula pdtvisvsa16a27 with K=139
[2025-12-12 07:24:17] [run_formula] Running formula pdtvisvsa16a27 with K=139 up to limit 1600
[2025-12-12 07:24:18] [generate_cnf] Generating formula pdtvisvsa16a27 with K=140
[2025-12-12 07:24:20] [run_formula] Running formula pdtvisvsa16a27 with K=140 up to limit 1600
[2025-12-12 07:24:24] [generate_cnf] Generating formula pdtvisvsa16a27 with K=141
[2025-12-12 07:24:26] [run_formula] Running formula pdtvisvsa16a27 with K=141 up to limit 1600
[2025-12-12 07:24:27] [generate_cnf] Generating formula pdtvisvsa16a27 with K=142
[2025-12-12 07:24:29] [run_formula] Running formula pdtvisvsa16a27 with K=142 up to limit 1600
[2025-12-12 07:24:30] [generate_cnf] Generating formula pdtvisvsa16a27 with K=143
[2025-12-12 07:24:32] [run_formula] Running formula pdtvisvsa16a27 with K=143 up to limit 1600
[2025-12-12 07:24:33] [generate_cnf] Generating formula pdtvisvsa16a27 with K=144
[2025-12-12 07:24:35] [run_formula] Running formula pdtvisvsa16a27 with K=144 up to limit 1600
[2025-12-12 07:24:36] [generate_cnf] Generating formula pdtvisvsa16a27 with K=145
[2025-12-12 07:24:38] [run_formula] Running formula pdtvisvsa16a27 with K=145 up to limit 1600
[2025-12-12 07:24:42] [generate_cnf] Generating formula pdtvisvsa16a27 with K=146
[2025-12-12 07:24:45] [run_formula] Running formula pdtvisvsa16a27 with K=146 up to limit 1600
[2025-12-12 07:24:45] [generate_cnf] Generating formula pdtvisvsa16a27 with K=147
[2025-12-12 07:24:48] [run_formula] Running formula pdtvisvsa16a27 with K=147 up to limit 1600
[2025-12-12 07:24:48] [generate_cnf] Generating formula pdtvisvsa16a27 with K=148
[2025-12-12 07:24:51] [run_formula] Running formula pdtvisvsa16a27 with K=148 up to limit 1600
[2025-12-12 07:24:51] [generate_cnf] Generating formula pdtvisvsa16a27 with K=149
[2025-12-12 07:24:53] [run_formula] Running formula pdtvisvsa16a27 with K=149 up to limit 1600
[2025-12-12 07:24:54] [generate_cnf] Generating formula pdtvisvsa16a27 with K=150
[2025-12-12 07:24:56] [run_formula] Running formula pdtvisvsa16a27 with K=150 up to limit 1600
[2025-12-12 07:25:00] [generate_cnf] Generating formula pdtvisvsa16a27 with K=151
[2025-12-12 07:25:02] [run_formula] Running formula pdtvisvsa16a27 with K=151 up to limit 1600
[2025-12-12 07:25:03] [generate_cnf] Generating formula pdtvisvsa16a27 with K=152
[2025-12-12 07:25:05] [run_formula] Running formula pdtvisvsa16a27 with K=152 up to limit 1600
[2025-12-12 07:25:06] [generate_cnf] Generating formula pdtvisvsa16a27 with K=153
[2025-12-12 07:25:08] [run_formula] Running formula pdtvisvsa16a27 with K=153 up to limit 1600
[2025-12-12 07:25:09] [generate_cnf] Generating formula pdtvisvsa16a27 with K=154
[2025-12-12 07:25:11] [run_formula] Running formula pdtvisvsa16a27 with K=154 up to limit 1600
[2025-12-12 07:25:12] [generate_cnf] Generating formula pdtvisvsa16a27 with K=155
[2025-12-12 07:25:14] [run_formula] Running formula pdtvisvsa16a27 with K=155 up to limit 1600
[2025-12-12 07:25:18] [generate_cnf] Generating formula pdtvisvsa16a27 with K=156
[2025-12-12 07:25:21] [run_formula] Running formula pdtvisvsa16a27 with K=156 up to limit 1600
[2025-12-12 07:25:21] [generate_cnf] Generating formula pdtvisvsa16a27 with K=157
[2025-12-12 07:25:24] [run_formula] Running formula pdtvisvsa16a27 with K=157 up to limit 1600
[2025-12-12 07:25:25] [generate_cnf] Generating formula pdtvisvsa16a27 with K=158
[2025-12-12 07:25:27] [run_formula] Running formula pdtvisvsa16a27 with K=158 up to limit 1600
[2025-12-12 07:25:28] [generate_cnf] Generating formula pdtvisvsa16a27 with K=159
[2025-12-12 07:25:30] [run_formula] Running formula pdtvisvsa16a27 with K=159 up to limit 1600
[2025-12-12 07:25:31] [generate_cnf] Generating formula pdtvisvsa16a27 with K=160
[2025-12-12 07:25:33] [run_formula] Running formula pdtvisvsa16a27 with K=160 up to limit 1600
[2025-12-12 07:25:38] [generate_cnf] Generating formula pdtvisvsa16a27 with K=161
[2025-12-12 07:25:41] [run_formula] Running formula pdtvisvsa16a27 with K=161 up to limit 1600
[2025-12-12 07:25:41] [generate_cnf] Generating formula pdtvisvsa16a27 with K=162
[2025-12-12 07:25:44] [run_formula] Running formula pdtvisvsa16a27 with K=162 up to limit 1600
[2025-12-12 07:25:45] [generate_cnf] Generating formula pdtvisvsa16a27 with K=163
[2025-12-12 07:25:47] [run_formula] Running formula pdtvisvsa16a27 with K=163 up to limit 1600
[2025-12-12 07:25:48] [generate_cnf] Generating formula pdtvisvsa16a27 with K=164
[2025-12-12 07:25:51] [run_formula] Running formula pdtvisvsa16a27 with K=164 up to limit 1600
[2025-12-12 07:25:52] [generate_cnf] Generating formula pdtvisvsa16a27 with K=165
[2025-12-12 07:25:54] [run_formula] Running formula pdtvisvsa16a27 with K=165 up to limit 1600
[2025-12-12 07:25:59] [generate_cnf] Generating formula pdtvisvsa16a27 with K=166
[2025-12-12 07:26:01] [run_formula] Running formula pdtvisvsa16a27 with K=166 up to limit 1600
[2025-12-12 07:26:02] [generate_cnf] Generating formula pdtvisvsa16a27 with K=167
[2025-12-12 07:26:05] [run_formula] Running formula pdtvisvsa16a27 with K=167 up to limit 1600
[2025-12-12 07:26:06] [generate_cnf] Generating formula pdtvisvsa16a27 with K=168
[2025-12-12 07:26:08] [run_formula] Running formula pdtvisvsa16a27 with K=168 up to limit 1600
[2025-12-12 07:26:09] [generate_cnf] Generating formula pdtvisvsa16a27 with K=169
[2025-12-12 07:26:12] [run_formula] Running formula pdtvisvsa16a27 with K=169 up to limit 1600
[2025-12-12 07:26:13] [generate_cnf] Generating formula pdtvisvsa16a27 with K=170
[2025-12-12 07:26:15] [run_formula] Running formula pdtvisvsa16a27 with K=170 up to limit 1600
[2025-12-12 07:26:25] [generate_cnf] Generating formula pdtvisvsa16a27 with K=171
[2025-12-12 07:26:28] [run_formula] Running formula pdtvisvsa16a27 with K=171 up to limit 1600
[2025-12-12 07:26:29] [generate_cnf] Generating formula pdtvisvsa16a27 with K=172
[2025-12-12 07:26:31] [run_formula] Running formula pdtvisvsa16a27 with K=172 up to limit 1600
[2025-12-12 07:26:32] [generate_cnf] Generating formula pdtvisvsa16a27 with K=173
[2025-12-12 07:26:35] [run_formula] Running formula pdtvisvsa16a27 with K=173 up to limit 1600
[2025-12-12 07:26:35] [generate_cnf] Generating formula pdtvisvsa16a27 with K=174
[2025-12-12 07:26:38] [run_formula] Running formula pdtvisvsa16a27 with K=174 up to limit 1600
[2025-12-12 07:26:39] [generate_cnf] Generating formula pdtvisvsa16a27 with K=175
[2025-12-12 07:26:42] [run_formula] Running formula pdtvisvsa16a27 with K=175 up to limit 1600
[2025-12-12 07:26:58] [generate_cnf] Generating formula pdtvisvsa16a27 with K=176
[2025-12-12 07:27:01] [run_formula] Running formula pdtvisvsa16a27 with K=176 up to limit 1600
[2025-12-12 07:27:02] [generate_cnf] Generating formula pdtvisvsa16a27 with K=177
[2025-12-12 07:27:05] [run_formula] Running formula pdtvisvsa16a27 with K=177 up to limit 1600
[2025-12-12 07:27:06] [generate_cnf] Generating formula pdtvisvsa16a27 with K=178
[2025-12-12 07:27:08] [run_formula] Running formula pdtvisvsa16a27 with K=178 up to limit 1600
[2025-12-12 07:27:09] [generate_cnf] Generating formula pdtvisvsa16a27 with K=179
[2025-12-12 07:27:12] [run_formula] Running formula pdtvisvsa16a27 with K=179 up to limit 1600
[2025-12-12 07:27:13] [generate_cnf] Generating formula pdtvisvsa16a27 with K=180
[2025-12-12 07:27:16] [run_formula] Running formula pdtvisvsa16a27 with K=180 up to limit 1600
[2025-12-12 07:27:33] [generate_cnf] Generating formula pdtvisvsa16a27 with K=181
[2025-12-12 07:27:36] [run_formula] Running formula pdtvisvsa16a27 with K=181 up to limit 1600
[2025-12-12 07:27:36] [generate_cnf] Generating formula pdtvisvsa16a27 with K=182
[2025-12-12 07:27:39] [run_formula] Running formula pdtvisvsa16a27 with K=182 up to limit 1600
[2025-12-12 07:27:40] [generate_cnf] Generating formula pdtvisvsa16a27 with K=183
[2025-12-12 07:27:43] [run_formula] Running formula pdtvisvsa16a27 with K=183 up to limit 1600
[2025-12-12 07:27:44] [generate_cnf] Generating formula pdtvisvsa16a27 with K=184
[2025-12-12 07:27:47] [run_formula] Running formula pdtvisvsa16a27 with K=184 up to limit 1600
[2025-12-12 07:27:47] [generate_cnf] Generating formula pdtvisvsa16a27 with K=185
[2025-12-12 07:27:50] [run_formula] Running formula pdtvisvsa16a27 with K=185 up to limit 1600
[2025-12-12 07:27:55] [generate_cnf] Generating formula pdtvisvsa16a27 with K=186
[2025-12-12 07:27:58] [run_formula] Running formula pdtvisvsa16a27 with K=186 up to limit 1600
[2025-12-12 07:27:58] [generate_cnf] Generating formula pdtvisvsa16a27 with K=187
[2025-12-12 07:28:01] [run_formula] Running formula pdtvisvsa16a27 with K=187 up to limit 1600
[2025-12-12 07:28:02] [generate_cnf] Generating formula pdtvisvsa16a27 with K=188
[2025-12-12 07:28:05] [run_formula] Running formula pdtvisvsa16a27 with K=188 up to limit 1600
[2025-12-12 07:28:05] [generate_cnf] Generating formula pdtvisvsa16a27 with K=189
[2025-12-12 07:28:08] [run_formula] Running formula pdtvisvsa16a27 with K=189 up to limit 1600
[2025-12-12 07:28:09] [generate_cnf] Generating formula pdtvisvsa16a27 with K=190
[2025-12-12 07:28:12] [run_formula] Running formula pdtvisvsa16a27 with K=190 up to limit 1600
[2025-12-12 07:28:31] [generate_cnf] Generating formula pdtvisvsa16a27 with K=191
[2025-12-12 07:28:34] [run_formula] Running formula pdtvisvsa16a27 with K=191 up to limit 1600
[2025-12-12 07:28:35] [generate_cnf] Generating formula pdtvisvsa16a27 with K=192
[2025-12-12 07:28:38] [run_formula] Running formula pdtvisvsa16a27 with K=192 up to limit 1600
[2025-12-12 07:28:39] [generate_cnf] Generating formula pdtvisvsa16a27 with K=193
[2025-12-12 07:28:42] [run_formula] Running formula pdtvisvsa16a27 with K=193 up to limit 1600
[2025-12-12 07:28:43] [generate_cnf] Generating formula pdtvisvsa16a27 with K=194
[2025-12-12 07:28:46] [run_formula] Running formula pdtvisvsa16a27 with K=194 up to limit 1600
[2025-12-12 07:28:47] [generate_cnf] Generating formula pdtvisvsa16a27 with K=195
[2025-12-12 07:28:50] [run_formula] Running formula pdtvisvsa16a27 with K=195 up to limit 1600
[2025-12-12 07:29:01] [generate_cnf] Generating formula pdtvisvsa16a27 with K=196
[2025-12-12 07:29:05] [run_formula] Running formula pdtvisvsa16a27 with K=196 up to limit 1600
[2025-12-12 07:29:05] [generate_cnf] Generating formula pdtvisvsa16a27 with K=197
[2025-12-12 07:29:08] [run_formula] Running formula pdtvisvsa16a27 with K=197 up to limit 1600
[2025-12-12 07:29:09] [generate_cnf] Generating formula pdtvisvsa16a27 with K=198
[2025-12-12 07:29:12] [run_formula] Running formula pdtvisvsa16a27 with K=198 up to limit 1600
[2025-12-12 07:29:13] [generate_cnf] Generating formula pdtvisvsa16a27 with K=199
[2025-12-12 07:29:16] [run_formula] Running formula pdtvisvsa16a27 with K=199 up to limit 1600
[2025-12-12 07:29:17] [generate_cnf] Generating formula pdtvisvsa16a27 with K=200
[2025-12-12 07:29:20] [run_formula] Running formula pdtvisvsa16a27 with K=200 up to limit 1600
[2025-12-12 07:29:38] [generate_cnf] Generating formula pdtvisvsa16a27 with K=201
[2025-12-12 07:29:41] [run_formula] Running formula pdtvisvsa16a27 with K=201 up to limit 1600
[2025-12-12 07:29:42] [generate_cnf] Generating formula pdtvisvsa16a27 with K=202
[2025-12-12 07:29:46] [run_formula] Running formula pdtvisvsa16a27 with K=202 up to limit 1600
[2025-12-12 07:29:47] [generate_cnf] Generating formula pdtvisvsa16a27 with K=203
[2025-12-12 07:29:50] [run_formula] Running formula pdtvisvsa16a27 with K=203 up to limit 1600
[2025-12-12 07:29:51] [generate_cnf] Generating formula pdtvisvsa16a27 with K=204
[2025-12-12 07:29:54] [run_formula] Running formula pdtvisvsa16a27 with K=204 up to limit 1600
[2025-12-12 07:29:55] [generate_cnf] Generating formula pdtvisvsa16a27 with K=205
[2025-12-12 07:29:58] [run_formula] Running formula pdtvisvsa16a27 with K=205 up to limit 1600
[2025-12-12 07:30:17] [generate_cnf] Generating formula pdtvisvsa16a27 with K=206
[2025-12-12 07:30:21] [run_formula] Running formula pdtvisvsa16a27 with K=206 up to limit 1600
[2025-12-12 07:30:21] [generate_cnf] Generating formula pdtvisvsa16a27 with K=207
[2025-12-12 07:30:25] [run_formula] Running formula pdtvisvsa16a27 with K=207 up to limit 1600
[2025-12-12 07:30:26] [generate_cnf] Generating formula pdtvisvsa16a27 with K=208
[2025-12-12 07:30:29] [run_formula] Running formula pdtvisvsa16a27 with K=208 up to limit 1600
[2025-12-12 07:30:30] [generate_cnf] Generating formula pdtvisvsa16a27 with K=209
[2025-12-12 07:30:33] [run_formula] Running formula pdtvisvsa16a27 with K=209 up to limit 1600
[2025-12-12 07:30:34] [generate_cnf] Generating formula pdtvisvsa16a27 with K=210
[2025-12-12 07:30:38] [run_formula] Running formula pdtvisvsa16a27 with K=210 up to limit 1600
[2025-12-12 07:30:54] [generate_cnf] Generating formula pdtvisvsa16a27 with K=211
[2025-12-12 07:30:57] [run_formula] Running formula pdtvisvsa16a27 with K=211 up to limit 1600
[2025-12-12 07:30:58] [generate_cnf] Generating formula pdtvisvsa16a27 with K=212
[2025-12-12 07:31:01] [run_formula] Running formula pdtvisvsa16a27 with K=212 up to limit 1600
[2025-12-12 07:31:02] [generate_cnf] Generating formula pdtvisvsa16a27 with K=213
[2025-12-12 07:31:05] [run_formula] Running formula pdtvisvsa16a27 with K=213 up to limit 1600
[2025-12-12 07:31:06] [generate_cnf] Generating formula pdtvisvsa16a27 with K=214
[2025-12-12 07:31:10] [run_formula] Running formula pdtvisvsa16a27 with K=214 up to limit 1600
[2025-12-12 07:31:11] [generate_cnf] Generating formula pdtvisvsa16a27 with K=215
[2025-12-12 07:31:14] [run_formula] Running formula pdtvisvsa16a27 with K=215 up to limit 1600
[2025-12-12 07:31:33] [generate_cnf] Generating formula pdtvisvsa16a27 with K=216
[2025-12-12 07:31:37] [run_formula] Running formula pdtvisvsa16a27 with K=216 up to limit 1600
[2025-12-12 07:31:38] [generate_cnf] Generating formula pdtvisvsa16a27 with K=217
[2025-12-12 07:31:41] [run_formula] Running formula pdtvisvsa16a27 with K=217 up to limit 1600
[2025-12-12 07:31:42] [generate_cnf] Generating formula pdtvisvsa16a27 with K=218
[2025-12-12 07:31:46] [run_formula] Running formula pdtvisvsa16a27 with K=218 up to limit 1600
[2025-12-12 07:31:47] [generate_cnf] Generating formula pdtvisvsa16a27 with K=219
[2025-12-12 07:31:50] [run_formula] Running formula pdtvisvsa16a27 with K=219 up to limit 1600
[2025-12-12 07:31:51] [generate_cnf] Generating formula pdtvisvsa16a27 with K=220
[2025-12-12 07:31:55] [run_formula] Running formula pdtvisvsa16a27 with K=220 up to limit 1600
[2025-12-12 07:32:13] [generate_cnf] Generating formula pdtvisvsa16a27 with K=221
[2025-12-12 07:32:16] [run_formula] Running formula pdtvisvsa16a27 with K=221 up to limit 1600
[2025-12-12 07:32:17] [generate_cnf] Generating formula pdtvisvsa16a27 with K=222
[2025-12-12 07:32:20] [run_formula] Running formula pdtvisvsa16a27 with K=222 up to limit 1600
[2025-12-12 07:32:21] [generate_cnf] Generating formula pdtvisvsa16a27 with K=223
[2025-12-12 07:32:24] [run_formula] Running formula pdtvisvsa16a27 with K=223 up to limit 1600
[2025-12-12 07:32:25] [generate_cnf] Generating formula pdtvisvsa16a27 with K=224
[2025-12-12 07:32:28] [run_formula] Running formula pdtvisvsa16a27 with K=224 up to limit 1600
[2025-12-12 07:32:29] [generate_cnf] Generating formula pdtvisvsa16a27 with K=225
[2025-12-12 07:32:33] [run_formula] Running formula pdtvisvsa16a27 with K=225 up to limit 1600
[2025-12-12 07:32:52] [generate_cnf] Generating formula pdtvisvsa16a27 with K=226
[2025-12-12 07:32:56] [run_formula] Running formula pdtvisvsa16a27 with K=226 up to limit 1600
[2025-12-12 07:32:57] [generate_cnf] Generating formula pdtvisvsa16a27 with K=227
[2025-12-12 07:33:01] [run_formula] Running formula pdtvisvsa16a27 with K=227 up to limit 1600
[2025-12-12 07:33:02] [generate_cnf] Generating formula pdtvisvsa16a27 with K=228
[2025-12-12 07:33:05] [run_formula] Running formula pdtvisvsa16a27 with K=228 up to limit 1600
[2025-12-12 07:33:06] [generate_cnf] Generating formula pdtvisvsa16a27 with K=229
[2025-12-12 07:33:10] [run_formula] Running formula pdtvisvsa16a27 with K=229 up to limit 1600
[2025-12-12 07:33:11] [generate_cnf] Generating formula pdtvisvsa16a27 with K=230
[2025-12-12 07:33:15] [run_formula] Running formula pdtvisvsa16a27 with K=230 up to limit 1600
[2025-12-12 07:33:32] [generate_cnf] Generating formula pdtvisvsa16a27 with K=231
[2025-12-12 07:33:36] [run_formula] Running formula pdtvisvsa16a27 with K=231 up to limit 1600
[2025-12-12 07:33:37] [generate_cnf] Generating formula pdtvisvsa16a27 with K=232
[2025-12-12 07:33:40] [run_formula] Running formula pdtvisvsa16a27 with K=232 up to limit 1600
[2025-12-12 07:33:41] [generate_cnf] Generating formula pdtvisvsa16a27 with K=233
[2025-12-12 07:33:45] [run_formula] Running formula pdtvisvsa16a27 with K=233 up to limit 1600
[2025-12-12 07:33:46] [generate_cnf] Generating formula pdtvisvsa16a27 with K=234
[2025-12-12 07:33:49] [run_formula] Running formula pdtvisvsa16a27 with K=234 up to limit 1600
[2025-12-12 07:33:50] [generate_cnf] Generating formula pdtvisvsa16a27 with K=235
[2025-12-12 07:33:53] [run_formula] Running formula pdtvisvsa16a27 with K=235 up to limit 1600
[2025-12-12 07:34:16] [generate_cnf] Generating formula pdtvisvsa16a27 with K=236
[2025-12-12 07:34:20] [run_formula] Running formula pdtvisvsa16a27 with K=236 up to limit 1600
[2025-12-12 07:34:21] [generate_cnf] Generating formula pdtvisvsa16a27 with K=237
[2025-12-12 07:34:25] [run_formula] Running formula pdtvisvsa16a27 with K=237 up to limit 1600
[2025-12-12 07:34:26] [generate_cnf] Generating formula pdtvisvsa16a27 with K=238
[2025-12-12 07:34:30] [run_formula] Running formula pdtvisvsa16a27 with K=238 up to limit 1600
[2025-12-12 07:34:31] [generate_cnf] Generating formula pdtvisvsa16a27 with K=239
[2025-12-12 07:34:34] [run_formula] Running formula pdtvisvsa16a27 with K=239 up to limit 1600
[2025-12-12 07:34:36] [generate_cnf] Generating formula pdtvisvsa16a27 with K=240
[2025-12-12 07:34:39] [run_formula] Running formula pdtvisvsa16a27 with K=240 up to limit 1600
[2025-12-12 07:34:58] [generate_cnf] Generating formula pdtvisvsa16a27 with K=241
[2025-12-12 07:35:01] [run_formula] Running formula pdtvisvsa16a27 with K=241 up to limit 1600
[2025-12-12 07:35:02] [generate_cnf] Generating formula pdtvisvsa16a27 with K=242
[2025-12-12 07:35:06] [run_formula] Running formula pdtvisvsa16a27 with K=242 up to limit 1600
[2025-12-12 07:35:07] [generate_cnf] Generating formula pdtvisvsa16a27 with K=243
[2025-12-12 07:35:11] [run_formula] Running formula pdtvisvsa16a27 with K=243 up to limit 1600
[2025-12-12 07:35:12] [generate_cnf] Generating formula pdtvisvsa16a27 with K=244
[2025-12-12 07:35:15] [run_formula] Running formula pdtvisvsa16a27 with K=244 up to limit 1600
[2025-12-12 07:35:16] [generate_cnf] Generating formula pdtvisvsa16a27 with K=245
[2025-12-12 07:35:20] [run_formula] Running formula pdtvisvsa16a27 with K=245 up to limit 1600
[2025-12-12 07:35:39] [generate_cnf] Generating formula pdtvisvsa16a27 with K=246
[2025-12-12 07:35:43] [run_formula] Running formula pdtvisvsa16a27 with K=246 up to limit 1600
[2025-12-12 07:35:44] [generate_cnf] Generating formula pdtvisvsa16a27 with K=247
[2025-12-12 07:35:48] [run_formula] Running formula pdtvisvsa16a27 with K=247 up to limit 1600
[2025-12-12 07:35:49] [generate_cnf] Generating formula pdtvisvsa16a27 with K=248
[2025-12-12 07:35:53] [run_formula] Running formula pdtvisvsa16a27 with K=248 up to limit 1600
[2025-12-12 07:35:54] [generate_cnf] Generating formula pdtvisvsa16a27 with K=249
[2025-12-12 07:35:58] [run_formula] Running formula pdtvisvsa16a27 with K=249 up to limit 1600
[2025-12-12 07:35:59] [generate_cnf] Generating formula pdtvisvsa16a27 with K=250
[2025-12-12 07:36:03] [run_formula] Running formula pdtvisvsa16a27 with K=250 up to limit 1600
[2025-12-12 07:36:21] [generate_cnf] Generating formula pdtvisvsa16a27 with K=251
[2025-12-12 07:36:25] [run_formula] Running formula pdtvisvsa16a27 with K=251 up to limit 1600
[2025-12-12 07:36:26] [generate_cnf] Generating formula pdtvisvsa16a27 with K=252
[2025-12-12 07:36:30] [run_formula] Running formula pdtvisvsa16a27 with K=252 up to limit 1600
[2025-12-12 07:36:31] [generate_cnf] Generating formula pdtvisvsa16a27 with K=253
[2025-12-12 07:36:35] [run_formula] Running formula pdtvisvsa16a27 with K=253 up to limit 1600
[2025-12-12 07:36:36] [generate_cnf] Generating formula pdtvisvsa16a27 with K=254
[2025-12-12 07:36:39] [run_formula] Running formula pdtvisvsa16a27 with K=254 up to limit 1600
[2025-12-12 07:36:40] [generate_cnf] Generating formula pdtvisvsa16a27 with K=255
[2025-12-12 07:36:44] [run_formula] Running formula pdtvisvsa16a27 with K=255 up to limit 1600
[2025-12-12 07:37:03] [generate_cnf] Generating formula pdtvisvsa16a27 with K=256
[2025-12-12 07:37:07] [run_formula] Running formula pdtvisvsa16a27 with K=256 up to limit 1600
[2025-12-12 07:37:08] [generate_cnf] Generating formula pdtvisvsa16a27 with K=257
[2025-12-12 07:37:12] [run_formula] Running formula pdtvisvsa16a27 with K=257 up to limit 1600
[2025-12-12 07:37:13] [generate_cnf] Generating formula pdtvisvsa16a27 with K=258
[2025-12-12 07:37:17] [run_formula] Running formula pdtvisvsa16a27 with K=258 up to limit 1600
[2025-12-12 07:37:18] [generate_cnf] Generating formula pdtvisvsa16a27 with K=259
[2025-12-12 07:37:22] [run_formula] Running formula pdtvisvsa16a27 with K=259 up to limit 1600
[2025-12-12 07:37:24] [generate_cnf] Generating formula pdtvisvsa16a27 with K=260
[2025-12-12 07:37:28] [run_formula] Running formula pdtvisvsa16a27 with K=260 up to limit 1600
[2025-12-12 07:37:46] [generate_cnf] Generating formula pdtvisvsa16a27 with K=261
[2025-12-12 07:37:50] [run_formula] Running formula pdtvisvsa16a27 with K=261 up to limit 1600
[2025-12-12 07:37:51] [generate_cnf] Generating formula pdtvisvsa16a27 with K=262
[2025-12-12 07:37:55] [run_formula] Running formula pdtvisvsa16a27 with K=262 up to limit 1600
[2025-12-12 07:37:57] [generate_cnf] Generating formula pdtvisvsa16a27 with K=263
[2025-12-12 07:38:01] [run_formula] Running formula pdtvisvsa16a27 with K=263 up to limit 1600
[2025-12-12 07:38:02] [generate_cnf] Generating formula pdtvisvsa16a27 with K=264
[2025-12-12 07:38:06] [run_formula] Running formula pdtvisvsa16a27 with K=264 up to limit 1600
[2025-12-12 07:38:07] [generate_cnf] Generating formula pdtvisvsa16a27 with K=265
[2025-12-12 07:38:11] [run_formula] Running formula pdtvisvsa16a27 with K=265 up to limit 1600
[2025-12-12 07:38:30] [generate_cnf] Generating formula pdtvisvsa16a27 with K=266
[2025-12-12 07:38:34] [run_formula] Running formula pdtvisvsa16a27 with K=266 up to limit 1600
[2025-12-12 07:38:35] [generate_cnf] Generating formula pdtvisvsa16a27 with K=267
[2025-12-12 07:38:40] [run_formula] Running formula pdtvisvsa16a27 with K=267 up to limit 1600
[2025-12-12 07:38:41] [generate_cnf] Generating formula pdtvisvsa16a27 with K=268
[2025-12-12 07:38:45] [run_formula] Running formula pdtvisvsa16a27 with K=268 up to limit 1600
[2025-12-12 07:38:46] [generate_cnf] Generating formula pdtvisvsa16a27 with K=269
[2025-12-12 07:38:51] [run_formula] Running formula pdtvisvsa16a27 with K=269 up to limit 1600
[2025-12-12 07:38:52] [generate_cnf] Generating formula pdtvisvsa16a27 with K=270
[2025-12-12 07:38:56] [run_formula] Running formula pdtvisvsa16a27 with K=270 up to limit 1600
[2025-12-12 07:39:19] [generate_cnf] Generating formula pdtvisvsa16a27 with K=271
[2025-12-12 07:39:23] [run_formula] Running formula pdtvisvsa16a27 with K=271 up to limit 1600
[2025-12-12 07:39:25] [generate_cnf] Generating formula pdtvisvsa16a27 with K=272
[2025-12-12 07:39:29] [run_formula] Running formula pdtvisvsa16a27 with K=272 up to limit 1600
[2025-12-12 07:39:30] [generate_cnf] Generating formula pdtvisvsa16a27 with K=273
[2025-12-12 07:39:34] [run_formula] Running formula pdtvisvsa16a27 with K=273 up to limit 1600
[2025-12-12 07:39:35] [generate_cnf] Generating formula pdtvisvsa16a27 with K=274
[2025-12-12 07:39:39] [run_formula] Running formula pdtvisvsa16a27 with K=274 up to limit 1600
[2025-12-12 07:39:40] [generate_cnf] Generating formula pdtvisvsa16a27 with K=275
[2025-12-12 07:39:44] [run_formula] Running formula pdtvisvsa16a27 with K=275 up to limit 1600
[2025-12-12 07:40:06] [generate_cnf] Generating formula pdtvisvsa16a27 with K=276
[2025-12-12 07:40:10] [run_formula] Running formula pdtvisvsa16a27 with K=276 up to limit 1600
[2025-12-12 07:40:12] [generate_cnf] Generating formula pdtvisvsa16a27 with K=277
[2025-12-12 07:40:16] [run_formula] Running formula pdtvisvsa16a27 with K=277 up to limit 1600
[2025-12-12 07:40:18] [generate_cnf] Generating formula pdtvisvsa16a27 with K=278
[2025-12-12 07:40:22] [run_formula] Running formula pdtvisvsa16a27 with K=278 up to limit 1600
[2025-12-12 07:40:23] [generate_cnf] Generating formula pdtvisvsa16a27 with K=279
[2025-12-12 07:40:28] [run_formula] Running formula pdtvisvsa16a27 with K=279 up to limit 1600
[2025-12-12 07:40:29] [generate_cnf] Generating formula pdtvisvsa16a27 with K=280
[2025-12-12 07:40:34] [run_formula] Running formula pdtvisvsa16a27 with K=280 up to limit 1600
[2025-12-12 07:40:54] [generate_cnf] Generating formula pdtvisvsa16a27 with K=281
[2025-12-12 07:40:58] [run_formula] Running formula pdtvisvsa16a27 with K=281 up to limit 1600
[2025-12-12 07:40:59] [generate_cnf] Generating formula pdtvisvsa16a27 with K=282
[2025-12-12 07:41:03] [run_formula] Running formula pdtvisvsa16a27 with K=282 up to limit 1600
[2025-12-12 07:41:04] [generate_cnf] Generating formula pdtvisvsa16a27 with K=283
[2025-12-12 07:41:09] [run_formula] Running formula pdtvisvsa16a27 with K=283 up to limit 1600
[2025-12-12 07:41:10] [generate_cnf] Generating formula pdtvisvsa16a27 with K=284
[2025-12-12 07:41:14] [run_formula] Running formula pdtvisvsa16a27 with K=284 up to limit 1600
[2025-12-12 07:41:16] [generate_cnf] Generating formula pdtvisvsa16a27 with K=285
[2025-12-12 07:41:20] [run_formula] Running formula pdtvisvsa16a27 with K=285 up to limit 1600
[2025-12-12 07:41:43] [generate_cnf] Generating formula pdtvisvsa16a27 with K=286
[2025-12-12 07:41:48] [run_formula] Running formula pdtvisvsa16a27 with K=286 up to limit 1600
[2025-12-12 07:41:49] [generate_cnf] Generating formula pdtvisvsa16a27 with K=287
[2025-12-12 07:41:54] [run_formula] Running formula pdtvisvsa16a27 with K=287 up to limit 1600
[2025-12-12 07:41:55] [generate_cnf] Generating formula pdtvisvsa16a27 with K=288
[2025-12-12 07:42:00] [run_formula] Running formula pdtvisvsa16a27 with K=288 up to limit 1600
[2025-12-12 07:42:01] [generate_cnf] Generating formula pdtvisvsa16a27 with K=289
[2025-12-12 07:42:06] [run_formula] Running formula pdtvisvsa16a27 with K=289 up to limit 1600
[2025-12-12 07:42:07] [generate_cnf] Generating formula pdtvisvsa16a27 with K=290
[2025-12-12 07:42:12] [run_formula] Running formula pdtvisvsa16a27 with K=290 up to limit 1600
[2025-12-12 07:42:34] [generate_cnf] Generating formula pdtvisvsa16a27 with K=291
[2025-12-12 07:42:38] [run_formula] Running formula pdtvisvsa16a27 with K=291 up to limit 1600
[2025-12-12 07:42:39] [generate_cnf] Generating formula pdtvisvsa16a27 with K=292
[2025-12-12 07:42:44] [run_formula] Running formula pdtvisvsa16a27 with K=292 up to limit 1600
[2025-12-12 07:42:46] [generate_cnf] Generating formula pdtvisvsa16a27 with K=293
[2025-12-12 07:42:50] [run_formula] Running formula pdtvisvsa16a27 with K=293 up to limit 1600
[2025-12-12 07:42:52] [generate_cnf] Generating formula pdtvisvsa16a27 with K=294
[2025-12-12 07:42:56] [run_formula] Running formula pdtvisvsa16a27 with K=294 up to limit 1600
[2025-12-12 07:42:57] [generate_cnf] Generating formula pdtvisvsa16a27 with K=295
[2025-12-12 07:43:02] [run_formula] Running formula pdtvisvsa16a27 with K=295 up to limit 1600
[2025-12-12 07:43:24] [generate_cnf] Generating formula pdtvisvsa16a27 with K=296
[2025-12-12 07:43:28] [run_formula] Running formula pdtvisvsa16a27 with K=296 up to limit 1600
[2025-12-12 07:43:30] [generate_cnf] Generating formula pdtvisvsa16a27 with K=297
[2025-12-12 07:43:34] [run_formula] Running formula pdtvisvsa16a27 with K=297 up to limit 1600
[2025-12-12 07:43:36] [generate_cnf] Generating formula pdtvisvsa16a27 with K=298
[2025-12-12 07:43:41] [run_formula] Running formula pdtvisvsa16a27 with K=298 up to limit 1600
[2025-12-12 07:43:42] [generate_cnf] Generating formula pdtvisvsa16a27 with K=299
[2025-12-12 07:43:47] [run_formula] Running formula pdtvisvsa16a27 with K=299 up to limit 1600
[2025-12-12 07:43:48] [generate_cnf] Generating formula pdtvisvsa16a27 with K=300
[2025-12-12 07:43:52] [run_formula] Running formula pdtvisvsa16a27 with K=300 up to limit 1600
[2025-12-12 07:44:16] [generate_cnf] Generating formula pdtvisvsa16a27 with K=301
[2025-12-12 07:44:21] [run_formula] Running formula pdtvisvsa16a27 with K=301 up to limit 1600
[2025-12-12 07:44:22] [generate_cnf] Generating formula pdtvisvsa16a27 with K=302
[2025-12-12 07:44:27] [run_formula] Running formula pdtvisvsa16a27 with K=302 up to limit 1600
[2025-12-12 07:44:28] [generate_cnf] Generating formula pdtvisvsa16a27 with K=303
[2025-12-12 07:44:33] [run_formula] Running formula pdtvisvsa16a27 with K=303 up to limit 1600
[2025-12-12 07:44:34] [generate_cnf] Generating formula pdtvisvsa16a27 with K=304
[2025-12-12 07:44:39] [run_formula] Running formula pdtvisvsa16a27 with K=304 up to limit 1600
[2025-12-12 07:44:41] [generate_cnf] Generating formula pdtvisvsa16a27 with K=305
[2025-12-12 07:44:46] [run_formula] Running formula pdtvisvsa16a27 with K=305 up to limit 1600
[2025-12-12 07:45:08] [generate_cnf] Generating formula pdtvisvsa16a27 with K=306
[2025-12-12 07:45:12] [run_formula] Running formula pdtvisvsa16a27 with K=306 up to limit 1600
[2025-12-12 07:45:14] [generate_cnf] Generating formula pdtvisvsa16a27 with K=307
[2025-12-12 07:45:18] [run_formula] Running formula pdtvisvsa16a27 with K=307 up to limit 1600
[2025-12-12 07:45:19] [generate_cnf] Generating formula pdtvisvsa16a27 with K=308
[2025-12-12 07:45:24] [run_formula] Running formula pdtvisvsa16a27 with K=308 up to limit 1600
[2025-12-12 07:45:25] [generate_cnf] Generating formula pdtvisvsa16a27 with K=309
[2025-12-12 07:45:30] [run_formula] Running formula pdtvisvsa16a27 with K=309 up to limit 1600
[2025-12-12 07:45:31] [generate_cnf] Generating formula pdtvisvsa16a27 with K=310
[2025-12-12 07:45:36] [run_formula] Running formula pdtvisvsa16a27 with K=310 up to limit 1600
[2025-12-12 07:46:00] [generate_cnf] Generating formula pdtvisvsa16a27 with K=311
[2025-12-12 07:46:05] [run_formula] Running formula pdtvisvsa16a27 with K=311 up to limit 1600
[2025-12-12 07:46:07] [generate_cnf] Generating formula pdtvisvsa16a27 with K=312
[2025-12-12 07:46:12] [run_formula] Running formula pdtvisvsa16a27 with K=312 up to limit 1600
[2025-12-12 07:46:13] [generate_cnf] Generating formula pdtvisvsa16a27 with K=313
[2025-12-12 07:46:18] [run_formula] Running formula pdtvisvsa16a27 with K=313 up to limit 1600
[2025-12-12 07:46:20] [generate_cnf] Generating formula pdtvisvsa16a27 with K=314
[2025-12-12 07:46:25] [run_formula] Running formula pdtvisvsa16a27 with K=314 up to limit 1600
[2025-12-12 07:46:26] [generate_cnf] Generating formula pdtvisvsa16a27 with K=315
[2025-12-12 07:46:31] [run_formula] Running formula pdtvisvsa16a27 with K=315 up to limit 1600
[2025-12-12 07:46:54] [generate_cnf] Generating formula pdtvisvsa16a27 with K=316
[2025-12-12 07:46:59] [run_formula] Running formula pdtvisvsa16a27 with K=316 up to limit 1600
[2025-12-12 07:47:00] [generate_cnf] Generating formula pdtvisvsa16a27 with K=317
[2025-12-12 07:47:05] [run_formula] Running formula pdtvisvsa16a27 with K=317 up to limit 1600
[2025-12-12 07:47:07] [generate_cnf] Generating formula pdtvisvsa16a27 with K=318
[2025-12-12 07:47:12] [run_formula] Running formula pdtvisvsa16a27 with K=318 up to limit 1600
[2025-12-12 07:47:13] [generate_cnf] Generating formula pdtvisvsa16a27 with K=319
[2025-12-12 07:47:18] [run_formula] Running formula pdtvisvsa16a27 with K=319 up to limit 1600
[2025-12-12 07:47:20] [generate_cnf] Generating formula pdtvisvsa16a27 with K=320
[2025-12-12 07:47:25] [run_formula] Running formula pdtvisvsa16a27 with K=320 up to limit 1600
[2025-12-12 07:47:47] [generate_cnf] Generating formula pdtvisvsa16a27 with K=321
[2025-12-12 07:47:52] [run_formula] Running formula pdtvisvsa16a27 with K=321 up to limit 1600
[2025-12-12 07:47:53] [generate_cnf] Generating formula pdtvisvsa16a27 with K=322
[2025-12-12 07:47:58] [run_formula] Running formula pdtvisvsa16a27 with K=322 up to limit 1600
[2025-12-12 07:48:00] [generate_cnf] Generating formula pdtvisvsa16a27 with K=323
[2025-12-12 07:48:05] [run_formula] Running formula pdtvisvsa16a27 with K=323 up to limit 1600
[2025-12-12 07:48:07] [generate_cnf] Generating formula pdtvisvsa16a27 with K=324
[2025-12-12 07:48:11] [run_formula] Running formula pdtvisvsa16a27 with K=324 up to limit 1600
[2025-12-12 07:48:13] [generate_cnf] Generating formula pdtvisvsa16a27 with K=325
[2025-12-12 07:48:17] [run_formula] Running formula pdtvisvsa16a27 with K=325 up to limit 1600
[2025-12-12 07:48:42] [generate_cnf] Generating formula pdtvisvsa16a27 with K=326
[2025-12-12 07:48:47] [run_formula] Running formula pdtvisvsa16a27 with K=326 up to limit 1600
[2025-12-12 07:48:49] [generate_cnf] Generating formula pdtvisvsa16a27 with K=327
[2025-12-12 07:48:54] [run_formula] Running formula pdtvisvsa16a27 with K=327 up to limit 1600
[2025-12-12 07:48:56] [generate_cnf] Generating formula pdtvisvsa16a27 with K=328
[2025-12-12 07:49:01] [run_formula] Running formula pdtvisvsa16a27 with K=328 up to limit 1600
[2025-12-12 07:49:03] [generate_cnf] Generating formula pdtvisvsa16a27 with K=329
[2025-12-12 07:49:08] [run_formula] Running formula pdtvisvsa16a27 with K=329 up to limit 1600
[2025-12-12 07:49:09] [generate_cnf] Generating formula pdtvisvsa16a27 with K=330
[2025-12-12 07:49:15] [run_formula] Running formula pdtvisvsa16a27 with K=330 up to limit 1600
[2025-12-12 07:49:39] [generate_cnf] Generating formula pdtvisvsa16a27 with K=331
[2025-12-12 07:49:43] [run_formula] Running formula pdtvisvsa16a27 with K=331 up to limit 1600
[2025-12-12 07:49:45] [generate_cnf] Generating formula pdtvisvsa16a27 with K=332
[2025-12-12 07:49:50] [run_formula] Running formula pdtvisvsa16a27 with K=332 up to limit 1600
[2025-12-12 07:49:51] [generate_cnf] Generating formula pdtvisvsa16a27 with K=333
[2025-12-12 07:49:56] [run_formula] Running formula pdtvisvsa16a27 with K=333 up to limit 1600
[2025-12-12 07:49:58] [generate_cnf] Generating formula pdtvisvsa16a27 with K=334
[2025-12-12 07:50:03] [run_formula] Running formula pdtvisvsa16a27 with K=334 up to limit 1600
[2025-12-12 07:50:05] [generate_cnf] Generating formula pdtvisvsa16a27 with K=335
[2025-12-12 07:50:10] [run_formula] Running formula pdtvisvsa16a27 with K=335 up to limit 1600
[2025-12-12 07:50:37] [generate_cnf] Generating formula pdtvisvsa16a27 with K=336
[2025-12-12 07:50:42] [run_formula] Running formula pdtvisvsa16a27 with K=336 up to limit 1600
[2025-12-12 07:50:44] [generate_cnf] Generating formula pdtvisvsa16a27 with K=337
[2025-12-12 07:50:50] [run_formula] Running formula pdtvisvsa16a27 with K=337 up to limit 1600
[2025-12-12 07:50:51] [generate_cnf] Generating formula pdtvisvsa16a27 with K=338
[2025-12-12 07:50:57] [run_formula] Running formula pdtvisvsa16a27 with K=338 up to limit 1600
[2025-12-12 07:50:58] [generate_cnf] Generating formula pdtvisvsa16a27 with K=339
[2025-12-12 07:51:03] [run_formula] Running formula pdtvisvsa16a27 with K=339 up to limit 1600
[2025-12-12 07:51:05] [generate_cnf] Generating formula pdtvisvsa16a27 with K=340
[2025-12-12 07:51:10] [run_formula] Running formula pdtvisvsa16a27 with K=340 up to limit 1600
[2025-12-12 07:51:34] [generate_cnf] Generating formula pdtvisvsa16a27 with K=341
[2025-12-12 07:51:40] [run_formula] Running formula pdtvisvsa16a27 with K=341 up to limit 1600
[2025-12-12 07:51:41] [generate_cnf] Generating formula pdtvisvsa16a27 with K=342
[2025-12-12 07:51:47] [run_formula] Running formula pdtvisvsa16a27 with K=342 up to limit 1600
[2025-12-12 07:51:48] [generate_cnf] Generating formula pdtvisvsa16a27 with K=343
[2025-12-12 07:51:54] [run_formula] Running formula pdtvisvsa16a27 with K=343 up to limit 1600
[2025-12-12 07:51:55] [generate_cnf] Generating formula pdtvisvsa16a27 with K=344
[2025-12-12 07:52:01] [run_formula] Running formula pdtvisvsa16a27 with K=344 up to limit 1600
[2025-12-12 07:52:02] [generate_cnf] Generating formula pdtvisvsa16a27 with K=345
[2025-12-12 07:52:08] [run_formula] Running formula pdtvisvsa16a27 with K=345 up to limit 1600
[2025-12-12 07:52:32] [generate_cnf] Generating formula pdtvisvsa16a27 with K=346
[2025-12-12 07:52:37] [run_formula] Running formula pdtvisvsa16a27 with K=346 up to limit 1600
[2025-12-12 07:52:39] [generate_cnf] Generating formula pdtvisvsa16a27 with K=347
[2025-12-12 07:52:44] [run_formula] Running formula pdtvisvsa16a27 with K=347 up to limit 1600
[2025-12-12 07:52:45] [generate_cnf] Generating formula pdtvisvsa16a27 with K=348
[2025-12-12 07:52:50] [run_formula] Running formula pdtvisvsa16a27 with K=348 up to limit 1600
[2025-12-12 07:52:52] [generate_cnf] Generating formula pdtvisvsa16a27 with K=349
[2025-12-12 07:52:58] [run_formula] Running formula pdtvisvsa16a27 with K=349 up to limit 1600
[2025-12-12 07:52:59] [generate_cnf] Generating formula pdtvisvsa16a27 with K=350
[2025-12-12 07:53:05] [run_formula] Running formula pdtvisvsa16a27 with K=350 up to limit 1600
[2025-12-12 07:53:30] [generate_cnf] Generating formula pdtvisvsa16a27 with K=351
[2025-12-12 07:53:36] [run_formula] Running formula pdtvisvsa16a27 with K=351 up to limit 1600
[2025-12-12 07:53:37] [generate_cnf] Generating formula pdtvisvsa16a27 with K=352
[2025-12-12 07:53:43] [run_formula] Running formula pdtvisvsa16a27 with K=352 up to limit 1600
[2025-12-12 07:53:44] [generate_cnf] Generating formula pdtvisvsa16a27 with K=353
[2025-12-12 07:53:50] [run_formula] Running formula pdtvisvsa16a27 with K=353 up to limit 1600
[2025-12-12 07:53:52] [generate_cnf] Generating formula pdtvisvsa16a27 with K=354
[2025-12-12 07:53:57] [run_formula] Running formula pdtvisvsa16a27 with K=354 up to limit 1600
[2025-12-12 07:53:59] [generate_cnf] Generating formula pdtvisvsa16a27 with K=355
[2025-12-12 07:54:04] [run_formula] Running formula pdtvisvsa16a27 with K=355 up to limit 1600
[2025-12-12 07:54:28] [generate_cnf] Generating formula pdtvisvsa16a27 with K=356
[2025-12-12 07:54:34] [run_formula] Running formula pdtvisvsa16a27 with K=356 up to limit 1600
[2025-12-12 07:54:35] [generate_cnf] Generating formula pdtvisvsa16a27 with K=357
[2025-12-12 07:54:41] [run_formula] Running formula pdtvisvsa16a27 with K=357 up to limit 1600
[2025-12-12 07:54:43] [generate_cnf] Generating formula pdtvisvsa16a27 with K=358
[2025-12-12 07:54:48] [run_formula] Running formula pdtvisvsa16a27 with K=358 up to limit 1600
[2025-12-12 07:54:50] [generate_cnf] Generating formula pdtvisvsa16a27 with K=359
[2025-12-12 07:54:56] [run_formula] Running formula pdtvisvsa16a27 with K=359 up to limit 1600
[2025-12-12 07:54:57] [generate_cnf] Generating formula pdtvisvsa16a27 with K=360
[2025-12-12 07:55:03] [run_formula] Running formula pdtvisvsa16a27 with K=360 up to limit 1600
[2025-12-12 07:55:27] [generate_cnf] Generating formula pdtvisvsa16a27 with K=361
[2025-12-12 07:55:32] [run_formula] Running formula pdtvisvsa16a27 with K=361 up to limit 1600
[2025-12-12 07:55:34] [generate_cnf] Generating formula pdtvisvsa16a27 with K=362
[2025-12-12 07:55:39] [run_formula] Running formula pdtvisvsa16a27 with K=362 up to limit 1600
[2025-12-12 07:55:40] [generate_cnf] Generating formula pdtvisvsa16a27 with K=363
[2025-12-12 07:55:46] [run_formula] Running formula pdtvisvsa16a27 with K=363 up to limit 1600
[2025-12-12 07:55:47] [generate_cnf] Generating formula pdtvisvsa16a27 with K=364
[2025-12-12 07:55:53] [run_formula] Running formula pdtvisvsa16a27 with K=364 up to limit 1600
[2025-12-12 07:55:55] [generate_cnf] Generating formula pdtvisvsa16a27 with K=365
[2025-12-12 07:56:00] [run_formula] Running formula pdtvisvsa16a27 with K=365 up to limit 1600
[2025-12-12 07:56:28] [generate_cnf] Generating formula pdtvisvsa16a27 with K=366
[2025-12-12 07:56:33] [run_formula] Running formula pdtvisvsa16a27 with K=366 up to limit 1600
[2025-12-12 07:56:35] [generate_cnf] Generating formula pdtvisvsa16a27 with K=367
[2025-12-12 07:56:41] [run_formula] Running formula pdtvisvsa16a27 with K=367 up to limit 1600
[2025-12-12 07:56:43] [generate_cnf] Generating formula pdtvisvsa16a27 with K=368
[2025-12-12 07:56:48] [run_formula] Running formula pdtvisvsa16a27 with K=368 up to limit 1600
[2025-12-12 07:56:50] [generate_cnf] Generating formula pdtvisvsa16a27 with K=369
[2025-12-12 07:56:56] [run_formula] Running formula pdtvisvsa16a27 with K=369 up to limit 1600
[2025-12-12 07:56:58] [generate_cnf] Generating formula pdtvisvsa16a27 with K=370
[2025-12-12 07:57:03] [run_formula] Running formula pdtvisvsa16a27 with K=370 up to limit 1600
[2025-12-12 07:57:29] [generate_cnf] Generating formula pdtvisvsa16a27 with K=371
[2025-12-12 07:57:35] [run_formula] Running formula pdtvisvsa16a27 with K=371 up to limit 1600
[2025-12-12 07:57:37] [generate_cnf] Generating formula pdtvisvsa16a27 with K=372
[2025-12-12 07:57:43] [run_formula] Running formula pdtvisvsa16a27 with K=372 up to limit 1600
[2025-12-12 07:57:45] [generate_cnf] Generating formula pdtvisvsa16a27 with K=373
[2025-12-12 07:57:50] [run_formula] Running formula pdtvisvsa16a27 with K=373 up to limit 1600
[2025-12-12 07:57:52] [generate_cnf] Generating formula pdtvisvsa16a27 with K=374
[2025-12-12 07:57:58] [run_formula] Running formula pdtvisvsa16a27 with K=374 up to limit 1600
[2025-12-12 07:58:00] [generate_cnf] Generating formula pdtvisvsa16a27 with K=375
[2025-12-12 07:58:06] [run_formula] Running formula pdtvisvsa16a27 with K=375 up to limit 1600
[2025-12-12 07:58:32] [generate_cnf] Generating formula pdtvisvsa16a27 with K=376
[2025-12-12 07:58:37] [run_formula] Running formula pdtvisvsa16a27 with K=376 up to limit 1600
[2025-12-12 07:58:39] [generate_cnf] Generating formula pdtvisvsa16a27 with K=377
[2025-12-12 07:58:45] [run_formula] Running formula pdtvisvsa16a27 with K=377 up to limit 1600
[2025-12-12 07:58:47] [generate_cnf] Generating formula pdtvisvsa16a27 with K=378
[2025-12-12 07:58:52] [run_formula] Running formula pdtvisvsa16a27 with K=378 up to limit 1600
[2025-12-12 07:58:54] [generate_cnf] Generating formula pdtvisvsa16a27 with K=379
[2025-12-12 07:59:00] [run_formula] Running formula pdtvisvsa16a27 with K=379 up to limit 1600
[2025-12-12 07:59:02] [generate_cnf] Generating formula pdtvisvsa16a27 with K=380
[2025-12-12 07:59:08] [run_formula] Running formula pdtvisvsa16a27 with K=380 up to limit 1600
[2025-12-12 07:59:37] [generate_cnf] Generating formula pdtvisvsa16a27 with K=381
[2025-12-12 07:59:43] [run_formula] Running formula pdtvisvsa16a27 with K=381 up to limit 1600
[2025-12-12 07:59:45] [generate_cnf] Generating formula pdtvisvsa16a27 with K=382
[2025-12-12 07:59:51] [run_formula] Running formula pdtvisvsa16a27 with K=382 up to limit 1600
[2025-12-12 07:59:53] [generate_cnf] Generating formula pdtvisvsa16a27 with K=383
[2025-12-12 07:59:59] [run_formula] Running formula pdtvisvsa16a27 with K=383 up to limit 1600
[2025-12-12 08:00:00] [generate_cnf] Generating formula pdtvisvsa16a27 with K=384
[2025-12-12 08:00:06] [run_formula] Running formula pdtvisvsa16a27 with K=384 up to limit 1600
[2025-12-12 08:00:08] [generate_cnf] Generating formula pdtvisvsa16a27 with K=385
[2025-12-12 08:00:14] [run_formula] Running formula pdtvisvsa16a27 with K=385 up to limit 1600
[2025-12-12 08:00:41] [generate_cnf] Generating formula pdtvisvsa16a27 with K=386
[2025-12-12 08:00:47] [run_formula] Running formula pdtvisvsa16a27 with K=386 up to limit 1600
[2025-12-12 08:00:49] [generate_cnf] Generating formula pdtvisvsa16a27 with K=387
[2025-12-12 08:00:55] [run_formula] Running formula pdtvisvsa16a27 with K=387 up to limit 1600
[2025-12-12 08:00:57] [generate_cnf] Generating formula pdtvisvsa16a27 with K=388
[2025-12-12 08:01:03] [run_formula] Running formula pdtvisvsa16a27 with K=388 up to limit 1600
[2025-12-12 08:01:05] [generate_cnf] Generating formula pdtvisvsa16a27 with K=389
[2025-12-12 08:01:11] [run_formula] Running formula pdtvisvsa16a27 with K=389 up to limit 1600
[2025-12-12 08:01:13] [generate_cnf] Generating formula pdtvisvsa16a27 with K=390
[2025-12-12 08:01:19] [run_formula] Running formula pdtvisvsa16a27 with K=390 up to limit 1600
[2025-12-12 08:01:44] [generate_cnf] Generating formula pdtvisvsa16a27 with K=391
[2025-12-12 08:01:51] [run_formula] Running formula pdtvisvsa16a27 with K=391 up to limit 1600
[2025-12-12 08:01:53] [generate_cnf] Generating formula pdtvisvsa16a27 with K=392
[2025-12-12 08:01:59] [run_formula] Running formula pdtvisvsa16a27 with K=392 up to limit 1600
[2025-12-12 08:02:01] [generate_cnf] Generating formula pdtvisvsa16a27 with K=393
[2025-12-12 08:02:07] [run_formula] Running formula pdtvisvsa16a27 with K=393 up to limit 1600
[2025-12-12 08:02:09] [generate_cnf] Generating formula pdtvisvsa16a27 with K=394
[2025-12-12 08:02:15] [run_formula] Running formula pdtvisvsa16a27 with K=394 up to limit 1600
[2025-12-12 08:02:17] [generate_cnf] Generating formula pdtvisvsa16a27 with K=395
[2025-12-12 08:02:23] [run_formula] Running formula pdtvisvsa16a27 with K=395 up to limit 1600
[2025-12-12 08:02:49] [generate_cnf] Generating formula pdtvisvsa16a27 with K=396
[2025-12-12 08:02:55] [run_formula] Running formula pdtvisvsa16a27 with K=396 up to limit 1600
[2025-12-12 08:02:57] [generate_cnf] Generating formula pdtvisvsa16a27 with K=397
[2025-12-12 08:03:03] [run_formula] Running formula pdtvisvsa16a27 with K=397 up to limit 1600
[2025-12-12 08:03:04] [generate_cnf] Generating formula pdtvisvsa16a27 with K=398
[2025-12-12 08:03:11] [run_formula] Running formula pdtvisvsa16a27 with K=398 up to limit 1600
[2025-12-12 08:03:12] [generate_cnf] Generating formula pdtvisvsa16a27 with K=399
[2025-12-12 08:03:19] [run_formula] Running formula pdtvisvsa16a27 with K=399 up to limit 1600
[2025-12-12 08:03:21] [generate_cnf] Generating formula pdtvisvsa16a27 with K=400
[2025-12-12 08:03:27] [run_formula] Running formula pdtvisvsa16a27 with K=400 up to limit 1600
[2025-12-12 08:03:55] [generate_cnf] Generating formula pdtvisvsa16a27 with K=401
[2025-12-12 08:04:01] [run_formula] Running formula pdtvisvsa16a27 with K=401 up to limit 1600
[2025-12-12 08:04:03] [generate_cnf] Generating formula pdtvisvsa16a27 with K=402
[2025-12-12 08:04:10] [run_formula] Running formula pdtvisvsa16a27 with K=402 up to limit 1600
[2025-12-12 08:04:12] [generate_cnf] Generating formula pdtvisvsa16a27 with K=403
[2025-12-12 08:04:18] [run_formula] Running formula pdtvisvsa16a27 with K=403 up to limit 1600
[2025-12-12 08:04:20] [generate_cnf] Generating formula pdtvisvsa16a27 with K=404
[2025-12-12 08:04:25] [run_formula] Running formula pdtvisvsa16a27 with K=404 up to limit 1600
[2025-12-12 08:04:27] [generate_cnf] Generating formula pdtvisvsa16a27 with K=405
[2025-12-12 08:04:33] [run_formula] Running formula pdtvisvsa16a27 with K=405 up to limit 1600
[2025-12-12 08:05:01] [generate_cnf] Generating formula pdtvisvsa16a27 with K=406
[2025-12-12 08:05:08] [run_formula] Running formula pdtvisvsa16a27 with K=406 up to limit 1600
[2025-12-12 08:05:09] [generate_cnf] Generating formula pdtvisvsa16a27 with K=407
[2025-12-12 08:05:16] [run_formula] Running formula pdtvisvsa16a27 with K=407 up to limit 1600
[2025-12-12 08:05:18] [generate_cnf] Generating formula pdtvisvsa16a27 with K=408
[2025-12-12 08:05:25] [run_formula] Running formula pdtvisvsa16a27 with K=408 up to limit 1600
[2025-12-12 08:05:27] [generate_cnf] Generating formula pdtvisvsa16a27 with K=409
[2025-12-12 08:05:34] [run_formula] Running formula pdtvisvsa16a27 with K=409 up to limit 1600
[2025-12-12 08:05:36] [generate_cnf] Generating formula pdtvisvsa16a27 with K=410
[2025-12-12 08:05:42] [run_formula] Running formula pdtvisvsa16a27 with K=410 up to limit 1600
[2025-12-12 08:06:11] [generate_cnf] Generating formula pdtvisvsa16a27 with K=411
[2025-12-12 08:06:18] [run_formula] Running formula pdtvisvsa16a27 with K=411 up to limit 1600
[2025-12-12 08:06:20] [generate_cnf] Generating formula pdtvisvsa16a27 with K=412
[2025-12-12 08:06:26] [run_formula] Running formula pdtvisvsa16a27 with K=412 up to limit 1600
[2025-12-12 08:06:28] [generate_cnf] Generating formula pdtvisvsa16a27 with K=413
[2025-12-12 08:06:35] [run_formula] Running formula pdtvisvsa16a27 with K=413 up to limit 1600
[2025-12-12 08:06:37] [generate_cnf] Generating formula pdtvisvsa16a27 with K=414
[2025-12-12 08:06:44] [run_formula] Running formula pdtvisvsa16a27 with K=414 up to limit 1600
[2025-12-12 08:06:46] [generate_cnf] Generating formula pdtvisvsa16a27 with K=415
[2025-12-12 08:06:52] [run_formula] Running formula pdtvisvsa16a27 with K=415 up to limit 1600
[2025-12-12 08:07:20] [generate_cnf] Generating formula pdtvisvsa16a27 with K=416
[2025-12-12 08:07:26] [run_formula] Running formula pdtvisvsa16a27 with K=416 up to limit 1600
[2025-12-12 08:07:28] [generate_cnf] Generating formula pdtvisvsa16a27 with K=417
[2025-12-12 08:07:35] [run_formula] Running formula pdtvisvsa16a27 with K=417 up to limit 1600
[2025-12-12 08:07:37] [generate_cnf] Generating formula pdtvisvsa16a27 with K=418
[2025-12-12 08:07:43] [run_formula] Running formula pdtvisvsa16a27 with K=418 up to limit 1600
[2025-12-12 08:07:45] [generate_cnf] Generating formula pdtvisvsa16a27 with K=419
[2025-12-12 08:07:52] [run_formula] Running formula pdtvisvsa16a27 with K=419 up to limit 1600
[2025-12-12 08:07:54] [generate_cnf] Generating formula pdtvisvsa16a27 with K=420
[2025-12-12 08:08:01] [run_formula] Running formula pdtvisvsa16a27 with K=420 up to limit 1600
[2025-12-12 08:08:30] [generate_cnf] Generating formula pdtvisvsa16a27 with K=421
[2025-12-12 08:08:37] [run_formula] Running formula pdtvisvsa16a27 with K=421 up to limit 1600
[2025-12-12 08:08:39] [generate_cnf] Generating formula pdtvisvsa16a27 with K=422
[2025-12-12 08:08:45] [run_formula] Running formula pdtvisvsa16a27 with K=422 up to limit 1600
[2025-12-12 08:08:47] [generate_cnf] Generating formula pdtvisvsa16a27 with K=423
[2025-12-12 08:08:53] [run_formula] Running formula pdtvisvsa16a27 with K=423 up to limit 1600
[2025-12-12 08:08:55] [generate_cnf] Generating formula pdtvisvsa16a27 with K=424
[2025-12-12 08:09:01] [run_formula] Running formula pdtvisvsa16a27 with K=424 up to limit 1600
[2025-12-12 08:09:03] [generate_cnf] Generating formula pdtvisvsa16a27 with K=425
[2025-12-12 08:09:10] [run_formula] Running formula pdtvisvsa16a27 with K=425 up to limit 1600
[2025-12-12 08:09:42] [generate_cnf] Generating formula pdtvisvsa16a27 with K=426
[2025-12-12 08:09:48] [run_formula] Running formula pdtvisvsa16a27 with K=426 up to limit 1600
[2025-12-12 08:09:50] [generate_cnf] Generating formula pdtvisvsa16a27 with K=427
[2025-12-12 08:09:57] [run_formula] Running formula pdtvisvsa16a27 with K=427 up to limit 1600
[2025-12-12 08:09:59] [generate_cnf] Generating formula pdtvisvsa16a27 with K=428
[2025-12-12 08:10:06] [run_formula] Running formula pdtvisvsa16a27 with K=428 up to limit 1600
[2025-12-12 08:10:08] [generate_cnf] Generating formula pdtvisvsa16a27 with K=429
[2025-12-12 08:10:14] [run_formula] Running formula pdtvisvsa16a27 with K=429 up to limit 1600
[2025-12-12 08:10:16] [generate_cnf] Generating formula pdtvisvsa16a27 with K=430
[2025-12-12 08:10:22] [run_formula] Running formula pdtvisvsa16a27 with K=430 up to limit 1600
[2025-12-12 08:10:48] [generate_cnf] Generating formula pdtvisvsa16a27 with K=431
[2025-12-12 08:10:54] [run_formula] Running formula pdtvisvsa16a27 with K=431 up to limit 1600
[2025-12-12 08:10:56] [generate_cnf] Generating formula pdtvisvsa16a27 with K=432
[2025-12-12 08:11:02] [run_formula] Running formula pdtvisvsa16a27 with K=432 up to limit 1600
[2025-12-12 08:11:04] [generate_cnf] Generating formula pdtvisvsa16a27 with K=433
[2025-12-12 08:11:10] [run_formula] Running formula pdtvisvsa16a27 with K=433 up to limit 1600
[2025-12-12 08:11:11] [generate_cnf] Generating formula pdtvisvsa16a27 with K=434
[2025-12-12 08:11:17] [run_formula] Running formula pdtvisvsa16a27 with K=434 up to limit 1600
[2025-12-12 08:11:19] [generate_cnf] Generating formula pdtvisvsa16a27 with K=435
[2025-12-12 08:11:25] [run_formula] Running formula pdtvisvsa16a27 with K=435 up to limit 1600
[2025-12-12 08:11:54] [generate_cnf] Generating formula pdtvisvsa16a27 with K=436
[2025-12-12 08:12:00] [run_formula] Running formula pdtvisvsa16a27 with K=436 up to limit 1600
[2025-12-12 08:12:02] [generate_cnf] Generating formula pdtvisvsa16a27 with K=437
[2025-12-12 08:12:08] [run_formula] Running formula pdtvisvsa16a27 with K=437 up to limit 1600
[2025-12-12 08:12:10] [generate_cnf] Generating formula pdtvisvsa16a27 with K=438
[2025-12-12 08:12:16] [run_formula] Running formula pdtvisvsa16a27 with K=438 up to limit 1600
[2025-12-12 08:12:18] [generate_cnf] Generating formula pdtvisvsa16a27 with K=439
[2025-12-12 08:12:24] [run_formula] Running formula pdtvisvsa16a27 with K=439 up to limit 1600
[2025-12-12 08:12:26] [generate_cnf] Generating formula pdtvisvsa16a27 with K=440
[2025-12-12 08:12:32] [run_formula] Running formula pdtvisvsa16a27 with K=440 up to limit 1600
[2025-12-12 08:13:00] [generate_cnf] Generating formula pdtvisvsa16a27 with K=441
[2025-12-12 08:13:06] [run_formula] Running formula pdtvisvsa16a27 with K=441 up to limit 1600
[2025-12-12 08:13:08] [generate_cnf] Generating formula pdtvisvsa16a27 with K=442
[2025-12-12 08:13:14] [run_formula] Running formula pdtvisvsa16a27 with K=442 up to limit 1600
[2025-12-12 08:13:16] [generate_cnf] Generating formula pdtvisvsa16a27 with K=443
[2025-12-12 08:13:22] [run_formula] Running formula pdtvisvsa16a27 with K=443 up to limit 1600
[2025-12-12 08:13:24] [generate_cnf] Generating formula pdtvisvsa16a27 with K=444
[2025-12-12 08:13:30] [run_formula] Running formula pdtvisvsa16a27 with K=444 up to limit 1600
[2025-12-12 08:13:32] [generate_cnf] Generating formula pdtvisvsa16a27 with K=445
[2025-12-12 08:13:38] [run_formula] Running formula pdtvisvsa16a27 with K=445 up to limit 1600
[2025-12-12 08:14:05] [generate_cnf] Generating formula pdtvisvsa16a27 with K=446
[2025-12-12 08:14:12] [run_formula] Running formula pdtvisvsa16a27 with K=446 up to limit 1600
[2025-12-12 08:14:13] [generate_cnf] Generating formula pdtvisvsa16a27 with K=447
[2025-12-12 08:14:20] [run_formula] Running formula pdtvisvsa16a27 with K=447 up to limit 1600
[2025-12-12 08:14:21] [generate_cnf] Generating formula pdtvisvsa16a27 with K=448
[2025-12-12 08:14:28] [run_formula] Running formula pdtvisvsa16a27 with K=448 up to limit 1600
[2025-12-12 08:14:29] [generate_cnf] Generating formula pdtvisvsa16a27 with K=449
[2025-12-12 08:14:36] [run_formula] Running formula pdtvisvsa16a27 with K=449 up to limit 1600
[2025-12-12 08:14:38] [generate_cnf] Generating formula pdtvisvsa16a27 with K=450
[2025-12-12 08:14:44] [run_formula] Running formula pdtvisvsa16a27 with K=450 up to limit 1600
[2025-12-12 08:15:10] [generate_cnf] Generating formula pdtvisvsa16a27 with K=451
[2025-12-12 08:15:17] [run_formula] Running formula pdtvisvsa16a27 with K=451 up to limit 1600
[2025-12-12 08:15:18] [generate_cnf] Generating formula pdtvisvsa16a27 with K=452
[2025-12-12 08:15:25] [run_formula] Running formula pdtvisvsa16a27 with K=452 up to limit 1600
[2025-12-12 08:15:26] [generate_cnf] Generating formula pdtvisvsa16a27 with K=453
[2025-12-12 08:15:33] [run_formula] Running formula pdtvisvsa16a27 with K=453 up to limit 1600
[2025-12-12 08:15:35] [generate_cnf] Generating formula pdtvisvsa16a27 with K=454
[2025-12-12 08:15:41] [run_formula] Running formula pdtvisvsa16a27 with K=454 up to limit 1600
[2025-12-12 08:15:43] [generate_cnf] Generating formula pdtvisvsa16a27 with K=455
[2025-12-12 08:15:49] [run_formula] Running formula pdtvisvsa16a27 with K=455 up to limit 1600
[2025-12-12 08:16:16] [generate_cnf] Generating formula pdtvisvsa16a27 with K=456
[2025-12-12 08:16:22] [run_formula] Running formula pdtvisvsa16a27 with K=456 up to limit 1600
[2025-12-12 08:16:24] [generate_cnf] Generating formula pdtvisvsa16a27 with K=457
[2025-12-12 08:16:31] [run_formula] Running formula pdtvisvsa16a27 with K=457 up to limit 1600
[2025-12-12 08:16:33] [generate_cnf] Generating formula pdtvisvsa16a27 with K=458
[2025-12-12 08:16:39] [run_formula] Running formula pdtvisvsa16a27 with K=458 up to limit 1600
[2025-12-12 08:16:41] [generate_cnf] Generating formula pdtvisvsa16a27 with K=459
[2025-12-12 08:16:47] [run_formula] Running formula pdtvisvsa16a27 with K=459 up to limit 1600
[2025-12-12 08:16:49] [generate_cnf] Generating formula pdtvisvsa16a27 with K=460
[2025-12-12 08:16:55] [run_formula] Running formula pdtvisvsa16a27 with K=460 up to limit 1600
[2025-12-12 08:18:39] [generate_cnf] Generating formula pdtvisvsa16a27 with K=461
[2025-12-12 08:18:45] [run_formula] Running formula pdtvisvsa16a27 with K=461 up to limit 1600
[2025-12-12 08:18:47] [generate_cnf] Generating formula pdtvisvsa16a27 with K=462
[2025-12-12 08:18:53] [run_formula] Running formula pdtvisvsa16a27 with K=462 up to limit 1600
[2025-12-12 08:18:55] [generate_cnf] Generating formula pdtvisvsa16a27 with K=463
[2025-12-12 08:19:01] [run_formula] Running formula pdtvisvsa16a27 with K=463 up to limit 1600
[2025-12-12 08:19:03] [generate_cnf] Generating formula pdtvisvsa16a27 with K=464
[2025-12-12 08:19:10] [run_formula] Running formula pdtvisvsa16a27 with K=464 up to limit 1600
[2025-12-12 08:19:12] [generate_cnf] Generating formula pdtvisvsa16a27 with K=465
[2025-12-12 08:19:18] [run_formula] Running formula pdtvisvsa16a27 with K=465 up to limit 1600
[2025-12-12 08:19:47] [generate_cnf] Generating formula pdtvisvsa16a27 with K=466
[2025-12-12 08:19:53] [run_formula] Running formula pdtvisvsa16a27 with K=466 up to limit 1600
[2025-12-12 08:19:55] [generate_cnf] Generating formula pdtvisvsa16a27 with K=467
[2025-12-12 08:20:02] [run_formula] Running formula pdtvisvsa16a27 with K=467 up to limit 1600
[2025-12-12 08:20:04] [generate_cnf] Generating formula pdtvisvsa16a27 with K=468
[2025-12-12 08:20:10] [run_formula] Running formula pdtvisvsa16a27 with K=468 up to limit 1600
[2025-12-12 08:20:12] [generate_cnf] Generating formula pdtvisvsa16a27 with K=469
[2025-12-12 08:20:18] [run_formula] Running formula pdtvisvsa16a27 with K=469 up to limit 1600
[2025-12-12 08:20:20] [generate_cnf] Generating formula pdtvisvsa16a27 with K=470
[2025-12-12 08:20:27] [run_formula] Running formula pdtvisvsa16a27 with K=470 up to limit 1600
[2025-12-12 08:20:56] [generate_cnf] Generating formula pdtvisvsa16a27 with K=471
[2025-12-12 08:21:04] [run_formula] Running formula pdtvisvsa16a27 with K=471 up to limit 1600
[2025-12-12 08:21:06] [generate_cnf] Generating formula pdtvisvsa16a27 with K=472
[2025-12-12 08:21:13] [run_formula] Running formula pdtvisvsa16a27 with K=472 up to limit 1600
[2025-12-12 08:21:15] [generate_cnf] Generating formula pdtvisvsa16a27 with K=473
[2025-12-12 08:21:23] [run_formula] Running formula pdtvisvsa16a27 with K=473 up to limit 1600
[2025-12-12 08:21:25] [generate_cnf] Generating formula pdtvisvsa16a27 with K=474
[2025-12-12 08:21:32] [run_formula] Running formula pdtvisvsa16a27 with K=474 up to limit 1600
[2025-12-12 08:21:35] [generate_cnf] Generating formula pdtvisvsa16a27 with K=475
[2025-12-12 08:21:42] [run_formula] Running formula pdtvisvsa16a27 with K=475 up to limit 1600
[2025-12-12 08:22:16] [generate_cnf] Generating formula pdtvisvsa16a27 with K=476
[2025-12-12 08:22:23] [run_formula] Running formula pdtvisvsa16a27 with K=476 up to limit 1600
[2025-12-12 08:22:25] [generate_cnf] Generating formula pdtvisvsa16a27 with K=477
[2025-12-12 08:22:33] [run_formula] Running formula pdtvisvsa16a27 with K=477 up to limit 1600
[2025-12-12 08:22:35] [generate_cnf] Generating formula pdtvisvsa16a27 with K=478
[2025-12-12 08:22:42] [run_formula] Running formula pdtvisvsa16a27 with K=478 up to limit 1600
[2025-12-12 08:22:45] [generate_cnf] Generating formula pdtvisvsa16a27 with K=479
[2025-12-12 08:22:52] [run_formula] Running formula pdtvisvsa16a27 with K=479 up to limit 1600
[2025-12-12 08:22:54] [generate_cnf] Generating formula pdtvisvsa16a27 with K=480
[2025-12-12 08:23:02] [run_formula] Running formula pdtvisvsa16a27 with K=480 up to limit 1600
[2025-12-12 08:23:32] [generate_cnf] Generating formula pdtvisvsa16a27 with K=481
[2025-12-12 08:23:40] [run_formula] Running formula pdtvisvsa16a27 with K=481 up to limit 1600
[2025-12-12 08:23:42] [generate_cnf] Generating formula pdtvisvsa16a27 with K=482
[2025-12-12 08:23:49] [run_formula] Running formula pdtvisvsa16a27 with K=482 up to limit 1600
[2025-12-12 08:23:52] [generate_cnf] Generating formula pdtvisvsa16a27 with K=483
[2025-12-12 08:23:59] [run_formula] Running formula pdtvisvsa16a27 with K=483 up to limit 1600
[2025-12-12 08:24:01] [generate_cnf] Generating formula pdtvisvsa16a27 with K=484
[2025-12-12 08:24:09] [run_formula] Running formula pdtvisvsa16a27 with K=484 up to limit 1600
[2025-12-12 08:24:11] [generate_cnf] Generating formula pdtvisvsa16a27 with K=485
[2025-12-12 08:24:19] [run_formula] Running formula pdtvisvsa16a27 with K=485 up to limit 1600
[2025-12-12 08:24:49] [generate_cnf] Generating formula pdtvisvsa16a27 with K=486
[2025-12-12 08:24:56] [run_formula] Running formula pdtvisvsa16a27 with K=486 up to limit 1600
[2025-12-12 08:24:59] [generate_cnf] Generating formula pdtvisvsa16a27 with K=487
[2025-12-12 08:25:07] [run_formula] Running formula pdtvisvsa16a27 with K=487 up to limit 1600
[2025-12-12 08:25:09] [generate_cnf] Generating formula pdtvisvsa16a27 with K=488
[2025-12-12 08:25:17] [run_formula] Running formula pdtvisvsa16a27 with K=488 up to limit 1600
[2025-12-12 08:25:19] [generate_cnf] Generating formula pdtvisvsa16a27 with K=489
[2025-12-12 08:25:27] [run_formula] Running formula pdtvisvsa16a27 with K=489 up to limit 1600
[2025-12-12 08:25:29] [generate_cnf] Generating formula pdtvisvsa16a27 with K=490
[2025-12-12 08:25:37] [run_formula] Running formula pdtvisvsa16a27 with K=490 up to limit 1600
[2025-12-12 08:26:04] [generate_cnf] Generating formula pdtvisvsa16a27 with K=491
[2025-12-12 08:26:12] [run_formula] Running formula pdtvisvsa16a27 with K=491 up to limit 1600
[2025-12-12 08:26:14] [generate_cnf] Generating formula pdtvisvsa16a27 with K=492
[2025-12-12 08:26:22] [run_formula] Running formula pdtvisvsa16a27 with K=492 up to limit 1600
[2025-12-12 08:26:25] [generate_cnf] Generating formula pdtvisvsa16a27 with K=493
[2025-12-12 08:26:33] [run_formula] Running formula pdtvisvsa16a27 with K=493 up to limit 1600
[2025-12-12 08:26:35] [generate_cnf] Generating formula pdtvisvsa16a27 with K=494
[2025-12-12 08:26:43] [run_formula] Running formula pdtvisvsa16a27 with K=494 up to limit 1600
[2025-12-12 08:26:45] [generate_cnf] Generating formula pdtvisvsa16a27 with K=495
[2025-12-12 08:26:53] [run_formula] Running formula pdtvisvsa16a27 with K=495 up to limit 1600
[2025-12-12 08:27:20] [generate_cnf] Generating formula pdtvisvsa16a27 with K=496
[2025-12-12 08:27:28] [run_formula] Running formula pdtvisvsa16a27 with K=496 up to limit 1600
[2025-12-12 08:27:30] [generate_cnf] Generating formula pdtvisvsa16a27 with K=497
[2025-12-12 08:27:38] [run_formula] Running formula pdtvisvsa16a27 with K=497 up to limit 1600
[2025-12-12 08:27:41] [generate_cnf] Generating formula pdtvisvsa16a27 with K=498
[2025-12-12 08:27:49] [run_formula] Running formula pdtvisvsa16a27 with K=498 up to limit 1600
[2025-12-12 08:27:51] [generate_cnf] Generating formula pdtvisvsa16a27 with K=499
[2025-12-12 08:27:59] [run_formula] Running formula pdtvisvsa16a27 with K=499 up to limit 1600
[2025-12-12 08:28:01] [run_formula] Error running formula pdtvisvsa16a27 with K=499: [Errno 122] Disk quota exceeded: './results/solving_logs/pdtvisvsa16a27//pdtvisvsa16a27.499.log'
[2025-12-12 08:28:01] [generate_and_run_up_to_limit] Failed to run formula pdtvisvsa16a27 with K=499, halting
