CNF written.
CNF written.
CNF written.
CNF written.
CNF written.
CNF written.
CNF written.
CNF written.
CNF written.
CNF written.
CNF written.
CNF written.
CNF written.
CNF written.
[2025-12-12 07:50:06] [generate_and_run_up_to_limit] Generating and running picorv32_mutAX_nomem-p2 with K<=500 up to limit 1600
[2025-12-12 07:50:06] [generate_cnf] Generating formula picorv32_mutAX_nomem-p2 with K=1
[2025-12-12 07:50:07] [run_formula] Running formula picorv32_mutAX_nomem-p2 with K=1 up to limit 1600
[2025-12-12 07:50:07] [generate_cnf] Generating formula picorv32_mutAX_nomem-p2 with K=2
[2025-12-12 07:50:08] [run_formula] Running formula picorv32_mutAX_nomem-p2 with K=2 up to limit 1600
[2025-12-12 07:50:08] [generate_cnf] Generating formula picorv32_mutAX_nomem-p2 with K=3
[2025-12-12 07:50:09] [run_formula] Running formula picorv32_mutAX_nomem-p2 with K=3 up to limit 1600
[2025-12-12 07:50:09] [generate_cnf] Generating formula picorv32_mutAX_nomem-p2 with K=4
[2025-12-12 07:50:10] [run_formula] Running formula picorv32_mutAX_nomem-p2 with K=4 up to limit 1600
[2025-12-12 07:50:10] [generate_cnf] Generating formula picorv32_mutAX_nomem-p2 with K=5
[2025-12-12 07:50:11] [run_formula] Running formula picorv32_mutAX_nomem-p2 with K=5 up to limit 1600
[2025-12-12 07:50:12] [generate_cnf] Generating formula picorv32_mutAX_nomem-p2 with K=6
[2025-12-12 07:50:13] [run_formula] Running formula picorv32_mutAX_nomem-p2 with K=6 up to limit 1600
[2025-12-12 07:50:14] [generate_cnf] Generating formula picorv32_mutAX_nomem-p2 with K=7
[2025-12-12 07:50:15] [run_formula] Running formula picorv32_mutAX_nomem-p2 with K=7 up to limit 1600
[2025-12-12 07:50:16] [generate_cnf] Generating formula picorv32_mutAX_nomem-p2 with K=8
[2025-12-12 07:50:18] [run_formula] Running formula picorv32_mutAX_nomem-p2 with K=8 up to limit 1600
[2025-12-12 07:50:18] [generate_cnf] Generating formula picorv32_mutAX_nomem-p2 with K=9
[2025-12-12 07:50:21] [run_formula] Running formula picorv32_mutAX_nomem-p2 with K=9 up to limit 1600
[2025-12-12 07:50:22] [generate_cnf] Generating formula picorv32_mutAX_nomem-p2 with K=10
[2025-12-12 07:50:25] [run_formula] Running formula picorv32_mutAX_nomem-p2 with K=10 up to limit 1600
[2025-12-12 07:50:27] [generate_cnf] Generating formula picorv32_mutAX_nomem-p2 with K=11
[2025-12-12 07:50:29] [run_formula] Running formula picorv32_mutAX_nomem-p2 with K=11 up to limit 1600
[2025-12-12 07:51:28] [generate_cnf] Generating formula picorv32_mutAX_nomem-p2 with K=12
[2025-12-12 07:51:31] [run_formula] Running formula picorv32_mutAX_nomem-p2 with K=12 up to limit 1600
[2025-12-12 07:54:37] [generate_cnf] Generating formula picorv32_mutAX_nomem-p2 with K=13
[2025-12-12 07:54:40] [run_formula] Running formula picorv32_mutAX_nomem-p2 with K=13 up to limit 1600
[2025-12-12 08:03:19] [generate_cnf] Generating formula picorv32_mutAX_nomem-p2 with K=14
[2025-12-12 08:03:22] [run_formula] Running formula picorv32_mutAX_nomem-p2 with K=14 up to limit 1600
[2025-12-12 08:30:02] [run_formula] Formula picorv32_mutAX_nomem-p2 with K=14 timed out after 1600 seconds
[2025-12-12 08:30:02] [generate_and_run_up_to_limit] Failed to run formula picorv32_mutAX_nomem-p2 with K=14, halting
