CNF written.
CNF written.
CNF written.
CNF written.
CNF written.
CNF written.
CNF written.
CNF written.
CNF written.
CNF written.
CNF written.
CNF written.
CNF written.
CNF written.
CNF written.
CNF written.
[2025-12-12 07:03:56] [generate_and_run_up_to_limit] Generating and running picorv32_mutBY_nomem-p7 with K<=500 up to limit 1600
[2025-12-12 07:03:56] [generate_cnf] Generating formula picorv32_mutBY_nomem-p7 with K=1
[2025-12-12 07:03:56] [run_formula] Running formula picorv32_mutBY_nomem-p7 with K=1 up to limit 1600
[2025-12-12 07:03:56] [generate_cnf] Generating formula picorv32_mutBY_nomem-p7 with K=2
[2025-12-12 07:03:57] [run_formula] Running formula picorv32_mutBY_nomem-p7 with K=2 up to limit 1600
[2025-12-12 07:03:57] [generate_cnf] Generating formula picorv32_mutBY_nomem-p7 with K=3
[2025-12-12 07:03:58] [run_formula] Running formula picorv32_mutBY_nomem-p7 with K=3 up to limit 1600
[2025-12-12 07:03:58] [generate_cnf] Generating formula picorv32_mutBY_nomem-p7 with K=4
[2025-12-12 07:03:59] [run_formula] Running formula picorv32_mutBY_nomem-p7 with K=4 up to limit 1600
[2025-12-12 07:04:00] [generate_cnf] Generating formula picorv32_mutBY_nomem-p7 with K=5
[2025-12-12 07:04:01] [run_formula] Running formula picorv32_mutBY_nomem-p7 with K=5 up to limit 1600
[2025-12-12 07:04:01] [generate_cnf] Generating formula picorv32_mutBY_nomem-p7 with K=6
[2025-12-12 07:04:03] [run_formula] Running formula picorv32_mutBY_nomem-p7 with K=6 up to limit 1600
[2025-12-12 07:04:03] [generate_cnf] Generating formula picorv32_mutBY_nomem-p7 with K=7
[2025-12-12 07:04:05] [run_formula] Running formula picorv32_mutBY_nomem-p7 with K=7 up to limit 1600
[2025-12-12 07:04:05] [generate_cnf] Generating formula picorv32_mutBY_nomem-p7 with K=8
[2025-12-12 07:04:07] [run_formula] Running formula picorv32_mutBY_nomem-p7 with K=8 up to limit 1600
[2025-12-12 07:04:08] [generate_cnf] Generating formula picorv32_mutBY_nomem-p7 with K=9
[2025-12-12 07:04:10] [run_formula] Running formula picorv32_mutBY_nomem-p7 with K=9 up to limit 1600
[2025-12-12 07:04:12] [generate_cnf] Generating formula picorv32_mutBY_nomem-p7 with K=10
[2025-12-12 07:04:14] [run_formula] Running formula picorv32_mutBY_nomem-p7 with K=10 up to limit 1600
[2025-12-12 07:04:17] [generate_cnf] Generating formula picorv32_mutBY_nomem-p7 with K=11
[2025-12-12 07:04:20] [run_formula] Running formula picorv32_mutBY_nomem-p7 with K=11 up to limit 1600
[2025-12-12 07:04:26] [generate_cnf] Generating formula picorv32_mutBY_nomem-p7 with K=12
[2025-12-12 07:04:29] [run_formula] Running formula picorv32_mutBY_nomem-p7 with K=12 up to limit 1600
[2025-12-12 07:04:44] [generate_cnf] Generating formula picorv32_mutBY_nomem-p7 with K=13
[2025-12-12 07:04:47] [run_formula] Running formula picorv32_mutBY_nomem-p7 with K=13 up to limit 1600
[2025-12-12 07:05:13] [generate_cnf] Generating formula picorv32_mutBY_nomem-p7 with K=14
[2025-12-12 07:05:16] [run_formula] Running formula picorv32_mutBY_nomem-p7 with K=14 up to limit 1600
[2025-12-12 07:08:33] [generate_cnf] Generating formula picorv32_mutBY_nomem-p7 with K=15
[2025-12-12 07:08:36] [run_formula] Running formula picorv32_mutBY_nomem-p7 with K=15 up to limit 1600
[2025-12-12 07:22:29] [generate_cnf] Generating formula picorv32_mutBY_nomem-p7 with K=16
[2025-12-12 07:22:33] [run_formula] Running formula picorv32_mutBY_nomem-p7 with K=16 up to limit 1600
[2025-12-12 07:49:13] [run_formula] Formula picorv32_mutBY_nomem-p7 with K=16 timed out after 1600 seconds
[2025-12-12 07:49:13] [generate_and_run_up_to_limit] Failed to run formula picorv32_mutBY_nomem-p7 with K=16, halting
