CNF written.
CNF written.
CNF written.
CNF written.
CNF written.
CNF written.
CNF written.
CNF written.
CNF written.
CNF written.
CNF written.
CNF written.
CNF written.
CNF written.
CNF written.
CNF written.
CNF written.
CNF written.
CNF written.
CNF written.
CNF written.
CNF written.
CNF written.
CNF written.
CNF written.
CNF written.
CNF written.
CNF written.
CNF written.
CNF written.
CNF written.
CNF written.
CNF written.
CNF written.
CNF written.
CNF written.
CNF written.
CNF written.
CNF written.
CNF written.
CNF written.
CNF written.
CNF written.
CNF written.
CNF written.
CNF written.
CNF written.
CNF written.
CNF written.
[2025-12-12 16:20:26] [generate_and_run_up_to_limit] Generating and running picorv32-check-p05 with K<=500 up to limit 1600
[2025-12-12 16:20:26] [generate_cnf] Generating formula picorv32-check-p05 with K=1
[2025-12-12 16:20:26] [run_formula] Running formula picorv32-check-p05 with K=1 up to limit 1600
[2025-12-12 16:20:26] [generate_cnf] Generating formula picorv32-check-p05 with K=2
[2025-12-12 16:20:26] [run_formula] Running formula picorv32-check-p05 with K=2 up to limit 1600
[2025-12-12 16:20:26] [generate_cnf] Generating formula picorv32-check-p05 with K=3
[2025-12-12 16:20:26] [run_formula] Running formula picorv32-check-p05 with K=3 up to limit 1600
[2025-12-12 16:20:26] [generate_cnf] Generating formula picorv32-check-p05 with K=4
[2025-12-12 16:20:26] [run_formula] Running formula picorv32-check-p05 with K=4 up to limit 1600
[2025-12-12 16:20:26] [generate_cnf] Generating formula picorv32-check-p05 with K=5
[2025-12-12 16:20:26] [run_formula] Running formula picorv32-check-p05 with K=5 up to limit 1600
[2025-12-12 16:20:26] [generate_cnf] Generating formula picorv32-check-p05 with K=6
[2025-12-12 16:20:26] [run_formula] Running formula picorv32-check-p05 with K=6 up to limit 1600
[2025-12-12 16:20:26] [generate_cnf] Generating formula picorv32-check-p05 with K=7
[2025-12-12 16:20:26] [run_formula] Running formula picorv32-check-p05 with K=7 up to limit 1600
[2025-12-12 16:20:26] [generate_cnf] Generating formula picorv32-check-p05 with K=8
[2025-12-12 16:20:26] [run_formula] Running formula picorv32-check-p05 with K=8 up to limit 1600
[2025-12-12 16:20:26] [generate_cnf] Generating formula picorv32-check-p05 with K=9
[2025-12-12 16:20:26] [run_formula] Running formula picorv32-check-p05 with K=9 up to limit 1600
[2025-12-12 16:20:26] [generate_cnf] Generating formula picorv32-check-p05 with K=10
[2025-12-12 16:20:26] [run_formula] Running formula picorv32-check-p05 with K=10 up to limit 1600
[2025-12-12 16:20:26] [generate_cnf] Generating formula picorv32-check-p05 with K=11
[2025-12-12 16:20:26] [run_formula] Running formula picorv32-check-p05 with K=11 up to limit 1600
[2025-12-12 16:20:26] [generate_cnf] Generating formula picorv32-check-p05 with K=12
[2025-12-12 16:20:26] [run_formula] Running formula picorv32-check-p05 with K=12 up to limit 1600
[2025-12-12 16:20:26] [generate_cnf] Generating formula picorv32-check-p05 with K=13
[2025-12-12 16:20:26] [run_formula] Running formula picorv32-check-p05 with K=13 up to limit 1600
[2025-12-12 16:20:26] [generate_cnf] Generating formula picorv32-check-p05 with K=14
[2025-12-12 16:20:26] [run_formula] Running formula picorv32-check-p05 with K=14 up to limit 1600
[2025-12-12 16:20:26] [generate_cnf] Generating formula picorv32-check-p05 with K=15
[2025-12-12 16:20:26] [run_formula] Running formula picorv32-check-p05 with K=15 up to limit 1600
[2025-12-12 16:20:26] [generate_cnf] Generating formula picorv32-check-p05 with K=16
[2025-12-12 16:20:26] [run_formula] Running formula picorv32-check-p05 with K=16 up to limit 1600
[2025-12-12 16:20:26] [generate_cnf] Generating formula picorv32-check-p05 with K=17
[2025-12-12 16:20:26] [run_formula] Running formula picorv32-check-p05 with K=17 up to limit 1600
[2025-12-12 16:20:26] [generate_cnf] Generating formula picorv32-check-p05 with K=18
[2025-12-12 16:20:26] [run_formula] Running formula picorv32-check-p05 with K=18 up to limit 1600
[2025-12-12 16:20:26] [generate_cnf] Generating formula picorv32-check-p05 with K=19
[2025-12-12 16:20:26] [run_formula] Running formula picorv32-check-p05 with K=19 up to limit 1600
[2025-12-12 16:20:26] [generate_cnf] Generating formula picorv32-check-p05 with K=20
[2025-12-12 16:20:26] [run_formula] Running formula picorv32-check-p05 with K=20 up to limit 1600
[2025-12-12 16:20:26] [generate_cnf] Generating formula picorv32-check-p05 with K=21
[2025-12-12 16:20:26] [run_formula] Running formula picorv32-check-p05 with K=21 up to limit 1600
[2025-12-12 16:20:26] [generate_cnf] Generating formula picorv32-check-p05 with K=22
[2025-12-12 16:20:26] [run_formula] Running formula picorv32-check-p05 with K=22 up to limit 1600
[2025-12-12 16:20:26] [generate_cnf] Generating formula picorv32-check-p05 with K=23
[2025-12-12 16:20:26] [run_formula] Running formula picorv32-check-p05 with K=23 up to limit 1600
[2025-12-12 16:20:26] [generate_cnf] Generating formula picorv32-check-p05 with K=24
[2025-12-12 16:20:26] [run_formula] Running formula picorv32-check-p05 with K=24 up to limit 1600
[2025-12-12 16:20:26] [generate_cnf] Generating formula picorv32-check-p05 with K=25
[2025-12-12 16:20:26] [run_formula] Running formula picorv32-check-p05 with K=25 up to limit 1600
[2025-12-12 16:20:26] [generate_cnf] Generating formula picorv32-check-p05 with K=26
[2025-12-12 16:20:26] [run_formula] Running formula picorv32-check-p05 with K=26 up to limit 1600
[2025-12-12 16:20:26] [generate_cnf] Generating formula picorv32-check-p05 with K=27
[2025-12-12 16:20:26] [run_formula] Running formula picorv32-check-p05 with K=27 up to limit 1600
[2025-12-12 16:20:26] [generate_cnf] Generating formula picorv32-check-p05 with K=28
[2025-12-12 16:20:26] [run_formula] Running formula picorv32-check-p05 with K=28 up to limit 1600
[2025-12-12 16:20:26] [generate_cnf] Generating formula picorv32-check-p05 with K=29
[2025-12-12 16:20:26] [run_formula] Running formula picorv32-check-p05 with K=29 up to limit 1600
[2025-12-12 16:20:26] [generate_cnf] Generating formula picorv32-check-p05 with K=30
[2025-12-12 16:20:26] [run_formula] Running formula picorv32-check-p05 with K=30 up to limit 1600
[2025-12-12 16:20:26] [generate_cnf] Generating formula picorv32-check-p05 with K=31
[2025-12-12 16:20:26] [run_formula] Running formula picorv32-check-p05 with K=31 up to limit 1600
[2025-12-12 16:20:26] [generate_cnf] Generating formula picorv32-check-p05 with K=32
[2025-12-12 16:20:26] [run_formula] Running formula picorv32-check-p05 with K=32 up to limit 1600
[2025-12-12 16:20:26] [generate_cnf] Generating formula picorv32-check-p05 with K=33
[2025-12-12 16:20:26] [run_formula] Running formula picorv32-check-p05 with K=33 up to limit 1600
[2025-12-12 16:20:26] [generate_cnf] Generating formula picorv32-check-p05 with K=34
[2025-12-12 16:20:26] [run_formula] Running formula picorv32-check-p05 with K=34 up to limit 1600
[2025-12-12 16:20:26] [generate_cnf] Generating formula picorv32-check-p05 with K=35
[2025-12-12 16:20:26] [run_formula] Running formula picorv32-check-p05 with K=35 up to limit 1600
[2025-12-12 16:20:26] [generate_cnf] Generating formula picorv32-check-p05 with K=36
[2025-12-12 16:20:27] [run_formula] Running formula picorv32-check-p05 with K=36 up to limit 1600
[2025-12-12 16:20:27] [generate_cnf] Generating formula picorv32-check-p05 with K=37
[2025-12-12 16:20:27] [run_formula] Running formula picorv32-check-p05 with K=37 up to limit 1600
[2025-12-12 16:20:27] [generate_cnf] Generating formula picorv32-check-p05 with K=38
[2025-12-12 16:20:27] [run_formula] Running formula picorv32-check-p05 with K=38 up to limit 1600
[2025-12-12 16:20:27] [generate_cnf] Generating formula picorv32-check-p05 with K=39
[2025-12-12 16:20:27] [run_formula] Running formula picorv32-check-p05 with K=39 up to limit 1600
[2025-12-12 16:20:27] [generate_cnf] Generating formula picorv32-check-p05 with K=40
[2025-12-12 16:20:27] [run_formula] Running formula picorv32-check-p05 with K=40 up to limit 1600
[2025-12-12 16:20:27] [generate_cnf] Generating formula picorv32-check-p05 with K=41
[2025-12-12 16:20:27] [run_formula] Running formula picorv32-check-p05 with K=41 up to limit 1600
[2025-12-12 16:20:27] [generate_cnf] Generating formula picorv32-check-p05 with K=42
[2025-12-12 16:20:27] [run_formula] Running formula picorv32-check-p05 with K=42 up to limit 1600
[2025-12-12 16:20:27] [generate_cnf] Generating formula picorv32-check-p05 with K=43
[2025-12-12 16:20:27] [run_formula] Running formula picorv32-check-p05 with K=43 up to limit 1600
[2025-12-12 16:20:27] [generate_cnf] Generating formula picorv32-check-p05 with K=44
[2025-12-12 16:20:27] [run_formula] Running formula picorv32-check-p05 with K=44 up to limit 1600
[2025-12-12 16:20:27] [generate_cnf] Generating formula picorv32-check-p05 with K=45
[2025-12-12 16:20:27] [run_formula] Running formula picorv32-check-p05 with K=45 up to limit 1600
[2025-12-12 16:20:27] [generate_cnf] Generating formula picorv32-check-p05 with K=46
[2025-12-12 16:20:27] [run_formula] Running formula picorv32-check-p05 with K=46 up to limit 1600
[2025-12-12 16:20:27] [generate_cnf] Generating formula picorv32-check-p05 with K=47
[2025-12-12 16:20:27] [run_formula] Running formula picorv32-check-p05 with K=47 up to limit 1600
[2025-12-12 16:20:27] [generate_cnf] Generating formula picorv32-check-p05 with K=48
[2025-12-12 16:20:27] [run_formula] Running formula picorv32-check-p05 with K=48 up to limit 1600
[2025-12-12 16:20:27] [generate_cnf] Generating formula picorv32-check-p05 with K=49
[2025-12-12 16:20:27] [run_formula] Running formula picorv32-check-p05 with K=49 up to limit 1600
[2025-12-12 16:20:27] [generate_cnf] Generating formula picorv32-check-p05 with K=50
[2025-12-12 16:20:27] [run_formula] Running formula picorv32-check-p05 with K=50 up to limit 1600
[2025-12-12 16:20:27] [generate_cnf] Generating formula picorv32-check-p05 with K=51
[2025-12-12 16:20:27] [run_formula] Running formula picorv32-check-p05 with K=51 up to limit 1600
[2025-12-12 16:20:27] [generate_cnf] Generating formula picorv32-check-p05 with K=52
[2025-12-12 16:20:27] [run_formula] Running formula picorv32-check-p05 with K=52 up to limit 1600
[2025-12-12 16:20:27] [generate_cnf] Generating formula picorv32-check-p05 with K=53
[2025-12-12 16:20:27] [run_formula] Running formula picorv32-check-p05 with K=53 up to limit 1600
[2025-12-12 16:20:27] [generate_cnf] Generating formula picorv32-check-p05 with K=54
[2025-12-12 16:20:27] [run_formula] Running formula picorv32-check-p05 with K=54 up to limit 1600
[2025-12-12 16:20:27] [generate_cnf] Generating formula picorv32-check-p05 with K=55
[2025-12-12 16:20:27] [run_formula] Running formula picorv32-check-p05 with K=55 up to limit 1600
[2025-12-12 16:20:27] [generate_cnf] Generating formula picorv32-check-p05 with K=56
[2025-12-12 16:20:27] [run_formula] Running formula picorv32-check-p05 with K=56 up to limit 1600
[2025-12-12 16:20:27] [generate_cnf] Generating formula picorv32-check-p05 with K=57
[2025-12-12 16:20:27] [run_formula] Running formula picorv32-check-p05 with K=57 up to limit 1600
[2025-12-12 16:20:27] [generate_cnf] Generating formula picorv32-check-p05 with K=58
[2025-12-12 16:20:27] [run_formula] Running formula picorv32-check-p05 with K=58 up to limit 1600
[2025-12-12 16:20:27] [generate_cnf] Generating formula picorv32-check-p05 with K=59
[2025-12-12 16:20:27] [run_formula] Running formula picorv32-check-p05 with K=59 up to limit 1600
[2025-12-12 16:20:27] [generate_cnf] Generating formula picorv32-check-p05 with K=60
[2025-12-12 16:20:27] [run_formula] Running formula picorv32-check-p05 with K=60 up to limit 1600
[2025-12-12 16:20:27] [generate_cnf] Generating formula picorv32-check-p05 with K=61
[2025-12-12 16:20:27] [run_formula] Running formula picorv32-check-p05 with K=61 up to limit 1600
[2025-12-12 16:20:27] [generate_cnf] Generating formula picorv32-check-p05 with K=62
[2025-12-12 16:20:27] [run_formula] Running formula picorv32-check-p05 with K=62 up to limit 1600
[2025-12-12 16:20:27] [generate_cnf] Generating formula picorv32-check-p05 with K=63
[2025-12-12 16:20:27] [run_formula] Running formula picorv32-check-p05 with K=63 up to limit 1600
[2025-12-12 16:20:27] [generate_cnf] Generating formula picorv32-check-p05 with K=64
[2025-12-12 16:20:27] [run_formula] Running formula picorv32-check-p05 with K=64 up to limit 1600
[2025-12-12 16:20:27] [generate_cnf] Generating formula picorv32-check-p05 with K=65
[2025-12-12 16:20:27] [run_formula] Running formula picorv32-check-p05 with K=65 up to limit 1600
[2025-12-12 16:20:27] [generate_cnf] Generating formula picorv32-check-p05 with K=66
[2025-12-12 16:20:27] [run_formula] Running formula picorv32-check-p05 with K=66 up to limit 1600
[2025-12-12 16:20:27] [generate_cnf] Generating formula picorv32-check-p05 with K=67
[2025-12-12 16:20:27] [run_formula] Running formula picorv32-check-p05 with K=67 up to limit 1600
[2025-12-12 16:20:27] [generate_cnf] Generating formula picorv32-check-p05 with K=68
[2025-12-12 16:20:27] [run_formula] Running formula picorv32-check-p05 with K=68 up to limit 1600
[2025-12-12 16:20:27] [generate_cnf] Generating formula picorv32-check-p05 with K=69
[2025-12-12 16:20:27] [run_formula] Running formula picorv32-check-p05 with K=69 up to limit 1600
[2025-12-12 16:20:27] [generate_cnf] Generating formula picorv32-check-p05 with K=70
[2025-12-12 16:20:27] [run_formula] Running formula picorv32-check-p05 with K=70 up to limit 1600
[2025-12-12 16:20:27] [generate_cnf] Generating formula picorv32-check-p05 with K=71
[2025-12-12 16:20:27] [run_formula] Running formula picorv32-check-p05 with K=71 up to limit 1600
[2025-12-12 16:20:27] [generate_cnf] Generating formula picorv32-check-p05 with K=72
[2025-12-12 16:20:27] [run_formula] Running formula picorv32-check-p05 with K=72 up to limit 1600
[2025-12-12 16:20:27] [generate_cnf] Generating formula picorv32-check-p05 with K=73
[2025-12-12 16:20:27] [run_formula] Running formula picorv32-check-p05 with K=73 up to limit 1600
[2025-12-12 16:20:27] [generate_cnf] Generating formula picorv32-check-p05 with K=74
[2025-12-12 16:20:27] [run_formula] Running formula picorv32-check-p05 with K=74 up to limit 1600
[2025-12-12 16:20:27] [generate_cnf] Generating formula picorv32-check-p05 with K=75
[2025-12-12 16:20:27] [run_formula] Running formula picorv32-check-p05 with K=75 up to limit 1600
[2025-12-12 16:20:27] [generate_cnf] Generating formula picorv32-check-p05 with K=76
[2025-12-12 16:20:27] [run_formula] Running formula picorv32-check-p05 with K=76 up to limit 1600
[2025-12-12 16:20:27] [generate_cnf] Generating formula picorv32-check-p05 with K=77
[2025-12-12 16:20:27] [run_formula] Running formula picorv32-check-p05 with K=77 up to limit 1600
[2025-12-12 16:20:27] [generate_cnf] Generating formula picorv32-check-p05 with K=78
[2025-12-12 16:20:27] [run_formula] Running formula picorv32-check-p05 with K=78 up to limit 1600
[2025-12-12 16:20:27] [generate_cnf] Generating formula picorv32-check-p05 with K=79
[2025-12-12 16:20:27] [run_formula] Running formula picorv32-check-p05 with K=79 up to limit 1600
[2025-12-12 16:20:27] [generate_cnf] Generating formula picorv32-check-p05 with K=80
[2025-12-12 16:20:27] [run_formula] Running formula picorv32-check-p05 with K=80 up to limit 1600
[2025-12-12 16:20:27] [generate_cnf] Generating formula picorv32-check-p05 with K=81
[2025-12-12 16:20:27] [run_formula] Running formula picorv32-check-p05 with K=81 up to limit 1600
[2025-12-12 16:20:27] [generate_cnf] Generating formula picorv32-check-p05 with K=82
[2025-12-12 16:20:27] [run_formula] Running formula picorv32-check-p05 with K=82 up to limit 1600
[2025-12-12 16:20:27] [generate_cnf] Generating formula picorv32-check-p05 with K=83
[2025-12-12 16:20:27] [run_formula] Running formula picorv32-check-p05 with K=83 up to limit 1600
[2025-12-12 16:20:27] [generate_cnf] Generating formula picorv32-check-p05 with K=84
[2025-12-12 16:20:27] [run_formula] Running formula picorv32-check-p05 with K=84 up to limit 1600
[2025-12-12 16:20:27] [generate_cnf] Generating formula picorv32-check-p05 with K=85
[2025-12-12 16:20:27] [run_formula] Running formula picorv32-check-p05 with K=85 up to limit 1600
[2025-12-12 16:20:27] [generate_cnf] Generating formula picorv32-check-p05 with K=86
[2025-12-12 16:20:27] [run_formula] Running formula picorv32-check-p05 with K=86 up to limit 1600
[2025-12-12 16:20:27] [generate_cnf] Generating formula picorv32-check-p05 with K=87
[2025-12-12 16:20:27] [run_formula] Running formula picorv32-check-p05 with K=87 up to limit 1600
[2025-12-12 16:20:27] [generate_cnf] Generating formula picorv32-check-p05 with K=88
[2025-12-12 16:20:27] [run_formula] Running formula picorv32-check-p05 with K=88 up to limit 1600
[2025-12-12 16:20:27] [generate_cnf] Generating formula picorv32-check-p05 with K=89
[2025-12-12 16:20:27] [run_formula] Running formula picorv32-check-p05 with K=89 up to limit 1600
[2025-12-12 16:20:27] [generate_cnf] Generating formula picorv32-check-p05 with K=90
[2025-12-12 16:20:27] [run_formula] Running formula picorv32-check-p05 with K=90 up to limit 1600
[2025-12-12 16:20:27] [generate_cnf] Generating formula picorv32-check-p05 with K=91
[2025-12-12 16:20:27] [run_formula] Running formula picorv32-check-p05 with K=91 up to limit 1600
[2025-12-12 16:20:27] [generate_cnf] Generating formula picorv32-check-p05 with K=92
[2025-12-12 16:20:27] [run_formula] Running formula picorv32-check-p05 with K=92 up to limit 1600
[2025-12-12 16:20:27] [generate_cnf] Generating formula picorv32-check-p05 with K=93
[2025-12-12 16:20:27] [run_formula] Running formula picorv32-check-p05 with K=93 up to limit 1600
[2025-12-12 16:20:27] [generate_cnf] Generating formula picorv32-check-p05 with K=94
[2025-12-12 16:20:27] [run_formula] Running formula picorv32-check-p05 with K=94 up to limit 1600
[2025-12-12 16:20:27] [generate_cnf] Generating formula picorv32-check-p05 with K=95
[2025-12-12 16:20:27] [run_formula] Running formula picorv32-check-p05 with K=95 up to limit 1600
[2025-12-12 16:20:27] [generate_cnf] Generating formula picorv32-check-p05 with K=96
[2025-12-12 16:20:27] [run_formula] Running formula picorv32-check-p05 with K=96 up to limit 1600
[2025-12-12 16:20:27] [generate_cnf] Generating formula picorv32-check-p05 with K=97
[2025-12-12 16:20:27] [run_formula] Running formula picorv32-check-p05 with K=97 up to limit 1600
[2025-12-12 16:20:27] [generate_cnf] Generating formula picorv32-check-p05 with K=98
[2025-12-12 16:20:27] [run_formula] Running formula picorv32-check-p05 with K=98 up to limit 1600
[2025-12-12 16:20:27] [generate_cnf] Generating formula picorv32-check-p05 with K=99
[2025-12-12 16:20:27] [run_formula] Running formula picorv32-check-p05 with K=99 up to limit 1600
[2025-12-12 16:20:27] [generate_cnf] Generating formula picorv32-check-p05 with K=100
[2025-12-12 16:20:27] [run_formula] Running formula picorv32-check-p05 with K=100 up to limit 1600
[2025-12-12 16:20:27] [generate_cnf] Generating formula picorv32-check-p05 with K=101
[2025-12-12 16:20:27] [run_formula] Running formula picorv32-check-p05 with K=101 up to limit 1600
[2025-12-12 16:20:27] [generate_cnf] Generating formula picorv32-check-p05 with K=102
[2025-12-12 16:20:27] [run_formula] Running formula picorv32-check-p05 with K=102 up to limit 1600
[2025-12-12 16:20:27] [generate_cnf] Generating formula picorv32-check-p05 with K=103
[2025-12-12 16:20:27] [run_formula] Running formula picorv32-check-p05 with K=103 up to limit 1600
[2025-12-12 16:20:27] [generate_cnf] Generating formula picorv32-check-p05 with K=104
[2025-12-12 16:20:27] [run_formula] Running formula picorv32-check-p05 with K=104 up to limit 1600
[2025-12-12 16:20:27] [generate_cnf] Generating formula picorv32-check-p05 with K=105
[2025-12-12 16:20:27] [run_formula] Running formula picorv32-check-p05 with K=105 up to limit 1600
[2025-12-12 16:20:27] [generate_cnf] Generating formula picorv32-check-p05 with K=106
[2025-12-12 16:20:27] [run_formula] Running formula picorv32-check-p05 with K=106 up to limit 1600
[2025-12-12 16:20:27] [generate_cnf] Generating formula picorv32-check-p05 with K=107
[2025-12-12 16:20:27] [run_formula] Running formula picorv32-check-p05 with K=107 up to limit 1600
[2025-12-12 16:20:27] [generate_cnf] Generating formula picorv32-check-p05 with K=108
[2025-12-12 16:20:27] [run_formula] Running formula picorv32-check-p05 with K=108 up to limit 1600
[2025-12-12 16:20:27] [generate_cnf] Generating formula picorv32-check-p05 with K=109
[2025-12-12 16:20:27] [run_formula] Running formula picorv32-check-p05 with K=109 up to limit 1600
[2025-12-12 16:20:27] [generate_cnf] Generating formula picorv32-check-p05 with K=110
[2025-12-12 16:20:27] [run_formula] Running formula picorv32-check-p05 with K=110 up to limit 1600
[2025-12-12 16:20:27] [generate_cnf] Generating formula picorv32-check-p05 with K=111
[2025-12-12 16:20:27] [run_formula] Running formula picorv32-check-p05 with K=111 up to limit 1600
[2025-12-12 16:20:27] [generate_cnf] Generating formula picorv32-check-p05 with K=112
[2025-12-12 16:20:27] [run_formula] Running formula picorv32-check-p05 with K=112 up to limit 1600
[2025-12-12 16:20:27] [generate_cnf] Generating formula picorv32-check-p05 with K=113
[2025-12-12 16:20:27] [run_formula] Running formula picorv32-check-p05 with K=113 up to limit 1600
[2025-12-12 16:20:27] [generate_cnf] Generating formula picorv32-check-p05 with K=114
[2025-12-12 16:20:27] [run_formula] Running formula picorv32-check-p05 with K=114 up to limit 1600
[2025-12-12 16:20:27] [generate_cnf] Generating formula picorv32-check-p05 with K=115
[2025-12-12 16:20:27] [run_formula] Running formula picorv32-check-p05 with K=115 up to limit 1600
[2025-12-12 16:20:27] [generate_cnf] Generating formula picorv32-check-p05 with K=116
[2025-12-12 16:20:27] [run_formula] Running formula picorv32-check-p05 with K=116 up to limit 1600
[2025-12-12 16:20:27] [generate_cnf] Generating formula picorv32-check-p05 with K=117
[2025-12-12 16:20:27] [run_formula] Running formula picorv32-check-p05 with K=117 up to limit 1600
[2025-12-12 16:20:27] [generate_cnf] Generating formula picorv32-check-p05 with K=118
[2025-12-12 16:20:27] [run_formula] Running formula picorv32-check-p05 with K=118 up to limit 1600
[2025-12-12 16:20:27] [generate_cnf] Generating formula picorv32-check-p05 with K=119
[2025-12-12 16:20:27] [run_formula] Running formula picorv32-check-p05 with K=119 up to limit 1600
[2025-12-12 16:20:27] [generate_cnf] Generating formula picorv32-check-p05 with K=120
[2025-12-12 16:20:27] [run_formula] Running formula picorv32-check-p05 with K=120 up to limit 1600
[2025-12-12 16:20:27] [generate_cnf] Generating formula picorv32-check-p05 with K=121
[2025-12-12 16:20:27] [run_formula] Running formula picorv32-check-p05 with K=121 up to limit 1600
[2025-12-12 16:20:27] [generate_cnf] Generating formula picorv32-check-p05 with K=122
[2025-12-12 16:20:27] [run_formula] Running formula picorv32-check-p05 with K=122 up to limit 1600
[2025-12-12 16:20:27] [generate_cnf] Generating formula picorv32-check-p05 with K=123
[2025-12-12 16:20:27] [run_formula] Running formula picorv32-check-p05 with K=123 up to limit 1600
[2025-12-12 16:20:27] [generate_cnf] Generating formula picorv32-check-p05 with K=124
[2025-12-12 16:20:27] [run_formula] Running formula picorv32-check-p05 with K=124 up to limit 1600
[2025-12-12 16:20:27] [generate_cnf] Generating formula picorv32-check-p05 with K=125
[2025-12-12 16:20:27] [run_formula] Running formula picorv32-check-p05 with K=125 up to limit 1600
[2025-12-12 16:20:27] [generate_cnf] Generating formula picorv32-check-p05 with K=126
[2025-12-12 16:20:27] [run_formula] Running formula picorv32-check-p05 with K=126 up to limit 1600
[2025-12-12 16:20:27] [generate_cnf] Generating formula picorv32-check-p05 with K=127
[2025-12-12 16:20:27] [run_formula] Running formula picorv32-check-p05 with K=127 up to limit 1600
[2025-12-12 16:20:27] [generate_cnf] Generating formula picorv32-check-p05 with K=128
[2025-12-12 16:20:27] [run_formula] Running formula picorv32-check-p05 with K=128 up to limit 1600
[2025-12-12 16:20:27] [generate_cnf] Generating formula picorv32-check-p05 with K=129
[2025-12-12 16:20:27] [run_formula] Running formula picorv32-check-p05 with K=129 up to limit 1600
[2025-12-12 16:20:27] [generate_cnf] Generating formula picorv32-check-p05 with K=130
[2025-12-12 16:20:27] [run_formula] Running formula picorv32-check-p05 with K=130 up to limit 1600
[2025-12-12 16:20:27] [generate_cnf] Generating formula picorv32-check-p05 with K=131
[2025-12-12 16:20:27] [run_formula] Running formula picorv32-check-p05 with K=131 up to limit 1600
[2025-12-12 16:20:27] [generate_cnf] Generating formula picorv32-check-p05 with K=132
[2025-12-12 16:20:27] [run_formula] Running formula picorv32-check-p05 with K=132 up to limit 1600
[2025-12-12 16:20:27] [generate_cnf] Generating formula picorv32-check-p05 with K=133
[2025-12-12 16:20:27] [run_formula] Running formula picorv32-check-p05 with K=133 up to limit 1600
[2025-12-12 16:20:27] [generate_cnf] Generating formula picorv32-check-p05 with K=134
[2025-12-12 16:20:27] [run_formula] Running formula picorv32-check-p05 with K=134 up to limit 1600
[2025-12-12 16:20:27] [generate_cnf] Generating formula picorv32-check-p05 with K=135
[2025-12-12 16:20:27] [run_formula] Running formula picorv32-check-p05 with K=135 up to limit 1600
[2025-12-12 16:20:27] [generate_cnf] Generating formula picorv32-check-p05 with K=136
[2025-12-12 16:20:27] [run_formula] Running formula picorv32-check-p05 with K=136 up to limit 1600
[2025-12-12 16:20:27] [generate_cnf] Generating formula picorv32-check-p05 with K=137
[2025-12-12 16:20:27] [run_formula] Running formula picorv32-check-p05 with K=137 up to limit 1600
[2025-12-12 16:20:27] [generate_cnf] Generating formula picorv32-check-p05 with K=138
[2025-12-12 16:20:27] [run_formula] Running formula picorv32-check-p05 with K=138 up to limit 1600
[2025-12-12 16:20:27] [generate_cnf] Generating formula picorv32-check-p05 with K=139
[2025-12-12 16:20:27] [run_formula] Running formula picorv32-check-p05 with K=139 up to limit 1600
[2025-12-12 16:20:27] [generate_cnf] Generating formula picorv32-check-p05 with K=140
[2025-12-12 16:20:27] [run_formula] Running formula picorv32-check-p05 with K=140 up to limit 1600
[2025-12-12 16:20:27] [generate_cnf] Generating formula picorv32-check-p05 with K=141
[2025-12-12 16:20:27] [run_formula] Running formula picorv32-check-p05 with K=141 up to limit 1600
[2025-12-12 16:20:27] [generate_cnf] Generating formula picorv32-check-p05 with K=142
[2025-12-12 16:20:27] [run_formula] Running formula picorv32-check-p05 with K=142 up to limit 1600
[2025-12-12 16:20:27] [generate_cnf] Generating formula picorv32-check-p05 with K=143
[2025-12-12 16:20:27] [run_formula] Running formula picorv32-check-p05 with K=143 up to limit 1600
[2025-12-12 16:20:27] [generate_cnf] Generating formula picorv32-check-p05 with K=144
[2025-12-12 16:20:27] [run_formula] Running formula picorv32-check-p05 with K=144 up to limit 1600
[2025-12-12 16:20:27] [generate_cnf] Generating formula picorv32-check-p05 with K=145
[2025-12-12 16:20:27] [run_formula] Running formula picorv32-check-p05 with K=145 up to limit 1600
[2025-12-12 16:20:27] [generate_cnf] Generating formula picorv32-check-p05 with K=146
[2025-12-12 16:20:27] [run_formula] Running formula picorv32-check-p05 with K=146 up to limit 1600
[2025-12-12 16:20:27] [generate_cnf] Generating formula picorv32-check-p05 with K=147
[2025-12-12 16:20:27] [run_formula] Running formula picorv32-check-p05 with K=147 up to limit 1600
[2025-12-12 16:20:27] [generate_cnf] Generating formula picorv32-check-p05 with K=148
[2025-12-12 16:20:27] [run_formula] Running formula picorv32-check-p05 with K=148 up to limit 1600
[2025-12-12 16:20:27] [generate_cnf] Generating formula picorv32-check-p05 with K=149
[2025-12-12 16:20:27] [run_formula] Running formula picorv32-check-p05 with K=149 up to limit 1600
[2025-12-12 16:20:27] [generate_cnf] Generating formula picorv32-check-p05 with K=150
[2025-12-12 16:20:27] [run_formula] Running formula picorv32-check-p05 with K=150 up to limit 1600
[2025-12-12 16:20:27] [generate_cnf] Generating formula picorv32-check-p05 with K=151
[2025-12-12 16:20:27] [run_formula] Running formula picorv32-check-p05 with K=151 up to limit 1600
[2025-12-12 16:21:53] [generate_cnf] Generating formula picorv32-check-p05 with K=152
[2025-12-12 16:22:03] [run_formula] Running formula picorv32-check-p05 with K=152 up to limit 1600
[2025-12-12 16:23:32] [generate_cnf] Generating formula picorv32-check-p05 with K=153
[2025-12-12 16:23:41] [run_formula] Running formula picorv32-check-p05 with K=153 up to limit 1600
[2025-12-12 16:24:57] [generate_cnf] Generating formula picorv32-check-p05 with K=154
[2025-12-12 16:25:07] [run_formula] Running formula picorv32-check-p05 with K=154 up to limit 1600
[2025-12-12 16:26:19] [generate_cnf] Generating formula picorv32-check-p05 with K=155
[2025-12-12 16:26:29] [run_formula] Running formula picorv32-check-p05 with K=155 up to limit 1600
[2025-12-12 16:27:47] [generate_cnf] Generating formula picorv32-check-p05 with K=156
[2025-12-12 16:27:56] [run_formula] Running formula picorv32-check-p05 with K=156 up to limit 1600
[2025-12-12 16:29:28] [generate_cnf] Generating formula picorv32-check-p05 with K=157
[2025-12-12 16:29:37] [run_formula] Running formula picorv32-check-p05 with K=157 up to limit 1600
[2025-12-12 16:31:08] [generate_cnf] Generating formula picorv32-check-p05 with K=158
[2025-12-12 16:31:18] [run_formula] Running formula picorv32-check-p05 with K=158 up to limit 1600
[2025-12-12 16:33:13] [generate_cnf] Generating formula picorv32-check-p05 with K=159
[2025-12-12 16:33:23] [run_formula] Running formula picorv32-check-p05 with K=159 up to limit 1600
[2025-12-12 16:35:00] [generate_cnf] Generating formula picorv32-check-p05 with K=160
[2025-12-12 16:35:10] [run_formula] Running formula picorv32-check-p05 with K=160 up to limit 1600
[2025-12-12 16:36:33] [generate_cnf] Generating formula picorv32-check-p05 with K=161
[2025-12-12 16:36:44] [run_formula] Running formula picorv32-check-p05 with K=161 up to limit 1600
[2025-12-12 16:38:25] [generate_cnf] Generating formula picorv32-check-p05 with K=162
[2025-12-12 16:38:36] [run_formula] Running formula picorv32-check-p05 with K=162 up to limit 1600
[2025-12-12 16:40:16] [generate_cnf] Generating formula picorv32-check-p05 with K=163
[2025-12-12 16:40:26] [run_formula] Running formula picorv32-check-p05 with K=163 up to limit 1600
[2025-12-12 16:42:10] [generate_cnf] Generating formula picorv32-check-p05 with K=164
[2025-12-12 16:42:21] [run_formula] Running formula picorv32-check-p05 with K=164 up to limit 1600
[2025-12-12 16:43:55] [generate_cnf] Generating formula picorv32-check-p05 with K=165
[2025-12-12 16:44:06] [run_formula] Running formula picorv32-check-p05 with K=165 up to limit 1600
[2025-12-12 16:46:02] [generate_cnf] Generating formula picorv32-check-p05 with K=166
[2025-12-12 16:46:12] [run_formula] Running formula picorv32-check-p05 with K=166 up to limit 1600
[2025-12-12 16:48:05] [generate_cnf] Generating formula picorv32-check-p05 with K=167
[2025-12-12 16:48:16] [run_formula] Running formula picorv32-check-p05 with K=167 up to limit 1600
[2025-12-12 16:50:11] [generate_cnf] Generating formula picorv32-check-p05 with K=168
[2025-12-12 16:50:22] [run_formula] Running formula picorv32-check-p05 with K=168 up to limit 1600
[2025-12-12 16:52:14] [generate_cnf] Generating formula picorv32-check-p05 with K=169
[2025-12-12 16:52:25] [run_formula] Running formula picorv32-check-p05 with K=169 up to limit 1600
[2025-12-12 16:54:08] [generate_cnf] Generating formula picorv32-check-p05 with K=170
[2025-12-12 16:54:19] [run_formula] Running formula picorv32-check-p05 with K=170 up to limit 1600
[2025-12-12 16:55:40] [generate_cnf] Generating formula picorv32-check-p05 with K=171
[2025-12-12 16:55:50] [run_formula] Running formula picorv32-check-p05 with K=171 up to limit 1600
[2025-12-12 16:58:05] [generate_cnf] Generating formula picorv32-check-p05 with K=172
[2025-12-12 16:58:15] [run_formula] Running formula picorv32-check-p05 with K=172 up to limit 1600
[2025-12-12 17:00:06] [generate_cnf] Generating formula picorv32-check-p05 with K=173
[2025-12-12 17:00:17] [run_formula] Running formula picorv32-check-p05 with K=173 up to limit 1600
[2025-12-12 17:01:51] [generate_cnf] Generating formula picorv32-check-p05 with K=174
[2025-12-12 17:02:03] [run_formula] Running formula picorv32-check-p05 with K=174 up to limit 1600
[2025-12-12 17:03:51] [generate_cnf] Generating formula picorv32-check-p05 with K=175
[2025-12-12 17:04:02] [run_formula] Running formula picorv32-check-p05 with K=175 up to limit 1600
[2025-12-12 17:05:57] [generate_cnf] Generating formula picorv32-check-p05 with K=176
[2025-12-12 17:06:09] [run_formula] Running formula picorv32-check-p05 with K=176 up to limit 1600
[2025-12-12 17:07:47] [generate_cnf] Generating formula picorv32-check-p05 with K=177
[2025-12-12 17:07:58] [run_formula] Running formula picorv32-check-p05 with K=177 up to limit 1600
[2025-12-12 17:09:47] [generate_cnf] Generating formula picorv32-check-p05 with K=178
[2025-12-12 17:09:58] [run_formula] Running formula picorv32-check-p05 with K=178 up to limit 1600
[2025-12-12 17:12:02] [generate_cnf] Generating formula picorv32-check-p05 with K=179
[2025-12-12 17:12:13] [run_formula] Running formula picorv32-check-p05 with K=179 up to limit 1600
[2025-12-12 17:13:56] [generate_cnf] Generating formula picorv32-check-p05 with K=180
[2025-12-12 17:14:08] [run_formula] Running formula picorv32-check-p05 with K=180 up to limit 1600
[2025-12-12 17:16:08] [generate_cnf] Generating formula picorv32-check-p05 with K=181
[2025-12-12 17:16:19] [run_formula] Running formula picorv32-check-p05 with K=181 up to limit 1600
[2025-12-12 17:17:57] [generate_cnf] Generating formula picorv32-check-p05 with K=182
[2025-12-12 17:18:08] [run_formula] Running formula picorv32-check-p05 with K=182 up to limit 1600
[2025-12-12 17:19:37] [generate_cnf] Generating formula picorv32-check-p05 with K=183
[2025-12-12 17:19:48] [run_formula] Running formula picorv32-check-p05 with K=183 up to limit 1600
[2025-12-12 17:21:59] [generate_cnf] Generating formula picorv32-check-p05 with K=184
[2025-12-12 17:22:11] [run_formula] Running formula picorv32-check-p05 with K=184 up to limit 1600
[2025-12-12 17:24:21] [generate_cnf] Generating formula picorv32-check-p05 with K=185
[2025-12-12 17:24:32] [run_formula] Running formula picorv32-check-p05 with K=185 up to limit 1600
[2025-12-12 17:26:14] [generate_cnf] Generating formula picorv32-check-p05 with K=186
[2025-12-12 17:26:27] [run_formula] Running formula picorv32-check-p05 with K=186 up to limit 1600
[2025-12-12 17:27:50] [generate_cnf] Generating formula picorv32-check-p05 with K=187
[2025-12-12 17:28:02] [run_formula] Running formula picorv32-check-p05 with K=187 up to limit 1600
[2025-12-12 17:30:11] [generate_cnf] Generating formula picorv32-check-p05 with K=188
[2025-12-12 17:30:22] [run_formula] Running formula picorv32-check-p05 with K=188 up to limit 1600
[2025-12-12 17:32:50] [generate_cnf] Generating formula picorv32-check-p05 with K=189
[2025-12-12 17:33:03] [run_formula] Running formula picorv32-check-p05 with K=189 up to limit 1600
[2025-12-12 17:35:18] [generate_cnf] Generating formula picorv32-check-p05 with K=190
[2025-12-12 17:35:29] [run_formula] Running formula picorv32-check-p05 with K=190 up to limit 1600
[2025-12-12 17:37:37] [generate_cnf] Generating formula picorv32-check-p05 with K=191
[2025-12-12 17:37:48] [run_formula] Running formula picorv32-check-p05 with K=191 up to limit 1600
[2025-12-12 17:40:19] [generate_cnf] Generating formula picorv32-check-p05 with K=192
[2025-12-12 17:40:31] [run_formula] Running formula picorv32-check-p05 with K=192 up to limit 1600
[2025-12-12 17:42:44] [generate_cnf] Generating formula picorv32-check-p05 with K=193
[2025-12-12 17:42:56] [run_formula] Running formula picorv32-check-p05 with K=193 up to limit 1600
[2025-12-12 17:45:29] [generate_cnf] Generating formula picorv32-check-p05 with K=194
[2025-12-12 17:45:41] [run_formula] Running formula picorv32-check-p05 with K=194 up to limit 1600
[2025-12-12 17:48:10] [generate_cnf] Generating formula picorv32-check-p05 with K=195
[2025-12-12 17:48:21] [run_formula] Running formula picorv32-check-p05 with K=195 up to limit 1600
[2025-12-12 17:50:36] [generate_cnf] Generating formula picorv32-check-p05 with K=196
[2025-12-12 17:50:48] [run_formula] Running formula picorv32-check-p05 with K=196 up to limit 1600
[2025-12-12 17:53:20] [generate_cnf] Generating formula picorv32-check-p05 with K=197
[2025-12-12 17:53:32] [run_formula] Running formula picorv32-check-p05 with K=197 up to limit 1600
[2025-12-12 17:55:40] [generate_cnf] Generating formula picorv32-check-p05 with K=198
[2025-12-12 17:55:47] [run_formula] Running formula picorv32-check-p05 with K=198 up to limit 1600
[2025-12-12 17:55:48] [generate_cnf] Generating formula picorv32-check-p05 with K=199
[2025-12-12 17:55:53] [run_formula] Running formula picorv32-check-p05 with K=199 up to limit 1600
[2025-12-12 17:55:53] [generate_cnf] Generating formula picorv32-check-p05 with K=200
[2025-12-12 17:55:59] [run_formula] Running formula picorv32-check-p05 with K=200 up to limit 1600
[2025-12-12 17:55:59] [run_formula] Error running formula picorv32-check-p05 with K=200: [Errno 122] Disk quota exceeded
[2025-12-12 17:55:59] [generate_and_run_up_to_limit] Failed to run formula picorv32-check-p05 with K=200, halting
