CNF written.
CNF written.
CNF written.
CNF written.
CNF written.
CNF written.
CNF written.
CNF written.
CNF written.
CNF written.
CNF written.
CNF written.
CNF written.
CNF written.
[2025-12-12 07:36:48] [generate_and_run_up_to_limit] Generating and running picorv32_mutBY_nomem-p3 with K<=500 up to limit 1600
[2025-12-12 07:36:48] [generate_cnf] Generating formula picorv32_mutBY_nomem-p3 with K=1
[2025-12-12 07:36:48] [run_formula] Running formula picorv32_mutBY_nomem-p3 with K=1 up to limit 1600
[2025-12-12 07:36:48] [generate_cnf] Generating formula picorv32_mutBY_nomem-p3 with K=2
[2025-12-12 07:36:49] [run_formula] Running formula picorv32_mutBY_nomem-p3 with K=2 up to limit 1600
[2025-12-12 07:36:49] [generate_cnf] Generating formula picorv32_mutBY_nomem-p3 with K=3
[2025-12-12 07:36:50] [run_formula] Running formula picorv32_mutBY_nomem-p3 with K=3 up to limit 1600
[2025-12-12 07:36:50] [generate_cnf] Generating formula picorv32_mutBY_nomem-p3 with K=4
[2025-12-12 07:36:51] [run_formula] Running formula picorv32_mutBY_nomem-p3 with K=4 up to limit 1600
[2025-12-12 07:36:52] [generate_cnf] Generating formula picorv32_mutBY_nomem-p3 with K=5
[2025-12-12 07:36:53] [run_formula] Running formula picorv32_mutBY_nomem-p3 with K=5 up to limit 1600
[2025-12-12 07:36:53] [generate_cnf] Generating formula picorv32_mutBY_nomem-p3 with K=6
[2025-12-12 07:36:54] [run_formula] Running formula picorv32_mutBY_nomem-p3 with K=6 up to limit 1600
[2025-12-12 07:36:55] [generate_cnf] Generating formula picorv32_mutBY_nomem-p3 with K=7
[2025-12-12 07:36:56] [run_formula] Running formula picorv32_mutBY_nomem-p3 with K=7 up to limit 1600
[2025-12-12 07:36:57] [generate_cnf] Generating formula picorv32_mutBY_nomem-p3 with K=8
[2025-12-12 07:36:58] [run_formula] Running formula picorv32_mutBY_nomem-p3 with K=8 up to limit 1600
[2025-12-12 07:36:59] [generate_cnf] Generating formula picorv32_mutBY_nomem-p3 with K=9
[2025-12-12 07:37:01] [run_formula] Running formula picorv32_mutBY_nomem-p3 with K=9 up to limit 1600
[2025-12-12 07:37:02] [generate_cnf] Generating formula picorv32_mutBY_nomem-p3 with K=10
[2025-12-12 07:37:05] [run_formula] Running formula picorv32_mutBY_nomem-p3 with K=10 up to limit 1600
[2025-12-12 07:37:07] [generate_cnf] Generating formula picorv32_mutBY_nomem-p3 with K=11
[2025-12-12 07:37:09] [run_formula] Running formula picorv32_mutBY_nomem-p3 with K=11 up to limit 1600
[2025-12-12 07:37:46] [generate_cnf] Generating formula picorv32_mutBY_nomem-p3 with K=12
[2025-12-12 07:37:49] [run_formula] Running formula picorv32_mutBY_nomem-p3 with K=12 up to limit 1600
[2025-12-12 07:39:26] [generate_cnf] Generating formula picorv32_mutBY_nomem-p3 with K=13
[2025-12-12 07:39:28] [run_formula] Running formula picorv32_mutBY_nomem-p3 with K=13 up to limit 1600
[2025-12-12 07:43:36] [generate_cnf] Generating formula picorv32_mutBY_nomem-p3 with K=14
[2025-12-12 07:43:39] [run_formula] Running formula picorv32_mutBY_nomem-p3 with K=14 up to limit 1600
[2025-12-12 08:10:19] [run_formula] Formula picorv32_mutBY_nomem-p3 with K=14 timed out after 1600 seconds
[2025-12-12 08:10:19] [generate_and_run_up_to_limit] Failed to run formula picorv32_mutBY_nomem-p3 with K=14, halting
