CNF written.
CNF written.
CNF written.
CNF written.
CNF written.
CNF written.
CNF written.
CNF written.
CNF written.
CNF written.
CNF written.
CNF written.
CNF written.
CNF written.
CNF written.
[2025-12-12 07:36:48] [generate_and_run_up_to_limit] Generating and running picorv32_mutBY_nomem-p6 with K<=500 up to limit 1600
[2025-12-12 07:36:48] [generate_cnf] Generating formula picorv32_mutBY_nomem-p6 with K=1
[2025-12-12 07:36:48] [run_formula] Running formula picorv32_mutBY_nomem-p6 with K=1 up to limit 1600
[2025-12-12 07:36:48] [generate_cnf] Generating formula picorv32_mutBY_nomem-p6 with K=2
[2025-12-12 07:36:49] [run_formula] Running formula picorv32_mutBY_nomem-p6 with K=2 up to limit 1600
[2025-12-12 07:36:49] [generate_cnf] Generating formula picorv32_mutBY_nomem-p6 with K=3
[2025-12-12 07:36:50] [run_formula] Running formula picorv32_mutBY_nomem-p6 with K=3 up to limit 1600
[2025-12-12 07:36:50] [generate_cnf] Generating formula picorv32_mutBY_nomem-p6 with K=4
[2025-12-12 07:36:51] [run_formula] Running formula picorv32_mutBY_nomem-p6 with K=4 up to limit 1600
[2025-12-12 07:36:51] [generate_cnf] Generating formula picorv32_mutBY_nomem-p6 with K=5
[2025-12-12 07:36:52] [run_formula] Running formula picorv32_mutBY_nomem-p6 with K=5 up to limit 1600
[2025-12-12 07:36:52] [generate_cnf] Generating formula picorv32_mutBY_nomem-p6 with K=6
[2025-12-12 07:36:53] [run_formula] Running formula picorv32_mutBY_nomem-p6 with K=6 up to limit 1600
[2025-12-12 07:36:53] [generate_cnf] Generating formula picorv32_mutBY_nomem-p6 with K=7
[2025-12-12 07:36:54] [run_formula] Running formula picorv32_mutBY_nomem-p6 with K=7 up to limit 1600
[2025-12-12 07:36:55] [generate_cnf] Generating formula picorv32_mutBY_nomem-p6 with K=8
[2025-12-12 07:36:57] [run_formula] Running formula picorv32_mutBY_nomem-p6 with K=8 up to limit 1600
[2025-12-12 07:36:58] [generate_cnf] Generating formula picorv32_mutBY_nomem-p6 with K=9
[2025-12-12 07:37:00] [run_formula] Running formula picorv32_mutBY_nomem-p6 with K=9 up to limit 1600
[2025-12-12 07:37:02] [generate_cnf] Generating formula picorv32_mutBY_nomem-p6 with K=10
[2025-12-12 07:37:04] [run_formula] Running formula picorv32_mutBY_nomem-p6 with K=10 up to limit 1600
[2025-12-12 07:37:08] [generate_cnf] Generating formula picorv32_mutBY_nomem-p6 with K=11
[2025-12-12 07:37:10] [run_formula] Running formula picorv32_mutBY_nomem-p6 with K=11 up to limit 1600
[2025-12-12 07:37:16] [generate_cnf] Generating formula picorv32_mutBY_nomem-p6 with K=12
[2025-12-12 07:37:18] [run_formula] Running formula picorv32_mutBY_nomem-p6 with K=12 up to limit 1600
[2025-12-12 07:37:41] [generate_cnf] Generating formula picorv32_mutBY_nomem-p6 with K=13
[2025-12-12 07:37:44] [run_formula] Running formula picorv32_mutBY_nomem-p6 with K=13 up to limit 1600
[2025-12-12 07:40:43] [generate_cnf] Generating formula picorv32_mutBY_nomem-p6 with K=14
[2025-12-12 07:40:46] [run_formula] Running formula picorv32_mutBY_nomem-p6 with K=14 up to limit 1600
[2025-12-12 07:50:58] [generate_cnf] Generating formula picorv32_mutBY_nomem-p6 with K=15
[2025-12-12 07:51:00] [run_formula] Running formula picorv32_mutBY_nomem-p6 with K=15 up to limit 1600
[2025-12-12 08:17:40] [run_formula] Formula picorv32_mutBY_nomem-p6 with K=15 timed out after 1600 seconds
[2025-12-12 08:17:40] [generate_and_run_up_to_limit] Failed to run formula picorv32_mutBY_nomem-p6 with K=15, halting
