CNF written.
CNF written.
CNF written.
CNF written.
CNF written.
CNF written.
CNF written.
CNF written.
CNF written.
CNF written.
CNF written.
CNF written.
CNF written.
CNF written.
CNF written.
CNF written.
CNF written.
CNF written.
CNF written.
CNF written.
CNF written.
CNF written.
CNF written.
CNF written.
CNF written.
CNF written.
CNF written.
CNF written.
[2025-12-12 07:46:43] [generate_and_run_up_to_limit] Generating and running picorv32_mutAY_nomem-p4 with K<=500 up to limit 1600
[2025-12-12 07:46:43] [generate_cnf] Generating formula picorv32_mutAY_nomem-p4 with K=1
[2025-12-12 07:46:44] [run_formula] Running formula picorv32_mutAY_nomem-p4 with K=1 up to limit 1600
[2025-12-12 07:46:44] [generate_cnf] Generating formula picorv32_mutAY_nomem-p4 with K=2
[2025-12-12 07:46:44] [run_formula] Running formula picorv32_mutAY_nomem-p4 with K=2 up to limit 1600
[2025-12-12 07:46:44] [generate_cnf] Generating formula picorv32_mutAY_nomem-p4 with K=3
[2025-12-12 07:46:45] [run_formula] Running formula picorv32_mutAY_nomem-p4 with K=3 up to limit 1600
[2025-12-12 07:46:45] [generate_cnf] Generating formula picorv32_mutAY_nomem-p4 with K=4
[2025-12-12 07:46:46] [run_formula] Running formula picorv32_mutAY_nomem-p4 with K=4 up to limit 1600
[2025-12-12 07:46:46] [generate_cnf] Generating formula picorv32_mutAY_nomem-p4 with K=5
[2025-12-12 07:46:47] [run_formula] Running formula picorv32_mutAY_nomem-p4 with K=5 up to limit 1600
[2025-12-12 07:46:47] [generate_cnf] Generating formula picorv32_mutAY_nomem-p4 with K=6
[2025-12-12 07:46:48] [run_formula] Running formula picorv32_mutAY_nomem-p4 with K=6 up to limit 1600
[2025-12-12 07:46:49] [generate_cnf] Generating formula picorv32_mutAY_nomem-p4 with K=7
[2025-12-12 07:46:50] [run_formula] Running formula picorv32_mutAY_nomem-p4 with K=7 up to limit 1600
[2025-12-12 07:46:51] [generate_cnf] Generating formula picorv32_mutAY_nomem-p4 with K=8
[2025-12-12 07:46:52] [run_formula] Running formula picorv32_mutAY_nomem-p4 with K=8 up to limit 1600
[2025-12-12 07:46:54] [generate_cnf] Generating formula picorv32_mutAY_nomem-p4 with K=9
[2025-12-12 07:46:56] [run_formula] Running formula picorv32_mutAY_nomem-p4 with K=9 up to limit 1600
[2025-12-12 07:47:00] [generate_cnf] Generating formula picorv32_mutAY_nomem-p4 with K=10
[2025-12-12 07:47:02] [run_formula] Running formula picorv32_mutAY_nomem-p4 with K=10 up to limit 1600
[2025-12-12 07:47:08] [generate_cnf] Generating formula picorv32_mutAY_nomem-p4 with K=11
[2025-12-12 07:47:09] [run_formula] Running formula picorv32_mutAY_nomem-p4 with K=11 up to limit 1600
[2025-12-12 07:49:07] [generate_cnf] Generating formula picorv32_mutAY_nomem-p4 with K=12
[2025-12-12 07:49:09] [run_formula] Running formula picorv32_mutAY_nomem-p4 with K=12 up to limit 1600
[2025-12-12 07:50:02] [generate_cnf] Generating formula picorv32_mutAY_nomem-p4 with K=13
[2025-12-12 07:50:04] [run_formula] Running formula picorv32_mutAY_nomem-p4 with K=13 up to limit 1600
[2025-12-12 07:50:39] [generate_cnf] Generating formula picorv32_mutAY_nomem-p4 with K=14
[2025-12-12 07:50:42] [run_formula] Running formula picorv32_mutAY_nomem-p4 with K=14 up to limit 1600
[2025-12-12 07:51:46] [generate_cnf] Generating formula picorv32_mutAY_nomem-p4 with K=15
[2025-12-12 07:51:49] [run_formula] Running formula picorv32_mutAY_nomem-p4 with K=15 up to limit 1600
[2025-12-12 07:52:43] [generate_cnf] Generating formula picorv32_mutAY_nomem-p4 with K=16
[2025-12-12 07:52:46] [run_formula] Running formula picorv32_mutAY_nomem-p4 with K=16 up to limit 1600
[2025-12-12 07:53:35] [generate_cnf] Generating formula picorv32_mutAY_nomem-p4 with K=17
[2025-12-12 07:53:38] [run_formula] Running formula picorv32_mutAY_nomem-p4 with K=17 up to limit 1600
[2025-12-12 07:54:53] [generate_cnf] Generating formula picorv32_mutAY_nomem-p4 with K=18
[2025-12-12 07:54:56] [run_formula] Running formula picorv32_mutAY_nomem-p4 with K=18 up to limit 1600
[2025-12-12 07:56:40] [generate_cnf] Generating formula picorv32_mutAY_nomem-p4 with K=19
[2025-12-12 07:56:44] [run_formula] Running formula picorv32_mutAY_nomem-p4 with K=19 up to limit 1600
[2025-12-12 07:57:15] [generate_cnf] Generating formula picorv32_mutAY_nomem-p4 with K=20
[2025-12-12 07:57:18] [run_formula] Running formula picorv32_mutAY_nomem-p4 with K=20 up to limit 1600
[2025-12-12 07:57:34] [generate_cnf] Generating formula picorv32_mutAY_nomem-p4 with K=21
[2025-12-12 07:57:37] [run_formula] Running formula picorv32_mutAY_nomem-p4 with K=21 up to limit 1600
[2025-12-12 08:00:27] [generate_cnf] Generating formula picorv32_mutAY_nomem-p4 with K=22
[2025-12-12 08:00:30] [run_formula] Running formula picorv32_mutAY_nomem-p4 with K=22 up to limit 1600
[2025-12-12 08:04:29] [generate_cnf] Generating formula picorv32_mutAY_nomem-p4 with K=23
[2025-12-12 08:04:33] [run_formula] Running formula picorv32_mutAY_nomem-p4 with K=23 up to limit 1600
[2025-12-12 08:05:45] [generate_cnf] Generating formula picorv32_mutAY_nomem-p4 with K=24
[2025-12-12 08:05:49] [run_formula] Running formula picorv32_mutAY_nomem-p4 with K=24 up to limit 1600
[2025-12-12 08:05:59] [generate_cnf] Generating formula picorv32_mutAY_nomem-p4 with K=25
[2025-12-12 08:06:03] [run_formula] Running formula picorv32_mutAY_nomem-p4 with K=25 up to limit 1600
[2025-12-12 08:09:46] [generate_cnf] Generating formula picorv32_mutAY_nomem-p4 with K=26
[2025-12-12 08:09:50] [run_formula] Running formula picorv32_mutAY_nomem-p4 with K=26 up to limit 1600
[2025-12-12 08:13:45] [generate_cnf] Generating formula picorv32_mutAY_nomem-p4 with K=27
[2025-12-12 08:13:49] [run_formula] Running formula picorv32_mutAY_nomem-p4 with K=27 up to limit 1600
[2025-12-12 08:17:26] [generate_cnf] Generating formula picorv32_mutAY_nomem-p4 with K=28
[2025-12-12 08:17:30] [run_formula] Running formula picorv32_mutAY_nomem-p4 with K=28 up to limit 1600
[2025-12-12 08:32:48] [run_formula] Error running formula picorv32_mutAY_nomem-p4 with K=28: [Errno 122] Disk quota exceeded: './results/solving_logs/picorv32_mutAY_nomem-p4//picorv32_mutAY_nomem-p4.28.log'
[2025-12-12 08:32:48] [generate_and_run_up_to_limit] Failed to run formula picorv32_mutAY_nomem-p4 with K=28, halting
