CNF written.
CNF written.
CNF written.
CNF written.
CNF written.
CNF written.
CNF written.
CNF written.
CNF written.
CNF written.
CNF written.
CNF written.
CNF written.
CNF written.
CNF written.
CNF written.
CNF written.
CNF written.
CNF written.
CNF written.
CNF written.
CNF written.
CNF written.
CNF written.
CNF written.
CNF written.
CNF written.
CNF written.
CNF written.
CNF written.
CNF written.
CNF written.
CNF written.
CNF written.
CNF written.
CNF written.
CNF written.
CNF written.
CNF written.
CNF written.
CNF written.
CNF written.
CNF written.
CNF written.
CNF written.
CNF written.
CNF written.
CNF written.
CNF written.
CNF written.
CNF written.
CNF written.
CNF written.
CNF written.
CNF written.
CNF written.
CNF written.
CNF written.
CNF written.
CNF written.
CNF written.
CNF written.
CNF written.
CNF written.
CNF written.
CNF written.
CNF written.
CNF written.
CNF written.
CNF written.
CNF written.
CNF written.
CNF written.
CNF written.
CNF written.
CNF written.
CNF written.
CNF written.
CNF written.
CNF written.
CNF written.
CNF written.
CNF written.
CNF written.
CNF written.
CNF written.
CNF written.
CNF written.
CNF written.
CNF written.
CNF written.
CNF written.
CNF written.
CNF written.
CNF written.
CNF written.
CNF written.
CNF written.
CNF written.
CNF written.
CNF written.
CNF written.
CNF written.
CNF written.
CNF written.
CNF written.
CNF written.
CNF written.
CNF written.
[2025-12-12 07:50:06] [generate_and_run_up_to_limit] Generating and running picorv32-check-p12 with K<=500 up to limit 1600
[2025-12-12 07:50:06] [generate_cnf] Generating formula picorv32-check-p12 with K=1
[2025-12-12 07:50:06] [run_formula] Running formula picorv32-check-p12 with K=1 up to limit 1600
[2025-12-12 07:50:06] [generate_cnf] Generating formula picorv32-check-p12 with K=2
[2025-12-12 07:50:08] [run_formula] Running formula picorv32-check-p12 with K=2 up to limit 1600
[2025-12-12 07:50:08] [generate_cnf] Generating formula picorv32-check-p12 with K=3
[2025-12-12 07:50:08] [run_formula] Running formula picorv32-check-p12 with K=3 up to limit 1600
[2025-12-12 07:50:08] [generate_cnf] Generating formula picorv32-check-p12 with K=4
[2025-12-12 07:50:08] [run_formula] Running formula picorv32-check-p12 with K=4 up to limit 1600
[2025-12-12 07:50:09] [generate_cnf] Generating formula picorv32-check-p12 with K=5
[2025-12-12 07:50:09] [run_formula] Running formula picorv32-check-p12 with K=5 up to limit 1600
[2025-12-12 07:50:09] [generate_cnf] Generating formula picorv32-check-p12 with K=6
[2025-12-12 07:50:10] [run_formula] Running formula picorv32-check-p12 with K=6 up to limit 1600
[2025-12-12 07:50:10] [generate_cnf] Generating formula picorv32-check-p12 with K=7
[2025-12-12 07:50:10] [run_formula] Running formula picorv32-check-p12 with K=7 up to limit 1600
[2025-12-12 07:50:10] [generate_cnf] Generating formula picorv32-check-p12 with K=8
[2025-12-12 07:50:11] [run_formula] Running formula picorv32-check-p12 with K=8 up to limit 1600
[2025-12-12 07:50:11] [generate_cnf] Generating formula picorv32-check-p12 with K=9
[2025-12-12 07:50:12] [run_formula] Running formula picorv32-check-p12 with K=9 up to limit 1600
[2025-12-12 07:50:12] [generate_cnf] Generating formula picorv32-check-p12 with K=10
[2025-12-12 07:50:13] [run_formula] Running formula picorv32-check-p12 with K=10 up to limit 1600
[2025-12-12 07:50:13] [generate_cnf] Generating formula picorv32-check-p12 with K=11
[2025-12-12 07:50:14] [run_formula] Running formula picorv32-check-p12 with K=11 up to limit 1600
[2025-12-12 07:50:14] [generate_cnf] Generating formula picorv32-check-p12 with K=12
[2025-12-12 07:50:15] [run_formula] Running formula picorv32-check-p12 with K=12 up to limit 1600
[2025-12-12 07:50:15] [generate_cnf] Generating formula picorv32-check-p12 with K=13
[2025-12-12 07:50:16] [run_formula] Running formula picorv32-check-p12 with K=13 up to limit 1600
[2025-12-12 07:50:17] [generate_cnf] Generating formula picorv32-check-p12 with K=14
[2025-12-12 07:50:18] [run_formula] Running formula picorv32-check-p12 with K=14 up to limit 1600
[2025-12-12 07:50:18] [generate_cnf] Generating formula picorv32-check-p12 with K=15
[2025-12-12 07:50:19] [run_formula] Running formula picorv32-check-p12 with K=15 up to limit 1600
[2025-12-12 07:50:20] [generate_cnf] Generating formula picorv32-check-p12 with K=16
[2025-12-12 07:50:21] [run_formula] Running formula picorv32-check-p12 with K=16 up to limit 1600
[2025-12-12 07:50:23] [generate_cnf] Generating formula picorv32-check-p12 with K=17
[2025-12-12 07:50:24] [run_formula] Running formula picorv32-check-p12 with K=17 up to limit 1600
[2025-12-12 07:50:25] [generate_cnf] Generating formula picorv32-check-p12 with K=18
[2025-12-12 07:50:26] [run_formula] Running formula picorv32-check-p12 with K=18 up to limit 1600
[2025-12-12 07:50:27] [generate_cnf] Generating formula picorv32-check-p12 with K=19
[2025-12-12 07:50:29] [run_formula] Running formula picorv32-check-p12 with K=19 up to limit 1600
[2025-12-12 07:50:30] [generate_cnf] Generating formula picorv32-check-p12 with K=20
[2025-12-12 07:50:32] [run_formula] Running formula picorv32-check-p12 with K=20 up to limit 1600
[2025-12-12 07:50:34] [generate_cnf] Generating formula picorv32-check-p12 with K=21
[2025-12-12 07:50:35] [run_formula] Running formula picorv32-check-p12 with K=21 up to limit 1600
[2025-12-12 07:50:37] [generate_cnf] Generating formula picorv32-check-p12 with K=22
[2025-12-12 07:50:38] [run_formula] Running formula picorv32-check-p12 with K=22 up to limit 1600
[2025-12-12 07:50:40] [generate_cnf] Generating formula picorv32-check-p12 with K=23
[2025-12-12 07:50:42] [run_formula] Running formula picorv32-check-p12 with K=23 up to limit 1600
[2025-12-12 07:50:45] [generate_cnf] Generating formula picorv32-check-p12 with K=24
[2025-12-12 07:50:46] [run_formula] Running formula picorv32-check-p12 with K=24 up to limit 1600
[2025-12-12 07:50:49] [generate_cnf] Generating formula picorv32-check-p12 with K=25
[2025-12-12 07:50:50] [run_formula] Running formula picorv32-check-p12 with K=25 up to limit 1600
[2025-12-12 07:50:54] [generate_cnf] Generating formula picorv32-check-p12 with K=26
[2025-12-12 07:50:56] [run_formula] Running formula picorv32-check-p12 with K=26 up to limit 1600
[2025-12-12 07:50:59] [generate_cnf] Generating formula picorv32-check-p12 with K=27
[2025-12-12 07:51:01] [run_formula] Running formula picorv32-check-p12 with K=27 up to limit 1600
[2025-12-12 07:51:04] [generate_cnf] Generating formula picorv32-check-p12 with K=28
[2025-12-12 07:51:06] [run_formula] Running formula picorv32-check-p12 with K=28 up to limit 1600
[2025-12-12 07:51:09] [generate_cnf] Generating formula picorv32-check-p12 with K=29
[2025-12-12 07:51:10] [run_formula] Running formula picorv32-check-p12 with K=29 up to limit 1600
[2025-12-12 07:51:14] [generate_cnf] Generating formula picorv32-check-p12 with K=30
[2025-12-12 07:51:16] [run_formula] Running formula picorv32-check-p12 with K=30 up to limit 1600
[2025-12-12 07:51:20] [generate_cnf] Generating formula picorv32-check-p12 with K=31
[2025-12-12 07:51:22] [run_formula] Running formula picorv32-check-p12 with K=31 up to limit 1600
[2025-12-12 07:51:27] [generate_cnf] Generating formula picorv32-check-p12 with K=32
[2025-12-12 07:51:29] [run_formula] Running formula picorv32-check-p12 with K=32 up to limit 1600
[2025-12-12 07:51:34] [generate_cnf] Generating formula picorv32-check-p12 with K=33
[2025-12-12 07:51:36] [run_formula] Running formula picorv32-check-p12 with K=33 up to limit 1600
[2025-12-12 07:51:41] [generate_cnf] Generating formula picorv32-check-p12 with K=34
[2025-12-12 07:51:43] [run_formula] Running formula picorv32-check-p12 with K=34 up to limit 1600
[2025-12-12 07:51:49] [generate_cnf] Generating formula picorv32-check-p12 with K=35
[2025-12-12 07:51:52] [run_formula] Running formula picorv32-check-p12 with K=35 up to limit 1600
[2025-12-12 07:51:58] [generate_cnf] Generating formula picorv32-check-p12 with K=36
[2025-12-12 07:52:01] [run_formula] Running formula picorv32-check-p12 with K=36 up to limit 1600
[2025-12-12 07:52:06] [generate_cnf] Generating formula picorv32-check-p12 with K=37
[2025-12-12 07:52:08] [run_formula] Running formula picorv32-check-p12 with K=37 up to limit 1600
[2025-12-12 07:52:15] [generate_cnf] Generating formula picorv32-check-p12 with K=38
[2025-12-12 07:52:17] [run_formula] Running formula picorv32-check-p12 with K=38 up to limit 1600
[2025-12-12 07:52:24] [generate_cnf] Generating formula picorv32-check-p12 with K=39
[2025-12-12 07:52:27] [run_formula] Running formula picorv32-check-p12 with K=39 up to limit 1600
[2025-12-12 07:52:34] [generate_cnf] Generating formula picorv32-check-p12 with K=40
[2025-12-12 07:52:37] [run_formula] Running formula picorv32-check-p12 with K=40 up to limit 1600
[2025-12-12 07:52:46] [generate_cnf] Generating formula picorv32-check-p12 with K=41
[2025-12-12 07:52:48] [run_formula] Running formula picorv32-check-p12 with K=41 up to limit 1600
[2025-12-12 07:52:56] [generate_cnf] Generating formula picorv32-check-p12 with K=42
[2025-12-12 07:52:59] [run_formula] Running formula picorv32-check-p12 with K=42 up to limit 1600
[2025-12-12 07:53:07] [generate_cnf] Generating formula picorv32-check-p12 with K=43
[2025-12-12 07:53:10] [run_formula] Running formula picorv32-check-p12 with K=43 up to limit 1600
[2025-12-12 07:53:19] [generate_cnf] Generating formula picorv32-check-p12 with K=44
[2025-12-12 07:53:22] [run_formula] Running formula picorv32-check-p12 with K=44 up to limit 1600
[2025-12-12 07:53:31] [generate_cnf] Generating formula picorv32-check-p12 with K=45
[2025-12-12 07:53:34] [run_formula] Running formula picorv32-check-p12 with K=45 up to limit 1600
[2025-12-12 07:53:42] [generate_cnf] Generating formula picorv32-check-p12 with K=46
[2025-12-12 07:53:45] [run_formula] Running formula picorv32-check-p12 with K=46 up to limit 1600
[2025-12-12 07:53:56] [generate_cnf] Generating formula picorv32-check-p12 with K=47
[2025-12-12 07:53:59] [run_formula] Running formula picorv32-check-p12 with K=47 up to limit 1600
[2025-12-12 07:54:08] [generate_cnf] Generating formula picorv32-check-p12 with K=48
[2025-12-12 07:54:11] [run_formula] Running formula picorv32-check-p12 with K=48 up to limit 1600
[2025-12-12 07:54:23] [generate_cnf] Generating formula picorv32-check-p12 with K=49
[2025-12-12 07:54:26] [run_formula] Running formula picorv32-check-p12 with K=49 up to limit 1600
[2025-12-12 07:54:38] [generate_cnf] Generating formula picorv32-check-p12 with K=50
[2025-12-12 07:54:41] [run_formula] Running formula picorv32-check-p12 with K=50 up to limit 1600
[2025-12-12 07:54:52] [generate_cnf] Generating formula picorv32-check-p12 with K=51
[2025-12-12 07:54:56] [run_formula] Running formula picorv32-check-p12 with K=51 up to limit 1600
[2025-12-12 07:55:09] [generate_cnf] Generating formula picorv32-check-p12 with K=52
[2025-12-12 07:55:12] [run_formula] Running formula picorv32-check-p12 with K=52 up to limit 1600
[2025-12-12 07:55:25] [generate_cnf] Generating formula picorv32-check-p12 with K=53
[2025-12-12 07:55:28] [run_formula] Running formula picorv32-check-p12 with K=53 up to limit 1600
[2025-12-12 07:55:42] [generate_cnf] Generating formula picorv32-check-p12 with K=54
[2025-12-12 07:55:45] [run_formula] Running formula picorv32-check-p12 with K=54 up to limit 1600
[2025-12-12 07:55:59] [generate_cnf] Generating formula picorv32-check-p12 with K=55
[2025-12-12 07:56:02] [run_formula] Running formula picorv32-check-p12 with K=55 up to limit 1600
[2025-12-12 07:56:17] [generate_cnf] Generating formula picorv32-check-p12 with K=56
[2025-12-12 07:56:20] [run_formula] Running formula picorv32-check-p12 with K=56 up to limit 1600
[2025-12-12 07:56:34] [generate_cnf] Generating formula picorv32-check-p12 with K=57
[2025-12-12 07:56:38] [run_formula] Running formula picorv32-check-p12 with K=57 up to limit 1600
[2025-12-12 07:56:53] [generate_cnf] Generating formula picorv32-check-p12 with K=58
[2025-12-12 07:56:57] [run_formula] Running formula picorv32-check-p12 with K=58 up to limit 1600
[2025-12-12 07:57:13] [generate_cnf] Generating formula picorv32-check-p12 with K=59
[2025-12-12 07:57:17] [run_formula] Running formula picorv32-check-p12 with K=59 up to limit 1600
[2025-12-12 07:57:30] [generate_cnf] Generating formula picorv32-check-p12 with K=60
[2025-12-12 07:57:34] [run_formula] Running formula picorv32-check-p12 with K=60 up to limit 1600
[2025-12-12 07:57:52] [generate_cnf] Generating formula picorv32-check-p12 with K=61
[2025-12-12 07:57:56] [run_formula] Running formula picorv32-check-p12 with K=61 up to limit 1600
[2025-12-12 07:58:18] [generate_cnf] Generating formula picorv32-check-p12 with K=62
[2025-12-12 07:58:22] [run_formula] Running formula picorv32-check-p12 with K=62 up to limit 1600
[2025-12-12 07:58:36] [generate_cnf] Generating formula picorv32-check-p12 with K=63
[2025-12-12 07:58:40] [run_formula] Running formula picorv32-check-p12 with K=63 up to limit 1600
[2025-12-12 07:58:57] [generate_cnf] Generating formula picorv32-check-p12 with K=64
[2025-12-12 07:59:01] [run_formula] Running formula picorv32-check-p12 with K=64 up to limit 1600
[2025-12-12 07:59:18] [generate_cnf] Generating formula picorv32-check-p12 with K=65
[2025-12-12 07:59:22] [run_formula] Running formula picorv32-check-p12 with K=65 up to limit 1600
[2025-12-12 07:59:45] [generate_cnf] Generating formula picorv32-check-p12 with K=66
[2025-12-12 07:59:50] [run_formula] Running formula picorv32-check-p12 with K=66 up to limit 1600
[2025-12-12 08:00:06] [generate_cnf] Generating formula picorv32-check-p12 with K=67
[2025-12-12 08:00:10] [run_formula] Running formula picorv32-check-p12 with K=67 up to limit 1600
[2025-12-12 08:00:34] [generate_cnf] Generating formula picorv32-check-p12 with K=68
[2025-12-12 08:00:38] [run_formula] Running formula picorv32-check-p12 with K=68 up to limit 1600
[2025-12-12 08:01:00] [generate_cnf] Generating formula picorv32-check-p12 with K=69
[2025-12-12 08:01:04] [run_formula] Running formula picorv32-check-p12 with K=69 up to limit 1600
[2025-12-12 08:01:29] [generate_cnf] Generating formula picorv32-check-p12 with K=70
[2025-12-12 08:01:34] [run_formula] Running formula picorv32-check-p12 with K=70 up to limit 1600
[2025-12-12 08:01:54] [generate_cnf] Generating formula picorv32-check-p12 with K=71
[2025-12-12 08:01:58] [run_formula] Running formula picorv32-check-p12 with K=71 up to limit 1600
[2025-12-12 08:02:17] [generate_cnf] Generating formula picorv32-check-p12 with K=72
[2025-12-12 08:02:22] [run_formula] Running formula picorv32-check-p12 with K=72 up to limit 1600
[2025-12-12 08:02:44] [generate_cnf] Generating formula picorv32-check-p12 with K=73
[2025-12-12 08:02:49] [run_formula] Running formula picorv32-check-p12 with K=73 up to limit 1600
[2025-12-12 08:03:11] [generate_cnf] Generating formula picorv32-check-p12 with K=74
[2025-12-12 08:03:16] [run_formula] Running formula picorv32-check-p12 with K=74 up to limit 1600
[2025-12-12 08:03:36] [generate_cnf] Generating formula picorv32-check-p12 with K=75
[2025-12-12 08:03:41] [run_formula] Running formula picorv32-check-p12 with K=75 up to limit 1600
[2025-12-12 08:04:03] [generate_cnf] Generating formula picorv32-check-p12 with K=76
[2025-12-12 08:04:08] [run_formula] Running formula picorv32-check-p12 with K=76 up to limit 1600
[2025-12-12 08:04:35] [generate_cnf] Generating formula picorv32-check-p12 with K=77
[2025-12-12 08:04:40] [run_formula] Running formula picorv32-check-p12 with K=77 up to limit 1600
[2025-12-12 08:05:08] [generate_cnf] Generating formula picorv32-check-p12 with K=78
[2025-12-12 08:05:13] [run_formula] Running formula picorv32-check-p12 with K=78 up to limit 1600
[2025-12-12 08:05:34] [generate_cnf] Generating formula picorv32-check-p12 with K=79
[2025-12-12 08:05:39] [run_formula] Running formula picorv32-check-p12 with K=79 up to limit 1600
[2025-12-12 08:06:06] [generate_cnf] Generating formula picorv32-check-p12 with K=80
[2025-12-12 08:06:11] [run_formula] Running formula picorv32-check-p12 with K=80 up to limit 1600
[2025-12-12 08:06:33] [generate_cnf] Generating formula picorv32-check-p12 with K=81
[2025-12-12 08:06:38] [run_formula] Running formula picorv32-check-p12 with K=81 up to limit 1600
[2025-12-12 08:07:05] [generate_cnf] Generating formula picorv32-check-p12 with K=82
[2025-12-12 08:07:10] [run_formula] Running formula picorv32-check-p12 with K=82 up to limit 1600
[2025-12-12 08:07:38] [generate_cnf] Generating formula picorv32-check-p12 with K=83
[2025-12-12 08:07:43] [run_formula] Running formula picorv32-check-p12 with K=83 up to limit 1600
[2025-12-12 08:08:08] [generate_cnf] Generating formula picorv32-check-p12 with K=84
[2025-12-12 08:08:14] [run_formula] Running formula picorv32-check-p12 with K=84 up to limit 1600
[2025-12-12 08:08:41] [generate_cnf] Generating formula picorv32-check-p12 with K=85
[2025-12-12 08:08:46] [run_formula] Running formula picorv32-check-p12 with K=85 up to limit 1600
[2025-12-12 08:09:12] [generate_cnf] Generating formula picorv32-check-p12 with K=86
[2025-12-12 08:09:17] [run_formula] Running formula picorv32-check-p12 with K=86 up to limit 1600
[2025-12-12 08:09:51] [generate_cnf] Generating formula picorv32-check-p12 with K=87
[2025-12-12 08:09:57] [run_formula] Running formula picorv32-check-p12 with K=87 up to limit 1600
[2025-12-12 08:10:24] [generate_cnf] Generating formula picorv32-check-p12 with K=88
[2025-12-12 08:10:30] [run_formula] Running formula picorv32-check-p12 with K=88 up to limit 1600
[2025-12-12 08:11:03] [generate_cnf] Generating formula picorv32-check-p12 with K=89
[2025-12-12 08:11:08] [run_formula] Running formula picorv32-check-p12 with K=89 up to limit 1600
[2025-12-12 08:11:41] [generate_cnf] Generating formula picorv32-check-p12 with K=90
[2025-12-12 08:11:47] [run_formula] Running formula picorv32-check-p12 with K=90 up to limit 1600
[2025-12-12 08:12:16] [generate_cnf] Generating formula picorv32-check-p12 with K=91
[2025-12-12 08:12:22] [run_formula] Running formula picorv32-check-p12 with K=91 up to limit 1600
[2025-12-12 08:12:57] [generate_cnf] Generating formula picorv32-check-p12 with K=92
[2025-12-12 08:13:03] [run_formula] Running formula picorv32-check-p12 with K=92 up to limit 1600
[2025-12-12 08:13:37] [generate_cnf] Generating formula picorv32-check-p12 with K=93
[2025-12-12 08:13:43] [run_formula] Running formula picorv32-check-p12 with K=93 up to limit 1600
[2025-12-12 08:14:10] [generate_cnf] Generating formula picorv32-check-p12 with K=94
[2025-12-12 08:14:16] [run_formula] Running formula picorv32-check-p12 with K=94 up to limit 1600
[2025-12-12 08:14:51] [generate_cnf] Generating formula picorv32-check-p12 with K=95
[2025-12-12 08:14:56] [run_formula] Running formula picorv32-check-p12 with K=95 up to limit 1600
[2025-12-12 08:15:38] [generate_cnf] Generating formula picorv32-check-p12 with K=96
[2025-12-12 08:15:44] [run_formula] Running formula picorv32-check-p12 with K=96 up to limit 1600
[2025-12-12 08:16:17] [generate_cnf] Generating formula picorv32-check-p12 with K=97
[2025-12-12 08:16:23] [run_formula] Running formula picorv32-check-p12 with K=97 up to limit 1600
[2025-12-12 08:17:01] [generate_cnf] Generating formula picorv32-check-p12 with K=98
[2025-12-12 08:17:07] [run_formula] Running formula picorv32-check-p12 with K=98 up to limit 1600
[2025-12-12 08:17:44] [generate_cnf] Generating formula picorv32-check-p12 with K=99
[2025-12-12 08:17:51] [run_formula] Running formula picorv32-check-p12 with K=99 up to limit 1600
[2025-12-12 08:18:39] [generate_cnf] Generating formula picorv32-check-p12 with K=100
[2025-12-12 08:18:46] [run_formula] Running formula picorv32-check-p12 with K=100 up to limit 1600
[2025-12-12 08:19:25] [generate_cnf] Generating formula picorv32-check-p12 with K=101
[2025-12-12 08:19:32] [run_formula] Running formula picorv32-check-p12 with K=101 up to limit 1600
[2025-12-12 08:20:27] [generate_cnf] Generating formula picorv32-check-p12 with K=102
[2025-12-12 08:20:34] [run_formula] Running formula picorv32-check-p12 with K=102 up to limit 1600
[2025-12-12 08:21:27] [generate_cnf] Generating formula picorv32-check-p12 with K=103
[2025-12-12 08:21:34] [run_formula] Running formula picorv32-check-p12 with K=103 up to limit 1600
[2025-12-12 08:22:16] [generate_cnf] Generating formula picorv32-check-p12 with K=104
[2025-12-12 08:22:22] [run_formula] Running formula picorv32-check-p12 with K=104 up to limit 1600
[2025-12-12 08:23:20] [generate_cnf] Generating formula picorv32-check-p12 with K=105
[2025-12-12 08:23:26] [run_formula] Running formula picorv32-check-p12 with K=105 up to limit 1600
[2025-12-12 08:24:31] [generate_cnf] Generating formula picorv32-check-p12 with K=106
[2025-12-12 08:24:38] [run_formula] Running formula picorv32-check-p12 with K=106 up to limit 1600
[2025-12-12 08:25:41] [generate_cnf] Generating formula picorv32-check-p12 with K=107
[2025-12-12 08:25:48] [run_formula] Running formula picorv32-check-p12 with K=107 up to limit 1600
[2025-12-12 08:26:44] [generate_cnf] Generating formula picorv32-check-p12 with K=108
[2025-12-12 08:26:51] [run_formula] Running formula picorv32-check-p12 with K=108 up to limit 1600
[2025-12-12 08:27:38] [generate_cnf] Generating formula picorv32-check-p12 with K=109
[2025-12-12 08:27:45] [run_formula] Running formula picorv32-check-p12 with K=109 up to limit 1600
[2025-12-12 08:28:31] [run_formula] Error running formula picorv32-check-p12 with K=109: [Errno 122] Disk quota exceeded: './results/solving_logs/picorv32-check-p12//picorv32-check-p12.109.log'
[2025-12-12 08:28:31] [generate_and_run_up_to_limit] Failed to run formula picorv32-check-p12 with K=109, halting
