CNF written.
CNF written.
CNF written.
CNF written.
CNF written.
CNF written.
CNF written.
CNF written.
CNF written.
CNF written.
CNF written.
CNF written.
CNF written.
CNF written.
[2025-12-12 07:40:05] [generate_and_run_up_to_limit] Generating and running picorv32_mutCY_nomem-p3 with K<=500 up to limit 1600
[2025-12-12 07:40:05] [generate_cnf] Generating formula picorv32_mutCY_nomem-p3 with K=1
[2025-12-12 07:40:05] [run_formula] Running formula picorv32_mutCY_nomem-p3 with K=1 up to limit 1600
[2025-12-12 07:40:05] [generate_cnf] Generating formula picorv32_mutCY_nomem-p3 with K=2
[2025-12-12 07:40:06] [run_formula] Running formula picorv32_mutCY_nomem-p3 with K=2 up to limit 1600
[2025-12-12 07:40:06] [generate_cnf] Generating formula picorv32_mutCY_nomem-p3 with K=3
[2025-12-12 07:40:07] [run_formula] Running formula picorv32_mutCY_nomem-p3 with K=3 up to limit 1600
[2025-12-12 07:40:07] [generate_cnf] Generating formula picorv32_mutCY_nomem-p3 with K=4
[2025-12-12 07:40:08] [run_formula] Running formula picorv32_mutCY_nomem-p3 with K=4 up to limit 1600
[2025-12-12 07:40:08] [generate_cnf] Generating formula picorv32_mutCY_nomem-p3 with K=5
[2025-12-12 07:40:09] [run_formula] Running formula picorv32_mutCY_nomem-p3 with K=5 up to limit 1600
[2025-12-12 07:40:10] [generate_cnf] Generating formula picorv32_mutCY_nomem-p3 with K=6
[2025-12-12 07:40:11] [run_formula] Running formula picorv32_mutCY_nomem-p3 with K=6 up to limit 1600
[2025-12-12 07:40:11] [generate_cnf] Generating formula picorv32_mutCY_nomem-p3 with K=7
[2025-12-12 07:40:13] [run_formula] Running formula picorv32_mutCY_nomem-p3 with K=7 up to limit 1600
[2025-12-12 07:40:13] [generate_cnf] Generating formula picorv32_mutCY_nomem-p3 with K=8
[2025-12-12 07:40:14] [run_formula] Running formula picorv32_mutCY_nomem-p3 with K=8 up to limit 1600
[2025-12-12 07:40:15] [generate_cnf] Generating formula picorv32_mutCY_nomem-p3 with K=9
[2025-12-12 07:40:17] [run_formula] Running formula picorv32_mutCY_nomem-p3 with K=9 up to limit 1600
[2025-12-12 07:40:18] [generate_cnf] Generating formula picorv32_mutCY_nomem-p3 with K=10
[2025-12-12 07:40:20] [run_formula] Running formula picorv32_mutCY_nomem-p3 with K=10 up to limit 1600
[2025-12-12 07:40:21] [generate_cnf] Generating formula picorv32_mutCY_nomem-p3 with K=11
[2025-12-12 07:40:23] [run_formula] Running formula picorv32_mutCY_nomem-p3 with K=11 up to limit 1600
[2025-12-12 07:40:48] [generate_cnf] Generating formula picorv32_mutCY_nomem-p3 with K=12
[2025-12-12 07:40:50] [run_formula] Running formula picorv32_mutCY_nomem-p3 with K=12 up to limit 1600
[2025-12-12 07:42:18] [generate_cnf] Generating formula picorv32_mutCY_nomem-p3 with K=13
[2025-12-12 07:42:20] [run_formula] Running formula picorv32_mutCY_nomem-p3 with K=13 up to limit 1600
[2025-12-12 07:46:00] [generate_cnf] Generating formula picorv32_mutCY_nomem-p3 with K=14
[2025-12-12 07:46:02] [run_formula] Running formula picorv32_mutCY_nomem-p3 with K=14 up to limit 1600
[2025-12-12 08:12:42] [run_formula] Formula picorv32_mutCY_nomem-p3 with K=14 timed out after 1600 seconds
[2025-12-12 08:12:42] [generate_and_run_up_to_limit] Failed to run formula picorv32_mutCY_nomem-p3 with K=14, halting
