CNF written.
CNF written.
CNF written.
CNF written.
CNF written.
CNF written.
CNF written.
CNF written.
CNF written.
CNF written.
CNF written.
CNF written.
CNF written.
CNF written.
CNF written.
CNF written.
CNF written.
CNF written.
CNF written.
CNF written.
CNF written.
CNF written.
CNF written.
CNF written.
CNF written.
CNF written.
CNF written.
CNF written.
CNF written.
CNF written.
CNF written.
CNF written.
CNF written.
[2025-12-12 07:20:31] [generate_and_run_up_to_limit] Generating and running picorv32_mutBY_nomem-p4 with K<=500 up to limit 1600
[2025-12-12 07:20:31] [generate_cnf] Generating formula picorv32_mutBY_nomem-p4 with K=1
[2025-12-12 07:20:31] [run_formula] Running formula picorv32_mutBY_nomem-p4 with K=1 up to limit 1600
[2025-12-12 07:20:31] [generate_cnf] Generating formula picorv32_mutBY_nomem-p4 with K=2
[2025-12-12 07:20:32] [run_formula] Running formula picorv32_mutBY_nomem-p4 with K=2 up to limit 1600
[2025-12-12 07:20:32] [generate_cnf] Generating formula picorv32_mutBY_nomem-p4 with K=3
[2025-12-12 07:20:32] [run_formula] Running formula picorv32_mutBY_nomem-p4 with K=3 up to limit 1600
[2025-12-12 07:20:32] [generate_cnf] Generating formula picorv32_mutBY_nomem-p4 with K=4
[2025-12-12 07:20:33] [run_formula] Running formula picorv32_mutBY_nomem-p4 with K=4 up to limit 1600
[2025-12-12 07:20:33] [generate_cnf] Generating formula picorv32_mutBY_nomem-p4 with K=5
[2025-12-12 07:20:34] [run_formula] Running formula picorv32_mutBY_nomem-p4 with K=5 up to limit 1600
[2025-12-12 07:20:35] [generate_cnf] Generating formula picorv32_mutBY_nomem-p4 with K=6
[2025-12-12 07:20:36] [run_formula] Running formula picorv32_mutBY_nomem-p4 with K=6 up to limit 1600
[2025-12-12 07:20:36] [generate_cnf] Generating formula picorv32_mutBY_nomem-p4 with K=7
[2025-12-12 07:20:37] [run_formula] Running formula picorv32_mutBY_nomem-p4 with K=7 up to limit 1600
[2025-12-12 07:20:38] [generate_cnf] Generating formula picorv32_mutBY_nomem-p4 with K=8
[2025-12-12 07:20:39] [run_formula] Running formula picorv32_mutBY_nomem-p4 with K=8 up to limit 1600
[2025-12-12 07:20:41] [generate_cnf] Generating formula picorv32_mutBY_nomem-p4 with K=9
[2025-12-12 07:20:42] [run_formula] Running formula picorv32_mutBY_nomem-p4 with K=9 up to limit 1600
[2025-12-12 07:20:45] [generate_cnf] Generating formula picorv32_mutBY_nomem-p4 with K=10
[2025-12-12 07:20:47] [run_formula] Running formula picorv32_mutBY_nomem-p4 with K=10 up to limit 1600
[2025-12-12 07:20:53] [generate_cnf] Generating formula picorv32_mutBY_nomem-p4 with K=11
[2025-12-12 07:20:54] [run_formula] Running formula picorv32_mutBY_nomem-p4 with K=11 up to limit 1600
[2025-12-12 07:22:42] [generate_cnf] Generating formula picorv32_mutBY_nomem-p4 with K=12
[2025-12-12 07:22:43] [run_formula] Running formula picorv32_mutBY_nomem-p4 with K=12 up to limit 1600
[2025-12-12 07:29:52] [generate_cnf] Generating formula picorv32_mutBY_nomem-p4 with K=13
[2025-12-12 07:29:54] [run_formula] Running formula picorv32_mutBY_nomem-p4 with K=13 up to limit 1600
[2025-12-12 07:52:03] [generate_cnf] Generating formula picorv32_mutBY_nomem-p4 with K=14
[2025-12-12 07:52:05] [run_formula] Running formula picorv32_mutBY_nomem-p4 with K=14 up to limit 1600
[2025-12-12 07:52:31] [generate_cnf] Generating formula picorv32_mutBY_nomem-p4 with K=15
[2025-12-12 07:52:34] [run_formula] Running formula picorv32_mutBY_nomem-p4 with K=15 up to limit 1600
[2025-12-12 07:52:45] [generate_cnf] Generating formula picorv32_mutBY_nomem-p4 with K=16
[2025-12-12 07:52:47] [run_formula] Running formula picorv32_mutBY_nomem-p4 with K=16 up to limit 1600
[2025-12-12 07:53:24] [generate_cnf] Generating formula picorv32_mutBY_nomem-p4 with K=17
[2025-12-12 07:53:27] [run_formula] Running formula picorv32_mutBY_nomem-p4 with K=17 up to limit 1600
[2025-12-12 07:53:39] [generate_cnf] Generating formula picorv32_mutBY_nomem-p4 with K=18
[2025-12-12 07:53:41] [run_formula] Running formula picorv32_mutBY_nomem-p4 with K=18 up to limit 1600
[2025-12-12 07:54:24] [generate_cnf] Generating formula picorv32_mutBY_nomem-p4 with K=19
[2025-12-12 07:54:27] [run_formula] Running formula picorv32_mutBY_nomem-p4 with K=19 up to limit 1600
[2025-12-12 07:54:29] [generate_cnf] Generating formula picorv32_mutBY_nomem-p4 with K=20
[2025-12-12 07:54:33] [run_formula] Running formula picorv32_mutBY_nomem-p4 with K=20 up to limit 1600
[2025-12-12 07:54:35] [generate_cnf] Generating formula picorv32_mutBY_nomem-p4 with K=21
[2025-12-12 07:54:39] [run_formula] Running formula picorv32_mutBY_nomem-p4 with K=21 up to limit 1600
[2025-12-12 07:57:44] [generate_cnf] Generating formula picorv32_mutBY_nomem-p4 with K=22
[2025-12-12 07:57:47] [run_formula] Running formula picorv32_mutBY_nomem-p4 with K=22 up to limit 1600
[2025-12-12 07:58:48] [generate_cnf] Generating formula picorv32_mutBY_nomem-p4 with K=23
[2025-12-12 07:58:52] [run_formula] Running formula picorv32_mutBY_nomem-p4 with K=23 up to limit 1600
[2025-12-12 08:03:31] [generate_cnf] Generating formula picorv32_mutBY_nomem-p4 with K=24
[2025-12-12 08:03:35] [run_formula] Running formula picorv32_mutBY_nomem-p4 with K=24 up to limit 1600
[2025-12-12 08:07:28] [generate_cnf] Generating formula picorv32_mutBY_nomem-p4 with K=25
[2025-12-12 08:07:32] [run_formula] Running formula picorv32_mutBY_nomem-p4 with K=25 up to limit 1600
[2025-12-12 08:10:50] [generate_cnf] Generating formula picorv32_mutBY_nomem-p4 with K=26
[2025-12-12 08:10:54] [run_formula] Running formula picorv32_mutBY_nomem-p4 with K=26 up to limit 1600
[2025-12-12 08:13:31] [generate_cnf] Generating formula picorv32_mutBY_nomem-p4 with K=27
[2025-12-12 08:13:36] [run_formula] Running formula picorv32_mutBY_nomem-p4 with K=27 up to limit 1600
[2025-12-12 08:14:01] [generate_cnf] Generating formula picorv32_mutBY_nomem-p4 with K=28
[2025-12-12 08:14:06] [run_formula] Running formula picorv32_mutBY_nomem-p4 with K=28 up to limit 1600
[2025-12-12 08:16:58] [generate_cnf] Generating formula picorv32_mutBY_nomem-p4 with K=29
[2025-12-12 08:17:03] [run_formula] Running formula picorv32_mutBY_nomem-p4 with K=29 up to limit 1600
[2025-12-12 08:20:28] [generate_cnf] Generating formula picorv32_mutBY_nomem-p4 with K=30
[2025-12-12 08:20:33] [run_formula] Running formula picorv32_mutBY_nomem-p4 with K=30 up to limit 1600
[2025-12-12 08:24:04] [generate_cnf] Generating formula picorv32_mutBY_nomem-p4 with K=31
[2025-12-12 08:24:08] [run_formula] Running formula picorv32_mutBY_nomem-p4 with K=31 up to limit 1600
[2025-12-12 08:27:29] [generate_cnf] Generating formula picorv32_mutBY_nomem-p4 with K=32
[2025-12-12 08:27:34] [run_formula] Running formula picorv32_mutBY_nomem-p4 with K=32 up to limit 1600
[2025-12-12 08:27:52] [generate_cnf] Generating formula picorv32_mutBY_nomem-p4 with K=33
[2025-12-12 08:27:57] [run_formula] Running formula picorv32_mutBY_nomem-p4 with K=33 up to limit 1600
[2025-12-12 08:31:10] [run_formula] Error running formula picorv32_mutBY_nomem-p4 with K=33: [Errno 122] Disk quota exceeded: './results/solving_logs/picorv32_mutBY_nomem-p4//picorv32_mutBY_nomem-p4.33.log'
[2025-12-12 08:31:10] [generate_and_run_up_to_limit] Failed to run formula picorv32_mutBY_nomem-p4 with K=33, halting
