CNF written.
CNF written.
CNF written.
CNF written.
CNF written.
CNF written.
CNF written.
CNF written.
CNF written.
CNF written.
CNF written.
CNF written.
CNF written.
CNF written.
CNF written.
[2025-12-12 07:50:06] [generate_and_run_up_to_limit] Generating and running picorv32_mutAY_nomem-p6 with K<=500 up to limit 1600
[2025-12-12 07:50:06] [generate_cnf] Generating formula picorv32_mutAY_nomem-p6 with K=1
[2025-12-12 07:50:07] [run_formula] Running formula picorv32_mutAY_nomem-p6 with K=1 up to limit 1600
[2025-12-12 07:50:07] [generate_cnf] Generating formula picorv32_mutAY_nomem-p6 with K=2
[2025-12-12 07:50:07] [run_formula] Running formula picorv32_mutAY_nomem-p6 with K=2 up to limit 1600
[2025-12-12 07:50:08] [generate_cnf] Generating formula picorv32_mutAY_nomem-p6 with K=3
[2025-12-12 07:50:09] [run_formula] Running formula picorv32_mutAY_nomem-p6 with K=3 up to limit 1600
[2025-12-12 07:50:09] [generate_cnf] Generating formula picorv32_mutAY_nomem-p6 with K=4
[2025-12-12 07:50:10] [run_formula] Running formula picorv32_mutAY_nomem-p6 with K=4 up to limit 1600
[2025-12-12 07:50:10] [generate_cnf] Generating formula picorv32_mutAY_nomem-p6 with K=5
[2025-12-12 07:50:12] [run_formula] Running formula picorv32_mutAY_nomem-p6 with K=5 up to limit 1600
[2025-12-12 07:50:12] [generate_cnf] Generating formula picorv32_mutAY_nomem-p6 with K=6
[2025-12-12 07:50:13] [run_formula] Running formula picorv32_mutAY_nomem-p6 with K=6 up to limit 1600
[2025-12-12 07:50:14] [generate_cnf] Generating formula picorv32_mutAY_nomem-p6 with K=7
[2025-12-12 07:50:16] [run_formula] Running formula picorv32_mutAY_nomem-p6 with K=7 up to limit 1600
[2025-12-12 07:50:17] [generate_cnf] Generating formula picorv32_mutAY_nomem-p6 with K=8
[2025-12-12 07:50:19] [run_formula] Running formula picorv32_mutAY_nomem-p6 with K=8 up to limit 1600
[2025-12-12 07:50:21] [generate_cnf] Generating formula picorv32_mutAY_nomem-p6 with K=9
[2025-12-12 07:50:23] [run_formula] Running formula picorv32_mutAY_nomem-p6 with K=9 up to limit 1600
[2025-12-12 07:50:26] [generate_cnf] Generating formula picorv32_mutAY_nomem-p6 with K=10
[2025-12-12 07:50:29] [run_formula] Running formula picorv32_mutAY_nomem-p6 with K=10 up to limit 1600
[2025-12-12 07:50:37] [generate_cnf] Generating formula picorv32_mutAY_nomem-p6 with K=11
[2025-12-12 07:50:39] [run_formula] Running formula picorv32_mutAY_nomem-p6 with K=11 up to limit 1600
[2025-12-12 07:50:50] [generate_cnf] Generating formula picorv32_mutAY_nomem-p6 with K=12
[2025-12-12 07:50:53] [run_formula] Running formula picorv32_mutAY_nomem-p6 with K=12 up to limit 1600
[2025-12-12 07:51:30] [generate_cnf] Generating formula picorv32_mutAY_nomem-p6 with K=13
[2025-12-12 07:51:33] [run_formula] Running formula picorv32_mutAY_nomem-p6 with K=13 up to limit 1600
[2025-12-12 07:56:45] [generate_cnf] Generating formula picorv32_mutAY_nomem-p6 with K=14
[2025-12-12 07:56:48] [run_formula] Running formula picorv32_mutAY_nomem-p6 with K=14 up to limit 1600
[2025-12-12 08:14:12] [generate_cnf] Generating formula picorv32_mutAY_nomem-p6 with K=15
[2025-12-12 08:14:15] [run_formula] Running formula picorv32_mutAY_nomem-p6 with K=15 up to limit 1600
[2025-12-12 08:40:55] [run_formula] Formula picorv32_mutAY_nomem-p6 with K=15 timed out after 1600 seconds
[2025-12-12 08:40:55] [generate_and_run_up_to_limit] Failed to run formula picorv32_mutAY_nomem-p6 with K=15, halting
