CNF written.
CNF written.
CNF written.
CNF written.
CNF written.
CNF written.
CNF written.
CNF written.
CNF written.
CNF written.
CNF written.
CNF written.
CNF written.
CNF written.
[2025-12-12 06:57:21] [generate_and_run_up_to_limit] Generating and running picorv32_mutCX_nomem-p0 with K<=500 up to limit 1600
[2025-12-12 06:57:21] [generate_cnf] Generating formula picorv32_mutCX_nomem-p0 with K=1
[2025-12-12 06:57:22] [run_formula] Running formula picorv32_mutCX_nomem-p0 with K=1 up to limit 1600
[2025-12-12 06:57:22] [generate_cnf] Generating formula picorv32_mutCX_nomem-p0 with K=2
[2025-12-12 06:57:23] [run_formula] Running formula picorv32_mutCX_nomem-p0 with K=2 up to limit 1600
[2025-12-12 06:57:23] [generate_cnf] Generating formula picorv32_mutCX_nomem-p0 with K=3
[2025-12-12 06:57:24] [run_formula] Running formula picorv32_mutCX_nomem-p0 with K=3 up to limit 1600
[2025-12-12 06:57:24] [generate_cnf] Generating formula picorv32_mutCX_nomem-p0 with K=4
[2025-12-12 06:57:25] [run_formula] Running formula picorv32_mutCX_nomem-p0 with K=4 up to limit 1600
[2025-12-12 06:57:25] [generate_cnf] Generating formula picorv32_mutCX_nomem-p0 with K=5
[2025-12-12 06:57:26] [run_formula] Running formula picorv32_mutCX_nomem-p0 with K=5 up to limit 1600
[2025-12-12 06:57:27] [generate_cnf] Generating formula picorv32_mutCX_nomem-p0 with K=6
[2025-12-12 06:57:28] [run_formula] Running formula picorv32_mutCX_nomem-p0 with K=6 up to limit 1600
[2025-12-12 06:57:28] [generate_cnf] Generating formula picorv32_mutCX_nomem-p0 with K=7
[2025-12-12 06:57:30] [run_formula] Running formula picorv32_mutCX_nomem-p0 with K=7 up to limit 1600
[2025-12-12 06:57:31] [generate_cnf] Generating formula picorv32_mutCX_nomem-p0 with K=8
[2025-12-12 06:57:32] [run_formula] Running formula picorv32_mutCX_nomem-p0 with K=8 up to limit 1600
[2025-12-12 06:57:33] [generate_cnf] Generating formula picorv32_mutCX_nomem-p0 with K=9
[2025-12-12 06:57:35] [run_formula] Running formula picorv32_mutCX_nomem-p0 with K=9 up to limit 1600
[2025-12-12 06:57:36] [generate_cnf] Generating formula picorv32_mutCX_nomem-p0 with K=10
[2025-12-12 06:57:39] [run_formula] Running formula picorv32_mutCX_nomem-p0 with K=10 up to limit 1600
[2025-12-12 06:57:41] [generate_cnf] Generating formula picorv32_mutCX_nomem-p0 with K=11
[2025-12-12 06:57:44] [run_formula] Running formula picorv32_mutCX_nomem-p0 with K=11 up to limit 1600
[2025-12-12 06:58:23] [generate_cnf] Generating formula picorv32_mutCX_nomem-p0 with K=12
[2025-12-12 06:58:26] [run_formula] Running formula picorv32_mutCX_nomem-p0 with K=12 up to limit 1600
[2025-12-12 07:00:58] [generate_cnf] Generating formula picorv32_mutCX_nomem-p0 with K=13
[2025-12-12 07:01:00] [run_formula] Running formula picorv32_mutCX_nomem-p0 with K=13 up to limit 1600
[2025-12-12 07:08:47] [generate_cnf] Generating formula picorv32_mutCX_nomem-p0 with K=14
[2025-12-12 07:08:50] [run_formula] Running formula picorv32_mutCX_nomem-p0 with K=14 up to limit 1600
[2025-12-12 07:35:30] [run_formula] Formula picorv32_mutCX_nomem-p0 with K=14 timed out after 1600 seconds
[2025-12-12 07:35:30] [generate_and_run_up_to_limit] Failed to run formula picorv32_mutCX_nomem-p0 with K=14, halting
