CNF written.
CNF written.
CNF written.
CNF written.
CNF written.
CNF written.
CNF written.
CNF written.
CNF written.
CNF written.
CNF written.
CNF written.
CNF written.
CNF written.
CNF written.
CNF written.
CNF written.
CNF written.
CNF written.
CNF written.
CNF written.
CNF written.
CNF written.
CNF written.
CNF written.
CNF written.
CNF written.
CNF written.
CNF written.
CNF written.
CNF written.
CNF written.
CNF written.
CNF written.
CNF written.
CNF written.
CNF written.
CNF written.
CNF written.
CNF written.
CNF written.
CNF written.
CNF written.
CNF written.
CNF written.
CNF written.
CNF written.
CNF written.
CNF written.
CNF written.
CNF written.
CNF written.
CNF written.
CNF written.
CNF written.
CNF written.
CNF written.
CNF written.
CNF written.
CNF written.
CNF written.
CNF written.
CNF written.
CNF written.
CNF written.
CNF written.
CNF written.
CNF written.
CNF written.
CNF written.
CNF written.
CNF written.
CNF written.
CNF written.
CNF written.
CNF written.
CNF written.
CNF written.
CNF written.
CNF written.
CNF written.
CNF written.
CNF written.
CNF written.
CNF written.
CNF written.
CNF written.
CNF written.
CNF written.
CNF written.
CNF written.
CNF written.
CNF written.
CNF written.
CNF written.
CNF written.
CNF written.
CNF written.
[2025-12-12 07:57:05] [generate_and_run_up_to_limit] Generating and running pj2016 with K<=500 up to limit 1600
[2025-12-12 07:57:05] [generate_cnf] Generating formula pj2016 with K=1
[2025-12-12 07:57:06] [run_formula] Running formula pj2016 with K=1 up to limit 1600
[2025-12-12 07:57:06] [generate_cnf] Generating formula pj2016 with K=2
[2025-12-12 07:57:06] [run_formula] Running formula pj2016 with K=2 up to limit 1600
[2025-12-12 07:57:06] [generate_cnf] Generating formula pj2016 with K=3
[2025-12-12 07:57:07] [run_formula] Running formula pj2016 with K=3 up to limit 1600
[2025-12-12 07:57:07] [generate_cnf] Generating formula pj2016 with K=4
[2025-12-12 07:57:07] [run_formula] Running formula pj2016 with K=4 up to limit 1600
[2025-12-12 07:57:08] [generate_cnf] Generating formula pj2016 with K=5
[2025-12-12 07:57:08] [run_formula] Running formula pj2016 with K=5 up to limit 1600
[2025-12-12 07:57:09] [generate_cnf] Generating formula pj2016 with K=6
[2025-12-12 07:57:09] [run_formula] Running formula pj2016 with K=6 up to limit 1600
[2025-12-12 07:57:10] [generate_cnf] Generating formula pj2016 with K=7
[2025-12-12 07:57:11] [run_formula] Running formula pj2016 with K=7 up to limit 1600
[2025-12-12 07:57:11] [generate_cnf] Generating formula pj2016 with K=8
[2025-12-12 07:57:12] [run_formula] Running formula pj2016 with K=8 up to limit 1600
[2025-12-12 07:57:13] [generate_cnf] Generating formula pj2016 with K=9
[2025-12-12 07:57:14] [run_formula] Running formula pj2016 with K=9 up to limit 1600
[2025-12-12 07:57:14] [generate_cnf] Generating formula pj2016 with K=10
[2025-12-12 07:57:16] [run_formula] Running formula pj2016 with K=10 up to limit 1600
[2025-12-12 07:57:16] [generate_cnf] Generating formula pj2016 with K=11
[2025-12-12 07:57:18] [run_formula] Running formula pj2016 with K=11 up to limit 1600
[2025-12-12 07:57:19] [generate_cnf] Generating formula pj2016 with K=12
[2025-12-12 07:57:20] [run_formula] Running formula pj2016 with K=12 up to limit 1600
[2025-12-12 07:57:21] [generate_cnf] Generating formula pj2016 with K=13
[2025-12-12 07:57:23] [run_formula] Running formula pj2016 with K=13 up to limit 1600
[2025-12-12 07:57:24] [generate_cnf] Generating formula pj2016 with K=14
[2025-12-12 07:57:26] [run_formula] Running formula pj2016 with K=14 up to limit 1600
[2025-12-12 07:57:27] [generate_cnf] Generating formula pj2016 with K=15
[2025-12-12 07:57:29] [run_formula] Running formula pj2016 with K=15 up to limit 1600
[2025-12-12 07:57:30] [generate_cnf] Generating formula pj2016 with K=16
[2025-12-12 07:57:32] [run_formula] Running formula pj2016 with K=16 up to limit 1600
[2025-12-12 07:57:34] [generate_cnf] Generating formula pj2016 with K=17
[2025-12-12 07:57:36] [run_formula] Running formula pj2016 with K=17 up to limit 1600
[2025-12-12 07:57:38] [generate_cnf] Generating formula pj2016 with K=18
[2025-12-12 07:57:40] [run_formula] Running formula pj2016 with K=18 up to limit 1600
[2025-12-12 07:57:43] [generate_cnf] Generating formula pj2016 with K=19
[2025-12-12 07:57:46] [run_formula] Running formula pj2016 with K=19 up to limit 1600
[2025-12-12 07:57:50] [generate_cnf] Generating formula pj2016 with K=20
[2025-12-12 07:57:52] [run_formula] Running formula pj2016 with K=20 up to limit 1600
[2025-12-12 07:57:57] [generate_cnf] Generating formula pj2016 with K=21
[2025-12-12 07:58:00] [run_formula] Running formula pj2016 with K=21 up to limit 1600
[2025-12-12 07:58:05] [generate_cnf] Generating formula pj2016 with K=22
[2025-12-12 07:58:07] [run_formula] Running formula pj2016 with K=22 up to limit 1600
[2025-12-12 07:58:12] [generate_cnf] Generating formula pj2016 with K=23
[2025-12-12 07:58:15] [run_formula] Running formula pj2016 with K=23 up to limit 1600
[2025-12-12 07:58:20] [generate_cnf] Generating formula pj2016 with K=24
[2025-12-12 07:58:23] [run_formula] Running formula pj2016 with K=24 up to limit 1600
[2025-12-12 07:58:27] [generate_cnf] Generating formula pj2016 with K=25
[2025-12-12 07:58:30] [run_formula] Running formula pj2016 with K=25 up to limit 1600
[2025-12-12 07:58:35] [generate_cnf] Generating formula pj2016 with K=26
[2025-12-12 07:58:39] [run_formula] Running formula pj2016 with K=26 up to limit 1600
[2025-12-12 07:58:44] [generate_cnf] Generating formula pj2016 with K=27
[2025-12-12 07:58:47] [run_formula] Running formula pj2016 with K=27 up to limit 1600
[2025-12-12 07:58:54] [generate_cnf] Generating formula pj2016 with K=28
[2025-12-12 07:58:57] [run_formula] Running formula pj2016 with K=28 up to limit 1600
[2025-12-12 07:59:03] [generate_cnf] Generating formula pj2016 with K=29
[2025-12-12 07:59:06] [run_formula] Running formula pj2016 with K=29 up to limit 1600
[2025-12-12 07:59:12] [generate_cnf] Generating formula pj2016 with K=30
[2025-12-12 07:59:16] [run_formula] Running formula pj2016 with K=30 up to limit 1600
[2025-12-12 07:59:24] [generate_cnf] Generating formula pj2016 with K=31
[2025-12-12 07:59:28] [run_formula] Running formula pj2016 with K=31 up to limit 1600
[2025-12-12 07:59:33] [generate_cnf] Generating formula pj2016 with K=32
[2025-12-12 07:59:37] [run_formula] Running formula pj2016 with K=32 up to limit 1600
[2025-12-12 07:59:43] [generate_cnf] Generating formula pj2016 with K=33
[2025-12-12 07:59:47] [run_formula] Running formula pj2016 with K=33 up to limit 1600
[2025-12-12 07:59:53] [generate_cnf] Generating formula pj2016 with K=34
[2025-12-12 07:59:58] [run_formula] Running formula pj2016 with K=34 up to limit 1600
[2025-12-12 08:00:04] [generate_cnf] Generating formula pj2016 with K=35
[2025-12-12 08:00:08] [run_formula] Running formula pj2016 with K=35 up to limit 1600
[2025-12-12 08:00:15] [generate_cnf] Generating formula pj2016 with K=36
[2025-12-12 08:00:19] [run_formula] Running formula pj2016 with K=36 up to limit 1600
[2025-12-12 08:00:26] [generate_cnf] Generating formula pj2016 with K=37
[2025-12-12 08:00:30] [run_formula] Running formula pj2016 with K=37 up to limit 1600
[2025-12-12 08:00:38] [generate_cnf] Generating formula pj2016 with K=38
[2025-12-12 08:00:43] [run_formula] Running formula pj2016 with K=38 up to limit 1600
[2025-12-12 08:00:50] [generate_cnf] Generating formula pj2016 with K=39
[2025-12-12 08:00:55] [run_formula] Running formula pj2016 with K=39 up to limit 1600
[2025-12-12 08:01:16] [generate_cnf] Generating formula pj2016 with K=40
[2025-12-12 08:01:21] [run_formula] Running formula pj2016 with K=40 up to limit 1600
[2025-12-12 08:01:32] [generate_cnf] Generating formula pj2016 with K=41
[2025-12-12 08:01:37] [run_formula] Running formula pj2016 with K=41 up to limit 1600
[2025-12-12 08:01:48] [generate_cnf] Generating formula pj2016 with K=42
[2025-12-12 08:01:53] [run_formula] Running formula pj2016 with K=42 up to limit 1600
[2025-12-12 08:02:01] [generate_cnf] Generating formula pj2016 with K=43
[2025-12-12 08:02:06] [run_formula] Running formula pj2016 with K=43 up to limit 1600
[2025-12-12 08:02:16] [generate_cnf] Generating formula pj2016 with K=44
[2025-12-12 08:02:22] [run_formula] Running formula pj2016 with K=44 up to limit 1600
[2025-12-12 08:02:32] [generate_cnf] Generating formula pj2016 with K=45
[2025-12-12 08:02:38] [run_formula] Running formula pj2016 with K=45 up to limit 1600
[2025-12-12 08:02:53] [generate_cnf] Generating formula pj2016 with K=46
[2025-12-12 08:02:58] [run_formula] Running formula pj2016 with K=46 up to limit 1600
[2025-12-12 08:03:13] [generate_cnf] Generating formula pj2016 with K=47
[2025-12-12 08:03:19] [run_formula] Running formula pj2016 with K=47 up to limit 1600
[2025-12-12 08:03:41] [generate_cnf] Generating formula pj2016 with K=48
[2025-12-12 08:03:47] [run_formula] Running formula pj2016 with K=48 up to limit 1600
[2025-12-12 08:03:58] [generate_cnf] Generating formula pj2016 with K=49
[2025-12-12 08:04:04] [run_formula] Running formula pj2016 with K=49 up to limit 1600
[2025-12-12 08:04:12] [generate_cnf] Generating formula pj2016 with K=50
[2025-12-12 08:04:18] [run_formula] Running formula pj2016 with K=50 up to limit 1600
[2025-12-12 08:04:27] [generate_cnf] Generating formula pj2016 with K=51
[2025-12-12 08:04:33] [run_formula] Running formula pj2016 with K=51 up to limit 1600
[2025-12-12 08:04:51] [generate_cnf] Generating formula pj2016 with K=52
[2025-12-12 08:04:57] [run_formula] Running formula pj2016 with K=52 up to limit 1600
[2025-12-12 08:05:12] [generate_cnf] Generating formula pj2016 with K=53
[2025-12-12 08:05:20] [run_formula] Running formula pj2016 with K=53 up to limit 1600
[2025-12-12 08:05:41] [generate_cnf] Generating formula pj2016 with K=54
[2025-12-12 08:05:47] [run_formula] Running formula pj2016 with K=54 up to limit 1600
[2025-12-12 08:06:03] [generate_cnf] Generating formula pj2016 with K=55
[2025-12-12 08:06:10] [run_formula] Running formula pj2016 with K=55 up to limit 1600
[2025-12-12 08:06:38] [generate_cnf] Generating formula pj2016 with K=56
[2025-12-12 08:06:44] [run_formula] Running formula pj2016 with K=56 up to limit 1600
[2025-12-12 08:07:03] [generate_cnf] Generating formula pj2016 with K=57
[2025-12-12 08:07:10] [run_formula] Running formula pj2016 with K=57 up to limit 1600
[2025-12-12 08:07:32] [generate_cnf] Generating formula pj2016 with K=58
[2025-12-12 08:07:38] [run_formula] Running formula pj2016 with K=58 up to limit 1600
[2025-12-12 08:07:46] [generate_cnf] Generating formula pj2016 with K=59
[2025-12-12 08:07:53] [run_formula] Running formula pj2016 with K=59 up to limit 1600
[2025-12-12 08:08:09] [generate_cnf] Generating formula pj2016 with K=60
[2025-12-12 08:08:16] [run_formula] Running formula pj2016 with K=60 up to limit 1600
[2025-12-12 08:08:46] [generate_cnf] Generating formula pj2016 with K=61
[2025-12-12 08:08:52] [run_formula] Running formula pj2016 with K=61 up to limit 1600
[2025-12-12 08:09:04] [generate_cnf] Generating formula pj2016 with K=62
[2025-12-12 08:09:12] [run_formula] Running formula pj2016 with K=62 up to limit 1600
[2025-12-12 08:09:25] [generate_cnf] Generating formula pj2016 with K=63
[2025-12-12 08:09:32] [run_formula] Running formula pj2016 with K=63 up to limit 1600
[2025-12-12 08:09:47] [generate_cnf] Generating formula pj2016 with K=64
[2025-12-12 08:09:54] [run_formula] Running formula pj2016 with K=64 up to limit 1600
[2025-12-12 08:10:11] [generate_cnf] Generating formula pj2016 with K=65
[2025-12-12 08:10:20] [run_formula] Running formula pj2016 with K=65 up to limit 1600
[2025-12-12 08:10:32] [generate_cnf] Generating formula pj2016 with K=66
[2025-12-12 08:10:39] [run_formula] Running formula pj2016 with K=66 up to limit 1600
[2025-12-12 08:11:07] [generate_cnf] Generating formula pj2016 with K=67
[2025-12-12 08:11:15] [run_formula] Running formula pj2016 with K=67 up to limit 1600
[2025-12-12 08:11:33] [generate_cnf] Generating formula pj2016 with K=68
[2025-12-12 08:11:41] [run_formula] Running formula pj2016 with K=68 up to limit 1600
[2025-12-12 08:12:07] [generate_cnf] Generating formula pj2016 with K=69
[2025-12-12 08:12:15] [run_formula] Running formula pj2016 with K=69 up to limit 1600
[2025-12-12 08:12:26] [generate_cnf] Generating formula pj2016 with K=70
[2025-12-12 08:12:34] [run_formula] Running formula pj2016 with K=70 up to limit 1600
[2025-12-12 08:12:55] [generate_cnf] Generating formula pj2016 with K=71
[2025-12-12 08:13:03] [run_formula] Running formula pj2016 with K=71 up to limit 1600
[2025-12-12 08:13:31] [generate_cnf] Generating formula pj2016 with K=72
[2025-12-12 08:13:39] [run_formula] Running formula pj2016 with K=72 up to limit 1600
[2025-12-12 08:13:56] [generate_cnf] Generating formula pj2016 with K=73
[2025-12-12 08:14:05] [run_formula] Running formula pj2016 with K=73 up to limit 1600
[2025-12-12 08:14:42] [generate_cnf] Generating formula pj2016 with K=74
[2025-12-12 08:14:51] [run_formula] Running formula pj2016 with K=74 up to limit 1600
[2025-12-12 08:15:12] [generate_cnf] Generating formula pj2016 with K=75
[2025-12-12 08:15:20] [run_formula] Running formula pj2016 with K=75 up to limit 1600
[2025-12-12 08:15:36] [generate_cnf] Generating formula pj2016 with K=76
[2025-12-12 08:15:45] [run_formula] Running formula pj2016 with K=76 up to limit 1600
[2025-12-12 08:16:01] [generate_cnf] Generating formula pj2016 with K=77
[2025-12-12 08:16:11] [run_formula] Running formula pj2016 with K=77 up to limit 1600
[2025-12-12 08:16:34] [generate_cnf] Generating formula pj2016 with K=78
[2025-12-12 08:16:43] [run_formula] Running formula pj2016 with K=78 up to limit 1600
[2025-12-12 08:17:13] [generate_cnf] Generating formula pj2016 with K=79
[2025-12-12 08:17:22] [run_formula] Running formula pj2016 with K=79 up to limit 1600
[2025-12-12 08:17:46] [generate_cnf] Generating formula pj2016 with K=80
[2025-12-12 08:17:55] [run_formula] Running formula pj2016 with K=80 up to limit 1600
[2025-12-12 08:18:14] [generate_cnf] Generating formula pj2016 with K=81
[2025-12-12 08:18:23] [run_formula] Running formula pj2016 with K=81 up to limit 1600
[2025-12-12 08:18:51] [generate_cnf] Generating formula pj2016 with K=82
[2025-12-12 08:19:02] [run_formula] Running formula pj2016 with K=82 up to limit 1600
[2025-12-12 08:19:19] [generate_cnf] Generating formula pj2016 with K=83
[2025-12-12 08:19:29] [run_formula] Running formula pj2016 with K=83 up to limit 1600
[2025-12-12 08:19:49] [generate_cnf] Generating formula pj2016 with K=84
[2025-12-12 08:20:00] [run_formula] Running formula pj2016 with K=84 up to limit 1600
[2025-12-12 08:20:13] [generate_cnf] Generating formula pj2016 with K=85
[2025-12-12 08:20:23] [run_formula] Running formula pj2016 with K=85 up to limit 1600
[2025-12-12 08:20:57] [generate_cnf] Generating formula pj2016 with K=86
[2025-12-12 08:21:07] [run_formula] Running formula pj2016 with K=86 up to limit 1600
[2025-12-12 08:21:26] [generate_cnf] Generating formula pj2016 with K=87
[2025-12-12 08:21:37] [run_formula] Running formula pj2016 with K=87 up to limit 1600
[2025-12-12 08:22:01] [generate_cnf] Generating formula pj2016 with K=88
[2025-12-12 08:22:12] [run_formula] Running formula pj2016 with K=88 up to limit 1600
[2025-12-12 08:22:37] [generate_cnf] Generating formula pj2016 with K=89
[2025-12-12 08:22:48] [run_formula] Running formula pj2016 with K=89 up to limit 1600
[2025-12-12 08:23:15] [generate_cnf] Generating formula pj2016 with K=90
[2025-12-12 08:23:26] [run_formula] Running formula pj2016 with K=90 up to limit 1600
[2025-12-12 08:23:53] [generate_cnf] Generating formula pj2016 with K=91
[2025-12-12 08:24:04] [run_formula] Running formula pj2016 with K=91 up to limit 1600
[2025-12-12 08:24:23] [generate_cnf] Generating formula pj2016 with K=92
[2025-12-12 08:24:34] [run_formula] Running formula pj2016 with K=92 up to limit 1600
[2025-12-12 08:24:56] [generate_cnf] Generating formula pj2016 with K=93
[2025-12-12 08:25:07] [run_formula] Running formula pj2016 with K=93 up to limit 1600
[2025-12-12 08:25:38] [generate_cnf] Generating formula pj2016 with K=94
[2025-12-12 08:25:49] [run_formula] Running formula pj2016 with K=94 up to limit 1600
[2025-12-12 08:26:09] [generate_cnf] Generating formula pj2016 with K=95
[2025-12-12 08:26:19] [run_formula] Running formula pj2016 with K=95 up to limit 1600
[2025-12-12 08:26:38] [generate_cnf] Generating formula pj2016 with K=96
[2025-12-12 08:26:50] [run_formula] Running formula pj2016 with K=96 up to limit 1600
[2025-12-12 08:27:14] [generate_cnf] Generating formula pj2016 with K=97
[2025-12-12 08:27:25] [run_formula] Running formula pj2016 with K=97 up to limit 1600
[2025-12-12 08:27:52] [generate_cnf] Generating formula pj2016 with K=98
[2025-12-12 08:27:59] [generate_and_run_up_to_limit] Failed to generate CNF for pj2016 with K=98, halting
