CNF written.
CNF written.
CNF written.
CNF written.
CNF written.
CNF written.
CNF written.
CNF written.
CNF written.
CNF written.
CNF written.
CNF written.
CNF written.
CNF written.
CNF written.
CNF written.
CNF written.
CNF written.
CNF written.
CNF written.
CNF written.
CNF written.
CNF written.
CNF written.
CNF written.
CNF written.
CNF written.
CNF written.
CNF written.
CNF written.
CNF written.
CNF written.
CNF written.
CNF written.
CNF written.
CNF written.
CNF written.
CNF written.
CNF written.
CNF written.
CNF written.
CNF written.
CNF written.
CNF written.
CNF written.
CNF written.
CNF written.
CNF written.
CNF written.
CNF written.
CNF written.
CNF written.
CNF written.
CNF written.
CNF written.
CNF written.
CNF written.
CNF written.
CNF written.
CNF written.
CNF written.
CNF written.
CNF written.
CNF written.
CNF written.
CNF written.
CNF written.
CNF written.
[2025-12-12 08:13:42] [generate_and_run_up_to_limit] Generating and running pj2018 with K<=500 up to limit 1600
[2025-12-12 08:13:42] [generate_cnf] Generating formula pj2018 with K=1
[2025-12-12 08:13:42] [run_formula] Running formula pj2018 with K=1 up to limit 1600
[2025-12-12 08:13:42] [generate_cnf] Generating formula pj2018 with K=2
[2025-12-12 08:13:42] [run_formula] Running formula pj2018 with K=2 up to limit 1600
[2025-12-12 08:13:43] [generate_cnf] Generating formula pj2018 with K=3
[2025-12-12 08:13:43] [run_formula] Running formula pj2018 with K=3 up to limit 1600
[2025-12-12 08:13:43] [generate_cnf] Generating formula pj2018 with K=4
[2025-12-12 08:13:44] [run_formula] Running formula pj2018 with K=4 up to limit 1600
[2025-12-12 08:13:44] [generate_cnf] Generating formula pj2018 with K=5
[2025-12-12 08:13:44] [run_formula] Running formula pj2018 with K=5 up to limit 1600
[2025-12-12 08:13:45] [generate_cnf] Generating formula pj2018 with K=6
[2025-12-12 08:13:45] [run_formula] Running formula pj2018 with K=6 up to limit 1600
[2025-12-12 08:13:46] [generate_cnf] Generating formula pj2018 with K=7
[2025-12-12 08:13:46] [run_formula] Running formula pj2018 with K=7 up to limit 1600
[2025-12-12 08:13:47] [generate_cnf] Generating formula pj2018 with K=8
[2025-12-12 08:13:48] [run_formula] Running formula pj2018 with K=8 up to limit 1600
[2025-12-12 08:13:48] [generate_cnf] Generating formula pj2018 with K=9
[2025-12-12 08:13:49] [run_formula] Running formula pj2018 with K=9 up to limit 1600
[2025-12-12 08:13:50] [generate_cnf] Generating formula pj2018 with K=10
[2025-12-12 08:13:51] [run_formula] Running formula pj2018 with K=10 up to limit 1600
[2025-12-12 08:13:52] [generate_cnf] Generating formula pj2018 with K=11
[2025-12-12 08:13:53] [run_formula] Running formula pj2018 with K=11 up to limit 1600
[2025-12-12 08:13:54] [generate_cnf] Generating formula pj2018 with K=12
[2025-12-12 08:13:55] [run_formula] Running formula pj2018 with K=12 up to limit 1600
[2025-12-12 08:13:56] [generate_cnf] Generating formula pj2018 with K=13
[2025-12-12 08:13:58] [run_formula] Running formula pj2018 with K=13 up to limit 1600
[2025-12-12 08:13:59] [generate_cnf] Generating formula pj2018 with K=14
[2025-12-12 08:14:00] [run_formula] Running formula pj2018 with K=14 up to limit 1600
[2025-12-12 08:14:02] [generate_cnf] Generating formula pj2018 with K=15
[2025-12-12 08:14:04] [run_formula] Running formula pj2018 with K=15 up to limit 1600
[2025-12-12 08:14:05] [generate_cnf] Generating formula pj2018 with K=16
[2025-12-12 08:14:07] [run_formula] Running formula pj2018 with K=16 up to limit 1600
[2025-12-12 08:14:10] [generate_cnf] Generating formula pj2018 with K=17
[2025-12-12 08:14:12] [run_formula] Running formula pj2018 with K=17 up to limit 1600
[2025-12-12 08:14:16] [generate_cnf] Generating formula pj2018 with K=18
[2025-12-12 08:14:19] [run_formula] Running formula pj2018 with K=18 up to limit 1600
[2025-12-12 08:14:29] [generate_cnf] Generating formula pj2018 with K=19
[2025-12-12 08:14:31] [run_formula] Running formula pj2018 with K=19 up to limit 1600
[2025-12-12 08:14:37] [generate_cnf] Generating formula pj2018 with K=20
[2025-12-12 08:14:39] [run_formula] Running formula pj2018 with K=20 up to limit 1600
[2025-12-12 08:14:44] [generate_cnf] Generating formula pj2018 with K=21
[2025-12-12 08:14:46] [run_formula] Running formula pj2018 with K=21 up to limit 1600
[2025-12-12 08:14:53] [generate_cnf] Generating formula pj2018 with K=22
[2025-12-12 08:14:56] [run_formula] Running formula pj2018 with K=22 up to limit 1600
[2025-12-12 08:15:00] [generate_cnf] Generating formula pj2018 with K=23
[2025-12-12 08:15:02] [run_formula] Running formula pj2018 with K=23 up to limit 1600
[2025-12-12 08:15:08] [generate_cnf] Generating formula pj2018 with K=24
[2025-12-12 08:15:11] [run_formula] Running formula pj2018 with K=24 up to limit 1600
[2025-12-12 08:15:17] [generate_cnf] Generating formula pj2018 with K=25
[2025-12-12 08:15:20] [run_formula] Running formula pj2018 with K=25 up to limit 1600
[2025-12-12 08:15:27] [generate_cnf] Generating formula pj2018 with K=26
[2025-12-12 08:15:29] [run_formula] Running formula pj2018 with K=26 up to limit 1600
[2025-12-12 08:15:34] [generate_cnf] Generating formula pj2018 with K=27
[2025-12-12 08:15:36] [run_formula] Running formula pj2018 with K=27 up to limit 1600
[2025-12-12 08:15:42] [generate_cnf] Generating formula pj2018 with K=28
[2025-12-12 08:15:45] [run_formula] Running formula pj2018 with K=28 up to limit 1600
[2025-12-12 08:15:52] [generate_cnf] Generating formula pj2018 with K=29
[2025-12-12 08:15:55] [run_formula] Running formula pj2018 with K=29 up to limit 1600
[2025-12-12 08:16:04] [generate_cnf] Generating formula pj2018 with K=30
[2025-12-12 08:16:07] [run_formula] Running formula pj2018 with K=30 up to limit 1600
[2025-12-12 08:16:15] [generate_cnf] Generating formula pj2018 with K=31
[2025-12-12 08:16:18] [run_formula] Running formula pj2018 with K=31 up to limit 1600
[2025-12-12 08:16:30] [generate_cnf] Generating formula pj2018 with K=32
[2025-12-12 08:16:34] [run_formula] Running formula pj2018 with K=32 up to limit 1600
[2025-12-12 08:16:44] [generate_cnf] Generating formula pj2018 with K=33
[2025-12-12 08:16:47] [run_formula] Running formula pj2018 with K=33 up to limit 1600
[2025-12-12 08:16:55] [generate_cnf] Generating formula pj2018 with K=34
[2025-12-12 08:16:58] [run_formula] Running formula pj2018 with K=34 up to limit 1600
[2025-12-12 08:17:06] [generate_cnf] Generating formula pj2018 with K=35
[2025-12-12 08:17:10] [run_formula] Running formula pj2018 with K=35 up to limit 1600
[2025-12-12 08:17:22] [generate_cnf] Generating formula pj2018 with K=36
[2025-12-12 08:17:25] [run_formula] Running formula pj2018 with K=36 up to limit 1600
[2025-12-12 08:17:34] [generate_cnf] Generating formula pj2018 with K=37
[2025-12-12 08:17:38] [run_formula] Running formula pj2018 with K=37 up to limit 1600
[2025-12-12 08:17:49] [generate_cnf] Generating formula pj2018 with K=38
[2025-12-12 08:17:53] [run_formula] Running formula pj2018 with K=38 up to limit 1600
[2025-12-12 08:18:00] [generate_cnf] Generating formula pj2018 with K=39
[2025-12-12 08:18:04] [run_formula] Running formula pj2018 with K=39 up to limit 1600
[2025-12-12 08:18:15] [generate_cnf] Generating formula pj2018 with K=40
[2025-12-12 08:18:18] [run_formula] Running formula pj2018 with K=40 up to limit 1600
[2025-12-12 08:18:29] [generate_cnf] Generating formula pj2018 with K=41
[2025-12-12 08:18:34] [run_formula] Running formula pj2018 with K=41 up to limit 1600
[2025-12-12 08:18:45] [generate_cnf] Generating formula pj2018 with K=42
[2025-12-12 08:18:49] [run_formula] Running formula pj2018 with K=42 up to limit 1600
[2025-12-12 08:19:05] [generate_cnf] Generating formula pj2018 with K=43
[2025-12-12 08:19:09] [run_formula] Running formula pj2018 with K=43 up to limit 1600
[2025-12-12 08:19:17] [generate_cnf] Generating formula pj2018 with K=44
[2025-12-12 08:19:22] [run_formula] Running formula pj2018 with K=44 up to limit 1600
[2025-12-12 08:19:38] [generate_cnf] Generating formula pj2018 with K=45
[2025-12-12 08:19:43] [run_formula] Running formula pj2018 with K=45 up to limit 1600
[2025-12-12 08:20:14] [generate_cnf] Generating formula pj2018 with K=46
[2025-12-12 08:20:19] [run_formula] Running formula pj2018 with K=46 up to limit 1600
[2025-12-12 08:20:31] [generate_cnf] Generating formula pj2018 with K=47
[2025-12-12 08:20:36] [run_formula] Running formula pj2018 with K=47 up to limit 1600
[2025-12-12 08:20:52] [generate_cnf] Generating formula pj2018 with K=48
[2025-12-12 08:20:57] [run_formula] Running formula pj2018 with K=48 up to limit 1600
[2025-12-12 08:21:11] [generate_cnf] Generating formula pj2018 with K=49
[2025-12-12 08:21:17] [run_formula] Running formula pj2018 with K=49 up to limit 1600
[2025-12-12 08:21:43] [generate_cnf] Generating formula pj2018 with K=50
[2025-12-12 08:21:49] [run_formula] Running formula pj2018 with K=50 up to limit 1600
[2025-12-12 08:22:20] [generate_cnf] Generating formula pj2018 with K=51
[2025-12-12 08:22:25] [run_formula] Running formula pj2018 with K=51 up to limit 1600
[2025-12-12 08:22:32] [generate_cnf] Generating formula pj2018 with K=52
[2025-12-12 08:22:38] [run_formula] Running formula pj2018 with K=52 up to limit 1600
[2025-12-12 08:22:56] [generate_cnf] Generating formula pj2018 with K=53
[2025-12-12 08:23:02] [run_formula] Running formula pj2018 with K=53 up to limit 1600
[2025-12-12 08:23:15] [generate_cnf] Generating formula pj2018 with K=54
[2025-12-12 08:23:22] [run_formula] Running formula pj2018 with K=54 up to limit 1600
[2025-12-12 08:23:31] [generate_cnf] Generating formula pj2018 with K=55
[2025-12-12 08:23:37] [run_formula] Running formula pj2018 with K=55 up to limit 1600
[2025-12-12 08:23:51] [generate_cnf] Generating formula pj2018 with K=56
[2025-12-12 08:23:57] [run_formula] Running formula pj2018 with K=56 up to limit 1600
[2025-12-12 08:24:13] [generate_cnf] Generating formula pj2018 with K=57
[2025-12-12 08:24:20] [run_formula] Running formula pj2018 with K=57 up to limit 1600
[2025-12-12 08:24:34] [generate_cnf] Generating formula pj2018 with K=58
[2025-12-12 08:24:42] [run_formula] Running formula pj2018 with K=58 up to limit 1600
[2025-12-12 08:24:53] [generate_cnf] Generating formula pj2018 with K=59
[2025-12-12 08:24:59] [run_formula] Running formula pj2018 with K=59 up to limit 1600
[2025-12-12 08:25:08] [generate_cnf] Generating formula pj2018 with K=60
[2025-12-12 08:25:14] [run_formula] Running formula pj2018 with K=60 up to limit 1600
[2025-12-12 08:25:26] [generate_cnf] Generating formula pj2018 with K=61
[2025-12-12 08:25:32] [run_formula] Running formula pj2018 with K=61 up to limit 1600
[2025-12-12 08:25:40] [generate_cnf] Generating formula pj2018 with K=62
[2025-12-12 08:25:46] [run_formula] Running formula pj2018 with K=62 up to limit 1600
[2025-12-12 08:25:57] [generate_cnf] Generating formula pj2018 with K=63
[2025-12-12 08:26:05] [run_formula] Running formula pj2018 with K=63 up to limit 1600
[2025-12-12 08:26:24] [generate_cnf] Generating formula pj2018 with K=64
[2025-12-12 08:26:31] [run_formula] Running formula pj2018 with K=64 up to limit 1600
[2025-12-12 08:26:42] [generate_cnf] Generating formula pj2018 with K=65
[2025-12-12 08:26:48] [run_formula] Running formula pj2018 with K=65 up to limit 1600
[2025-12-12 08:26:58] [generate_cnf] Generating formula pj2018 with K=66
[2025-12-12 08:27:06] [run_formula] Running formula pj2018 with K=66 up to limit 1600
[2025-12-12 08:27:18] [generate_cnf] Generating formula pj2018 with K=67
[2025-12-12 08:27:24] [run_formula] Running formula pj2018 with K=67 up to limit 1600
[2025-12-12 08:27:38] [generate_cnf] Generating formula pj2018 with K=68
[2025-12-12 08:27:45] [run_formula] Running formula pj2018 with K=68 up to limit 1600
[2025-12-12 08:28:16] [run_formula] Error running formula pj2018 with K=68: [Errno 122] Disk quota exceeded: './results/solving_logs/pj2018//pj2018.68.log'
[2025-12-12 08:28:16] [generate_and_run_up_to_limit] Failed to run formula pj2018 with K=68, halting
