CNF written.
CNF written.
CNF written.
CNF written.
CNF written.
CNF written.
CNF written.
CNF written.
CNF written.
CNF written.
CNF written.
CNF written.
CNF written.
CNF written.
CNF written.
CNF written.
CNF written.
CNF written.
CNF written.
CNF written.
CNF written.
CNF written.
CNF written.
CNF written.
CNF written.
CNF written.
CNF written.
CNF written.
CNF written.
CNF written.
CNF written.
CNF written.
CNF written.
CNF written.
CNF written.
CNF written.
CNF written.
CNF written.
CNF written.
CNF written.
CNF written.
CNF written.
CNF written.
CNF written.
CNF written.
CNF written.
CNF written.
CNF written.
CNF written.
CNF written.
CNF written.
CNF written.
CNF written.
CNF written.
CNF written.
CNF written.
CNF written.
CNF written.
CNF written.
CNF written.
CNF written.
CNF written.
CNF written.
CNF written.
CNF written.
CNF written.
CNF written.
CNF written.
CNF written.
CNF written.
CNF written.
CNF written.
CNF written.
CNF written.
CNF written.
CNF written.
CNF written.
CNF written.
CNF written.
CNF written.
CNF written.
CNF written.
CNF written.
CNF written.
CNF written.
CNF written.
CNF written.
CNF written.
CNF written.
CNF written.
CNF written.
CNF written.
CNF written.
CNF written.
CNF written.
CNF written.
CNF written.
CNF written.
CNF written.
CNF written.
CNF written.
CNF written.
CNF written.
CNF written.
CNF written.
CNF written.
CNF written.
CNF written.
CNF written.
CNF written.
CNF written.
CNF written.
CNF written.
CNF written.
CNF written.
CNF written.
CNF written.
CNF written.
CNF written.
CNF written.
CNF written.
CNF written.
CNF written.
CNF written.
CNF written.
CNF written.
CNF written.
CNF written.
CNF written.
CNF written.
CNF written.
CNF written.
CNF written.
CNF written.
CNF written.
CNF written.
CNF written.
CNF written.
CNF written.
CNF written.
CNF written.
CNF written.
CNF written.
CNF written.
CNF written.
CNF written.
CNF written.
CNF written.
CNF written.
CNF written.
CNF written.
CNF written.
CNF written.
[2025-12-12 08:10:21] [generate_and_run_up_to_limit] Generating and running pj2010 with K<=500 up to limit 1600
[2025-12-12 08:10:21] [generate_cnf] Generating formula pj2010 with K=1
[2025-12-12 08:10:21] [run_formula] Running formula pj2010 with K=1 up to limit 1600
[2025-12-12 08:10:21] [generate_cnf] Generating formula pj2010 with K=2
[2025-12-12 08:10:22] [run_formula] Running formula pj2010 with K=2 up to limit 1600
[2025-12-12 08:10:22] [generate_cnf] Generating formula pj2010 with K=3
[2025-12-12 08:10:22] [run_formula] Running formula pj2010 with K=3 up to limit 1600
[2025-12-12 08:10:22] [generate_cnf] Generating formula pj2010 with K=4
[2025-12-12 08:10:23] [run_formula] Running formula pj2010 with K=4 up to limit 1600
[2025-12-12 08:10:23] [generate_cnf] Generating formula pj2010 with K=5
[2025-12-12 08:10:23] [run_formula] Running formula pj2010 with K=5 up to limit 1600
[2025-12-12 08:10:24] [generate_cnf] Generating formula pj2010 with K=6
[2025-12-12 08:10:24] [run_formula] Running formula pj2010 with K=6 up to limit 1600
[2025-12-12 08:10:25] [generate_cnf] Generating formula pj2010 with K=7
[2025-12-12 08:10:25] [run_formula] Running formula pj2010 with K=7 up to limit 1600
[2025-12-12 08:10:26] [generate_cnf] Generating formula pj2010 with K=8
[2025-12-12 08:10:26] [run_formula] Running formula pj2010 with K=8 up to limit 1600
[2025-12-12 08:10:26] [generate_cnf] Generating formula pj2010 with K=9
[2025-12-12 08:10:27] [run_formula] Running formula pj2010 with K=9 up to limit 1600
[2025-12-12 08:10:27] [generate_cnf] Generating formula pj2010 with K=10
[2025-12-12 08:10:27] [run_formula] Running formula pj2010 with K=10 up to limit 1600
[2025-12-12 08:10:28] [generate_cnf] Generating formula pj2010 with K=11
[2025-12-12 08:10:28] [run_formula] Running formula pj2010 with K=11 up to limit 1600
[2025-12-12 08:10:29] [generate_cnf] Generating formula pj2010 with K=12
[2025-12-12 08:10:30] [run_formula] Running formula pj2010 with K=12 up to limit 1600
[2025-12-12 08:10:30] [generate_cnf] Generating formula pj2010 with K=13
[2025-12-12 08:10:31] [run_formula] Running formula pj2010 with K=13 up to limit 1600
[2025-12-12 08:10:32] [generate_cnf] Generating formula pj2010 with K=14
[2025-12-12 08:10:32] [run_formula] Running formula pj2010 with K=14 up to limit 1600
[2025-12-12 08:10:33] [generate_cnf] Generating formula pj2010 with K=15
[2025-12-12 08:10:34] [run_formula] Running formula pj2010 with K=15 up to limit 1600
[2025-12-12 08:10:35] [generate_cnf] Generating formula pj2010 with K=16
[2025-12-12 08:10:35] [run_formula] Running formula pj2010 with K=16 up to limit 1600
[2025-12-12 08:10:36] [generate_cnf] Generating formula pj2010 with K=17
[2025-12-12 08:10:38] [run_formula] Running formula pj2010 with K=17 up to limit 1600
[2025-12-12 08:10:38] [generate_cnf] Generating formula pj2010 with K=18
[2025-12-12 08:10:39] [run_formula] Running formula pj2010 with K=18 up to limit 1600
[2025-12-12 08:10:40] [generate_cnf] Generating formula pj2010 with K=19
[2025-12-12 08:10:41] [run_formula] Running formula pj2010 with K=19 up to limit 1600
[2025-12-12 08:10:42] [generate_cnf] Generating formula pj2010 with K=20
[2025-12-12 08:10:43] [run_formula] Running formula pj2010 with K=20 up to limit 1600
[2025-12-12 08:10:44] [generate_cnf] Generating formula pj2010 with K=21
[2025-12-12 08:10:45] [run_formula] Running formula pj2010 with K=21 up to limit 1600
[2025-12-12 08:10:46] [generate_cnf] Generating formula pj2010 with K=22
[2025-12-12 08:10:47] [run_formula] Running formula pj2010 with K=22 up to limit 1600
[2025-12-12 08:10:48] [generate_cnf] Generating formula pj2010 with K=23
[2025-12-12 08:10:50] [run_formula] Running formula pj2010 with K=23 up to limit 1600
[2025-12-12 08:10:50] [generate_cnf] Generating formula pj2010 with K=24
[2025-12-12 08:10:52] [run_formula] Running formula pj2010 with K=24 up to limit 1600
[2025-12-12 08:10:53] [generate_cnf] Generating formula pj2010 with K=25
[2025-12-12 08:10:55] [run_formula] Running formula pj2010 with K=25 up to limit 1600
[2025-12-12 08:10:56] [generate_cnf] Generating formula pj2010 with K=26
[2025-12-12 08:10:57] [run_formula] Running formula pj2010 with K=26 up to limit 1600
[2025-12-12 08:10:59] [generate_cnf] Generating formula pj2010 with K=27
[2025-12-12 08:11:00] [run_formula] Running formula pj2010 with K=27 up to limit 1600
[2025-12-12 08:11:01] [generate_cnf] Generating formula pj2010 with K=28
[2025-12-12 08:11:03] [run_formula] Running formula pj2010 with K=28 up to limit 1600
[2025-12-12 08:11:04] [generate_cnf] Generating formula pj2010 with K=29
[2025-12-12 08:11:06] [run_formula] Running formula pj2010 with K=29 up to limit 1600
[2025-12-12 08:11:07] [generate_cnf] Generating formula pj2010 with K=30
[2025-12-12 08:11:08] [run_formula] Running formula pj2010 with K=30 up to limit 1600
[2025-12-12 08:11:09] [generate_cnf] Generating formula pj2010 with K=31
[2025-12-12 08:11:10] [run_formula] Running formula pj2010 with K=31 up to limit 1600
[2025-12-12 08:11:11] [generate_cnf] Generating formula pj2010 with K=32
[2025-12-12 08:11:13] [run_formula] Running formula pj2010 with K=32 up to limit 1600
[2025-12-12 08:11:13] [generate_cnf] Generating formula pj2010 with K=33
[2025-12-12 08:11:15] [run_formula] Running formula pj2010 with K=33 up to limit 1600
[2025-12-12 08:11:16] [generate_cnf] Generating formula pj2010 with K=34
[2025-12-12 08:11:17] [run_formula] Running formula pj2010 with K=34 up to limit 1600
[2025-12-12 08:11:18] [generate_cnf] Generating formula pj2010 with K=35
[2025-12-12 08:11:19] [run_formula] Running formula pj2010 with K=35 up to limit 1600
[2025-12-12 08:11:20] [generate_cnf] Generating formula pj2010 with K=36
[2025-12-12 08:11:22] [run_formula] Running formula pj2010 with K=36 up to limit 1600
[2025-12-12 08:11:23] [generate_cnf] Generating formula pj2010 with K=37
[2025-12-12 08:11:24] [run_formula] Running formula pj2010 with K=37 up to limit 1600
[2025-12-12 08:11:25] [generate_cnf] Generating formula pj2010 with K=38
[2025-12-12 08:11:27] [run_formula] Running formula pj2010 with K=38 up to limit 1600
[2025-12-12 08:11:28] [generate_cnf] Generating formula pj2010 with K=39
[2025-12-12 08:11:30] [run_formula] Running formula pj2010 with K=39 up to limit 1600
[2025-12-12 08:11:30] [generate_cnf] Generating formula pj2010 with K=40
[2025-12-12 08:11:32] [run_formula] Running formula pj2010 with K=40 up to limit 1600
[2025-12-12 08:11:33] [generate_cnf] Generating formula pj2010 with K=41
[2025-12-12 08:11:35] [run_formula] Running formula pj2010 with K=41 up to limit 1600
[2025-12-12 08:11:36] [generate_cnf] Generating formula pj2010 with K=42
[2025-12-12 08:11:38] [run_formula] Running formula pj2010 with K=42 up to limit 1600
[2025-12-12 08:11:39] [generate_cnf] Generating formula pj2010 with K=43
[2025-12-12 08:11:41] [run_formula] Running formula pj2010 with K=43 up to limit 1600
[2025-12-12 08:11:42] [generate_cnf] Generating formula pj2010 with K=44
[2025-12-12 08:11:44] [run_formula] Running formula pj2010 with K=44 up to limit 1600
[2025-12-12 08:11:45] [generate_cnf] Generating formula pj2010 with K=45
[2025-12-12 08:11:47] [run_formula] Running formula pj2010 with K=45 up to limit 1600
[2025-12-12 08:11:48] [generate_cnf] Generating formula pj2010 with K=46
[2025-12-12 08:11:50] [run_formula] Running formula pj2010 with K=46 up to limit 1600
[2025-12-12 08:11:51] [generate_cnf] Generating formula pj2010 with K=47
[2025-12-12 08:11:53] [run_formula] Running formula pj2010 with K=47 up to limit 1600
[2025-12-12 08:11:54] [generate_cnf] Generating formula pj2010 with K=48
[2025-12-12 08:11:56] [run_formula] Running formula pj2010 with K=48 up to limit 1600
[2025-12-12 08:11:57] [generate_cnf] Generating formula pj2010 with K=49
[2025-12-12 08:11:59] [run_formula] Running formula pj2010 with K=49 up to limit 1600
[2025-12-12 08:12:00] [generate_cnf] Generating formula pj2010 with K=50
[2025-12-12 08:12:02] [run_formula] Running formula pj2010 with K=50 up to limit 1600
[2025-12-12 08:12:03] [generate_cnf] Generating formula pj2010 with K=51
[2025-12-12 08:12:06] [run_formula] Running formula pj2010 with K=51 up to limit 1600
[2025-12-12 08:12:07] [generate_cnf] Generating formula pj2010 with K=52
[2025-12-12 08:12:09] [run_formula] Running formula pj2010 with K=52 up to limit 1600
[2025-12-12 08:12:10] [generate_cnf] Generating formula pj2010 with K=53
[2025-12-12 08:12:12] [run_formula] Running formula pj2010 with K=53 up to limit 1600
[2025-12-12 08:12:13] [generate_cnf] Generating formula pj2010 with K=54
[2025-12-12 08:12:15] [run_formula] Running formula pj2010 with K=54 up to limit 1600
[2025-12-12 08:12:17] [generate_cnf] Generating formula pj2010 with K=55
[2025-12-12 08:12:19] [run_formula] Running formula pj2010 with K=55 up to limit 1600
[2025-12-12 08:12:20] [generate_cnf] Generating formula pj2010 with K=56
[2025-12-12 08:12:22] [run_formula] Running formula pj2010 with K=56 up to limit 1600
[2025-12-12 08:12:23] [generate_cnf] Generating formula pj2010 with K=57
[2025-12-12 08:12:26] [run_formula] Running formula pj2010 with K=57 up to limit 1600
[2025-12-12 08:12:27] [generate_cnf] Generating formula pj2010 with K=58
[2025-12-12 08:12:30] [run_formula] Running formula pj2010 with K=58 up to limit 1600
[2025-12-12 08:12:31] [generate_cnf] Generating formula pj2010 with K=59
[2025-12-12 08:12:33] [run_formula] Running formula pj2010 with K=59 up to limit 1600
[2025-12-12 08:12:35] [generate_cnf] Generating formula pj2010 with K=60
[2025-12-12 08:12:37] [run_formula] Running formula pj2010 with K=60 up to limit 1600
[2025-12-12 08:12:39] [generate_cnf] Generating formula pj2010 with K=61
[2025-12-12 08:12:41] [run_formula] Running formula pj2010 with K=61 up to limit 1600
[2025-12-12 08:12:43] [generate_cnf] Generating formula pj2010 with K=62
[2025-12-12 08:12:45] [run_formula] Running formula pj2010 with K=62 up to limit 1600
[2025-12-12 08:12:47] [generate_cnf] Generating formula pj2010 with K=63
[2025-12-12 08:12:50] [run_formula] Running formula pj2010 with K=63 up to limit 1600
[2025-12-12 08:12:51] [generate_cnf] Generating formula pj2010 with K=64
[2025-12-12 08:12:54] [run_formula] Running formula pj2010 with K=64 up to limit 1600
[2025-12-12 08:12:55] [generate_cnf] Generating formula pj2010 with K=65
[2025-12-12 08:12:58] [run_formula] Running formula pj2010 with K=65 up to limit 1600
[2025-12-12 08:12:59] [generate_cnf] Generating formula pj2010 with K=66
[2025-12-12 08:13:03] [run_formula] Running formula pj2010 with K=66 up to limit 1600
[2025-12-12 08:13:05] [generate_cnf] Generating formula pj2010 with K=67
[2025-12-12 08:13:07] [run_formula] Running formula pj2010 with K=67 up to limit 1600
[2025-12-12 08:13:09] [generate_cnf] Generating formula pj2010 with K=68
[2025-12-12 08:13:17] [run_formula] Running formula pj2010 with K=68 up to limit 1600
[2025-12-12 08:13:18] [generate_cnf] Generating formula pj2010 with K=69
[2025-12-12 08:13:21] [run_formula] Running formula pj2010 with K=69 up to limit 1600
[2025-12-12 08:13:23] [generate_cnf] Generating formula pj2010 with K=70
[2025-12-12 08:13:25] [run_formula] Running formula pj2010 with K=70 up to limit 1600
[2025-12-12 08:13:27] [generate_cnf] Generating formula pj2010 with K=71
[2025-12-12 08:13:30] [run_formula] Running formula pj2010 with K=71 up to limit 1600
[2025-12-12 08:13:31] [generate_cnf] Generating formula pj2010 with K=72
[2025-12-12 08:13:36] [run_formula] Running formula pj2010 with K=72 up to limit 1600
[2025-12-12 08:13:38] [generate_cnf] Generating formula pj2010 with K=73
[2025-12-12 08:13:42] [run_formula] Running formula pj2010 with K=73 up to limit 1600
[2025-12-12 08:13:45] [generate_cnf] Generating formula pj2010 with K=74
[2025-12-12 08:13:51] [run_formula] Running formula pj2010 with K=74 up to limit 1600
[2025-12-12 08:13:53] [generate_cnf] Generating formula pj2010 with K=75
[2025-12-12 08:13:59] [run_formula] Running formula pj2010 with K=75 up to limit 1600
[2025-12-12 08:14:01] [generate_cnf] Generating formula pj2010 with K=76
[2025-12-12 08:14:08] [run_formula] Running formula pj2010 with K=76 up to limit 1600
[2025-12-12 08:14:11] [generate_cnf] Generating formula pj2010 with K=77
[2025-12-12 08:14:17] [run_formula] Running formula pj2010 with K=77 up to limit 1600
[2025-12-12 08:14:20] [generate_cnf] Generating formula pj2010 with K=78
[2025-12-12 08:14:29] [run_formula] Running formula pj2010 with K=78 up to limit 1600
[2025-12-12 08:14:31] [generate_cnf] Generating formula pj2010 with K=79
[2025-12-12 08:14:38] [run_formula] Running formula pj2010 with K=79 up to limit 1600
[2025-12-12 08:14:46] [generate_cnf] Generating formula pj2010 with K=80
[2025-12-12 08:14:55] [run_formula] Running formula pj2010 with K=80 up to limit 1600
[2025-12-12 08:14:57] [generate_cnf] Generating formula pj2010 with K=81
[2025-12-12 08:15:08] [run_formula] Running formula pj2010 with K=81 up to limit 1600
[2025-12-12 08:15:11] [generate_cnf] Generating formula pj2010 with K=82
[2025-12-12 08:15:18] [run_formula] Running formula pj2010 with K=82 up to limit 1600
[2025-12-12 08:15:21] [generate_cnf] Generating formula pj2010 with K=83
[2025-12-12 08:15:29] [run_formula] Running formula pj2010 with K=83 up to limit 1600
[2025-12-12 08:15:33] [generate_cnf] Generating formula pj2010 with K=84
[2025-12-12 08:15:40] [run_formula] Running formula pj2010 with K=84 up to limit 1600
[2025-12-12 08:15:44] [generate_cnf] Generating formula pj2010 with K=85
[2025-12-12 08:15:53] [run_formula] Running formula pj2010 with K=85 up to limit 1600
[2025-12-12 08:15:56] [generate_cnf] Generating formula pj2010 with K=86
[2025-12-12 08:16:02] [run_formula] Running formula pj2010 with K=86 up to limit 1600
[2025-12-12 08:16:03] [generate_cnf] Generating formula pj2010 with K=87
[2025-12-12 08:16:12] [run_formula] Running formula pj2010 with K=87 up to limit 1600
[2025-12-12 08:16:14] [generate_cnf] Generating formula pj2010 with K=88
[2025-12-12 08:16:23] [run_formula] Running formula pj2010 with K=88 up to limit 1600
[2025-12-12 08:16:25] [generate_cnf] Generating formula pj2010 with K=89
[2025-12-12 08:16:29] [run_formula] Running formula pj2010 with K=89 up to limit 1600
[2025-12-12 08:16:31] [generate_cnf] Generating formula pj2010 with K=90
[2025-12-12 08:16:35] [run_formula] Running formula pj2010 with K=90 up to limit 1600
[2025-12-12 08:16:37] [generate_cnf] Generating formula pj2010 with K=91
[2025-12-12 08:16:41] [run_formula] Running formula pj2010 with K=91 up to limit 1600
[2025-12-12 08:16:43] [generate_cnf] Generating formula pj2010 with K=92
[2025-12-12 08:16:47] [run_formula] Running formula pj2010 with K=92 up to limit 1600
[2025-12-12 08:16:49] [generate_cnf] Generating formula pj2010 with K=93
[2025-12-12 08:16:53] [run_formula] Running formula pj2010 with K=93 up to limit 1600
[2025-12-12 08:16:55] [generate_cnf] Generating formula pj2010 with K=94
[2025-12-12 08:16:59] [run_formula] Running formula pj2010 with K=94 up to limit 1600
[2025-12-12 08:17:01] [generate_cnf] Generating formula pj2010 with K=95
[2025-12-12 08:17:05] [run_formula] Running formula pj2010 with K=95 up to limit 1600
[2025-12-12 08:17:07] [generate_cnf] Generating formula pj2010 with K=96
[2025-12-12 08:17:11] [run_formula] Running formula pj2010 with K=96 up to limit 1600
[2025-12-12 08:17:13] [generate_cnf] Generating formula pj2010 with K=97
[2025-12-12 08:17:18] [run_formula] Running formula pj2010 with K=97 up to limit 1600
[2025-12-12 08:17:22] [generate_cnf] Generating formula pj2010 with K=98
[2025-12-12 08:17:28] [run_formula] Running formula pj2010 with K=98 up to limit 1600
[2025-12-12 08:17:29] [generate_cnf] Generating formula pj2010 with K=99
[2025-12-12 08:17:34] [run_formula] Running formula pj2010 with K=99 up to limit 1600
[2025-12-12 08:17:36] [generate_cnf] Generating formula pj2010 with K=100
[2025-12-12 08:17:40] [run_formula] Running formula pj2010 with K=100 up to limit 1600
[2025-12-12 08:17:42] [generate_cnf] Generating formula pj2010 with K=101
[2025-12-12 08:17:46] [run_formula] Running formula pj2010 with K=101 up to limit 1600
[2025-12-12 08:17:48] [generate_cnf] Generating formula pj2010 with K=102
[2025-12-12 08:17:53] [run_formula] Running formula pj2010 with K=102 up to limit 1600
[2025-12-12 08:17:55] [generate_cnf] Generating formula pj2010 with K=103
[2025-12-12 08:17:59] [run_formula] Running formula pj2010 with K=103 up to limit 1600
[2025-12-12 08:18:01] [generate_cnf] Generating formula pj2010 with K=104
[2025-12-12 08:18:06] [run_formula] Running formula pj2010 with K=104 up to limit 1600
[2025-12-12 08:18:07] [generate_cnf] Generating formula pj2010 with K=105
[2025-12-12 08:18:12] [run_formula] Running formula pj2010 with K=105 up to limit 1600
[2025-12-12 08:18:14] [generate_cnf] Generating formula pj2010 with K=106
[2025-12-12 08:18:19] [run_formula] Running formula pj2010 with K=106 up to limit 1600
[2025-12-12 08:18:21] [generate_cnf] Generating formula pj2010 with K=107
[2025-12-12 08:18:26] [run_formula] Running formula pj2010 with K=107 up to limit 1600
[2025-12-12 08:18:28] [generate_cnf] Generating formula pj2010 with K=108
[2025-12-12 08:18:33] [run_formula] Running formula pj2010 with K=108 up to limit 1600
[2025-12-12 08:18:35] [generate_cnf] Generating formula pj2010 with K=109
[2025-12-12 08:18:40] [run_formula] Running formula pj2010 with K=109 up to limit 1600
[2025-12-12 08:18:42] [generate_cnf] Generating formula pj2010 with K=110
[2025-12-12 08:18:47] [run_formula] Running formula pj2010 with K=110 up to limit 1600
[2025-12-12 08:18:49] [generate_cnf] Generating formula pj2010 with K=111
[2025-12-12 08:18:54] [run_formula] Running formula pj2010 with K=111 up to limit 1600
[2025-12-12 08:18:56] [generate_cnf] Generating formula pj2010 with K=112
[2025-12-12 08:19:02] [run_formula] Running formula pj2010 with K=112 up to limit 1600
[2025-12-12 08:19:04] [generate_cnf] Generating formula pj2010 with K=113
[2025-12-12 08:19:09] [run_formula] Running formula pj2010 with K=113 up to limit 1600
[2025-12-12 08:19:12] [generate_cnf] Generating formula pj2010 with K=114
[2025-12-12 08:19:17] [run_formula] Running formula pj2010 with K=114 up to limit 1600
[2025-12-12 08:19:22] [generate_cnf] Generating formula pj2010 with K=115
[2025-12-12 08:19:38] [run_formula] Running formula pj2010 with K=115 up to limit 1600
[2025-12-12 08:19:40] [generate_cnf] Generating formula pj2010 with K=116
[2025-12-12 08:19:45] [run_formula] Running formula pj2010 with K=116 up to limit 1600
[2025-12-12 08:19:47] [generate_cnf] Generating formula pj2010 with K=117
[2025-12-12 08:19:56] [run_formula] Running formula pj2010 with K=117 up to limit 1600
[2025-12-12 08:20:00] [generate_cnf] Generating formula pj2010 with K=118
[2025-12-12 08:20:11] [run_formula] Running formula pj2010 with K=118 up to limit 1600
[2025-12-12 08:20:14] [generate_cnf] Generating formula pj2010 with K=119
[2025-12-12 08:20:23] [run_formula] Running formula pj2010 with K=119 up to limit 1600
[2025-12-12 08:20:27] [generate_cnf] Generating formula pj2010 with K=120
[2025-12-12 08:20:34] [run_formula] Running formula pj2010 with K=120 up to limit 1600
[2025-12-12 08:20:37] [generate_cnf] Generating formula pj2010 with K=121
[2025-12-12 08:20:42] [run_formula] Running formula pj2010 with K=121 up to limit 1600
[2025-12-12 08:20:44] [generate_cnf] Generating formula pj2010 with K=122
[2025-12-12 08:21:02] [run_formula] Running formula pj2010 with K=122 up to limit 1600
[2025-12-12 08:21:06] [generate_cnf] Generating formula pj2010 with K=123
[2025-12-12 08:21:17] [run_formula] Running formula pj2010 with K=123 up to limit 1600
[2025-12-12 08:21:19] [generate_cnf] Generating formula pj2010 with K=124
[2025-12-12 08:21:26] [run_formula] Running formula pj2010 with K=124 up to limit 1600
[2025-12-12 08:21:28] [generate_cnf] Generating formula pj2010 with K=125
[2025-12-12 08:21:49] [run_formula] Running formula pj2010 with K=125 up to limit 1600
[2025-12-12 08:21:53] [generate_cnf] Generating formula pj2010 with K=126
[2025-12-12 08:22:04] [run_formula] Running formula pj2010 with K=126 up to limit 1600
[2025-12-12 08:22:08] [generate_cnf] Generating formula pj2010 with K=127
[2025-12-12 08:22:22] [run_formula] Running formula pj2010 with K=127 up to limit 1600
[2025-12-12 08:22:26] [generate_cnf] Generating formula pj2010 with K=128
[2025-12-12 08:22:35] [run_formula] Running formula pj2010 with K=128 up to limit 1600
[2025-12-12 08:22:39] [generate_cnf] Generating formula pj2010 with K=129
[2025-12-12 08:22:50] [run_formula] Running formula pj2010 with K=129 up to limit 1600
[2025-12-12 08:22:53] [generate_cnf] Generating formula pj2010 with K=130
[2025-12-12 08:23:02] [run_formula] Running formula pj2010 with K=130 up to limit 1600
[2025-12-12 08:23:08] [generate_cnf] Generating formula pj2010 with K=131
[2025-12-12 08:23:21] [run_formula] Running formula pj2010 with K=131 up to limit 1600
[2025-12-12 08:23:23] [generate_cnf] Generating formula pj2010 with K=132
[2025-12-12 08:23:42] [run_formula] Running formula pj2010 with K=132 up to limit 1600
[2025-12-12 08:23:48] [generate_cnf] Generating formula pj2010 with K=133
[2025-12-12 08:23:59] [run_formula] Running formula pj2010 with K=133 up to limit 1600
[2025-12-12 08:24:03] [generate_cnf] Generating formula pj2010 with K=134
[2025-12-12 08:24:15] [run_formula] Running formula pj2010 with K=134 up to limit 1600
[2025-12-12 08:24:17] [generate_cnf] Generating formula pj2010 with K=135
[2025-12-12 08:24:31] [run_formula] Running formula pj2010 with K=135 up to limit 1600
[2025-12-12 08:24:38] [generate_cnf] Generating formula pj2010 with K=136
[2025-12-12 08:24:46] [run_formula] Running formula pj2010 with K=136 up to limit 1600
[2025-12-12 08:24:48] [generate_cnf] Generating formula pj2010 with K=137
[2025-12-12 08:24:54] [run_formula] Running formula pj2010 with K=137 up to limit 1600
[2025-12-12 08:24:57] [generate_cnf] Generating formula pj2010 with K=138
[2025-12-12 08:25:03] [run_formula] Running formula pj2010 with K=138 up to limit 1600
[2025-12-12 08:25:06] [generate_cnf] Generating formula pj2010 with K=139
[2025-12-12 08:25:17] [run_formula] Running formula pj2010 with K=139 up to limit 1600
[2025-12-12 08:25:21] [generate_cnf] Generating formula pj2010 with K=140
[2025-12-12 08:25:31] [run_formula] Running formula pj2010 with K=140 up to limit 1600
[2025-12-12 08:25:35] [generate_cnf] Generating formula pj2010 with K=141
[2025-12-12 08:25:46] [run_formula] Running formula pj2010 with K=141 up to limit 1600
[2025-12-12 08:25:49] [generate_cnf] Generating formula pj2010 with K=142
[2025-12-12 08:25:56] [run_formula] Running formula pj2010 with K=142 up to limit 1600
[2025-12-12 08:25:59] [generate_cnf] Generating formula pj2010 with K=143
[2025-12-12 08:26:17] [run_formula] Running formula pj2010 with K=143 up to limit 1600
[2025-12-12 08:26:24] [generate_cnf] Generating formula pj2010 with K=144
[2025-12-12 08:26:30] [run_formula] Running formula pj2010 with K=144 up to limit 1600
[2025-12-12 08:26:33] [generate_cnf] Generating formula pj2010 with K=145
[2025-12-12 08:26:40] [run_formula] Running formula pj2010 with K=145 up to limit 1600
[2025-12-12 08:26:42] [generate_cnf] Generating formula pj2010 with K=146
[2025-12-12 08:26:49] [run_formula] Running formula pj2010 with K=146 up to limit 1600
[2025-12-12 08:26:52] [generate_cnf] Generating formula pj2010 with K=147
[2025-12-12 08:26:58] [run_formula] Running formula pj2010 with K=147 up to limit 1600
[2025-12-12 08:27:01] [generate_cnf] Generating formula pj2010 with K=148
[2025-12-12 08:27:07] [run_formula] Running formula pj2010 with K=148 up to limit 1600
[2025-12-12 08:27:10] [generate_cnf] Generating formula pj2010 with K=149
[2025-12-12 08:27:17] [run_formula] Running formula pj2010 with K=149 up to limit 1600
[2025-12-12 08:27:20] [generate_cnf] Generating formula pj2010 with K=150
[2025-12-12 08:27:26] [run_formula] Running formula pj2010 with K=150 up to limit 1600
[2025-12-12 08:27:29] [generate_cnf] Generating formula pj2010 with K=151
[2025-12-12 08:27:35] [run_formula] Running formula pj2010 with K=151 up to limit 1600
[2025-12-12 08:27:38] [generate_cnf] Generating formula pj2010 with K=152
[2025-12-12 08:27:45] [run_formula] Running formula pj2010 with K=152 up to limit 1600
[2025-12-12 08:27:48] [generate_cnf] Generating formula pj2010 with K=153
[2025-12-12 08:27:54] [run_formula] Running formula pj2010 with K=153 up to limit 1600
[2025-12-12 08:27:57] [run_formula] Error running formula pj2010 with K=153: [Errno 122] Disk quota exceeded: './results/solving_logs/pj2010//pj2010.153.log'
[2025-12-12 08:27:57] [generate_and_run_up_to_limit] Failed to run formula pj2010 with K=153, halting
