CNF written.
CNF written.
CNF written.
CNF written.
CNF written.
CNF written.
CNF written.
CNF written.
CNF written.
CNF written.
CNF written.
CNF written.
CNF written.
CNF written.
CNF written.
CNF written.
CNF written.
CNF written.
CNF written.
CNF written.
CNF written.
CNF written.
CNF written.
CNF written.
CNF written.
CNF written.
CNF written.
CNF written.
CNF written.
CNF written.
CNF written.
CNF written.
CNF written.
CNF written.
CNF written.
CNF written.
CNF written.
CNF written.
CNF written.
CNF written.
CNF written.
CNF written.
CNF written.
CNF written.
CNF written.
CNF written.
CNF written.
CNF written.
CNF written.
CNF written.
CNF written.
CNF written.
CNF written.
CNF written.
CNF written.
CNF written.
CNF written.
CNF written.
CNF written.
CNF written.
CNF written.
CNF written.
CNF written.
CNF written.
CNF written.
CNF written.
CNF written.
CNF written.
CNF written.
CNF written.
CNF written.
CNF written.
CNF written.
CNF written.
CNF written.
CNF written.
CNF written.
CNF written.
CNF written.
CNF written.
CNF written.
CNF written.
CNF written.
CNF written.
CNF written.
CNF written.
CNF written.
CNF written.
CNF written.
CNF written.
CNF written.
CNF written.
CNF written.
CNF written.
CNF written.
CNF written.
CNF written.
CNF written.
CNF written.
CNF written.
CNF written.
CNF written.
CNF written.
CNF written.
CNF written.
CNF written.
CNF written.
CNF written.
CNF written.
CNF written.
CNF written.
CNF written.
CNF written.
CNF written.
CNF written.
CNF written.
CNF written.
CNF written.
CNF written.
CNF written.
CNF written.
CNF written.
CNF written.
CNF written.
CNF written.
CNF written.
CNF written.
CNF written.
CNF written.
CNF written.
CNF written.
CNF written.
CNF written.
CNF written.
CNF written.
CNF written.
CNF written.
CNF written.
CNF written.
CNF written.
CNF written.
CNF written.
CNF written.
CNF written.
CNF written.
CNF written.
CNF written.
CNF written.
CNF written.
CNF written.
CNF written.
CNF written.
CNF written.
CNF written.
CNF written.
CNF written.
CNF written.
CNF written.
CNF written.
[2025-12-12 07:20:18] [generate_and_run_up_to_limit] Generating and running qspiflash_dualflexpress_divthree-p134 with K<=500 up to limit 1600
[2025-12-12 07:20:18] [generate_cnf] Generating formula qspiflash_dualflexpress_divthree-p134 with K=1
[2025-12-12 07:20:18] [run_formula] Running formula qspiflash_dualflexpress_divthree-p134 with K=1 up to limit 1600
[2025-12-12 07:20:18] [generate_cnf] Generating formula qspiflash_dualflexpress_divthree-p134 with K=2
[2025-12-12 07:20:18] [run_formula] Running formula qspiflash_dualflexpress_divthree-p134 with K=2 up to limit 1600
[2025-12-12 07:20:18] [generate_cnf] Generating formula qspiflash_dualflexpress_divthree-p134 with K=3
[2025-12-12 07:20:18] [run_formula] Running formula qspiflash_dualflexpress_divthree-p134 with K=3 up to limit 1600
[2025-12-12 07:20:18] [generate_cnf] Generating formula qspiflash_dualflexpress_divthree-p134 with K=4
[2025-12-12 07:20:18] [run_formula] Running formula qspiflash_dualflexpress_divthree-p134 with K=4 up to limit 1600
[2025-12-12 07:20:18] [generate_cnf] Generating formula qspiflash_dualflexpress_divthree-p134 with K=5
[2025-12-12 07:20:18] [run_formula] Running formula qspiflash_dualflexpress_divthree-p134 with K=5 up to limit 1600
[2025-12-12 07:20:18] [generate_cnf] Generating formula qspiflash_dualflexpress_divthree-p134 with K=6
[2025-12-12 07:20:18] [run_formula] Running formula qspiflash_dualflexpress_divthree-p134 with K=6 up to limit 1600
[2025-12-12 07:20:18] [generate_cnf] Generating formula qspiflash_dualflexpress_divthree-p134 with K=7
[2025-12-12 07:20:18] [run_formula] Running formula qspiflash_dualflexpress_divthree-p134 with K=7 up to limit 1600
[2025-12-12 07:20:18] [generate_cnf] Generating formula qspiflash_dualflexpress_divthree-p134 with K=8
[2025-12-12 07:20:18] [run_formula] Running formula qspiflash_dualflexpress_divthree-p134 with K=8 up to limit 1600
[2025-12-12 07:20:18] [generate_cnf] Generating formula qspiflash_dualflexpress_divthree-p134 with K=9
[2025-12-12 07:20:18] [run_formula] Running formula qspiflash_dualflexpress_divthree-p134 with K=9 up to limit 1600
[2025-12-12 07:20:18] [generate_cnf] Generating formula qspiflash_dualflexpress_divthree-p134 with K=10
[2025-12-12 07:20:18] [run_formula] Running formula qspiflash_dualflexpress_divthree-p134 with K=10 up to limit 1600
[2025-12-12 07:20:18] [generate_cnf] Generating formula qspiflash_dualflexpress_divthree-p134 with K=11
[2025-12-12 07:20:18] [run_formula] Running formula qspiflash_dualflexpress_divthree-p134 with K=11 up to limit 1600
[2025-12-12 07:20:18] [generate_cnf] Generating formula qspiflash_dualflexpress_divthree-p134 with K=12
[2025-12-12 07:20:19] [run_formula] Running formula qspiflash_dualflexpress_divthree-p134 with K=12 up to limit 1600
[2025-12-12 07:20:19] [generate_cnf] Generating formula qspiflash_dualflexpress_divthree-p134 with K=13
[2025-12-12 07:20:19] [run_formula] Running formula qspiflash_dualflexpress_divthree-p134 with K=13 up to limit 1600
[2025-12-12 07:20:19] [generate_cnf] Generating formula qspiflash_dualflexpress_divthree-p134 with K=14
[2025-12-12 07:20:19] [run_formula] Running formula qspiflash_dualflexpress_divthree-p134 with K=14 up to limit 1600
[2025-12-12 07:20:19] [generate_cnf] Generating formula qspiflash_dualflexpress_divthree-p134 with K=15
[2025-12-12 07:20:19] [run_formula] Running formula qspiflash_dualflexpress_divthree-p134 with K=15 up to limit 1600
[2025-12-12 07:20:19] [generate_cnf] Generating formula qspiflash_dualflexpress_divthree-p134 with K=16
[2025-12-12 07:20:19] [run_formula] Running formula qspiflash_dualflexpress_divthree-p134 with K=16 up to limit 1600
[2025-12-12 07:20:19] [generate_cnf] Generating formula qspiflash_dualflexpress_divthree-p134 with K=17
[2025-12-12 07:20:19] [run_formula] Running formula qspiflash_dualflexpress_divthree-p134 with K=17 up to limit 1600
[2025-12-12 07:20:19] [generate_cnf] Generating formula qspiflash_dualflexpress_divthree-p134 with K=18
[2025-12-12 07:20:20] [run_formula] Running formula qspiflash_dualflexpress_divthree-p134 with K=18 up to limit 1600
[2025-12-12 07:20:20] [generate_cnf] Generating formula qspiflash_dualflexpress_divthree-p134 with K=19
[2025-12-12 07:20:20] [run_formula] Running formula qspiflash_dualflexpress_divthree-p134 with K=19 up to limit 1600
[2025-12-12 07:20:20] [generate_cnf] Generating formula qspiflash_dualflexpress_divthree-p134 with K=20
[2025-12-12 07:20:20] [run_formula] Running formula qspiflash_dualflexpress_divthree-p134 with K=20 up to limit 1600
[2025-12-12 07:20:20] [generate_cnf] Generating formula qspiflash_dualflexpress_divthree-p134 with K=21
[2025-12-12 07:20:20] [run_formula] Running formula qspiflash_dualflexpress_divthree-p134 with K=21 up to limit 1600
[2025-12-12 07:20:20] [generate_cnf] Generating formula qspiflash_dualflexpress_divthree-p134 with K=22
[2025-12-12 07:20:20] [run_formula] Running formula qspiflash_dualflexpress_divthree-p134 with K=22 up to limit 1600
[2025-12-12 07:20:20] [generate_cnf] Generating formula qspiflash_dualflexpress_divthree-p134 with K=23
[2025-12-12 07:20:21] [run_formula] Running formula qspiflash_dualflexpress_divthree-p134 with K=23 up to limit 1600
[2025-12-12 07:20:21] [generate_cnf] Generating formula qspiflash_dualflexpress_divthree-p134 with K=24
[2025-12-12 07:20:21] [run_formula] Running formula qspiflash_dualflexpress_divthree-p134 with K=24 up to limit 1600
[2025-12-12 07:20:21] [generate_cnf] Generating formula qspiflash_dualflexpress_divthree-p134 with K=25
[2025-12-12 07:20:21] [run_formula] Running formula qspiflash_dualflexpress_divthree-p134 with K=25 up to limit 1600
[2025-12-12 07:20:21] [generate_cnf] Generating formula qspiflash_dualflexpress_divthree-p134 with K=26
[2025-12-12 07:20:21] [run_formula] Running formula qspiflash_dualflexpress_divthree-p134 with K=26 up to limit 1600
[2025-12-12 07:20:21] [generate_cnf] Generating formula qspiflash_dualflexpress_divthree-p134 with K=27
[2025-12-12 07:20:22] [run_formula] Running formula qspiflash_dualflexpress_divthree-p134 with K=27 up to limit 1600
[2025-12-12 07:20:22] [generate_cnf] Generating formula qspiflash_dualflexpress_divthree-p134 with K=28
[2025-12-12 07:20:22] [run_formula] Running formula qspiflash_dualflexpress_divthree-p134 with K=28 up to limit 1600
[2025-12-12 07:20:22] [generate_cnf] Generating formula qspiflash_dualflexpress_divthree-p134 with K=29
[2025-12-12 07:20:22] [run_formula] Running formula qspiflash_dualflexpress_divthree-p134 with K=29 up to limit 1600
[2025-12-12 07:20:22] [generate_cnf] Generating formula qspiflash_dualflexpress_divthree-p134 with K=30
[2025-12-12 07:20:23] [run_formula] Running formula qspiflash_dualflexpress_divthree-p134 with K=30 up to limit 1600
[2025-12-12 07:20:23] [generate_cnf] Generating formula qspiflash_dualflexpress_divthree-p134 with K=31
[2025-12-12 07:20:23] [run_formula] Running formula qspiflash_dualflexpress_divthree-p134 with K=31 up to limit 1600
[2025-12-12 07:20:23] [generate_cnf] Generating formula qspiflash_dualflexpress_divthree-p134 with K=32
[2025-12-12 07:20:23] [run_formula] Running formula qspiflash_dualflexpress_divthree-p134 with K=32 up to limit 1600
[2025-12-12 07:20:24] [generate_cnf] Generating formula qspiflash_dualflexpress_divthree-p134 with K=33
[2025-12-12 07:20:24] [run_formula] Running formula qspiflash_dualflexpress_divthree-p134 with K=33 up to limit 1600
[2025-12-12 07:20:24] [generate_cnf] Generating formula qspiflash_dualflexpress_divthree-p134 with K=34
[2025-12-12 07:20:24] [run_formula] Running formula qspiflash_dualflexpress_divthree-p134 with K=34 up to limit 1600
[2025-12-12 07:20:24] [generate_cnf] Generating formula qspiflash_dualflexpress_divthree-p134 with K=35
[2025-12-12 07:20:25] [run_formula] Running formula qspiflash_dualflexpress_divthree-p134 with K=35 up to limit 1600
[2025-12-12 07:20:25] [generate_cnf] Generating formula qspiflash_dualflexpress_divthree-p134 with K=36
[2025-12-12 07:20:25] [run_formula] Running formula qspiflash_dualflexpress_divthree-p134 with K=36 up to limit 1600
[2025-12-12 07:20:25] [generate_cnf] Generating formula qspiflash_dualflexpress_divthree-p134 with K=37
[2025-12-12 07:20:26] [run_formula] Running formula qspiflash_dualflexpress_divthree-p134 with K=37 up to limit 1600
[2025-12-12 07:20:26] [generate_cnf] Generating formula qspiflash_dualflexpress_divthree-p134 with K=38
[2025-12-12 07:20:26] [run_formula] Running formula qspiflash_dualflexpress_divthree-p134 with K=38 up to limit 1600
[2025-12-12 07:20:26] [generate_cnf] Generating formula qspiflash_dualflexpress_divthree-p134 with K=39
[2025-12-12 07:20:27] [run_formula] Running formula qspiflash_dualflexpress_divthree-p134 with K=39 up to limit 1600
[2025-12-12 07:20:27] [generate_cnf] Generating formula qspiflash_dualflexpress_divthree-p134 with K=40
[2025-12-12 07:20:27] [run_formula] Running formula qspiflash_dualflexpress_divthree-p134 with K=40 up to limit 1600
[2025-12-12 07:20:28] [generate_cnf] Generating formula qspiflash_dualflexpress_divthree-p134 with K=41
[2025-12-12 07:20:28] [run_formula] Running formula qspiflash_dualflexpress_divthree-p134 with K=41 up to limit 1600
[2025-12-12 07:20:28] [generate_cnf] Generating formula qspiflash_dualflexpress_divthree-p134 with K=42
[2025-12-12 07:20:28] [run_formula] Running formula qspiflash_dualflexpress_divthree-p134 with K=42 up to limit 1600
[2025-12-12 07:20:29] [generate_cnf] Generating formula qspiflash_dualflexpress_divthree-p134 with K=43
[2025-12-12 07:20:29] [run_formula] Running formula qspiflash_dualflexpress_divthree-p134 with K=43 up to limit 1600
[2025-12-12 07:20:29] [generate_cnf] Generating formula qspiflash_dualflexpress_divthree-p134 with K=44
[2025-12-12 07:20:30] [run_formula] Running formula qspiflash_dualflexpress_divthree-p134 with K=44 up to limit 1600
[2025-12-12 07:20:30] [generate_cnf] Generating formula qspiflash_dualflexpress_divthree-p134 with K=45
[2025-12-12 07:20:30] [run_formula] Running formula qspiflash_dualflexpress_divthree-p134 with K=45 up to limit 1600
[2025-12-12 07:20:31] [generate_cnf] Generating formula qspiflash_dualflexpress_divthree-p134 with K=46
[2025-12-12 07:20:31] [run_formula] Running formula qspiflash_dualflexpress_divthree-p134 with K=46 up to limit 1600
[2025-12-12 07:20:32] [generate_cnf] Generating formula qspiflash_dualflexpress_divthree-p134 with K=47
[2025-12-12 07:20:32] [run_formula] Running formula qspiflash_dualflexpress_divthree-p134 with K=47 up to limit 1600
[2025-12-12 07:20:32] [generate_cnf] Generating formula qspiflash_dualflexpress_divthree-p134 with K=48
[2025-12-12 07:20:33] [run_formula] Running formula qspiflash_dualflexpress_divthree-p134 with K=48 up to limit 1600
[2025-12-12 07:20:33] [generate_cnf] Generating formula qspiflash_dualflexpress_divthree-p134 with K=49
[2025-12-12 07:20:34] [run_formula] Running formula qspiflash_dualflexpress_divthree-p134 with K=49 up to limit 1600
[2025-12-12 07:20:34] [generate_cnf] Generating formula qspiflash_dualflexpress_divthree-p134 with K=50
[2025-12-12 07:20:35] [run_formula] Running formula qspiflash_dualflexpress_divthree-p134 with K=50 up to limit 1600
[2025-12-12 07:20:36] [generate_cnf] Generating formula qspiflash_dualflexpress_divthree-p134 with K=51
[2025-12-12 07:20:36] [run_formula] Running formula qspiflash_dualflexpress_divthree-p134 with K=51 up to limit 1600
[2025-12-12 07:20:37] [generate_cnf] Generating formula qspiflash_dualflexpress_divthree-p134 with K=52
[2025-12-12 07:20:37] [run_formula] Running formula qspiflash_dualflexpress_divthree-p134 with K=52 up to limit 1600
[2025-12-12 07:20:38] [generate_cnf] Generating formula qspiflash_dualflexpress_divthree-p134 with K=53
[2025-12-12 07:20:38] [run_formula] Running formula qspiflash_dualflexpress_divthree-p134 with K=53 up to limit 1600
[2025-12-12 07:20:39] [generate_cnf] Generating formula qspiflash_dualflexpress_divthree-p134 with K=54
[2025-12-12 07:20:40] [run_formula] Running formula qspiflash_dualflexpress_divthree-p134 with K=54 up to limit 1600
[2025-12-12 07:20:41] [generate_cnf] Generating formula qspiflash_dualflexpress_divthree-p134 with K=55
[2025-12-12 07:20:41] [run_formula] Running formula qspiflash_dualflexpress_divthree-p134 with K=55 up to limit 1600
[2025-12-12 07:20:43] [generate_cnf] Generating formula qspiflash_dualflexpress_divthree-p134 with K=56
[2025-12-12 07:20:43] [run_formula] Running formula qspiflash_dualflexpress_divthree-p134 with K=56 up to limit 1600
[2025-12-12 07:20:44] [generate_cnf] Generating formula qspiflash_dualflexpress_divthree-p134 with K=57
[2025-12-12 07:20:45] [run_formula] Running formula qspiflash_dualflexpress_divthree-p134 with K=57 up to limit 1600
[2025-12-12 07:20:46] [generate_cnf] Generating formula qspiflash_dualflexpress_divthree-p134 with K=58
[2025-12-12 07:20:47] [run_formula] Running formula qspiflash_dualflexpress_divthree-p134 with K=58 up to limit 1600
[2025-12-12 07:20:49] [generate_cnf] Generating formula qspiflash_dualflexpress_divthree-p134 with K=59
[2025-12-12 07:20:49] [run_formula] Running formula qspiflash_dualflexpress_divthree-p134 with K=59 up to limit 1600
[2025-12-12 07:20:51] [generate_cnf] Generating formula qspiflash_dualflexpress_divthree-p134 with K=60
[2025-12-12 07:20:52] [run_formula] Running formula qspiflash_dualflexpress_divthree-p134 with K=60 up to limit 1600
[2025-12-12 07:20:54] [generate_cnf] Generating formula qspiflash_dualflexpress_divthree-p134 with K=61
[2025-12-12 07:20:55] [run_formula] Running formula qspiflash_dualflexpress_divthree-p134 with K=61 up to limit 1600
[2025-12-12 07:20:57] [generate_cnf] Generating formula qspiflash_dualflexpress_divthree-p134 with K=62
[2025-12-12 07:20:57] [run_formula] Running formula qspiflash_dualflexpress_divthree-p134 with K=62 up to limit 1600
[2025-12-12 07:21:00] [generate_cnf] Generating formula qspiflash_dualflexpress_divthree-p134 with K=63
[2025-12-12 07:21:01] [run_formula] Running formula qspiflash_dualflexpress_divthree-p134 with K=63 up to limit 1600
[2025-12-12 07:21:03] [generate_cnf] Generating formula qspiflash_dualflexpress_divthree-p134 with K=64
[2025-12-12 07:21:03] [run_formula] Running formula qspiflash_dualflexpress_divthree-p134 with K=64 up to limit 1600
[2025-12-12 07:21:06] [generate_cnf] Generating formula qspiflash_dualflexpress_divthree-p134 with K=65
[2025-12-12 07:21:07] [run_formula] Running formula qspiflash_dualflexpress_divthree-p134 with K=65 up to limit 1600
[2025-12-12 07:21:10] [generate_cnf] Generating formula qspiflash_dualflexpress_divthree-p134 with K=66
[2025-12-12 07:21:10] [run_formula] Running formula qspiflash_dualflexpress_divthree-p134 with K=66 up to limit 1600
[2025-12-12 07:21:13] [generate_cnf] Generating formula qspiflash_dualflexpress_divthree-p134 with K=67
[2025-12-12 07:21:14] [run_formula] Running formula qspiflash_dualflexpress_divthree-p134 with K=67 up to limit 1600
[2025-12-12 07:21:17] [generate_cnf] Generating formula qspiflash_dualflexpress_divthree-p134 with K=68
[2025-12-12 07:21:17] [run_formula] Running formula qspiflash_dualflexpress_divthree-p134 with K=68 up to limit 1600
[2025-12-12 07:21:22] [generate_cnf] Generating formula qspiflash_dualflexpress_divthree-p134 with K=69
[2025-12-12 07:21:22] [run_formula] Running formula qspiflash_dualflexpress_divthree-p134 with K=69 up to limit 1600
[2025-12-12 07:21:25] [generate_cnf] Generating formula qspiflash_dualflexpress_divthree-p134 with K=70
[2025-12-12 07:21:26] [run_formula] Running formula qspiflash_dualflexpress_divthree-p134 with K=70 up to limit 1600
[2025-12-12 07:21:29] [generate_cnf] Generating formula qspiflash_dualflexpress_divthree-p134 with K=71
[2025-12-12 07:21:30] [run_formula] Running formula qspiflash_dualflexpress_divthree-p134 with K=71 up to limit 1600
[2025-12-12 07:21:33] [generate_cnf] Generating formula qspiflash_dualflexpress_divthree-p134 with K=72
[2025-12-12 07:21:34] [run_formula] Running formula qspiflash_dualflexpress_divthree-p134 with K=72 up to limit 1600
[2025-12-12 07:21:40] [generate_cnf] Generating formula qspiflash_dualflexpress_divthree-p134 with K=73
[2025-12-12 07:21:41] [run_formula] Running formula qspiflash_dualflexpress_divthree-p134 with K=73 up to limit 1600
[2025-12-12 07:21:47] [generate_cnf] Generating formula qspiflash_dualflexpress_divthree-p134 with K=74
[2025-12-12 07:21:48] [run_formula] Running formula qspiflash_dualflexpress_divthree-p134 with K=74 up to limit 1600
[2025-12-12 07:21:53] [generate_cnf] Generating formula qspiflash_dualflexpress_divthree-p134 with K=75
[2025-12-12 07:21:54] [run_formula] Running formula qspiflash_dualflexpress_divthree-p134 with K=75 up to limit 1600
[2025-12-12 07:22:00] [generate_cnf] Generating formula qspiflash_dualflexpress_divthree-p134 with K=76
[2025-12-12 07:22:01] [run_formula] Running formula qspiflash_dualflexpress_divthree-p134 with K=76 up to limit 1600
[2025-12-12 07:22:10] [generate_cnf] Generating formula qspiflash_dualflexpress_divthree-p134 with K=77
[2025-12-12 07:22:10] [run_formula] Running formula qspiflash_dualflexpress_divthree-p134 with K=77 up to limit 1600
[2025-12-12 07:22:19] [generate_cnf] Generating formula qspiflash_dualflexpress_divthree-p134 with K=78
[2025-12-12 07:22:20] [run_formula] Running formula qspiflash_dualflexpress_divthree-p134 with K=78 up to limit 1600
[2025-12-12 07:22:29] [generate_cnf] Generating formula qspiflash_dualflexpress_divthree-p134 with K=79
[2025-12-12 07:22:30] [run_formula] Running formula qspiflash_dualflexpress_divthree-p134 with K=79 up to limit 1600
[2025-12-12 07:22:39] [generate_cnf] Generating formula qspiflash_dualflexpress_divthree-p134 with K=80
[2025-12-12 07:22:39] [run_formula] Running formula qspiflash_dualflexpress_divthree-p134 with K=80 up to limit 1600
[2025-12-12 07:22:48] [generate_cnf] Generating formula qspiflash_dualflexpress_divthree-p134 with K=81
[2025-12-12 07:22:48] [run_formula] Running formula qspiflash_dualflexpress_divthree-p134 with K=81 up to limit 1600
[2025-12-12 07:22:58] [generate_cnf] Generating formula qspiflash_dualflexpress_divthree-p134 with K=82
[2025-12-12 07:22:59] [run_formula] Running formula qspiflash_dualflexpress_divthree-p134 with K=82 up to limit 1600
[2025-12-12 07:23:09] [generate_cnf] Generating formula qspiflash_dualflexpress_divthree-p134 with K=83
[2025-12-12 07:23:10] [run_formula] Running formula qspiflash_dualflexpress_divthree-p134 with K=83 up to limit 1600
[2025-12-12 07:23:22] [generate_cnf] Generating formula qspiflash_dualflexpress_divthree-p134 with K=84
[2025-12-12 07:23:23] [run_formula] Running formula qspiflash_dualflexpress_divthree-p134 with K=84 up to limit 1600
[2025-12-12 07:23:33] [generate_cnf] Generating formula qspiflash_dualflexpress_divthree-p134 with K=85
[2025-12-12 07:23:34] [run_formula] Running formula qspiflash_dualflexpress_divthree-p134 with K=85 up to limit 1600
[2025-12-12 07:23:47] [generate_cnf] Generating formula qspiflash_dualflexpress_divthree-p134 with K=86
[2025-12-12 07:23:48] [run_formula] Running formula qspiflash_dualflexpress_divthree-p134 with K=86 up to limit 1600
[2025-12-12 07:24:01] [generate_cnf] Generating formula qspiflash_dualflexpress_divthree-p134 with K=87
[2025-12-12 07:24:02] [run_formula] Running formula qspiflash_dualflexpress_divthree-p134 with K=87 up to limit 1600
[2025-12-12 07:24:15] [generate_cnf] Generating formula qspiflash_dualflexpress_divthree-p134 with K=88
[2025-12-12 07:24:16] [run_formula] Running formula qspiflash_dualflexpress_divthree-p134 with K=88 up to limit 1600
[2025-12-12 07:24:31] [generate_cnf] Generating formula qspiflash_dualflexpress_divthree-p134 with K=89
[2025-12-12 07:24:31] [run_formula] Running formula qspiflash_dualflexpress_divthree-p134 with K=89 up to limit 1600
[2025-12-12 07:24:46] [generate_cnf] Generating formula qspiflash_dualflexpress_divthree-p134 with K=90
[2025-12-12 07:24:47] [run_formula] Running formula qspiflash_dualflexpress_divthree-p134 with K=90 up to limit 1600
[2025-12-12 07:25:02] [generate_cnf] Generating formula qspiflash_dualflexpress_divthree-p134 with K=91
[2025-12-12 07:25:02] [run_formula] Running formula qspiflash_dualflexpress_divthree-p134 with K=91 up to limit 1600
[2025-12-12 07:25:18] [generate_cnf] Generating formula qspiflash_dualflexpress_divthree-p134 with K=92
[2025-12-12 07:25:19] [run_formula] Running formula qspiflash_dualflexpress_divthree-p134 with K=92 up to limit 1600
[2025-12-12 07:25:35] [generate_cnf] Generating formula qspiflash_dualflexpress_divthree-p134 with K=93
[2025-12-12 07:25:36] [run_formula] Running formula qspiflash_dualflexpress_divthree-p134 with K=93 up to limit 1600
[2025-12-12 07:25:52] [generate_cnf] Generating formula qspiflash_dualflexpress_divthree-p134 with K=94
[2025-12-12 07:25:53] [run_formula] Running formula qspiflash_dualflexpress_divthree-p134 with K=94 up to limit 1600
[2025-12-12 07:26:10] [generate_cnf] Generating formula qspiflash_dualflexpress_divthree-p134 with K=95
[2025-12-12 07:26:10] [run_formula] Running formula qspiflash_dualflexpress_divthree-p134 with K=95 up to limit 1600
[2025-12-12 07:26:27] [generate_cnf] Generating formula qspiflash_dualflexpress_divthree-p134 with K=96
[2025-12-12 07:26:27] [run_formula] Running formula qspiflash_dualflexpress_divthree-p134 with K=96 up to limit 1600
[2025-12-12 07:26:43] [generate_cnf] Generating formula qspiflash_dualflexpress_divthree-p134 with K=97
[2025-12-12 07:26:44] [run_formula] Running formula qspiflash_dualflexpress_divthree-p134 with K=97 up to limit 1600
[2025-12-12 07:27:01] [generate_cnf] Generating formula qspiflash_dualflexpress_divthree-p134 with K=98
[2025-12-12 07:27:02] [run_formula] Running formula qspiflash_dualflexpress_divthree-p134 with K=98 up to limit 1600
[2025-12-12 07:27:20] [generate_cnf] Generating formula qspiflash_dualflexpress_divthree-p134 with K=99
[2025-12-12 07:27:21] [run_formula] Running formula qspiflash_dualflexpress_divthree-p134 with K=99 up to limit 1600
[2025-12-12 07:27:41] [generate_cnf] Generating formula qspiflash_dualflexpress_divthree-p134 with K=100
[2025-12-12 07:27:42] [run_formula] Running formula qspiflash_dualflexpress_divthree-p134 with K=100 up to limit 1600
[2025-12-12 07:27:59] [generate_cnf] Generating formula qspiflash_dualflexpress_divthree-p134 with K=101
[2025-12-12 07:28:00] [run_formula] Running formula qspiflash_dualflexpress_divthree-p134 with K=101 up to limit 1600
[2025-12-12 07:28:16] [generate_cnf] Generating formula qspiflash_dualflexpress_divthree-p134 with K=102
[2025-12-12 07:28:17] [run_formula] Running formula qspiflash_dualflexpress_divthree-p134 with K=102 up to limit 1600
[2025-12-12 07:28:38] [generate_cnf] Generating formula qspiflash_dualflexpress_divthree-p134 with K=103
[2025-12-12 07:28:39] [run_formula] Running formula qspiflash_dualflexpress_divthree-p134 with K=103 up to limit 1600
[2025-12-12 07:29:04] [generate_cnf] Generating formula qspiflash_dualflexpress_divthree-p134 with K=104
[2025-12-12 07:29:05] [run_formula] Running formula qspiflash_dualflexpress_divthree-p134 with K=104 up to limit 1600
[2025-12-12 07:29:29] [generate_cnf] Generating formula qspiflash_dualflexpress_divthree-p134 with K=105
[2025-12-12 07:29:29] [run_formula] Running formula qspiflash_dualflexpress_divthree-p134 with K=105 up to limit 1600
[2025-12-12 07:29:53] [generate_cnf] Generating formula qspiflash_dualflexpress_divthree-p134 with K=106
[2025-12-12 07:29:53] [run_formula] Running formula qspiflash_dualflexpress_divthree-p134 with K=106 up to limit 1600
[2025-12-12 07:30:19] [generate_cnf] Generating formula qspiflash_dualflexpress_divthree-p134 with K=107
[2025-12-12 07:30:20] [run_formula] Running formula qspiflash_dualflexpress_divthree-p134 with K=107 up to limit 1600
[2025-12-12 07:30:44] [generate_cnf] Generating formula qspiflash_dualflexpress_divthree-p134 with K=108
[2025-12-12 07:30:45] [run_formula] Running formula qspiflash_dualflexpress_divthree-p134 with K=108 up to limit 1600
[2025-12-12 07:31:13] [generate_cnf] Generating formula qspiflash_dualflexpress_divthree-p134 with K=109
[2025-12-12 07:31:14] [run_formula] Running formula qspiflash_dualflexpress_divthree-p134 with K=109 up to limit 1600
[2025-12-12 07:31:43] [generate_cnf] Generating formula qspiflash_dualflexpress_divthree-p134 with K=110
[2025-12-12 07:31:44] [run_formula] Running formula qspiflash_dualflexpress_divthree-p134 with K=110 up to limit 1600
[2025-12-12 07:32:12] [generate_cnf] Generating formula qspiflash_dualflexpress_divthree-p134 with K=111
[2025-12-12 07:32:13] [run_formula] Running formula qspiflash_dualflexpress_divthree-p134 with K=111 up to limit 1600
[2025-12-12 07:32:55] [generate_cnf] Generating formula qspiflash_dualflexpress_divthree-p134 with K=112
[2025-12-12 07:32:56] [run_formula] Running formula qspiflash_dualflexpress_divthree-p134 with K=112 up to limit 1600
[2025-12-12 07:33:21] [generate_cnf] Generating formula qspiflash_dualflexpress_divthree-p134 with K=113
[2025-12-12 07:33:23] [run_formula] Running formula qspiflash_dualflexpress_divthree-p134 with K=113 up to limit 1600
[2025-12-12 07:33:52] [generate_cnf] Generating formula qspiflash_dualflexpress_divthree-p134 with K=114
[2025-12-12 07:33:53] [run_formula] Running formula qspiflash_dualflexpress_divthree-p134 with K=114 up to limit 1600
[2025-12-12 07:34:19] [generate_cnf] Generating formula qspiflash_dualflexpress_divthree-p134 with K=115
[2025-12-12 07:34:20] [run_formula] Running formula qspiflash_dualflexpress_divthree-p134 with K=115 up to limit 1600
[2025-12-12 07:34:56] [generate_cnf] Generating formula qspiflash_dualflexpress_divthree-p134 with K=116
[2025-12-12 07:34:57] [run_formula] Running formula qspiflash_dualflexpress_divthree-p134 with K=116 up to limit 1600
[2025-12-12 07:35:38] [generate_cnf] Generating formula qspiflash_dualflexpress_divthree-p134 with K=117
[2025-12-12 07:35:39] [run_formula] Running formula qspiflash_dualflexpress_divthree-p134 with K=117 up to limit 1600
[2025-12-12 07:36:09] [generate_cnf] Generating formula qspiflash_dualflexpress_divthree-p134 with K=118
[2025-12-12 07:36:10] [run_formula] Running formula qspiflash_dualflexpress_divthree-p134 with K=118 up to limit 1600
[2025-12-12 07:36:48] [generate_cnf] Generating formula qspiflash_dualflexpress_divthree-p134 with K=119
[2025-12-12 07:36:49] [run_formula] Running formula qspiflash_dualflexpress_divthree-p134 with K=119 up to limit 1600
[2025-12-12 07:37:34] [generate_cnf] Generating formula qspiflash_dualflexpress_divthree-p134 with K=120
[2025-12-12 07:37:35] [run_formula] Running formula qspiflash_dualflexpress_divthree-p134 with K=120 up to limit 1600
[2025-12-12 07:38:19] [generate_cnf] Generating formula qspiflash_dualflexpress_divthree-p134 with K=121
[2025-12-12 07:38:20] [run_formula] Running formula qspiflash_dualflexpress_divthree-p134 with K=121 up to limit 1600
[2025-12-12 07:39:12] [generate_cnf] Generating formula qspiflash_dualflexpress_divthree-p134 with K=122
[2025-12-12 07:39:13] [run_formula] Running formula qspiflash_dualflexpress_divthree-p134 with K=122 up to limit 1600
[2025-12-12 07:39:53] [generate_cnf] Generating formula qspiflash_dualflexpress_divthree-p134 with K=123
[2025-12-12 07:39:54] [run_formula] Running formula qspiflash_dualflexpress_divthree-p134 with K=123 up to limit 1600
[2025-12-12 07:40:48] [generate_cnf] Generating formula qspiflash_dualflexpress_divthree-p134 with K=124
[2025-12-12 07:40:49] [run_formula] Running formula qspiflash_dualflexpress_divthree-p134 with K=124 up to limit 1600
[2025-12-12 07:41:32] [generate_cnf] Generating formula qspiflash_dualflexpress_divthree-p134 with K=125
[2025-12-12 07:41:33] [run_formula] Running formula qspiflash_dualflexpress_divthree-p134 with K=125 up to limit 1600
[2025-12-12 07:42:21] [generate_cnf] Generating formula qspiflash_dualflexpress_divthree-p134 with K=126
[2025-12-12 07:42:22] [run_formula] Running formula qspiflash_dualflexpress_divthree-p134 with K=126 up to limit 1600
[2025-12-12 07:43:12] [generate_cnf] Generating formula qspiflash_dualflexpress_divthree-p134 with K=127
[2025-12-12 07:43:13] [run_formula] Running formula qspiflash_dualflexpress_divthree-p134 with K=127 up to limit 1600
[2025-12-12 07:44:12] [generate_cnf] Generating formula qspiflash_dualflexpress_divthree-p134 with K=128
[2025-12-12 07:44:13] [run_formula] Running formula qspiflash_dualflexpress_divthree-p134 with K=128 up to limit 1600
[2025-12-12 07:45:09] [generate_cnf] Generating formula qspiflash_dualflexpress_divthree-p134 with K=129
[2025-12-12 07:45:10] [run_formula] Running formula qspiflash_dualflexpress_divthree-p134 with K=129 up to limit 1600
[2025-12-12 07:46:09] [generate_cnf] Generating formula qspiflash_dualflexpress_divthree-p134 with K=130
[2025-12-12 07:46:09] [run_formula] Running formula qspiflash_dualflexpress_divthree-p134 with K=130 up to limit 1600
[2025-12-12 07:47:04] [generate_cnf] Generating formula qspiflash_dualflexpress_divthree-p134 with K=131
[2025-12-12 07:47:05] [run_formula] Running formula qspiflash_dualflexpress_divthree-p134 with K=131 up to limit 1600
[2025-12-12 07:47:59] [generate_cnf] Generating formula qspiflash_dualflexpress_divthree-p134 with K=132
[2025-12-12 07:48:00] [run_formula] Running formula qspiflash_dualflexpress_divthree-p134 with K=132 up to limit 1600
[2025-12-12 07:49:04] [generate_cnf] Generating formula qspiflash_dualflexpress_divthree-p134 with K=133
[2025-12-12 07:49:05] [run_formula] Running formula qspiflash_dualflexpress_divthree-p134 with K=133 up to limit 1600
[2025-12-12 07:49:56] [generate_cnf] Generating formula qspiflash_dualflexpress_divthree-p134 with K=134
[2025-12-12 07:49:57] [run_formula] Running formula qspiflash_dualflexpress_divthree-p134 with K=134 up to limit 1600
[2025-12-12 07:51:00] [generate_cnf] Generating formula qspiflash_dualflexpress_divthree-p134 with K=135
[2025-12-12 07:51:01] [run_formula] Running formula qspiflash_dualflexpress_divthree-p134 with K=135 up to limit 1600
[2025-12-12 07:52:04] [generate_cnf] Generating formula qspiflash_dualflexpress_divthree-p134 with K=136
[2025-12-12 07:52:05] [run_formula] Running formula qspiflash_dualflexpress_divthree-p134 with K=136 up to limit 1600
[2025-12-12 07:53:19] [generate_cnf] Generating formula qspiflash_dualflexpress_divthree-p134 with K=137
[2025-12-12 07:53:20] [run_formula] Running formula qspiflash_dualflexpress_divthree-p134 with K=137 up to limit 1600
[2025-12-12 07:54:31] [generate_cnf] Generating formula qspiflash_dualflexpress_divthree-p134 with K=138
[2025-12-12 07:54:33] [run_formula] Running formula qspiflash_dualflexpress_divthree-p134 with K=138 up to limit 1600
[2025-12-12 07:55:51] [generate_cnf] Generating formula qspiflash_dualflexpress_divthree-p134 with K=139
[2025-12-12 07:55:52] [run_formula] Running formula qspiflash_dualflexpress_divthree-p134 with K=139 up to limit 1600
[2025-12-12 07:57:22] [generate_cnf] Generating formula qspiflash_dualflexpress_divthree-p134 with K=140
[2025-12-12 07:57:23] [run_formula] Running formula qspiflash_dualflexpress_divthree-p134 with K=140 up to limit 1600
[2025-12-12 07:58:33] [generate_cnf] Generating formula qspiflash_dualflexpress_divthree-p134 with K=141
[2025-12-12 07:58:34] [run_formula] Running formula qspiflash_dualflexpress_divthree-p134 with K=141 up to limit 1600
[2025-12-12 07:59:56] [generate_cnf] Generating formula qspiflash_dualflexpress_divthree-p134 with K=142
[2025-12-12 07:59:57] [run_formula] Running formula qspiflash_dualflexpress_divthree-p134 with K=142 up to limit 1600
[2025-12-12 08:01:13] [generate_cnf] Generating formula qspiflash_dualflexpress_divthree-p134 with K=143
[2025-12-12 08:01:14] [run_formula] Running formula qspiflash_dualflexpress_divthree-p134 with K=143 up to limit 1600
[2025-12-12 08:02:32] [generate_cnf] Generating formula qspiflash_dualflexpress_divthree-p134 with K=144
[2025-12-12 08:02:33] [run_formula] Running formula qspiflash_dualflexpress_divthree-p134 with K=144 up to limit 1600
[2025-12-12 08:03:44] [generate_cnf] Generating formula qspiflash_dualflexpress_divthree-p134 with K=145
[2025-12-12 08:03:45] [run_formula] Running formula qspiflash_dualflexpress_divthree-p134 with K=145 up to limit 1600
[2025-12-12 08:05:10] [generate_cnf] Generating formula qspiflash_dualflexpress_divthree-p134 with K=146
[2025-12-12 08:05:12] [run_formula] Running formula qspiflash_dualflexpress_divthree-p134 with K=146 up to limit 1600
[2025-12-12 08:06:25] [generate_cnf] Generating formula qspiflash_dualflexpress_divthree-p134 with K=147
[2025-12-12 08:06:27] [run_formula] Running formula qspiflash_dualflexpress_divthree-p134 with K=147 up to limit 1600
[2025-12-12 08:07:58] [generate_cnf] Generating formula qspiflash_dualflexpress_divthree-p134 with K=148
[2025-12-12 08:08:00] [run_formula] Running formula qspiflash_dualflexpress_divthree-p134 with K=148 up to limit 1600
[2025-12-12 08:09:37] [generate_cnf] Generating formula qspiflash_dualflexpress_divthree-p134 with K=149
[2025-12-12 08:09:38] [run_formula] Running formula qspiflash_dualflexpress_divthree-p134 with K=149 up to limit 1600
[2025-12-12 08:11:05] [generate_cnf] Generating formula qspiflash_dualflexpress_divthree-p134 with K=150
[2025-12-12 08:11:06] [run_formula] Running formula qspiflash_dualflexpress_divthree-p134 with K=150 up to limit 1600
[2025-12-12 08:12:36] [generate_cnf] Generating formula qspiflash_dualflexpress_divthree-p134 with K=151
[2025-12-12 08:12:37] [run_formula] Running formula qspiflash_dualflexpress_divthree-p134 with K=151 up to limit 1600
[2025-12-12 08:14:08] [generate_cnf] Generating formula qspiflash_dualflexpress_divthree-p134 with K=152
[2025-12-12 08:14:09] [run_formula] Running formula qspiflash_dualflexpress_divthree-p134 with K=152 up to limit 1600
[2025-12-12 08:15:49] [generate_cnf] Generating formula qspiflash_dualflexpress_divthree-p134 with K=153
[2025-12-12 08:15:50] [run_formula] Running formula qspiflash_dualflexpress_divthree-p134 with K=153 up to limit 1600
[2025-12-12 08:17:42] [generate_cnf] Generating formula qspiflash_dualflexpress_divthree-p134 with K=154
[2025-12-12 08:17:43] [run_formula] Running formula qspiflash_dualflexpress_divthree-p134 with K=154 up to limit 1600
[2025-12-12 08:19:31] [generate_cnf] Generating formula qspiflash_dualflexpress_divthree-p134 with K=155
[2025-12-12 08:19:32] [run_formula] Running formula qspiflash_dualflexpress_divthree-p134 with K=155 up to limit 1600
[2025-12-12 08:21:05] [generate_cnf] Generating formula qspiflash_dualflexpress_divthree-p134 with K=156
[2025-12-12 08:21:06] [run_formula] Running formula qspiflash_dualflexpress_divthree-p134 with K=156 up to limit 1600
[2025-12-12 08:22:36] [generate_cnf] Generating formula qspiflash_dualflexpress_divthree-p134 with K=157
[2025-12-12 08:22:37] [run_formula] Running formula qspiflash_dualflexpress_divthree-p134 with K=157 up to limit 1600
[2025-12-12 08:24:48] [generate_cnf] Generating formula qspiflash_dualflexpress_divthree-p134 with K=158
[2025-12-12 08:24:50] [run_formula] Running formula qspiflash_dualflexpress_divthree-p134 with K=158 up to limit 1600
[2025-12-12 08:26:21] [generate_cnf] Generating formula qspiflash_dualflexpress_divthree-p134 with K=159
[2025-12-12 08:26:23] [run_formula] Running formula qspiflash_dualflexpress_divthree-p134 with K=159 up to limit 1600
[2025-12-12 08:28:02] [run_formula] Error running formula qspiflash_dualflexpress_divthree-p134 with K=159: [Errno 122] Disk quota exceeded: './results/solving_logs/qspiflash_dualflexpress_divthree-p134//qspiflash_dualflexpress_divthree-p134.159.log'
[2025-12-12 08:28:02] [generate_and_run_up_to_limit] Failed to run formula qspiflash_dualflexpress_divthree-p134 with K=159, halting
