CNF written.
CNF written.
CNF written.
CNF written.
CNF written.
CNF written.
CNF written.
CNF written.
CNF written.
CNF written.
CNF written.
CNF written.
CNF written.
CNF written.
CNF written.
CNF written.
CNF written.
CNF written.
CNF written.
CNF written.
CNF written.
CNF written.
CNF written.
CNF written.
CNF written.
CNF written.
CNF written.
CNF written.
CNF written.
CNF written.
CNF written.
CNF written.
CNF written.
CNF written.
CNF written.
CNF written.
CNF written.
CNF written.
CNF written.
CNF written.
CNF written.
CNF written.
CNF written.
CNF written.
CNF written.
CNF written.
CNF written.
CNF written.
CNF written.
CNF written.
CNF written.
CNF written.
CNF written.
CNF written.
CNF written.
CNF written.
CNF written.
CNF written.
CNF written.
CNF written.
CNF written.
CNF written.
CNF written.
CNF written.
CNF written.
CNF written.
CNF written.
CNF written.
CNF written.
CNF written.
CNF written.
CNF written.
CNF written.
CNF written.
CNF written.
CNF written.
CNF written.
CNF written.
CNF written.
CNF written.
CNF written.
CNF written.
CNF written.
CNF written.
CNF written.
CNF written.
CNF written.
CNF written.
CNF written.
CNF written.
CNF written.
CNF written.
CNF written.
CNF written.
CNF written.
CNF written.
CNF written.
CNF written.
CNF written.
CNF written.
CNF written.
CNF written.
CNF written.
CNF written.
CNF written.
CNF written.
CNF written.
CNF written.
CNF written.
CNF written.
CNF written.
CNF written.
CNF written.
CNF written.
CNF written.
CNF written.
CNF written.
CNF written.
CNF written.
CNF written.
CNF written.
CNF written.
CNF written.
CNF written.
CNF written.
CNF written.
CNF written.
CNF written.
CNF written.
CNF written.
CNF written.
CNF written.
CNF written.
CNF written.
CNF written.
CNF written.
CNF written.
CNF written.
CNF written.
CNF written.
CNF written.
CNF written.
CNF written.
CNF written.
CNF written.
CNF written.
CNF written.
CNF written.
CNF written.
CNF written.
CNF written.
CNF written.
CNF written.
CNF written.
CNF written.
CNF written.
CNF written.
CNF written.
CNF written.
CNF written.
CNF written.
CNF written.
CNF written.
CNF written.
CNF written.
CNF written.
CNF written.
CNF written.
CNF written.
CNF written.
CNF written.
CNF written.
CNF written.
CNF written.
CNF written.
CNF written.
CNF written.
CNF written.
CNF written.
CNF written.
CNF written.
CNF written.
CNF written.
CNF written.
CNF written.
[2025-12-12 08:13:42] [generate_and_run_up_to_limit] Generating and running qspiflash_qflexpress_divfive-p064 with K<=500 up to limit 1600
[2025-12-12 08:13:42] [generate_cnf] Generating formula qspiflash_qflexpress_divfive-p064 with K=1
[2025-12-12 08:13:42] [run_formula] Running formula qspiflash_qflexpress_divfive-p064 with K=1 up to limit 1600
[2025-12-12 08:13:42] [generate_cnf] Generating formula qspiflash_qflexpress_divfive-p064 with K=2
[2025-12-12 08:13:42] [run_formula] Running formula qspiflash_qflexpress_divfive-p064 with K=2 up to limit 1600
[2025-12-12 08:13:42] [generate_cnf] Generating formula qspiflash_qflexpress_divfive-p064 with K=3
[2025-12-12 08:13:42] [run_formula] Running formula qspiflash_qflexpress_divfive-p064 with K=3 up to limit 1600
[2025-12-12 08:13:42] [generate_cnf] Generating formula qspiflash_qflexpress_divfive-p064 with K=4
[2025-12-12 08:13:42] [run_formula] Running formula qspiflash_qflexpress_divfive-p064 with K=4 up to limit 1600
[2025-12-12 08:13:42] [generate_cnf] Generating formula qspiflash_qflexpress_divfive-p064 with K=5
[2025-12-12 08:13:42] [run_formula] Running formula qspiflash_qflexpress_divfive-p064 with K=5 up to limit 1600
[2025-12-12 08:13:42] [generate_cnf] Generating formula qspiflash_qflexpress_divfive-p064 with K=6
[2025-12-12 08:13:42] [run_formula] Running formula qspiflash_qflexpress_divfive-p064 with K=6 up to limit 1600
[2025-12-12 08:13:42] [generate_cnf] Generating formula qspiflash_qflexpress_divfive-p064 with K=7
[2025-12-12 08:13:43] [run_formula] Running formula qspiflash_qflexpress_divfive-p064 with K=7 up to limit 1600
[2025-12-12 08:13:43] [generate_cnf] Generating formula qspiflash_qflexpress_divfive-p064 with K=8
[2025-12-12 08:13:43] [run_formula] Running formula qspiflash_qflexpress_divfive-p064 with K=8 up to limit 1600
[2025-12-12 08:13:43] [generate_cnf] Generating formula qspiflash_qflexpress_divfive-p064 with K=9
[2025-12-12 08:13:43] [run_formula] Running formula qspiflash_qflexpress_divfive-p064 with K=9 up to limit 1600
[2025-12-12 08:13:43] [generate_cnf] Generating formula qspiflash_qflexpress_divfive-p064 with K=10
[2025-12-12 08:13:43] [run_formula] Running formula qspiflash_qflexpress_divfive-p064 with K=10 up to limit 1600
[2025-12-12 08:13:43] [generate_cnf] Generating formula qspiflash_qflexpress_divfive-p064 with K=11
[2025-12-12 08:13:43] [run_formula] Running formula qspiflash_qflexpress_divfive-p064 with K=11 up to limit 1600
[2025-12-12 08:13:43] [generate_cnf] Generating formula qspiflash_qflexpress_divfive-p064 with K=12
[2025-12-12 08:13:43] [run_formula] Running formula qspiflash_qflexpress_divfive-p064 with K=12 up to limit 1600
[2025-12-12 08:13:43] [generate_cnf] Generating formula qspiflash_qflexpress_divfive-p064 with K=13
[2025-12-12 08:13:43] [run_formula] Running formula qspiflash_qflexpress_divfive-p064 with K=13 up to limit 1600
[2025-12-12 08:13:43] [generate_cnf] Generating formula qspiflash_qflexpress_divfive-p064 with K=14
[2025-12-12 08:13:43] [run_formula] Running formula qspiflash_qflexpress_divfive-p064 with K=14 up to limit 1600
[2025-12-12 08:13:43] [generate_cnf] Generating formula qspiflash_qflexpress_divfive-p064 with K=15
[2025-12-12 08:13:43] [run_formula] Running formula qspiflash_qflexpress_divfive-p064 with K=15 up to limit 1600
[2025-12-12 08:13:44] [generate_cnf] Generating formula qspiflash_qflexpress_divfive-p064 with K=16
[2025-12-12 08:13:44] [run_formula] Running formula qspiflash_qflexpress_divfive-p064 with K=16 up to limit 1600
[2025-12-12 08:13:44] [generate_cnf] Generating formula qspiflash_qflexpress_divfive-p064 with K=17
[2025-12-12 08:13:44] [run_formula] Running formula qspiflash_qflexpress_divfive-p064 with K=17 up to limit 1600
[2025-12-12 08:13:44] [generate_cnf] Generating formula qspiflash_qflexpress_divfive-p064 with K=18
[2025-12-12 08:13:44] [run_formula] Running formula qspiflash_qflexpress_divfive-p064 with K=18 up to limit 1600
[2025-12-12 08:13:44] [generate_cnf] Generating formula qspiflash_qflexpress_divfive-p064 with K=19
[2025-12-12 08:13:44] [run_formula] Running formula qspiflash_qflexpress_divfive-p064 with K=19 up to limit 1600
[2025-12-12 08:13:44] [generate_cnf] Generating formula qspiflash_qflexpress_divfive-p064 with K=20
[2025-12-12 08:13:45] [run_formula] Running formula qspiflash_qflexpress_divfive-p064 with K=20 up to limit 1600
[2025-12-12 08:13:45] [generate_cnf] Generating formula qspiflash_qflexpress_divfive-p064 with K=21
[2025-12-12 08:13:45] [run_formula] Running formula qspiflash_qflexpress_divfive-p064 with K=21 up to limit 1600
[2025-12-12 08:13:45] [generate_cnf] Generating formula qspiflash_qflexpress_divfive-p064 with K=22
[2025-12-12 08:13:45] [run_formula] Running formula qspiflash_qflexpress_divfive-p064 with K=22 up to limit 1600
[2025-12-12 08:13:45] [generate_cnf] Generating formula qspiflash_qflexpress_divfive-p064 with K=23
[2025-12-12 08:13:45] [run_formula] Running formula qspiflash_qflexpress_divfive-p064 with K=23 up to limit 1600
[2025-12-12 08:13:46] [generate_cnf] Generating formula qspiflash_qflexpress_divfive-p064 with K=24
[2025-12-12 08:13:46] [run_formula] Running formula qspiflash_qflexpress_divfive-p064 with K=24 up to limit 1600
[2025-12-12 08:13:46] [generate_cnf] Generating formula qspiflash_qflexpress_divfive-p064 with K=25
[2025-12-12 08:13:46] [run_formula] Running formula qspiflash_qflexpress_divfive-p064 with K=25 up to limit 1600
[2025-12-12 08:13:46] [generate_cnf] Generating formula qspiflash_qflexpress_divfive-p064 with K=26
[2025-12-12 08:13:47] [run_formula] Running formula qspiflash_qflexpress_divfive-p064 with K=26 up to limit 1600
[2025-12-12 08:13:47] [generate_cnf] Generating formula qspiflash_qflexpress_divfive-p064 with K=27
[2025-12-12 08:13:47] [run_formula] Running formula qspiflash_qflexpress_divfive-p064 with K=27 up to limit 1600
[2025-12-12 08:13:48] [generate_cnf] Generating formula qspiflash_qflexpress_divfive-p064 with K=28
[2025-12-12 08:13:48] [run_formula] Running formula qspiflash_qflexpress_divfive-p064 with K=28 up to limit 1600
[2025-12-12 08:13:48] [generate_cnf] Generating formula qspiflash_qflexpress_divfive-p064 with K=29
[2025-12-12 08:13:48] [run_formula] Running formula qspiflash_qflexpress_divfive-p064 with K=29 up to limit 1600
[2025-12-12 08:13:49] [generate_cnf] Generating formula qspiflash_qflexpress_divfive-p064 with K=30
[2025-12-12 08:13:49] [run_formula] Running formula qspiflash_qflexpress_divfive-p064 with K=30 up to limit 1600
[2025-12-12 08:13:49] [generate_cnf] Generating formula qspiflash_qflexpress_divfive-p064 with K=31
[2025-12-12 08:13:50] [run_formula] Running formula qspiflash_qflexpress_divfive-p064 with K=31 up to limit 1600
[2025-12-12 08:13:50] [generate_cnf] Generating formula qspiflash_qflexpress_divfive-p064 with K=32
[2025-12-12 08:13:50] [run_formula] Running formula qspiflash_qflexpress_divfive-p064 with K=32 up to limit 1600
[2025-12-12 08:13:51] [generate_cnf] Generating formula qspiflash_qflexpress_divfive-p064 with K=33
[2025-12-12 08:13:51] [run_formula] Running formula qspiflash_qflexpress_divfive-p064 with K=33 up to limit 1600
[2025-12-12 08:13:51] [generate_cnf] Generating formula qspiflash_qflexpress_divfive-p064 with K=34
[2025-12-12 08:13:52] [run_formula] Running formula qspiflash_qflexpress_divfive-p064 with K=34 up to limit 1600
[2025-12-12 08:13:52] [generate_cnf] Generating formula qspiflash_qflexpress_divfive-p064 with K=35
[2025-12-12 08:13:52] [run_formula] Running formula qspiflash_qflexpress_divfive-p064 with K=35 up to limit 1600
[2025-12-12 08:13:53] [generate_cnf] Generating formula qspiflash_qflexpress_divfive-p064 with K=36
[2025-12-12 08:13:53] [run_formula] Running formula qspiflash_qflexpress_divfive-p064 with K=36 up to limit 1600
[2025-12-12 08:13:53] [generate_cnf] Generating formula qspiflash_qflexpress_divfive-p064 with K=37
[2025-12-12 08:13:54] [run_formula] Running formula qspiflash_qflexpress_divfive-p064 with K=37 up to limit 1600
[2025-12-12 08:13:54] [generate_cnf] Generating formula qspiflash_qflexpress_divfive-p064 with K=38
[2025-12-12 08:13:54] [run_formula] Running formula qspiflash_qflexpress_divfive-p064 with K=38 up to limit 1600
[2025-12-12 08:13:55] [generate_cnf] Generating formula qspiflash_qflexpress_divfive-p064 with K=39
[2025-12-12 08:13:55] [run_formula] Running formula qspiflash_qflexpress_divfive-p064 with K=39 up to limit 1600
[2025-12-12 08:13:56] [generate_cnf] Generating formula qspiflash_qflexpress_divfive-p064 with K=40
[2025-12-12 08:13:56] [run_formula] Running formula qspiflash_qflexpress_divfive-p064 with K=40 up to limit 1600
[2025-12-12 08:13:57] [generate_cnf] Generating formula qspiflash_qflexpress_divfive-p064 with K=41
[2025-12-12 08:13:57] [run_formula] Running formula qspiflash_qflexpress_divfive-p064 with K=41 up to limit 1600
[2025-12-12 08:13:58] [generate_cnf] Generating formula qspiflash_qflexpress_divfive-p064 with K=42
[2025-12-12 08:13:58] [run_formula] Running formula qspiflash_qflexpress_divfive-p064 with K=42 up to limit 1600
[2025-12-12 08:13:59] [generate_cnf] Generating formula qspiflash_qflexpress_divfive-p064 with K=43
[2025-12-12 08:13:59] [run_formula] Running formula qspiflash_qflexpress_divfive-p064 with K=43 up to limit 1600
[2025-12-12 08:14:00] [generate_cnf] Generating formula qspiflash_qflexpress_divfive-p064 with K=44
[2025-12-12 08:14:00] [run_formula] Running formula qspiflash_qflexpress_divfive-p064 with K=44 up to limit 1600
[2025-12-12 08:14:01] [generate_cnf] Generating formula qspiflash_qflexpress_divfive-p064 with K=45
[2025-12-12 08:14:01] [run_formula] Running formula qspiflash_qflexpress_divfive-p064 with K=45 up to limit 1600
[2025-12-12 08:14:02] [generate_cnf] Generating formula qspiflash_qflexpress_divfive-p064 with K=46
[2025-12-12 08:14:02] [run_formula] Running formula qspiflash_qflexpress_divfive-p064 with K=46 up to limit 1600
[2025-12-12 08:14:03] [generate_cnf] Generating formula qspiflash_qflexpress_divfive-p064 with K=47
[2025-12-12 08:14:03] [run_formula] Running formula qspiflash_qflexpress_divfive-p064 with K=47 up to limit 1600
[2025-12-12 08:14:04] [generate_cnf] Generating formula qspiflash_qflexpress_divfive-p064 with K=48
[2025-12-12 08:14:04] [run_formula] Running formula qspiflash_qflexpress_divfive-p064 with K=48 up to limit 1600
[2025-12-12 08:14:05] [generate_cnf] Generating formula qspiflash_qflexpress_divfive-p064 with K=49
[2025-12-12 08:14:06] [run_formula] Running formula qspiflash_qflexpress_divfive-p064 with K=49 up to limit 1600
[2025-12-12 08:14:06] [generate_cnf] Generating formula qspiflash_qflexpress_divfive-p064 with K=50
[2025-12-12 08:14:07] [run_formula] Running formula qspiflash_qflexpress_divfive-p064 with K=50 up to limit 1600
[2025-12-12 08:14:08] [generate_cnf] Generating formula qspiflash_qflexpress_divfive-p064 with K=51
[2025-12-12 08:14:08] [run_formula] Running formula qspiflash_qflexpress_divfive-p064 with K=51 up to limit 1600
[2025-12-12 08:14:09] [generate_cnf] Generating formula qspiflash_qflexpress_divfive-p064 with K=52
[2025-12-12 08:14:09] [run_formula] Running formula qspiflash_qflexpress_divfive-p064 with K=52 up to limit 1600
[2025-12-12 08:14:11] [generate_cnf] Generating formula qspiflash_qflexpress_divfive-p064 with K=53
[2025-12-12 08:14:11] [run_formula] Running formula qspiflash_qflexpress_divfive-p064 with K=53 up to limit 1600
[2025-12-12 08:14:12] [generate_cnf] Generating formula qspiflash_qflexpress_divfive-p064 with K=54
[2025-12-12 08:14:12] [run_formula] Running formula qspiflash_qflexpress_divfive-p064 with K=54 up to limit 1600
[2025-12-12 08:14:13] [generate_cnf] Generating formula qspiflash_qflexpress_divfive-p064 with K=55
[2025-12-12 08:14:15] [run_formula] Running formula qspiflash_qflexpress_divfive-p064 with K=55 up to limit 1600
[2025-12-12 08:14:16] [generate_cnf] Generating formula qspiflash_qflexpress_divfive-p064 with K=56
[2025-12-12 08:14:16] [run_formula] Running formula qspiflash_qflexpress_divfive-p064 with K=56 up to limit 1600
[2025-12-12 08:14:17] [generate_cnf] Generating formula qspiflash_qflexpress_divfive-p064 with K=57
[2025-12-12 08:14:18] [run_formula] Running formula qspiflash_qflexpress_divfive-p064 with K=57 up to limit 1600
[2025-12-12 08:14:19] [generate_cnf] Generating formula qspiflash_qflexpress_divfive-p064 with K=58
[2025-12-12 08:14:19] [run_formula] Running formula qspiflash_qflexpress_divfive-p064 with K=58 up to limit 1600
[2025-12-12 08:14:20] [generate_cnf] Generating formula qspiflash_qflexpress_divfive-p064 with K=59
[2025-12-12 08:14:21] [run_formula] Running formula qspiflash_qflexpress_divfive-p064 with K=59 up to limit 1600
[2025-12-12 08:14:22] [generate_cnf] Generating formula qspiflash_qflexpress_divfive-p064 with K=60
[2025-12-12 08:14:22] [run_formula] Running formula qspiflash_qflexpress_divfive-p064 with K=60 up to limit 1600
[2025-12-12 08:14:23] [generate_cnf] Generating formula qspiflash_qflexpress_divfive-p064 with K=61
[2025-12-12 08:14:24] [run_formula] Running formula qspiflash_qflexpress_divfive-p064 with K=61 up to limit 1600
[2025-12-12 08:14:25] [generate_cnf] Generating formula qspiflash_qflexpress_divfive-p064 with K=62
[2025-12-12 08:14:25] [run_formula] Running formula qspiflash_qflexpress_divfive-p064 with K=62 up to limit 1600
[2025-12-12 08:14:27] [generate_cnf] Generating formula qspiflash_qflexpress_divfive-p064 with K=63
[2025-12-12 08:14:27] [run_formula] Running formula qspiflash_qflexpress_divfive-p064 with K=63 up to limit 1600
[2025-12-12 08:14:28] [generate_cnf] Generating formula qspiflash_qflexpress_divfive-p064 with K=64
[2025-12-12 08:14:29] [run_formula] Running formula qspiflash_qflexpress_divfive-p064 with K=64 up to limit 1600
[2025-12-12 08:14:30] [generate_cnf] Generating formula qspiflash_qflexpress_divfive-p064 with K=65
[2025-12-12 08:14:30] [run_formula] Running formula qspiflash_qflexpress_divfive-p064 with K=65 up to limit 1600
[2025-12-12 08:14:32] [generate_cnf] Generating formula qspiflash_qflexpress_divfive-p064 with K=66
[2025-12-12 08:14:32] [run_formula] Running formula qspiflash_qflexpress_divfive-p064 with K=66 up to limit 1600
[2025-12-12 08:14:34] [generate_cnf] Generating formula qspiflash_qflexpress_divfive-p064 with K=67
[2025-12-12 08:14:34] [run_formula] Running formula qspiflash_qflexpress_divfive-p064 with K=67 up to limit 1600
[2025-12-12 08:14:36] [generate_cnf] Generating formula qspiflash_qflexpress_divfive-p064 with K=68
[2025-12-12 08:14:36] [run_formula] Running formula qspiflash_qflexpress_divfive-p064 with K=68 up to limit 1600
[2025-12-12 08:14:38] [generate_cnf] Generating formula qspiflash_qflexpress_divfive-p064 with K=69
[2025-12-12 08:14:38] [run_formula] Running formula qspiflash_qflexpress_divfive-p064 with K=69 up to limit 1600
[2025-12-12 08:14:40] [generate_cnf] Generating formula qspiflash_qflexpress_divfive-p064 with K=70
[2025-12-12 08:14:40] [run_formula] Running formula qspiflash_qflexpress_divfive-p064 with K=70 up to limit 1600
[2025-12-12 08:14:41] [generate_cnf] Generating formula qspiflash_qflexpress_divfive-p064 with K=71
[2025-12-12 08:14:42] [run_formula] Running formula qspiflash_qflexpress_divfive-p064 with K=71 up to limit 1600
[2025-12-12 08:14:44] [generate_cnf] Generating formula qspiflash_qflexpress_divfive-p064 with K=72
[2025-12-12 08:14:44] [run_formula] Running formula qspiflash_qflexpress_divfive-p064 with K=72 up to limit 1600
[2025-12-12 08:14:46] [generate_cnf] Generating formula qspiflash_qflexpress_divfive-p064 with K=73
[2025-12-12 08:14:46] [run_formula] Running formula qspiflash_qflexpress_divfive-p064 with K=73 up to limit 1600
[2025-12-12 08:14:48] [generate_cnf] Generating formula qspiflash_qflexpress_divfive-p064 with K=74
[2025-12-12 08:14:48] [run_formula] Running formula qspiflash_qflexpress_divfive-p064 with K=74 up to limit 1600
[2025-12-12 08:14:50] [generate_cnf] Generating formula qspiflash_qflexpress_divfive-p064 with K=75
[2025-12-12 08:14:51] [run_formula] Running formula qspiflash_qflexpress_divfive-p064 with K=75 up to limit 1600
[2025-12-12 08:14:53] [generate_cnf] Generating formula qspiflash_qflexpress_divfive-p064 with K=76
[2025-12-12 08:14:53] [run_formula] Running formula qspiflash_qflexpress_divfive-p064 with K=76 up to limit 1600
[2025-12-12 08:14:55] [generate_cnf] Generating formula qspiflash_qflexpress_divfive-p064 with K=77
[2025-12-12 08:14:56] [run_formula] Running formula qspiflash_qflexpress_divfive-p064 with K=77 up to limit 1600
[2025-12-12 08:14:58] [generate_cnf] Generating formula qspiflash_qflexpress_divfive-p064 with K=78
[2025-12-12 08:14:58] [run_formula] Running formula qspiflash_qflexpress_divfive-p064 with K=78 up to limit 1600
[2025-12-12 08:15:00] [generate_cnf] Generating formula qspiflash_qflexpress_divfive-p064 with K=79
[2025-12-12 08:15:01] [run_formula] Running formula qspiflash_qflexpress_divfive-p064 with K=79 up to limit 1600
[2025-12-12 08:15:03] [generate_cnf] Generating formula qspiflash_qflexpress_divfive-p064 with K=80
[2025-12-12 08:15:03] [run_formula] Running formula qspiflash_qflexpress_divfive-p064 with K=80 up to limit 1600
[2025-12-12 08:15:05] [generate_cnf] Generating formula qspiflash_qflexpress_divfive-p064 with K=81
[2025-12-12 08:15:06] [run_formula] Running formula qspiflash_qflexpress_divfive-p064 with K=81 up to limit 1600
[2025-12-12 08:15:08] [generate_cnf] Generating formula qspiflash_qflexpress_divfive-p064 with K=82
[2025-12-12 08:15:09] [run_formula] Running formula qspiflash_qflexpress_divfive-p064 with K=82 up to limit 1600
[2025-12-12 08:15:12] [generate_cnf] Generating formula qspiflash_qflexpress_divfive-p064 with K=83
[2025-12-12 08:15:12] [run_formula] Running formula qspiflash_qflexpress_divfive-p064 with K=83 up to limit 1600
[2025-12-12 08:15:15] [generate_cnf] Generating formula qspiflash_qflexpress_divfive-p064 with K=84
[2025-12-12 08:15:15] [run_formula] Running formula qspiflash_qflexpress_divfive-p064 with K=84 up to limit 1600
[2025-12-12 08:15:18] [generate_cnf] Generating formula qspiflash_qflexpress_divfive-p064 with K=85
[2025-12-12 08:15:19] [run_formula] Running formula qspiflash_qflexpress_divfive-p064 with K=85 up to limit 1600
[2025-12-12 08:15:22] [generate_cnf] Generating formula qspiflash_qflexpress_divfive-p064 with K=86
[2025-12-12 08:15:22] [run_formula] Running formula qspiflash_qflexpress_divfive-p064 with K=86 up to limit 1600
[2025-12-12 08:15:25] [generate_cnf] Generating formula qspiflash_qflexpress_divfive-p064 with K=87
[2025-12-12 08:15:25] [run_formula] Running formula qspiflash_qflexpress_divfive-p064 with K=87 up to limit 1600
[2025-12-12 08:15:28] [generate_cnf] Generating formula qspiflash_qflexpress_divfive-p064 with K=88
[2025-12-12 08:15:28] [run_formula] Running formula qspiflash_qflexpress_divfive-p064 with K=88 up to limit 1600
[2025-12-12 08:15:31] [generate_cnf] Generating formula qspiflash_qflexpress_divfive-p064 with K=89
[2025-12-12 08:15:32] [run_formula] Running formula qspiflash_qflexpress_divfive-p064 with K=89 up to limit 1600
[2025-12-12 08:15:34] [generate_cnf] Generating formula qspiflash_qflexpress_divfive-p064 with K=90
[2025-12-12 08:15:35] [run_formula] Running formula qspiflash_qflexpress_divfive-p064 with K=90 up to limit 1600
[2025-12-12 08:15:37] [generate_cnf] Generating formula qspiflash_qflexpress_divfive-p064 with K=91
[2025-12-12 08:15:38] [run_formula] Running formula qspiflash_qflexpress_divfive-p064 with K=91 up to limit 1600
[2025-12-12 08:15:41] [generate_cnf] Generating formula qspiflash_qflexpress_divfive-p064 with K=92
[2025-12-12 08:15:41] [run_formula] Running formula qspiflash_qflexpress_divfive-p064 with K=92 up to limit 1600
[2025-12-12 08:15:45] [generate_cnf] Generating formula qspiflash_qflexpress_divfive-p064 with K=93
[2025-12-12 08:15:45] [run_formula] Running formula qspiflash_qflexpress_divfive-p064 with K=93 up to limit 1600
[2025-12-12 08:15:48] [generate_cnf] Generating formula qspiflash_qflexpress_divfive-p064 with K=94
[2025-12-12 08:15:48] [run_formula] Running formula qspiflash_qflexpress_divfive-p064 with K=94 up to limit 1600
[2025-12-12 08:15:51] [generate_cnf] Generating formula qspiflash_qflexpress_divfive-p064 with K=95
[2025-12-12 08:15:52] [run_formula] Running formula qspiflash_qflexpress_divfive-p064 with K=95 up to limit 1600
[2025-12-12 08:15:55] [generate_cnf] Generating formula qspiflash_qflexpress_divfive-p064 with K=96
[2025-12-12 08:15:56] [run_formula] Running formula qspiflash_qflexpress_divfive-p064 with K=96 up to limit 1600
[2025-12-12 08:16:00] [generate_cnf] Generating formula qspiflash_qflexpress_divfive-p064 with K=97
[2025-12-12 08:16:00] [run_formula] Running formula qspiflash_qflexpress_divfive-p064 with K=97 up to limit 1600
[2025-12-12 08:16:03] [generate_cnf] Generating formula qspiflash_qflexpress_divfive-p064 with K=98
[2025-12-12 08:16:04] [run_formula] Running formula qspiflash_qflexpress_divfive-p064 with K=98 up to limit 1600
[2025-12-12 08:16:07] [generate_cnf] Generating formula qspiflash_qflexpress_divfive-p064 with K=99
[2025-12-12 08:16:08] [run_formula] Running formula qspiflash_qflexpress_divfive-p064 with K=99 up to limit 1600
[2025-12-12 08:16:12] [generate_cnf] Generating formula qspiflash_qflexpress_divfive-p064 with K=100
[2025-12-12 08:16:13] [run_formula] Running formula qspiflash_qflexpress_divfive-p064 with K=100 up to limit 1600
[2025-12-12 08:16:16] [generate_cnf] Generating formula qspiflash_qflexpress_divfive-p064 with K=101
[2025-12-12 08:16:17] [run_formula] Running formula qspiflash_qflexpress_divfive-p064 with K=101 up to limit 1600
[2025-12-12 08:16:21] [generate_cnf] Generating formula qspiflash_qflexpress_divfive-p064 with K=102
[2025-12-12 08:16:21] [run_formula] Running formula qspiflash_qflexpress_divfive-p064 with K=102 up to limit 1600
[2025-12-12 08:16:25] [generate_cnf] Generating formula qspiflash_qflexpress_divfive-p064 with K=103
[2025-12-12 08:16:26] [run_formula] Running formula qspiflash_qflexpress_divfive-p064 with K=103 up to limit 1600
[2025-12-12 08:16:29] [generate_cnf] Generating formula qspiflash_qflexpress_divfive-p064 with K=104
[2025-12-12 08:16:30] [run_formula] Running formula qspiflash_qflexpress_divfive-p064 with K=104 up to limit 1600
[2025-12-12 08:16:34] [generate_cnf] Generating formula qspiflash_qflexpress_divfive-p064 with K=105
[2025-12-12 08:16:34] [run_formula] Running formula qspiflash_qflexpress_divfive-p064 with K=105 up to limit 1600
[2025-12-12 08:16:38] [generate_cnf] Generating formula qspiflash_qflexpress_divfive-p064 with K=106
[2025-12-12 08:16:39] [run_formula] Running formula qspiflash_qflexpress_divfive-p064 with K=106 up to limit 1600
[2025-12-12 08:16:43] [generate_cnf] Generating formula qspiflash_qflexpress_divfive-p064 with K=107
[2025-12-12 08:16:44] [run_formula] Running formula qspiflash_qflexpress_divfive-p064 with K=107 up to limit 1600
[2025-12-12 08:16:48] [generate_cnf] Generating formula qspiflash_qflexpress_divfive-p064 with K=108
[2025-12-12 08:16:49] [run_formula] Running formula qspiflash_qflexpress_divfive-p064 with K=108 up to limit 1600
[2025-12-12 08:16:54] [generate_cnf] Generating formula qspiflash_qflexpress_divfive-p064 with K=109
[2025-12-12 08:16:54] [run_formula] Running formula qspiflash_qflexpress_divfive-p064 with K=109 up to limit 1600
[2025-12-12 08:16:59] [generate_cnf] Generating formula qspiflash_qflexpress_divfive-p064 with K=110
[2025-12-12 08:16:59] [run_formula] Running formula qspiflash_qflexpress_divfive-p064 with K=110 up to limit 1600
[2025-12-12 08:17:05] [generate_cnf] Generating formula qspiflash_qflexpress_divfive-p064 with K=111
[2025-12-12 08:17:06] [run_formula] Running formula qspiflash_qflexpress_divfive-p064 with K=111 up to limit 1600
[2025-12-12 08:17:11] [generate_cnf] Generating formula qspiflash_qflexpress_divfive-p064 with K=112
[2025-12-12 08:17:11] [run_formula] Running formula qspiflash_qflexpress_divfive-p064 with K=112 up to limit 1600
[2025-12-12 08:17:16] [generate_cnf] Generating formula qspiflash_qflexpress_divfive-p064 with K=113
[2025-12-12 08:17:17] [run_formula] Running formula qspiflash_qflexpress_divfive-p064 with K=113 up to limit 1600
[2025-12-12 08:17:21] [generate_cnf] Generating formula qspiflash_qflexpress_divfive-p064 with K=114
[2025-12-12 08:17:22] [run_formula] Running formula qspiflash_qflexpress_divfive-p064 with K=114 up to limit 1600
[2025-12-12 08:17:27] [generate_cnf] Generating formula qspiflash_qflexpress_divfive-p064 with K=115
[2025-12-12 08:17:27] [run_formula] Running formula qspiflash_qflexpress_divfive-p064 with K=115 up to limit 1600
[2025-12-12 08:17:32] [generate_cnf] Generating formula qspiflash_qflexpress_divfive-p064 with K=116
[2025-12-12 08:17:33] [run_formula] Running formula qspiflash_qflexpress_divfive-p064 with K=116 up to limit 1600
[2025-12-12 08:17:38] [generate_cnf] Generating formula qspiflash_qflexpress_divfive-p064 with K=117
[2025-12-12 08:17:38] [run_formula] Running formula qspiflash_qflexpress_divfive-p064 with K=117 up to limit 1600
[2025-12-12 08:17:44] [generate_cnf] Generating formula qspiflash_qflexpress_divfive-p064 with K=118
[2025-12-12 08:17:45] [run_formula] Running formula qspiflash_qflexpress_divfive-p064 with K=118 up to limit 1600
[2025-12-12 08:17:49] [generate_cnf] Generating formula qspiflash_qflexpress_divfive-p064 with K=119
[2025-12-12 08:17:50] [run_formula] Running formula qspiflash_qflexpress_divfive-p064 with K=119 up to limit 1600
[2025-12-12 08:17:55] [generate_cnf] Generating formula qspiflash_qflexpress_divfive-p064 with K=120
[2025-12-12 08:17:55] [run_formula] Running formula qspiflash_qflexpress_divfive-p064 with K=120 up to limit 1600
[2025-12-12 08:18:00] [generate_cnf] Generating formula qspiflash_qflexpress_divfive-p064 with K=121
[2025-12-12 08:18:01] [run_formula] Running formula qspiflash_qflexpress_divfive-p064 with K=121 up to limit 1600
[2025-12-12 08:18:06] [generate_cnf] Generating formula qspiflash_qflexpress_divfive-p064 with K=122
[2025-12-12 08:18:06] [run_formula] Running formula qspiflash_qflexpress_divfive-p064 with K=122 up to limit 1600
[2025-12-12 08:18:11] [generate_cnf] Generating formula qspiflash_qflexpress_divfive-p064 with K=123
[2025-12-12 08:18:12] [run_formula] Running formula qspiflash_qflexpress_divfive-p064 with K=123 up to limit 1600
[2025-12-12 08:18:18] [generate_cnf] Generating formula qspiflash_qflexpress_divfive-p064 with K=124
[2025-12-12 08:18:19] [run_formula] Running formula qspiflash_qflexpress_divfive-p064 with K=124 up to limit 1600
[2025-12-12 08:18:25] [generate_cnf] Generating formula qspiflash_qflexpress_divfive-p064 with K=125
[2025-12-12 08:18:25] [run_formula] Running formula qspiflash_qflexpress_divfive-p064 with K=125 up to limit 1600
[2025-12-12 08:18:31] [generate_cnf] Generating formula qspiflash_qflexpress_divfive-p064 with K=126
[2025-12-12 08:18:32] [run_formula] Running formula qspiflash_qflexpress_divfive-p064 with K=126 up to limit 1600
[2025-12-12 08:18:38] [generate_cnf] Generating formula qspiflash_qflexpress_divfive-p064 with K=127
[2025-12-12 08:18:38] [run_formula] Running formula qspiflash_qflexpress_divfive-p064 with K=127 up to limit 1600
[2025-12-12 08:18:45] [generate_cnf] Generating formula qspiflash_qflexpress_divfive-p064 with K=128
[2025-12-12 08:18:46] [run_formula] Running formula qspiflash_qflexpress_divfive-p064 with K=128 up to limit 1600
[2025-12-12 08:18:51] [generate_cnf] Generating formula qspiflash_qflexpress_divfive-p064 with K=129
[2025-12-12 08:18:52] [run_formula] Running formula qspiflash_qflexpress_divfive-p064 with K=129 up to limit 1600
[2025-12-12 08:18:57] [generate_cnf] Generating formula qspiflash_qflexpress_divfive-p064 with K=130
[2025-12-12 08:18:57] [run_formula] Running formula qspiflash_qflexpress_divfive-p064 with K=130 up to limit 1600
[2025-12-12 08:19:04] [generate_cnf] Generating formula qspiflash_qflexpress_divfive-p064 with K=131
[2025-12-12 08:19:05] [run_formula] Running formula qspiflash_qflexpress_divfive-p064 with K=131 up to limit 1600
[2025-12-12 08:19:12] [generate_cnf] Generating formula qspiflash_qflexpress_divfive-p064 with K=132
[2025-12-12 08:19:12] [run_formula] Running formula qspiflash_qflexpress_divfive-p064 with K=132 up to limit 1600
[2025-12-12 08:19:18] [generate_cnf] Generating formula qspiflash_qflexpress_divfive-p064 with K=133
[2025-12-12 08:19:18] [run_formula] Running formula qspiflash_qflexpress_divfive-p064 with K=133 up to limit 1600
[2025-12-12 08:19:25] [generate_cnf] Generating formula qspiflash_qflexpress_divfive-p064 with K=134
[2025-12-12 08:19:25] [run_formula] Running formula qspiflash_qflexpress_divfive-p064 with K=134 up to limit 1600
[2025-12-12 08:19:31] [generate_cnf] Generating formula qspiflash_qflexpress_divfive-p064 with K=135
[2025-12-12 08:19:32] [run_formula] Running formula qspiflash_qflexpress_divfive-p064 with K=135 up to limit 1600
[2025-12-12 08:19:38] [generate_cnf] Generating formula qspiflash_qflexpress_divfive-p064 with K=136
[2025-12-12 08:19:39] [run_formula] Running formula qspiflash_qflexpress_divfive-p064 with K=136 up to limit 1600
[2025-12-12 08:19:45] [generate_cnf] Generating formula qspiflash_qflexpress_divfive-p064 with K=137
[2025-12-12 08:19:46] [run_formula] Running formula qspiflash_qflexpress_divfive-p064 with K=137 up to limit 1600
[2025-12-12 08:19:53] [generate_cnf] Generating formula qspiflash_qflexpress_divfive-p064 with K=138
[2025-12-12 08:19:54] [run_formula] Running formula qspiflash_qflexpress_divfive-p064 with K=138 up to limit 1600
[2025-12-12 08:20:00] [generate_cnf] Generating formula qspiflash_qflexpress_divfive-p064 with K=139
[2025-12-12 08:20:01] [run_formula] Running formula qspiflash_qflexpress_divfive-p064 with K=139 up to limit 1600
[2025-12-12 08:20:08] [generate_cnf] Generating formula qspiflash_qflexpress_divfive-p064 with K=140
[2025-12-12 08:20:09] [run_formula] Running formula qspiflash_qflexpress_divfive-p064 with K=140 up to limit 1600
[2025-12-12 08:20:14] [generate_cnf] Generating formula qspiflash_qflexpress_divfive-p064 with K=141
[2025-12-12 08:20:15] [run_formula] Running formula qspiflash_qflexpress_divfive-p064 with K=141 up to limit 1600
[2025-12-12 08:20:22] [generate_cnf] Generating formula qspiflash_qflexpress_divfive-p064 with K=142
[2025-12-12 08:20:23] [run_formula] Running formula qspiflash_qflexpress_divfive-p064 with K=142 up to limit 1600
[2025-12-12 08:20:30] [generate_cnf] Generating formula qspiflash_qflexpress_divfive-p064 with K=143
[2025-12-12 08:20:31] [run_formula] Running formula qspiflash_qflexpress_divfive-p064 with K=143 up to limit 1600
[2025-12-12 08:20:37] [generate_cnf] Generating formula qspiflash_qflexpress_divfive-p064 with K=144
[2025-12-12 08:20:38] [run_formula] Running formula qspiflash_qflexpress_divfive-p064 with K=144 up to limit 1600
[2025-12-12 08:20:44] [generate_cnf] Generating formula qspiflash_qflexpress_divfive-p064 with K=145
[2025-12-12 08:20:45] [run_formula] Running formula qspiflash_qflexpress_divfive-p064 with K=145 up to limit 1600
[2025-12-12 08:20:53] [generate_cnf] Generating formula qspiflash_qflexpress_divfive-p064 with K=146
[2025-12-12 08:20:54] [run_formula] Running formula qspiflash_qflexpress_divfive-p064 with K=146 up to limit 1600
[2025-12-12 08:21:00] [generate_cnf] Generating formula qspiflash_qflexpress_divfive-p064 with K=147
[2025-12-12 08:21:00] [run_formula] Running formula qspiflash_qflexpress_divfive-p064 with K=147 up to limit 1600
[2025-12-12 08:21:09] [generate_cnf] Generating formula qspiflash_qflexpress_divfive-p064 with K=148
[2025-12-12 08:21:10] [run_formula] Running formula qspiflash_qflexpress_divfive-p064 with K=148 up to limit 1600
[2025-12-12 08:21:17] [generate_cnf] Generating formula qspiflash_qflexpress_divfive-p064 with K=149
[2025-12-12 08:21:21] [run_formula] Running formula qspiflash_qflexpress_divfive-p064 with K=149 up to limit 1600
[2025-12-12 08:21:29] [generate_cnf] Generating formula qspiflash_qflexpress_divfive-p064 with K=150
[2025-12-12 08:21:30] [run_formula] Running formula qspiflash_qflexpress_divfive-p064 with K=150 up to limit 1600
[2025-12-12 08:21:39] [generate_cnf] Generating formula qspiflash_qflexpress_divfive-p064 with K=151
[2025-12-12 08:21:40] [run_formula] Running formula qspiflash_qflexpress_divfive-p064 with K=151 up to limit 1600
[2025-12-12 08:21:49] [generate_cnf] Generating formula qspiflash_qflexpress_divfive-p064 with K=152
[2025-12-12 08:21:50] [run_formula] Running formula qspiflash_qflexpress_divfive-p064 with K=152 up to limit 1600
[2025-12-12 08:21:59] [generate_cnf] Generating formula qspiflash_qflexpress_divfive-p064 with K=153
[2025-12-12 08:21:59] [run_formula] Running formula qspiflash_qflexpress_divfive-p064 with K=153 up to limit 1600
[2025-12-12 08:22:08] [generate_cnf] Generating formula qspiflash_qflexpress_divfive-p064 with K=154
[2025-12-12 08:22:09] [run_formula] Running formula qspiflash_qflexpress_divfive-p064 with K=154 up to limit 1600
[2025-12-12 08:22:18] [generate_cnf] Generating formula qspiflash_qflexpress_divfive-p064 with K=155
[2025-12-12 08:22:18] [run_formula] Running formula qspiflash_qflexpress_divfive-p064 with K=155 up to limit 1600
[2025-12-12 08:22:26] [generate_cnf] Generating formula qspiflash_qflexpress_divfive-p064 with K=156
[2025-12-12 08:22:27] [run_formula] Running formula qspiflash_qflexpress_divfive-p064 with K=156 up to limit 1600
[2025-12-12 08:22:34] [generate_cnf] Generating formula qspiflash_qflexpress_divfive-p064 with K=157
[2025-12-12 08:22:34] [run_formula] Running formula qspiflash_qflexpress_divfive-p064 with K=157 up to limit 1600
[2025-12-12 08:22:42] [generate_cnf] Generating formula qspiflash_qflexpress_divfive-p064 with K=158
[2025-12-12 08:22:43] [run_formula] Running formula qspiflash_qflexpress_divfive-p064 with K=158 up to limit 1600
[2025-12-12 08:22:52] [generate_cnf] Generating formula qspiflash_qflexpress_divfive-p064 with K=159
[2025-12-12 08:22:52] [run_formula] Running formula qspiflash_qflexpress_divfive-p064 with K=159 up to limit 1600
[2025-12-12 08:23:01] [generate_cnf] Generating formula qspiflash_qflexpress_divfive-p064 with K=160
[2025-12-12 08:23:02] [run_formula] Running formula qspiflash_qflexpress_divfive-p064 with K=160 up to limit 1600
[2025-12-12 08:23:11] [generate_cnf] Generating formula qspiflash_qflexpress_divfive-p064 with K=161
[2025-12-12 08:23:12] [run_formula] Running formula qspiflash_qflexpress_divfive-p064 with K=161 up to limit 1600
[2025-12-12 08:23:21] [generate_cnf] Generating formula qspiflash_qflexpress_divfive-p064 with K=162
[2025-12-12 08:23:22] [run_formula] Running formula qspiflash_qflexpress_divfive-p064 with K=162 up to limit 1600
[2025-12-12 08:23:31] [generate_cnf] Generating formula qspiflash_qflexpress_divfive-p064 with K=163
[2025-12-12 08:23:32] [run_formula] Running formula qspiflash_qflexpress_divfive-p064 with K=163 up to limit 1600
[2025-12-12 08:23:42] [generate_cnf] Generating formula qspiflash_qflexpress_divfive-p064 with K=164
[2025-12-12 08:23:43] [run_formula] Running formula qspiflash_qflexpress_divfive-p064 with K=164 up to limit 1600
[2025-12-12 08:23:55] [generate_cnf] Generating formula qspiflash_qflexpress_divfive-p064 with K=165
[2025-12-12 08:23:56] [run_formula] Running formula qspiflash_qflexpress_divfive-p064 with K=165 up to limit 1600
[2025-12-12 08:24:05] [generate_cnf] Generating formula qspiflash_qflexpress_divfive-p064 with K=166
[2025-12-12 08:24:06] [run_formula] Running formula qspiflash_qflexpress_divfive-p064 with K=166 up to limit 1600
[2025-12-12 08:24:17] [generate_cnf] Generating formula qspiflash_qflexpress_divfive-p064 with K=167
[2025-12-12 08:24:18] [run_formula] Running formula qspiflash_qflexpress_divfive-p064 with K=167 up to limit 1600
[2025-12-12 08:24:27] [generate_cnf] Generating formula qspiflash_qflexpress_divfive-p064 with K=168
[2025-12-12 08:24:28] [run_formula] Running formula qspiflash_qflexpress_divfive-p064 with K=168 up to limit 1600
[2025-12-12 08:24:37] [generate_cnf] Generating formula qspiflash_qflexpress_divfive-p064 with K=169
[2025-12-12 08:24:38] [run_formula] Running formula qspiflash_qflexpress_divfive-p064 with K=169 up to limit 1600
[2025-12-12 08:24:48] [generate_cnf] Generating formula qspiflash_qflexpress_divfive-p064 with K=170
[2025-12-12 08:24:49] [run_formula] Running formula qspiflash_qflexpress_divfive-p064 with K=170 up to limit 1600
[2025-12-12 08:24:59] [generate_cnf] Generating formula qspiflash_qflexpress_divfive-p064 with K=171
[2025-12-12 08:25:00] [run_formula] Running formula qspiflash_qflexpress_divfive-p064 with K=171 up to limit 1600
[2025-12-12 08:25:09] [generate_cnf] Generating formula qspiflash_qflexpress_divfive-p064 with K=172
[2025-12-12 08:25:10] [run_formula] Running formula qspiflash_qflexpress_divfive-p064 with K=172 up to limit 1600
[2025-12-12 08:25:22] [generate_cnf] Generating formula qspiflash_qflexpress_divfive-p064 with K=173
[2025-12-12 08:25:23] [run_formula] Running formula qspiflash_qflexpress_divfive-p064 with K=173 up to limit 1600
[2025-12-12 08:25:35] [generate_cnf] Generating formula qspiflash_qflexpress_divfive-p064 with K=174
[2025-12-12 08:25:36] [run_formula] Running formula qspiflash_qflexpress_divfive-p064 with K=174 up to limit 1600
[2025-12-12 08:25:46] [generate_cnf] Generating formula qspiflash_qflexpress_divfive-p064 with K=175
[2025-12-12 08:25:47] [run_formula] Running formula qspiflash_qflexpress_divfive-p064 with K=175 up to limit 1600
[2025-12-12 08:25:58] [generate_cnf] Generating formula qspiflash_qflexpress_divfive-p064 with K=176
[2025-12-12 08:25:59] [run_formula] Running formula qspiflash_qflexpress_divfive-p064 with K=176 up to limit 1600
[2025-12-12 08:26:09] [generate_cnf] Generating formula qspiflash_qflexpress_divfive-p064 with K=177
[2025-12-12 08:26:10] [run_formula] Running formula qspiflash_qflexpress_divfive-p064 with K=177 up to limit 1600
[2025-12-12 08:26:20] [generate_cnf] Generating formula qspiflash_qflexpress_divfive-p064 with K=178
[2025-12-12 08:26:21] [run_formula] Running formula qspiflash_qflexpress_divfive-p064 with K=178 up to limit 1600
[2025-12-12 08:26:32] [generate_cnf] Generating formula qspiflash_qflexpress_divfive-p064 with K=179
[2025-12-12 08:26:33] [run_formula] Running formula qspiflash_qflexpress_divfive-p064 with K=179 up to limit 1600
[2025-12-12 08:26:45] [generate_cnf] Generating formula qspiflash_qflexpress_divfive-p064 with K=180
[2025-12-12 08:26:46] [run_formula] Running formula qspiflash_qflexpress_divfive-p064 with K=180 up to limit 1600
[2025-12-12 08:26:56] [generate_cnf] Generating formula qspiflash_qflexpress_divfive-p064 with K=181
[2025-12-12 08:26:57] [run_formula] Running formula qspiflash_qflexpress_divfive-p064 with K=181 up to limit 1600
[2025-12-12 08:27:08] [generate_cnf] Generating formula qspiflash_qflexpress_divfive-p064 with K=182
[2025-12-12 08:27:09] [run_formula] Running formula qspiflash_qflexpress_divfive-p064 with K=182 up to limit 1600
[2025-12-12 08:27:23] [generate_cnf] Generating formula qspiflash_qflexpress_divfive-p064 with K=183
[2025-12-12 08:27:24] [run_formula] Running formula qspiflash_qflexpress_divfive-p064 with K=183 up to limit 1600
[2025-12-12 08:27:34] [generate_cnf] Generating formula qspiflash_qflexpress_divfive-p064 with K=184
[2025-12-12 08:27:35] [run_formula] Running formula qspiflash_qflexpress_divfive-p064 with K=184 up to limit 1600
[2025-12-12 08:27:45] [generate_cnf] Generating formula qspiflash_qflexpress_divfive-p064 with K=185
[2025-12-12 08:27:46] [run_formula] Running formula qspiflash_qflexpress_divfive-p064 with K=185 up to limit 1600
[2025-12-12 08:28:00] [run_formula] Error running formula qspiflash_qflexpress_divfive-p064 with K=185: [Errno 122] Disk quota exceeded: './results/solving_logs/qspiflash_qflexpress_divfive-p064//qspiflash_qflexpress_divfive-p064.185.log'
[2025-12-12 08:28:00] [generate_and_run_up_to_limit] Failed to run formula qspiflash_qflexpress_divfive-p064 with K=185, halting
