CNF written.
CNF written.
CNF written.
CNF written.
CNF written.
CNF written.
CNF written.
CNF written.
CNF written.
CNF written.
CNF written.
CNF written.
CNF written.
CNF written.
CNF written.
CNF written.
CNF written.
CNF written.
CNF written.
CNF written.
CNF written.
CNF written.
CNF written.
CNF written.
CNF written.
CNF written.
CNF written.
CNF written.
CNF written.
CNF written.
CNF written.
CNF written.
CNF written.
CNF written.
CNF written.
CNF written.
CNF written.
CNF written.
CNF written.
CNF written.
CNF written.
CNF written.
CNF written.
CNF written.
CNF written.
CNF written.
CNF written.
CNF written.
CNF written.
CNF written.
CNF written.
CNF written.
CNF written.
CNF written.
CNF written.
CNF written.
CNF written.
CNF written.
CNF written.
CNF written.
CNF written.
CNF written.
CNF written.
CNF written.
CNF written.
CNF written.
CNF written.
CNF written.
CNF written.
CNF written.
CNF written.
CNF written.
CNF written.
CNF written.
CNF written.
CNF written.
CNF written.
CNF written.
CNF written.
CNF written.
CNF written.
CNF written.
CNF written.
CNF written.
CNF written.
CNF written.
CNF written.
CNF written.
CNF written.
CNF written.
CNF written.
CNF written.
CNF written.
CNF written.
CNF written.
CNF written.
CNF written.
CNF written.
CNF written.
CNF written.
CNF written.
CNF written.
CNF written.
CNF written.
CNF written.
CNF written.
CNF written.
CNF written.
CNF written.
CNF written.
CNF written.
CNF written.
CNF written.
CNF written.
CNF written.
CNF written.
CNF written.
CNF written.
CNF written.
CNF written.
CNF written.
CNF written.
CNF written.
CNF written.
CNF written.
CNF written.
CNF written.
CNF written.
CNF written.
CNF written.
CNF written.
CNF written.
CNF written.
CNF written.
CNF written.
CNF written.
CNF written.
CNF written.
CNF written.
CNF written.
CNF written.
CNF written.
CNF written.
CNF written.
CNF written.
CNF written.
CNF written.
CNF written.
CNF written.
CNF written.
CNF written.
CNF written.
CNF written.
CNF written.
CNF written.
CNF written.
CNF written.
CNF written.
CNF written.
CNF written.
CNF written.
CNF written.
CNF written.
CNF written.
CNF written.
CNF written.
CNF written.
CNF written.
CNF written.
CNF written.
CNF written.
CNF written.
CNF written.
CNF written.
CNF written.
CNF written.
CNF written.
CNF written.
CNF written.
CNF written.
CNF written.
CNF written.
CNF written.
CNF written.
CNF written.
CNF written.
CNF written.
CNF written.
CNF written.
CNF written.
CNF written.
CNF written.
CNF written.
CNF written.
CNF written.
CNF written.
CNF written.
CNF written.
CNF written.
CNF written.
CNF written.
CNF written.
CNF written.
CNF written.
CNF written.
CNF written.
CNF written.
CNF written.
CNF written.
CNF written.
CNF written.
CNF written.
CNF written.
CNF written.
CNF written.
CNF written.
CNF written.
CNF written.
CNF written.
CNF written.
CNF written.
CNF written.
CNF written.
[2025-12-12 07:17:01] [generate_and_run_up_to_limit] Generating and running qspiflash_dualflexpress_divthree-p106 with K<=500 up to limit 1600
[2025-12-12 07:17:01] [generate_cnf] Generating formula qspiflash_dualflexpress_divthree-p106 with K=1
[2025-12-12 07:17:01] [run_formula] Running formula qspiflash_dualflexpress_divthree-p106 with K=1 up to limit 1600
[2025-12-12 07:17:01] [generate_cnf] Generating formula qspiflash_dualflexpress_divthree-p106 with K=2
[2025-12-12 07:17:01] [run_formula] Running formula qspiflash_dualflexpress_divthree-p106 with K=2 up to limit 1600
[2025-12-12 07:17:01] [generate_cnf] Generating formula qspiflash_dualflexpress_divthree-p106 with K=3
[2025-12-12 07:17:01] [run_formula] Running formula qspiflash_dualflexpress_divthree-p106 with K=3 up to limit 1600
[2025-12-12 07:17:01] [generate_cnf] Generating formula qspiflash_dualflexpress_divthree-p106 with K=4
[2025-12-12 07:17:01] [run_formula] Running formula qspiflash_dualflexpress_divthree-p106 with K=4 up to limit 1600
[2025-12-12 07:17:01] [generate_cnf] Generating formula qspiflash_dualflexpress_divthree-p106 with K=5
[2025-12-12 07:17:01] [run_formula] Running formula qspiflash_dualflexpress_divthree-p106 with K=5 up to limit 1600
[2025-12-12 07:17:01] [generate_cnf] Generating formula qspiflash_dualflexpress_divthree-p106 with K=6
[2025-12-12 07:17:02] [run_formula] Running formula qspiflash_dualflexpress_divthree-p106 with K=6 up to limit 1600
[2025-12-12 07:17:02] [generate_cnf] Generating formula qspiflash_dualflexpress_divthree-p106 with K=7
[2025-12-12 07:17:02] [run_formula] Running formula qspiflash_dualflexpress_divthree-p106 with K=7 up to limit 1600
[2025-12-12 07:17:02] [generate_cnf] Generating formula qspiflash_dualflexpress_divthree-p106 with K=8
[2025-12-12 07:17:02] [run_formula] Running formula qspiflash_dualflexpress_divthree-p106 with K=8 up to limit 1600
[2025-12-12 07:17:02] [generate_cnf] Generating formula qspiflash_dualflexpress_divthree-p106 with K=9
[2025-12-12 07:17:02] [run_formula] Running formula qspiflash_dualflexpress_divthree-p106 with K=9 up to limit 1600
[2025-12-12 07:17:02] [generate_cnf] Generating formula qspiflash_dualflexpress_divthree-p106 with K=10
[2025-12-12 07:17:02] [run_formula] Running formula qspiflash_dualflexpress_divthree-p106 with K=10 up to limit 1600
[2025-12-12 07:17:02] [generate_cnf] Generating formula qspiflash_dualflexpress_divthree-p106 with K=11
[2025-12-12 07:17:02] [run_formula] Running formula qspiflash_dualflexpress_divthree-p106 with K=11 up to limit 1600
[2025-12-12 07:17:02] [generate_cnf] Generating formula qspiflash_dualflexpress_divthree-p106 with K=12
[2025-12-12 07:17:02] [run_formula] Running formula qspiflash_dualflexpress_divthree-p106 with K=12 up to limit 1600
[2025-12-12 07:17:02] [generate_cnf] Generating formula qspiflash_dualflexpress_divthree-p106 with K=13
[2025-12-12 07:17:03] [run_formula] Running formula qspiflash_dualflexpress_divthree-p106 with K=13 up to limit 1600
[2025-12-12 07:17:03] [generate_cnf] Generating formula qspiflash_dualflexpress_divthree-p106 with K=14
[2025-12-12 07:17:03] [run_formula] Running formula qspiflash_dualflexpress_divthree-p106 with K=14 up to limit 1600
[2025-12-12 07:17:03] [generate_cnf] Generating formula qspiflash_dualflexpress_divthree-p106 with K=15
[2025-12-12 07:17:03] [run_formula] Running formula qspiflash_dualflexpress_divthree-p106 with K=15 up to limit 1600
[2025-12-12 07:17:03] [generate_cnf] Generating formula qspiflash_dualflexpress_divthree-p106 with K=16
[2025-12-12 07:17:03] [run_formula] Running formula qspiflash_dualflexpress_divthree-p106 with K=16 up to limit 1600
[2025-12-12 07:17:03] [generate_cnf] Generating formula qspiflash_dualflexpress_divthree-p106 with K=17
[2025-12-12 07:17:03] [run_formula] Running formula qspiflash_dualflexpress_divthree-p106 with K=17 up to limit 1600
[2025-12-12 07:17:03] [generate_cnf] Generating formula qspiflash_dualflexpress_divthree-p106 with K=18
[2025-12-12 07:17:04] [run_formula] Running formula qspiflash_dualflexpress_divthree-p106 with K=18 up to limit 1600
[2025-12-12 07:17:04] [generate_cnf] Generating formula qspiflash_dualflexpress_divthree-p106 with K=19
[2025-12-12 07:17:04] [run_formula] Running formula qspiflash_dualflexpress_divthree-p106 with K=19 up to limit 1600
[2025-12-12 07:17:04] [generate_cnf] Generating formula qspiflash_dualflexpress_divthree-p106 with K=20
[2025-12-12 07:17:04] [run_formula] Running formula qspiflash_dualflexpress_divthree-p106 with K=20 up to limit 1600
[2025-12-12 07:17:04] [generate_cnf] Generating formula qspiflash_dualflexpress_divthree-p106 with K=21
[2025-12-12 07:17:04] [run_formula] Running formula qspiflash_dualflexpress_divthree-p106 with K=21 up to limit 1600
[2025-12-12 07:17:04] [generate_cnf] Generating formula qspiflash_dualflexpress_divthree-p106 with K=22
[2025-12-12 07:17:05] [run_formula] Running formula qspiflash_dualflexpress_divthree-p106 with K=22 up to limit 1600
[2025-12-12 07:17:05] [generate_cnf] Generating formula qspiflash_dualflexpress_divthree-p106 with K=23
[2025-12-12 07:17:05] [run_formula] Running formula qspiflash_dualflexpress_divthree-p106 with K=23 up to limit 1600
[2025-12-12 07:17:05] [generate_cnf] Generating formula qspiflash_dualflexpress_divthree-p106 with K=24
[2025-12-12 07:17:05] [run_formula] Running formula qspiflash_dualflexpress_divthree-p106 with K=24 up to limit 1600
[2025-12-12 07:17:05] [generate_cnf] Generating formula qspiflash_dualflexpress_divthree-p106 with K=25
[2025-12-12 07:17:05] [run_formula] Running formula qspiflash_dualflexpress_divthree-p106 with K=25 up to limit 1600
[2025-12-12 07:17:06] [generate_cnf] Generating formula qspiflash_dualflexpress_divthree-p106 with K=26
[2025-12-12 07:17:07] [run_formula] Running formula qspiflash_dualflexpress_divthree-p106 with K=26 up to limit 1600
[2025-12-12 07:17:07] [generate_cnf] Generating formula qspiflash_dualflexpress_divthree-p106 with K=27
[2025-12-12 07:17:08] [run_formula] Running formula qspiflash_dualflexpress_divthree-p106 with K=27 up to limit 1600
[2025-12-12 07:17:08] [generate_cnf] Generating formula qspiflash_dualflexpress_divthree-p106 with K=28
[2025-12-12 07:17:08] [run_formula] Running formula qspiflash_dualflexpress_divthree-p106 with K=28 up to limit 1600
[2025-12-12 07:17:08] [generate_cnf] Generating formula qspiflash_dualflexpress_divthree-p106 with K=29
[2025-12-12 07:17:08] [run_formula] Running formula qspiflash_dualflexpress_divthree-p106 with K=29 up to limit 1600
[2025-12-12 07:17:08] [generate_cnf] Generating formula qspiflash_dualflexpress_divthree-p106 with K=30
[2025-12-12 07:17:09] [run_formula] Running formula qspiflash_dualflexpress_divthree-p106 with K=30 up to limit 1600
[2025-12-12 07:17:09] [generate_cnf] Generating formula qspiflash_dualflexpress_divthree-p106 with K=31
[2025-12-12 07:17:09] [run_formula] Running formula qspiflash_dualflexpress_divthree-p106 with K=31 up to limit 1600
[2025-12-12 07:17:09] [generate_cnf] Generating formula qspiflash_dualflexpress_divthree-p106 with K=32
[2025-12-12 07:17:09] [run_formula] Running formula qspiflash_dualflexpress_divthree-p106 with K=32 up to limit 1600
[2025-12-12 07:17:10] [generate_cnf] Generating formula qspiflash_dualflexpress_divthree-p106 with K=33
[2025-12-12 07:17:10] [run_formula] Running formula qspiflash_dualflexpress_divthree-p106 with K=33 up to limit 1600
[2025-12-12 07:17:10] [generate_cnf] Generating formula qspiflash_dualflexpress_divthree-p106 with K=34
[2025-12-12 07:17:10] [run_formula] Running formula qspiflash_dualflexpress_divthree-p106 with K=34 up to limit 1600
[2025-12-12 07:17:10] [generate_cnf] Generating formula qspiflash_dualflexpress_divthree-p106 with K=35
[2025-12-12 07:17:11] [run_formula] Running formula qspiflash_dualflexpress_divthree-p106 with K=35 up to limit 1600
[2025-12-12 07:17:11] [generate_cnf] Generating formula qspiflash_dualflexpress_divthree-p106 with K=36
[2025-12-12 07:17:11] [run_formula] Running formula qspiflash_dualflexpress_divthree-p106 with K=36 up to limit 1600
[2025-12-12 07:17:11] [generate_cnf] Generating formula qspiflash_dualflexpress_divthree-p106 with K=37
[2025-12-12 07:17:12] [run_formula] Running formula qspiflash_dualflexpress_divthree-p106 with K=37 up to limit 1600
[2025-12-12 07:17:12] [generate_cnf] Generating formula qspiflash_dualflexpress_divthree-p106 with K=38
[2025-12-12 07:17:12] [run_formula] Running formula qspiflash_dualflexpress_divthree-p106 with K=38 up to limit 1600
[2025-12-12 07:17:13] [generate_cnf] Generating formula qspiflash_dualflexpress_divthree-p106 with K=39
[2025-12-12 07:17:13] [run_formula] Running formula qspiflash_dualflexpress_divthree-p106 with K=39 up to limit 1600
[2025-12-12 07:17:13] [generate_cnf] Generating formula qspiflash_dualflexpress_divthree-p106 with K=40
[2025-12-12 07:17:14] [run_formula] Running formula qspiflash_dualflexpress_divthree-p106 with K=40 up to limit 1600
[2025-12-12 07:17:14] [generate_cnf] Generating formula qspiflash_dualflexpress_divthree-p106 with K=41
[2025-12-12 07:17:14] [run_formula] Running formula qspiflash_dualflexpress_divthree-p106 with K=41 up to limit 1600
[2025-12-12 07:17:14] [generate_cnf] Generating formula qspiflash_dualflexpress_divthree-p106 with K=42
[2025-12-12 07:17:15] [run_formula] Running formula qspiflash_dualflexpress_divthree-p106 with K=42 up to limit 1600
[2025-12-12 07:17:15] [generate_cnf] Generating formula qspiflash_dualflexpress_divthree-p106 with K=43
[2025-12-12 07:17:15] [run_formula] Running formula qspiflash_dualflexpress_divthree-p106 with K=43 up to limit 1600
[2025-12-12 07:17:16] [generate_cnf] Generating formula qspiflash_dualflexpress_divthree-p106 with K=44
[2025-12-12 07:17:16] [run_formula] Running formula qspiflash_dualflexpress_divthree-p106 with K=44 up to limit 1600
[2025-12-12 07:17:16] [generate_cnf] Generating formula qspiflash_dualflexpress_divthree-p106 with K=45
[2025-12-12 07:17:17] [run_formula] Running formula qspiflash_dualflexpress_divthree-p106 with K=45 up to limit 1600
[2025-12-12 07:17:17] [generate_cnf] Generating formula qspiflash_dualflexpress_divthree-p106 with K=46
[2025-12-12 07:17:18] [run_formula] Running formula qspiflash_dualflexpress_divthree-p106 with K=46 up to limit 1600
[2025-12-12 07:17:18] [generate_cnf] Generating formula qspiflash_dualflexpress_divthree-p106 with K=47
[2025-12-12 07:17:18] [run_formula] Running formula qspiflash_dualflexpress_divthree-p106 with K=47 up to limit 1600
[2025-12-12 07:17:19] [generate_cnf] Generating formula qspiflash_dualflexpress_divthree-p106 with K=48
[2025-12-12 07:17:19] [run_formula] Running formula qspiflash_dualflexpress_divthree-p106 with K=48 up to limit 1600
[2025-12-12 07:17:20] [generate_cnf] Generating formula qspiflash_dualflexpress_divthree-p106 with K=49
[2025-12-12 07:17:20] [run_formula] Running formula qspiflash_dualflexpress_divthree-p106 with K=49 up to limit 1600
[2025-12-12 07:17:21] [generate_cnf] Generating formula qspiflash_dualflexpress_divthree-p106 with K=50
[2025-12-12 07:17:21] [run_formula] Running formula qspiflash_dualflexpress_divthree-p106 with K=50 up to limit 1600
[2025-12-12 07:17:21] [generate_cnf] Generating formula qspiflash_dualflexpress_divthree-p106 with K=51
[2025-12-12 07:17:22] [run_formula] Running formula qspiflash_dualflexpress_divthree-p106 with K=51 up to limit 1600
[2025-12-12 07:17:22] [generate_cnf] Generating formula qspiflash_dualflexpress_divthree-p106 with K=52
[2025-12-12 07:17:23] [run_formula] Running formula qspiflash_dualflexpress_divthree-p106 with K=52 up to limit 1600
[2025-12-12 07:17:23] [generate_cnf] Generating formula qspiflash_dualflexpress_divthree-p106 with K=53
[2025-12-12 07:17:24] [run_formula] Running formula qspiflash_dualflexpress_divthree-p106 with K=53 up to limit 1600
[2025-12-12 07:17:24] [generate_cnf] Generating formula qspiflash_dualflexpress_divthree-p106 with K=54
[2025-12-12 07:17:25] [run_formula] Running formula qspiflash_dualflexpress_divthree-p106 with K=54 up to limit 1600
[2025-12-12 07:17:25] [generate_cnf] Generating formula qspiflash_dualflexpress_divthree-p106 with K=55
[2025-12-12 07:17:26] [run_formula] Running formula qspiflash_dualflexpress_divthree-p106 with K=55 up to limit 1600
[2025-12-12 07:17:27] [generate_cnf] Generating formula qspiflash_dualflexpress_divthree-p106 with K=56
[2025-12-12 07:17:27] [run_formula] Running formula qspiflash_dualflexpress_divthree-p106 with K=56 up to limit 1600
[2025-12-12 07:17:28] [generate_cnf] Generating formula qspiflash_dualflexpress_divthree-p106 with K=57
[2025-12-12 07:17:29] [run_formula] Running formula qspiflash_dualflexpress_divthree-p106 with K=57 up to limit 1600
[2025-12-12 07:17:30] [generate_cnf] Generating formula qspiflash_dualflexpress_divthree-p106 with K=58
[2025-12-12 07:17:30] [run_formula] Running formula qspiflash_dualflexpress_divthree-p106 with K=58 up to limit 1600
[2025-12-12 07:17:31] [generate_cnf] Generating formula qspiflash_dualflexpress_divthree-p106 with K=59
[2025-12-12 07:17:31] [run_formula] Running formula qspiflash_dualflexpress_divthree-p106 with K=59 up to limit 1600
[2025-12-12 07:17:32] [generate_cnf] Generating formula qspiflash_dualflexpress_divthree-p106 with K=60
[2025-12-12 07:17:33] [run_formula] Running formula qspiflash_dualflexpress_divthree-p106 with K=60 up to limit 1600
[2025-12-12 07:17:33] [generate_cnf] Generating formula qspiflash_dualflexpress_divthree-p106 with K=61
[2025-12-12 07:17:34] [run_formula] Running formula qspiflash_dualflexpress_divthree-p106 with K=61 up to limit 1600
[2025-12-12 07:17:36] [generate_cnf] Generating formula qspiflash_dualflexpress_divthree-p106 with K=62
[2025-12-12 07:17:36] [run_formula] Running formula qspiflash_dualflexpress_divthree-p106 with K=62 up to limit 1600
[2025-12-12 07:17:37] [generate_cnf] Generating formula qspiflash_dualflexpress_divthree-p106 with K=63
[2025-12-12 07:17:38] [run_formula] Running formula qspiflash_dualflexpress_divthree-p106 with K=63 up to limit 1600
[2025-12-12 07:17:39] [generate_cnf] Generating formula qspiflash_dualflexpress_divthree-p106 with K=64
[2025-12-12 07:17:39] [run_formula] Running formula qspiflash_dualflexpress_divthree-p106 with K=64 up to limit 1600
[2025-12-12 07:17:40] [generate_cnf] Generating formula qspiflash_dualflexpress_divthree-p106 with K=65
[2025-12-12 07:17:40] [run_formula] Running formula qspiflash_dualflexpress_divthree-p106 with K=65 up to limit 1600
[2025-12-12 07:17:43] [generate_cnf] Generating formula qspiflash_dualflexpress_divthree-p106 with K=66
[2025-12-12 07:17:43] [run_formula] Running formula qspiflash_dualflexpress_divthree-p106 with K=66 up to limit 1600
[2025-12-12 07:17:45] [generate_cnf] Generating formula qspiflash_dualflexpress_divthree-p106 with K=67
[2025-12-12 07:17:45] [run_formula] Running formula qspiflash_dualflexpress_divthree-p106 with K=67 up to limit 1600
[2025-12-12 07:17:47] [generate_cnf] Generating formula qspiflash_dualflexpress_divthree-p106 with K=68
[2025-12-12 07:17:47] [run_formula] Running formula qspiflash_dualflexpress_divthree-p106 with K=68 up to limit 1600
[2025-12-12 07:17:49] [generate_cnf] Generating formula qspiflash_dualflexpress_divthree-p106 with K=69
[2025-12-12 07:17:50] [run_formula] Running formula qspiflash_dualflexpress_divthree-p106 with K=69 up to limit 1600
[2025-12-12 07:17:53] [generate_cnf] Generating formula qspiflash_dualflexpress_divthree-p106 with K=70
[2025-12-12 07:17:53] [run_formula] Running formula qspiflash_dualflexpress_divthree-p106 with K=70 up to limit 1600
[2025-12-12 07:17:55] [generate_cnf] Generating formula qspiflash_dualflexpress_divthree-p106 with K=71
[2025-12-12 07:17:56] [run_formula] Running formula qspiflash_dualflexpress_divthree-p106 with K=71 up to limit 1600
[2025-12-12 07:17:58] [generate_cnf] Generating formula qspiflash_dualflexpress_divthree-p106 with K=72
[2025-12-12 07:17:59] [run_formula] Running formula qspiflash_dualflexpress_divthree-p106 with K=72 up to limit 1600
[2025-12-12 07:18:01] [generate_cnf] Generating formula qspiflash_dualflexpress_divthree-p106 with K=73
[2025-12-12 07:18:02] [run_formula] Running formula qspiflash_dualflexpress_divthree-p106 with K=73 up to limit 1600
[2025-12-12 07:18:04] [generate_cnf] Generating formula qspiflash_dualflexpress_divthree-p106 with K=74
[2025-12-12 07:18:04] [run_formula] Running formula qspiflash_dualflexpress_divthree-p106 with K=74 up to limit 1600
[2025-12-12 07:18:07] [generate_cnf] Generating formula qspiflash_dualflexpress_divthree-p106 with K=75
[2025-12-12 07:18:07] [run_formula] Running formula qspiflash_dualflexpress_divthree-p106 with K=75 up to limit 1600
[2025-12-12 07:18:11] [generate_cnf] Generating formula qspiflash_dualflexpress_divthree-p106 with K=76
[2025-12-12 07:18:12] [run_formula] Running formula qspiflash_dualflexpress_divthree-p106 with K=76 up to limit 1600
[2025-12-12 07:18:15] [generate_cnf] Generating formula qspiflash_dualflexpress_divthree-p106 with K=77
[2025-12-12 07:18:15] [run_formula] Running formula qspiflash_dualflexpress_divthree-p106 with K=77 up to limit 1600
[2025-12-12 07:18:19] [generate_cnf] Generating formula qspiflash_dualflexpress_divthree-p106 with K=78
[2025-12-12 07:18:20] [run_formula] Running formula qspiflash_dualflexpress_divthree-p106 with K=78 up to limit 1600
[2025-12-12 07:18:24] [generate_cnf] Generating formula qspiflash_dualflexpress_divthree-p106 with K=79
[2025-12-12 07:18:25] [run_formula] Running formula qspiflash_dualflexpress_divthree-p106 with K=79 up to limit 1600
[2025-12-12 07:18:28] [generate_cnf] Generating formula qspiflash_dualflexpress_divthree-p106 with K=80
[2025-12-12 07:18:29] [run_formula] Running formula qspiflash_dualflexpress_divthree-p106 with K=80 up to limit 1600
[2025-12-12 07:18:33] [generate_cnf] Generating formula qspiflash_dualflexpress_divthree-p106 with K=81
[2025-12-12 07:18:33] [run_formula] Running formula qspiflash_dualflexpress_divthree-p106 with K=81 up to limit 1600
[2025-12-12 07:18:36] [generate_cnf] Generating formula qspiflash_dualflexpress_divthree-p106 with K=82
[2025-12-12 07:18:37] [run_formula] Running formula qspiflash_dualflexpress_divthree-p106 with K=82 up to limit 1600
[2025-12-12 07:18:41] [generate_cnf] Generating formula qspiflash_dualflexpress_divthree-p106 with K=83
[2025-12-12 07:18:42] [run_formula] Running formula qspiflash_dualflexpress_divthree-p106 with K=83 up to limit 1600
[2025-12-12 07:18:46] [generate_cnf] Generating formula qspiflash_dualflexpress_divthree-p106 with K=84
[2025-12-12 07:18:47] [run_formula] Running formula qspiflash_dualflexpress_divthree-p106 with K=84 up to limit 1600
[2025-12-12 07:18:49] [generate_cnf] Generating formula qspiflash_dualflexpress_divthree-p106 with K=85
[2025-12-12 07:18:50] [run_formula] Running formula qspiflash_dualflexpress_divthree-p106 with K=85 up to limit 1600
[2025-12-12 07:18:56] [generate_cnf] Generating formula qspiflash_dualflexpress_divthree-p106 with K=86
[2025-12-12 07:18:57] [run_formula] Running formula qspiflash_dualflexpress_divthree-p106 with K=86 up to limit 1600
[2025-12-12 07:19:03] [generate_cnf] Generating formula qspiflash_dualflexpress_divthree-p106 with K=87
[2025-12-12 07:19:04] [run_formula] Running formula qspiflash_dualflexpress_divthree-p106 with K=87 up to limit 1600
[2025-12-12 07:19:08] [generate_cnf] Generating formula qspiflash_dualflexpress_divthree-p106 with K=88
[2025-12-12 07:19:08] [run_formula] Running formula qspiflash_dualflexpress_divthree-p106 with K=88 up to limit 1600
[2025-12-12 07:19:14] [generate_cnf] Generating formula qspiflash_dualflexpress_divthree-p106 with K=89
[2025-12-12 07:19:15] [run_formula] Running formula qspiflash_dualflexpress_divthree-p106 with K=89 up to limit 1600
[2025-12-12 07:19:22] [generate_cnf] Generating formula qspiflash_dualflexpress_divthree-p106 with K=90
[2025-12-12 07:19:23] [run_formula] Running formula qspiflash_dualflexpress_divthree-p106 with K=90 up to limit 1600
[2025-12-12 07:19:28] [generate_cnf] Generating formula qspiflash_dualflexpress_divthree-p106 with K=91
[2025-12-12 07:19:29] [run_formula] Running formula qspiflash_dualflexpress_divthree-p106 with K=91 up to limit 1600
[2025-12-12 07:19:40] [generate_cnf] Generating formula qspiflash_dualflexpress_divthree-p106 with K=92
[2025-12-12 07:19:41] [run_formula] Running formula qspiflash_dualflexpress_divthree-p106 with K=92 up to limit 1600
[2025-12-12 07:19:51] [generate_cnf] Generating formula qspiflash_dualflexpress_divthree-p106 with K=93
[2025-12-12 07:19:52] [run_formula] Running formula qspiflash_dualflexpress_divthree-p106 with K=93 up to limit 1600
[2025-12-12 07:20:04] [generate_cnf] Generating formula qspiflash_dualflexpress_divthree-p106 with K=94
[2025-12-12 07:20:05] [run_formula] Running formula qspiflash_dualflexpress_divthree-p106 with K=94 up to limit 1600
[2025-12-12 07:20:14] [generate_cnf] Generating formula qspiflash_dualflexpress_divthree-p106 with K=95
[2025-12-12 07:20:15] [run_formula] Running formula qspiflash_dualflexpress_divthree-p106 with K=95 up to limit 1600
[2025-12-12 07:20:23] [generate_cnf] Generating formula qspiflash_dualflexpress_divthree-p106 with K=96
[2025-12-12 07:20:24] [run_formula] Running formula qspiflash_dualflexpress_divthree-p106 with K=96 up to limit 1600
[2025-12-12 07:20:31] [generate_cnf] Generating formula qspiflash_dualflexpress_divthree-p106 with K=97
[2025-12-12 07:20:32] [run_formula] Running formula qspiflash_dualflexpress_divthree-p106 with K=97 up to limit 1600
[2025-12-12 07:20:41] [generate_cnf] Generating formula qspiflash_dualflexpress_divthree-p106 with K=98
[2025-12-12 07:20:41] [run_formula] Running formula qspiflash_dualflexpress_divthree-p106 with K=98 up to limit 1600
[2025-12-12 07:20:53] [generate_cnf] Generating formula qspiflash_dualflexpress_divthree-p106 with K=99
[2025-12-12 07:20:54] [run_formula] Running formula qspiflash_dualflexpress_divthree-p106 with K=99 up to limit 1600
[2025-12-12 07:21:01] [generate_cnf] Generating formula qspiflash_dualflexpress_divthree-p106 with K=100
[2025-12-12 07:21:02] [run_formula] Running formula qspiflash_dualflexpress_divthree-p106 with K=100 up to limit 1600
[2025-12-12 07:21:14] [generate_cnf] Generating formula qspiflash_dualflexpress_divthree-p106 with K=101
[2025-12-12 07:21:15] [run_formula] Running formula qspiflash_dualflexpress_divthree-p106 with K=101 up to limit 1600
[2025-12-12 07:21:27] [generate_cnf] Generating formula qspiflash_dualflexpress_divthree-p106 with K=102
[2025-12-12 07:21:28] [run_formula] Running formula qspiflash_dualflexpress_divthree-p106 with K=102 up to limit 1600
[2025-12-12 07:21:41] [generate_cnf] Generating formula qspiflash_dualflexpress_divthree-p106 with K=103
[2025-12-12 07:21:42] [run_formula] Running formula qspiflash_dualflexpress_divthree-p106 with K=103 up to limit 1600
[2025-12-12 07:21:51] [generate_cnf] Generating formula qspiflash_dualflexpress_divthree-p106 with K=104
[2025-12-12 07:21:51] [run_formula] Running formula qspiflash_dualflexpress_divthree-p106 with K=104 up to limit 1600
[2025-12-12 07:22:02] [generate_cnf] Generating formula qspiflash_dualflexpress_divthree-p106 with K=105
[2025-12-12 07:22:03] [run_formula] Running formula qspiflash_dualflexpress_divthree-p106 with K=105 up to limit 1600
[2025-12-12 07:22:15] [generate_cnf] Generating formula qspiflash_dualflexpress_divthree-p106 with K=106
[2025-12-12 07:22:16] [run_formula] Running formula qspiflash_dualflexpress_divthree-p106 with K=106 up to limit 1600
[2025-12-12 07:22:28] [generate_cnf] Generating formula qspiflash_dualflexpress_divthree-p106 with K=107
[2025-12-12 07:22:29] [run_formula] Running formula qspiflash_dualflexpress_divthree-p106 with K=107 up to limit 1600
[2025-12-12 07:22:45] [generate_cnf] Generating formula qspiflash_dualflexpress_divthree-p106 with K=108
[2025-12-12 07:22:46] [run_formula] Running formula qspiflash_dualflexpress_divthree-p106 with K=108 up to limit 1600
[2025-12-12 07:22:53] [generate_cnf] Generating formula qspiflash_dualflexpress_divthree-p106 with K=109
[2025-12-12 07:22:54] [run_formula] Running formula qspiflash_dualflexpress_divthree-p106 with K=109 up to limit 1600
[2025-12-12 07:23:04] [generate_cnf] Generating formula qspiflash_dualflexpress_divthree-p106 with K=110
[2025-12-12 07:23:05] [run_formula] Running formula qspiflash_dualflexpress_divthree-p106 with K=110 up to limit 1600
[2025-12-12 07:23:18] [generate_cnf] Generating formula qspiflash_dualflexpress_divthree-p106 with K=111
[2025-12-12 07:23:19] [run_formula] Running formula qspiflash_dualflexpress_divthree-p106 with K=111 up to limit 1600
[2025-12-12 07:23:37] [generate_cnf] Generating formula qspiflash_dualflexpress_divthree-p106 with K=112
[2025-12-12 07:23:38] [run_formula] Running formula qspiflash_dualflexpress_divthree-p106 with K=112 up to limit 1600
[2025-12-12 07:23:50] [generate_cnf] Generating formula qspiflash_dualflexpress_divthree-p106 with K=113
[2025-12-12 07:23:51] [run_formula] Running formula qspiflash_dualflexpress_divthree-p106 with K=113 up to limit 1600
[2025-12-12 07:24:11] [generate_cnf] Generating formula qspiflash_dualflexpress_divthree-p106 with K=114
[2025-12-12 07:24:12] [run_formula] Running formula qspiflash_dualflexpress_divthree-p106 with K=114 up to limit 1600
[2025-12-12 07:24:18] [generate_cnf] Generating formula qspiflash_dualflexpress_divthree-p106 with K=115
[2025-12-12 07:24:19] [run_formula] Running formula qspiflash_dualflexpress_divthree-p106 with K=115 up to limit 1600
[2025-12-12 07:24:39] [generate_cnf] Generating formula qspiflash_dualflexpress_divthree-p106 with K=116
[2025-12-12 07:24:40] [run_formula] Running formula qspiflash_dualflexpress_divthree-p106 with K=116 up to limit 1600
[2025-12-12 07:24:58] [generate_cnf] Generating formula qspiflash_dualflexpress_divthree-p106 with K=117
[2025-12-12 07:24:59] [run_formula] Running formula qspiflash_dualflexpress_divthree-p106 with K=117 up to limit 1600
[2025-12-12 07:25:18] [generate_cnf] Generating formula qspiflash_dualflexpress_divthree-p106 with K=118
[2025-12-12 07:25:19] [run_formula] Running formula qspiflash_dualflexpress_divthree-p106 with K=118 up to limit 1600
[2025-12-12 07:25:42] [generate_cnf] Generating formula qspiflash_dualflexpress_divthree-p106 with K=119
[2025-12-12 07:25:43] [run_formula] Running formula qspiflash_dualflexpress_divthree-p106 with K=119 up to limit 1600
[2025-12-12 07:26:05] [generate_cnf] Generating formula qspiflash_dualflexpress_divthree-p106 with K=120
[2025-12-12 07:26:06] [run_formula] Running formula qspiflash_dualflexpress_divthree-p106 with K=120 up to limit 1600
[2025-12-12 07:26:13] [generate_cnf] Generating formula qspiflash_dualflexpress_divthree-p106 with K=121
[2025-12-12 07:26:14] [run_formula] Running formula qspiflash_dualflexpress_divthree-p106 with K=121 up to limit 1600
[2025-12-12 07:26:35] [generate_cnf] Generating formula qspiflash_dualflexpress_divthree-p106 with K=122
[2025-12-12 07:26:36] [run_formula] Running formula qspiflash_dualflexpress_divthree-p106 with K=122 up to limit 1600
[2025-12-12 07:27:11] [generate_cnf] Generating formula qspiflash_dualflexpress_divthree-p106 with K=123
[2025-12-12 07:27:12] [run_formula] Running formula qspiflash_dualflexpress_divthree-p106 with K=123 up to limit 1600
[2025-12-12 07:27:24] [generate_cnf] Generating formula qspiflash_dualflexpress_divthree-p106 with K=124
[2025-12-12 07:27:25] [run_formula] Running formula qspiflash_dualflexpress_divthree-p106 with K=124 up to limit 1600
[2025-12-12 07:27:37] [generate_cnf] Generating formula qspiflash_dualflexpress_divthree-p106 with K=125
[2025-12-12 07:27:38] [run_formula] Running formula qspiflash_dualflexpress_divthree-p106 with K=125 up to limit 1600
[2025-12-12 07:27:57] [generate_cnf] Generating formula qspiflash_dualflexpress_divthree-p106 with K=126
[2025-12-12 07:27:58] [run_formula] Running formula qspiflash_dualflexpress_divthree-p106 with K=126 up to limit 1600
[2025-12-12 07:28:12] [generate_cnf] Generating formula qspiflash_dualflexpress_divthree-p106 with K=127
[2025-12-12 07:28:13] [run_formula] Running formula qspiflash_dualflexpress_divthree-p106 with K=127 up to limit 1600
[2025-12-12 07:28:32] [generate_cnf] Generating formula qspiflash_dualflexpress_divthree-p106 with K=128
[2025-12-12 07:28:33] [run_formula] Running formula qspiflash_dualflexpress_divthree-p106 with K=128 up to limit 1600
[2025-12-12 07:28:52] [generate_cnf] Generating formula qspiflash_dualflexpress_divthree-p106 with K=129
[2025-12-12 07:28:53] [run_formula] Running formula qspiflash_dualflexpress_divthree-p106 with K=129 up to limit 1600
[2025-12-12 07:29:15] [generate_cnf] Generating formula qspiflash_dualflexpress_divthree-p106 with K=130
[2025-12-12 07:29:16] [run_formula] Running formula qspiflash_dualflexpress_divthree-p106 with K=130 up to limit 1600
[2025-12-12 07:29:47] [generate_cnf] Generating formula qspiflash_dualflexpress_divthree-p106 with K=131
[2025-12-12 07:29:48] [run_formula] Running formula qspiflash_dualflexpress_divthree-p106 with K=131 up to limit 1600
[2025-12-12 07:30:04] [generate_cnf] Generating formula qspiflash_dualflexpress_divthree-p106 with K=132
[2025-12-12 07:30:05] [run_formula] Running formula qspiflash_dualflexpress_divthree-p106 with K=132 up to limit 1600
[2025-12-12 07:30:15] [generate_cnf] Generating formula qspiflash_dualflexpress_divthree-p106 with K=133
[2025-12-12 07:30:16] [run_formula] Running formula qspiflash_dualflexpress_divthree-p106 with K=133 up to limit 1600
[2025-12-12 07:30:25] [generate_cnf] Generating formula qspiflash_dualflexpress_divthree-p106 with K=134
[2025-12-12 07:30:26] [run_formula] Running formula qspiflash_dualflexpress_divthree-p106 with K=134 up to limit 1600
[2025-12-12 07:30:48] [generate_cnf] Generating formula qspiflash_dualflexpress_divthree-p106 with K=135
[2025-12-12 07:30:49] [run_formula] Running formula qspiflash_dualflexpress_divthree-p106 with K=135 up to limit 1600
[2025-12-12 07:31:14] [generate_cnf] Generating formula qspiflash_dualflexpress_divthree-p106 with K=136
[2025-12-12 07:31:15] [run_formula] Running formula qspiflash_dualflexpress_divthree-p106 with K=136 up to limit 1600
[2025-12-12 07:31:42] [generate_cnf] Generating formula qspiflash_dualflexpress_divthree-p106 with K=137
[2025-12-12 07:31:43] [run_formula] Running formula qspiflash_dualflexpress_divthree-p106 with K=137 up to limit 1600
[2025-12-12 07:32:05] [generate_cnf] Generating formula qspiflash_dualflexpress_divthree-p106 with K=138
[2025-12-12 07:32:06] [run_formula] Running formula qspiflash_dualflexpress_divthree-p106 with K=138 up to limit 1600
[2025-12-12 07:32:34] [generate_cnf] Generating formula qspiflash_dualflexpress_divthree-p106 with K=139
[2025-12-12 07:32:35] [run_formula] Running formula qspiflash_dualflexpress_divthree-p106 with K=139 up to limit 1600
[2025-12-12 07:33:01] [generate_cnf] Generating formula qspiflash_dualflexpress_divthree-p106 with K=140
[2025-12-12 07:33:02] [run_formula] Running formula qspiflash_dualflexpress_divthree-p106 with K=140 up to limit 1600
[2025-12-12 07:33:17] [generate_cnf] Generating formula qspiflash_dualflexpress_divthree-p106 with K=141
[2025-12-12 07:33:18] [run_formula] Running formula qspiflash_dualflexpress_divthree-p106 with K=141 up to limit 1600
[2025-12-12 07:33:49] [generate_cnf] Generating formula qspiflash_dualflexpress_divthree-p106 with K=142
[2025-12-12 07:33:51] [run_formula] Running formula qspiflash_dualflexpress_divthree-p106 with K=142 up to limit 1600
[2025-12-12 07:34:24] [generate_cnf] Generating formula qspiflash_dualflexpress_divthree-p106 with K=143
[2025-12-12 07:34:25] [run_formula] Running formula qspiflash_dualflexpress_divthree-p106 with K=143 up to limit 1600
[2025-12-12 07:34:42] [generate_cnf] Generating formula qspiflash_dualflexpress_divthree-p106 with K=144
[2025-12-12 07:34:43] [run_formula] Running formula qspiflash_dualflexpress_divthree-p106 with K=144 up to limit 1600
[2025-12-12 07:35:03] [generate_cnf] Generating formula qspiflash_dualflexpress_divthree-p106 with K=145
[2025-12-12 07:35:05] [run_formula] Running formula qspiflash_dualflexpress_divthree-p106 with K=145 up to limit 1600
[2025-12-12 07:35:23] [generate_cnf] Generating formula qspiflash_dualflexpress_divthree-p106 with K=146
[2025-12-12 07:35:24] [run_formula] Running formula qspiflash_dualflexpress_divthree-p106 with K=146 up to limit 1600
[2025-12-12 07:35:51] [generate_cnf] Generating formula qspiflash_dualflexpress_divthree-p106 with K=147
[2025-12-12 07:35:52] [run_formula] Running formula qspiflash_dualflexpress_divthree-p106 with K=147 up to limit 1600
[2025-12-12 07:36:28] [generate_cnf] Generating formula qspiflash_dualflexpress_divthree-p106 with K=148
[2025-12-12 07:36:29] [run_formula] Running formula qspiflash_dualflexpress_divthree-p106 with K=148 up to limit 1600
[2025-12-12 07:36:59] [generate_cnf] Generating formula qspiflash_dualflexpress_divthree-p106 with K=149
[2025-12-12 07:37:00] [run_formula] Running formula qspiflash_dualflexpress_divthree-p106 with K=149 up to limit 1600
[2025-12-12 07:37:31] [generate_cnf] Generating formula qspiflash_dualflexpress_divthree-p106 with K=150
[2025-12-12 07:37:33] [run_formula] Running formula qspiflash_dualflexpress_divthree-p106 with K=150 up to limit 1600
[2025-12-12 07:37:50] [generate_cnf] Generating formula qspiflash_dualflexpress_divthree-p106 with K=151
[2025-12-12 07:37:52] [run_formula] Running formula qspiflash_dualflexpress_divthree-p106 with K=151 up to limit 1600
[2025-12-12 07:38:16] [generate_cnf] Generating formula qspiflash_dualflexpress_divthree-p106 with K=152
[2025-12-12 07:38:17] [run_formula] Running formula qspiflash_dualflexpress_divthree-p106 with K=152 up to limit 1600
[2025-12-12 07:38:39] [generate_cnf] Generating formula qspiflash_dualflexpress_divthree-p106 with K=153
[2025-12-12 07:38:40] [run_formula] Running formula qspiflash_dualflexpress_divthree-p106 with K=153 up to limit 1600
[2025-12-12 07:39:01] [generate_cnf] Generating formula qspiflash_dualflexpress_divthree-p106 with K=154
[2025-12-12 07:39:02] [run_formula] Running formula qspiflash_dualflexpress_divthree-p106 with K=154 up to limit 1600
[2025-12-12 07:39:19] [generate_cnf] Generating formula qspiflash_dualflexpress_divthree-p106 with K=155
[2025-12-12 07:39:20] [run_formula] Running formula qspiflash_dualflexpress_divthree-p106 with K=155 up to limit 1600
[2025-12-12 07:39:44] [generate_cnf] Generating formula qspiflash_dualflexpress_divthree-p106 with K=156
[2025-12-12 07:39:45] [run_formula] Running formula qspiflash_dualflexpress_divthree-p106 with K=156 up to limit 1600
[2025-12-12 07:40:09] [generate_cnf] Generating formula qspiflash_dualflexpress_divthree-p106 with K=157
[2025-12-12 07:40:10] [run_formula] Running formula qspiflash_dualflexpress_divthree-p106 with K=157 up to limit 1600
[2025-12-12 07:40:36] [generate_cnf] Generating formula qspiflash_dualflexpress_divthree-p106 with K=158
[2025-12-12 07:40:37] [run_formula] Running formula qspiflash_dualflexpress_divthree-p106 with K=158 up to limit 1600
[2025-12-12 07:41:05] [generate_cnf] Generating formula qspiflash_dualflexpress_divthree-p106 with K=159
[2025-12-12 07:41:07] [run_formula] Running formula qspiflash_dualflexpress_divthree-p106 with K=159 up to limit 1600
[2025-12-12 07:41:32] [generate_cnf] Generating formula qspiflash_dualflexpress_divthree-p106 with K=160
[2025-12-12 07:41:33] [run_formula] Running formula qspiflash_dualflexpress_divthree-p106 with K=160 up to limit 1600
[2025-12-12 07:41:58] [generate_cnf] Generating formula qspiflash_dualflexpress_divthree-p106 with K=161
[2025-12-12 07:42:00] [run_formula] Running formula qspiflash_dualflexpress_divthree-p106 with K=161 up to limit 1600
[2025-12-12 07:42:30] [generate_cnf] Generating formula qspiflash_dualflexpress_divthree-p106 with K=162
[2025-12-12 07:42:31] [run_formula] Running formula qspiflash_dualflexpress_divthree-p106 with K=162 up to limit 1600
[2025-12-12 07:42:58] [generate_cnf] Generating formula qspiflash_dualflexpress_divthree-p106 with K=163
[2025-12-12 07:43:00] [run_formula] Running formula qspiflash_dualflexpress_divthree-p106 with K=163 up to limit 1600
[2025-12-12 07:43:26] [generate_cnf] Generating formula qspiflash_dualflexpress_divthree-p106 with K=164
[2025-12-12 07:43:27] [run_formula] Running formula qspiflash_dualflexpress_divthree-p106 with K=164 up to limit 1600
[2025-12-12 07:43:52] [generate_cnf] Generating formula qspiflash_dualflexpress_divthree-p106 with K=165
[2025-12-12 07:43:53] [run_formula] Running formula qspiflash_dualflexpress_divthree-p106 with K=165 up to limit 1600
[2025-12-12 07:44:23] [generate_cnf] Generating formula qspiflash_dualflexpress_divthree-p106 with K=166
[2025-12-12 07:44:24] [run_formula] Running formula qspiflash_dualflexpress_divthree-p106 with K=166 up to limit 1600
[2025-12-12 07:44:53] [generate_cnf] Generating formula qspiflash_dualflexpress_divthree-p106 with K=167
[2025-12-12 07:44:54] [run_formula] Running formula qspiflash_dualflexpress_divthree-p106 with K=167 up to limit 1600
[2025-12-12 07:45:23] [generate_cnf] Generating formula qspiflash_dualflexpress_divthree-p106 with K=168
[2025-12-12 07:45:24] [run_formula] Running formula qspiflash_dualflexpress_divthree-p106 with K=168 up to limit 1600
[2025-12-12 07:45:50] [generate_cnf] Generating formula qspiflash_dualflexpress_divthree-p106 with K=169
[2025-12-12 07:45:52] [run_formula] Running formula qspiflash_dualflexpress_divthree-p106 with K=169 up to limit 1600
[2025-12-12 07:46:23] [generate_cnf] Generating formula qspiflash_dualflexpress_divthree-p106 with K=170
[2025-12-12 07:46:24] [run_formula] Running formula qspiflash_dualflexpress_divthree-p106 with K=170 up to limit 1600
[2025-12-12 07:47:03] [generate_cnf] Generating formula qspiflash_dualflexpress_divthree-p106 with K=171
[2025-12-12 07:47:04] [run_formula] Running formula qspiflash_dualflexpress_divthree-p106 with K=171 up to limit 1600
[2025-12-12 07:47:36] [generate_cnf] Generating formula qspiflash_dualflexpress_divthree-p106 with K=172
[2025-12-12 07:47:37] [run_formula] Running formula qspiflash_dualflexpress_divthree-p106 with K=172 up to limit 1600
[2025-12-12 07:48:08] [generate_cnf] Generating formula qspiflash_dualflexpress_divthree-p106 with K=173
[2025-12-12 07:48:10] [run_formula] Running formula qspiflash_dualflexpress_divthree-p106 with K=173 up to limit 1600
[2025-12-12 07:48:41] [generate_cnf] Generating formula qspiflash_dualflexpress_divthree-p106 with K=174
[2025-12-12 07:48:42] [run_formula] Running formula qspiflash_dualflexpress_divthree-p106 with K=174 up to limit 1600
[2025-12-12 07:49:14] [generate_cnf] Generating formula qspiflash_dualflexpress_divthree-p106 with K=175
[2025-12-12 07:49:15] [run_formula] Running formula qspiflash_dualflexpress_divthree-p106 with K=175 up to limit 1600
[2025-12-12 07:49:46] [generate_cnf] Generating formula qspiflash_dualflexpress_divthree-p106 with K=176
[2025-12-12 07:49:47] [run_formula] Running formula qspiflash_dualflexpress_divthree-p106 with K=176 up to limit 1600
[2025-12-12 07:50:18] [generate_cnf] Generating formula qspiflash_dualflexpress_divthree-p106 with K=177
[2025-12-12 07:50:19] [run_formula] Running formula qspiflash_dualflexpress_divthree-p106 with K=177 up to limit 1600
[2025-12-12 07:50:49] [generate_cnf] Generating formula qspiflash_dualflexpress_divthree-p106 with K=178
[2025-12-12 07:50:51] [run_formula] Running formula qspiflash_dualflexpress_divthree-p106 with K=178 up to limit 1600
[2025-12-12 07:51:23] [generate_cnf] Generating formula qspiflash_dualflexpress_divthree-p106 with K=179
[2025-12-12 07:51:24] [run_formula] Running formula qspiflash_dualflexpress_divthree-p106 with K=179 up to limit 1600
[2025-12-12 07:51:54] [generate_cnf] Generating formula qspiflash_dualflexpress_divthree-p106 with K=180
[2025-12-12 07:51:56] [run_formula] Running formula qspiflash_dualflexpress_divthree-p106 with K=180 up to limit 1600
[2025-12-12 07:52:30] [generate_cnf] Generating formula qspiflash_dualflexpress_divthree-p106 with K=181
[2025-12-12 07:52:32] [run_formula] Running formula qspiflash_dualflexpress_divthree-p106 with K=181 up to limit 1600
[2025-12-12 07:53:11] [generate_cnf] Generating formula qspiflash_dualflexpress_divthree-p106 with K=182
[2025-12-12 07:53:12] [run_formula] Running formula qspiflash_dualflexpress_divthree-p106 with K=182 up to limit 1600
[2025-12-12 07:53:54] [generate_cnf] Generating formula qspiflash_dualflexpress_divthree-p106 with K=183
[2025-12-12 07:53:55] [run_formula] Running formula qspiflash_dualflexpress_divthree-p106 with K=183 up to limit 1600
[2025-12-12 07:57:00] [generate_cnf] Generating formula qspiflash_dualflexpress_divthree-p106 with K=184
[2025-12-12 07:57:02] [run_formula] Running formula qspiflash_dualflexpress_divthree-p106 with K=184 up to limit 1600
[2025-12-12 07:57:40] [generate_cnf] Generating formula qspiflash_dualflexpress_divthree-p106 with K=185
[2025-12-12 07:57:42] [run_formula] Running formula qspiflash_dualflexpress_divthree-p106 with K=185 up to limit 1600
[2025-12-12 07:58:18] [generate_cnf] Generating formula qspiflash_dualflexpress_divthree-p106 with K=186
[2025-12-12 07:58:19] [run_formula] Running formula qspiflash_dualflexpress_divthree-p106 with K=186 up to limit 1600
[2025-12-12 07:58:53] [generate_cnf] Generating formula qspiflash_dualflexpress_divthree-p106 with K=187
[2025-12-12 07:58:54] [run_formula] Running formula qspiflash_dualflexpress_divthree-p106 with K=187 up to limit 1600
[2025-12-12 07:59:34] [generate_cnf] Generating formula qspiflash_dualflexpress_divthree-p106 with K=188
[2025-12-12 07:59:36] [run_formula] Running formula qspiflash_dualflexpress_divthree-p106 with K=188 up to limit 1600
[2025-12-12 08:00:06] [generate_cnf] Generating formula qspiflash_dualflexpress_divthree-p106 with K=189
[2025-12-12 08:00:08] [run_formula] Running formula qspiflash_dualflexpress_divthree-p106 with K=189 up to limit 1600
[2025-12-12 08:00:41] [generate_cnf] Generating formula qspiflash_dualflexpress_divthree-p106 with K=190
[2025-12-12 08:00:43] [run_formula] Running formula qspiflash_dualflexpress_divthree-p106 with K=190 up to limit 1600
[2025-12-12 08:01:21] [generate_cnf] Generating formula qspiflash_dualflexpress_divthree-p106 with K=191
[2025-12-12 08:01:22] [run_formula] Running formula qspiflash_dualflexpress_divthree-p106 with K=191 up to limit 1600
[2025-12-12 08:02:12] [generate_cnf] Generating formula qspiflash_dualflexpress_divthree-p106 with K=192
[2025-12-12 08:02:13] [run_formula] Running formula qspiflash_dualflexpress_divthree-p106 with K=192 up to limit 1600
[2025-12-12 08:02:52] [generate_cnf] Generating formula qspiflash_dualflexpress_divthree-p106 with K=193
[2025-12-12 08:02:54] [run_formula] Running formula qspiflash_dualflexpress_divthree-p106 with K=193 up to limit 1600
[2025-12-12 08:03:27] [generate_cnf] Generating formula qspiflash_dualflexpress_divthree-p106 with K=194
[2025-12-12 08:03:29] [run_formula] Running formula qspiflash_dualflexpress_divthree-p106 with K=194 up to limit 1600
[2025-12-12 08:04:06] [generate_cnf] Generating formula qspiflash_dualflexpress_divthree-p106 with K=195
[2025-12-12 08:04:08] [run_formula] Running formula qspiflash_dualflexpress_divthree-p106 with K=195 up to limit 1600
[2025-12-12 08:04:46] [generate_cnf] Generating formula qspiflash_dualflexpress_divthree-p106 with K=196
[2025-12-12 08:04:48] [run_formula] Running formula qspiflash_dualflexpress_divthree-p106 with K=196 up to limit 1600
[2025-12-12 08:05:23] [generate_cnf] Generating formula qspiflash_dualflexpress_divthree-p106 with K=197
[2025-12-12 08:05:25] [run_formula] Running formula qspiflash_dualflexpress_divthree-p106 with K=197 up to limit 1600
[2025-12-12 08:06:21] [generate_cnf] Generating formula qspiflash_dualflexpress_divthree-p106 with K=198
[2025-12-12 08:06:23] [run_formula] Running formula qspiflash_dualflexpress_divthree-p106 with K=198 up to limit 1600
[2025-12-12 08:07:05] [generate_cnf] Generating formula qspiflash_dualflexpress_divthree-p106 with K=199
[2025-12-12 08:07:07] [run_formula] Running formula qspiflash_dualflexpress_divthree-p106 with K=199 up to limit 1600
[2025-12-12 08:07:49] [generate_cnf] Generating formula qspiflash_dualflexpress_divthree-p106 with K=200
[2025-12-12 08:07:51] [run_formula] Running formula qspiflash_dualflexpress_divthree-p106 with K=200 up to limit 1600
[2025-12-12 08:08:31] [generate_cnf] Generating formula qspiflash_dualflexpress_divthree-p106 with K=201
[2025-12-12 08:08:32] [run_formula] Running formula qspiflash_dualflexpress_divthree-p106 with K=201 up to limit 1600
[2025-12-12 08:09:15] [generate_cnf] Generating formula qspiflash_dualflexpress_divthree-p106 with K=202
[2025-12-12 08:09:17] [run_formula] Running formula qspiflash_dualflexpress_divthree-p106 with K=202 up to limit 1600
[2025-12-12 08:09:55] [generate_cnf] Generating formula qspiflash_dualflexpress_divthree-p106 with K=203
[2025-12-12 08:09:57] [run_formula] Running formula qspiflash_dualflexpress_divthree-p106 with K=203 up to limit 1600
[2025-12-12 08:10:39] [generate_cnf] Generating formula qspiflash_dualflexpress_divthree-p106 with K=204
[2025-12-12 08:10:40] [run_formula] Running formula qspiflash_dualflexpress_divthree-p106 with K=204 up to limit 1600
[2025-12-12 08:11:25] [generate_cnf] Generating formula qspiflash_dualflexpress_divthree-p106 with K=205
[2025-12-12 08:11:27] [run_formula] Running formula qspiflash_dualflexpress_divthree-p106 with K=205 up to limit 1600
[2025-12-12 08:12:16] [generate_cnf] Generating formula qspiflash_dualflexpress_divthree-p106 with K=206
[2025-12-12 08:12:17] [run_formula] Running formula qspiflash_dualflexpress_divthree-p106 with K=206 up to limit 1600
[2025-12-12 08:13:05] [generate_cnf] Generating formula qspiflash_dualflexpress_divthree-p106 with K=207
[2025-12-12 08:13:07] [run_formula] Running formula qspiflash_dualflexpress_divthree-p106 with K=207 up to limit 1600
[2025-12-12 08:13:50] [generate_cnf] Generating formula qspiflash_dualflexpress_divthree-p106 with K=208
[2025-12-12 08:13:51] [run_formula] Running formula qspiflash_dualflexpress_divthree-p106 with K=208 up to limit 1600
[2025-12-12 08:14:26] [generate_cnf] Generating formula qspiflash_dualflexpress_divthree-p106 with K=209
[2025-12-12 08:14:28] [run_formula] Running formula qspiflash_dualflexpress_divthree-p106 with K=209 up to limit 1600
[2025-12-12 08:15:07] [generate_cnf] Generating formula qspiflash_dualflexpress_divthree-p106 with K=210
[2025-12-12 08:15:09] [run_formula] Running formula qspiflash_dualflexpress_divthree-p106 with K=210 up to limit 1600
[2025-12-12 08:15:49] [generate_cnf] Generating formula qspiflash_dualflexpress_divthree-p106 with K=211
[2025-12-12 08:15:51] [run_formula] Running formula qspiflash_dualflexpress_divthree-p106 with K=211 up to limit 1600
[2025-12-12 08:16:37] [generate_cnf] Generating formula qspiflash_dualflexpress_divthree-p106 with K=212
[2025-12-12 08:16:39] [run_formula] Running formula qspiflash_dualflexpress_divthree-p106 with K=212 up to limit 1600
[2025-12-12 08:17:23] [generate_cnf] Generating formula qspiflash_dualflexpress_divthree-p106 with K=213
[2025-12-12 08:17:25] [run_formula] Running formula qspiflash_dualflexpress_divthree-p106 with K=213 up to limit 1600
[2025-12-12 08:18:03] [generate_cnf] Generating formula qspiflash_dualflexpress_divthree-p106 with K=214
[2025-12-12 08:18:04] [run_formula] Running formula qspiflash_dualflexpress_divthree-p106 with K=214 up to limit 1600
[2025-12-12 08:18:46] [generate_cnf] Generating formula qspiflash_dualflexpress_divthree-p106 with K=215
[2025-12-12 08:18:48] [run_formula] Running formula qspiflash_dualflexpress_divthree-p106 with K=215 up to limit 1600
[2025-12-12 08:19:31] [generate_cnf] Generating formula qspiflash_dualflexpress_divthree-p106 with K=216
[2025-12-12 08:19:33] [run_formula] Running formula qspiflash_dualflexpress_divthree-p106 with K=216 up to limit 1600
[2025-12-12 08:20:15] [generate_cnf] Generating formula qspiflash_dualflexpress_divthree-p106 with K=217
[2025-12-12 08:20:17] [run_formula] Running formula qspiflash_dualflexpress_divthree-p106 with K=217 up to limit 1600
[2025-12-12 08:20:52] [generate_cnf] Generating formula qspiflash_dualflexpress_divthree-p106 with K=218
[2025-12-12 08:20:54] [run_formula] Running formula qspiflash_dualflexpress_divthree-p106 with K=218 up to limit 1600
[2025-12-12 08:21:40] [generate_cnf] Generating formula qspiflash_dualflexpress_divthree-p106 with K=219
[2025-12-12 08:21:42] [run_formula] Running formula qspiflash_dualflexpress_divthree-p106 with K=219 up to limit 1600
[2025-12-12 08:22:40] [generate_cnf] Generating formula qspiflash_dualflexpress_divthree-p106 with K=220
[2025-12-12 08:22:41] [run_formula] Running formula qspiflash_dualflexpress_divthree-p106 with K=220 up to limit 1600
[2025-12-12 08:23:22] [generate_cnf] Generating formula qspiflash_dualflexpress_divthree-p106 with K=221
[2025-12-12 08:23:24] [run_formula] Running formula qspiflash_dualflexpress_divthree-p106 with K=221 up to limit 1600
[2025-12-12 08:24:11] [generate_cnf] Generating formula qspiflash_dualflexpress_divthree-p106 with K=222
[2025-12-12 08:24:13] [run_formula] Running formula qspiflash_dualflexpress_divthree-p106 with K=222 up to limit 1600
[2025-12-12 08:24:57] [generate_cnf] Generating formula qspiflash_dualflexpress_divthree-p106 with K=223
[2025-12-12 08:24:59] [run_formula] Running formula qspiflash_dualflexpress_divthree-p106 with K=223 up to limit 1600
[2025-12-12 08:30:21] [run_formula] Error running formula qspiflash_dualflexpress_divthree-p106 with K=223: [Errno 122] Disk quota exceeded: './results/solving_logs/qspiflash_dualflexpress_divthree-p106//qspiflash_dualflexpress_divthree-p106.223.log'
[2025-12-12 08:30:21] [generate_and_run_up_to_limit] Failed to run formula qspiflash_dualflexpress_divthree-p106 with K=223, halting
