CNF written.
CNF written.
CNF written.
CNF written.
CNF written.
CNF written.
CNF written.
CNF written.
CNF written.
CNF written.
CNF written.
CNF written.
CNF written.
CNF written.
CNF written.
CNF written.
CNF written.
CNF written.
CNF written.
CNF written.
CNF written.
CNF written.
CNF written.
CNF written.
CNF written.
CNF written.
CNF written.
CNF written.
CNF written.
CNF written.
CNF written.
CNF written.
CNF written.
CNF written.
CNF written.
CNF written.
CNF written.
CNF written.
CNF written.
CNF written.
CNF written.
CNF written.
CNF written.
CNF written.
CNF written.
CNF written.
CNF written.
CNF written.
CNF written.
CNF written.
CNF written.
CNF written.
CNF written.
CNF written.
CNF written.
CNF written.
CNF written.
CNF written.
CNF written.
CNF written.
CNF written.
CNF written.
CNF written.
CNF written.
CNF written.
CNF written.
CNF written.
CNF written.
CNF written.
CNF written.
CNF written.
CNF written.
CNF written.
CNF written.
CNF written.
CNF written.
CNF written.
CNF written.
CNF written.
CNF written.
CNF written.
CNF written.
CNF written.
CNF written.
CNF written.
CNF written.
CNF written.
CNF written.
CNF written.
CNF written.
CNF written.
CNF written.
CNF written.
CNF written.
CNF written.
CNF written.
CNF written.
CNF written.
CNF written.
CNF written.
CNF written.
CNF written.
CNF written.
CNF written.
CNF written.
CNF written.
CNF written.
CNF written.
CNF written.
CNF written.
CNF written.
CNF written.
CNF written.
CNF written.
CNF written.
CNF written.
CNF written.
CNF written.
CNF written.
CNF written.
CNF written.
CNF written.
CNF written.
CNF written.
CNF written.
CNF written.
CNF written.
CNF written.
CNF written.
CNF written.
CNF written.
CNF written.
CNF written.
CNF written.
CNF written.
CNF written.
CNF written.
CNF written.
CNF written.
CNF written.
CNF written.
CNF written.
CNF written.
CNF written.
CNF written.
CNF written.
CNF written.
CNF written.
CNF written.
CNF written.
CNF written.
CNF written.
CNF written.
CNF written.
CNF written.
CNF written.
CNF written.
CNF written.
CNF written.
CNF written.
CNF written.
CNF written.
CNF written.
CNF written.
CNF written.
CNF written.
CNF written.
CNF written.
CNF written.
CNF written.
CNF written.
CNF written.
CNF written.
CNF written.
CNF written.
CNF written.
CNF written.
CNF written.
CNF written.
CNF written.
CNF written.
CNF written.
CNF written.
CNF written.
CNF written.
CNF written.
CNF written.
CNF written.
CNF written.
CNF written.
CNF written.
CNF written.
CNF written.
CNF written.
CNF written.
CNF written.
CNF written.
CNF written.
CNF written.
CNF written.
CNF written.
CNF written.
CNF written.
CNF written.
CNF written.
CNF written.
CNF written.
CNF written.
CNF written.
CNF written.
CNF written.
CNF written.
CNF written.
CNF written.
CNF written.
CNF written.
CNF written.
CNF written.
CNF written.
CNF written.
CNF written.
CNF written.
CNF written.
CNF written.
CNF written.
CNF written.
CNF written.
CNF written.
CNF written.
CNF written.
CNF written.
CNF written.
[2025-12-12 07:33:29] [generate_and_run_up_to_limit] Generating and running qspiflash_dualflexpress_divfive-p164 with K<=500 up to limit 1600
[2025-12-12 07:33:29] [generate_cnf] Generating formula qspiflash_dualflexpress_divfive-p164 with K=1
[2025-12-12 07:33:29] [run_formula] Running formula qspiflash_dualflexpress_divfive-p164 with K=1 up to limit 1600
[2025-12-12 07:33:29] [generate_cnf] Generating formula qspiflash_dualflexpress_divfive-p164 with K=2
[2025-12-12 07:33:29] [run_formula] Running formula qspiflash_dualflexpress_divfive-p164 with K=2 up to limit 1600
[2025-12-12 07:33:29] [generate_cnf] Generating formula qspiflash_dualflexpress_divfive-p164 with K=3
[2025-12-12 07:33:29] [run_formula] Running formula qspiflash_dualflexpress_divfive-p164 with K=3 up to limit 1600
[2025-12-12 07:33:29] [generate_cnf] Generating formula qspiflash_dualflexpress_divfive-p164 with K=4
[2025-12-12 07:33:29] [run_formula] Running formula qspiflash_dualflexpress_divfive-p164 with K=4 up to limit 1600
[2025-12-12 07:33:29] [generate_cnf] Generating formula qspiflash_dualflexpress_divfive-p164 with K=5
[2025-12-12 07:33:29] [run_formula] Running formula qspiflash_dualflexpress_divfive-p164 with K=5 up to limit 1600
[2025-12-12 07:33:29] [generate_cnf] Generating formula qspiflash_dualflexpress_divfive-p164 with K=6
[2025-12-12 07:33:29] [run_formula] Running formula qspiflash_dualflexpress_divfive-p164 with K=6 up to limit 1600
[2025-12-12 07:33:29] [generate_cnf] Generating formula qspiflash_dualflexpress_divfive-p164 with K=7
[2025-12-12 07:33:29] [run_formula] Running formula qspiflash_dualflexpress_divfive-p164 with K=7 up to limit 1600
[2025-12-12 07:33:29] [generate_cnf] Generating formula qspiflash_dualflexpress_divfive-p164 with K=8
[2025-12-12 07:33:29] [run_formula] Running formula qspiflash_dualflexpress_divfive-p164 with K=8 up to limit 1600
[2025-12-12 07:33:29] [generate_cnf] Generating formula qspiflash_dualflexpress_divfive-p164 with K=9
[2025-12-12 07:33:29] [run_formula] Running formula qspiflash_dualflexpress_divfive-p164 with K=9 up to limit 1600
[2025-12-12 07:33:29] [generate_cnf] Generating formula qspiflash_dualflexpress_divfive-p164 with K=10
[2025-12-12 07:33:30] [run_formula] Running formula qspiflash_dualflexpress_divfive-p164 with K=10 up to limit 1600
[2025-12-12 07:33:30] [generate_cnf] Generating formula qspiflash_dualflexpress_divfive-p164 with K=11
[2025-12-12 07:33:30] [run_formula] Running formula qspiflash_dualflexpress_divfive-p164 with K=11 up to limit 1600
[2025-12-12 07:33:30] [generate_cnf] Generating formula qspiflash_dualflexpress_divfive-p164 with K=12
[2025-12-12 07:33:30] [run_formula] Running formula qspiflash_dualflexpress_divfive-p164 with K=12 up to limit 1600
[2025-12-12 07:33:30] [generate_cnf] Generating formula qspiflash_dualflexpress_divfive-p164 with K=13
[2025-12-12 07:33:30] [run_formula] Running formula qspiflash_dualflexpress_divfive-p164 with K=13 up to limit 1600
[2025-12-12 07:33:30] [generate_cnf] Generating formula qspiflash_dualflexpress_divfive-p164 with K=14
[2025-12-12 07:33:30] [run_formula] Running formula qspiflash_dualflexpress_divfive-p164 with K=14 up to limit 1600
[2025-12-12 07:33:30] [generate_cnf] Generating formula qspiflash_dualflexpress_divfive-p164 with K=15
[2025-12-12 07:33:30] [run_formula] Running formula qspiflash_dualflexpress_divfive-p164 with K=15 up to limit 1600
[2025-12-12 07:33:31] [generate_cnf] Generating formula qspiflash_dualflexpress_divfive-p164 with K=16
[2025-12-12 07:33:31] [run_formula] Running formula qspiflash_dualflexpress_divfive-p164 with K=16 up to limit 1600
[2025-12-12 07:33:31] [generate_cnf] Generating formula qspiflash_dualflexpress_divfive-p164 with K=17
[2025-12-12 07:33:31] [run_formula] Running formula qspiflash_dualflexpress_divfive-p164 with K=17 up to limit 1600
[2025-12-12 07:33:31] [generate_cnf] Generating formula qspiflash_dualflexpress_divfive-p164 with K=18
[2025-12-12 07:33:31] [run_formula] Running formula qspiflash_dualflexpress_divfive-p164 with K=18 up to limit 1600
[2025-12-12 07:33:31] [generate_cnf] Generating formula qspiflash_dualflexpress_divfive-p164 with K=19
[2025-12-12 07:33:31] [run_formula] Running formula qspiflash_dualflexpress_divfive-p164 with K=19 up to limit 1600
[2025-12-12 07:33:31] [generate_cnf] Generating formula qspiflash_dualflexpress_divfive-p164 with K=20
[2025-12-12 07:33:32] [run_formula] Running formula qspiflash_dualflexpress_divfive-p164 with K=20 up to limit 1600
[2025-12-12 07:33:32] [generate_cnf] Generating formula qspiflash_dualflexpress_divfive-p164 with K=21
[2025-12-12 07:33:32] [run_formula] Running formula qspiflash_dualflexpress_divfive-p164 with K=21 up to limit 1600
[2025-12-12 07:33:32] [generate_cnf] Generating formula qspiflash_dualflexpress_divfive-p164 with K=22
[2025-12-12 07:33:32] [run_formula] Running formula qspiflash_dualflexpress_divfive-p164 with K=22 up to limit 1600
[2025-12-12 07:33:32] [generate_cnf] Generating formula qspiflash_dualflexpress_divfive-p164 with K=23
[2025-12-12 07:33:33] [run_formula] Running formula qspiflash_dualflexpress_divfive-p164 with K=23 up to limit 1600
[2025-12-12 07:33:33] [generate_cnf] Generating formula qspiflash_dualflexpress_divfive-p164 with K=24
[2025-12-12 07:33:33] [run_formula] Running formula qspiflash_dualflexpress_divfive-p164 with K=24 up to limit 1600
[2025-12-12 07:33:33] [generate_cnf] Generating formula qspiflash_dualflexpress_divfive-p164 with K=25
[2025-12-12 07:33:34] [run_formula] Running formula qspiflash_dualflexpress_divfive-p164 with K=25 up to limit 1600
[2025-12-12 07:33:34] [generate_cnf] Generating formula qspiflash_dualflexpress_divfive-p164 with K=26
[2025-12-12 07:33:34] [run_formula] Running formula qspiflash_dualflexpress_divfive-p164 with K=26 up to limit 1600
[2025-12-12 07:33:34] [generate_cnf] Generating formula qspiflash_dualflexpress_divfive-p164 with K=27
[2025-12-12 07:33:34] [run_formula] Running formula qspiflash_dualflexpress_divfive-p164 with K=27 up to limit 1600
[2025-12-12 07:33:35] [generate_cnf] Generating formula qspiflash_dualflexpress_divfive-p164 with K=28
[2025-12-12 07:33:35] [run_formula] Running formula qspiflash_dualflexpress_divfive-p164 with K=28 up to limit 1600
[2025-12-12 07:33:35] [generate_cnf] Generating formula qspiflash_dualflexpress_divfive-p164 with K=29
[2025-12-12 07:33:36] [run_formula] Running formula qspiflash_dualflexpress_divfive-p164 with K=29 up to limit 1600
[2025-12-12 07:33:36] [generate_cnf] Generating formula qspiflash_dualflexpress_divfive-p164 with K=30
[2025-12-12 07:33:36] [run_formula] Running formula qspiflash_dualflexpress_divfive-p164 with K=30 up to limit 1600
[2025-12-12 07:33:37] [generate_cnf] Generating formula qspiflash_dualflexpress_divfive-p164 with K=31
[2025-12-12 07:33:37] [run_formula] Running formula qspiflash_dualflexpress_divfive-p164 with K=31 up to limit 1600
[2025-12-12 07:33:38] [generate_cnf] Generating formula qspiflash_dualflexpress_divfive-p164 with K=32
[2025-12-12 07:33:38] [run_formula] Running formula qspiflash_dualflexpress_divfive-p164 with K=32 up to limit 1600
[2025-12-12 07:33:38] [generate_cnf] Generating formula qspiflash_dualflexpress_divfive-p164 with K=33
[2025-12-12 07:33:39] [run_formula] Running formula qspiflash_dualflexpress_divfive-p164 with K=33 up to limit 1600
[2025-12-12 07:33:39] [generate_cnf] Generating formula qspiflash_dualflexpress_divfive-p164 with K=34
[2025-12-12 07:33:40] [run_formula] Running formula qspiflash_dualflexpress_divfive-p164 with K=34 up to limit 1600
[2025-12-12 07:33:40] [generate_cnf] Generating formula qspiflash_dualflexpress_divfive-p164 with K=35
[2025-12-12 07:33:40] [run_formula] Running formula qspiflash_dualflexpress_divfive-p164 with K=35 up to limit 1600
[2025-12-12 07:33:41] [generate_cnf] Generating formula qspiflash_dualflexpress_divfive-p164 with K=36
[2025-12-12 07:33:42] [run_formula] Running formula qspiflash_dualflexpress_divfive-p164 with K=36 up to limit 1600
[2025-12-12 07:33:42] [generate_cnf] Generating formula qspiflash_dualflexpress_divfive-p164 with K=37
[2025-12-12 07:33:43] [run_formula] Running formula qspiflash_dualflexpress_divfive-p164 with K=37 up to limit 1600
[2025-12-12 07:33:44] [generate_cnf] Generating formula qspiflash_dualflexpress_divfive-p164 with K=38
[2025-12-12 07:33:44] [run_formula] Running formula qspiflash_dualflexpress_divfive-p164 with K=38 up to limit 1600
[2025-12-12 07:33:45] [generate_cnf] Generating formula qspiflash_dualflexpress_divfive-p164 with K=39
[2025-12-12 07:33:45] [run_formula] Running formula qspiflash_dualflexpress_divfive-p164 with K=39 up to limit 1600
[2025-12-12 07:33:46] [generate_cnf] Generating formula qspiflash_dualflexpress_divfive-p164 with K=40
[2025-12-12 07:33:47] [run_formula] Running formula qspiflash_dualflexpress_divfive-p164 with K=40 up to limit 1600
[2025-12-12 07:33:48] [generate_cnf] Generating formula qspiflash_dualflexpress_divfive-p164 with K=41
[2025-12-12 07:33:48] [run_formula] Running formula qspiflash_dualflexpress_divfive-p164 with K=41 up to limit 1600
[2025-12-12 07:33:49] [generate_cnf] Generating formula qspiflash_dualflexpress_divfive-p164 with K=42
[2025-12-12 07:33:50] [run_formula] Running formula qspiflash_dualflexpress_divfive-p164 with K=42 up to limit 1600
[2025-12-12 07:33:51] [generate_cnf] Generating formula qspiflash_dualflexpress_divfive-p164 with K=43
[2025-12-12 07:33:51] [run_formula] Running formula qspiflash_dualflexpress_divfive-p164 with K=43 up to limit 1600
[2025-12-12 07:33:52] [generate_cnf] Generating formula qspiflash_dualflexpress_divfive-p164 with K=44
[2025-12-12 07:33:53] [run_formula] Running formula qspiflash_dualflexpress_divfive-p164 with K=44 up to limit 1600
[2025-12-12 07:33:54] [generate_cnf] Generating formula qspiflash_dualflexpress_divfive-p164 with K=45
[2025-12-12 07:33:55] [run_formula] Running formula qspiflash_dualflexpress_divfive-p164 with K=45 up to limit 1600
[2025-12-12 07:33:56] [generate_cnf] Generating formula qspiflash_dualflexpress_divfive-p164 with K=46
[2025-12-12 07:33:56] [run_formula] Running formula qspiflash_dualflexpress_divfive-p164 with K=46 up to limit 1600
[2025-12-12 07:33:57] [generate_cnf] Generating formula qspiflash_dualflexpress_divfive-p164 with K=47
[2025-12-12 07:33:58] [run_formula] Running formula qspiflash_dualflexpress_divfive-p164 with K=47 up to limit 1600
[2025-12-12 07:33:59] [generate_cnf] Generating formula qspiflash_dualflexpress_divfive-p164 with K=48
[2025-12-12 07:34:00] [run_formula] Running formula qspiflash_dualflexpress_divfive-p164 with K=48 up to limit 1600
[2025-12-12 07:34:01] [generate_cnf] Generating formula qspiflash_dualflexpress_divfive-p164 with K=49
[2025-12-12 07:34:02] [run_formula] Running formula qspiflash_dualflexpress_divfive-p164 with K=49 up to limit 1600
[2025-12-12 07:34:03] [generate_cnf] Generating formula qspiflash_dualflexpress_divfive-p164 with K=50
[2025-12-12 07:34:04] [run_formula] Running formula qspiflash_dualflexpress_divfive-p164 with K=50 up to limit 1600
[2025-12-12 07:34:05] [generate_cnf] Generating formula qspiflash_dualflexpress_divfive-p164 with K=51
[2025-12-12 07:34:06] [run_formula] Running formula qspiflash_dualflexpress_divfive-p164 with K=51 up to limit 1600
[2025-12-12 07:34:07] [generate_cnf] Generating formula qspiflash_dualflexpress_divfive-p164 with K=52
[2025-12-12 07:34:08] [run_formula] Running formula qspiflash_dualflexpress_divfive-p164 with K=52 up to limit 1600
[2025-12-12 07:34:10] [generate_cnf] Generating formula qspiflash_dualflexpress_divfive-p164 with K=53
[2025-12-12 07:34:10] [run_formula] Running formula qspiflash_dualflexpress_divfive-p164 with K=53 up to limit 1600
[2025-12-12 07:34:12] [generate_cnf] Generating formula qspiflash_dualflexpress_divfive-p164 with K=54
[2025-12-12 07:34:13] [run_formula] Running formula qspiflash_dualflexpress_divfive-p164 with K=54 up to limit 1600
[2025-12-12 07:34:14] [generate_cnf] Generating formula qspiflash_dualflexpress_divfive-p164 with K=55
[2025-12-12 07:34:15] [run_formula] Running formula qspiflash_dualflexpress_divfive-p164 with K=55 up to limit 1600
[2025-12-12 07:34:17] [generate_cnf] Generating formula qspiflash_dualflexpress_divfive-p164 with K=56
[2025-12-12 07:34:19] [run_formula] Running formula qspiflash_dualflexpress_divfive-p164 with K=56 up to limit 1600
[2025-12-12 07:34:20] [generate_cnf] Generating formula qspiflash_dualflexpress_divfive-p164 with K=57
[2025-12-12 07:34:21] [run_formula] Running formula qspiflash_dualflexpress_divfive-p164 with K=57 up to limit 1600
[2025-12-12 07:34:24] [generate_cnf] Generating formula qspiflash_dualflexpress_divfive-p164 with K=58
[2025-12-12 07:34:24] [run_formula] Running formula qspiflash_dualflexpress_divfive-p164 with K=58 up to limit 1600
[2025-12-12 07:34:26] [generate_cnf] Generating formula qspiflash_dualflexpress_divfive-p164 with K=59
[2025-12-12 07:34:26] [run_formula] Running formula qspiflash_dualflexpress_divfive-p164 with K=59 up to limit 1600
[2025-12-12 07:34:29] [generate_cnf] Generating formula qspiflash_dualflexpress_divfive-p164 with K=60
[2025-12-12 07:34:29] [run_formula] Running formula qspiflash_dualflexpress_divfive-p164 with K=60 up to limit 1600
[2025-12-12 07:34:32] [generate_cnf] Generating formula qspiflash_dualflexpress_divfive-p164 with K=61
[2025-12-12 07:34:32] [run_formula] Running formula qspiflash_dualflexpress_divfive-p164 with K=61 up to limit 1600
[2025-12-12 07:34:34] [generate_cnf] Generating formula qspiflash_dualflexpress_divfive-p164 with K=62
[2025-12-12 07:34:35] [run_formula] Running formula qspiflash_dualflexpress_divfive-p164 with K=62 up to limit 1600
[2025-12-12 07:34:38] [generate_cnf] Generating formula qspiflash_dualflexpress_divfive-p164 with K=63
[2025-12-12 07:34:38] [run_formula] Running formula qspiflash_dualflexpress_divfive-p164 with K=63 up to limit 1600
[2025-12-12 07:34:41] [generate_cnf] Generating formula qspiflash_dualflexpress_divfive-p164 with K=64
[2025-12-12 07:34:41] [run_formula] Running formula qspiflash_dualflexpress_divfive-p164 with K=64 up to limit 1600
[2025-12-12 07:34:44] [generate_cnf] Generating formula qspiflash_dualflexpress_divfive-p164 with K=65
[2025-12-12 07:34:45] [run_formula] Running formula qspiflash_dualflexpress_divfive-p164 with K=65 up to limit 1600
[2025-12-12 07:34:47] [generate_cnf] Generating formula qspiflash_dualflexpress_divfive-p164 with K=66
[2025-12-12 07:34:48] [run_formula] Running formula qspiflash_dualflexpress_divfive-p164 with K=66 up to limit 1600
[2025-12-12 07:34:51] [generate_cnf] Generating formula qspiflash_dualflexpress_divfive-p164 with K=67
[2025-12-12 07:34:51] [run_formula] Running formula qspiflash_dualflexpress_divfive-p164 with K=67 up to limit 1600
[2025-12-12 07:34:54] [generate_cnf] Generating formula qspiflash_dualflexpress_divfive-p164 with K=68
[2025-12-12 07:34:54] [run_formula] Running formula qspiflash_dualflexpress_divfive-p164 with K=68 up to limit 1600
[2025-12-12 07:34:57] [generate_cnf] Generating formula qspiflash_dualflexpress_divfive-p164 with K=69
[2025-12-12 07:34:58] [run_formula] Running formula qspiflash_dualflexpress_divfive-p164 with K=69 up to limit 1600
[2025-12-12 07:35:01] [generate_cnf] Generating formula qspiflash_dualflexpress_divfive-p164 with K=70
[2025-12-12 07:35:02] [run_formula] Running formula qspiflash_dualflexpress_divfive-p164 with K=70 up to limit 1600
[2025-12-12 07:35:05] [generate_cnf] Generating formula qspiflash_dualflexpress_divfive-p164 with K=71
[2025-12-12 07:35:05] [run_formula] Running formula qspiflash_dualflexpress_divfive-p164 with K=71 up to limit 1600
[2025-12-12 07:35:08] [generate_cnf] Generating formula qspiflash_dualflexpress_divfive-p164 with K=72
[2025-12-12 07:35:09] [run_formula] Running formula qspiflash_dualflexpress_divfive-p164 with K=72 up to limit 1600
[2025-12-12 07:35:13] [generate_cnf] Generating formula qspiflash_dualflexpress_divfive-p164 with K=73
[2025-12-12 07:35:13] [run_formula] Running formula qspiflash_dualflexpress_divfive-p164 with K=73 up to limit 1600
[2025-12-12 07:35:18] [generate_cnf] Generating formula qspiflash_dualflexpress_divfive-p164 with K=74
[2025-12-12 07:35:18] [run_formula] Running formula qspiflash_dualflexpress_divfive-p164 with K=74 up to limit 1600
[2025-12-12 07:35:21] [generate_cnf] Generating formula qspiflash_dualflexpress_divfive-p164 with K=75
[2025-12-12 07:35:22] [run_formula] Running formula qspiflash_dualflexpress_divfive-p164 with K=75 up to limit 1600
[2025-12-12 07:35:25] [generate_cnf] Generating formula qspiflash_dualflexpress_divfive-p164 with K=76
[2025-12-12 07:35:26] [run_formula] Running formula qspiflash_dualflexpress_divfive-p164 with K=76 up to limit 1600
[2025-12-12 07:35:29] [generate_cnf] Generating formula qspiflash_dualflexpress_divfive-p164 with K=77
[2025-12-12 07:35:30] [run_formula] Running formula qspiflash_dualflexpress_divfive-p164 with K=77 up to limit 1600
[2025-12-12 07:35:33] [generate_cnf] Generating formula qspiflash_dualflexpress_divfive-p164 with K=78
[2025-12-12 07:35:34] [run_formula] Running formula qspiflash_dualflexpress_divfive-p164 with K=78 up to limit 1600
[2025-12-12 07:35:38] [generate_cnf] Generating formula qspiflash_dualflexpress_divfive-p164 with K=79
[2025-12-12 07:35:39] [run_formula] Running formula qspiflash_dualflexpress_divfive-p164 with K=79 up to limit 1600
[2025-12-12 07:35:43] [generate_cnf] Generating formula qspiflash_dualflexpress_divfive-p164 with K=80
[2025-12-12 07:35:44] [run_formula] Running formula qspiflash_dualflexpress_divfive-p164 with K=80 up to limit 1600
[2025-12-12 07:35:48] [generate_cnf] Generating formula qspiflash_dualflexpress_divfive-p164 with K=81
[2025-12-12 07:35:49] [run_formula] Running formula qspiflash_dualflexpress_divfive-p164 with K=81 up to limit 1600
[2025-12-12 07:35:53] [generate_cnf] Generating formula qspiflash_dualflexpress_divfive-p164 with K=82
[2025-12-12 07:35:54] [run_formula] Running formula qspiflash_dualflexpress_divfive-p164 with K=82 up to limit 1600
[2025-12-12 07:35:57] [generate_cnf] Generating formula qspiflash_dualflexpress_divfive-p164 with K=83
[2025-12-12 07:35:58] [run_formula] Running formula qspiflash_dualflexpress_divfive-p164 with K=83 up to limit 1600
[2025-12-12 07:36:03] [generate_cnf] Generating formula qspiflash_dualflexpress_divfive-p164 with K=84
[2025-12-12 07:36:04] [run_formula] Running formula qspiflash_dualflexpress_divfive-p164 with K=84 up to limit 1600
[2025-12-12 07:36:09] [generate_cnf] Generating formula qspiflash_dualflexpress_divfive-p164 with K=85
[2025-12-12 07:36:09] [run_formula] Running formula qspiflash_dualflexpress_divfive-p164 with K=85 up to limit 1600
[2025-12-12 07:36:14] [generate_cnf] Generating formula qspiflash_dualflexpress_divfive-p164 with K=86
[2025-12-12 07:36:15] [run_formula] Running formula qspiflash_dualflexpress_divfive-p164 with K=86 up to limit 1600
[2025-12-12 07:36:19] [generate_cnf] Generating formula qspiflash_dualflexpress_divfive-p164 with K=87
[2025-12-12 07:36:20] [run_formula] Running formula qspiflash_dualflexpress_divfive-p164 with K=87 up to limit 1600
[2025-12-12 07:36:26] [generate_cnf] Generating formula qspiflash_dualflexpress_divfive-p164 with K=88
[2025-12-12 07:36:27] [run_formula] Running formula qspiflash_dualflexpress_divfive-p164 with K=88 up to limit 1600
[2025-12-12 07:36:31] [generate_cnf] Generating formula qspiflash_dualflexpress_divfive-p164 with K=89
[2025-12-12 07:36:32] [run_formula] Running formula qspiflash_dualflexpress_divfive-p164 with K=89 up to limit 1600
[2025-12-12 07:36:38] [generate_cnf] Generating formula qspiflash_dualflexpress_divfive-p164 with K=90
[2025-12-12 07:36:39] [run_formula] Running formula qspiflash_dualflexpress_divfive-p164 with K=90 up to limit 1600
[2025-12-12 07:36:43] [generate_cnf] Generating formula qspiflash_dualflexpress_divfive-p164 with K=91
[2025-12-12 07:36:44] [run_formula] Running formula qspiflash_dualflexpress_divfive-p164 with K=91 up to limit 1600
[2025-12-12 07:36:50] [generate_cnf] Generating formula qspiflash_dualflexpress_divfive-p164 with K=92
[2025-12-12 07:36:51] [run_formula] Running formula qspiflash_dualflexpress_divfive-p164 with K=92 up to limit 1600
[2025-12-12 07:36:57] [generate_cnf] Generating formula qspiflash_dualflexpress_divfive-p164 with K=93
[2025-12-12 07:36:58] [run_formula] Running formula qspiflash_dualflexpress_divfive-p164 with K=93 up to limit 1600
[2025-12-12 07:37:05] [generate_cnf] Generating formula qspiflash_dualflexpress_divfive-p164 with K=94
[2025-12-12 07:37:05] [run_formula] Running formula qspiflash_dualflexpress_divfive-p164 with K=94 up to limit 1600
[2025-12-12 07:37:11] [generate_cnf] Generating formula qspiflash_dualflexpress_divfive-p164 with K=95
[2025-12-12 07:37:12] [run_formula] Running formula qspiflash_dualflexpress_divfive-p164 with K=95 up to limit 1600
[2025-12-12 07:37:18] [generate_cnf] Generating formula qspiflash_dualflexpress_divfive-p164 with K=96
[2025-12-12 07:37:19] [run_formula] Running formula qspiflash_dualflexpress_divfive-p164 with K=96 up to limit 1600
[2025-12-12 07:37:25] [generate_cnf] Generating formula qspiflash_dualflexpress_divfive-p164 with K=97
[2025-12-12 07:37:26] [run_formula] Running formula qspiflash_dualflexpress_divfive-p164 with K=97 up to limit 1600
[2025-12-12 07:37:33] [generate_cnf] Generating formula qspiflash_dualflexpress_divfive-p164 with K=98
[2025-12-12 07:37:33] [run_formula] Running formula qspiflash_dualflexpress_divfive-p164 with K=98 up to limit 1600
[2025-12-12 07:37:40] [generate_cnf] Generating formula qspiflash_dualflexpress_divfive-p164 with K=99
[2025-12-12 07:37:40] [run_formula] Running formula qspiflash_dualflexpress_divfive-p164 with K=99 up to limit 1600
[2025-12-12 07:37:48] [generate_cnf] Generating formula qspiflash_dualflexpress_divfive-p164 with K=100
[2025-12-12 07:37:49] [run_formula] Running formula qspiflash_dualflexpress_divfive-p164 with K=100 up to limit 1600
[2025-12-12 07:37:56] [generate_cnf] Generating formula qspiflash_dualflexpress_divfive-p164 with K=101
[2025-12-12 07:37:56] [run_formula] Running formula qspiflash_dualflexpress_divfive-p164 with K=101 up to limit 1600
[2025-12-12 07:38:04] [generate_cnf] Generating formula qspiflash_dualflexpress_divfive-p164 with K=102
[2025-12-12 07:38:05] [run_formula] Running formula qspiflash_dualflexpress_divfive-p164 with K=102 up to limit 1600
[2025-12-12 07:38:12] [generate_cnf] Generating formula qspiflash_dualflexpress_divfive-p164 with K=103
[2025-12-12 07:38:12] [run_formula] Running formula qspiflash_dualflexpress_divfive-p164 with K=103 up to limit 1600
[2025-12-12 07:38:19] [generate_cnf] Generating formula qspiflash_dualflexpress_divfive-p164 with K=104
[2025-12-12 07:38:20] [run_formula] Running formula qspiflash_dualflexpress_divfive-p164 with K=104 up to limit 1600
[2025-12-12 07:38:28] [generate_cnf] Generating formula qspiflash_dualflexpress_divfive-p164 with K=105
[2025-12-12 07:38:29] [run_formula] Running formula qspiflash_dualflexpress_divfive-p164 with K=105 up to limit 1600
[2025-12-12 07:38:37] [generate_cnf] Generating formula qspiflash_dualflexpress_divfive-p164 with K=106
[2025-12-12 07:38:37] [run_formula] Running formula qspiflash_dualflexpress_divfive-p164 with K=106 up to limit 1600
[2025-12-12 07:38:45] [generate_cnf] Generating formula qspiflash_dualflexpress_divfive-p164 with K=107
[2025-12-12 07:38:46] [run_formula] Running formula qspiflash_dualflexpress_divfive-p164 with K=107 up to limit 1600
[2025-12-12 07:38:55] [generate_cnf] Generating formula qspiflash_dualflexpress_divfive-p164 with K=108
[2025-12-12 07:38:56] [run_formula] Running formula qspiflash_dualflexpress_divfive-p164 with K=108 up to limit 1600
[2025-12-12 07:39:05] [generate_cnf] Generating formula qspiflash_dualflexpress_divfive-p164 with K=109
[2025-12-12 07:39:06] [run_formula] Running formula qspiflash_dualflexpress_divfive-p164 with K=109 up to limit 1600
[2025-12-12 07:39:14] [generate_cnf] Generating formula qspiflash_dualflexpress_divfive-p164 with K=110
[2025-12-12 07:39:15] [run_formula] Running formula qspiflash_dualflexpress_divfive-p164 with K=110 up to limit 1600
[2025-12-12 07:39:21] [generate_cnf] Generating formula qspiflash_dualflexpress_divfive-p164 with K=111
[2025-12-12 07:39:22] [run_formula] Running formula qspiflash_dualflexpress_divfive-p164 with K=111 up to limit 1600
[2025-12-12 07:39:31] [generate_cnf] Generating formula qspiflash_dualflexpress_divfive-p164 with K=112
[2025-12-12 07:39:32] [run_formula] Running formula qspiflash_dualflexpress_divfive-p164 with K=112 up to limit 1600
[2025-12-12 07:39:40] [generate_cnf] Generating formula qspiflash_dualflexpress_divfive-p164 with K=113
[2025-12-12 07:39:41] [run_formula] Running formula qspiflash_dualflexpress_divfive-p164 with K=113 up to limit 1600
[2025-12-12 07:39:49] [generate_cnf] Generating formula qspiflash_dualflexpress_divfive-p164 with K=114
[2025-12-12 07:39:50] [run_formula] Running formula qspiflash_dualflexpress_divfive-p164 with K=114 up to limit 1600
[2025-12-12 07:39:57] [generate_cnf] Generating formula qspiflash_dualflexpress_divfive-p164 with K=115
[2025-12-12 07:39:58] [run_formula] Running formula qspiflash_dualflexpress_divfive-p164 with K=115 up to limit 1600
[2025-12-12 07:40:07] [generate_cnf] Generating formula qspiflash_dualflexpress_divfive-p164 with K=116
[2025-12-12 07:40:08] [run_formula] Running formula qspiflash_dualflexpress_divfive-p164 with K=116 up to limit 1600
[2025-12-12 07:40:17] [generate_cnf] Generating formula qspiflash_dualflexpress_divfive-p164 with K=117
[2025-12-12 07:40:18] [run_formula] Running formula qspiflash_dualflexpress_divfive-p164 with K=117 up to limit 1600
[2025-12-12 07:40:26] [generate_cnf] Generating formula qspiflash_dualflexpress_divfive-p164 with K=118
[2025-12-12 07:40:27] [run_formula] Running formula qspiflash_dualflexpress_divfive-p164 with K=118 up to limit 1600
[2025-12-12 07:40:36] [generate_cnf] Generating formula qspiflash_dualflexpress_divfive-p164 with K=119
[2025-12-12 07:40:37] [run_formula] Running formula qspiflash_dualflexpress_divfive-p164 with K=119 up to limit 1600
[2025-12-12 07:40:47] [generate_cnf] Generating formula qspiflash_dualflexpress_divfive-p164 with K=120
[2025-12-12 07:40:47] [run_formula] Running formula qspiflash_dualflexpress_divfive-p164 with K=120 up to limit 1600
[2025-12-12 07:40:57] [generate_cnf] Generating formula qspiflash_dualflexpress_divfive-p164 with K=121
[2025-12-12 07:40:58] [run_formula] Running formula qspiflash_dualflexpress_divfive-p164 with K=121 up to limit 1600
[2025-12-12 07:41:07] [generate_cnf] Generating formula qspiflash_dualflexpress_divfive-p164 with K=122
[2025-12-12 07:41:08] [run_formula] Running formula qspiflash_dualflexpress_divfive-p164 with K=122 up to limit 1600
[2025-12-12 07:41:18] [generate_cnf] Generating formula qspiflash_dualflexpress_divfive-p164 with K=123
[2025-12-12 07:41:19] [run_formula] Running formula qspiflash_dualflexpress_divfive-p164 with K=123 up to limit 1600
[2025-12-12 07:41:29] [generate_cnf] Generating formula qspiflash_dualflexpress_divfive-p164 with K=124
[2025-12-12 07:41:30] [run_formula] Running formula qspiflash_dualflexpress_divfive-p164 with K=124 up to limit 1600
[2025-12-12 07:41:42] [generate_cnf] Generating formula qspiflash_dualflexpress_divfive-p164 with K=125
[2025-12-12 07:41:43] [run_formula] Running formula qspiflash_dualflexpress_divfive-p164 with K=125 up to limit 1600
[2025-12-12 07:41:53] [generate_cnf] Generating formula qspiflash_dualflexpress_divfive-p164 with K=126
[2025-12-12 07:41:54] [run_formula] Running formula qspiflash_dualflexpress_divfive-p164 with K=126 up to limit 1600
[2025-12-12 07:42:05] [generate_cnf] Generating formula qspiflash_dualflexpress_divfive-p164 with K=127
[2025-12-12 07:42:06] [run_formula] Running formula qspiflash_dualflexpress_divfive-p164 with K=127 up to limit 1600
[2025-12-12 07:42:18] [generate_cnf] Generating formula qspiflash_dualflexpress_divfive-p164 with K=128
[2025-12-12 07:42:19] [run_formula] Running formula qspiflash_dualflexpress_divfive-p164 with K=128 up to limit 1600
[2025-12-12 07:42:30] [generate_cnf] Generating formula qspiflash_dualflexpress_divfive-p164 with K=129
[2025-12-12 07:42:31] [run_formula] Running formula qspiflash_dualflexpress_divfive-p164 with K=129 up to limit 1600
[2025-12-12 07:42:41] [generate_cnf] Generating formula qspiflash_dualflexpress_divfive-p164 with K=130
[2025-12-12 07:42:42] [run_formula] Running formula qspiflash_dualflexpress_divfive-p164 with K=130 up to limit 1600
[2025-12-12 07:42:53] [generate_cnf] Generating formula qspiflash_dualflexpress_divfive-p164 with K=131
[2025-12-12 07:42:54] [run_formula] Running formula qspiflash_dualflexpress_divfive-p164 with K=131 up to limit 1600
[2025-12-12 07:43:06] [generate_cnf] Generating formula qspiflash_dualflexpress_divfive-p164 with K=132
[2025-12-12 07:43:07] [run_formula] Running formula qspiflash_dualflexpress_divfive-p164 with K=132 up to limit 1600
[2025-12-12 07:43:21] [generate_cnf] Generating formula qspiflash_dualflexpress_divfive-p164 with K=133
[2025-12-12 07:43:22] [run_formula] Running formula qspiflash_dualflexpress_divfive-p164 with K=133 up to limit 1600
[2025-12-12 07:43:35] [generate_cnf] Generating formula qspiflash_dualflexpress_divfive-p164 with K=134
[2025-12-12 07:43:36] [run_formula] Running formula qspiflash_dualflexpress_divfive-p164 with K=134 up to limit 1600
[2025-12-12 07:43:48] [generate_cnf] Generating formula qspiflash_dualflexpress_divfive-p164 with K=135
[2025-12-12 07:43:49] [run_formula] Running formula qspiflash_dualflexpress_divfive-p164 with K=135 up to limit 1600
[2025-12-12 07:44:03] [generate_cnf] Generating formula qspiflash_dualflexpress_divfive-p164 with K=136
[2025-12-12 07:44:04] [run_formula] Running formula qspiflash_dualflexpress_divfive-p164 with K=136 up to limit 1600
[2025-12-12 07:44:18] [generate_cnf] Generating formula qspiflash_dualflexpress_divfive-p164 with K=137
[2025-12-12 07:44:19] [run_formula] Running formula qspiflash_dualflexpress_divfive-p164 with K=137 up to limit 1600
[2025-12-12 07:44:32] [generate_cnf] Generating formula qspiflash_dualflexpress_divfive-p164 with K=138
[2025-12-12 07:44:33] [run_formula] Running formula qspiflash_dualflexpress_divfive-p164 with K=138 up to limit 1600
[2025-12-12 07:44:46] [generate_cnf] Generating formula qspiflash_dualflexpress_divfive-p164 with K=139
[2025-12-12 07:44:47] [run_formula] Running formula qspiflash_dualflexpress_divfive-p164 with K=139 up to limit 1600
[2025-12-12 07:45:02] [generate_cnf] Generating formula qspiflash_dualflexpress_divfive-p164 with K=140
[2025-12-12 07:45:03] [run_formula] Running formula qspiflash_dualflexpress_divfive-p164 with K=140 up to limit 1600
[2025-12-12 07:45:16] [generate_cnf] Generating formula qspiflash_dualflexpress_divfive-p164 with K=141
[2025-12-12 07:45:17] [run_formula] Running formula qspiflash_dualflexpress_divfive-p164 with K=141 up to limit 1600
[2025-12-12 07:45:30] [generate_cnf] Generating formula qspiflash_dualflexpress_divfive-p164 with K=142
[2025-12-12 07:45:31] [run_formula] Running formula qspiflash_dualflexpress_divfive-p164 with K=142 up to limit 1600
[2025-12-12 07:45:46] [generate_cnf] Generating formula qspiflash_dualflexpress_divfive-p164 with K=143
[2025-12-12 07:45:47] [run_formula] Running formula qspiflash_dualflexpress_divfive-p164 with K=143 up to limit 1600
[2025-12-12 07:46:00] [generate_cnf] Generating formula qspiflash_dualflexpress_divfive-p164 with K=144
[2025-12-12 07:46:01] [run_formula] Running formula qspiflash_dualflexpress_divfive-p164 with K=144 up to limit 1600
[2025-12-12 07:46:15] [generate_cnf] Generating formula qspiflash_dualflexpress_divfive-p164 with K=145
[2025-12-12 07:46:16] [run_formula] Running formula qspiflash_dualflexpress_divfive-p164 with K=145 up to limit 1600
[2025-12-12 07:46:29] [generate_cnf] Generating formula qspiflash_dualflexpress_divfive-p164 with K=146
[2025-12-12 07:46:30] [run_formula] Running formula qspiflash_dualflexpress_divfive-p164 with K=146 up to limit 1600
[2025-12-12 07:46:43] [generate_cnf] Generating formula qspiflash_dualflexpress_divfive-p164 with K=147
[2025-12-12 07:46:44] [run_formula] Running formula qspiflash_dualflexpress_divfive-p164 with K=147 up to limit 1600
[2025-12-12 07:47:02] [generate_cnf] Generating formula qspiflash_dualflexpress_divfive-p164 with K=148
[2025-12-12 07:47:03] [run_formula] Running formula qspiflash_dualflexpress_divfive-p164 with K=148 up to limit 1600
[2025-12-12 07:47:21] [generate_cnf] Generating formula qspiflash_dualflexpress_divfive-p164 with K=149
[2025-12-12 07:47:22] [run_formula] Running formula qspiflash_dualflexpress_divfive-p164 with K=149 up to limit 1600
[2025-12-12 07:47:43] [generate_cnf] Generating formula qspiflash_dualflexpress_divfive-p164 with K=150
[2025-12-12 07:47:44] [run_formula] Running formula qspiflash_dualflexpress_divfive-p164 with K=150 up to limit 1600
[2025-12-12 07:48:01] [generate_cnf] Generating formula qspiflash_dualflexpress_divfive-p164 with K=151
[2025-12-12 07:48:02] [run_formula] Running formula qspiflash_dualflexpress_divfive-p164 with K=151 up to limit 1600
[2025-12-12 07:48:20] [generate_cnf] Generating formula qspiflash_dualflexpress_divfive-p164 with K=152
[2025-12-12 07:48:21] [run_formula] Running formula qspiflash_dualflexpress_divfive-p164 with K=152 up to limit 1600
[2025-12-12 07:48:39] [generate_cnf] Generating formula qspiflash_dualflexpress_divfive-p164 with K=153
[2025-12-12 07:48:40] [run_formula] Running formula qspiflash_dualflexpress_divfive-p164 with K=153 up to limit 1600
[2025-12-12 07:48:57] [generate_cnf] Generating formula qspiflash_dualflexpress_divfive-p164 with K=154
[2025-12-12 07:48:58] [run_formula] Running formula qspiflash_dualflexpress_divfive-p164 with K=154 up to limit 1600
[2025-12-12 07:49:15] [generate_cnf] Generating formula qspiflash_dualflexpress_divfive-p164 with K=155
[2025-12-12 07:49:16] [run_formula] Running formula qspiflash_dualflexpress_divfive-p164 with K=155 up to limit 1600
[2025-12-12 07:49:36] [generate_cnf] Generating formula qspiflash_dualflexpress_divfive-p164 with K=156
[2025-12-12 07:49:37] [run_formula] Running formula qspiflash_dualflexpress_divfive-p164 with K=156 up to limit 1600
[2025-12-12 07:49:55] [generate_cnf] Generating formula qspiflash_dualflexpress_divfive-p164 with K=157
[2025-12-12 07:49:56] [run_formula] Running formula qspiflash_dualflexpress_divfive-p164 with K=157 up to limit 1600
[2025-12-12 07:50:16] [generate_cnf] Generating formula qspiflash_dualflexpress_divfive-p164 with K=158
[2025-12-12 07:50:17] [run_formula] Running formula qspiflash_dualflexpress_divfive-p164 with K=158 up to limit 1600
[2025-12-12 07:50:37] [generate_cnf] Generating formula qspiflash_dualflexpress_divfive-p164 with K=159
[2025-12-12 07:50:38] [run_formula] Running formula qspiflash_dualflexpress_divfive-p164 with K=159 up to limit 1600
[2025-12-12 07:50:54] [generate_cnf] Generating formula qspiflash_dualflexpress_divfive-p164 with K=160
[2025-12-12 07:50:55] [run_formula] Running formula qspiflash_dualflexpress_divfive-p164 with K=160 up to limit 1600
[2025-12-12 07:51:11] [generate_cnf] Generating formula qspiflash_dualflexpress_divfive-p164 with K=161
[2025-12-12 07:51:12] [run_formula] Running formula qspiflash_dualflexpress_divfive-p164 with K=161 up to limit 1600
[2025-12-12 07:51:35] [generate_cnf] Generating formula qspiflash_dualflexpress_divfive-p164 with K=162
[2025-12-12 07:51:37] [run_formula] Running formula qspiflash_dualflexpress_divfive-p164 with K=162 up to limit 1600
[2025-12-12 07:51:56] [generate_cnf] Generating formula qspiflash_dualflexpress_divfive-p164 with K=163
[2025-12-12 07:51:57] [run_formula] Running formula qspiflash_dualflexpress_divfive-p164 with K=163 up to limit 1600
[2025-12-12 07:52:22] [generate_cnf] Generating formula qspiflash_dualflexpress_divfive-p164 with K=164
[2025-12-12 07:52:24] [run_formula] Running formula qspiflash_dualflexpress_divfive-p164 with K=164 up to limit 1600
[2025-12-12 07:52:44] [generate_cnf] Generating formula qspiflash_dualflexpress_divfive-p164 with K=165
[2025-12-12 07:52:45] [run_formula] Running formula qspiflash_dualflexpress_divfive-p164 with K=165 up to limit 1600
[2025-12-12 07:53:09] [generate_cnf] Generating formula qspiflash_dualflexpress_divfive-p164 with K=166
[2025-12-12 07:53:10] [run_formula] Running formula qspiflash_dualflexpress_divfive-p164 with K=166 up to limit 1600
[2025-12-12 07:53:30] [generate_cnf] Generating formula qspiflash_dualflexpress_divfive-p164 with K=167
[2025-12-12 07:53:31] [run_formula] Running formula qspiflash_dualflexpress_divfive-p164 with K=167 up to limit 1600
[2025-12-12 07:53:47] [generate_cnf] Generating formula qspiflash_dualflexpress_divfive-p164 with K=168
[2025-12-12 07:53:49] [run_formula] Running formula qspiflash_dualflexpress_divfive-p164 with K=168 up to limit 1600
[2025-12-12 07:54:17] [generate_cnf] Generating formula qspiflash_dualflexpress_divfive-p164 with K=169
[2025-12-12 07:54:18] [run_formula] Running formula qspiflash_dualflexpress_divfive-p164 with K=169 up to limit 1600
[2025-12-12 07:54:38] [generate_cnf] Generating formula qspiflash_dualflexpress_divfive-p164 with K=170
[2025-12-12 07:54:39] [run_formula] Running formula qspiflash_dualflexpress_divfive-p164 with K=170 up to limit 1600
[2025-12-12 07:54:59] [generate_cnf] Generating formula qspiflash_dualflexpress_divfive-p164 with K=171
[2025-12-12 07:55:00] [run_formula] Running formula qspiflash_dualflexpress_divfive-p164 with K=171 up to limit 1600
[2025-12-12 07:55:29] [generate_cnf] Generating formula qspiflash_dualflexpress_divfive-p164 with K=172
[2025-12-12 07:55:30] [run_formula] Running formula qspiflash_dualflexpress_divfive-p164 with K=172 up to limit 1600
[2025-12-12 07:55:50] [generate_cnf] Generating formula qspiflash_dualflexpress_divfive-p164 with K=173
[2025-12-12 07:55:52] [run_formula] Running formula qspiflash_dualflexpress_divfive-p164 with K=173 up to limit 1600
[2025-12-12 07:56:10] [generate_cnf] Generating formula qspiflash_dualflexpress_divfive-p164 with K=174
[2025-12-12 07:56:12] [run_formula] Running formula qspiflash_dualflexpress_divfive-p164 with K=174 up to limit 1600
[2025-12-12 07:56:34] [generate_cnf] Generating formula qspiflash_dualflexpress_divfive-p164 with K=175
[2025-12-12 07:56:35] [run_formula] Running formula qspiflash_dualflexpress_divfive-p164 with K=175 up to limit 1600
[2025-12-12 07:56:57] [generate_cnf] Generating formula qspiflash_dualflexpress_divfive-p164 with K=176
[2025-12-12 07:56:59] [run_formula] Running formula qspiflash_dualflexpress_divfive-p164 with K=176 up to limit 1600
[2025-12-12 07:57:22] [generate_cnf] Generating formula qspiflash_dualflexpress_divfive-p164 with K=177
[2025-12-12 07:57:23] [run_formula] Running formula qspiflash_dualflexpress_divfive-p164 with K=177 up to limit 1600
[2025-12-12 07:57:44] [generate_cnf] Generating formula qspiflash_dualflexpress_divfive-p164 with K=178
[2025-12-12 07:57:45] [run_formula] Running formula qspiflash_dualflexpress_divfive-p164 with K=178 up to limit 1600
[2025-12-12 07:58:12] [generate_cnf] Generating formula qspiflash_dualflexpress_divfive-p164 with K=179
[2025-12-12 07:58:13] [run_formula] Running formula qspiflash_dualflexpress_divfive-p164 with K=179 up to limit 1600
[2025-12-12 07:58:38] [generate_cnf] Generating formula qspiflash_dualflexpress_divfive-p164 with K=180
[2025-12-12 07:58:40] [run_formula] Running formula qspiflash_dualflexpress_divfive-p164 with K=180 up to limit 1600
[2025-12-12 07:59:09] [generate_cnf] Generating formula qspiflash_dualflexpress_divfive-p164 with K=181
[2025-12-12 07:59:10] [run_formula] Running formula qspiflash_dualflexpress_divfive-p164 with K=181 up to limit 1600
[2025-12-12 07:59:39] [generate_cnf] Generating formula qspiflash_dualflexpress_divfive-p164 with K=182
[2025-12-12 07:59:40] [run_formula] Running formula qspiflash_dualflexpress_divfive-p164 with K=182 up to limit 1600
[2025-12-12 08:00:06] [generate_cnf] Generating formula qspiflash_dualflexpress_divfive-p164 with K=183
[2025-12-12 08:00:08] [run_formula] Running formula qspiflash_dualflexpress_divfive-p164 with K=183 up to limit 1600
[2025-12-12 08:00:38] [generate_cnf] Generating formula qspiflash_dualflexpress_divfive-p164 with K=184
[2025-12-12 08:00:40] [run_formula] Running formula qspiflash_dualflexpress_divfive-p164 with K=184 up to limit 1600
[2025-12-12 08:01:10] [generate_cnf] Generating formula qspiflash_dualflexpress_divfive-p164 with K=185
[2025-12-12 08:01:12] [run_formula] Running formula qspiflash_dualflexpress_divfive-p164 with K=185 up to limit 1600
[2025-12-12 08:01:33] [generate_cnf] Generating formula qspiflash_dualflexpress_divfive-p164 with K=186
[2025-12-12 08:01:35] [run_formula] Running formula qspiflash_dualflexpress_divfive-p164 with K=186 up to limit 1600
[2025-12-12 08:02:01] [generate_cnf] Generating formula qspiflash_dualflexpress_divfive-p164 with K=187
[2025-12-12 08:02:03] [run_formula] Running formula qspiflash_dualflexpress_divfive-p164 with K=187 up to limit 1600
[2025-12-12 08:02:28] [generate_cnf] Generating formula qspiflash_dualflexpress_divfive-p164 with K=188
[2025-12-12 08:02:29] [run_formula] Running formula qspiflash_dualflexpress_divfive-p164 with K=188 up to limit 1600
[2025-12-12 08:02:55] [generate_cnf] Generating formula qspiflash_dualflexpress_divfive-p164 with K=189
[2025-12-12 08:02:57] [run_formula] Running formula qspiflash_dualflexpress_divfive-p164 with K=189 up to limit 1600
[2025-12-12 08:03:27] [generate_cnf] Generating formula qspiflash_dualflexpress_divfive-p164 with K=190
[2025-12-12 08:03:28] [run_formula] Running formula qspiflash_dualflexpress_divfive-p164 with K=190 up to limit 1600
[2025-12-12 08:03:53] [generate_cnf] Generating formula qspiflash_dualflexpress_divfive-p164 with K=191
[2025-12-12 08:03:55] [run_formula] Running formula qspiflash_dualflexpress_divfive-p164 with K=191 up to limit 1600
[2025-12-12 08:04:22] [generate_cnf] Generating formula qspiflash_dualflexpress_divfive-p164 with K=192
[2025-12-12 08:04:23] [run_formula] Running formula qspiflash_dualflexpress_divfive-p164 with K=192 up to limit 1600
[2025-12-12 08:04:56] [generate_cnf] Generating formula qspiflash_dualflexpress_divfive-p164 with K=193
[2025-12-12 08:04:57] [run_formula] Running formula qspiflash_dualflexpress_divfive-p164 with K=193 up to limit 1600
[2025-12-12 08:05:25] [generate_cnf] Generating formula qspiflash_dualflexpress_divfive-p164 with K=194
[2025-12-12 08:05:27] [run_formula] Running formula qspiflash_dualflexpress_divfive-p164 with K=194 up to limit 1600
[2025-12-12 08:05:56] [generate_cnf] Generating formula qspiflash_dualflexpress_divfive-p164 with K=195
[2025-12-12 08:05:57] [run_formula] Running formula qspiflash_dualflexpress_divfive-p164 with K=195 up to limit 1600
[2025-12-12 08:06:26] [generate_cnf] Generating formula qspiflash_dualflexpress_divfive-p164 with K=196
[2025-12-12 08:06:28] [run_formula] Running formula qspiflash_dualflexpress_divfive-p164 with K=196 up to limit 1600
[2025-12-12 08:07:01] [generate_cnf] Generating formula qspiflash_dualflexpress_divfive-p164 with K=197
[2025-12-12 08:07:03] [run_formula] Running formula qspiflash_dualflexpress_divfive-p164 with K=197 up to limit 1600
[2025-12-12 08:07:36] [generate_cnf] Generating formula qspiflash_dualflexpress_divfive-p164 with K=198
[2025-12-12 08:07:38] [run_formula] Running formula qspiflash_dualflexpress_divfive-p164 with K=198 up to limit 1600
[2025-12-12 08:08:06] [generate_cnf] Generating formula qspiflash_dualflexpress_divfive-p164 with K=199
[2025-12-12 08:08:07] [run_formula] Running formula qspiflash_dualflexpress_divfive-p164 with K=199 up to limit 1600
[2025-12-12 08:08:37] [generate_cnf] Generating formula qspiflash_dualflexpress_divfive-p164 with K=200
[2025-12-12 08:08:39] [run_formula] Running formula qspiflash_dualflexpress_divfive-p164 with K=200 up to limit 1600
[2025-12-12 08:09:10] [generate_cnf] Generating formula qspiflash_dualflexpress_divfive-p164 with K=201
[2025-12-12 08:09:11] [run_formula] Running formula qspiflash_dualflexpress_divfive-p164 with K=201 up to limit 1600
[2025-12-12 08:09:44] [generate_cnf] Generating formula qspiflash_dualflexpress_divfive-p164 with K=202
[2025-12-12 08:09:46] [run_formula] Running formula qspiflash_dualflexpress_divfive-p164 with K=202 up to limit 1600
[2025-12-12 08:10:17] [generate_cnf] Generating formula qspiflash_dualflexpress_divfive-p164 with K=203
[2025-12-12 08:10:18] [run_formula] Running formula qspiflash_dualflexpress_divfive-p164 with K=203 up to limit 1600
[2025-12-12 08:10:47] [generate_cnf] Generating formula qspiflash_dualflexpress_divfive-p164 with K=204
[2025-12-12 08:10:48] [run_formula] Running formula qspiflash_dualflexpress_divfive-p164 with K=204 up to limit 1600
[2025-12-12 08:11:20] [generate_cnf] Generating formula qspiflash_dualflexpress_divfive-p164 with K=205
[2025-12-12 08:11:21] [run_formula] Running formula qspiflash_dualflexpress_divfive-p164 with K=205 up to limit 1600
[2025-12-12 08:12:00] [generate_cnf] Generating formula qspiflash_dualflexpress_divfive-p164 with K=206
[2025-12-12 08:12:01] [run_formula] Running formula qspiflash_dualflexpress_divfive-p164 with K=206 up to limit 1600
[2025-12-12 08:12:32] [generate_cnf] Generating formula qspiflash_dualflexpress_divfive-p164 with K=207
[2025-12-12 08:12:33] [run_formula] Running formula qspiflash_dualflexpress_divfive-p164 with K=207 up to limit 1600
[2025-12-12 08:13:04] [generate_cnf] Generating formula qspiflash_dualflexpress_divfive-p164 with K=208
[2025-12-12 08:13:05] [run_formula] Running formula qspiflash_dualflexpress_divfive-p164 with K=208 up to limit 1600
[2025-12-12 08:13:42] [generate_cnf] Generating formula qspiflash_dualflexpress_divfive-p164 with K=209
[2025-12-12 08:13:44] [run_formula] Running formula qspiflash_dualflexpress_divfive-p164 with K=209 up to limit 1600
[2025-12-12 08:14:10] [generate_cnf] Generating formula qspiflash_dualflexpress_divfive-p164 with K=210
[2025-12-12 08:14:12] [run_formula] Running formula qspiflash_dualflexpress_divfive-p164 with K=210 up to limit 1600
[2025-12-12 08:14:45] [generate_cnf] Generating formula qspiflash_dualflexpress_divfive-p164 with K=211
[2025-12-12 08:14:46] [run_formula] Running formula qspiflash_dualflexpress_divfive-p164 with K=211 up to limit 1600
[2025-12-12 08:15:24] [generate_cnf] Generating formula qspiflash_dualflexpress_divfive-p164 with K=212
[2025-12-12 08:15:25] [run_formula] Running formula qspiflash_dualflexpress_divfive-p164 with K=212 up to limit 1600
[2025-12-12 08:16:00] [generate_cnf] Generating formula qspiflash_dualflexpress_divfive-p164 with K=213
[2025-12-12 08:16:02] [run_formula] Running formula qspiflash_dualflexpress_divfive-p164 with K=213 up to limit 1600
[2025-12-12 08:16:37] [generate_cnf] Generating formula qspiflash_dualflexpress_divfive-p164 with K=214
[2025-12-12 08:16:38] [run_formula] Running formula qspiflash_dualflexpress_divfive-p164 with K=214 up to limit 1600
[2025-12-12 08:17:13] [generate_cnf] Generating formula qspiflash_dualflexpress_divfive-p164 with K=215
[2025-12-12 08:17:14] [run_formula] Running formula qspiflash_dualflexpress_divfive-p164 with K=215 up to limit 1600
[2025-12-12 08:17:45] [generate_cnf] Generating formula qspiflash_dualflexpress_divfive-p164 with K=216
[2025-12-12 08:17:47] [run_formula] Running formula qspiflash_dualflexpress_divfive-p164 with K=216 up to limit 1600
[2025-12-12 08:18:27] [generate_cnf] Generating formula qspiflash_dualflexpress_divfive-p164 with K=217
[2025-12-12 08:18:28] [run_formula] Running formula qspiflash_dualflexpress_divfive-p164 with K=217 up to limit 1600
[2025-12-12 08:19:00] [generate_cnf] Generating formula qspiflash_dualflexpress_divfive-p164 with K=218
[2025-12-12 08:19:02] [run_formula] Running formula qspiflash_dualflexpress_divfive-p164 with K=218 up to limit 1600
[2025-12-12 08:19:34] [generate_cnf] Generating formula qspiflash_dualflexpress_divfive-p164 with K=219
[2025-12-12 08:19:36] [run_formula] Running formula qspiflash_dualflexpress_divfive-p164 with K=219 up to limit 1600
[2025-12-12 08:20:16] [generate_cnf] Generating formula qspiflash_dualflexpress_divfive-p164 with K=220
[2025-12-12 08:20:18] [run_formula] Running formula qspiflash_dualflexpress_divfive-p164 with K=220 up to limit 1600
[2025-12-12 08:20:53] [generate_cnf] Generating formula qspiflash_dualflexpress_divfive-p164 with K=221
[2025-12-12 08:20:54] [run_formula] Running formula qspiflash_dualflexpress_divfive-p164 with K=221 up to limit 1600
[2025-12-12 08:21:31] [generate_cnf] Generating formula qspiflash_dualflexpress_divfive-p164 with K=222
[2025-12-12 08:21:33] [run_formula] Running formula qspiflash_dualflexpress_divfive-p164 with K=222 up to limit 1600
[2025-12-12 08:22:06] [generate_cnf] Generating formula qspiflash_dualflexpress_divfive-p164 with K=223
[2025-12-12 08:22:07] [run_formula] Running formula qspiflash_dualflexpress_divfive-p164 with K=223 up to limit 1600
[2025-12-12 08:22:41] [generate_cnf] Generating formula qspiflash_dualflexpress_divfive-p164 with K=224
[2025-12-12 08:22:43] [run_formula] Running formula qspiflash_dualflexpress_divfive-p164 with K=224 up to limit 1600
[2025-12-12 08:23:12] [generate_cnf] Generating formula qspiflash_dualflexpress_divfive-p164 with K=225
[2025-12-12 08:23:14] [run_formula] Running formula qspiflash_dualflexpress_divfive-p164 with K=225 up to limit 1600
[2025-12-12 08:23:44] [generate_cnf] Generating formula qspiflash_dualflexpress_divfive-p164 with K=226
[2025-12-12 08:23:46] [run_formula] Running formula qspiflash_dualflexpress_divfive-p164 with K=226 up to limit 1600
[2025-12-12 08:24:16] [generate_cnf] Generating formula qspiflash_dualflexpress_divfive-p164 with K=227
[2025-12-12 08:24:18] [run_formula] Running formula qspiflash_dualflexpress_divfive-p164 with K=227 up to limit 1600
[2025-12-12 08:24:56] [generate_cnf] Generating formula qspiflash_dualflexpress_divfive-p164 with K=228
[2025-12-12 08:24:57] [run_formula] Running formula qspiflash_dualflexpress_divfive-p164 with K=228 up to limit 1600
[2025-12-12 08:25:33] [generate_cnf] Generating formula qspiflash_dualflexpress_divfive-p164 with K=229
[2025-12-12 08:25:35] [run_formula] Running formula qspiflash_dualflexpress_divfive-p164 with K=229 up to limit 1600
[2025-12-12 08:26:09] [generate_cnf] Generating formula qspiflash_dualflexpress_divfive-p164 with K=230
[2025-12-12 08:26:11] [run_formula] Running formula qspiflash_dualflexpress_divfive-p164 with K=230 up to limit 1600
[2025-12-12 08:26:49] [generate_cnf] Generating formula qspiflash_dualflexpress_divfive-p164 with K=231
[2025-12-12 08:26:51] [run_formula] Running formula qspiflash_dualflexpress_divfive-p164 with K=231 up to limit 1600
[2025-12-12 08:27:33] [generate_cnf] Generating formula qspiflash_dualflexpress_divfive-p164 with K=232
[2025-12-12 08:27:35] [run_formula] Running formula qspiflash_dualflexpress_divfive-p164 with K=232 up to limit 1600
[2025-12-12 08:28:08] [run_formula] Error running formula qspiflash_dualflexpress_divfive-p164 with K=232: [Errno 122] Disk quota exceeded: './results/solving_logs/qspiflash_dualflexpress_divfive-p164//qspiflash_dualflexpress_divfive-p164.232.log'
[2025-12-12 08:28:08] [generate_and_run_up_to_limit] Failed to run formula qspiflash_dualflexpress_divfive-p164 with K=232, halting
