CNF written.
CNF written.
CNF written.
CNF written.
CNF written.
CNF written.
CNF written.
CNF written.
CNF written.
CNF written.
CNF written.
CNF written.
CNF written.
CNF written.
CNF written.
CNF written.
CNF written.
CNF written.
CNF written.
CNF written.
CNF written.
CNF written.
CNF written.
CNF written.
CNF written.
CNF written.
CNF written.
CNF written.
CNF written.
CNF written.
CNF written.
CNF written.
CNF written.
CNF written.
CNF written.
CNF written.
CNF written.
CNF written.
CNF written.
CNF written.
CNF written.
CNF written.
CNF written.
CNF written.
CNF written.
CNF written.
CNF written.
CNF written.
CNF written.
CNF written.
CNF written.
CNF written.
CNF written.
CNF written.
CNF written.
CNF written.
CNF written.
CNF written.
CNF written.
CNF written.
CNF written.
CNF written.
CNF written.
CNF written.
CNF written.
CNF written.
CNF written.
CNF written.
CNF written.
CNF written.
CNF written.
CNF written.
CNF written.
CNF written.
CNF written.
CNF written.
CNF written.
CNF written.
CNF written.
CNF written.
CNF written.
CNF written.
CNF written.
CNF written.
CNF written.
CNF written.
CNF written.
CNF written.
CNF written.
CNF written.
CNF written.
CNF written.
CNF written.
CNF written.
CNF written.
CNF written.
CNF written.
CNF written.
CNF written.
CNF written.
CNF written.
CNF written.
CNF written.
CNF written.
CNF written.
CNF written.
CNF written.
CNF written.
CNF written.
CNF written.
CNF written.
CNF written.
CNF written.
CNF written.
CNF written.
CNF written.
CNF written.
CNF written.
CNF written.
CNF written.
CNF written.
CNF written.
CNF written.
CNF written.
CNF written.
CNF written.
CNF written.
CNF written.
CNF written.
CNF written.
CNF written.
CNF written.
CNF written.
CNF written.
CNF written.
CNF written.
CNF written.
CNF written.
CNF written.
CNF written.
CNF written.
CNF written.
CNF written.
CNF written.
CNF written.
CNF written.
CNF written.
CNF written.
CNF written.
CNF written.
CNF written.
CNF written.
CNF written.
CNF written.
CNF written.
CNF written.
CNF written.
CNF written.
CNF written.
CNF written.
CNF written.
CNF written.
CNF written.
CNF written.
CNF written.
CNF written.
CNF written.
CNF written.
CNF written.
CNF written.
CNF written.
CNF written.
CNF written.
CNF written.
CNF written.
CNF written.
CNF written.
CNF written.
CNF written.
CNF written.
CNF written.
CNF written.
CNF written.
CNF written.
CNF written.
CNF written.
CNF written.
CNF written.
CNF written.
CNF written.
CNF written.
CNF written.
CNF written.
CNF written.
CNF written.
CNF written.
CNF written.
CNF written.
CNF written.
CNF written.
CNF written.
CNF written.
CNF written.
CNF written.
CNF written.
CNF written.
CNF written.
CNF written.
CNF written.
CNF written.
CNF written.
CNF written.
CNF written.
CNF written.
CNF written.
CNF written.
CNF written.
CNF written.
CNF written.
CNF written.
CNF written.
CNF written.
CNF written.
CNF written.
CNF written.
CNF written.
CNF written.
CNF written.
CNF written.
CNF written.
CNF written.
CNF written.
CNF written.
CNF written.
CNF written.
CNF written.
CNF written.
CNF written.
CNF written.
CNF written.
CNF written.
CNF written.
CNF written.
CNF written.
CNF written.
CNF written.
CNF written.
CNF written.
CNF written.
CNF written.
CNF written.
CNF written.
CNF written.
CNF written.
CNF written.
CNF written.
CNF written.
CNF written.
CNF written.
CNF written.
CNF written.
CNF written.
CNF written.
CNF written.
CNF written.
CNF written.
CNF written.
CNF written.
CNF written.
CNF written.
CNF written.
CNF written.
CNF written.
CNF written.
CNF written.
CNF written.
CNF written.
CNF written.
CNF written.
CNF written.
CNF written.
CNF written.
CNF written.
CNF written.
CNF written.
CNF written.
CNF written.
CNF written.
CNF written.
CNF written.
CNF written.
CNF written.
CNF written.
CNF written.
CNF written.
CNF written.
CNF written.
CNF written.
CNF written.
[2025-12-12 07:47:03] [generate_and_run_up_to_limit] Generating and running qspiflash_qflexpress_divfive-p104 with K<=500 up to limit 1600
[2025-12-12 07:47:03] [generate_cnf] Generating formula qspiflash_qflexpress_divfive-p104 with K=1
[2025-12-12 07:47:03] [run_formula] Running formula qspiflash_qflexpress_divfive-p104 with K=1 up to limit 1600
[2025-12-12 07:47:03] [generate_cnf] Generating formula qspiflash_qflexpress_divfive-p104 with K=2
[2025-12-12 07:47:03] [run_formula] Running formula qspiflash_qflexpress_divfive-p104 with K=2 up to limit 1600
[2025-12-12 07:47:03] [generate_cnf] Generating formula qspiflash_qflexpress_divfive-p104 with K=3
[2025-12-12 07:47:03] [run_formula] Running formula qspiflash_qflexpress_divfive-p104 with K=3 up to limit 1600
[2025-12-12 07:47:03] [generate_cnf] Generating formula qspiflash_qflexpress_divfive-p104 with K=4
[2025-12-12 07:47:03] [run_formula] Running formula qspiflash_qflexpress_divfive-p104 with K=4 up to limit 1600
[2025-12-12 07:47:03] [generate_cnf] Generating formula qspiflash_qflexpress_divfive-p104 with K=5
[2025-12-12 07:47:03] [run_formula] Running formula qspiflash_qflexpress_divfive-p104 with K=5 up to limit 1600
[2025-12-12 07:47:03] [generate_cnf] Generating formula qspiflash_qflexpress_divfive-p104 with K=6
[2025-12-12 07:47:03] [run_formula] Running formula qspiflash_qflexpress_divfive-p104 with K=6 up to limit 1600
[2025-12-12 07:47:03] [generate_cnf] Generating formula qspiflash_qflexpress_divfive-p104 with K=7
[2025-12-12 07:47:03] [run_formula] Running formula qspiflash_qflexpress_divfive-p104 with K=7 up to limit 1600
[2025-12-12 07:47:03] [generate_cnf] Generating formula qspiflash_qflexpress_divfive-p104 with K=8
[2025-12-12 07:47:03] [run_formula] Running formula qspiflash_qflexpress_divfive-p104 with K=8 up to limit 1600
[2025-12-12 07:47:03] [generate_cnf] Generating formula qspiflash_qflexpress_divfive-p104 with K=9
[2025-12-12 07:47:03] [run_formula] Running formula qspiflash_qflexpress_divfive-p104 with K=9 up to limit 1600
[2025-12-12 07:47:03] [generate_cnf] Generating formula qspiflash_qflexpress_divfive-p104 with K=10
[2025-12-12 07:47:03] [run_formula] Running formula qspiflash_qflexpress_divfive-p104 with K=10 up to limit 1600
[2025-12-12 07:47:03] [generate_cnf] Generating formula qspiflash_qflexpress_divfive-p104 with K=11
[2025-12-12 07:47:03] [run_formula] Running formula qspiflash_qflexpress_divfive-p104 with K=11 up to limit 1600
[2025-12-12 07:47:03] [generate_cnf] Generating formula qspiflash_qflexpress_divfive-p104 with K=12
[2025-12-12 07:47:04] [run_formula] Running formula qspiflash_qflexpress_divfive-p104 with K=12 up to limit 1600
[2025-12-12 07:47:04] [generate_cnf] Generating formula qspiflash_qflexpress_divfive-p104 with K=13
[2025-12-12 07:47:04] [run_formula] Running formula qspiflash_qflexpress_divfive-p104 with K=13 up to limit 1600
[2025-12-12 07:47:04] [generate_cnf] Generating formula qspiflash_qflexpress_divfive-p104 with K=14
[2025-12-12 07:47:04] [run_formula] Running formula qspiflash_qflexpress_divfive-p104 with K=14 up to limit 1600
[2025-12-12 07:47:04] [generate_cnf] Generating formula qspiflash_qflexpress_divfive-p104 with K=15
[2025-12-12 07:47:04] [run_formula] Running formula qspiflash_qflexpress_divfive-p104 with K=15 up to limit 1600
[2025-12-12 07:47:04] [generate_cnf] Generating formula qspiflash_qflexpress_divfive-p104 with K=16
[2025-12-12 07:47:05] [run_formula] Running formula qspiflash_qflexpress_divfive-p104 with K=16 up to limit 1600
[2025-12-12 07:47:05] [generate_cnf] Generating formula qspiflash_qflexpress_divfive-p104 with K=17
[2025-12-12 07:47:06] [run_formula] Running formula qspiflash_qflexpress_divfive-p104 with K=17 up to limit 1600
[2025-12-12 07:47:06] [generate_cnf] Generating formula qspiflash_qflexpress_divfive-p104 with K=18
[2025-12-12 07:47:06] [run_formula] Running formula qspiflash_qflexpress_divfive-p104 with K=18 up to limit 1600
[2025-12-12 07:47:06] [generate_cnf] Generating formula qspiflash_qflexpress_divfive-p104 with K=19
[2025-12-12 07:47:06] [run_formula] Running formula qspiflash_qflexpress_divfive-p104 with K=19 up to limit 1600
[2025-12-12 07:47:06] [generate_cnf] Generating formula qspiflash_qflexpress_divfive-p104 with K=20
[2025-12-12 07:47:06] [run_formula] Running formula qspiflash_qflexpress_divfive-p104 with K=20 up to limit 1600
[2025-12-12 07:47:06] [generate_cnf] Generating formula qspiflash_qflexpress_divfive-p104 with K=21
[2025-12-12 07:47:07] [run_formula] Running formula qspiflash_qflexpress_divfive-p104 with K=21 up to limit 1600
[2025-12-12 07:47:07] [generate_cnf] Generating formula qspiflash_qflexpress_divfive-p104 with K=22
[2025-12-12 07:47:07] [run_formula] Running formula qspiflash_qflexpress_divfive-p104 with K=22 up to limit 1600
[2025-12-12 07:47:07] [generate_cnf] Generating formula qspiflash_qflexpress_divfive-p104 with K=23
[2025-12-12 07:47:07] [run_formula] Running formula qspiflash_qflexpress_divfive-p104 with K=23 up to limit 1600
[2025-12-12 07:47:07] [generate_cnf] Generating formula qspiflash_qflexpress_divfive-p104 with K=24
[2025-12-12 07:47:07] [run_formula] Running formula qspiflash_qflexpress_divfive-p104 with K=24 up to limit 1600
[2025-12-12 07:47:08] [generate_cnf] Generating formula qspiflash_qflexpress_divfive-p104 with K=25
[2025-12-12 07:47:08] [run_formula] Running formula qspiflash_qflexpress_divfive-p104 with K=25 up to limit 1600
[2025-12-12 07:47:08] [generate_cnf] Generating formula qspiflash_qflexpress_divfive-p104 with K=26
[2025-12-12 07:47:08] [run_formula] Running formula qspiflash_qflexpress_divfive-p104 with K=26 up to limit 1600
[2025-12-12 07:47:08] [generate_cnf] Generating formula qspiflash_qflexpress_divfive-p104 with K=27
[2025-12-12 07:47:09] [run_formula] Running formula qspiflash_qflexpress_divfive-p104 with K=27 up to limit 1600
[2025-12-12 07:47:09] [generate_cnf] Generating formula qspiflash_qflexpress_divfive-p104 with K=28
[2025-12-12 07:47:09] [run_formula] Running formula qspiflash_qflexpress_divfive-p104 with K=28 up to limit 1600
[2025-12-12 07:47:09] [generate_cnf] Generating formula qspiflash_qflexpress_divfive-p104 with K=29
[2025-12-12 07:47:09] [run_formula] Running formula qspiflash_qflexpress_divfive-p104 with K=29 up to limit 1600
[2025-12-12 07:47:10] [generate_cnf] Generating formula qspiflash_qflexpress_divfive-p104 with K=30
[2025-12-12 07:47:10] [run_formula] Running formula qspiflash_qflexpress_divfive-p104 with K=30 up to limit 1600
[2025-12-12 07:47:10] [generate_cnf] Generating formula qspiflash_qflexpress_divfive-p104 with K=31
[2025-12-12 07:47:10] [run_formula] Running formula qspiflash_qflexpress_divfive-p104 with K=31 up to limit 1600
[2025-12-12 07:47:11] [generate_cnf] Generating formula qspiflash_qflexpress_divfive-p104 with K=32
[2025-12-12 07:47:11] [run_formula] Running formula qspiflash_qflexpress_divfive-p104 with K=32 up to limit 1600
[2025-12-12 07:47:11] [generate_cnf] Generating formula qspiflash_qflexpress_divfive-p104 with K=33
[2025-12-12 07:47:11] [run_formula] Running formula qspiflash_qflexpress_divfive-p104 with K=33 up to limit 1600
[2025-12-12 07:47:12] [generate_cnf] Generating formula qspiflash_qflexpress_divfive-p104 with K=34
[2025-12-12 07:47:12] [run_formula] Running formula qspiflash_qflexpress_divfive-p104 with K=34 up to limit 1600
[2025-12-12 07:47:12] [generate_cnf] Generating formula qspiflash_qflexpress_divfive-p104 with K=35
[2025-12-12 07:47:12] [run_formula] Running formula qspiflash_qflexpress_divfive-p104 with K=35 up to limit 1600
[2025-12-12 07:47:13] [generate_cnf] Generating formula qspiflash_qflexpress_divfive-p104 with K=36
[2025-12-12 07:47:13] [run_formula] Running formula qspiflash_qflexpress_divfive-p104 with K=36 up to limit 1600
[2025-12-12 07:47:13] [generate_cnf] Generating formula qspiflash_qflexpress_divfive-p104 with K=37
[2025-12-12 07:47:14] [run_formula] Running formula qspiflash_qflexpress_divfive-p104 with K=37 up to limit 1600
[2025-12-12 07:47:14] [generate_cnf] Generating formula qspiflash_qflexpress_divfive-p104 with K=38
[2025-12-12 07:47:14] [run_formula] Running formula qspiflash_qflexpress_divfive-p104 with K=38 up to limit 1600
[2025-12-12 07:47:15] [generate_cnf] Generating formula qspiflash_qflexpress_divfive-p104 with K=39
[2025-12-12 07:47:15] [run_formula] Running formula qspiflash_qflexpress_divfive-p104 with K=39 up to limit 1600
[2025-12-12 07:47:15] [generate_cnf] Generating formula qspiflash_qflexpress_divfive-p104 with K=40
[2025-12-12 07:47:16] [run_formula] Running formula qspiflash_qflexpress_divfive-p104 with K=40 up to limit 1600
[2025-12-12 07:47:16] [generate_cnf] Generating formula qspiflash_qflexpress_divfive-p104 with K=41
[2025-12-12 07:47:16] [run_formula] Running formula qspiflash_qflexpress_divfive-p104 with K=41 up to limit 1600
[2025-12-12 07:47:17] [generate_cnf] Generating formula qspiflash_qflexpress_divfive-p104 with K=42
[2025-12-12 07:47:17] [run_formula] Running formula qspiflash_qflexpress_divfive-p104 with K=42 up to limit 1600
[2025-12-12 07:47:18] [generate_cnf] Generating formula qspiflash_qflexpress_divfive-p104 with K=43
[2025-12-12 07:47:18] [run_formula] Running formula qspiflash_qflexpress_divfive-p104 with K=43 up to limit 1600
[2025-12-12 07:47:18] [generate_cnf] Generating formula qspiflash_qflexpress_divfive-p104 with K=44
[2025-12-12 07:47:19] [run_formula] Running formula qspiflash_qflexpress_divfive-p104 with K=44 up to limit 1600
[2025-12-12 07:47:19] [generate_cnf] Generating formula qspiflash_qflexpress_divfive-p104 with K=45
[2025-12-12 07:47:20] [run_formula] Running formula qspiflash_qflexpress_divfive-p104 with K=45 up to limit 1600
[2025-12-12 07:47:20] [generate_cnf] Generating formula qspiflash_qflexpress_divfive-p104 with K=46
[2025-12-12 07:47:20] [run_formula] Running formula qspiflash_qflexpress_divfive-p104 with K=46 up to limit 1600
[2025-12-12 07:47:21] [generate_cnf] Generating formula qspiflash_qflexpress_divfive-p104 with K=47
[2025-12-12 07:47:21] [run_formula] Running formula qspiflash_qflexpress_divfive-p104 with K=47 up to limit 1600
[2025-12-12 07:47:22] [generate_cnf] Generating formula qspiflash_qflexpress_divfive-p104 with K=48
[2025-12-12 07:47:22] [run_formula] Running formula qspiflash_qflexpress_divfive-p104 with K=48 up to limit 1600
[2025-12-12 07:47:23] [generate_cnf] Generating formula qspiflash_qflexpress_divfive-p104 with K=49
[2025-12-12 07:47:23] [run_formula] Running formula qspiflash_qflexpress_divfive-p104 with K=49 up to limit 1600
[2025-12-12 07:47:24] [generate_cnf] Generating formula qspiflash_qflexpress_divfive-p104 with K=50
[2025-12-12 07:47:24] [run_formula] Running formula qspiflash_qflexpress_divfive-p104 with K=50 up to limit 1600
[2025-12-12 07:47:25] [generate_cnf] Generating formula qspiflash_qflexpress_divfive-p104 with K=51
[2025-12-12 07:47:25] [run_formula] Running formula qspiflash_qflexpress_divfive-p104 with K=51 up to limit 1600
[2025-12-12 07:47:26] [generate_cnf] Generating formula qspiflash_qflexpress_divfive-p104 with K=52
[2025-12-12 07:47:26] [run_formula] Running formula qspiflash_qflexpress_divfive-p104 with K=52 up to limit 1600
[2025-12-12 07:47:27] [generate_cnf] Generating formula qspiflash_qflexpress_divfive-p104 with K=53
[2025-12-12 07:47:28] [run_formula] Running formula qspiflash_qflexpress_divfive-p104 with K=53 up to limit 1600
[2025-12-12 07:47:28] [generate_cnf] Generating formula qspiflash_qflexpress_divfive-p104 with K=54
[2025-12-12 07:47:29] [run_formula] Running formula qspiflash_qflexpress_divfive-p104 with K=54 up to limit 1600
[2025-12-12 07:47:29] [generate_cnf] Generating formula qspiflash_qflexpress_divfive-p104 with K=55
[2025-12-12 07:47:30] [run_formula] Running formula qspiflash_qflexpress_divfive-p104 with K=55 up to limit 1600
[2025-12-12 07:47:31] [generate_cnf] Generating formula qspiflash_qflexpress_divfive-p104 with K=56
[2025-12-12 07:47:31] [run_formula] Running formula qspiflash_qflexpress_divfive-p104 with K=56 up to limit 1600
[2025-12-12 07:47:32] [generate_cnf] Generating formula qspiflash_qflexpress_divfive-p104 with K=57
[2025-12-12 07:47:32] [run_formula] Running formula qspiflash_qflexpress_divfive-p104 with K=57 up to limit 1600
[2025-12-12 07:47:33] [generate_cnf] Generating formula qspiflash_qflexpress_divfive-p104 with K=58
[2025-12-12 07:47:33] [run_formula] Running formula qspiflash_qflexpress_divfive-p104 with K=58 up to limit 1600
[2025-12-12 07:47:34] [generate_cnf] Generating formula qspiflash_qflexpress_divfive-p104 with K=59
[2025-12-12 07:47:35] [run_formula] Running formula qspiflash_qflexpress_divfive-p104 with K=59 up to limit 1600
[2025-12-12 07:47:36] [generate_cnf] Generating formula qspiflash_qflexpress_divfive-p104 with K=60
[2025-12-12 07:47:36] [run_formula] Running formula qspiflash_qflexpress_divfive-p104 with K=60 up to limit 1600
[2025-12-12 07:47:37] [generate_cnf] Generating formula qspiflash_qflexpress_divfive-p104 with K=61
[2025-12-12 07:47:37] [run_formula] Running formula qspiflash_qflexpress_divfive-p104 with K=61 up to limit 1600
[2025-12-12 07:47:38] [generate_cnf] Generating formula qspiflash_qflexpress_divfive-p104 with K=62
[2025-12-12 07:47:39] [run_formula] Running formula qspiflash_qflexpress_divfive-p104 with K=62 up to limit 1600
[2025-12-12 07:47:40] [generate_cnf] Generating formula qspiflash_qflexpress_divfive-p104 with K=63
[2025-12-12 07:47:40] [run_formula] Running formula qspiflash_qflexpress_divfive-p104 with K=63 up to limit 1600
[2025-12-12 07:47:41] [generate_cnf] Generating formula qspiflash_qflexpress_divfive-p104 with K=64
[2025-12-12 07:47:42] [run_formula] Running formula qspiflash_qflexpress_divfive-p104 with K=64 up to limit 1600
[2025-12-12 07:47:43] [generate_cnf] Generating formula qspiflash_qflexpress_divfive-p104 with K=65
[2025-12-12 07:47:43] [run_formula] Running formula qspiflash_qflexpress_divfive-p104 with K=65 up to limit 1600
[2025-12-12 07:47:44] [generate_cnf] Generating formula qspiflash_qflexpress_divfive-p104 with K=66
[2025-12-12 07:47:45] [run_formula] Running formula qspiflash_qflexpress_divfive-p104 with K=66 up to limit 1600
[2025-12-12 07:47:46] [generate_cnf] Generating formula qspiflash_qflexpress_divfive-p104 with K=67
[2025-12-12 07:47:46] [run_formula] Running formula qspiflash_qflexpress_divfive-p104 with K=67 up to limit 1600
[2025-12-12 07:47:47] [generate_cnf] Generating formula qspiflash_qflexpress_divfive-p104 with K=68
[2025-12-12 07:47:48] [run_formula] Running formula qspiflash_qflexpress_divfive-p104 with K=68 up to limit 1600
[2025-12-12 07:47:49] [generate_cnf] Generating formula qspiflash_qflexpress_divfive-p104 with K=69
[2025-12-12 07:47:49] [run_formula] Running formula qspiflash_qflexpress_divfive-p104 with K=69 up to limit 1600
[2025-12-12 07:47:51] [generate_cnf] Generating formula qspiflash_qflexpress_divfive-p104 with K=70
[2025-12-12 07:47:51] [run_formula] Running formula qspiflash_qflexpress_divfive-p104 with K=70 up to limit 1600
[2025-12-12 07:47:53] [generate_cnf] Generating formula qspiflash_qflexpress_divfive-p104 with K=71
[2025-12-12 07:47:53] [run_formula] Running formula qspiflash_qflexpress_divfive-p104 with K=71 up to limit 1600
[2025-12-12 07:47:54] [generate_cnf] Generating formula qspiflash_qflexpress_divfive-p104 with K=72
[2025-12-12 07:47:55] [run_formula] Running formula qspiflash_qflexpress_divfive-p104 with K=72 up to limit 1600
[2025-12-12 07:47:56] [generate_cnf] Generating formula qspiflash_qflexpress_divfive-p104 with K=73
[2025-12-12 07:47:57] [run_formula] Running formula qspiflash_qflexpress_divfive-p104 with K=73 up to limit 1600
[2025-12-12 07:47:58] [generate_cnf] Generating formula qspiflash_qflexpress_divfive-p104 with K=74
[2025-12-12 07:47:58] [run_formula] Running formula qspiflash_qflexpress_divfive-p104 with K=74 up to limit 1600
[2025-12-12 07:48:00] [generate_cnf] Generating formula qspiflash_qflexpress_divfive-p104 with K=75
[2025-12-12 07:48:00] [run_formula] Running formula qspiflash_qflexpress_divfive-p104 with K=75 up to limit 1600
[2025-12-12 07:48:02] [generate_cnf] Generating formula qspiflash_qflexpress_divfive-p104 with K=76
[2025-12-12 07:48:02] [run_formula] Running formula qspiflash_qflexpress_divfive-p104 with K=76 up to limit 1600
[2025-12-12 07:48:04] [generate_cnf] Generating formula qspiflash_qflexpress_divfive-p104 with K=77
[2025-12-12 07:48:04] [run_formula] Running formula qspiflash_qflexpress_divfive-p104 with K=77 up to limit 1600
[2025-12-12 07:48:05] [generate_cnf] Generating formula qspiflash_qflexpress_divfive-p104 with K=78
[2025-12-12 07:48:06] [run_formula] Running formula qspiflash_qflexpress_divfive-p104 with K=78 up to limit 1600
[2025-12-12 07:48:07] [generate_cnf] Generating formula qspiflash_qflexpress_divfive-p104 with K=79
[2025-12-12 07:48:08] [run_formula] Running formula qspiflash_qflexpress_divfive-p104 with K=79 up to limit 1600
[2025-12-12 07:48:09] [generate_cnf] Generating formula qspiflash_qflexpress_divfive-p104 with K=80
[2025-12-12 07:48:10] [run_formula] Running formula qspiflash_qflexpress_divfive-p104 with K=80 up to limit 1600
[2025-12-12 07:48:11] [generate_cnf] Generating formula qspiflash_qflexpress_divfive-p104 with K=81
[2025-12-12 07:48:12] [run_formula] Running formula qspiflash_qflexpress_divfive-p104 with K=81 up to limit 1600
[2025-12-12 07:48:13] [generate_cnf] Generating formula qspiflash_qflexpress_divfive-p104 with K=82
[2025-12-12 07:48:14] [run_formula] Running formula qspiflash_qflexpress_divfive-p104 with K=82 up to limit 1600
[2025-12-12 07:48:15] [generate_cnf] Generating formula qspiflash_qflexpress_divfive-p104 with K=83
[2025-12-12 07:48:16] [run_formula] Running formula qspiflash_qflexpress_divfive-p104 with K=83 up to limit 1600
[2025-12-12 07:48:17] [generate_cnf] Generating formula qspiflash_qflexpress_divfive-p104 with K=84
[2025-12-12 07:48:18] [run_formula] Running formula qspiflash_qflexpress_divfive-p104 with K=84 up to limit 1600
[2025-12-12 07:48:19] [generate_cnf] Generating formula qspiflash_qflexpress_divfive-p104 with K=85
[2025-12-12 07:48:20] [run_formula] Running formula qspiflash_qflexpress_divfive-p104 with K=85 up to limit 1600
[2025-12-12 07:48:21] [generate_cnf] Generating formula qspiflash_qflexpress_divfive-p104 with K=86
[2025-12-12 07:48:22] [run_formula] Running formula qspiflash_qflexpress_divfive-p104 with K=86 up to limit 1600
[2025-12-12 07:48:24] [generate_cnf] Generating formula qspiflash_qflexpress_divfive-p104 with K=87
[2025-12-12 07:48:25] [run_formula] Running formula qspiflash_qflexpress_divfive-p104 with K=87 up to limit 1600
[2025-12-12 07:48:26] [generate_cnf] Generating formula qspiflash_qflexpress_divfive-p104 with K=88
[2025-12-12 07:48:27] [run_formula] Running formula qspiflash_qflexpress_divfive-p104 with K=88 up to limit 1600
[2025-12-12 07:48:29] [generate_cnf] Generating formula qspiflash_qflexpress_divfive-p104 with K=89
[2025-12-12 07:48:30] [run_formula] Running formula qspiflash_qflexpress_divfive-p104 with K=89 up to limit 1600
[2025-12-12 07:48:31] [generate_cnf] Generating formula qspiflash_qflexpress_divfive-p104 with K=90
[2025-12-12 07:48:32] [run_formula] Running formula qspiflash_qflexpress_divfive-p104 with K=90 up to limit 1600
[2025-12-12 07:48:33] [generate_cnf] Generating formula qspiflash_qflexpress_divfive-p104 with K=91
[2025-12-12 07:48:34] [run_formula] Running formula qspiflash_qflexpress_divfive-p104 with K=91 up to limit 1600
[2025-12-12 07:48:36] [generate_cnf] Generating formula qspiflash_qflexpress_divfive-p104 with K=92
[2025-12-12 07:48:36] [run_formula] Running formula qspiflash_qflexpress_divfive-p104 with K=92 up to limit 1600
[2025-12-12 07:48:38] [generate_cnf] Generating formula qspiflash_qflexpress_divfive-p104 with K=93
[2025-12-12 07:48:39] [run_formula] Running formula qspiflash_qflexpress_divfive-p104 with K=93 up to limit 1600
[2025-12-12 07:48:41] [generate_cnf] Generating formula qspiflash_qflexpress_divfive-p104 with K=94
[2025-12-12 07:48:41] [run_formula] Running formula qspiflash_qflexpress_divfive-p104 with K=94 up to limit 1600
[2025-12-12 07:48:43] [generate_cnf] Generating formula qspiflash_qflexpress_divfive-p104 with K=95
[2025-12-12 07:48:44] [run_formula] Running formula qspiflash_qflexpress_divfive-p104 with K=95 up to limit 1600
[2025-12-12 07:48:46] [generate_cnf] Generating formula qspiflash_qflexpress_divfive-p104 with K=96
[2025-12-12 07:48:47] [run_formula] Running formula qspiflash_qflexpress_divfive-p104 with K=96 up to limit 1600
[2025-12-12 07:48:49] [generate_cnf] Generating formula qspiflash_qflexpress_divfive-p104 with K=97
[2025-12-12 07:48:49] [run_formula] Running formula qspiflash_qflexpress_divfive-p104 with K=97 up to limit 1600
[2025-12-12 07:48:53] [generate_cnf] Generating formula qspiflash_qflexpress_divfive-p104 with K=98
[2025-12-12 07:48:53] [run_formula] Running formula qspiflash_qflexpress_divfive-p104 with K=98 up to limit 1600
[2025-12-12 07:48:56] [generate_cnf] Generating formula qspiflash_qflexpress_divfive-p104 with K=99
[2025-12-12 07:48:56] [run_formula] Running formula qspiflash_qflexpress_divfive-p104 with K=99 up to limit 1600
[2025-12-12 07:48:59] [generate_cnf] Generating formula qspiflash_qflexpress_divfive-p104 with K=100
[2025-12-12 07:49:00] [run_formula] Running formula qspiflash_qflexpress_divfive-p104 with K=100 up to limit 1600
[2025-12-12 07:49:03] [generate_cnf] Generating formula qspiflash_qflexpress_divfive-p104 with K=101
[2025-12-12 07:49:03] [run_formula] Running formula qspiflash_qflexpress_divfive-p104 with K=101 up to limit 1600
[2025-12-12 07:49:06] [generate_cnf] Generating formula qspiflash_qflexpress_divfive-p104 with K=102
[2025-12-12 07:49:07] [run_formula] Running formula qspiflash_qflexpress_divfive-p104 with K=102 up to limit 1600
[2025-12-12 07:49:09] [generate_cnf] Generating formula qspiflash_qflexpress_divfive-p104 with K=103
[2025-12-12 07:49:10] [run_formula] Running formula qspiflash_qflexpress_divfive-p104 with K=103 up to limit 1600
[2025-12-12 07:49:13] [generate_cnf] Generating formula qspiflash_qflexpress_divfive-p104 with K=104
[2025-12-12 07:49:13] [run_formula] Running formula qspiflash_qflexpress_divfive-p104 with K=104 up to limit 1600
[2025-12-12 07:49:15] [generate_cnf] Generating formula qspiflash_qflexpress_divfive-p104 with K=105
[2025-12-12 07:49:16] [run_formula] Running formula qspiflash_qflexpress_divfive-p104 with K=105 up to limit 1600
[2025-12-12 07:49:19] [generate_cnf] Generating formula qspiflash_qflexpress_divfive-p104 with K=106
[2025-12-12 07:49:20] [run_formula] Running formula qspiflash_qflexpress_divfive-p104 with K=106 up to limit 1600
[2025-12-12 07:49:22] [generate_cnf] Generating formula qspiflash_qflexpress_divfive-p104 with K=107
[2025-12-12 07:49:23] [run_formula] Running formula qspiflash_qflexpress_divfive-p104 with K=107 up to limit 1600
[2025-12-12 07:49:26] [generate_cnf] Generating formula qspiflash_qflexpress_divfive-p104 with K=108
[2025-12-12 07:49:26] [run_formula] Running formula qspiflash_qflexpress_divfive-p104 with K=108 up to limit 1600
[2025-12-12 07:49:29] [generate_cnf] Generating formula qspiflash_qflexpress_divfive-p104 with K=109
[2025-12-12 07:49:29] [run_formula] Running formula qspiflash_qflexpress_divfive-p104 with K=109 up to limit 1600
[2025-12-12 07:49:32] [generate_cnf] Generating formula qspiflash_qflexpress_divfive-p104 with K=110
[2025-12-12 07:49:33] [run_formula] Running formula qspiflash_qflexpress_divfive-p104 with K=110 up to limit 1600
[2025-12-12 07:49:36] [generate_cnf] Generating formula qspiflash_qflexpress_divfive-p104 with K=111
[2025-12-12 07:49:36] [run_formula] Running formula qspiflash_qflexpress_divfive-p104 with K=111 up to limit 1600
[2025-12-12 07:49:39] [generate_cnf] Generating formula qspiflash_qflexpress_divfive-p104 with K=112
[2025-12-12 07:49:40] [run_formula] Running formula qspiflash_qflexpress_divfive-p104 with K=112 up to limit 1600
[2025-12-12 07:49:42] [generate_cnf] Generating formula qspiflash_qflexpress_divfive-p104 with K=113
[2025-12-12 07:49:43] [run_formula] Running formula qspiflash_qflexpress_divfive-p104 with K=113 up to limit 1600
[2025-12-12 07:49:47] [generate_cnf] Generating formula qspiflash_qflexpress_divfive-p104 with K=114
[2025-12-12 07:49:48] [run_formula] Running formula qspiflash_qflexpress_divfive-p104 with K=114 up to limit 1600
[2025-12-12 07:49:50] [generate_cnf] Generating formula qspiflash_qflexpress_divfive-p104 with K=115
[2025-12-12 07:49:51] [run_formula] Running formula qspiflash_qflexpress_divfive-p104 with K=115 up to limit 1600
[2025-12-12 07:49:55] [generate_cnf] Generating formula qspiflash_qflexpress_divfive-p104 with K=116
[2025-12-12 07:49:55] [run_formula] Running formula qspiflash_qflexpress_divfive-p104 with K=116 up to limit 1600
[2025-12-12 07:49:58] [generate_cnf] Generating formula qspiflash_qflexpress_divfive-p104 with K=117
[2025-12-12 07:49:59] [run_formula] Running formula qspiflash_qflexpress_divfive-p104 with K=117 up to limit 1600
[2025-12-12 07:50:03] [generate_cnf] Generating formula qspiflash_qflexpress_divfive-p104 with K=118
[2025-12-12 07:50:03] [run_formula] Running formula qspiflash_qflexpress_divfive-p104 with K=118 up to limit 1600
[2025-12-12 07:50:07] [generate_cnf] Generating formula qspiflash_qflexpress_divfive-p104 with K=119
[2025-12-12 07:50:07] [run_formula] Running formula qspiflash_qflexpress_divfive-p104 with K=119 up to limit 1600
[2025-12-12 07:50:11] [generate_cnf] Generating formula qspiflash_qflexpress_divfive-p104 with K=120
[2025-12-12 07:50:12] [run_formula] Running formula qspiflash_qflexpress_divfive-p104 with K=120 up to limit 1600
[2025-12-12 07:50:15] [generate_cnf] Generating formula qspiflash_qflexpress_divfive-p104 with K=121
[2025-12-12 07:50:16] [run_formula] Running formula qspiflash_qflexpress_divfive-p104 with K=121 up to limit 1600
[2025-12-12 07:50:19] [generate_cnf] Generating formula qspiflash_qflexpress_divfive-p104 with K=122
[2025-12-12 07:50:20] [run_formula] Running formula qspiflash_qflexpress_divfive-p104 with K=122 up to limit 1600
[2025-12-12 07:50:23] [generate_cnf] Generating formula qspiflash_qflexpress_divfive-p104 with K=123
[2025-12-12 07:50:23] [run_formula] Running formula qspiflash_qflexpress_divfive-p104 with K=123 up to limit 1600
[2025-12-12 07:50:27] [generate_cnf] Generating formula qspiflash_qflexpress_divfive-p104 with K=124
[2025-12-12 07:50:27] [run_formula] Running formula qspiflash_qflexpress_divfive-p104 with K=124 up to limit 1600
[2025-12-12 07:50:31] [generate_cnf] Generating formula qspiflash_qflexpress_divfive-p104 with K=125
[2025-12-12 07:50:32] [run_formula] Running formula qspiflash_qflexpress_divfive-p104 with K=125 up to limit 1600
[2025-12-12 07:50:35] [generate_cnf] Generating formula qspiflash_qflexpress_divfive-p104 with K=126
[2025-12-12 07:50:36] [run_formula] Running formula qspiflash_qflexpress_divfive-p104 with K=126 up to limit 1600
[2025-12-12 07:50:40] [generate_cnf] Generating formula qspiflash_qflexpress_divfive-p104 with K=127
[2025-12-12 07:50:41] [run_formula] Running formula qspiflash_qflexpress_divfive-p104 with K=127 up to limit 1600
[2025-12-12 07:50:44] [generate_cnf] Generating formula qspiflash_qflexpress_divfive-p104 with K=128
[2025-12-12 07:50:45] [run_formula] Running formula qspiflash_qflexpress_divfive-p104 with K=128 up to limit 1600
[2025-12-12 07:50:49] [generate_cnf] Generating formula qspiflash_qflexpress_divfive-p104 with K=129
[2025-12-12 07:50:50] [run_formula] Running formula qspiflash_qflexpress_divfive-p104 with K=129 up to limit 1600
[2025-12-12 07:50:54] [generate_cnf] Generating formula qspiflash_qflexpress_divfive-p104 with K=130
[2025-12-12 07:50:55] [run_formula] Running formula qspiflash_qflexpress_divfive-p104 with K=130 up to limit 1600
[2025-12-12 07:51:00] [generate_cnf] Generating formula qspiflash_qflexpress_divfive-p104 with K=131
[2025-12-12 07:51:01] [run_formula] Running formula qspiflash_qflexpress_divfive-p104 with K=131 up to limit 1600
[2025-12-12 07:51:05] [generate_cnf] Generating formula qspiflash_qflexpress_divfive-p104 with K=132
[2025-12-12 07:51:05] [run_formula] Running formula qspiflash_qflexpress_divfive-p104 with K=132 up to limit 1600
[2025-12-12 07:51:11] [generate_cnf] Generating formula qspiflash_qflexpress_divfive-p104 with K=133
[2025-12-12 07:51:11] [run_formula] Running formula qspiflash_qflexpress_divfive-p104 with K=133 up to limit 1600
[2025-12-12 07:51:17] [generate_cnf] Generating formula qspiflash_qflexpress_divfive-p104 with K=134
[2025-12-12 07:51:17] [run_formula] Running formula qspiflash_qflexpress_divfive-p104 with K=134 up to limit 1600
[2025-12-12 07:51:21] [generate_cnf] Generating formula qspiflash_qflexpress_divfive-p104 with K=135
[2025-12-12 07:51:22] [run_formula] Running formula qspiflash_qflexpress_divfive-p104 with K=135 up to limit 1600
[2025-12-12 07:51:28] [generate_cnf] Generating formula qspiflash_qflexpress_divfive-p104 with K=136
[2025-12-12 07:51:28] [run_formula] Running formula qspiflash_qflexpress_divfive-p104 with K=136 up to limit 1600
[2025-12-12 07:51:35] [generate_cnf] Generating formula qspiflash_qflexpress_divfive-p104 with K=137
[2025-12-12 07:51:36] [run_formula] Running formula qspiflash_qflexpress_divfive-p104 with K=137 up to limit 1600
[2025-12-12 07:51:39] [generate_cnf] Generating formula qspiflash_qflexpress_divfive-p104 with K=138
[2025-12-12 07:51:40] [run_formula] Running formula qspiflash_qflexpress_divfive-p104 with K=138 up to limit 1600
[2025-12-12 07:51:46] [generate_cnf] Generating formula qspiflash_qflexpress_divfive-p104 with K=139
[2025-12-12 07:51:46] [run_formula] Running formula qspiflash_qflexpress_divfive-p104 with K=139 up to limit 1600
[2025-12-12 07:51:50] [generate_cnf] Generating formula qspiflash_qflexpress_divfive-p104 with K=140
[2025-12-12 07:51:51] [run_formula] Running formula qspiflash_qflexpress_divfive-p104 with K=140 up to limit 1600
[2025-12-12 07:51:56] [generate_cnf] Generating formula qspiflash_qflexpress_divfive-p104 with K=141
[2025-12-12 07:51:57] [run_formula] Running formula qspiflash_qflexpress_divfive-p104 with K=141 up to limit 1600
[2025-12-12 07:52:03] [generate_cnf] Generating formula qspiflash_qflexpress_divfive-p104 with K=142
[2025-12-12 07:52:03] [run_formula] Running formula qspiflash_qflexpress_divfive-p104 with K=142 up to limit 1600
[2025-12-12 07:52:08] [generate_cnf] Generating formula qspiflash_qflexpress_divfive-p104 with K=143
[2025-12-12 07:52:09] [run_formula] Running formula qspiflash_qflexpress_divfive-p104 with K=143 up to limit 1600
[2025-12-12 07:52:15] [generate_cnf] Generating formula qspiflash_qflexpress_divfive-p104 with K=144
[2025-12-12 07:52:16] [run_formula] Running formula qspiflash_qflexpress_divfive-p104 with K=144 up to limit 1600
[2025-12-12 07:52:21] [generate_cnf] Generating formula qspiflash_qflexpress_divfive-p104 with K=145
[2025-12-12 07:52:22] [run_formula] Running formula qspiflash_qflexpress_divfive-p104 with K=145 up to limit 1600
[2025-12-12 07:52:28] [generate_cnf] Generating formula qspiflash_qflexpress_divfive-p104 with K=146
[2025-12-12 07:52:29] [run_formula] Running formula qspiflash_qflexpress_divfive-p104 with K=146 up to limit 1600
[2025-12-12 07:52:35] [generate_cnf] Generating formula qspiflash_qflexpress_divfive-p104 with K=147
[2025-12-12 07:52:36] [run_formula] Running formula qspiflash_qflexpress_divfive-p104 with K=147 up to limit 1600
[2025-12-12 07:52:40] [generate_cnf] Generating formula qspiflash_qflexpress_divfive-p104 with K=148
[2025-12-12 07:52:41] [run_formula] Running formula qspiflash_qflexpress_divfive-p104 with K=148 up to limit 1600
[2025-12-12 07:52:47] [generate_cnf] Generating formula qspiflash_qflexpress_divfive-p104 with K=149
[2025-12-12 07:52:48] [run_formula] Running formula qspiflash_qflexpress_divfive-p104 with K=149 up to limit 1600
[2025-12-12 07:52:55] [generate_cnf] Generating formula qspiflash_qflexpress_divfive-p104 with K=150
[2025-12-12 07:52:55] [run_formula] Running formula qspiflash_qflexpress_divfive-p104 with K=150 up to limit 1600
[2025-12-12 07:53:02] [generate_cnf] Generating formula qspiflash_qflexpress_divfive-p104 with K=151
[2025-12-12 07:53:03] [run_formula] Running formula qspiflash_qflexpress_divfive-p104 with K=151 up to limit 1600
[2025-12-12 07:53:09] [generate_cnf] Generating formula qspiflash_qflexpress_divfive-p104 with K=152
[2025-12-12 07:53:10] [run_formula] Running formula qspiflash_qflexpress_divfive-p104 with K=152 up to limit 1600
[2025-12-12 07:53:17] [generate_cnf] Generating formula qspiflash_qflexpress_divfive-p104 with K=153
[2025-12-12 07:53:18] [run_formula] Running formula qspiflash_qflexpress_divfive-p104 with K=153 up to limit 1600
[2025-12-12 07:53:25] [generate_cnf] Generating formula qspiflash_qflexpress_divfive-p104 with K=154
[2025-12-12 07:53:26] [run_formula] Running formula qspiflash_qflexpress_divfive-p104 with K=154 up to limit 1600
[2025-12-12 07:53:32] [generate_cnf] Generating formula qspiflash_qflexpress_divfive-p104 with K=155
[2025-12-12 07:53:33] [run_formula] Running formula qspiflash_qflexpress_divfive-p104 with K=155 up to limit 1600
[2025-12-12 07:53:38] [generate_cnf] Generating formula qspiflash_qflexpress_divfive-p104 with K=156
[2025-12-12 07:53:39] [run_formula] Running formula qspiflash_qflexpress_divfive-p104 with K=156 up to limit 1600
[2025-12-12 07:53:46] [generate_cnf] Generating formula qspiflash_qflexpress_divfive-p104 with K=157
[2025-12-12 07:53:47] [run_formula] Running formula qspiflash_qflexpress_divfive-p104 with K=157 up to limit 1600
[2025-12-12 07:53:53] [generate_cnf] Generating formula qspiflash_qflexpress_divfive-p104 with K=158
[2025-12-12 07:53:54] [run_formula] Running formula qspiflash_qflexpress_divfive-p104 with K=158 up to limit 1600
[2025-12-12 07:54:00] [generate_cnf] Generating formula qspiflash_qflexpress_divfive-p104 with K=159
[2025-12-12 07:54:01] [run_formula] Running formula qspiflash_qflexpress_divfive-p104 with K=159 up to limit 1600
[2025-12-12 07:54:08] [generate_cnf] Generating formula qspiflash_qflexpress_divfive-p104 with K=160
[2025-12-12 07:54:09] [run_formula] Running formula qspiflash_qflexpress_divfive-p104 with K=160 up to limit 1600
[2025-12-12 07:54:17] [generate_cnf] Generating formula qspiflash_qflexpress_divfive-p104 with K=161
[2025-12-12 07:54:17] [run_formula] Running formula qspiflash_qflexpress_divfive-p104 with K=161 up to limit 1600
[2025-12-12 07:54:24] [generate_cnf] Generating formula qspiflash_qflexpress_divfive-p104 with K=162
[2025-12-12 07:54:25] [run_formula] Running formula qspiflash_qflexpress_divfive-p104 with K=162 up to limit 1600
[2025-12-12 07:54:32] [generate_cnf] Generating formula qspiflash_qflexpress_divfive-p104 with K=163
[2025-12-12 07:54:33] [run_formula] Running formula qspiflash_qflexpress_divfive-p104 with K=163 up to limit 1600
[2025-12-12 07:54:40] [generate_cnf] Generating formula qspiflash_qflexpress_divfive-p104 with K=164
[2025-12-12 07:54:41] [run_formula] Running formula qspiflash_qflexpress_divfive-p104 with K=164 up to limit 1600
[2025-12-12 07:54:50] [generate_cnf] Generating formula qspiflash_qflexpress_divfive-p104 with K=165
[2025-12-12 07:54:51] [run_formula] Running formula qspiflash_qflexpress_divfive-p104 with K=165 up to limit 1600
[2025-12-12 07:54:58] [generate_cnf] Generating formula qspiflash_qflexpress_divfive-p104 with K=166
[2025-12-12 07:54:59] [run_formula] Running formula qspiflash_qflexpress_divfive-p104 with K=166 up to limit 1600
[2025-12-12 07:55:05] [generate_cnf] Generating formula qspiflash_qflexpress_divfive-p104 with K=167
[2025-12-12 07:55:06] [run_formula] Running formula qspiflash_qflexpress_divfive-p104 with K=167 up to limit 1600
[2025-12-12 07:55:13] [generate_cnf] Generating formula qspiflash_qflexpress_divfive-p104 with K=168
[2025-12-12 07:55:14] [run_formula] Running formula qspiflash_qflexpress_divfive-p104 with K=168 up to limit 1600
[2025-12-12 07:55:20] [generate_cnf] Generating formula qspiflash_qflexpress_divfive-p104 with K=169
[2025-12-12 07:55:21] [run_formula] Running formula qspiflash_qflexpress_divfive-p104 with K=169 up to limit 1600
[2025-12-12 07:55:26] [generate_cnf] Generating formula qspiflash_qflexpress_divfive-p104 with K=170
[2025-12-12 07:55:27] [run_formula] Running formula qspiflash_qflexpress_divfive-p104 with K=170 up to limit 1600
[2025-12-12 07:55:34] [generate_cnf] Generating formula qspiflash_qflexpress_divfive-p104 with K=171
[2025-12-12 07:55:35] [run_formula] Running formula qspiflash_qflexpress_divfive-p104 with K=171 up to limit 1600
[2025-12-12 07:55:40] [generate_cnf] Generating formula qspiflash_qflexpress_divfive-p104 with K=172
[2025-12-12 07:55:41] [run_formula] Running formula qspiflash_qflexpress_divfive-p104 with K=172 up to limit 1600
[2025-12-12 07:55:50] [generate_cnf] Generating formula qspiflash_qflexpress_divfive-p104 with K=173
[2025-12-12 07:55:50] [run_formula] Running formula qspiflash_qflexpress_divfive-p104 with K=173 up to limit 1600
[2025-12-12 07:55:58] [generate_cnf] Generating formula qspiflash_qflexpress_divfive-p104 with K=174
[2025-12-12 07:55:59] [run_formula] Running formula qspiflash_qflexpress_divfive-p104 with K=174 up to limit 1600
[2025-12-12 07:56:08] [generate_cnf] Generating formula qspiflash_qflexpress_divfive-p104 with K=175
[2025-12-12 07:56:09] [run_formula] Running formula qspiflash_qflexpress_divfive-p104 with K=175 up to limit 1600
[2025-12-12 07:56:15] [generate_cnf] Generating formula qspiflash_qflexpress_divfive-p104 with K=176
[2025-12-12 07:56:16] [run_formula] Running formula qspiflash_qflexpress_divfive-p104 with K=176 up to limit 1600
[2025-12-12 07:56:24] [generate_cnf] Generating formula qspiflash_qflexpress_divfive-p104 with K=177
[2025-12-12 07:56:25] [run_formula] Running formula qspiflash_qflexpress_divfive-p104 with K=177 up to limit 1600
[2025-12-12 07:56:31] [generate_cnf] Generating formula qspiflash_qflexpress_divfive-p104 with K=178
[2025-12-12 07:56:32] [run_formula] Running formula qspiflash_qflexpress_divfive-p104 with K=178 up to limit 1600
[2025-12-12 07:56:39] [generate_cnf] Generating formula qspiflash_qflexpress_divfive-p104 with K=179
[2025-12-12 07:56:40] [run_formula] Running formula qspiflash_qflexpress_divfive-p104 with K=179 up to limit 1600
[2025-12-12 07:56:48] [generate_cnf] Generating formula qspiflash_qflexpress_divfive-p104 with K=180
[2025-12-12 07:56:49] [run_formula] Running formula qspiflash_qflexpress_divfive-p104 with K=180 up to limit 1600
[2025-12-12 07:56:59] [generate_cnf] Generating formula qspiflash_qflexpress_divfive-p104 with K=181
[2025-12-12 07:57:00] [run_formula] Running formula qspiflash_qflexpress_divfive-p104 with K=181 up to limit 1600
[2025-12-12 07:57:06] [generate_cnf] Generating formula qspiflash_qflexpress_divfive-p104 with K=182
[2025-12-12 07:57:07] [run_formula] Running formula qspiflash_qflexpress_divfive-p104 with K=182 up to limit 1600
[2025-12-12 07:57:16] [generate_cnf] Generating formula qspiflash_qflexpress_divfive-p104 with K=183
[2025-12-12 07:57:17] [run_formula] Running formula qspiflash_qflexpress_divfive-p104 with K=183 up to limit 1600
[2025-12-12 07:57:25] [generate_cnf] Generating formula qspiflash_qflexpress_divfive-p104 with K=184
[2025-12-12 07:57:26] [run_formula] Running formula qspiflash_qflexpress_divfive-p104 with K=184 up to limit 1600
[2025-12-12 07:57:34] [generate_cnf] Generating formula qspiflash_qflexpress_divfive-p104 with K=185
[2025-12-12 07:57:35] [run_formula] Running formula qspiflash_qflexpress_divfive-p104 with K=185 up to limit 1600
[2025-12-12 07:57:44] [generate_cnf] Generating formula qspiflash_qflexpress_divfive-p104 with K=186
[2025-12-12 07:57:46] [run_formula] Running formula qspiflash_qflexpress_divfive-p104 with K=186 up to limit 1600
[2025-12-12 07:57:54] [generate_cnf] Generating formula qspiflash_qflexpress_divfive-p104 with K=187
[2025-12-12 07:57:55] [run_formula] Running formula qspiflash_qflexpress_divfive-p104 with K=187 up to limit 1600
[2025-12-12 07:58:03] [generate_cnf] Generating formula qspiflash_qflexpress_divfive-p104 with K=188
[2025-12-12 07:58:04] [run_formula] Running formula qspiflash_qflexpress_divfive-p104 with K=188 up to limit 1600
[2025-12-12 07:58:13] [generate_cnf] Generating formula qspiflash_qflexpress_divfive-p104 with K=189
[2025-12-12 07:58:14] [run_formula] Running formula qspiflash_qflexpress_divfive-p104 with K=189 up to limit 1600
[2025-12-12 07:58:23] [generate_cnf] Generating formula qspiflash_qflexpress_divfive-p104 with K=190
[2025-12-12 07:58:24] [run_formula] Running formula qspiflash_qflexpress_divfive-p104 with K=190 up to limit 1600
[2025-12-12 07:58:33] [generate_cnf] Generating formula qspiflash_qflexpress_divfive-p104 with K=191
[2025-12-12 07:58:34] [run_formula] Running formula qspiflash_qflexpress_divfive-p104 with K=191 up to limit 1600
[2025-12-12 07:58:42] [generate_cnf] Generating formula qspiflash_qflexpress_divfive-p104 with K=192
[2025-12-12 07:58:43] [run_formula] Running formula qspiflash_qflexpress_divfive-p104 with K=192 up to limit 1600
[2025-12-12 07:58:52] [generate_cnf] Generating formula qspiflash_qflexpress_divfive-p104 with K=193
[2025-12-12 07:58:54] [run_formula] Running formula qspiflash_qflexpress_divfive-p104 with K=193 up to limit 1600
[2025-12-12 07:59:03] [generate_cnf] Generating formula qspiflash_qflexpress_divfive-p104 with K=194
[2025-12-12 07:59:04] [run_formula] Running formula qspiflash_qflexpress_divfive-p104 with K=194 up to limit 1600
[2025-12-12 07:59:14] [generate_cnf] Generating formula qspiflash_qflexpress_divfive-p104 with K=195
[2025-12-12 07:59:15] [run_formula] Running formula qspiflash_qflexpress_divfive-p104 with K=195 up to limit 1600
[2025-12-12 07:59:25] [generate_cnf] Generating formula qspiflash_qflexpress_divfive-p104 with K=196
[2025-12-12 07:59:26] [run_formula] Running formula qspiflash_qflexpress_divfive-p104 with K=196 up to limit 1600
[2025-12-12 07:59:37] [generate_cnf] Generating formula qspiflash_qflexpress_divfive-p104 with K=197
[2025-12-12 07:59:38] [run_formula] Running formula qspiflash_qflexpress_divfive-p104 with K=197 up to limit 1600
[2025-12-12 07:59:47] [generate_cnf] Generating formula qspiflash_qflexpress_divfive-p104 with K=198
[2025-12-12 07:59:48] [run_formula] Running formula qspiflash_qflexpress_divfive-p104 with K=198 up to limit 1600
[2025-12-12 07:59:59] [generate_cnf] Generating formula qspiflash_qflexpress_divfive-p104 with K=199
[2025-12-12 08:00:00] [run_formula] Running formula qspiflash_qflexpress_divfive-p104 with K=199 up to limit 1600
[2025-12-12 08:00:11] [generate_cnf] Generating formula qspiflash_qflexpress_divfive-p104 with K=200
[2025-12-12 08:00:12] [run_formula] Running formula qspiflash_qflexpress_divfive-p104 with K=200 up to limit 1600
[2025-12-12 08:00:20] [generate_cnf] Generating formula qspiflash_qflexpress_divfive-p104 with K=201
[2025-12-12 08:00:21] [run_formula] Running formula qspiflash_qflexpress_divfive-p104 with K=201 up to limit 1600
[2025-12-12 08:00:30] [generate_cnf] Generating formula qspiflash_qflexpress_divfive-p104 with K=202
[2025-12-12 08:00:32] [run_formula] Running formula qspiflash_qflexpress_divfive-p104 with K=202 up to limit 1600
[2025-12-12 08:00:43] [generate_cnf] Generating formula qspiflash_qflexpress_divfive-p104 with K=203
[2025-12-12 08:00:44] [run_formula] Running formula qspiflash_qflexpress_divfive-p104 with K=203 up to limit 1600
[2025-12-12 08:00:55] [generate_cnf] Generating formula qspiflash_qflexpress_divfive-p104 with K=204
[2025-12-12 08:00:56] [run_formula] Running formula qspiflash_qflexpress_divfive-p104 with K=204 up to limit 1600
[2025-12-12 08:01:06] [generate_cnf] Generating formula qspiflash_qflexpress_divfive-p104 with K=205
[2025-12-12 08:01:07] [run_formula] Running formula qspiflash_qflexpress_divfive-p104 with K=205 up to limit 1600
[2025-12-12 08:01:17] [generate_cnf] Generating formula qspiflash_qflexpress_divfive-p104 with K=206
[2025-12-12 08:01:18] [run_formula] Running formula qspiflash_qflexpress_divfive-p104 with K=206 up to limit 1600
[2025-12-12 08:01:28] [generate_cnf] Generating formula qspiflash_qflexpress_divfive-p104 with K=207
[2025-12-12 08:01:30] [run_formula] Running formula qspiflash_qflexpress_divfive-p104 with K=207 up to limit 1600
[2025-12-12 08:01:42] [generate_cnf] Generating formula qspiflash_qflexpress_divfive-p104 with K=208
[2025-12-12 08:01:43] [run_formula] Running formula qspiflash_qflexpress_divfive-p104 with K=208 up to limit 1600
[2025-12-12 08:01:57] [generate_cnf] Generating formula qspiflash_qflexpress_divfive-p104 with K=209
[2025-12-12 08:01:58] [run_formula] Running formula qspiflash_qflexpress_divfive-p104 with K=209 up to limit 1600
[2025-12-12 08:02:11] [generate_cnf] Generating formula qspiflash_qflexpress_divfive-p104 with K=210
[2025-12-12 08:02:12] [run_formula] Running formula qspiflash_qflexpress_divfive-p104 with K=210 up to limit 1600
[2025-12-12 08:02:22] [generate_cnf] Generating formula qspiflash_qflexpress_divfive-p104 with K=211
[2025-12-12 08:02:23] [run_formula] Running formula qspiflash_qflexpress_divfive-p104 with K=211 up to limit 1600
[2025-12-12 08:02:32] [generate_cnf] Generating formula qspiflash_qflexpress_divfive-p104 with K=212
[2025-12-12 08:02:33] [run_formula] Running formula qspiflash_qflexpress_divfive-p104 with K=212 up to limit 1600
[2025-12-12 08:02:43] [generate_cnf] Generating formula qspiflash_qflexpress_divfive-p104 with K=213
[2025-12-12 08:02:44] [run_formula] Running formula qspiflash_qflexpress_divfive-p104 with K=213 up to limit 1600
[2025-12-12 08:02:58] [generate_cnf] Generating formula qspiflash_qflexpress_divfive-p104 with K=214
[2025-12-12 08:02:59] [run_formula] Running formula qspiflash_qflexpress_divfive-p104 with K=214 up to limit 1600
[2025-12-12 08:03:10] [generate_cnf] Generating formula qspiflash_qflexpress_divfive-p104 with K=215
[2025-12-12 08:03:11] [run_formula] Running formula qspiflash_qflexpress_divfive-p104 with K=215 up to limit 1600
[2025-12-12 08:03:20] [generate_cnf] Generating formula qspiflash_qflexpress_divfive-p104 with K=216
[2025-12-12 08:03:21] [run_formula] Running formula qspiflash_qflexpress_divfive-p104 with K=216 up to limit 1600
[2025-12-12 08:03:29] [generate_cnf] Generating formula qspiflash_qflexpress_divfive-p104 with K=217
[2025-12-12 08:03:30] [run_formula] Running formula qspiflash_qflexpress_divfive-p104 with K=217 up to limit 1600
[2025-12-12 08:03:42] [generate_cnf] Generating formula qspiflash_qflexpress_divfive-p104 with K=218
[2025-12-12 08:03:44] [run_formula] Running formula qspiflash_qflexpress_divfive-p104 with K=218 up to limit 1600
[2025-12-12 08:03:59] [generate_cnf] Generating formula qspiflash_qflexpress_divfive-p104 with K=219
[2025-12-12 08:04:01] [run_formula] Running formula qspiflash_qflexpress_divfive-p104 with K=219 up to limit 1600
[2025-12-12 08:04:11] [generate_cnf] Generating formula qspiflash_qflexpress_divfive-p104 with K=220
[2025-12-12 08:04:12] [run_formula] Running formula qspiflash_qflexpress_divfive-p104 with K=220 up to limit 1600
[2025-12-12 08:04:23] [generate_cnf] Generating formula qspiflash_qflexpress_divfive-p104 with K=221
[2025-12-12 08:04:25] [run_formula] Running formula qspiflash_qflexpress_divfive-p104 with K=221 up to limit 1600
[2025-12-12 08:04:36] [generate_cnf] Generating formula qspiflash_qflexpress_divfive-p104 with K=222
[2025-12-12 08:04:38] [run_formula] Running formula qspiflash_qflexpress_divfive-p104 with K=222 up to limit 1600
[2025-12-12 08:04:51] [generate_cnf] Generating formula qspiflash_qflexpress_divfive-p104 with K=223
[2025-12-12 08:04:53] [run_formula] Running formula qspiflash_qflexpress_divfive-p104 with K=223 up to limit 1600
[2025-12-12 08:05:06] [generate_cnf] Generating formula qspiflash_qflexpress_divfive-p104 with K=224
[2025-12-12 08:05:07] [run_formula] Running formula qspiflash_qflexpress_divfive-p104 with K=224 up to limit 1600
[2025-12-12 08:05:19] [generate_cnf] Generating formula qspiflash_qflexpress_divfive-p104 with K=225
[2025-12-12 08:05:21] [run_formula] Running formula qspiflash_qflexpress_divfive-p104 with K=225 up to limit 1600
[2025-12-12 08:05:33] [generate_cnf] Generating formula qspiflash_qflexpress_divfive-p104 with K=226
[2025-12-12 08:05:34] [run_formula] Running formula qspiflash_qflexpress_divfive-p104 with K=226 up to limit 1600
[2025-12-12 08:05:45] [generate_cnf] Generating formula qspiflash_qflexpress_divfive-p104 with K=227
[2025-12-12 08:05:46] [run_formula] Running formula qspiflash_qflexpress_divfive-p104 with K=227 up to limit 1600
[2025-12-12 08:06:00] [generate_cnf] Generating formula qspiflash_qflexpress_divfive-p104 with K=228
[2025-12-12 08:06:02] [run_formula] Running formula qspiflash_qflexpress_divfive-p104 with K=228 up to limit 1600
[2025-12-12 08:06:19] [generate_cnf] Generating formula qspiflash_qflexpress_divfive-p104 with K=229
[2025-12-12 08:06:20] [run_formula] Running formula qspiflash_qflexpress_divfive-p104 with K=229 up to limit 1600
[2025-12-12 08:06:34] [generate_cnf] Generating formula qspiflash_qflexpress_divfive-p104 with K=230
[2025-12-12 08:06:35] [run_formula] Running formula qspiflash_qflexpress_divfive-p104 with K=230 up to limit 1600
[2025-12-12 08:06:48] [generate_cnf] Generating formula qspiflash_qflexpress_divfive-p104 with K=231
[2025-12-12 08:06:50] [run_formula] Running formula qspiflash_qflexpress_divfive-p104 with K=231 up to limit 1600
[2025-12-12 08:07:02] [generate_cnf] Generating formula qspiflash_qflexpress_divfive-p104 with K=232
[2025-12-12 08:07:03] [run_formula] Running formula qspiflash_qflexpress_divfive-p104 with K=232 up to limit 1600
[2025-12-12 08:07:15] [generate_cnf] Generating formula qspiflash_qflexpress_divfive-p104 with K=233
[2025-12-12 08:07:16] [run_formula] Running formula qspiflash_qflexpress_divfive-p104 with K=233 up to limit 1600
[2025-12-12 08:07:29] [generate_cnf] Generating formula qspiflash_qflexpress_divfive-p104 with K=234
[2025-12-12 08:07:30] [run_formula] Running formula qspiflash_qflexpress_divfive-p104 with K=234 up to limit 1600
[2025-12-12 08:07:44] [generate_cnf] Generating formula qspiflash_qflexpress_divfive-p104 with K=235
[2025-12-12 08:07:46] [run_formula] Running formula qspiflash_qflexpress_divfive-p104 with K=235 up to limit 1600
[2025-12-12 08:07:59] [generate_cnf] Generating formula qspiflash_qflexpress_divfive-p104 with K=236
[2025-12-12 08:08:00] [run_formula] Running formula qspiflash_qflexpress_divfive-p104 with K=236 up to limit 1600
[2025-12-12 08:08:14] [generate_cnf] Generating formula qspiflash_qflexpress_divfive-p104 with K=237
[2025-12-12 08:08:16] [run_formula] Running formula qspiflash_qflexpress_divfive-p104 with K=237 up to limit 1600
[2025-12-12 08:08:28] [generate_cnf] Generating formula qspiflash_qflexpress_divfive-p104 with K=238
[2025-12-12 08:08:29] [run_formula] Running formula qspiflash_qflexpress_divfive-p104 with K=238 up to limit 1600
[2025-12-12 08:08:43] [generate_cnf] Generating formula qspiflash_qflexpress_divfive-p104 with K=239
[2025-12-12 08:08:44] [run_formula] Running formula qspiflash_qflexpress_divfive-p104 with K=239 up to limit 1600
[2025-12-12 08:08:57] [generate_cnf] Generating formula qspiflash_qflexpress_divfive-p104 with K=240
[2025-12-12 08:08:58] [run_formula] Running formula qspiflash_qflexpress_divfive-p104 with K=240 up to limit 1600
[2025-12-12 08:09:10] [generate_cnf] Generating formula qspiflash_qflexpress_divfive-p104 with K=241
[2025-12-12 08:09:12] [run_formula] Running formula qspiflash_qflexpress_divfive-p104 with K=241 up to limit 1600
[2025-12-12 08:09:29] [generate_cnf] Generating formula qspiflash_qflexpress_divfive-p104 with K=242
[2025-12-12 08:09:30] [run_formula] Running formula qspiflash_qflexpress_divfive-p104 with K=242 up to limit 1600
[2025-12-12 08:09:45] [generate_cnf] Generating formula qspiflash_qflexpress_divfive-p104 with K=243
[2025-12-12 08:09:47] [run_formula] Running formula qspiflash_qflexpress_divfive-p104 with K=243 up to limit 1600
[2025-12-12 08:10:01] [generate_cnf] Generating formula qspiflash_qflexpress_divfive-p104 with K=244
[2025-12-12 08:10:02] [run_formula] Running formula qspiflash_qflexpress_divfive-p104 with K=244 up to limit 1600
[2025-12-12 08:10:18] [generate_cnf] Generating formula qspiflash_qflexpress_divfive-p104 with K=245
[2025-12-12 08:10:19] [run_formula] Running formula qspiflash_qflexpress_divfive-p104 with K=245 up to limit 1600
[2025-12-12 08:10:33] [generate_cnf] Generating formula qspiflash_qflexpress_divfive-p104 with K=246
[2025-12-12 08:10:35] [run_formula] Running formula qspiflash_qflexpress_divfive-p104 with K=246 up to limit 1600
[2025-12-12 08:10:49] [generate_cnf] Generating formula qspiflash_qflexpress_divfive-p104 with K=247
[2025-12-12 08:10:50] [run_formula] Running formula qspiflash_qflexpress_divfive-p104 with K=247 up to limit 1600
[2025-12-12 08:11:05] [generate_cnf] Generating formula qspiflash_qflexpress_divfive-p104 with K=248
[2025-12-12 08:11:06] [run_formula] Running formula qspiflash_qflexpress_divfive-p104 with K=248 up to limit 1600
[2025-12-12 08:11:22] [generate_cnf] Generating formula qspiflash_qflexpress_divfive-p104 with K=249
[2025-12-12 08:11:24] [run_formula] Running formula qspiflash_qflexpress_divfive-p104 with K=249 up to limit 1600
[2025-12-12 08:11:35] [generate_cnf] Generating formula qspiflash_qflexpress_divfive-p104 with K=250
[2025-12-12 08:11:37] [run_formula] Running formula qspiflash_qflexpress_divfive-p104 with K=250 up to limit 1600
[2025-12-12 08:11:49] [generate_cnf] Generating formula qspiflash_qflexpress_divfive-p104 with K=251
[2025-12-12 08:11:51] [run_formula] Running formula qspiflash_qflexpress_divfive-p104 with K=251 up to limit 1600
[2025-12-12 08:12:08] [generate_cnf] Generating formula qspiflash_qflexpress_divfive-p104 with K=252
[2025-12-12 08:12:10] [run_formula] Running formula qspiflash_qflexpress_divfive-p104 with K=252 up to limit 1600
[2025-12-12 08:12:25] [generate_cnf] Generating formula qspiflash_qflexpress_divfive-p104 with K=253
[2025-12-12 08:12:27] [run_formula] Running formula qspiflash_qflexpress_divfive-p104 with K=253 up to limit 1600
[2025-12-12 08:12:40] [generate_cnf] Generating formula qspiflash_qflexpress_divfive-p104 with K=254
[2025-12-12 08:12:41] [run_formula] Running formula qspiflash_qflexpress_divfive-p104 with K=254 up to limit 1600
[2025-12-12 08:12:55] [generate_cnf] Generating formula qspiflash_qflexpress_divfive-p104 with K=255
[2025-12-12 08:12:56] [run_formula] Running formula qspiflash_qflexpress_divfive-p104 with K=255 up to limit 1600
[2025-12-12 08:13:14] [generate_cnf] Generating formula qspiflash_qflexpress_divfive-p104 with K=256
[2025-12-12 08:13:15] [run_formula] Running formula qspiflash_qflexpress_divfive-p104 with K=256 up to limit 1600
[2025-12-12 08:13:30] [generate_cnf] Generating formula qspiflash_qflexpress_divfive-p104 with K=257
[2025-12-12 08:13:32] [run_formula] Running formula qspiflash_qflexpress_divfive-p104 with K=257 up to limit 1600
[2025-12-12 08:13:53] [generate_cnf] Generating formula qspiflash_qflexpress_divfive-p104 with K=258
[2025-12-12 08:13:54] [run_formula] Running formula qspiflash_qflexpress_divfive-p104 with K=258 up to limit 1600
[2025-12-12 08:14:17] [generate_cnf] Generating formula qspiflash_qflexpress_divfive-p104 with K=259
[2025-12-12 08:14:18] [run_formula] Running formula qspiflash_qflexpress_divfive-p104 with K=259 up to limit 1600
[2025-12-12 08:14:41] [generate_cnf] Generating formula qspiflash_qflexpress_divfive-p104 with K=260
[2025-12-12 08:14:42] [run_formula] Running formula qspiflash_qflexpress_divfive-p104 with K=260 up to limit 1600
[2025-12-12 08:15:03] [generate_cnf] Generating formula qspiflash_qflexpress_divfive-p104 with K=261
[2025-12-12 08:15:05] [run_formula] Running formula qspiflash_qflexpress_divfive-p104 with K=261 up to limit 1600
[2025-12-12 08:15:19] [generate_cnf] Generating formula qspiflash_qflexpress_divfive-p104 with K=262
[2025-12-12 08:15:21] [run_formula] Running formula qspiflash_qflexpress_divfive-p104 with K=262 up to limit 1600
[2025-12-12 08:15:38] [generate_cnf] Generating formula qspiflash_qflexpress_divfive-p104 with K=263
[2025-12-12 08:15:39] [run_formula] Running formula qspiflash_qflexpress_divfive-p104 with K=263 up to limit 1600
[2025-12-12 08:15:56] [generate_cnf] Generating formula qspiflash_qflexpress_divfive-p104 with K=264
[2025-12-12 08:15:57] [run_formula] Running formula qspiflash_qflexpress_divfive-p104 with K=264 up to limit 1600
[2025-12-12 08:16:18] [generate_cnf] Generating formula qspiflash_qflexpress_divfive-p104 with K=265
[2025-12-12 08:16:20] [run_formula] Running formula qspiflash_qflexpress_divfive-p104 with K=265 up to limit 1600
[2025-12-12 08:16:39] [generate_cnf] Generating formula qspiflash_qflexpress_divfive-p104 with K=266
[2025-12-12 08:16:41] [run_formula] Running formula qspiflash_qflexpress_divfive-p104 with K=266 up to limit 1600
[2025-12-12 08:16:57] [generate_cnf] Generating formula qspiflash_qflexpress_divfive-p104 with K=267
[2025-12-12 08:16:59] [run_formula] Running formula qspiflash_qflexpress_divfive-p104 with K=267 up to limit 1600
[2025-12-12 08:17:19] [generate_cnf] Generating formula qspiflash_qflexpress_divfive-p104 with K=268
[2025-12-12 08:17:21] [run_formula] Running formula qspiflash_qflexpress_divfive-p104 with K=268 up to limit 1600
[2025-12-12 08:17:36] [generate_cnf] Generating formula qspiflash_qflexpress_divfive-p104 with K=269
[2025-12-12 08:17:37] [run_formula] Running formula qspiflash_qflexpress_divfive-p104 with K=269 up to limit 1600
[2025-12-12 08:17:53] [generate_cnf] Generating formula qspiflash_qflexpress_divfive-p104 with K=270
[2025-12-12 08:17:54] [run_formula] Running formula qspiflash_qflexpress_divfive-p104 with K=270 up to limit 1600
[2025-12-12 08:18:11] [generate_cnf] Generating formula qspiflash_qflexpress_divfive-p104 with K=271
[2025-12-12 08:18:13] [run_formula] Running formula qspiflash_qflexpress_divfive-p104 with K=271 up to limit 1600
[2025-12-12 08:18:35] [generate_cnf] Generating formula qspiflash_qflexpress_divfive-p104 with K=272
[2025-12-12 08:18:36] [run_formula] Running formula qspiflash_qflexpress_divfive-p104 with K=272 up to limit 1600
[2025-12-12 08:18:53] [generate_cnf] Generating formula qspiflash_qflexpress_divfive-p104 with K=273
[2025-12-12 08:18:55] [run_formula] Running formula qspiflash_qflexpress_divfive-p104 with K=273 up to limit 1600
[2025-12-12 08:19:16] [generate_cnf] Generating formula qspiflash_qflexpress_divfive-p104 with K=274
[2025-12-12 08:19:18] [run_formula] Running formula qspiflash_qflexpress_divfive-p104 with K=274 up to limit 1600
[2025-12-12 08:19:32] [generate_cnf] Generating formula qspiflash_qflexpress_divfive-p104 with K=275
[2025-12-12 08:19:33] [run_formula] Running formula qspiflash_qflexpress_divfive-p104 with K=275 up to limit 1600
[2025-12-12 08:19:53] [generate_cnf] Generating formula qspiflash_qflexpress_divfive-p104 with K=276
[2025-12-12 08:19:54] [run_formula] Running formula qspiflash_qflexpress_divfive-p104 with K=276 up to limit 1600
[2025-12-12 08:20:15] [generate_cnf] Generating formula qspiflash_qflexpress_divfive-p104 with K=277
[2025-12-12 08:20:17] [run_formula] Running formula qspiflash_qflexpress_divfive-p104 with K=277 up to limit 1600
[2025-12-12 08:20:30] [generate_cnf] Generating formula qspiflash_qflexpress_divfive-p104 with K=278
[2025-12-12 08:20:32] [run_formula] Running formula qspiflash_qflexpress_divfive-p104 with K=278 up to limit 1600
[2025-12-12 08:20:46] [generate_cnf] Generating formula qspiflash_qflexpress_divfive-p104 with K=279
[2025-12-12 08:20:48] [run_formula] Running formula qspiflash_qflexpress_divfive-p104 with K=279 up to limit 1600
[2025-12-12 08:21:07] [generate_cnf] Generating formula qspiflash_qflexpress_divfive-p104 with K=280
[2025-12-12 08:21:08] [run_formula] Running formula qspiflash_qflexpress_divfive-p104 with K=280 up to limit 1600
[2025-12-12 08:21:29] [generate_cnf] Generating formula qspiflash_qflexpress_divfive-p104 with K=281
[2025-12-12 08:21:31] [run_formula] Running formula qspiflash_qflexpress_divfive-p104 with K=281 up to limit 1600
[2025-12-12 08:21:49] [generate_cnf] Generating formula qspiflash_qflexpress_divfive-p104 with K=282
[2025-12-12 08:21:51] [run_formula] Running formula qspiflash_qflexpress_divfive-p104 with K=282 up to limit 1600
[2025-12-12 08:22:11] [generate_cnf] Generating formula qspiflash_qflexpress_divfive-p104 with K=283
[2025-12-12 08:22:13] [run_formula] Running formula qspiflash_qflexpress_divfive-p104 with K=283 up to limit 1600
[2025-12-12 08:22:32] [generate_cnf] Generating formula qspiflash_qflexpress_divfive-p104 with K=284
[2025-12-12 08:22:34] [run_formula] Running formula qspiflash_qflexpress_divfive-p104 with K=284 up to limit 1600
[2025-12-12 08:22:47] [generate_cnf] Generating formula qspiflash_qflexpress_divfive-p104 with K=285
[2025-12-12 08:22:49] [run_formula] Running formula qspiflash_qflexpress_divfive-p104 with K=285 up to limit 1600
[2025-12-12 08:23:06] [generate_cnf] Generating formula qspiflash_qflexpress_divfive-p104 with K=286
[2025-12-12 08:23:08] [run_formula] Running formula qspiflash_qflexpress_divfive-p104 with K=286 up to limit 1600
[2025-12-12 08:23:27] [generate_cnf] Generating formula qspiflash_qflexpress_divfive-p104 with K=287
[2025-12-12 08:23:29] [run_formula] Running formula qspiflash_qflexpress_divfive-p104 with K=287 up to limit 1600
[2025-12-12 08:23:46] [generate_cnf] Generating formula qspiflash_qflexpress_divfive-p104 with K=288
[2025-12-12 08:23:48] [run_formula] Running formula qspiflash_qflexpress_divfive-p104 with K=288 up to limit 1600
[2025-12-12 08:24:06] [generate_cnf] Generating formula qspiflash_qflexpress_divfive-p104 with K=289
[2025-12-12 08:24:08] [run_formula] Running formula qspiflash_qflexpress_divfive-p104 with K=289 up to limit 1600
[2025-12-12 08:24:25] [generate_cnf] Generating formula qspiflash_qflexpress_divfive-p104 with K=290
[2025-12-12 08:24:26] [run_formula] Running formula qspiflash_qflexpress_divfive-p104 with K=290 up to limit 1600
[2025-12-12 08:24:48] [generate_cnf] Generating formula qspiflash_qflexpress_divfive-p104 with K=291
[2025-12-12 08:24:49] [run_formula] Running formula qspiflash_qflexpress_divfive-p104 with K=291 up to limit 1600
[2025-12-12 08:25:10] [generate_cnf] Generating formula qspiflash_qflexpress_divfive-p104 with K=292
[2025-12-12 08:25:12] [run_formula] Running formula qspiflash_qflexpress_divfive-p104 with K=292 up to limit 1600
[2025-12-12 08:25:30] [generate_cnf] Generating formula qspiflash_qflexpress_divfive-p104 with K=293
[2025-12-12 08:25:32] [run_formula] Running formula qspiflash_qflexpress_divfive-p104 with K=293 up to limit 1600
[2025-12-12 08:25:53] [generate_cnf] Generating formula qspiflash_qflexpress_divfive-p104 with K=294
[2025-12-12 08:25:55] [run_formula] Running formula qspiflash_qflexpress_divfive-p104 with K=294 up to limit 1600
[2025-12-12 08:26:16] [generate_cnf] Generating formula qspiflash_qflexpress_divfive-p104 with K=295
[2025-12-12 08:26:18] [run_formula] Running formula qspiflash_qflexpress_divfive-p104 with K=295 up to limit 1600
[2025-12-12 08:26:39] [generate_cnf] Generating formula qspiflash_qflexpress_divfive-p104 with K=296
[2025-12-12 08:26:41] [run_formula] Running formula qspiflash_qflexpress_divfive-p104 with K=296 up to limit 1600
[2025-12-12 08:27:06] [generate_cnf] Generating formula qspiflash_qflexpress_divfive-p104 with K=297
[2025-12-12 08:27:08] [run_formula] Running formula qspiflash_qflexpress_divfive-p104 with K=297 up to limit 1600
[2025-12-12 08:27:29] [generate_cnf] Generating formula qspiflash_qflexpress_divfive-p104 with K=298
[2025-12-12 08:27:31] [run_formula] Running formula qspiflash_qflexpress_divfive-p104 with K=298 up to limit 1600
[2025-12-12 08:27:48] [generate_cnf] Generating formula qspiflash_qflexpress_divfive-p104 with K=299
[2025-12-12 08:27:50] [run_formula] Running formula qspiflash_qflexpress_divfive-p104 with K=299 up to limit 1600
[2025-12-12 08:28:08] [run_formula] Error running formula qspiflash_qflexpress_divfive-p104 with K=299: [Errno 122] Disk quota exceeded: './results/solving_logs/qspiflash_qflexpress_divfive-p104//qspiflash_qflexpress_divfive-p104.299.log'
[2025-12-12 08:28:08] [generate_and_run_up_to_limit] Failed to run formula qspiflash_qflexpress_divfive-p104 with K=299, halting
