CNF written.
CNF written.
CNF written.
CNF written.
CNF written.
CNF written.
CNF written.
CNF written.
CNF written.
CNF written.
CNF written.
CNF written.
CNF written.
CNF written.
CNF written.
CNF written.
CNF written.
CNF written.
CNF written.
CNF written.
CNF written.
CNF written.
CNF written.
CNF written.
CNF written.
CNF written.
CNF written.
CNF written.
CNF written.
CNF written.
CNF written.
CNF written.
CNF written.
CNF written.
CNF written.
CNF written.
CNF written.
CNF written.
CNF written.
CNF written.
CNF written.
CNF written.
CNF written.
CNF written.
CNF written.
CNF written.
CNF written.
CNF written.
CNF written.
CNF written.
CNF written.
CNF written.
CNF written.
CNF written.
CNF written.
CNF written.
CNF written.
CNF written.
CNF written.
CNF written.
CNF written.
CNF written.
CNF written.
CNF written.
CNF written.
CNF written.
CNF written.
CNF written.
CNF written.
CNF written.
CNF written.
CNF written.
CNF written.
CNF written.
CNF written.
CNF written.
CNF written.
CNF written.
CNF written.
CNF written.
CNF written.
CNF written.
CNF written.
CNF written.
CNF written.
CNF written.
CNF written.
CNF written.
CNF written.
CNF written.
CNF written.
CNF written.
CNF written.
CNF written.
CNF written.
CNF written.
CNF written.
CNF written.
CNF written.
CNF written.
CNF written.
CNF written.
CNF written.
CNF written.
CNF written.
CNF written.
CNF written.
CNF written.
CNF written.
CNF written.
CNF written.
CNF written.
CNF written.
CNF written.
CNF written.
CNF written.
CNF written.
CNF written.
CNF written.
CNF written.
CNF written.
CNF written.
CNF written.
CNF written.
CNF written.
CNF written.
CNF written.
CNF written.
CNF written.
CNF written.
CNF written.
CNF written.
CNF written.
CNF written.
CNF written.
CNF written.
CNF written.
CNF written.
CNF written.
CNF written.
CNF written.
CNF written.
CNF written.
CNF written.
CNF written.
CNF written.
CNF written.
CNF written.
CNF written.
CNF written.
CNF written.
CNF written.
CNF written.
CNF written.
CNF written.
CNF written.
CNF written.
CNF written.
CNF written.
CNF written.
CNF written.
CNF written.
CNF written.
CNF written.
CNF written.
CNF written.
CNF written.
CNF written.
CNF written.
CNF written.
CNF written.
CNF written.
CNF written.
CNF written.
CNF written.
CNF written.
CNF written.
CNF written.
CNF written.
CNF written.
CNF written.
CNF written.
CNF written.
CNF written.
CNF written.
CNF written.
CNF written.
CNF written.
CNF written.
CNF written.
CNF written.
CNF written.
CNF written.
CNF written.
CNF written.
CNF written.
CNF written.
CNF written.
CNF written.
CNF written.
CNF written.
CNF written.
CNF written.
CNF written.
CNF written.
CNF written.
CNF written.
CNF written.
CNF written.
CNF written.
CNF written.
CNF written.
CNF written.
CNF written.
CNF written.
CNF written.
CNF written.
CNF written.
CNF written.
[2025-12-12 07:33:29] [generate_and_run_up_to_limit] Generating and running qspiflash_dualflexpress_divthree-p054 with K<=500 up to limit 1600
[2025-12-12 07:33:29] [generate_cnf] Generating formula qspiflash_dualflexpress_divthree-p054 with K=1
[2025-12-12 07:33:29] [run_formula] Running formula qspiflash_dualflexpress_divthree-p054 with K=1 up to limit 1600
[2025-12-12 07:33:29] [generate_cnf] Generating formula qspiflash_dualflexpress_divthree-p054 with K=2
[2025-12-12 07:33:29] [run_formula] Running formula qspiflash_dualflexpress_divthree-p054 with K=2 up to limit 1600
[2025-12-12 07:33:29] [generate_cnf] Generating formula qspiflash_dualflexpress_divthree-p054 with K=3
[2025-12-12 07:33:29] [run_formula] Running formula qspiflash_dualflexpress_divthree-p054 with K=3 up to limit 1600
[2025-12-12 07:33:29] [generate_cnf] Generating formula qspiflash_dualflexpress_divthree-p054 with K=4
[2025-12-12 07:33:29] [run_formula] Running formula qspiflash_dualflexpress_divthree-p054 with K=4 up to limit 1600
[2025-12-12 07:33:29] [generate_cnf] Generating formula qspiflash_dualflexpress_divthree-p054 with K=5
[2025-12-12 07:33:29] [run_formula] Running formula qspiflash_dualflexpress_divthree-p054 with K=5 up to limit 1600
[2025-12-12 07:33:29] [generate_cnf] Generating formula qspiflash_dualflexpress_divthree-p054 with K=6
[2025-12-12 07:33:29] [run_formula] Running formula qspiflash_dualflexpress_divthree-p054 with K=6 up to limit 1600
[2025-12-12 07:33:29] [generate_cnf] Generating formula qspiflash_dualflexpress_divthree-p054 with K=7
[2025-12-12 07:33:29] [run_formula] Running formula qspiflash_dualflexpress_divthree-p054 with K=7 up to limit 1600
[2025-12-12 07:33:29] [generate_cnf] Generating formula qspiflash_dualflexpress_divthree-p054 with K=8
[2025-12-12 07:33:29] [run_formula] Running formula qspiflash_dualflexpress_divthree-p054 with K=8 up to limit 1600
[2025-12-12 07:33:30] [generate_cnf] Generating formula qspiflash_dualflexpress_divthree-p054 with K=9
[2025-12-12 07:33:30] [run_formula] Running formula qspiflash_dualflexpress_divthree-p054 with K=9 up to limit 1600
[2025-12-12 07:33:30] [generate_cnf] Generating formula qspiflash_dualflexpress_divthree-p054 with K=10
[2025-12-12 07:33:30] [run_formula] Running formula qspiflash_dualflexpress_divthree-p054 with K=10 up to limit 1600
[2025-12-12 07:33:30] [generate_cnf] Generating formula qspiflash_dualflexpress_divthree-p054 with K=11
[2025-12-12 07:33:30] [run_formula] Running formula qspiflash_dualflexpress_divthree-p054 with K=11 up to limit 1600
[2025-12-12 07:33:30] [generate_cnf] Generating formula qspiflash_dualflexpress_divthree-p054 with K=12
[2025-12-12 07:33:30] [run_formula] Running formula qspiflash_dualflexpress_divthree-p054 with K=12 up to limit 1600
[2025-12-12 07:33:30] [generate_cnf] Generating formula qspiflash_dualflexpress_divthree-p054 with K=13
[2025-12-12 07:33:30] [run_formula] Running formula qspiflash_dualflexpress_divthree-p054 with K=13 up to limit 1600
[2025-12-12 07:33:30] [generate_cnf] Generating formula qspiflash_dualflexpress_divthree-p054 with K=14
[2025-12-12 07:33:30] [run_formula] Running formula qspiflash_dualflexpress_divthree-p054 with K=14 up to limit 1600
[2025-12-12 07:33:30] [generate_cnf] Generating formula qspiflash_dualflexpress_divthree-p054 with K=15
[2025-12-12 07:33:31] [run_formula] Running formula qspiflash_dualflexpress_divthree-p054 with K=15 up to limit 1600
[2025-12-12 07:33:31] [generate_cnf] Generating formula qspiflash_dualflexpress_divthree-p054 with K=16
[2025-12-12 07:33:31] [run_formula] Running formula qspiflash_dualflexpress_divthree-p054 with K=16 up to limit 1600
[2025-12-12 07:33:31] [generate_cnf] Generating formula qspiflash_dualflexpress_divthree-p054 with K=17
[2025-12-12 07:33:31] [run_formula] Running formula qspiflash_dualflexpress_divthree-p054 with K=17 up to limit 1600
[2025-12-12 07:33:31] [generate_cnf] Generating formula qspiflash_dualflexpress_divthree-p054 with K=18
[2025-12-12 07:33:31] [run_formula] Running formula qspiflash_dualflexpress_divthree-p054 with K=18 up to limit 1600
[2025-12-12 07:33:31] [generate_cnf] Generating formula qspiflash_dualflexpress_divthree-p054 with K=19
[2025-12-12 07:33:31] [run_formula] Running formula qspiflash_dualflexpress_divthree-p054 with K=19 up to limit 1600
[2025-12-12 07:33:32] [generate_cnf] Generating formula qspiflash_dualflexpress_divthree-p054 with K=20
[2025-12-12 07:33:32] [run_formula] Running formula qspiflash_dualflexpress_divthree-p054 with K=20 up to limit 1600
[2025-12-12 07:33:32] [generate_cnf] Generating formula qspiflash_dualflexpress_divthree-p054 with K=21
[2025-12-12 07:33:32] [run_formula] Running formula qspiflash_dualflexpress_divthree-p054 with K=21 up to limit 1600
[2025-12-12 07:33:32] [generate_cnf] Generating formula qspiflash_dualflexpress_divthree-p054 with K=22
[2025-12-12 07:33:32] [run_formula] Running formula qspiflash_dualflexpress_divthree-p054 with K=22 up to limit 1600
[2025-12-12 07:33:32] [generate_cnf] Generating formula qspiflash_dualflexpress_divthree-p054 with K=23
[2025-12-12 07:33:33] [run_formula] Running formula qspiflash_dualflexpress_divthree-p054 with K=23 up to limit 1600
[2025-12-12 07:33:33] [generate_cnf] Generating formula qspiflash_dualflexpress_divthree-p054 with K=24
[2025-12-12 07:33:33] [run_formula] Running formula qspiflash_dualflexpress_divthree-p054 with K=24 up to limit 1600
[2025-12-12 07:33:33] [generate_cnf] Generating formula qspiflash_dualflexpress_divthree-p054 with K=25
[2025-12-12 07:33:34] [run_formula] Running formula qspiflash_dualflexpress_divthree-p054 with K=25 up to limit 1600
[2025-12-12 07:33:34] [generate_cnf] Generating formula qspiflash_dualflexpress_divthree-p054 with K=26
[2025-12-12 07:33:34] [run_formula] Running formula qspiflash_dualflexpress_divthree-p054 with K=26 up to limit 1600
[2025-12-12 07:33:34] [generate_cnf] Generating formula qspiflash_dualflexpress_divthree-p054 with K=27
[2025-12-12 07:33:35] [run_formula] Running formula qspiflash_dualflexpress_divthree-p054 with K=27 up to limit 1600
[2025-12-12 07:33:35] [generate_cnf] Generating formula qspiflash_dualflexpress_divthree-p054 with K=28
[2025-12-12 07:33:35] [run_formula] Running formula qspiflash_dualflexpress_divthree-p054 with K=28 up to limit 1600
[2025-12-12 07:33:35] [generate_cnf] Generating formula qspiflash_dualflexpress_divthree-p054 with K=29
[2025-12-12 07:33:36] [run_formula] Running formula qspiflash_dualflexpress_divthree-p054 with K=29 up to limit 1600
[2025-12-12 07:33:36] [generate_cnf] Generating formula qspiflash_dualflexpress_divthree-p054 with K=30
[2025-12-12 07:33:36] [run_formula] Running formula qspiflash_dualflexpress_divthree-p054 with K=30 up to limit 1600
[2025-12-12 07:33:37] [generate_cnf] Generating formula qspiflash_dualflexpress_divthree-p054 with K=31
[2025-12-12 07:33:37] [run_formula] Running formula qspiflash_dualflexpress_divthree-p054 with K=31 up to limit 1600
[2025-12-12 07:33:37] [generate_cnf] Generating formula qspiflash_dualflexpress_divthree-p054 with K=32
[2025-12-12 07:33:38] [run_formula] Running formula qspiflash_dualflexpress_divthree-p054 with K=32 up to limit 1600
[2025-12-12 07:33:38] [generate_cnf] Generating formula qspiflash_dualflexpress_divthree-p054 with K=33
[2025-12-12 07:33:38] [run_formula] Running formula qspiflash_dualflexpress_divthree-p054 with K=33 up to limit 1600
[2025-12-12 07:33:39] [generate_cnf] Generating formula qspiflash_dualflexpress_divthree-p054 with K=34
[2025-12-12 07:33:39] [run_formula] Running formula qspiflash_dualflexpress_divthree-p054 with K=34 up to limit 1600
[2025-12-12 07:33:40] [generate_cnf] Generating formula qspiflash_dualflexpress_divthree-p054 with K=35
[2025-12-12 07:33:40] [run_formula] Running formula qspiflash_dualflexpress_divthree-p054 with K=35 up to limit 1600
[2025-12-12 07:33:41] [generate_cnf] Generating formula qspiflash_dualflexpress_divthree-p054 with K=36
[2025-12-12 07:33:41] [run_formula] Running formula qspiflash_dualflexpress_divthree-p054 with K=36 up to limit 1600
[2025-12-12 07:33:42] [generate_cnf] Generating formula qspiflash_dualflexpress_divthree-p054 with K=37
[2025-12-12 07:33:42] [run_formula] Running formula qspiflash_dualflexpress_divthree-p054 with K=37 up to limit 1600
[2025-12-12 07:33:42] [generate_cnf] Generating formula qspiflash_dualflexpress_divthree-p054 with K=38
[2025-12-12 07:33:43] [run_formula] Running formula qspiflash_dualflexpress_divthree-p054 with K=38 up to limit 1600
[2025-12-12 07:33:43] [generate_cnf] Generating formula qspiflash_dualflexpress_divthree-p054 with K=39
[2025-12-12 07:33:44] [run_formula] Running formula qspiflash_dualflexpress_divthree-p054 with K=39 up to limit 1600
[2025-12-12 07:33:45] [generate_cnf] Generating formula qspiflash_dualflexpress_divthree-p054 with K=40
[2025-12-12 07:33:45] [run_formula] Running formula qspiflash_dualflexpress_divthree-p054 with K=40 up to limit 1600
[2025-12-12 07:33:46] [generate_cnf] Generating formula qspiflash_dualflexpress_divthree-p054 with K=41
[2025-12-12 07:33:47] [run_formula] Running formula qspiflash_dualflexpress_divthree-p054 with K=41 up to limit 1600
[2025-12-12 07:33:48] [generate_cnf] Generating formula qspiflash_dualflexpress_divthree-p054 with K=42
[2025-12-12 07:33:48] [run_formula] Running formula qspiflash_dualflexpress_divthree-p054 with K=42 up to limit 1600
[2025-12-12 07:33:50] [generate_cnf] Generating formula qspiflash_dualflexpress_divthree-p054 with K=43
[2025-12-12 07:33:50] [run_formula] Running formula qspiflash_dualflexpress_divthree-p054 with K=43 up to limit 1600
[2025-12-12 07:33:52] [generate_cnf] Generating formula qspiflash_dualflexpress_divthree-p054 with K=44
[2025-12-12 07:33:52] [run_formula] Running formula qspiflash_dualflexpress_divthree-p054 with K=44 up to limit 1600
[2025-12-12 07:33:54] [generate_cnf] Generating formula qspiflash_dualflexpress_divthree-p054 with K=45
[2025-12-12 07:33:54] [run_formula] Running formula qspiflash_dualflexpress_divthree-p054 with K=45 up to limit 1600
[2025-12-12 07:33:56] [generate_cnf] Generating formula qspiflash_dualflexpress_divthree-p054 with K=46
[2025-12-12 07:33:56] [run_formula] Running formula qspiflash_dualflexpress_divthree-p054 with K=46 up to limit 1600
[2025-12-12 07:33:58] [generate_cnf] Generating formula qspiflash_dualflexpress_divthree-p054 with K=47
[2025-12-12 07:33:58] [run_formula] Running formula qspiflash_dualflexpress_divthree-p054 with K=47 up to limit 1600
[2025-12-12 07:34:00] [generate_cnf] Generating formula qspiflash_dualflexpress_divthree-p054 with K=48
[2025-12-12 07:34:00] [run_formula] Running formula qspiflash_dualflexpress_divthree-p054 with K=48 up to limit 1600
[2025-12-12 07:34:02] [generate_cnf] Generating formula qspiflash_dualflexpress_divthree-p054 with K=49
[2025-12-12 07:34:03] [run_formula] Running formula qspiflash_dualflexpress_divthree-p054 with K=49 up to limit 1600
[2025-12-12 07:34:05] [generate_cnf] Generating formula qspiflash_dualflexpress_divthree-p054 with K=50
[2025-12-12 07:34:06] [run_formula] Running formula qspiflash_dualflexpress_divthree-p054 with K=50 up to limit 1600
[2025-12-12 07:34:07] [generate_cnf] Generating formula qspiflash_dualflexpress_divthree-p054 with K=51
[2025-12-12 07:34:08] [run_formula] Running formula qspiflash_dualflexpress_divthree-p054 with K=51 up to limit 1600
[2025-12-12 07:34:10] [generate_cnf] Generating formula qspiflash_dualflexpress_divthree-p054 with K=52
[2025-12-12 07:34:10] [run_formula] Running formula qspiflash_dualflexpress_divthree-p054 with K=52 up to limit 1600
[2025-12-12 07:34:13] [generate_cnf] Generating formula qspiflash_dualflexpress_divthree-p054 with K=53
[2025-12-12 07:34:13] [run_formula] Running formula qspiflash_dualflexpress_divthree-p054 with K=53 up to limit 1600
[2025-12-12 07:34:15] [generate_cnf] Generating formula qspiflash_dualflexpress_divthree-p054 with K=54
[2025-12-12 07:34:16] [run_formula] Running formula qspiflash_dualflexpress_divthree-p054 with K=54 up to limit 1600
[2025-12-12 07:34:18] [generate_cnf] Generating formula qspiflash_dualflexpress_divthree-p054 with K=55
[2025-12-12 07:34:19] [run_formula] Running formula qspiflash_dualflexpress_divthree-p054 with K=55 up to limit 1600
[2025-12-12 07:34:21] [generate_cnf] Generating formula qspiflash_dualflexpress_divthree-p054 with K=56
[2025-12-12 07:34:22] [run_formula] Running formula qspiflash_dualflexpress_divthree-p054 with K=56 up to limit 1600
[2025-12-12 07:34:24] [generate_cnf] Generating formula qspiflash_dualflexpress_divthree-p054 with K=57
[2025-12-12 07:34:25] [run_formula] Running formula qspiflash_dualflexpress_divthree-p054 with K=57 up to limit 1600
[2025-12-12 07:34:27] [generate_cnf] Generating formula qspiflash_dualflexpress_divthree-p054 with K=58
[2025-12-12 07:34:28] [run_formula] Running formula qspiflash_dualflexpress_divthree-p054 with K=58 up to limit 1600
[2025-12-12 07:34:30] [generate_cnf] Generating formula qspiflash_dualflexpress_divthree-p054 with K=59
[2025-12-12 07:34:32] [run_formula] Running formula qspiflash_dualflexpress_divthree-p054 with K=59 up to limit 1600
[2025-12-12 07:34:34] [generate_cnf] Generating formula qspiflash_dualflexpress_divthree-p054 with K=60
[2025-12-12 07:34:35] [run_formula] Running formula qspiflash_dualflexpress_divthree-p054 with K=60 up to limit 1600
[2025-12-12 07:34:37] [generate_cnf] Generating formula qspiflash_dualflexpress_divthree-p054 with K=61
[2025-12-12 07:34:38] [run_formula] Running formula qspiflash_dualflexpress_divthree-p054 with K=61 up to limit 1600
[2025-12-12 07:34:41] [generate_cnf] Generating formula qspiflash_dualflexpress_divthree-p054 with K=62
[2025-12-12 07:34:41] [run_formula] Running formula qspiflash_dualflexpress_divthree-p054 with K=62 up to limit 1600
[2025-12-12 07:34:44] [generate_cnf] Generating formula qspiflash_dualflexpress_divthree-p054 with K=63
[2025-12-12 07:34:45] [run_formula] Running formula qspiflash_dualflexpress_divthree-p054 with K=63 up to limit 1600
[2025-12-12 07:34:49] [generate_cnf] Generating formula qspiflash_dualflexpress_divthree-p054 with K=64
[2025-12-12 07:34:49] [run_formula] Running formula qspiflash_dualflexpress_divthree-p054 with K=64 up to limit 1600
[2025-12-12 07:34:53] [generate_cnf] Generating formula qspiflash_dualflexpress_divthree-p054 with K=65
[2025-12-12 07:34:53] [run_formula] Running formula qspiflash_dualflexpress_divthree-p054 with K=65 up to limit 1600
[2025-12-12 07:34:57] [generate_cnf] Generating formula qspiflash_dualflexpress_divthree-p054 with K=66
[2025-12-12 07:34:57] [run_formula] Running formula qspiflash_dualflexpress_divthree-p054 with K=66 up to limit 1600
[2025-12-12 07:35:01] [generate_cnf] Generating formula qspiflash_dualflexpress_divthree-p054 with K=67
[2025-12-12 07:35:02] [run_formula] Running formula qspiflash_dualflexpress_divthree-p054 with K=67 up to limit 1600
[2025-12-12 07:35:05] [generate_cnf] Generating formula qspiflash_dualflexpress_divthree-p054 with K=68
[2025-12-12 07:35:05] [run_formula] Running formula qspiflash_dualflexpress_divthree-p054 with K=68 up to limit 1600
[2025-12-12 07:35:10] [generate_cnf] Generating formula qspiflash_dualflexpress_divthree-p054 with K=69
[2025-12-12 07:35:10] [run_formula] Running formula qspiflash_dualflexpress_divthree-p054 with K=69 up to limit 1600
[2025-12-12 07:35:13] [generate_cnf] Generating formula qspiflash_dualflexpress_divthree-p054 with K=70
[2025-12-12 07:35:14] [run_formula] Running formula qspiflash_dualflexpress_divthree-p054 with K=70 up to limit 1600
[2025-12-12 07:35:18] [generate_cnf] Generating formula qspiflash_dualflexpress_divthree-p054 with K=71
[2025-12-12 07:35:19] [run_formula] Running formula qspiflash_dualflexpress_divthree-p054 with K=71 up to limit 1600
[2025-12-12 07:35:23] [generate_cnf] Generating formula qspiflash_dualflexpress_divthree-p054 with K=72
[2025-12-12 07:35:23] [run_formula] Running formula qspiflash_dualflexpress_divthree-p054 with K=72 up to limit 1600
[2025-12-12 07:35:27] [generate_cnf] Generating formula qspiflash_dualflexpress_divthree-p054 with K=73
[2025-12-12 07:35:28] [run_formula] Running formula qspiflash_dualflexpress_divthree-p054 with K=73 up to limit 1600
[2025-12-12 07:35:32] [generate_cnf] Generating formula qspiflash_dualflexpress_divthree-p054 with K=74
[2025-12-12 07:35:33] [run_formula] Running formula qspiflash_dualflexpress_divthree-p054 with K=74 up to limit 1600
[2025-12-12 07:35:38] [generate_cnf] Generating formula qspiflash_dualflexpress_divthree-p054 with K=75
[2025-12-12 07:35:38] [run_formula] Running formula qspiflash_dualflexpress_divthree-p054 with K=75 up to limit 1600
[2025-12-12 07:35:43] [generate_cnf] Generating formula qspiflash_dualflexpress_divthree-p054 with K=76
[2025-12-12 07:35:44] [run_formula] Running formula qspiflash_dualflexpress_divthree-p054 with K=76 up to limit 1600
[2025-12-12 07:35:49] [generate_cnf] Generating formula qspiflash_dualflexpress_divthree-p054 with K=77
[2025-12-12 07:35:49] [run_formula] Running formula qspiflash_dualflexpress_divthree-p054 with K=77 up to limit 1600
[2025-12-12 07:35:55] [generate_cnf] Generating formula qspiflash_dualflexpress_divthree-p054 with K=78
[2025-12-12 07:35:56] [run_formula] Running formula qspiflash_dualflexpress_divthree-p054 with K=78 up to limit 1600
[2025-12-12 07:36:01] [generate_cnf] Generating formula qspiflash_dualflexpress_divthree-p054 with K=79
[2025-12-12 07:36:01] [run_formula] Running formula qspiflash_dualflexpress_divthree-p054 with K=79 up to limit 1600
[2025-12-12 07:36:06] [generate_cnf] Generating formula qspiflash_dualflexpress_divthree-p054 with K=80
[2025-12-12 07:36:06] [run_formula] Running formula qspiflash_dualflexpress_divthree-p054 with K=80 up to limit 1600
[2025-12-12 07:36:12] [generate_cnf] Generating formula qspiflash_dualflexpress_divthree-p054 with K=81
[2025-12-12 07:36:13] [run_formula] Running formula qspiflash_dualflexpress_divthree-p054 with K=81 up to limit 1600
[2025-12-12 07:36:18] [generate_cnf] Generating formula qspiflash_dualflexpress_divthree-p054 with K=82
[2025-12-12 07:36:19] [run_formula] Running formula qspiflash_dualflexpress_divthree-p054 with K=82 up to limit 1600
[2025-12-12 07:36:25] [generate_cnf] Generating formula qspiflash_dualflexpress_divthree-p054 with K=83
[2025-12-12 07:36:26] [run_formula] Running formula qspiflash_dualflexpress_divthree-p054 with K=83 up to limit 1600
[2025-12-12 07:36:32] [generate_cnf] Generating formula qspiflash_dualflexpress_divthree-p054 with K=84
[2025-12-12 07:36:32] [run_formula] Running formula qspiflash_dualflexpress_divthree-p054 with K=84 up to limit 1600
[2025-12-12 07:36:38] [generate_cnf] Generating formula qspiflash_dualflexpress_divthree-p054 with K=85
[2025-12-12 07:36:38] [run_formula] Running formula qspiflash_dualflexpress_divthree-p054 with K=85 up to limit 1600
[2025-12-12 07:36:44] [generate_cnf] Generating formula qspiflash_dualflexpress_divthree-p054 with K=86
[2025-12-12 07:36:45] [run_formula] Running formula qspiflash_dualflexpress_divthree-p054 with K=86 up to limit 1600
[2025-12-12 07:36:51] [generate_cnf] Generating formula qspiflash_dualflexpress_divthree-p054 with K=87
[2025-12-12 07:36:52] [run_formula] Running formula qspiflash_dualflexpress_divthree-p054 with K=87 up to limit 1600
[2025-12-12 07:36:58] [generate_cnf] Generating formula qspiflash_dualflexpress_divthree-p054 with K=88
[2025-12-12 07:36:59] [run_formula] Running formula qspiflash_dualflexpress_divthree-p054 with K=88 up to limit 1600
[2025-12-12 07:37:06] [generate_cnf] Generating formula qspiflash_dualflexpress_divthree-p054 with K=89
[2025-12-12 07:37:07] [run_formula] Running formula qspiflash_dualflexpress_divthree-p054 with K=89 up to limit 1600
[2025-12-12 07:37:13] [generate_cnf] Generating formula qspiflash_dualflexpress_divthree-p054 with K=90
[2025-12-12 07:37:13] [run_formula] Running formula qspiflash_dualflexpress_divthree-p054 with K=90 up to limit 1600
[2025-12-12 07:37:20] [generate_cnf] Generating formula qspiflash_dualflexpress_divthree-p054 with K=91
[2025-12-12 07:37:21] [run_formula] Running formula qspiflash_dualflexpress_divthree-p054 with K=91 up to limit 1600
[2025-12-12 07:37:27] [generate_cnf] Generating formula qspiflash_dualflexpress_divthree-p054 with K=92
[2025-12-12 07:37:28] [run_formula] Running formula qspiflash_dualflexpress_divthree-p054 with K=92 up to limit 1600
[2025-12-12 07:37:36] [generate_cnf] Generating formula qspiflash_dualflexpress_divthree-p054 with K=93
[2025-12-12 07:37:36] [run_formula] Running formula qspiflash_dualflexpress_divthree-p054 with K=93 up to limit 1600
[2025-12-12 07:37:44] [generate_cnf] Generating formula qspiflash_dualflexpress_divthree-p054 with K=94
[2025-12-12 07:37:44] [run_formula] Running formula qspiflash_dualflexpress_divthree-p054 with K=94 up to limit 1600
[2025-12-12 07:37:51] [generate_cnf] Generating formula qspiflash_dualflexpress_divthree-p054 with K=95
[2025-12-12 07:37:52] [run_formula] Running formula qspiflash_dualflexpress_divthree-p054 with K=95 up to limit 1600
[2025-12-12 07:38:00] [generate_cnf] Generating formula qspiflash_dualflexpress_divthree-p054 with K=96
[2025-12-12 07:38:01] [run_formula] Running formula qspiflash_dualflexpress_divthree-p054 with K=96 up to limit 1600
[2025-12-12 07:38:08] [generate_cnf] Generating formula qspiflash_dualflexpress_divthree-p054 with K=97
[2025-12-12 07:38:09] [run_formula] Running formula qspiflash_dualflexpress_divthree-p054 with K=97 up to limit 1600
[2025-12-12 07:38:16] [generate_cnf] Generating formula qspiflash_dualflexpress_divthree-p054 with K=98
[2025-12-12 07:38:17] [run_formula] Running formula qspiflash_dualflexpress_divthree-p054 with K=98 up to limit 1600
[2025-12-12 07:38:25] [generate_cnf] Generating formula qspiflash_dualflexpress_divthree-p054 with K=99
[2025-12-12 07:38:26] [run_formula] Running formula qspiflash_dualflexpress_divthree-p054 with K=99 up to limit 1600
[2025-12-12 07:38:35] [generate_cnf] Generating formula qspiflash_dualflexpress_divthree-p054 with K=100
[2025-12-12 07:38:36] [run_formula] Running formula qspiflash_dualflexpress_divthree-p054 with K=100 up to limit 1600
[2025-12-12 07:38:44] [generate_cnf] Generating formula qspiflash_dualflexpress_divthree-p054 with K=101
[2025-12-12 07:38:45] [run_formula] Running formula qspiflash_dualflexpress_divthree-p054 with K=101 up to limit 1600
[2025-12-12 07:38:53] [generate_cnf] Generating formula qspiflash_dualflexpress_divthree-p054 with K=102
[2025-12-12 07:38:54] [run_formula] Running formula qspiflash_dualflexpress_divthree-p054 with K=102 up to limit 1600
[2025-12-12 07:39:03] [generate_cnf] Generating formula qspiflash_dualflexpress_divthree-p054 with K=103
[2025-12-12 07:39:03] [run_formula] Running formula qspiflash_dualflexpress_divthree-p054 with K=103 up to limit 1600
[2025-12-12 07:39:12] [generate_cnf] Generating formula qspiflash_dualflexpress_divthree-p054 with K=104
[2025-12-12 07:39:13] [run_formula] Running formula qspiflash_dualflexpress_divthree-p054 with K=104 up to limit 1600
[2025-12-12 07:39:20] [generate_cnf] Generating formula qspiflash_dualflexpress_divthree-p054 with K=105
[2025-12-12 07:39:22] [run_formula] Running formula qspiflash_dualflexpress_divthree-p054 with K=105 up to limit 1600
[2025-12-12 07:39:30] [generate_cnf] Generating formula qspiflash_dualflexpress_divthree-p054 with K=106
[2025-12-12 07:39:31] [run_formula] Running formula qspiflash_dualflexpress_divthree-p054 with K=106 up to limit 1600
[2025-12-12 07:39:41] [generate_cnf] Generating formula qspiflash_dualflexpress_divthree-p054 with K=107
[2025-12-12 07:39:41] [run_formula] Running formula qspiflash_dualflexpress_divthree-p054 with K=107 up to limit 1600
[2025-12-12 07:39:50] [generate_cnf] Generating formula qspiflash_dualflexpress_divthree-p054 with K=108
[2025-12-12 07:39:51] [run_formula] Running formula qspiflash_dualflexpress_divthree-p054 with K=108 up to limit 1600
[2025-12-12 07:40:00] [generate_cnf] Generating formula qspiflash_dualflexpress_divthree-p054 with K=109
[2025-12-12 07:40:01] [run_formula] Running formula qspiflash_dualflexpress_divthree-p054 with K=109 up to limit 1600
[2025-12-12 07:40:09] [generate_cnf] Generating formula qspiflash_dualflexpress_divthree-p054 with K=110
[2025-12-12 07:40:10] [run_formula] Running formula qspiflash_dualflexpress_divthree-p054 with K=110 up to limit 1600
[2025-12-12 07:40:19] [generate_cnf] Generating formula qspiflash_dualflexpress_divthree-p054 with K=111
[2025-12-12 07:40:19] [run_formula] Running formula qspiflash_dualflexpress_divthree-p054 with K=111 up to limit 1600
[2025-12-12 07:40:30] [generate_cnf] Generating formula qspiflash_dualflexpress_divthree-p054 with K=112
[2025-12-12 07:40:31] [run_formula] Running formula qspiflash_dualflexpress_divthree-p054 with K=112 up to limit 1600
[2025-12-12 07:40:40] [generate_cnf] Generating formula qspiflash_dualflexpress_divthree-p054 with K=113
[2025-12-12 07:40:41] [run_formula] Running formula qspiflash_dualflexpress_divthree-p054 with K=113 up to limit 1600
[2025-12-12 07:40:51] [generate_cnf] Generating formula qspiflash_dualflexpress_divthree-p054 with K=114
[2025-12-12 07:40:52] [run_formula] Running formula qspiflash_dualflexpress_divthree-p054 with K=114 up to limit 1600
[2025-12-12 07:41:02] [generate_cnf] Generating formula qspiflash_dualflexpress_divthree-p054 with K=115
[2025-12-12 07:41:03] [run_formula] Running formula qspiflash_dualflexpress_divthree-p054 with K=115 up to limit 1600
[2025-12-12 07:41:12] [generate_cnf] Generating formula qspiflash_dualflexpress_divthree-p054 with K=116
[2025-12-12 07:41:13] [run_formula] Running formula qspiflash_dualflexpress_divthree-p054 with K=116 up to limit 1600
[2025-12-12 07:41:25] [generate_cnf] Generating formula qspiflash_dualflexpress_divthree-p054 with K=117
[2025-12-12 07:41:26] [run_formula] Running formula qspiflash_dualflexpress_divthree-p054 with K=117 up to limit 1600
[2025-12-12 07:41:39] [generate_cnf] Generating formula qspiflash_dualflexpress_divthree-p054 with K=118
[2025-12-12 07:41:40] [run_formula] Running formula qspiflash_dualflexpress_divthree-p054 with K=118 up to limit 1600
[2025-12-12 07:41:51] [generate_cnf] Generating formula qspiflash_dualflexpress_divthree-p054 with K=119
[2025-12-12 07:41:52] [run_formula] Running formula qspiflash_dualflexpress_divthree-p054 with K=119 up to limit 1600
[2025-12-12 07:42:02] [generate_cnf] Generating formula qspiflash_dualflexpress_divthree-p054 with K=120
[2025-12-12 07:42:03] [run_formula] Running formula qspiflash_dualflexpress_divthree-p054 with K=120 up to limit 1600
[2025-12-12 07:42:15] [generate_cnf] Generating formula qspiflash_dualflexpress_divthree-p054 with K=121
[2025-12-12 07:42:17] [run_formula] Running formula qspiflash_dualflexpress_divthree-p054 with K=121 up to limit 1600
[2025-12-12 07:42:27] [generate_cnf] Generating formula qspiflash_dualflexpress_divthree-p054 with K=122
[2025-12-12 07:42:28] [run_formula] Running formula qspiflash_dualflexpress_divthree-p054 with K=122 up to limit 1600
[2025-12-12 07:42:40] [generate_cnf] Generating formula qspiflash_dualflexpress_divthree-p054 with K=123
[2025-12-12 07:42:42] [run_formula] Running formula qspiflash_dualflexpress_divthree-p054 with K=123 up to limit 1600
[2025-12-12 07:42:55] [generate_cnf] Generating formula qspiflash_dualflexpress_divthree-p054 with K=124
[2025-12-12 07:42:56] [run_formula] Running formula qspiflash_dualflexpress_divthree-p054 with K=124 up to limit 1600
[2025-12-12 07:43:07] [generate_cnf] Generating formula qspiflash_dualflexpress_divthree-p054 with K=125
[2025-12-12 07:43:08] [run_formula] Running formula qspiflash_dualflexpress_divthree-p054 with K=125 up to limit 1600
[2025-12-12 07:43:20] [generate_cnf] Generating formula qspiflash_dualflexpress_divthree-p054 with K=126
[2025-12-12 07:43:21] [run_formula] Running formula qspiflash_dualflexpress_divthree-p054 with K=126 up to limit 1600
[2025-12-12 07:43:31] [generate_cnf] Generating formula qspiflash_dualflexpress_divthree-p054 with K=127
[2025-12-12 07:43:32] [run_formula] Running formula qspiflash_dualflexpress_divthree-p054 with K=127 up to limit 1600
[2025-12-12 07:43:44] [generate_cnf] Generating formula qspiflash_dualflexpress_divthree-p054 with K=128
[2025-12-12 07:43:45] [run_formula] Running formula qspiflash_dualflexpress_divthree-p054 with K=128 up to limit 1600
[2025-12-12 07:43:58] [generate_cnf] Generating formula qspiflash_dualflexpress_divthree-p054 with K=129
[2025-12-12 07:44:00] [run_formula] Running formula qspiflash_dualflexpress_divthree-p054 with K=129 up to limit 1600
[2025-12-12 07:44:11] [generate_cnf] Generating formula qspiflash_dualflexpress_divthree-p054 with K=130
[2025-12-12 07:44:12] [run_formula] Running formula qspiflash_dualflexpress_divthree-p054 with K=130 up to limit 1600
[2025-12-12 07:44:23] [generate_cnf] Generating formula qspiflash_dualflexpress_divthree-p054 with K=131
[2025-12-12 07:44:24] [run_formula] Running formula qspiflash_dualflexpress_divthree-p054 with K=131 up to limit 1600
[2025-12-12 07:44:36] [generate_cnf] Generating formula qspiflash_dualflexpress_divthree-p054 with K=132
[2025-12-12 07:44:38] [run_formula] Running formula qspiflash_dualflexpress_divthree-p054 with K=132 up to limit 1600
[2025-12-12 07:44:53] [generate_cnf] Generating formula qspiflash_dualflexpress_divthree-p054 with K=133
[2025-12-12 07:44:54] [run_formula] Running formula qspiflash_dualflexpress_divthree-p054 with K=133 up to limit 1600
[2025-12-12 07:45:06] [generate_cnf] Generating formula qspiflash_dualflexpress_divthree-p054 with K=134
[2025-12-12 07:45:08] [run_formula] Running formula qspiflash_dualflexpress_divthree-p054 with K=134 up to limit 1600
[2025-12-12 07:45:23] [generate_cnf] Generating formula qspiflash_dualflexpress_divthree-p054 with K=135
[2025-12-12 07:45:24] [run_formula] Running formula qspiflash_dualflexpress_divthree-p054 with K=135 up to limit 1600
[2025-12-12 07:45:39] [generate_cnf] Generating formula qspiflash_dualflexpress_divthree-p054 with K=136
[2025-12-12 07:45:40] [run_formula] Running formula qspiflash_dualflexpress_divthree-p054 with K=136 up to limit 1600
[2025-12-12 07:45:53] [generate_cnf] Generating formula qspiflash_dualflexpress_divthree-p054 with K=137
[2025-12-12 07:45:54] [run_formula] Running formula qspiflash_dualflexpress_divthree-p054 with K=137 up to limit 1600
[2025-12-12 07:46:14] [generate_cnf] Generating formula qspiflash_dualflexpress_divthree-p054 with K=138
[2025-12-12 07:46:15] [run_formula] Running formula qspiflash_dualflexpress_divthree-p054 with K=138 up to limit 1600
[2025-12-12 07:46:34] [generate_cnf] Generating formula qspiflash_dualflexpress_divthree-p054 with K=139
[2025-12-12 07:46:35] [run_formula] Running formula qspiflash_dualflexpress_divthree-p054 with K=139 up to limit 1600
[2025-12-12 07:46:49] [generate_cnf] Generating formula qspiflash_dualflexpress_divthree-p054 with K=140
[2025-12-12 07:46:50] [run_formula] Running formula qspiflash_dualflexpress_divthree-p054 with K=140 up to limit 1600
[2025-12-12 07:47:08] [generate_cnf] Generating formula qspiflash_dualflexpress_divthree-p054 with K=141
[2025-12-12 07:47:09] [run_formula] Running formula qspiflash_dualflexpress_divthree-p054 with K=141 up to limit 1600
[2025-12-12 07:47:23] [generate_cnf] Generating formula qspiflash_dualflexpress_divthree-p054 with K=142
[2025-12-12 07:47:24] [run_formula] Running formula qspiflash_dualflexpress_divthree-p054 with K=142 up to limit 1600
[2025-12-12 07:47:37] [generate_cnf] Generating formula qspiflash_dualflexpress_divthree-p054 with K=143
[2025-12-12 07:47:39] [run_formula] Running formula qspiflash_dualflexpress_divthree-p054 with K=143 up to limit 1600
[2025-12-12 07:48:00] [generate_cnf] Generating formula qspiflash_dualflexpress_divthree-p054 with K=144
[2025-12-12 07:48:02] [run_formula] Running formula qspiflash_dualflexpress_divthree-p054 with K=144 up to limit 1600
[2025-12-12 07:48:25] [generate_cnf] Generating formula qspiflash_dualflexpress_divthree-p054 with K=145
[2025-12-12 07:48:26] [run_formula] Running formula qspiflash_dualflexpress_divthree-p054 with K=145 up to limit 1600
[2025-12-12 07:48:46] [generate_cnf] Generating formula qspiflash_dualflexpress_divthree-p054 with K=146
[2025-12-12 07:48:47] [run_formula] Running formula qspiflash_dualflexpress_divthree-p054 with K=146 up to limit 1600
[2025-12-12 07:49:05] [generate_cnf] Generating formula qspiflash_dualflexpress_divthree-p054 with K=147
[2025-12-12 07:49:06] [run_formula] Running formula qspiflash_dualflexpress_divthree-p054 with K=147 up to limit 1600
[2025-12-12 07:49:19] [generate_cnf] Generating formula qspiflash_dualflexpress_divthree-p054 with K=148
[2025-12-12 07:49:20] [run_formula] Running formula qspiflash_dualflexpress_divthree-p054 with K=148 up to limit 1600
[2025-12-12 07:49:38] [generate_cnf] Generating formula qspiflash_dualflexpress_divthree-p054 with K=149
[2025-12-12 07:49:40] [run_formula] Running formula qspiflash_dualflexpress_divthree-p054 with K=149 up to limit 1600
[2025-12-12 07:49:54] [generate_cnf] Generating formula qspiflash_dualflexpress_divthree-p054 with K=150
[2025-12-12 07:49:55] [run_formula] Running formula qspiflash_dualflexpress_divthree-p054 with K=150 up to limit 1600
[2025-12-12 07:50:09] [generate_cnf] Generating formula qspiflash_dualflexpress_divthree-p054 with K=151
[2025-12-12 07:50:10] [run_formula] Running formula qspiflash_dualflexpress_divthree-p054 with K=151 up to limit 1600
[2025-12-12 07:50:26] [generate_cnf] Generating formula qspiflash_dualflexpress_divthree-p054 with K=152
[2025-12-12 07:50:27] [run_formula] Running formula qspiflash_dualflexpress_divthree-p054 with K=152 up to limit 1600
[2025-12-12 07:50:45] [generate_cnf] Generating formula qspiflash_dualflexpress_divthree-p054 with K=153
[2025-12-12 07:50:46] [run_formula] Running formula qspiflash_dualflexpress_divthree-p054 with K=153 up to limit 1600
[2025-12-12 07:51:11] [generate_cnf] Generating formula qspiflash_dualflexpress_divthree-p054 with K=154
[2025-12-12 07:51:12] [run_formula] Running formula qspiflash_dualflexpress_divthree-p054 with K=154 up to limit 1600
[2025-12-12 07:51:34] [generate_cnf] Generating formula qspiflash_dualflexpress_divthree-p054 with K=155
[2025-12-12 07:51:35] [run_formula] Running formula qspiflash_dualflexpress_divthree-p054 with K=155 up to limit 1600
[2025-12-12 07:51:56] [generate_cnf] Generating formula qspiflash_dualflexpress_divthree-p054 with K=156
[2025-12-12 07:51:58] [run_formula] Running formula qspiflash_dualflexpress_divthree-p054 with K=156 up to limit 1600
[2025-12-12 07:52:19] [generate_cnf] Generating formula qspiflash_dualflexpress_divthree-p054 with K=157
[2025-12-12 07:52:20] [run_formula] Running formula qspiflash_dualflexpress_divthree-p054 with K=157 up to limit 1600
[2025-12-12 07:52:46] [generate_cnf] Generating formula qspiflash_dualflexpress_divthree-p054 with K=158
[2025-12-12 07:52:47] [run_formula] Running formula qspiflash_dualflexpress_divthree-p054 with K=158 up to limit 1600
[2025-12-12 07:53:12] [generate_cnf] Generating formula qspiflash_dualflexpress_divthree-p054 with K=159
[2025-12-12 07:53:13] [run_formula] Running formula qspiflash_dualflexpress_divthree-p054 with K=159 up to limit 1600
[2025-12-12 07:53:36] [generate_cnf] Generating formula qspiflash_dualflexpress_divthree-p054 with K=160
[2025-12-12 07:53:38] [run_formula] Running formula qspiflash_dualflexpress_divthree-p054 with K=160 up to limit 1600
[2025-12-12 07:54:05] [generate_cnf] Generating formula qspiflash_dualflexpress_divthree-p054 with K=161
[2025-12-12 07:54:06] [run_formula] Running formula qspiflash_dualflexpress_divthree-p054 with K=161 up to limit 1600
[2025-12-12 07:54:33] [generate_cnf] Generating formula qspiflash_dualflexpress_divthree-p054 with K=162
[2025-12-12 07:54:34] [run_formula] Running formula qspiflash_dualflexpress_divthree-p054 with K=162 up to limit 1600
[2025-12-12 07:55:00] [generate_cnf] Generating formula qspiflash_dualflexpress_divthree-p054 with K=163
[2025-12-12 07:55:01] [run_formula] Running formula qspiflash_dualflexpress_divthree-p054 with K=163 up to limit 1600
[2025-12-12 07:55:27] [generate_cnf] Generating formula qspiflash_dualflexpress_divthree-p054 with K=164
[2025-12-12 07:55:28] [run_formula] Running formula qspiflash_dualflexpress_divthree-p054 with K=164 up to limit 1600
[2025-12-12 07:55:53] [generate_cnf] Generating formula qspiflash_dualflexpress_divthree-p054 with K=165
[2025-12-12 07:55:55] [run_formula] Running formula qspiflash_dualflexpress_divthree-p054 with K=165 up to limit 1600
[2025-12-12 07:56:19] [generate_cnf] Generating formula qspiflash_dualflexpress_divthree-p054 with K=166
[2025-12-12 07:56:21] [run_formula] Running formula qspiflash_dualflexpress_divthree-p054 with K=166 up to limit 1600
[2025-12-12 07:56:44] [generate_cnf] Generating formula qspiflash_dualflexpress_divthree-p054 with K=167
[2025-12-12 07:56:45] [run_formula] Running formula qspiflash_dualflexpress_divthree-p054 with K=167 up to limit 1600
[2025-12-12 07:57:11] [generate_cnf] Generating formula qspiflash_dualflexpress_divthree-p054 with K=168
[2025-12-12 07:57:13] [run_formula] Running formula qspiflash_dualflexpress_divthree-p054 with K=168 up to limit 1600
[2025-12-12 07:57:36] [generate_cnf] Generating formula qspiflash_dualflexpress_divthree-p054 with K=169
[2025-12-12 07:57:38] [run_formula] Running formula qspiflash_dualflexpress_divthree-p054 with K=169 up to limit 1600
[2025-12-12 07:58:08] [generate_cnf] Generating formula qspiflash_dualflexpress_divthree-p054 with K=170
[2025-12-12 07:58:09] [run_formula] Running formula qspiflash_dualflexpress_divthree-p054 with K=170 up to limit 1600
[2025-12-12 07:58:38] [generate_cnf] Generating formula qspiflash_dualflexpress_divthree-p054 with K=171
[2025-12-12 07:58:39] [run_formula] Running formula qspiflash_dualflexpress_divthree-p054 with K=171 up to limit 1600
[2025-12-12 07:59:08] [generate_cnf] Generating formula qspiflash_dualflexpress_divthree-p054 with K=172
[2025-12-12 07:59:09] [run_formula] Running formula qspiflash_dualflexpress_divthree-p054 with K=172 up to limit 1600
[2025-12-12 07:59:37] [generate_cnf] Generating formula qspiflash_dualflexpress_divthree-p054 with K=173
[2025-12-12 07:59:39] [run_formula] Running formula qspiflash_dualflexpress_divthree-p054 with K=173 up to limit 1600
[2025-12-12 08:00:07] [generate_cnf] Generating formula qspiflash_dualflexpress_divthree-p054 with K=174
[2025-12-12 08:00:09] [run_formula] Running formula qspiflash_dualflexpress_divthree-p054 with K=174 up to limit 1600
[2025-12-12 08:00:36] [generate_cnf] Generating formula qspiflash_dualflexpress_divthree-p054 with K=175
[2025-12-12 08:00:37] [run_formula] Running formula qspiflash_dualflexpress_divthree-p054 with K=175 up to limit 1600
[2025-12-12 08:01:06] [generate_cnf] Generating formula qspiflash_dualflexpress_divthree-p054 with K=176
[2025-12-12 08:01:07] [run_formula] Running formula qspiflash_dualflexpress_divthree-p054 with K=176 up to limit 1600
[2025-12-12 08:01:35] [generate_cnf] Generating formula qspiflash_dualflexpress_divthree-p054 with K=177
[2025-12-12 08:01:37] [run_formula] Running formula qspiflash_dualflexpress_divthree-p054 with K=177 up to limit 1600
[2025-12-12 08:02:06] [generate_cnf] Generating formula qspiflash_dualflexpress_divthree-p054 with K=178
[2025-12-12 08:02:08] [run_formula] Running formula qspiflash_dualflexpress_divthree-p054 with K=178 up to limit 1600
[2025-12-12 08:02:40] [generate_cnf] Generating formula qspiflash_dualflexpress_divthree-p054 with K=179
[2025-12-12 08:02:41] [run_formula] Running formula qspiflash_dualflexpress_divthree-p054 with K=179 up to limit 1600
[2025-12-12 08:03:14] [generate_cnf] Generating formula qspiflash_dualflexpress_divthree-p054 with K=180
[2025-12-12 08:03:16] [run_formula] Running formula qspiflash_dualflexpress_divthree-p054 with K=180 up to limit 1600
[2025-12-12 08:03:48] [generate_cnf] Generating formula qspiflash_dualflexpress_divthree-p054 with K=181
[2025-12-12 08:03:50] [run_formula] Running formula qspiflash_dualflexpress_divthree-p054 with K=181 up to limit 1600
[2025-12-12 08:04:24] [generate_cnf] Generating formula qspiflash_dualflexpress_divthree-p054 with K=182
[2025-12-12 08:04:25] [run_formula] Running formula qspiflash_dualflexpress_divthree-p054 with K=182 up to limit 1600
[2025-12-12 08:04:55] [generate_cnf] Generating formula qspiflash_dualflexpress_divthree-p054 with K=183
[2025-12-12 08:04:56] [run_formula] Running formula qspiflash_dualflexpress_divthree-p054 with K=183 up to limit 1600
[2025-12-12 08:05:24] [generate_cnf] Generating formula qspiflash_dualflexpress_divthree-p054 with K=184
[2025-12-12 08:05:26] [run_formula] Running formula qspiflash_dualflexpress_divthree-p054 with K=184 up to limit 1600
[2025-12-12 08:05:51] [generate_cnf] Generating formula qspiflash_dualflexpress_divthree-p054 with K=185
[2025-12-12 08:05:53] [run_formula] Running formula qspiflash_dualflexpress_divthree-p054 with K=185 up to limit 1600
[2025-12-12 08:06:24] [generate_cnf] Generating formula qspiflash_dualflexpress_divthree-p054 with K=186
[2025-12-12 08:06:25] [run_formula] Running formula qspiflash_dualflexpress_divthree-p054 with K=186 up to limit 1600
[2025-12-12 08:06:58] [generate_cnf] Generating formula qspiflash_dualflexpress_divthree-p054 with K=187
[2025-12-12 08:07:00] [run_formula] Running formula qspiflash_dualflexpress_divthree-p054 with K=187 up to limit 1600
[2025-12-12 08:07:34] [generate_cnf] Generating formula qspiflash_dualflexpress_divthree-p054 with K=188
[2025-12-12 08:07:35] [run_formula] Running formula qspiflash_dualflexpress_divthree-p054 with K=188 up to limit 1600
[2025-12-12 08:08:08] [generate_cnf] Generating formula qspiflash_dualflexpress_divthree-p054 with K=189
[2025-12-12 08:08:09] [run_formula] Running formula qspiflash_dualflexpress_divthree-p054 with K=189 up to limit 1600
[2025-12-12 08:08:43] [generate_cnf] Generating formula qspiflash_dualflexpress_divthree-p054 with K=190
[2025-12-12 08:08:44] [run_formula] Running formula qspiflash_dualflexpress_divthree-p054 with K=190 up to limit 1600
[2025-12-12 08:09:17] [generate_cnf] Generating formula qspiflash_dualflexpress_divthree-p054 with K=191
[2025-12-12 08:09:19] [run_formula] Running formula qspiflash_dualflexpress_divthree-p054 with K=191 up to limit 1600
[2025-12-12 08:09:49] [generate_cnf] Generating formula qspiflash_dualflexpress_divthree-p054 with K=192
[2025-12-12 08:09:51] [run_formula] Running formula qspiflash_dualflexpress_divthree-p054 with K=192 up to limit 1600
[2025-12-12 08:10:30] [generate_cnf] Generating formula qspiflash_dualflexpress_divthree-p054 with K=193
[2025-12-12 08:10:32] [run_formula] Running formula qspiflash_dualflexpress_divthree-p054 with K=193 up to limit 1600
[2025-12-12 08:11:06] [generate_cnf] Generating formula qspiflash_dualflexpress_divthree-p054 with K=194
[2025-12-12 08:11:07] [run_formula] Running formula qspiflash_dualflexpress_divthree-p054 with K=194 up to limit 1600
[2025-12-12 08:11:44] [generate_cnf] Generating formula qspiflash_dualflexpress_divthree-p054 with K=195
[2025-12-12 08:11:46] [run_formula] Running formula qspiflash_dualflexpress_divthree-p054 with K=195 up to limit 1600
[2025-12-12 08:12:20] [generate_cnf] Generating formula qspiflash_dualflexpress_divthree-p054 with K=196
[2025-12-12 08:12:22] [run_formula] Running formula qspiflash_dualflexpress_divthree-p054 with K=196 up to limit 1600
[2025-12-12 08:12:54] [generate_cnf] Generating formula qspiflash_dualflexpress_divthree-p054 with K=197
[2025-12-12 08:12:56] [run_formula] Running formula qspiflash_dualflexpress_divthree-p054 with K=197 up to limit 1600
[2025-12-12 08:13:26] [generate_cnf] Generating formula qspiflash_dualflexpress_divthree-p054 with K=198
[2025-12-12 08:13:28] [run_formula] Running formula qspiflash_dualflexpress_divthree-p054 with K=198 up to limit 1600
[2025-12-12 08:14:07] [generate_cnf] Generating formula qspiflash_dualflexpress_divthree-p054 with K=199
[2025-12-12 08:14:08] [run_formula] Running formula qspiflash_dualflexpress_divthree-p054 with K=199 up to limit 1600
[2025-12-12 08:14:40] [generate_cnf] Generating formula qspiflash_dualflexpress_divthree-p054 with K=200
[2025-12-12 08:14:42] [run_formula] Running formula qspiflash_dualflexpress_divthree-p054 with K=200 up to limit 1600
[2025-12-12 08:15:16] [generate_cnf] Generating formula qspiflash_dualflexpress_divthree-p054 with K=201
[2025-12-12 08:15:17] [run_formula] Running formula qspiflash_dualflexpress_divthree-p054 with K=201 up to limit 1600
[2025-12-12 08:15:54] [generate_cnf] Generating formula qspiflash_dualflexpress_divthree-p054 with K=202
[2025-12-12 08:15:55] [run_formula] Running formula qspiflash_dualflexpress_divthree-p054 with K=202 up to limit 1600
[2025-12-12 08:16:27] [generate_cnf] Generating formula qspiflash_dualflexpress_divthree-p054 with K=203
[2025-12-12 08:16:29] [run_formula] Running formula qspiflash_dualflexpress_divthree-p054 with K=203 up to limit 1600
[2025-12-12 08:17:06] [generate_cnf] Generating formula qspiflash_dualflexpress_divthree-p054 with K=204
[2025-12-12 08:17:07] [run_formula] Running formula qspiflash_dualflexpress_divthree-p054 with K=204 up to limit 1600
[2025-12-12 08:17:46] [generate_cnf] Generating formula qspiflash_dualflexpress_divthree-p054 with K=205
[2025-12-12 08:17:48] [run_formula] Running formula qspiflash_dualflexpress_divthree-p054 with K=205 up to limit 1600
[2025-12-12 08:18:23] [generate_cnf] Generating formula qspiflash_dualflexpress_divthree-p054 with K=206
[2025-12-12 08:18:25] [run_formula] Running formula qspiflash_dualflexpress_divthree-p054 with K=206 up to limit 1600
[2025-12-12 08:19:01] [generate_cnf] Generating formula qspiflash_dualflexpress_divthree-p054 with K=207
[2025-12-12 08:19:03] [run_formula] Running formula qspiflash_dualflexpress_divthree-p054 with K=207 up to limit 1600
[2025-12-12 08:19:46] [generate_cnf] Generating formula qspiflash_dualflexpress_divthree-p054 with K=208
[2025-12-12 08:19:48] [run_formula] Running formula qspiflash_dualflexpress_divthree-p054 with K=208 up to limit 1600
[2025-12-12 08:20:32] [generate_cnf] Generating formula qspiflash_dualflexpress_divthree-p054 with K=209
[2025-12-12 08:20:34] [run_formula] Running formula qspiflash_dualflexpress_divthree-p054 with K=209 up to limit 1600
[2025-12-12 08:21:11] [generate_cnf] Generating formula qspiflash_dualflexpress_divthree-p054 with K=210
[2025-12-12 08:21:13] [run_formula] Running formula qspiflash_dualflexpress_divthree-p054 with K=210 up to limit 1600
[2025-12-12 08:21:50] [generate_cnf] Generating formula qspiflash_dualflexpress_divthree-p054 with K=211
[2025-12-12 08:21:52] [run_formula] Running formula qspiflash_dualflexpress_divthree-p054 with K=211 up to limit 1600
[2025-12-12 08:22:29] [generate_cnf] Generating formula qspiflash_dualflexpress_divthree-p054 with K=212
[2025-12-12 08:22:31] [run_formula] Running formula qspiflash_dualflexpress_divthree-p054 with K=212 up to limit 1600
[2025-12-12 08:23:16] [generate_cnf] Generating formula qspiflash_dualflexpress_divthree-p054 with K=213
[2025-12-12 08:23:18] [run_formula] Running formula qspiflash_dualflexpress_divthree-p054 with K=213 up to limit 1600
[2025-12-12 08:23:57] [generate_cnf] Generating formula qspiflash_dualflexpress_divthree-p054 with K=214
[2025-12-12 08:23:59] [run_formula] Running formula qspiflash_dualflexpress_divthree-p054 with K=214 up to limit 1600
[2025-12-12 08:24:43] [generate_cnf] Generating formula qspiflash_dualflexpress_divthree-p054 with K=215
[2025-12-12 08:24:45] [run_formula] Running formula qspiflash_dualflexpress_divthree-p054 with K=215 up to limit 1600
[2025-12-12 08:25:31] [generate_cnf] Generating formula qspiflash_dualflexpress_divthree-p054 with K=216
[2025-12-12 08:25:32] [run_formula] Running formula qspiflash_dualflexpress_divthree-p054 with K=216 up to limit 1600
[2025-12-12 08:26:17] [generate_cnf] Generating formula qspiflash_dualflexpress_divthree-p054 with K=217
[2025-12-12 08:26:19] [run_formula] Running formula qspiflash_dualflexpress_divthree-p054 with K=217 up to limit 1600
[2025-12-12 08:26:55] [generate_cnf] Generating formula qspiflash_dualflexpress_divthree-p054 with K=218
[2025-12-12 08:26:57] [run_formula] Running formula qspiflash_dualflexpress_divthree-p054 with K=218 up to limit 1600
[2025-12-12 08:27:44] [generate_cnf] Generating formula qspiflash_dualflexpress_divthree-p054 with K=219
[2025-12-12 08:27:46] [run_formula] Running formula qspiflash_dualflexpress_divthree-p054 with K=219 up to limit 1600
[2025-12-12 08:28:31] [run_formula] Error running formula qspiflash_dualflexpress_divthree-p054 with K=219: [Errno 122] Disk quota exceeded: './results/solving_logs/qspiflash_dualflexpress_divthree-p054//qspiflash_dualflexpress_divthree-p054.219.log'
[2025-12-12 08:28:31] [generate_and_run_up_to_limit] Failed to run formula qspiflash_dualflexpress_divthree-p054 with K=219, halting
