CNF written.
CNF written.
CNF written.
CNF written.
CNF written.
CNF written.
CNF written.
CNF written.
CNF written.
CNF written.
CNF written.
CNF written.
CNF written.
CNF written.
CNF written.
CNF written.
CNF written.
CNF written.
CNF written.
CNF written.
CNF written.
CNF written.
CNF written.
CNF written.
CNF written.
CNF written.
CNF written.
CNF written.
CNF written.
CNF written.
CNF written.
CNF written.
CNF written.
CNF written.
CNF written.
CNF written.
CNF written.
CNF written.
CNF written.
CNF written.
CNF written.
CNF written.
CNF written.
CNF written.
CNF written.
CNF written.
CNF written.
CNF written.
CNF written.
CNF written.
CNF written.
CNF written.
CNF written.
CNF written.
CNF written.
CNF written.
CNF written.
CNF written.
CNF written.
CNF written.
CNF written.
CNF written.
CNF written.
CNF written.
CNF written.
CNF written.
CNF written.
CNF written.
CNF written.
CNF written.
CNF written.
CNF written.
CNF written.
CNF written.
CNF written.
CNF written.
CNF written.
CNF written.
CNF written.
CNF written.
CNF written.
CNF written.
CNF written.
CNF written.
CNF written.
CNF written.
CNF written.
CNF written.
CNF written.
CNF written.
CNF written.
CNF written.
CNF written.
CNF written.
CNF written.
CNF written.
CNF written.
CNF written.
CNF written.
CNF written.
CNF written.
CNF written.
CNF written.
CNF written.
CNF written.
CNF written.
CNF written.
CNF written.
CNF written.
CNF written.
CNF written.
CNF written.
CNF written.
CNF written.
CNF written.
CNF written.
CNF written.
CNF written.
CNF written.
CNF written.
CNF written.
CNF written.
CNF written.
CNF written.
CNF written.
CNF written.
CNF written.
CNF written.
CNF written.
CNF written.
CNF written.
CNF written.
CNF written.
CNF written.
CNF written.
CNF written.
CNF written.
CNF written.
CNF written.
CNF written.
CNF written.
CNF written.
CNF written.
CNF written.
CNF written.
CNF written.
CNF written.
CNF written.
CNF written.
CNF written.
CNF written.
CNF written.
CNF written.
CNF written.
CNF written.
CNF written.
CNF written.
CNF written.
CNF written.
CNF written.
CNF written.
CNF written.
CNF written.
CNF written.
CNF written.
CNF written.
CNF written.
CNF written.
CNF written.
CNF written.
CNF written.
CNF written.
CNF written.
CNF written.
CNF written.
CNF written.
CNF written.
CNF written.
CNF written.
CNF written.
CNF written.
CNF written.
CNF written.
CNF written.
CNF written.
CNF written.
CNF written.
CNF written.
CNF written.
CNF written.
CNF written.
CNF written.
CNF written.
CNF written.
CNF written.
CNF written.
CNF written.
CNF written.
CNF written.
CNF written.
CNF written.
CNF written.
CNF written.
CNF written.
CNF written.
CNF written.
CNF written.
CNF written.
CNF written.
CNF written.
CNF written.
CNF written.
CNF written.
CNF written.
CNF written.
CNF written.
CNF written.
CNF written.
CNF written.
CNF written.
CNF written.
CNF written.
CNF written.
CNF written.
CNF written.
CNF written.
CNF written.
CNF written.
CNF written.
CNF written.
CNF written.
CNF written.
CNF written.
CNF written.
CNF written.
CNF written.
CNF written.
CNF written.
CNF written.
CNF written.
CNF written.
CNF written.
CNF written.
CNF written.
CNF written.
CNF written.
CNF written.
CNF written.
CNF written.
CNF written.
CNF written.
CNF written.
CNF written.
CNF written.
CNF written.
CNF written.
CNF written.
CNF written.
CNF written.
CNF written.
CNF written.
CNF written.
CNF written.
CNF written.
CNF written.
CNF written.
CNF written.
CNF written.
CNF written.
CNF written.
CNF written.
CNF written.
CNF written.
CNF written.
CNF written.
CNF written.
CNF written.
CNF written.
CNF written.
CNF written.
CNF written.
CNF written.
CNF written.
CNF written.
CNF written.
CNF written.
CNF written.
CNF written.
CNF written.
CNF written.
CNF written.
CNF written.
CNF written.
CNF written.
CNF written.
CNF written.
CNF written.
CNF written.
CNF written.
CNF written.
CNF written.
CNF written.
CNF written.
CNF written.
CNF written.
CNF written.
CNF written.
CNF written.
CNF written.
CNF written.
CNF written.
CNF written.
CNF written.
CNF written.
CNF written.
[2025-12-12 07:07:11] [generate_and_run_up_to_limit] Generating and running qspiflash_dualflexpress_divthree-p006 with K<=500 up to limit 1600
[2025-12-12 07:07:11] [generate_cnf] Generating formula qspiflash_dualflexpress_divthree-p006 with K=1
[2025-12-12 07:07:11] [run_formula] Running formula qspiflash_dualflexpress_divthree-p006 with K=1 up to limit 1600
[2025-12-12 07:07:11] [generate_cnf] Generating formula qspiflash_dualflexpress_divthree-p006 with K=2
[2025-12-12 07:07:11] [run_formula] Running formula qspiflash_dualflexpress_divthree-p006 with K=2 up to limit 1600
[2025-12-12 07:07:11] [generate_cnf] Generating formula qspiflash_dualflexpress_divthree-p006 with K=3
[2025-12-12 07:07:11] [run_formula] Running formula qspiflash_dualflexpress_divthree-p006 with K=3 up to limit 1600
[2025-12-12 07:07:11] [generate_cnf] Generating formula qspiflash_dualflexpress_divthree-p006 with K=4
[2025-12-12 07:07:11] [run_formula] Running formula qspiflash_dualflexpress_divthree-p006 with K=4 up to limit 1600
[2025-12-12 07:07:11] [generate_cnf] Generating formula qspiflash_dualflexpress_divthree-p006 with K=5
[2025-12-12 07:07:11] [run_formula] Running formula qspiflash_dualflexpress_divthree-p006 with K=5 up to limit 1600
[2025-12-12 07:07:11] [generate_cnf] Generating formula qspiflash_dualflexpress_divthree-p006 with K=6
[2025-12-12 07:07:11] [run_formula] Running formula qspiflash_dualflexpress_divthree-p006 with K=6 up to limit 1600
[2025-12-12 07:07:11] [generate_cnf] Generating formula qspiflash_dualflexpress_divthree-p006 with K=7
[2025-12-12 07:07:11] [run_formula] Running formula qspiflash_dualflexpress_divthree-p006 with K=7 up to limit 1600
[2025-12-12 07:07:11] [generate_cnf] Generating formula qspiflash_dualflexpress_divthree-p006 with K=8
[2025-12-12 07:07:12] [run_formula] Running formula qspiflash_dualflexpress_divthree-p006 with K=8 up to limit 1600
[2025-12-12 07:07:12] [generate_cnf] Generating formula qspiflash_dualflexpress_divthree-p006 with K=9
[2025-12-12 07:07:12] [run_formula] Running formula qspiflash_dualflexpress_divthree-p006 with K=9 up to limit 1600
[2025-12-12 07:07:12] [generate_cnf] Generating formula qspiflash_dualflexpress_divthree-p006 with K=10
[2025-12-12 07:07:12] [run_formula] Running formula qspiflash_dualflexpress_divthree-p006 with K=10 up to limit 1600
[2025-12-12 07:07:12] [generate_cnf] Generating formula qspiflash_dualflexpress_divthree-p006 with K=11
[2025-12-12 07:07:12] [run_formula] Running formula qspiflash_dualflexpress_divthree-p006 with K=11 up to limit 1600
[2025-12-12 07:07:12] [generate_cnf] Generating formula qspiflash_dualflexpress_divthree-p006 with K=12
[2025-12-12 07:07:12] [run_formula] Running formula qspiflash_dualflexpress_divthree-p006 with K=12 up to limit 1600
[2025-12-12 07:07:12] [generate_cnf] Generating formula qspiflash_dualflexpress_divthree-p006 with K=13
[2025-12-12 07:07:12] [run_formula] Running formula qspiflash_dualflexpress_divthree-p006 with K=13 up to limit 1600
[2025-12-12 07:07:12] [generate_cnf] Generating formula qspiflash_dualflexpress_divthree-p006 with K=14
[2025-12-12 07:07:12] [run_formula] Running formula qspiflash_dualflexpress_divthree-p006 with K=14 up to limit 1600
[2025-12-12 07:07:13] [generate_cnf] Generating formula qspiflash_dualflexpress_divthree-p006 with K=15
[2025-12-12 07:07:13] [run_formula] Running formula qspiflash_dualflexpress_divthree-p006 with K=15 up to limit 1600
[2025-12-12 07:07:13] [generate_cnf] Generating formula qspiflash_dualflexpress_divthree-p006 with K=16
[2025-12-12 07:07:13] [run_formula] Running formula qspiflash_dualflexpress_divthree-p006 with K=16 up to limit 1600
[2025-12-12 07:07:13] [generate_cnf] Generating formula qspiflash_dualflexpress_divthree-p006 with K=17
[2025-12-12 07:07:13] [run_formula] Running formula qspiflash_dualflexpress_divthree-p006 with K=17 up to limit 1600
[2025-12-12 07:07:13] [generate_cnf] Generating formula qspiflash_dualflexpress_divthree-p006 with K=18
[2025-12-12 07:07:13] [run_formula] Running formula qspiflash_dualflexpress_divthree-p006 with K=18 up to limit 1600
[2025-12-12 07:07:13] [generate_cnf] Generating formula qspiflash_dualflexpress_divthree-p006 with K=19
[2025-12-12 07:07:14] [run_formula] Running formula qspiflash_dualflexpress_divthree-p006 with K=19 up to limit 1600
[2025-12-12 07:07:14] [generate_cnf] Generating formula qspiflash_dualflexpress_divthree-p006 with K=20
[2025-12-12 07:07:14] [run_formula] Running formula qspiflash_dualflexpress_divthree-p006 with K=20 up to limit 1600
[2025-12-12 07:07:14] [generate_cnf] Generating formula qspiflash_dualflexpress_divthree-p006 with K=21
[2025-12-12 07:07:14] [run_formula] Running formula qspiflash_dualflexpress_divthree-p006 with K=21 up to limit 1600
[2025-12-12 07:07:14] [generate_cnf] Generating formula qspiflash_dualflexpress_divthree-p006 with K=22
[2025-12-12 07:07:15] [run_formula] Running formula qspiflash_dualflexpress_divthree-p006 with K=22 up to limit 1600
[2025-12-12 07:07:15] [generate_cnf] Generating formula qspiflash_dualflexpress_divthree-p006 with K=23
[2025-12-12 07:07:15] [run_formula] Running formula qspiflash_dualflexpress_divthree-p006 with K=23 up to limit 1600
[2025-12-12 07:07:15] [generate_cnf] Generating formula qspiflash_dualflexpress_divthree-p006 with K=24
[2025-12-12 07:07:15] [run_formula] Running formula qspiflash_dualflexpress_divthree-p006 with K=24 up to limit 1600
[2025-12-12 07:07:16] [generate_cnf] Generating formula qspiflash_dualflexpress_divthree-p006 with K=25
[2025-12-12 07:07:16] [run_formula] Running formula qspiflash_dualflexpress_divthree-p006 with K=25 up to limit 1600
[2025-12-12 07:07:16] [generate_cnf] Generating formula qspiflash_dualflexpress_divthree-p006 with K=26
[2025-12-12 07:07:16] [run_formula] Running formula qspiflash_dualflexpress_divthree-p006 with K=26 up to limit 1600
[2025-12-12 07:07:17] [generate_cnf] Generating formula qspiflash_dualflexpress_divthree-p006 with K=27
[2025-12-12 07:07:17] [run_formula] Running formula qspiflash_dualflexpress_divthree-p006 with K=27 up to limit 1600
[2025-12-12 07:07:17] [generate_cnf] Generating formula qspiflash_dualflexpress_divthree-p006 with K=28
[2025-12-12 07:07:17] [run_formula] Running formula qspiflash_dualflexpress_divthree-p006 with K=28 up to limit 1600
[2025-12-12 07:07:18] [generate_cnf] Generating formula qspiflash_dualflexpress_divthree-p006 with K=29
[2025-12-12 07:07:18] [run_formula] Running formula qspiflash_dualflexpress_divthree-p006 with K=29 up to limit 1600
[2025-12-12 07:07:18] [generate_cnf] Generating formula qspiflash_dualflexpress_divthree-p006 with K=30
[2025-12-12 07:07:19] [run_formula] Running formula qspiflash_dualflexpress_divthree-p006 with K=30 up to limit 1600
[2025-12-12 07:07:19] [generate_cnf] Generating formula qspiflash_dualflexpress_divthree-p006 with K=31
[2025-12-12 07:07:19] [run_formula] Running formula qspiflash_dualflexpress_divthree-p006 with K=31 up to limit 1600
[2025-12-12 07:07:20] [generate_cnf] Generating formula qspiflash_dualflexpress_divthree-p006 with K=32
[2025-12-12 07:07:20] [run_formula] Running formula qspiflash_dualflexpress_divthree-p006 with K=32 up to limit 1600
[2025-12-12 07:07:21] [generate_cnf] Generating formula qspiflash_dualflexpress_divthree-p006 with K=33
[2025-12-12 07:07:21] [run_formula] Running formula qspiflash_dualflexpress_divthree-p006 with K=33 up to limit 1600
[2025-12-12 07:07:21] [generate_cnf] Generating formula qspiflash_dualflexpress_divthree-p006 with K=34
[2025-12-12 07:07:22] [run_formula] Running formula qspiflash_dualflexpress_divthree-p006 with K=34 up to limit 1600
[2025-12-12 07:07:22] [generate_cnf] Generating formula qspiflash_dualflexpress_divthree-p006 with K=35
[2025-12-12 07:07:22] [run_formula] Running formula qspiflash_dualflexpress_divthree-p006 with K=35 up to limit 1600
[2025-12-12 07:07:23] [generate_cnf] Generating formula qspiflash_dualflexpress_divthree-p006 with K=36
[2025-12-12 07:07:23] [run_formula] Running formula qspiflash_dualflexpress_divthree-p006 with K=36 up to limit 1600
[2025-12-12 07:07:24] [generate_cnf] Generating formula qspiflash_dualflexpress_divthree-p006 with K=37
[2025-12-12 07:07:24] [run_formula] Running formula qspiflash_dualflexpress_divthree-p006 with K=37 up to limit 1600
[2025-12-12 07:07:25] [generate_cnf] Generating formula qspiflash_dualflexpress_divthree-p006 with K=38
[2025-12-12 07:07:25] [run_formula] Running formula qspiflash_dualflexpress_divthree-p006 with K=38 up to limit 1600
[2025-12-12 07:07:26] [generate_cnf] Generating formula qspiflash_dualflexpress_divthree-p006 with K=39
[2025-12-12 07:07:26] [run_formula] Running formula qspiflash_dualflexpress_divthree-p006 with K=39 up to limit 1600
[2025-12-12 07:07:27] [generate_cnf] Generating formula qspiflash_dualflexpress_divthree-p006 with K=40
[2025-12-12 07:07:27] [run_formula] Running formula qspiflash_dualflexpress_divthree-p006 with K=40 up to limit 1600
[2025-12-12 07:07:28] [generate_cnf] Generating formula qspiflash_dualflexpress_divthree-p006 with K=41
[2025-12-12 07:07:28] [run_formula] Running formula qspiflash_dualflexpress_divthree-p006 with K=41 up to limit 1600
[2025-12-12 07:07:29] [generate_cnf] Generating formula qspiflash_dualflexpress_divthree-p006 with K=42
[2025-12-12 07:07:29] [run_formula] Running formula qspiflash_dualflexpress_divthree-p006 with K=42 up to limit 1600
[2025-12-12 07:07:30] [generate_cnf] Generating formula qspiflash_dualflexpress_divthree-p006 with K=43
[2025-12-12 07:07:30] [run_formula] Running formula qspiflash_dualflexpress_divthree-p006 with K=43 up to limit 1600
[2025-12-12 07:07:31] [generate_cnf] Generating formula qspiflash_dualflexpress_divthree-p006 with K=44
[2025-12-12 07:07:31] [run_formula] Running formula qspiflash_dualflexpress_divthree-p006 with K=44 up to limit 1600
[2025-12-12 07:07:32] [generate_cnf] Generating formula qspiflash_dualflexpress_divthree-p006 with K=45
[2025-12-12 07:07:32] [run_formula] Running formula qspiflash_dualflexpress_divthree-p006 with K=45 up to limit 1600
[2025-12-12 07:07:33] [generate_cnf] Generating formula qspiflash_dualflexpress_divthree-p006 with K=46
[2025-12-12 07:07:33] [run_formula] Running formula qspiflash_dualflexpress_divthree-p006 with K=46 up to limit 1600
[2025-12-12 07:07:34] [generate_cnf] Generating formula qspiflash_dualflexpress_divthree-p006 with K=47
[2025-12-12 07:07:35] [run_formula] Running formula qspiflash_dualflexpress_divthree-p006 with K=47 up to limit 1600
[2025-12-12 07:07:35] [generate_cnf] Generating formula qspiflash_dualflexpress_divthree-p006 with K=48
[2025-12-12 07:07:36] [run_formula] Running formula qspiflash_dualflexpress_divthree-p006 with K=48 up to limit 1600
[2025-12-12 07:07:37] [generate_cnf] Generating formula qspiflash_dualflexpress_divthree-p006 with K=49
[2025-12-12 07:07:37] [run_formula] Running formula qspiflash_dualflexpress_divthree-p006 with K=49 up to limit 1600
[2025-12-12 07:07:38] [generate_cnf] Generating formula qspiflash_dualflexpress_divthree-p006 with K=50
[2025-12-12 07:07:39] [run_formula] Running formula qspiflash_dualflexpress_divthree-p006 with K=50 up to limit 1600
[2025-12-12 07:07:39] [generate_cnf] Generating formula qspiflash_dualflexpress_divthree-p006 with K=51
[2025-12-12 07:07:40] [run_formula] Running formula qspiflash_dualflexpress_divthree-p006 with K=51 up to limit 1600
[2025-12-12 07:07:41] [generate_cnf] Generating formula qspiflash_dualflexpress_divthree-p006 with K=52
[2025-12-12 07:07:41] [run_formula] Running formula qspiflash_dualflexpress_divthree-p006 with K=52 up to limit 1600
[2025-12-12 07:07:42] [generate_cnf] Generating formula qspiflash_dualflexpress_divthree-p006 with K=53
[2025-12-12 07:07:43] [run_formula] Running formula qspiflash_dualflexpress_divthree-p006 with K=53 up to limit 1600
[2025-12-12 07:07:43] [generate_cnf] Generating formula qspiflash_dualflexpress_divthree-p006 with K=54
[2025-12-12 07:07:44] [run_formula] Running formula qspiflash_dualflexpress_divthree-p006 with K=54 up to limit 1600
[2025-12-12 07:07:45] [generate_cnf] Generating formula qspiflash_dualflexpress_divthree-p006 with K=55
[2025-12-12 07:07:46] [run_formula] Running formula qspiflash_dualflexpress_divthree-p006 with K=55 up to limit 1600
[2025-12-12 07:07:47] [generate_cnf] Generating formula qspiflash_dualflexpress_divthree-p006 with K=56
[2025-12-12 07:07:47] [run_formula] Running formula qspiflash_dualflexpress_divthree-p006 with K=56 up to limit 1600
[2025-12-12 07:07:48] [generate_cnf] Generating formula qspiflash_dualflexpress_divthree-p006 with K=57
[2025-12-12 07:07:49] [run_formula] Running formula qspiflash_dualflexpress_divthree-p006 with K=57 up to limit 1600
[2025-12-12 07:07:50] [generate_cnf] Generating formula qspiflash_dualflexpress_divthree-p006 with K=58
[2025-12-12 07:07:50] [run_formula] Running formula qspiflash_dualflexpress_divthree-p006 with K=58 up to limit 1600
[2025-12-12 07:07:51] [generate_cnf] Generating formula qspiflash_dualflexpress_divthree-p006 with K=59
[2025-12-12 07:07:52] [run_formula] Running formula qspiflash_dualflexpress_divthree-p006 with K=59 up to limit 1600
[2025-12-12 07:07:53] [generate_cnf] Generating formula qspiflash_dualflexpress_divthree-p006 with K=60
[2025-12-12 07:07:54] [run_formula] Running formula qspiflash_dualflexpress_divthree-p006 with K=60 up to limit 1600
[2025-12-12 07:07:56] [generate_cnf] Generating formula qspiflash_dualflexpress_divthree-p006 with K=61
[2025-12-12 07:07:57] [run_formula] Running formula qspiflash_dualflexpress_divthree-p006 with K=61 up to limit 1600
[2025-12-12 07:07:58] [generate_cnf] Generating formula qspiflash_dualflexpress_divthree-p006 with K=62
[2025-12-12 07:07:59] [run_formula] Running formula qspiflash_dualflexpress_divthree-p006 with K=62 up to limit 1600
[2025-12-12 07:08:00] [generate_cnf] Generating formula qspiflash_dualflexpress_divthree-p006 with K=63
[2025-12-12 07:08:00] [run_formula] Running formula qspiflash_dualflexpress_divthree-p006 with K=63 up to limit 1600
[2025-12-12 07:08:02] [generate_cnf] Generating formula qspiflash_dualflexpress_divthree-p006 with K=64
[2025-12-12 07:08:02] [run_formula] Running formula qspiflash_dualflexpress_divthree-p006 with K=64 up to limit 1600
[2025-12-12 07:08:04] [generate_cnf] Generating formula qspiflash_dualflexpress_divthree-p006 with K=65
[2025-12-12 07:08:05] [run_formula] Running formula qspiflash_dualflexpress_divthree-p006 with K=65 up to limit 1600
[2025-12-12 07:08:06] [generate_cnf] Generating formula qspiflash_dualflexpress_divthree-p006 with K=66
[2025-12-12 07:08:07] [run_formula] Running formula qspiflash_dualflexpress_divthree-p006 with K=66 up to limit 1600
[2025-12-12 07:08:09] [generate_cnf] Generating formula qspiflash_dualflexpress_divthree-p006 with K=67
[2025-12-12 07:08:10] [run_formula] Running formula qspiflash_dualflexpress_divthree-p006 with K=67 up to limit 1600
[2025-12-12 07:08:12] [generate_cnf] Generating formula qspiflash_dualflexpress_divthree-p006 with K=68
[2025-12-12 07:08:12] [run_formula] Running formula qspiflash_dualflexpress_divthree-p006 with K=68 up to limit 1600
[2025-12-12 07:08:14] [generate_cnf] Generating formula qspiflash_dualflexpress_divthree-p006 with K=69
[2025-12-12 07:08:14] [run_formula] Running formula qspiflash_dualflexpress_divthree-p006 with K=69 up to limit 1600
[2025-12-12 07:08:16] [generate_cnf] Generating formula qspiflash_dualflexpress_divthree-p006 with K=70
[2025-12-12 07:08:17] [run_formula] Running formula qspiflash_dualflexpress_divthree-p006 with K=70 up to limit 1600
[2025-12-12 07:08:19] [generate_cnf] Generating formula qspiflash_dualflexpress_divthree-p006 with K=71
[2025-12-12 07:08:19] [run_formula] Running formula qspiflash_dualflexpress_divthree-p006 with K=71 up to limit 1600
[2025-12-12 07:08:21] [generate_cnf] Generating formula qspiflash_dualflexpress_divthree-p006 with K=72
[2025-12-12 07:08:22] [run_formula] Running formula qspiflash_dualflexpress_divthree-p006 with K=72 up to limit 1600
[2025-12-12 07:08:24] [generate_cnf] Generating formula qspiflash_dualflexpress_divthree-p006 with K=73
[2025-12-12 07:08:24] [run_formula] Running formula qspiflash_dualflexpress_divthree-p006 with K=73 up to limit 1600
[2025-12-12 07:08:26] [generate_cnf] Generating formula qspiflash_dualflexpress_divthree-p006 with K=74
[2025-12-12 07:08:26] [run_formula] Running formula qspiflash_dualflexpress_divthree-p006 with K=74 up to limit 1600
[2025-12-12 07:08:28] [generate_cnf] Generating formula qspiflash_dualflexpress_divthree-p006 with K=75
[2025-12-12 07:08:29] [run_formula] Running formula qspiflash_dualflexpress_divthree-p006 with K=75 up to limit 1600
[2025-12-12 07:08:32] [generate_cnf] Generating formula qspiflash_dualflexpress_divthree-p006 with K=76
[2025-12-12 07:08:32] [run_formula] Running formula qspiflash_dualflexpress_divthree-p006 with K=76 up to limit 1600
[2025-12-12 07:08:34] [generate_cnf] Generating formula qspiflash_dualflexpress_divthree-p006 with K=77
[2025-12-12 07:08:35] [run_formula] Running formula qspiflash_dualflexpress_divthree-p006 with K=77 up to limit 1600
[2025-12-12 07:08:37] [generate_cnf] Generating formula qspiflash_dualflexpress_divthree-p006 with K=78
[2025-12-12 07:08:38] [run_formula] Running formula qspiflash_dualflexpress_divthree-p006 with K=78 up to limit 1600
[2025-12-12 07:08:40] [generate_cnf] Generating formula qspiflash_dualflexpress_divthree-p006 with K=79
[2025-12-12 07:08:41] [run_formula] Running formula qspiflash_dualflexpress_divthree-p006 with K=79 up to limit 1600
[2025-12-12 07:08:43] [generate_cnf] Generating formula qspiflash_dualflexpress_divthree-p006 with K=80
[2025-12-12 07:08:44] [run_formula] Running formula qspiflash_dualflexpress_divthree-p006 with K=80 up to limit 1600
[2025-12-12 07:08:47] [generate_cnf] Generating formula qspiflash_dualflexpress_divthree-p006 with K=81
[2025-12-12 07:08:48] [run_formula] Running formula qspiflash_dualflexpress_divthree-p006 with K=81 up to limit 1600
[2025-12-12 07:08:51] [generate_cnf] Generating formula qspiflash_dualflexpress_divthree-p006 with K=82
[2025-12-12 07:08:52] [run_formula] Running formula qspiflash_dualflexpress_divthree-p006 with K=82 up to limit 1600
[2025-12-12 07:08:56] [generate_cnf] Generating formula qspiflash_dualflexpress_divthree-p006 with K=83
[2025-12-12 07:08:56] [run_formula] Running formula qspiflash_dualflexpress_divthree-p006 with K=83 up to limit 1600
[2025-12-12 07:09:00] [generate_cnf] Generating formula qspiflash_dualflexpress_divthree-p006 with K=84
[2025-12-12 07:09:01] [run_formula] Running formula qspiflash_dualflexpress_divthree-p006 with K=84 up to limit 1600
[2025-12-12 07:09:04] [generate_cnf] Generating formula qspiflash_dualflexpress_divthree-p006 with K=85
[2025-12-12 07:09:05] [run_formula] Running formula qspiflash_dualflexpress_divthree-p006 with K=85 up to limit 1600
[2025-12-12 07:09:08] [generate_cnf] Generating formula qspiflash_dualflexpress_divthree-p006 with K=86
[2025-12-12 07:09:09] [run_formula] Running formula qspiflash_dualflexpress_divthree-p006 with K=86 up to limit 1600
[2025-12-12 07:09:12] [generate_cnf] Generating formula qspiflash_dualflexpress_divthree-p006 with K=87
[2025-12-12 07:09:13] [run_formula] Running formula qspiflash_dualflexpress_divthree-p006 with K=87 up to limit 1600
[2025-12-12 07:09:15] [generate_cnf] Generating formula qspiflash_dualflexpress_divthree-p006 with K=88
[2025-12-12 07:09:16] [run_formula] Running formula qspiflash_dualflexpress_divthree-p006 with K=88 up to limit 1600
[2025-12-12 07:09:20] [generate_cnf] Generating formula qspiflash_dualflexpress_divthree-p006 with K=89
[2025-12-12 07:09:21] [run_formula] Running formula qspiflash_dualflexpress_divthree-p006 with K=89 up to limit 1600
[2025-12-12 07:09:24] [generate_cnf] Generating formula qspiflash_dualflexpress_divthree-p006 with K=90
[2025-12-12 07:09:25] [run_formula] Running formula qspiflash_dualflexpress_divthree-p006 with K=90 up to limit 1600
[2025-12-12 07:09:29] [generate_cnf] Generating formula qspiflash_dualflexpress_divthree-p006 with K=91
[2025-12-12 07:09:30] [run_formula] Running formula qspiflash_dualflexpress_divthree-p006 with K=91 up to limit 1600
[2025-12-12 07:09:35] [generate_cnf] Generating formula qspiflash_dualflexpress_divthree-p006 with K=92
[2025-12-12 07:09:35] [run_formula] Running formula qspiflash_dualflexpress_divthree-p006 with K=92 up to limit 1600
[2025-12-12 07:09:39] [generate_cnf] Generating formula qspiflash_dualflexpress_divthree-p006 with K=93
[2025-12-12 07:09:40] [run_formula] Running formula qspiflash_dualflexpress_divthree-p006 with K=93 up to limit 1600
[2025-12-12 07:09:44] [generate_cnf] Generating formula qspiflash_dualflexpress_divthree-p006 with K=94
[2025-12-12 07:09:45] [run_formula] Running formula qspiflash_dualflexpress_divthree-p006 with K=94 up to limit 1600
[2025-12-12 07:09:50] [generate_cnf] Generating formula qspiflash_dualflexpress_divthree-p006 with K=95
[2025-12-12 07:09:50] [run_formula] Running formula qspiflash_dualflexpress_divthree-p006 with K=95 up to limit 1600
[2025-12-12 07:09:54] [generate_cnf] Generating formula qspiflash_dualflexpress_divthree-p006 with K=96
[2025-12-12 07:09:55] [run_formula] Running formula qspiflash_dualflexpress_divthree-p006 with K=96 up to limit 1600
[2025-12-12 07:09:58] [generate_cnf] Generating formula qspiflash_dualflexpress_divthree-p006 with K=97
[2025-12-12 07:09:59] [run_formula] Running formula qspiflash_dualflexpress_divthree-p006 with K=97 up to limit 1600
[2025-12-12 07:10:04] [generate_cnf] Generating formula qspiflash_dualflexpress_divthree-p006 with K=98
[2025-12-12 07:10:04] [run_formula] Running formula qspiflash_dualflexpress_divthree-p006 with K=98 up to limit 1600
[2025-12-12 07:10:09] [generate_cnf] Generating formula qspiflash_dualflexpress_divthree-p006 with K=99
[2025-12-12 07:10:10] [run_formula] Running formula qspiflash_dualflexpress_divthree-p006 with K=99 up to limit 1600
[2025-12-12 07:10:14] [generate_cnf] Generating formula qspiflash_dualflexpress_divthree-p006 with K=100
[2025-12-12 07:10:15] [run_formula] Running formula qspiflash_dualflexpress_divthree-p006 with K=100 up to limit 1600
[2025-12-12 07:10:18] [generate_cnf] Generating formula qspiflash_dualflexpress_divthree-p006 with K=101
[2025-12-12 07:10:19] [run_formula] Running formula qspiflash_dualflexpress_divthree-p006 with K=101 up to limit 1600
[2025-12-12 07:10:25] [generate_cnf] Generating formula qspiflash_dualflexpress_divthree-p006 with K=102
[2025-12-12 07:10:25] [run_formula] Running formula qspiflash_dualflexpress_divthree-p006 with K=102 up to limit 1600
[2025-12-12 07:10:30] [generate_cnf] Generating formula qspiflash_dualflexpress_divthree-p006 with K=103
[2025-12-12 07:10:30] [run_formula] Running formula qspiflash_dualflexpress_divthree-p006 with K=103 up to limit 1600
[2025-12-12 07:10:35] [generate_cnf] Generating formula qspiflash_dualflexpress_divthree-p006 with K=104
[2025-12-12 07:10:35] [run_formula] Running formula qspiflash_dualflexpress_divthree-p006 with K=104 up to limit 1600
[2025-12-12 07:10:41] [generate_cnf] Generating formula qspiflash_dualflexpress_divthree-p006 with K=105
[2025-12-12 07:10:41] [run_formula] Running formula qspiflash_dualflexpress_divthree-p006 with K=105 up to limit 1600
[2025-12-12 07:10:51] [generate_cnf] Generating formula qspiflash_dualflexpress_divthree-p006 with K=106
[2025-12-12 07:10:51] [run_formula] Running formula qspiflash_dualflexpress_divthree-p006 with K=106 up to limit 1600
[2025-12-12 07:10:55] [generate_cnf] Generating formula qspiflash_dualflexpress_divthree-p006 with K=107
[2025-12-12 07:10:56] [run_formula] Running formula qspiflash_dualflexpress_divthree-p006 with K=107 up to limit 1600
[2025-12-12 07:11:01] [generate_cnf] Generating formula qspiflash_dualflexpress_divthree-p006 with K=108
[2025-12-12 07:11:02] [run_formula] Running formula qspiflash_dualflexpress_divthree-p006 with K=108 up to limit 1600
[2025-12-12 07:11:07] [generate_cnf] Generating formula qspiflash_dualflexpress_divthree-p006 with K=109
[2025-12-12 07:11:07] [run_formula] Running formula qspiflash_dualflexpress_divthree-p006 with K=109 up to limit 1600
[2025-12-12 07:11:14] [generate_cnf] Generating formula qspiflash_dualflexpress_divthree-p006 with K=110
[2025-12-12 07:11:15] [run_formula] Running formula qspiflash_dualflexpress_divthree-p006 with K=110 up to limit 1600
[2025-12-12 07:11:21] [generate_cnf] Generating formula qspiflash_dualflexpress_divthree-p006 with K=111
[2025-12-12 07:11:22] [run_formula] Running formula qspiflash_dualflexpress_divthree-p006 with K=111 up to limit 1600
[2025-12-12 07:11:28] [generate_cnf] Generating formula qspiflash_dualflexpress_divthree-p006 with K=112
[2025-12-12 07:11:29] [run_formula] Running formula qspiflash_dualflexpress_divthree-p006 with K=112 up to limit 1600
[2025-12-12 07:11:34] [generate_cnf] Generating formula qspiflash_dualflexpress_divthree-p006 with K=113
[2025-12-12 07:11:35] [run_formula] Running formula qspiflash_dualflexpress_divthree-p006 with K=113 up to limit 1600
[2025-12-12 07:11:40] [generate_cnf] Generating formula qspiflash_dualflexpress_divthree-p006 with K=114
[2025-12-12 07:11:41] [run_formula] Running formula qspiflash_dualflexpress_divthree-p006 with K=114 up to limit 1600
[2025-12-12 07:11:47] [generate_cnf] Generating formula qspiflash_dualflexpress_divthree-p006 with K=115
[2025-12-12 07:11:48] [run_formula] Running formula qspiflash_dualflexpress_divthree-p006 with K=115 up to limit 1600
[2025-12-12 07:11:54] [generate_cnf] Generating formula qspiflash_dualflexpress_divthree-p006 with K=116
[2025-12-12 07:11:55] [run_formula] Running formula qspiflash_dualflexpress_divthree-p006 with K=116 up to limit 1600
[2025-12-12 07:12:02] [generate_cnf] Generating formula qspiflash_dualflexpress_divthree-p006 with K=117
[2025-12-12 07:12:03] [run_formula] Running formula qspiflash_dualflexpress_divthree-p006 with K=117 up to limit 1600
[2025-12-12 07:12:09] [generate_cnf] Generating formula qspiflash_dualflexpress_divthree-p006 with K=118
[2025-12-12 07:12:10] [run_formula] Running formula qspiflash_dualflexpress_divthree-p006 with K=118 up to limit 1600
[2025-12-12 07:12:16] [generate_cnf] Generating formula qspiflash_dualflexpress_divthree-p006 with K=119
[2025-12-12 07:12:17] [run_formula] Running formula qspiflash_dualflexpress_divthree-p006 with K=119 up to limit 1600
[2025-12-12 07:12:23] [generate_cnf] Generating formula qspiflash_dualflexpress_divthree-p006 with K=120
[2025-12-12 07:12:24] [run_formula] Running formula qspiflash_dualflexpress_divthree-p006 with K=120 up to limit 1600
[2025-12-12 07:12:31] [generate_cnf] Generating formula qspiflash_dualflexpress_divthree-p006 with K=121
[2025-12-12 07:12:32] [run_formula] Running formula qspiflash_dualflexpress_divthree-p006 with K=121 up to limit 1600
[2025-12-12 07:12:37] [generate_cnf] Generating formula qspiflash_dualflexpress_divthree-p006 with K=122
[2025-12-12 07:12:38] [run_formula] Running formula qspiflash_dualflexpress_divthree-p006 with K=122 up to limit 1600
[2025-12-12 07:12:45] [generate_cnf] Generating formula qspiflash_dualflexpress_divthree-p006 with K=123
[2025-12-12 07:12:46] [run_formula] Running formula qspiflash_dualflexpress_divthree-p006 with K=123 up to limit 1600
[2025-12-12 07:12:52] [generate_cnf] Generating formula qspiflash_dualflexpress_divthree-p006 with K=124
[2025-12-12 07:12:53] [run_formula] Running formula qspiflash_dualflexpress_divthree-p006 with K=124 up to limit 1600
[2025-12-12 07:12:59] [generate_cnf] Generating formula qspiflash_dualflexpress_divthree-p006 with K=125
[2025-12-12 07:13:00] [run_formula] Running formula qspiflash_dualflexpress_divthree-p006 with K=125 up to limit 1600
[2025-12-12 07:13:08] [generate_cnf] Generating formula qspiflash_dualflexpress_divthree-p006 with K=126
[2025-12-12 07:13:09] [run_formula] Running formula qspiflash_dualflexpress_divthree-p006 with K=126 up to limit 1600
[2025-12-12 07:13:14] [generate_cnf] Generating formula qspiflash_dualflexpress_divthree-p006 with K=127
[2025-12-12 07:13:16] [run_formula] Running formula qspiflash_dualflexpress_divthree-p006 with K=127 up to limit 1600
[2025-12-12 07:13:23] [generate_cnf] Generating formula qspiflash_dualflexpress_divthree-p006 with K=128
[2025-12-12 07:13:24] [run_formula] Running formula qspiflash_dualflexpress_divthree-p006 with K=128 up to limit 1600
[2025-12-12 07:13:32] [generate_cnf] Generating formula qspiflash_dualflexpress_divthree-p006 with K=129
[2025-12-12 07:13:33] [run_formula] Running formula qspiflash_dualflexpress_divthree-p006 with K=129 up to limit 1600
[2025-12-12 07:13:41] [generate_cnf] Generating formula qspiflash_dualflexpress_divthree-p006 with K=130
[2025-12-12 07:13:42] [run_formula] Running formula qspiflash_dualflexpress_divthree-p006 with K=130 up to limit 1600
[2025-12-12 07:13:53] [generate_cnf] Generating formula qspiflash_dualflexpress_divthree-p006 with K=131
[2025-12-12 07:13:54] [run_formula] Running formula qspiflash_dualflexpress_divthree-p006 with K=131 up to limit 1600
[2025-12-12 07:14:01] [generate_cnf] Generating formula qspiflash_dualflexpress_divthree-p006 with K=132
[2025-12-12 07:14:02] [run_formula] Running formula qspiflash_dualflexpress_divthree-p006 with K=132 up to limit 1600
[2025-12-12 07:14:09] [generate_cnf] Generating formula qspiflash_dualflexpress_divthree-p006 with K=133
[2025-12-12 07:14:10] [run_formula] Running formula qspiflash_dualflexpress_divthree-p006 with K=133 up to limit 1600
[2025-12-12 07:14:19] [generate_cnf] Generating formula qspiflash_dualflexpress_divthree-p006 with K=134
[2025-12-12 07:14:20] [run_formula] Running formula qspiflash_dualflexpress_divthree-p006 with K=134 up to limit 1600
[2025-12-12 07:14:26] [generate_cnf] Generating formula qspiflash_dualflexpress_divthree-p006 with K=135
[2025-12-12 07:14:27] [run_formula] Running formula qspiflash_dualflexpress_divthree-p006 with K=135 up to limit 1600
[2025-12-12 07:14:38] [generate_cnf] Generating formula qspiflash_dualflexpress_divthree-p006 with K=136
[2025-12-12 07:14:39] [run_formula] Running formula qspiflash_dualflexpress_divthree-p006 with K=136 up to limit 1600
[2025-12-12 07:14:47] [generate_cnf] Generating formula qspiflash_dualflexpress_divthree-p006 with K=137
[2025-12-12 07:14:49] [run_formula] Running formula qspiflash_dualflexpress_divthree-p006 with K=137 up to limit 1600
[2025-12-12 07:14:56] [generate_cnf] Generating formula qspiflash_dualflexpress_divthree-p006 with K=138
[2025-12-12 07:14:57] [run_formula] Running formula qspiflash_dualflexpress_divthree-p006 with K=138 up to limit 1600
[2025-12-12 07:15:06] [generate_cnf] Generating formula qspiflash_dualflexpress_divthree-p006 with K=139
[2025-12-12 07:15:07] [run_formula] Running formula qspiflash_dualflexpress_divthree-p006 with K=139 up to limit 1600
[2025-12-12 07:15:16] [generate_cnf] Generating formula qspiflash_dualflexpress_divthree-p006 with K=140
[2025-12-12 07:15:17] [run_formula] Running formula qspiflash_dualflexpress_divthree-p006 with K=140 up to limit 1600
[2025-12-12 07:15:28] [generate_cnf] Generating formula qspiflash_dualflexpress_divthree-p006 with K=141
[2025-12-12 07:15:29] [run_formula] Running formula qspiflash_dualflexpress_divthree-p006 with K=141 up to limit 1600
[2025-12-12 07:15:39] [generate_cnf] Generating formula qspiflash_dualflexpress_divthree-p006 with K=142
[2025-12-12 07:15:40] [run_formula] Running formula qspiflash_dualflexpress_divthree-p006 with K=142 up to limit 1600
[2025-12-12 07:15:48] [generate_cnf] Generating formula qspiflash_dualflexpress_divthree-p006 with K=143
[2025-12-12 07:15:49] [run_formula] Running formula qspiflash_dualflexpress_divthree-p006 with K=143 up to limit 1600
[2025-12-12 07:15:58] [generate_cnf] Generating formula qspiflash_dualflexpress_divthree-p006 with K=144
[2025-12-12 07:15:59] [run_formula] Running formula qspiflash_dualflexpress_divthree-p006 with K=144 up to limit 1600
[2025-12-12 07:16:08] [generate_cnf] Generating formula qspiflash_dualflexpress_divthree-p006 with K=145
[2025-12-12 07:16:09] [run_formula] Running formula qspiflash_dualflexpress_divthree-p006 with K=145 up to limit 1600
[2025-12-12 07:16:21] [generate_cnf] Generating formula qspiflash_dualflexpress_divthree-p006 with K=146
[2025-12-12 07:16:22] [run_formula] Running formula qspiflash_dualflexpress_divthree-p006 with K=146 up to limit 1600
[2025-12-12 07:16:33] [generate_cnf] Generating formula qspiflash_dualflexpress_divthree-p006 with K=147
[2025-12-12 07:16:34] [run_formula] Running formula qspiflash_dualflexpress_divthree-p006 with K=147 up to limit 1600
[2025-12-12 07:16:42] [generate_cnf] Generating formula qspiflash_dualflexpress_divthree-p006 with K=148
[2025-12-12 07:16:43] [run_formula] Running formula qspiflash_dualflexpress_divthree-p006 with K=148 up to limit 1600
[2025-12-12 07:16:55] [generate_cnf] Generating formula qspiflash_dualflexpress_divthree-p006 with K=149
[2025-12-12 07:16:56] [run_formula] Running formula qspiflash_dualflexpress_divthree-p006 with K=149 up to limit 1600
[2025-12-12 07:17:07] [generate_cnf] Generating formula qspiflash_dualflexpress_divthree-p006 with K=150
[2025-12-12 07:17:08] [run_formula] Running formula qspiflash_dualflexpress_divthree-p006 with K=150 up to limit 1600
[2025-12-12 07:17:22] [generate_cnf] Generating formula qspiflash_dualflexpress_divthree-p006 with K=151
[2025-12-12 07:17:23] [run_formula] Running formula qspiflash_dualflexpress_divthree-p006 with K=151 up to limit 1600
[2025-12-12 07:17:34] [generate_cnf] Generating formula qspiflash_dualflexpress_divthree-p006 with K=152
[2025-12-12 07:17:35] [run_formula] Running formula qspiflash_dualflexpress_divthree-p006 with K=152 up to limit 1600
[2025-12-12 07:17:46] [generate_cnf] Generating formula qspiflash_dualflexpress_divthree-p006 with K=153
[2025-12-12 07:17:47] [run_formula] Running formula qspiflash_dualflexpress_divthree-p006 with K=153 up to limit 1600
[2025-12-12 07:17:57] [generate_cnf] Generating formula qspiflash_dualflexpress_divthree-p006 with K=154
[2025-12-12 07:17:58] [run_formula] Running formula qspiflash_dualflexpress_divthree-p006 with K=154 up to limit 1600
[2025-12-12 07:18:11] [generate_cnf] Generating formula qspiflash_dualflexpress_divthree-p006 with K=155
[2025-12-12 07:18:12] [run_formula] Running formula qspiflash_dualflexpress_divthree-p006 with K=155 up to limit 1600
[2025-12-12 07:18:20] [generate_cnf] Generating formula qspiflash_dualflexpress_divthree-p006 with K=156
[2025-12-12 07:18:21] [run_formula] Running formula qspiflash_dualflexpress_divthree-p006 with K=156 up to limit 1600
[2025-12-12 07:18:33] [generate_cnf] Generating formula qspiflash_dualflexpress_divthree-p006 with K=157
[2025-12-12 07:18:34] [run_formula] Running formula qspiflash_dualflexpress_divthree-p006 with K=157 up to limit 1600
[2025-12-12 07:18:50] [generate_cnf] Generating formula qspiflash_dualflexpress_divthree-p006 with K=158
[2025-12-12 07:18:51] [run_formula] Running formula qspiflash_dualflexpress_divthree-p006 with K=158 up to limit 1600
[2025-12-12 07:19:06] [generate_cnf] Generating formula qspiflash_dualflexpress_divthree-p006 with K=159
[2025-12-12 07:19:07] [run_formula] Running formula qspiflash_dualflexpress_divthree-p006 with K=159 up to limit 1600
[2025-12-12 07:19:15] [generate_cnf] Generating formula qspiflash_dualflexpress_divthree-p006 with K=160
[2025-12-12 07:19:16] [run_formula] Running formula qspiflash_dualflexpress_divthree-p006 with K=160 up to limit 1600
[2025-12-12 07:19:31] [generate_cnf] Generating formula qspiflash_dualflexpress_divthree-p006 with K=161
[2025-12-12 07:19:32] [run_formula] Running formula qspiflash_dualflexpress_divthree-p006 with K=161 up to limit 1600
[2025-12-12 07:19:46] [generate_cnf] Generating formula qspiflash_dualflexpress_divthree-p006 with K=162
[2025-12-12 07:19:47] [run_formula] Running formula qspiflash_dualflexpress_divthree-p006 with K=162 up to limit 1600
[2025-12-12 07:20:00] [generate_cnf] Generating formula qspiflash_dualflexpress_divthree-p006 with K=163
[2025-12-12 07:20:02] [run_formula] Running formula qspiflash_dualflexpress_divthree-p006 with K=163 up to limit 1600
[2025-12-12 07:20:17] [generate_cnf] Generating formula qspiflash_dualflexpress_divthree-p006 with K=164
[2025-12-12 07:20:18] [run_formula] Running formula qspiflash_dualflexpress_divthree-p006 with K=164 up to limit 1600
[2025-12-12 07:20:35] [generate_cnf] Generating formula qspiflash_dualflexpress_divthree-p006 with K=165
[2025-12-12 07:20:36] [run_formula] Running formula qspiflash_dualflexpress_divthree-p006 with K=165 up to limit 1600
[2025-12-12 07:20:50] [generate_cnf] Generating formula qspiflash_dualflexpress_divthree-p006 with K=166
[2025-12-12 07:20:52] [run_formula] Running formula qspiflash_dualflexpress_divthree-p006 with K=166 up to limit 1600
[2025-12-12 07:21:05] [generate_cnf] Generating formula qspiflash_dualflexpress_divthree-p006 with K=167
[2025-12-12 07:21:06] [run_formula] Running formula qspiflash_dualflexpress_divthree-p006 with K=167 up to limit 1600
[2025-12-12 07:21:15] [generate_cnf] Generating formula qspiflash_dualflexpress_divthree-p006 with K=168
[2025-12-12 07:21:16] [run_formula] Running formula qspiflash_dualflexpress_divthree-p006 with K=168 up to limit 1600
[2025-12-12 07:21:29] [generate_cnf] Generating formula qspiflash_dualflexpress_divthree-p006 with K=169
[2025-12-12 07:21:31] [run_formula] Running formula qspiflash_dualflexpress_divthree-p006 with K=169 up to limit 1600
[2025-12-12 07:21:44] [generate_cnf] Generating formula qspiflash_dualflexpress_divthree-p006 with K=170
[2025-12-12 07:21:45] [run_formula] Running formula qspiflash_dualflexpress_divthree-p006 with K=170 up to limit 1600
[2025-12-12 07:21:59] [generate_cnf] Generating formula qspiflash_dualflexpress_divthree-p006 with K=171
[2025-12-12 07:22:01] [run_formula] Running formula qspiflash_dualflexpress_divthree-p006 with K=171 up to limit 1600
[2025-12-12 07:22:17] [generate_cnf] Generating formula qspiflash_dualflexpress_divthree-p006 with K=172
[2025-12-12 07:22:18] [run_formula] Running formula qspiflash_dualflexpress_divthree-p006 with K=172 up to limit 1600
[2025-12-12 07:22:33] [generate_cnf] Generating formula qspiflash_dualflexpress_divthree-p006 with K=173
[2025-12-12 07:22:34] [run_formula] Running formula qspiflash_dualflexpress_divthree-p006 with K=173 up to limit 1600
[2025-12-12 07:22:52] [generate_cnf] Generating formula qspiflash_dualflexpress_divthree-p006 with K=174
[2025-12-12 07:22:53] [run_formula] Running formula qspiflash_dualflexpress_divthree-p006 with K=174 up to limit 1600
[2025-12-12 07:23:12] [generate_cnf] Generating formula qspiflash_dualflexpress_divthree-p006 with K=175
[2025-12-12 07:23:14] [run_formula] Running formula qspiflash_dualflexpress_divthree-p006 with K=175 up to limit 1600
[2025-12-12 07:23:28] [generate_cnf] Generating formula qspiflash_dualflexpress_divthree-p006 with K=176
[2025-12-12 07:23:30] [run_formula] Running formula qspiflash_dualflexpress_divthree-p006 with K=176 up to limit 1600
[2025-12-12 07:23:43] [generate_cnf] Generating formula qspiflash_dualflexpress_divthree-p006 with K=177
[2025-12-12 07:23:44] [run_formula] Running formula qspiflash_dualflexpress_divthree-p006 with K=177 up to limit 1600
[2025-12-12 07:24:00] [generate_cnf] Generating formula qspiflash_dualflexpress_divthree-p006 with K=178
[2025-12-12 07:24:02] [run_formula] Running formula qspiflash_dualflexpress_divthree-p006 with K=178 up to limit 1600
[2025-12-12 07:24:16] [generate_cnf] Generating formula qspiflash_dualflexpress_divthree-p006 with K=179
[2025-12-12 07:24:17] [run_formula] Running formula qspiflash_dualflexpress_divthree-p006 with K=179 up to limit 1600
[2025-12-12 07:24:37] [generate_cnf] Generating formula qspiflash_dualflexpress_divthree-p006 with K=180
[2025-12-12 07:24:38] [run_formula] Running formula qspiflash_dualflexpress_divthree-p006 with K=180 up to limit 1600
[2025-12-12 07:24:52] [generate_cnf] Generating formula qspiflash_dualflexpress_divthree-p006 with K=181
[2025-12-12 07:24:53] [run_formula] Running formula qspiflash_dualflexpress_divthree-p006 with K=181 up to limit 1600
[2025-12-12 07:25:11] [generate_cnf] Generating formula qspiflash_dualflexpress_divthree-p006 with K=182
[2025-12-12 07:25:13] [run_formula] Running formula qspiflash_dualflexpress_divthree-p006 with K=182 up to limit 1600
[2025-12-12 07:25:28] [generate_cnf] Generating formula qspiflash_dualflexpress_divthree-p006 with K=183
[2025-12-12 07:25:30] [run_formula] Running formula qspiflash_dualflexpress_divthree-p006 with K=183 up to limit 1600
[2025-12-12 07:25:45] [generate_cnf] Generating formula qspiflash_dualflexpress_divthree-p006 with K=184
[2025-12-12 07:25:46] [run_formula] Running formula qspiflash_dualflexpress_divthree-p006 with K=184 up to limit 1600
[2025-12-12 07:26:03] [generate_cnf] Generating formula qspiflash_dualflexpress_divthree-p006 with K=185
[2025-12-12 07:26:05] [run_formula] Running formula qspiflash_dualflexpress_divthree-p006 with K=185 up to limit 1600
[2025-12-12 07:26:20] [generate_cnf] Generating formula qspiflash_dualflexpress_divthree-p006 with K=186
[2025-12-12 07:26:21] [run_formula] Running formula qspiflash_dualflexpress_divthree-p006 with K=186 up to limit 1600
[2025-12-12 07:26:36] [generate_cnf] Generating formula qspiflash_dualflexpress_divthree-p006 with K=187
[2025-12-12 07:26:37] [run_formula] Running formula qspiflash_dualflexpress_divthree-p006 with K=187 up to limit 1600
[2025-12-12 07:26:55] [generate_cnf] Generating formula qspiflash_dualflexpress_divthree-p006 with K=188
[2025-12-12 07:26:57] [run_formula] Running formula qspiflash_dualflexpress_divthree-p006 with K=188 up to limit 1600
[2025-12-12 07:27:14] [generate_cnf] Generating formula qspiflash_dualflexpress_divthree-p006 with K=189
[2025-12-12 07:27:15] [run_formula] Running formula qspiflash_dualflexpress_divthree-p006 with K=189 up to limit 1600
[2025-12-12 07:27:32] [generate_cnf] Generating formula qspiflash_dualflexpress_divthree-p006 with K=190
[2025-12-12 07:27:34] [run_formula] Running formula qspiflash_dualflexpress_divthree-p006 with K=190 up to limit 1600
[2025-12-12 07:27:49] [generate_cnf] Generating formula qspiflash_dualflexpress_divthree-p006 with K=191
[2025-12-12 07:27:51] [run_formula] Running formula qspiflash_dualflexpress_divthree-p006 with K=191 up to limit 1600
[2025-12-12 07:28:08] [generate_cnf] Generating formula qspiflash_dualflexpress_divthree-p006 with K=192
[2025-12-12 07:28:10] [run_formula] Running formula qspiflash_dualflexpress_divthree-p006 with K=192 up to limit 1600
[2025-12-12 07:28:27] [generate_cnf] Generating formula qspiflash_dualflexpress_divthree-p006 with K=193
[2025-12-12 07:28:28] [run_formula] Running formula qspiflash_dualflexpress_divthree-p006 with K=193 up to limit 1600
[2025-12-12 07:28:47] [generate_cnf] Generating formula qspiflash_dualflexpress_divthree-p006 with K=194
[2025-12-12 07:28:48] [run_formula] Running formula qspiflash_dualflexpress_divthree-p006 with K=194 up to limit 1600
[2025-12-12 07:29:06] [generate_cnf] Generating formula qspiflash_dualflexpress_divthree-p006 with K=195
[2025-12-12 07:29:07] [run_formula] Running formula qspiflash_dualflexpress_divthree-p006 with K=195 up to limit 1600
[2025-12-12 07:29:25] [generate_cnf] Generating formula qspiflash_dualflexpress_divthree-p006 with K=196
[2025-12-12 07:29:27] [run_formula] Running formula qspiflash_dualflexpress_divthree-p006 with K=196 up to limit 1600
[2025-12-12 07:29:55] [generate_cnf] Generating formula qspiflash_dualflexpress_divthree-p006 with K=197
[2025-12-12 07:29:56] [run_formula] Running formula qspiflash_dualflexpress_divthree-p006 with K=197 up to limit 1600
[2025-12-12 07:30:16] [generate_cnf] Generating formula qspiflash_dualflexpress_divthree-p006 with K=198
[2025-12-12 07:30:17] [run_formula] Running formula qspiflash_dualflexpress_divthree-p006 with K=198 up to limit 1600
[2025-12-12 07:30:34] [generate_cnf] Generating formula qspiflash_dualflexpress_divthree-p006 with K=199
[2025-12-12 07:30:36] [run_formula] Running formula qspiflash_dualflexpress_divthree-p006 with K=199 up to limit 1600
[2025-12-12 07:30:55] [generate_cnf] Generating formula qspiflash_dualflexpress_divthree-p006 with K=200
[2025-12-12 07:30:56] [run_formula] Running formula qspiflash_dualflexpress_divthree-p006 with K=200 up to limit 1600
[2025-12-12 07:31:16] [generate_cnf] Generating formula qspiflash_dualflexpress_divthree-p006 with K=201
[2025-12-12 07:31:18] [run_formula] Running formula qspiflash_dualflexpress_divthree-p006 with K=201 up to limit 1600
[2025-12-12 07:31:36] [generate_cnf] Generating formula qspiflash_dualflexpress_divthree-p006 with K=202
[2025-12-12 07:31:38] [run_formula] Running formula qspiflash_dualflexpress_divthree-p006 with K=202 up to limit 1600
[2025-12-12 07:31:56] [generate_cnf] Generating formula qspiflash_dualflexpress_divthree-p006 with K=203
[2025-12-12 07:31:58] [run_formula] Running formula qspiflash_dualflexpress_divthree-p006 with K=203 up to limit 1600
[2025-12-12 07:32:17] [generate_cnf] Generating formula qspiflash_dualflexpress_divthree-p006 with K=204
[2025-12-12 07:32:19] [run_formula] Running formula qspiflash_dualflexpress_divthree-p006 with K=204 up to limit 1600
[2025-12-12 07:32:37] [generate_cnf] Generating formula qspiflash_dualflexpress_divthree-p006 with K=205
[2025-12-12 07:32:38] [run_formula] Running formula qspiflash_dualflexpress_divthree-p006 with K=205 up to limit 1600
[2025-12-12 07:33:01] [generate_cnf] Generating formula qspiflash_dualflexpress_divthree-p006 with K=206
[2025-12-12 07:33:02] [run_formula] Running formula qspiflash_dualflexpress_divthree-p006 with K=206 up to limit 1600
[2025-12-12 07:33:22] [generate_cnf] Generating formula qspiflash_dualflexpress_divthree-p006 with K=207
[2025-12-12 07:33:23] [run_formula] Running formula qspiflash_dualflexpress_divthree-p006 with K=207 up to limit 1600
[2025-12-12 07:33:44] [generate_cnf] Generating formula qspiflash_dualflexpress_divthree-p006 with K=208
[2025-12-12 07:33:46] [run_formula] Running formula qspiflash_dualflexpress_divthree-p006 with K=208 up to limit 1600
[2025-12-12 07:34:06] [generate_cnf] Generating formula qspiflash_dualflexpress_divthree-p006 with K=209
[2025-12-12 07:34:08] [run_formula] Running formula qspiflash_dualflexpress_divthree-p006 with K=209 up to limit 1600
[2025-12-12 07:34:30] [generate_cnf] Generating formula qspiflash_dualflexpress_divthree-p006 with K=210
[2025-12-12 07:34:32] [run_formula] Running formula qspiflash_dualflexpress_divthree-p006 with K=210 up to limit 1600
[2025-12-12 07:34:51] [generate_cnf] Generating formula qspiflash_dualflexpress_divthree-p006 with K=211
[2025-12-12 07:34:52] [run_formula] Running formula qspiflash_dualflexpress_divthree-p006 with K=211 up to limit 1600
[2025-12-12 07:35:18] [generate_cnf] Generating formula qspiflash_dualflexpress_divthree-p006 with K=212
[2025-12-12 07:35:19] [run_formula] Running formula qspiflash_dualflexpress_divthree-p006 with K=212 up to limit 1600
[2025-12-12 07:35:39] [generate_cnf] Generating formula qspiflash_dualflexpress_divthree-p006 with K=213
[2025-12-12 07:35:41] [run_formula] Running formula qspiflash_dualflexpress_divthree-p006 with K=213 up to limit 1600
[2025-12-12 07:36:05] [generate_cnf] Generating formula qspiflash_dualflexpress_divthree-p006 with K=214
[2025-12-12 07:36:06] [run_formula] Running formula qspiflash_dualflexpress_divthree-p006 with K=214 up to limit 1600
[2025-12-12 07:36:32] [generate_cnf] Generating formula qspiflash_dualflexpress_divthree-p006 with K=215
[2025-12-12 07:36:34] [run_formula] Running formula qspiflash_dualflexpress_divthree-p006 with K=215 up to limit 1600
[2025-12-12 07:36:54] [generate_cnf] Generating formula qspiflash_dualflexpress_divthree-p006 with K=216
[2025-12-12 07:36:56] [run_formula] Running formula qspiflash_dualflexpress_divthree-p006 with K=216 up to limit 1600
[2025-12-12 07:37:16] [generate_cnf] Generating formula qspiflash_dualflexpress_divthree-p006 with K=217
[2025-12-12 07:37:18] [run_formula] Running formula qspiflash_dualflexpress_divthree-p006 with K=217 up to limit 1600
[2025-12-12 07:37:39] [generate_cnf] Generating formula qspiflash_dualflexpress_divthree-p006 with K=218
[2025-12-12 07:37:41] [run_formula] Running formula qspiflash_dualflexpress_divthree-p006 with K=218 up to limit 1600
[2025-12-12 07:38:00] [generate_cnf] Generating formula qspiflash_dualflexpress_divthree-p006 with K=219
[2025-12-12 07:38:02] [run_formula] Running formula qspiflash_dualflexpress_divthree-p006 with K=219 up to limit 1600
[2025-12-12 07:38:26] [generate_cnf] Generating formula qspiflash_dualflexpress_divthree-p006 with K=220
[2025-12-12 07:38:28] [run_formula] Running formula qspiflash_dualflexpress_divthree-p006 with K=220 up to limit 1600
[2025-12-12 07:38:51] [generate_cnf] Generating formula qspiflash_dualflexpress_divthree-p006 with K=221
[2025-12-12 07:38:53] [run_formula] Running formula qspiflash_dualflexpress_divthree-p006 with K=221 up to limit 1600
[2025-12-12 07:39:16] [generate_cnf] Generating formula qspiflash_dualflexpress_divthree-p006 with K=222
[2025-12-12 07:39:17] [run_formula] Running formula qspiflash_dualflexpress_divthree-p006 with K=222 up to limit 1600
[2025-12-12 07:39:33] [generate_cnf] Generating formula qspiflash_dualflexpress_divthree-p006 with K=223
[2025-12-12 07:39:35] [run_formula] Running formula qspiflash_dualflexpress_divthree-p006 with K=223 up to limit 1600
[2025-12-12 07:39:58] [generate_cnf] Generating formula qspiflash_dualflexpress_divthree-p006 with K=224
[2025-12-12 07:40:00] [run_formula] Running formula qspiflash_dualflexpress_divthree-p006 with K=224 up to limit 1600
[2025-12-12 07:40:29] [generate_cnf] Generating formula qspiflash_dualflexpress_divthree-p006 with K=225
[2025-12-12 07:40:31] [run_formula] Running formula qspiflash_dualflexpress_divthree-p006 with K=225 up to limit 1600
[2025-12-12 07:40:57] [generate_cnf] Generating formula qspiflash_dualflexpress_divthree-p006 with K=226
[2025-12-12 07:40:59] [run_formula] Running formula qspiflash_dualflexpress_divthree-p006 with K=226 up to limit 1600
[2025-12-12 07:41:25] [generate_cnf] Generating formula qspiflash_dualflexpress_divthree-p006 with K=227
[2025-12-12 07:41:27] [run_formula] Running formula qspiflash_dualflexpress_divthree-p006 with K=227 up to limit 1600
[2025-12-12 07:41:48] [generate_cnf] Generating formula qspiflash_dualflexpress_divthree-p006 with K=228
[2025-12-12 07:41:50] [run_formula] Running formula qspiflash_dualflexpress_divthree-p006 with K=228 up to limit 1600
[2025-12-12 07:42:14] [generate_cnf] Generating formula qspiflash_dualflexpress_divthree-p006 with K=229
[2025-12-12 07:42:15] [run_formula] Running formula qspiflash_dualflexpress_divthree-p006 with K=229 up to limit 1600
[2025-12-12 07:42:35] [generate_cnf] Generating formula qspiflash_dualflexpress_divthree-p006 with K=230
[2025-12-12 07:42:37] [run_formula] Running formula qspiflash_dualflexpress_divthree-p006 with K=230 up to limit 1600
[2025-12-12 07:42:57] [generate_cnf] Generating formula qspiflash_dualflexpress_divthree-p006 with K=231
[2025-12-12 07:42:58] [run_formula] Running formula qspiflash_dualflexpress_divthree-p006 with K=231 up to limit 1600
[2025-12-12 07:43:23] [generate_cnf] Generating formula qspiflash_dualflexpress_divthree-p006 with K=232
[2025-12-12 07:43:25] [run_formula] Running formula qspiflash_dualflexpress_divthree-p006 with K=232 up to limit 1600
[2025-12-12 07:43:43] [generate_cnf] Generating formula qspiflash_dualflexpress_divthree-p006 with K=233
[2025-12-12 07:43:45] [run_formula] Running formula qspiflash_dualflexpress_divthree-p006 with K=233 up to limit 1600
[2025-12-12 07:44:05] [generate_cnf] Generating formula qspiflash_dualflexpress_divthree-p006 with K=234
[2025-12-12 07:44:07] [run_formula] Running formula qspiflash_dualflexpress_divthree-p006 with K=234 up to limit 1600
[2025-12-12 07:44:29] [generate_cnf] Generating formula qspiflash_dualflexpress_divthree-p006 with K=235
[2025-12-12 07:44:31] [run_formula] Running formula qspiflash_dualflexpress_divthree-p006 with K=235 up to limit 1600
[2025-12-12 07:44:57] [generate_cnf] Generating formula qspiflash_dualflexpress_divthree-p006 with K=236
[2025-12-12 07:44:59] [run_formula] Running formula qspiflash_dualflexpress_divthree-p006 with K=236 up to limit 1600
[2025-12-12 07:45:20] [generate_cnf] Generating formula qspiflash_dualflexpress_divthree-p006 with K=237
[2025-12-12 07:45:22] [run_formula] Running formula qspiflash_dualflexpress_divthree-p006 with K=237 up to limit 1600
[2025-12-12 07:45:43] [generate_cnf] Generating formula qspiflash_dualflexpress_divthree-p006 with K=238
[2025-12-12 07:45:45] [run_formula] Running formula qspiflash_dualflexpress_divthree-p006 with K=238 up to limit 1600
[2025-12-12 07:46:06] [generate_cnf] Generating formula qspiflash_dualflexpress_divthree-p006 with K=239
[2025-12-12 07:46:08] [run_formula] Running formula qspiflash_dualflexpress_divthree-p006 with K=239 up to limit 1600
[2025-12-12 07:46:39] [generate_cnf] Generating formula qspiflash_dualflexpress_divthree-p006 with K=240
[2025-12-12 07:46:41] [run_formula] Running formula qspiflash_dualflexpress_divthree-p006 with K=240 up to limit 1600
[2025-12-12 07:47:06] [generate_cnf] Generating formula qspiflash_dualflexpress_divthree-p006 with K=241
[2025-12-12 07:47:08] [run_formula] Running formula qspiflash_dualflexpress_divthree-p006 with K=241 up to limit 1600
[2025-12-12 07:47:37] [generate_cnf] Generating formula qspiflash_dualflexpress_divthree-p006 with K=242
[2025-12-12 07:47:39] [run_formula] Running formula qspiflash_dualflexpress_divthree-p006 with K=242 up to limit 1600
[2025-12-12 07:48:00] [generate_cnf] Generating formula qspiflash_dualflexpress_divthree-p006 with K=243
[2025-12-12 07:48:02] [run_formula] Running formula qspiflash_dualflexpress_divthree-p006 with K=243 up to limit 1600
[2025-12-12 07:48:28] [generate_cnf] Generating formula qspiflash_dualflexpress_divthree-p006 with K=244
[2025-12-12 07:48:30] [run_formula] Running formula qspiflash_dualflexpress_divthree-p006 with K=244 up to limit 1600
[2025-12-12 07:48:57] [generate_cnf] Generating formula qspiflash_dualflexpress_divthree-p006 with K=245
[2025-12-12 07:48:59] [run_formula] Running formula qspiflash_dualflexpress_divthree-p006 with K=245 up to limit 1600
[2025-12-12 07:49:26] [generate_cnf] Generating formula qspiflash_dualflexpress_divthree-p006 with K=246
[2025-12-12 07:49:28] [run_formula] Running formula qspiflash_dualflexpress_divthree-p006 with K=246 up to limit 1600
[2025-12-12 07:49:49] [generate_cnf] Generating formula qspiflash_dualflexpress_divthree-p006 with K=247
[2025-12-12 07:49:51] [run_formula] Running formula qspiflash_dualflexpress_divthree-p006 with K=247 up to limit 1600
[2025-12-12 07:50:15] [generate_cnf] Generating formula qspiflash_dualflexpress_divthree-p006 with K=248
[2025-12-12 07:50:17] [run_formula] Running formula qspiflash_dualflexpress_divthree-p006 with K=248 up to limit 1600
[2025-12-12 07:50:50] [generate_cnf] Generating formula qspiflash_dualflexpress_divthree-p006 with K=249
[2025-12-12 07:50:52] [run_formula] Running formula qspiflash_dualflexpress_divthree-p006 with K=249 up to limit 1600
[2025-12-12 07:51:18] [generate_cnf] Generating formula qspiflash_dualflexpress_divthree-p006 with K=250
[2025-12-12 07:51:19] [run_formula] Running formula qspiflash_dualflexpress_divthree-p006 with K=250 up to limit 1600
[2025-12-12 07:51:40] [generate_cnf] Generating formula qspiflash_dualflexpress_divthree-p006 with K=251
[2025-12-12 07:51:42] [run_formula] Running formula qspiflash_dualflexpress_divthree-p006 with K=251 up to limit 1600
[2025-12-12 07:52:11] [generate_cnf] Generating formula qspiflash_dualflexpress_divthree-p006 with K=252
[2025-12-12 07:52:13] [run_formula] Running formula qspiflash_dualflexpress_divthree-p006 with K=252 up to limit 1600
[2025-12-12 07:52:38] [generate_cnf] Generating formula qspiflash_dualflexpress_divthree-p006 with K=253
[2025-12-12 07:52:39] [run_formula] Running formula qspiflash_dualflexpress_divthree-p006 with K=253 up to limit 1600
[2025-12-12 07:53:04] [generate_cnf] Generating formula qspiflash_dualflexpress_divthree-p006 with K=254
[2025-12-12 07:53:06] [run_formula] Running formula qspiflash_dualflexpress_divthree-p006 with K=254 up to limit 1600
[2025-12-12 07:53:41] [generate_cnf] Generating formula qspiflash_dualflexpress_divthree-p006 with K=255
[2025-12-12 07:53:42] [run_formula] Running formula qspiflash_dualflexpress_divthree-p006 with K=255 up to limit 1600
[2025-12-12 07:54:12] [generate_cnf] Generating formula qspiflash_dualflexpress_divthree-p006 with K=256
[2025-12-12 07:54:14] [run_formula] Running formula qspiflash_dualflexpress_divthree-p006 with K=256 up to limit 1600
[2025-12-12 07:54:38] [generate_cnf] Generating formula qspiflash_dualflexpress_divthree-p006 with K=257
[2025-12-12 07:54:40] [run_formula] Running formula qspiflash_dualflexpress_divthree-p006 with K=257 up to limit 1600
[2025-12-12 07:55:14] [generate_cnf] Generating formula qspiflash_dualflexpress_divthree-p006 with K=258
[2025-12-12 07:55:17] [run_formula] Running formula qspiflash_dualflexpress_divthree-p006 with K=258 up to limit 1600
[2025-12-12 07:55:47] [generate_cnf] Generating formula qspiflash_dualflexpress_divthree-p006 with K=259
[2025-12-12 07:55:49] [run_formula] Running formula qspiflash_dualflexpress_divthree-p006 with K=259 up to limit 1600
[2025-12-12 07:56:17] [generate_cnf] Generating formula qspiflash_dualflexpress_divthree-p006 with K=260
[2025-12-12 07:56:19] [run_formula] Running formula qspiflash_dualflexpress_divthree-p006 with K=260 up to limit 1600
[2025-12-12 07:56:44] [generate_cnf] Generating formula qspiflash_dualflexpress_divthree-p006 with K=261
[2025-12-12 07:56:46] [run_formula] Running formula qspiflash_dualflexpress_divthree-p006 with K=261 up to limit 1600
[2025-12-12 07:57:12] [generate_cnf] Generating formula qspiflash_dualflexpress_divthree-p006 with K=262
[2025-12-12 07:57:14] [run_formula] Running formula qspiflash_dualflexpress_divthree-p006 with K=262 up to limit 1600
[2025-12-12 07:57:41] [generate_cnf] Generating formula qspiflash_dualflexpress_divthree-p006 with K=263
[2025-12-12 07:57:43] [run_formula] Running formula qspiflash_dualflexpress_divthree-p006 with K=263 up to limit 1600
[2025-12-12 07:58:09] [generate_cnf] Generating formula qspiflash_dualflexpress_divthree-p006 with K=264
[2025-12-12 07:58:11] [run_formula] Running formula qspiflash_dualflexpress_divthree-p006 with K=264 up to limit 1600
[2025-12-12 07:58:33] [generate_cnf] Generating formula qspiflash_dualflexpress_divthree-p006 with K=265
[2025-12-12 07:58:35] [run_formula] Running formula qspiflash_dualflexpress_divthree-p006 with K=265 up to limit 1600
[2025-12-12 07:58:52] [generate_cnf] Generating formula qspiflash_dualflexpress_divthree-p006 with K=266
[2025-12-12 07:58:55] [run_formula] Running formula qspiflash_dualflexpress_divthree-p006 with K=266 up to limit 1600
[2025-12-12 07:59:22] [generate_cnf] Generating formula qspiflash_dualflexpress_divthree-p006 with K=267
[2025-12-12 07:59:24] [run_formula] Running formula qspiflash_dualflexpress_divthree-p006 with K=267 up to limit 1600
[2025-12-12 07:59:51] [generate_cnf] Generating formula qspiflash_dualflexpress_divthree-p006 with K=268
[2025-12-12 07:59:53] [run_formula] Running formula qspiflash_dualflexpress_divthree-p006 with K=268 up to limit 1600
[2025-12-12 08:00:24] [generate_cnf] Generating formula qspiflash_dualflexpress_divthree-p006 with K=269
[2025-12-12 08:00:26] [run_formula] Running formula qspiflash_dualflexpress_divthree-p006 with K=269 up to limit 1600
[2025-12-12 08:00:53] [generate_cnf] Generating formula qspiflash_dualflexpress_divthree-p006 with K=270
[2025-12-12 08:00:55] [run_formula] Running formula qspiflash_dualflexpress_divthree-p006 with K=270 up to limit 1600
[2025-12-12 08:01:19] [generate_cnf] Generating formula qspiflash_dualflexpress_divthree-p006 with K=271
[2025-12-12 08:01:21] [run_formula] Running formula qspiflash_dualflexpress_divthree-p006 with K=271 up to limit 1600
[2025-12-12 08:02:01] [generate_cnf] Generating formula qspiflash_dualflexpress_divthree-p006 with K=272
[2025-12-12 08:02:03] [run_formula] Running formula qspiflash_dualflexpress_divthree-p006 with K=272 up to limit 1600
[2025-12-12 08:02:38] [generate_cnf] Generating formula qspiflash_dualflexpress_divthree-p006 with K=273
[2025-12-12 08:02:40] [run_formula] Running formula qspiflash_dualflexpress_divthree-p006 with K=273 up to limit 1600
[2025-12-12 08:03:06] [generate_cnf] Generating formula qspiflash_dualflexpress_divthree-p006 with K=274
[2025-12-12 08:03:08] [run_formula] Running formula qspiflash_dualflexpress_divthree-p006 with K=274 up to limit 1600
[2025-12-12 08:03:44] [generate_cnf] Generating formula qspiflash_dualflexpress_divthree-p006 with K=275
[2025-12-12 08:03:46] [run_formula] Running formula qspiflash_dualflexpress_divthree-p006 with K=275 up to limit 1600
[2025-12-12 08:04:11] [generate_cnf] Generating formula qspiflash_dualflexpress_divthree-p006 with K=276
[2025-12-12 08:04:13] [run_formula] Running formula qspiflash_dualflexpress_divthree-p006 with K=276 up to limit 1600
[2025-12-12 08:04:43] [generate_cnf] Generating formula qspiflash_dualflexpress_divthree-p006 with K=277
[2025-12-12 08:04:45] [run_formula] Running formula qspiflash_dualflexpress_divthree-p006 with K=277 up to limit 1600
[2025-12-12 08:05:13] [generate_cnf] Generating formula qspiflash_dualflexpress_divthree-p006 with K=278
[2025-12-12 08:05:16] [run_formula] Running formula qspiflash_dualflexpress_divthree-p006 with K=278 up to limit 1600
[2025-12-12 08:05:46] [generate_cnf] Generating formula qspiflash_dualflexpress_divthree-p006 with K=279
[2025-12-12 08:05:48] [run_formula] Running formula qspiflash_dualflexpress_divthree-p006 with K=279 up to limit 1600
[2025-12-12 08:06:15] [generate_cnf] Generating formula qspiflash_dualflexpress_divthree-p006 with K=280
[2025-12-12 08:06:17] [run_formula] Running formula qspiflash_dualflexpress_divthree-p006 with K=280 up to limit 1600
[2025-12-12 08:06:52] [generate_cnf] Generating formula qspiflash_dualflexpress_divthree-p006 with K=281
[2025-12-12 08:06:54] [run_formula] Running formula qspiflash_dualflexpress_divthree-p006 with K=281 up to limit 1600
[2025-12-12 08:07:28] [generate_cnf] Generating formula qspiflash_dualflexpress_divthree-p006 with K=282
[2025-12-12 08:07:30] [run_formula] Running formula qspiflash_dualflexpress_divthree-p006 with K=282 up to limit 1600
[2025-12-12 08:07:56] [generate_cnf] Generating formula qspiflash_dualflexpress_divthree-p006 with K=283
[2025-12-12 08:07:59] [run_formula] Running formula qspiflash_dualflexpress_divthree-p006 with K=283 up to limit 1600
[2025-12-12 08:08:30] [generate_cnf] Generating formula qspiflash_dualflexpress_divthree-p006 with K=284
[2025-12-12 08:08:32] [run_formula] Running formula qspiflash_dualflexpress_divthree-p006 with K=284 up to limit 1600
[2025-12-12 08:09:24] [generate_cnf] Generating formula qspiflash_dualflexpress_divthree-p006 with K=285
[2025-12-12 08:09:26] [run_formula] Running formula qspiflash_dualflexpress_divthree-p006 with K=285 up to limit 1600
[2025-12-12 08:10:00] [generate_cnf] Generating formula qspiflash_dualflexpress_divthree-p006 with K=286
[2025-12-12 08:10:02] [run_formula] Running formula qspiflash_dualflexpress_divthree-p006 with K=286 up to limit 1600
[2025-12-12 08:10:25] [generate_cnf] Generating formula qspiflash_dualflexpress_divthree-p006 with K=287
[2025-12-12 08:10:28] [run_formula] Running formula qspiflash_dualflexpress_divthree-p006 with K=287 up to limit 1600
[2025-12-12 08:11:08] [generate_cnf] Generating formula qspiflash_dualflexpress_divthree-p006 with K=288
[2025-12-12 08:11:11] [run_formula] Running formula qspiflash_dualflexpress_divthree-p006 with K=288 up to limit 1600
[2025-12-12 08:11:46] [generate_cnf] Generating formula qspiflash_dualflexpress_divthree-p006 with K=289
[2025-12-12 08:11:49] [run_formula] Running formula qspiflash_dualflexpress_divthree-p006 with K=289 up to limit 1600
[2025-12-12 08:12:21] [generate_cnf] Generating formula qspiflash_dualflexpress_divthree-p006 with K=290
[2025-12-12 08:12:24] [run_formula] Running formula qspiflash_dualflexpress_divthree-p006 with K=290 up to limit 1600
[2025-12-12 08:13:02] [generate_cnf] Generating formula qspiflash_dualflexpress_divthree-p006 with K=291
[2025-12-12 08:13:04] [run_formula] Running formula qspiflash_dualflexpress_divthree-p006 with K=291 up to limit 1600
[2025-12-12 08:13:31] [generate_cnf] Generating formula qspiflash_dualflexpress_divthree-p006 with K=292
[2025-12-12 08:13:33] [run_formula] Running formula qspiflash_dualflexpress_divthree-p006 with K=292 up to limit 1600
[2025-12-12 08:14:07] [generate_cnf] Generating formula qspiflash_dualflexpress_divthree-p006 with K=293
[2025-12-12 08:14:09] [run_formula] Running formula qspiflash_dualflexpress_divthree-p006 with K=293 up to limit 1600
[2025-12-12 08:14:40] [generate_cnf] Generating formula qspiflash_dualflexpress_divthree-p006 with K=294
[2025-12-12 08:14:42] [run_formula] Running formula qspiflash_dualflexpress_divthree-p006 with K=294 up to limit 1600
[2025-12-12 08:15:12] [generate_cnf] Generating formula qspiflash_dualflexpress_divthree-p006 with K=295
[2025-12-12 08:15:14] [run_formula] Running formula qspiflash_dualflexpress_divthree-p006 with K=295 up to limit 1600
[2025-12-12 08:15:55] [generate_cnf] Generating formula qspiflash_dualflexpress_divthree-p006 with K=296
[2025-12-12 08:15:57] [run_formula] Running formula qspiflash_dualflexpress_divthree-p006 with K=296 up to limit 1600
[2025-12-12 08:16:27] [generate_cnf] Generating formula qspiflash_dualflexpress_divthree-p006 with K=297
[2025-12-12 08:16:29] [run_formula] Running formula qspiflash_dualflexpress_divthree-p006 with K=297 up to limit 1600
[2025-12-12 08:16:52] [generate_cnf] Generating formula qspiflash_dualflexpress_divthree-p006 with K=298
[2025-12-12 08:16:54] [run_formula] Running formula qspiflash_dualflexpress_divthree-p006 with K=298 up to limit 1600
[2025-12-12 08:17:33] [generate_cnf] Generating formula qspiflash_dualflexpress_divthree-p006 with K=299
[2025-12-12 08:17:35] [run_formula] Running formula qspiflash_dualflexpress_divthree-p006 with K=299 up to limit 1600
[2025-12-12 08:18:11] [generate_cnf] Generating formula qspiflash_dualflexpress_divthree-p006 with K=300
[2025-12-12 08:18:13] [run_formula] Running formula qspiflash_dualflexpress_divthree-p006 with K=300 up to limit 1600
[2025-12-12 08:18:46] [generate_cnf] Generating formula qspiflash_dualflexpress_divthree-p006 with K=301
[2025-12-12 08:18:48] [run_formula] Running formula qspiflash_dualflexpress_divthree-p006 with K=301 up to limit 1600
[2025-12-12 08:19:15] [generate_cnf] Generating formula qspiflash_dualflexpress_divthree-p006 with K=302
[2025-12-12 08:19:18] [run_formula] Running formula qspiflash_dualflexpress_divthree-p006 with K=302 up to limit 1600
[2025-12-12 08:19:48] [generate_cnf] Generating formula qspiflash_dualflexpress_divthree-p006 with K=303
[2025-12-12 08:19:51] [run_formula] Running formula qspiflash_dualflexpress_divthree-p006 with K=303 up to limit 1600
[2025-12-12 08:20:35] [generate_cnf] Generating formula qspiflash_dualflexpress_divthree-p006 with K=304
[2025-12-12 08:20:37] [run_formula] Running formula qspiflash_dualflexpress_divthree-p006 with K=304 up to limit 1600
[2025-12-12 08:21:06] [generate_cnf] Generating formula qspiflash_dualflexpress_divthree-p006 with K=305
[2025-12-12 08:21:08] [run_formula] Running formula qspiflash_dualflexpress_divthree-p006 with K=305 up to limit 1600
[2025-12-12 08:21:40] [generate_cnf] Generating formula qspiflash_dualflexpress_divthree-p006 with K=306
[2025-12-12 08:21:42] [run_formula] Running formula qspiflash_dualflexpress_divthree-p006 with K=306 up to limit 1600
[2025-12-12 08:22:14] [generate_cnf] Generating formula qspiflash_dualflexpress_divthree-p006 with K=307
[2025-12-12 08:22:16] [run_formula] Running formula qspiflash_dualflexpress_divthree-p006 with K=307 up to limit 1600
[2025-12-12 08:22:51] [generate_cnf] Generating formula qspiflash_dualflexpress_divthree-p006 with K=308
[2025-12-12 08:22:53] [run_formula] Running formula qspiflash_dualflexpress_divthree-p006 with K=308 up to limit 1600
[2025-12-12 08:23:29] [generate_cnf] Generating formula qspiflash_dualflexpress_divthree-p006 with K=309
[2025-12-12 08:23:31] [run_formula] Running formula qspiflash_dualflexpress_divthree-p006 with K=309 up to limit 1600
[2025-12-12 08:24:01] [generate_cnf] Generating formula qspiflash_dualflexpress_divthree-p006 with K=310
[2025-12-12 08:24:03] [run_formula] Running formula qspiflash_dualflexpress_divthree-p006 with K=310 up to limit 1600
[2025-12-12 08:24:39] [generate_cnf] Generating formula qspiflash_dualflexpress_divthree-p006 with K=311
[2025-12-12 08:24:41] [run_formula] Running formula qspiflash_dualflexpress_divthree-p006 with K=311 up to limit 1600
[2025-12-12 08:25:16] [generate_cnf] Generating formula qspiflash_dualflexpress_divthree-p006 with K=312
[2025-12-12 08:25:19] [run_formula] Running formula qspiflash_dualflexpress_divthree-p006 with K=312 up to limit 1600
[2025-12-12 08:26:13] [generate_cnf] Generating formula qspiflash_dualflexpress_divthree-p006 with K=313
[2025-12-12 08:26:15] [run_formula] Running formula qspiflash_dualflexpress_divthree-p006 with K=313 up to limit 1600
[2025-12-12 08:27:12] [generate_cnf] Generating formula qspiflash_dualflexpress_divthree-p006 with K=314
[2025-12-12 08:27:15] [run_formula] Running formula qspiflash_dualflexpress_divthree-p006 with K=314 up to limit 1600
[2025-12-12 08:27:49] [generate_cnf] Generating formula qspiflash_dualflexpress_divthree-p006 with K=315
[2025-12-12 08:27:51] [run_formula] Running formula qspiflash_dualflexpress_divthree-p006 with K=315 up to limit 1600
[2025-12-12 08:28:32] [run_formula] Error running formula qspiflash_dualflexpress_divthree-p006 with K=315: [Errno 122] Disk quota exceeded: './results/solving_logs/qspiflash_dualflexpress_divthree-p006//qspiflash_dualflexpress_divthree-p006.315.log'
[2025-12-12 08:28:32] [generate_and_run_up_to_limit] Failed to run formula qspiflash_dualflexpress_divthree-p006 with K=315, halting
