CNF written.
CNF written.
CNF written.
CNF written.
CNF written.
CNF written.
CNF written.
CNF written.
CNF written.
CNF written.
CNF written.
CNF written.
CNF written.
CNF written.
CNF written.
CNF written.
CNF written.
CNF written.
CNF written.
CNF written.
CNF written.
CNF written.
CNF written.
CNF written.
CNF written.
CNF written.
CNF written.
CNF written.
CNF written.
CNF written.
CNF written.
CNF written.
CNF written.
CNF written.
CNF written.
CNF written.
CNF written.
CNF written.
CNF written.
CNF written.
CNF written.
CNF written.
CNF written.
CNF written.
CNF written.
CNF written.
CNF written.
CNF written.
CNF written.
CNF written.
CNF written.
CNF written.
CNF written.
CNF written.
CNF written.
CNF written.
CNF written.
CNF written.
CNF written.
CNF written.
CNF written.
CNF written.
CNF written.
CNF written.
CNF written.
CNF written.
CNF written.
CNF written.
CNF written.
CNF written.
CNF written.
CNF written.
CNF written.
CNF written.
CNF written.
CNF written.
CNF written.
CNF written.
CNF written.
CNF written.
CNF written.
CNF written.
CNF written.
CNF written.
CNF written.
CNF written.
CNF written.
CNF written.
CNF written.
CNF written.
CNF written.
CNF written.
CNF written.
CNF written.
CNF written.
CNF written.
CNF written.
CNF written.
CNF written.
CNF written.
CNF written.
CNF written.
CNF written.
CNF written.
CNF written.
CNF written.
CNF written.
CNF written.
CNF written.
CNF written.
CNF written.
CNF written.
CNF written.
CNF written.
CNF written.
CNF written.
CNF written.
CNF written.
CNF written.
CNF written.
CNF written.
CNF written.
CNF written.
CNF written.
CNF written.
CNF written.
CNF written.
CNF written.
CNF written.
CNF written.
CNF written.
CNF written.
CNF written.
CNF written.
CNF written.
CNF written.
CNF written.
CNF written.
CNF written.
CNF written.
CNF written.
CNF written.
CNF written.
CNF written.
CNF written.
CNF written.
CNF written.
CNF written.
CNF written.
CNF written.
CNF written.
CNF written.
CNF written.
CNF written.
CNF written.
CNF written.
CNF written.
CNF written.
CNF written.
CNF written.
CNF written.
CNF written.
CNF written.
CNF written.
CNF written.
CNF written.
CNF written.
CNF written.
CNF written.
CNF written.
CNF written.
CNF written.
CNF written.
CNF written.
CNF written.
CNF written.
CNF written.
CNF written.
CNF written.
CNF written.
CNF written.
CNF written.
CNF written.
CNF written.
CNF written.
CNF written.
CNF written.
CNF written.
CNF written.
CNF written.
CNF written.
CNF written.
CNF written.
CNF written.
CNF written.
CNF written.
[2025-12-12 08:03:56] [generate_and_run_up_to_limit] Generating and running qspiflash_dualflexpress_divfive-p050 with K<=500 up to limit 1600
[2025-12-12 08:03:56] [generate_cnf] Generating formula qspiflash_dualflexpress_divfive-p050 with K=1
[2025-12-12 08:03:56] [run_formula] Running formula qspiflash_dualflexpress_divfive-p050 with K=1 up to limit 1600
[2025-12-12 08:03:56] [generate_cnf] Generating formula qspiflash_dualflexpress_divfive-p050 with K=2
[2025-12-12 08:03:56] [run_formula] Running formula qspiflash_dualflexpress_divfive-p050 with K=2 up to limit 1600
[2025-12-12 08:03:56] [generate_cnf] Generating formula qspiflash_dualflexpress_divfive-p050 with K=3
[2025-12-12 08:03:56] [run_formula] Running formula qspiflash_dualflexpress_divfive-p050 with K=3 up to limit 1600
[2025-12-12 08:03:56] [generate_cnf] Generating formula qspiflash_dualflexpress_divfive-p050 with K=4
[2025-12-12 08:03:56] [run_formula] Running formula qspiflash_dualflexpress_divfive-p050 with K=4 up to limit 1600
[2025-12-12 08:03:56] [generate_cnf] Generating formula qspiflash_dualflexpress_divfive-p050 with K=5
[2025-12-12 08:03:56] [run_formula] Running formula qspiflash_dualflexpress_divfive-p050 with K=5 up to limit 1600
[2025-12-12 08:03:56] [generate_cnf] Generating formula qspiflash_dualflexpress_divfive-p050 with K=6
[2025-12-12 08:03:56] [run_formula] Running formula qspiflash_dualflexpress_divfive-p050 with K=6 up to limit 1600
[2025-12-12 08:03:56] [generate_cnf] Generating formula qspiflash_dualflexpress_divfive-p050 with K=7
[2025-12-12 08:03:56] [run_formula] Running formula qspiflash_dualflexpress_divfive-p050 with K=7 up to limit 1600
[2025-12-12 08:03:56] [generate_cnf] Generating formula qspiflash_dualflexpress_divfive-p050 with K=8
[2025-12-12 08:03:56] [run_formula] Running formula qspiflash_dualflexpress_divfive-p050 with K=8 up to limit 1600
[2025-12-12 08:03:56] [generate_cnf] Generating formula qspiflash_dualflexpress_divfive-p050 with K=9
[2025-12-12 08:03:56] [run_formula] Running formula qspiflash_dualflexpress_divfive-p050 with K=9 up to limit 1600
[2025-12-12 08:03:56] [generate_cnf] Generating formula qspiflash_dualflexpress_divfive-p050 with K=10
[2025-12-12 08:03:57] [run_formula] Running formula qspiflash_dualflexpress_divfive-p050 with K=10 up to limit 1600
[2025-12-12 08:03:57] [generate_cnf] Generating formula qspiflash_dualflexpress_divfive-p050 with K=11
[2025-12-12 08:03:57] [run_formula] Running formula qspiflash_dualflexpress_divfive-p050 with K=11 up to limit 1600
[2025-12-12 08:03:57] [generate_cnf] Generating formula qspiflash_dualflexpress_divfive-p050 with K=12
[2025-12-12 08:03:57] [run_formula] Running formula qspiflash_dualflexpress_divfive-p050 with K=12 up to limit 1600
[2025-12-12 08:03:57] [generate_cnf] Generating formula qspiflash_dualflexpress_divfive-p050 with K=13
[2025-12-12 08:03:57] [run_formula] Running formula qspiflash_dualflexpress_divfive-p050 with K=13 up to limit 1600
[2025-12-12 08:03:57] [generate_cnf] Generating formula qspiflash_dualflexpress_divfive-p050 with K=14
[2025-12-12 08:03:57] [run_formula] Running formula qspiflash_dualflexpress_divfive-p050 with K=14 up to limit 1600
[2025-12-12 08:03:57] [generate_cnf] Generating formula qspiflash_dualflexpress_divfive-p050 with K=15
[2025-12-12 08:03:57] [run_formula] Running formula qspiflash_dualflexpress_divfive-p050 with K=15 up to limit 1600
[2025-12-12 08:03:57] [generate_cnf] Generating formula qspiflash_dualflexpress_divfive-p050 with K=16
[2025-12-12 08:03:57] [run_formula] Running formula qspiflash_dualflexpress_divfive-p050 with K=16 up to limit 1600
[2025-12-12 08:03:57] [generate_cnf] Generating formula qspiflash_dualflexpress_divfive-p050 with K=17
[2025-12-12 08:03:58] [run_formula] Running formula qspiflash_dualflexpress_divfive-p050 with K=17 up to limit 1600
[2025-12-12 08:03:58] [generate_cnf] Generating formula qspiflash_dualflexpress_divfive-p050 with K=18
[2025-12-12 08:03:58] [run_formula] Running formula qspiflash_dualflexpress_divfive-p050 with K=18 up to limit 1600
[2025-12-12 08:03:58] [generate_cnf] Generating formula qspiflash_dualflexpress_divfive-p050 with K=19
[2025-12-12 08:03:58] [run_formula] Running formula qspiflash_dualflexpress_divfive-p050 with K=19 up to limit 1600
[2025-12-12 08:03:58] [generate_cnf] Generating formula qspiflash_dualflexpress_divfive-p050 with K=20
[2025-12-12 08:03:58] [run_formula] Running formula qspiflash_dualflexpress_divfive-p050 with K=20 up to limit 1600
[2025-12-12 08:03:58] [generate_cnf] Generating formula qspiflash_dualflexpress_divfive-p050 with K=21
[2025-12-12 08:03:58] [run_formula] Running formula qspiflash_dualflexpress_divfive-p050 with K=21 up to limit 1600
[2025-12-12 08:03:58] [generate_cnf] Generating formula qspiflash_dualflexpress_divfive-p050 with K=22
[2025-12-12 08:03:59] [run_formula] Running formula qspiflash_dualflexpress_divfive-p050 with K=22 up to limit 1600
[2025-12-12 08:03:59] [generate_cnf] Generating formula qspiflash_dualflexpress_divfive-p050 with K=23
[2025-12-12 08:03:59] [run_formula] Running formula qspiflash_dualflexpress_divfive-p050 with K=23 up to limit 1600
[2025-12-12 08:03:59] [generate_cnf] Generating formula qspiflash_dualflexpress_divfive-p050 with K=24
[2025-12-12 08:03:59] [run_formula] Running formula qspiflash_dualflexpress_divfive-p050 with K=24 up to limit 1600
[2025-12-12 08:03:59] [generate_cnf] Generating formula qspiflash_dualflexpress_divfive-p050 with K=25
[2025-12-12 08:03:59] [run_formula] Running formula qspiflash_dualflexpress_divfive-p050 with K=25 up to limit 1600
[2025-12-12 08:03:59] [generate_cnf] Generating formula qspiflash_dualflexpress_divfive-p050 with K=26
[2025-12-12 08:04:00] [run_formula] Running formula qspiflash_dualflexpress_divfive-p050 with K=26 up to limit 1600
[2025-12-12 08:04:00] [generate_cnf] Generating formula qspiflash_dualflexpress_divfive-p050 with K=27
[2025-12-12 08:04:00] [run_formula] Running formula qspiflash_dualflexpress_divfive-p050 with K=27 up to limit 1600
[2025-12-12 08:04:00] [generate_cnf] Generating formula qspiflash_dualflexpress_divfive-p050 with K=28
[2025-12-12 08:04:00] [run_formula] Running formula qspiflash_dualflexpress_divfive-p050 with K=28 up to limit 1600
[2025-12-12 08:04:00] [generate_cnf] Generating formula qspiflash_dualflexpress_divfive-p050 with K=29
[2025-12-12 08:04:01] [run_formula] Running formula qspiflash_dualflexpress_divfive-p050 with K=29 up to limit 1600
[2025-12-12 08:04:01] [generate_cnf] Generating formula qspiflash_dualflexpress_divfive-p050 with K=30
[2025-12-12 08:04:01] [run_formula] Running formula qspiflash_dualflexpress_divfive-p050 with K=30 up to limit 1600
[2025-12-12 08:04:01] [generate_cnf] Generating formula qspiflash_dualflexpress_divfive-p050 with K=31
[2025-12-12 08:04:01] [run_formula] Running formula qspiflash_dualflexpress_divfive-p050 with K=31 up to limit 1600
[2025-12-12 08:04:01] [generate_cnf] Generating formula qspiflash_dualflexpress_divfive-p050 with K=32
[2025-12-12 08:04:02] [run_formula] Running formula qspiflash_dualflexpress_divfive-p050 with K=32 up to limit 1600
[2025-12-12 08:04:02] [generate_cnf] Generating formula qspiflash_dualflexpress_divfive-p050 with K=33
[2025-12-12 08:04:02] [run_formula] Running formula qspiflash_dualflexpress_divfive-p050 with K=33 up to limit 1600
[2025-12-12 08:04:02] [generate_cnf] Generating formula qspiflash_dualflexpress_divfive-p050 with K=34
[2025-12-12 08:04:03] [run_formula] Running formula qspiflash_dualflexpress_divfive-p050 with K=34 up to limit 1600
[2025-12-12 08:04:03] [generate_cnf] Generating formula qspiflash_dualflexpress_divfive-p050 with K=35
[2025-12-12 08:04:03] [run_formula] Running formula qspiflash_dualflexpress_divfive-p050 with K=35 up to limit 1600
[2025-12-12 08:04:03] [generate_cnf] Generating formula qspiflash_dualflexpress_divfive-p050 with K=36
[2025-12-12 08:04:04] [run_formula] Running formula qspiflash_dualflexpress_divfive-p050 with K=36 up to limit 1600
[2025-12-12 08:04:04] [generate_cnf] Generating formula qspiflash_dualflexpress_divfive-p050 with K=37
[2025-12-12 08:04:04] [run_formula] Running formula qspiflash_dualflexpress_divfive-p050 with K=37 up to limit 1600
[2025-12-12 08:04:05] [generate_cnf] Generating formula qspiflash_dualflexpress_divfive-p050 with K=38
[2025-12-12 08:04:05] [run_formula] Running formula qspiflash_dualflexpress_divfive-p050 with K=38 up to limit 1600
[2025-12-12 08:04:05] [generate_cnf] Generating formula qspiflash_dualflexpress_divfive-p050 with K=39
[2025-12-12 08:04:06] [run_formula] Running formula qspiflash_dualflexpress_divfive-p050 with K=39 up to limit 1600
[2025-12-12 08:04:06] [generate_cnf] Generating formula qspiflash_dualflexpress_divfive-p050 with K=40
[2025-12-12 08:04:06] [run_formula] Running formula qspiflash_dualflexpress_divfive-p050 with K=40 up to limit 1600
[2025-12-12 08:04:07] [generate_cnf] Generating formula qspiflash_dualflexpress_divfive-p050 with K=41
[2025-12-12 08:04:07] [run_formula] Running formula qspiflash_dualflexpress_divfive-p050 with K=41 up to limit 1600
[2025-12-12 08:04:08] [generate_cnf] Generating formula qspiflash_dualflexpress_divfive-p050 with K=42
[2025-12-12 08:04:08] [run_formula] Running formula qspiflash_dualflexpress_divfive-p050 with K=42 up to limit 1600
[2025-12-12 08:04:09] [generate_cnf] Generating formula qspiflash_dualflexpress_divfive-p050 with K=43
[2025-12-12 08:04:09] [run_formula] Running formula qspiflash_dualflexpress_divfive-p050 with K=43 up to limit 1600
[2025-12-12 08:04:10] [generate_cnf] Generating formula qspiflash_dualflexpress_divfive-p050 with K=44
[2025-12-12 08:04:10] [run_formula] Running formula qspiflash_dualflexpress_divfive-p050 with K=44 up to limit 1600
[2025-12-12 08:04:11] [generate_cnf] Generating formula qspiflash_dualflexpress_divfive-p050 with K=45
[2025-12-12 08:04:11] [run_formula] Running formula qspiflash_dualflexpress_divfive-p050 with K=45 up to limit 1600
[2025-12-12 08:04:12] [generate_cnf] Generating formula qspiflash_dualflexpress_divfive-p050 with K=46
[2025-12-12 08:04:12] [run_formula] Running formula qspiflash_dualflexpress_divfive-p050 with K=46 up to limit 1600
[2025-12-12 08:04:13] [generate_cnf] Generating formula qspiflash_dualflexpress_divfive-p050 with K=47
[2025-12-12 08:04:13] [run_formula] Running formula qspiflash_dualflexpress_divfive-p050 with K=47 up to limit 1600
[2025-12-12 08:04:14] [generate_cnf] Generating formula qspiflash_dualflexpress_divfive-p050 with K=48
[2025-12-12 08:04:15] [run_formula] Running formula qspiflash_dualflexpress_divfive-p050 with K=48 up to limit 1600
[2025-12-12 08:04:16] [generate_cnf] Generating formula qspiflash_dualflexpress_divfive-p050 with K=49
[2025-12-12 08:04:16] [run_formula] Running formula qspiflash_dualflexpress_divfive-p050 with K=49 up to limit 1600
[2025-12-12 08:04:17] [generate_cnf] Generating formula qspiflash_dualflexpress_divfive-p050 with K=50
[2025-12-12 08:04:18] [run_formula] Running formula qspiflash_dualflexpress_divfive-p050 with K=50 up to limit 1600
[2025-12-12 08:04:19] [generate_cnf] Generating formula qspiflash_dualflexpress_divfive-p050 with K=51
[2025-12-12 08:04:19] [run_formula] Running formula qspiflash_dualflexpress_divfive-p050 with K=51 up to limit 1600
[2025-12-12 08:04:21] [generate_cnf] Generating formula qspiflash_dualflexpress_divfive-p050 with K=52
[2025-12-12 08:04:21] [run_formula] Running formula qspiflash_dualflexpress_divfive-p050 with K=52 up to limit 1600
[2025-12-12 08:04:22] [generate_cnf] Generating formula qspiflash_dualflexpress_divfive-p050 with K=53
[2025-12-12 08:04:23] [run_formula] Running formula qspiflash_dualflexpress_divfive-p050 with K=53 up to limit 1600
[2025-12-12 08:04:24] [generate_cnf] Generating formula qspiflash_dualflexpress_divfive-p050 with K=54
[2025-12-12 08:04:24] [run_formula] Running formula qspiflash_dualflexpress_divfive-p050 with K=54 up to limit 1600
[2025-12-12 08:04:26] [generate_cnf] Generating formula qspiflash_dualflexpress_divfive-p050 with K=55
[2025-12-12 08:04:26] [run_formula] Running formula qspiflash_dualflexpress_divfive-p050 with K=55 up to limit 1600
[2025-12-12 08:04:28] [generate_cnf] Generating formula qspiflash_dualflexpress_divfive-p050 with K=56
[2025-12-12 08:04:28] [run_formula] Running formula qspiflash_dualflexpress_divfive-p050 with K=56 up to limit 1600
[2025-12-12 08:04:29] [generate_cnf] Generating formula qspiflash_dualflexpress_divfive-p050 with K=57
[2025-12-12 08:04:30] [run_formula] Running formula qspiflash_dualflexpress_divfive-p050 with K=57 up to limit 1600
[2025-12-12 08:04:31] [generate_cnf] Generating formula qspiflash_dualflexpress_divfive-p050 with K=58
[2025-12-12 08:04:32] [run_formula] Running formula qspiflash_dualflexpress_divfive-p050 with K=58 up to limit 1600
[2025-12-12 08:04:33] [generate_cnf] Generating formula qspiflash_dualflexpress_divfive-p050 with K=59
[2025-12-12 08:04:34] [run_formula] Running formula qspiflash_dualflexpress_divfive-p050 with K=59 up to limit 1600
[2025-12-12 08:04:35] [generate_cnf] Generating formula qspiflash_dualflexpress_divfive-p050 with K=60
[2025-12-12 08:04:36] [run_formula] Running formula qspiflash_dualflexpress_divfive-p050 with K=60 up to limit 1600
[2025-12-12 08:04:37] [generate_cnf] Generating formula qspiflash_dualflexpress_divfive-p050 with K=61
[2025-12-12 08:04:38] [run_formula] Running formula qspiflash_dualflexpress_divfive-p050 with K=61 up to limit 1600
[2025-12-12 08:04:39] [generate_cnf] Generating formula qspiflash_dualflexpress_divfive-p050 with K=62
[2025-12-12 08:04:40] [run_formula] Running formula qspiflash_dualflexpress_divfive-p050 with K=62 up to limit 1600
[2025-12-12 08:04:42] [generate_cnf] Generating formula qspiflash_dualflexpress_divfive-p050 with K=63
[2025-12-12 08:04:42] [run_formula] Running formula qspiflash_dualflexpress_divfive-p050 with K=63 up to limit 1600
[2025-12-12 08:04:44] [generate_cnf] Generating formula qspiflash_dualflexpress_divfive-p050 with K=64
[2025-12-12 08:04:44] [run_formula] Running formula qspiflash_dualflexpress_divfive-p050 with K=64 up to limit 1600
[2025-12-12 08:04:46] [generate_cnf] Generating formula qspiflash_dualflexpress_divfive-p050 with K=65
[2025-12-12 08:04:47] [run_formula] Running formula qspiflash_dualflexpress_divfive-p050 with K=65 up to limit 1600
[2025-12-12 08:04:50] [generate_cnf] Generating formula qspiflash_dualflexpress_divfive-p050 with K=66
[2025-12-12 08:04:50] [run_formula] Running formula qspiflash_dualflexpress_divfive-p050 with K=66 up to limit 1600
[2025-12-12 08:04:54] [generate_cnf] Generating formula qspiflash_dualflexpress_divfive-p050 with K=67
[2025-12-12 08:04:54] [run_formula] Running formula qspiflash_dualflexpress_divfive-p050 with K=67 up to limit 1600
[2025-12-12 08:04:58] [generate_cnf] Generating formula qspiflash_dualflexpress_divfive-p050 with K=68
[2025-12-12 08:04:58] [run_formula] Running formula qspiflash_dualflexpress_divfive-p050 with K=68 up to limit 1600
[2025-12-12 08:05:01] [generate_cnf] Generating formula qspiflash_dualflexpress_divfive-p050 with K=69
[2025-12-12 08:05:01] [run_formula] Running formula qspiflash_dualflexpress_divfive-p050 with K=69 up to limit 1600
[2025-12-12 08:05:03] [generate_cnf] Generating formula qspiflash_dualflexpress_divfive-p050 with K=70
[2025-12-12 08:05:04] [run_formula] Running formula qspiflash_dualflexpress_divfive-p050 with K=70 up to limit 1600
[2025-12-12 08:05:06] [generate_cnf] Generating formula qspiflash_dualflexpress_divfive-p050 with K=71
[2025-12-12 08:05:07] [run_formula] Running formula qspiflash_dualflexpress_divfive-p050 with K=71 up to limit 1600
[2025-12-12 08:05:09] [generate_cnf] Generating formula qspiflash_dualflexpress_divfive-p050 with K=72
[2025-12-12 08:05:10] [run_formula] Running formula qspiflash_dualflexpress_divfive-p050 with K=72 up to limit 1600
[2025-12-12 08:05:13] [generate_cnf] Generating formula qspiflash_dualflexpress_divfive-p050 with K=73
[2025-12-12 08:05:13] [run_formula] Running formula qspiflash_dualflexpress_divfive-p050 with K=73 up to limit 1600
[2025-12-12 08:05:15] [generate_cnf] Generating formula qspiflash_dualflexpress_divfive-p050 with K=74
[2025-12-12 08:05:16] [run_formula] Running formula qspiflash_dualflexpress_divfive-p050 with K=74 up to limit 1600
[2025-12-12 08:05:18] [generate_cnf] Generating formula qspiflash_dualflexpress_divfive-p050 with K=75
[2025-12-12 08:05:19] [run_formula] Running formula qspiflash_dualflexpress_divfive-p050 with K=75 up to limit 1600
[2025-12-12 08:05:22] [generate_cnf] Generating formula qspiflash_dualflexpress_divfive-p050 with K=76
[2025-12-12 08:05:22] [run_formula] Running formula qspiflash_dualflexpress_divfive-p050 with K=76 up to limit 1600
[2025-12-12 08:05:25] [generate_cnf] Generating formula qspiflash_dualflexpress_divfive-p050 with K=77
[2025-12-12 08:05:26] [run_formula] Running formula qspiflash_dualflexpress_divfive-p050 with K=77 up to limit 1600
[2025-12-12 08:05:29] [generate_cnf] Generating formula qspiflash_dualflexpress_divfive-p050 with K=78
[2025-12-12 08:05:29] [run_formula] Running formula qspiflash_dualflexpress_divfive-p050 with K=78 up to limit 1600
[2025-12-12 08:05:32] [generate_cnf] Generating formula qspiflash_dualflexpress_divfive-p050 with K=79
[2025-12-12 08:05:33] [run_formula] Running formula qspiflash_dualflexpress_divfive-p050 with K=79 up to limit 1600
[2025-12-12 08:05:36] [generate_cnf] Generating formula qspiflash_dualflexpress_divfive-p050 with K=80
[2025-12-12 08:05:37] [run_formula] Running formula qspiflash_dualflexpress_divfive-p050 with K=80 up to limit 1600
[2025-12-12 08:05:41] [generate_cnf] Generating formula qspiflash_dualflexpress_divfive-p050 with K=81
[2025-12-12 08:05:42] [run_formula] Running formula qspiflash_dualflexpress_divfive-p050 with K=81 up to limit 1600
[2025-12-12 08:05:46] [generate_cnf] Generating formula qspiflash_dualflexpress_divfive-p050 with K=82
[2025-12-12 08:05:46] [run_formula] Running formula qspiflash_dualflexpress_divfive-p050 with K=82 up to limit 1600
[2025-12-12 08:05:49] [generate_cnf] Generating formula qspiflash_dualflexpress_divfive-p050 with K=83
[2025-12-12 08:05:50] [run_formula] Running formula qspiflash_dualflexpress_divfive-p050 with K=83 up to limit 1600
[2025-12-12 08:05:53] [generate_cnf] Generating formula qspiflash_dualflexpress_divfive-p050 with K=84
[2025-12-12 08:05:54] [run_formula] Running formula qspiflash_dualflexpress_divfive-p050 with K=84 up to limit 1600
[2025-12-12 08:05:58] [generate_cnf] Generating formula qspiflash_dualflexpress_divfive-p050 with K=85
[2025-12-12 08:05:58] [run_formula] Running formula qspiflash_dualflexpress_divfive-p050 with K=85 up to limit 1600
[2025-12-12 08:06:02] [generate_cnf] Generating formula qspiflash_dualflexpress_divfive-p050 with K=86
[2025-12-12 08:06:03] [run_formula] Running formula qspiflash_dualflexpress_divfive-p050 with K=86 up to limit 1600
[2025-12-12 08:06:06] [generate_cnf] Generating formula qspiflash_dualflexpress_divfive-p050 with K=87
[2025-12-12 08:06:07] [run_formula] Running formula qspiflash_dualflexpress_divfive-p050 with K=87 up to limit 1600
[2025-12-12 08:06:12] [generate_cnf] Generating formula qspiflash_dualflexpress_divfive-p050 with K=88
[2025-12-12 08:06:12] [run_formula] Running formula qspiflash_dualflexpress_divfive-p050 with K=88 up to limit 1600
[2025-12-12 08:06:16] [generate_cnf] Generating formula qspiflash_dualflexpress_divfive-p050 with K=89
[2025-12-12 08:06:17] [run_formula] Running formula qspiflash_dualflexpress_divfive-p050 with K=89 up to limit 1600
[2025-12-12 08:06:20] [generate_cnf] Generating formula qspiflash_dualflexpress_divfive-p050 with K=90
[2025-12-12 08:06:21] [run_formula] Running formula qspiflash_dualflexpress_divfive-p050 with K=90 up to limit 1600
[2025-12-12 08:06:25] [generate_cnf] Generating formula qspiflash_dualflexpress_divfive-p050 with K=91
[2025-12-12 08:06:26] [run_formula] Running formula qspiflash_dualflexpress_divfive-p050 with K=91 up to limit 1600
[2025-12-12 08:06:30] [generate_cnf] Generating formula qspiflash_dualflexpress_divfive-p050 with K=92
[2025-12-12 08:06:31] [run_formula] Running formula qspiflash_dualflexpress_divfive-p050 with K=92 up to limit 1600
[2025-12-12 08:06:35] [generate_cnf] Generating formula qspiflash_dualflexpress_divfive-p050 with K=93
[2025-12-12 08:06:36] [run_formula] Running formula qspiflash_dualflexpress_divfive-p050 with K=93 up to limit 1600
[2025-12-12 08:06:40] [generate_cnf] Generating formula qspiflash_dualflexpress_divfive-p050 with K=94
[2025-12-12 08:06:41] [run_formula] Running formula qspiflash_dualflexpress_divfive-p050 with K=94 up to limit 1600
[2025-12-12 08:06:46] [generate_cnf] Generating formula qspiflash_dualflexpress_divfive-p050 with K=95
[2025-12-12 08:06:46] [run_formula] Running formula qspiflash_dualflexpress_divfive-p050 with K=95 up to limit 1600
[2025-12-12 08:06:51] [generate_cnf] Generating formula qspiflash_dualflexpress_divfive-p050 with K=96
[2025-12-12 08:06:52] [run_formula] Running formula qspiflash_dualflexpress_divfive-p050 with K=96 up to limit 1600
[2025-12-12 08:06:58] [generate_cnf] Generating formula qspiflash_dualflexpress_divfive-p050 with K=97
[2025-12-12 08:06:58] [run_formula] Running formula qspiflash_dualflexpress_divfive-p050 with K=97 up to limit 1600
[2025-12-12 08:07:04] [generate_cnf] Generating formula qspiflash_dualflexpress_divfive-p050 with K=98
[2025-12-12 08:07:04] [run_formula] Running formula qspiflash_dualflexpress_divfive-p050 with K=98 up to limit 1600
[2025-12-12 08:07:09] [generate_cnf] Generating formula qspiflash_dualflexpress_divfive-p050 with K=99
[2025-12-12 08:07:10] [run_formula] Running formula qspiflash_dualflexpress_divfive-p050 with K=99 up to limit 1600
[2025-12-12 08:07:15] [generate_cnf] Generating formula qspiflash_dualflexpress_divfive-p050 with K=100
[2025-12-12 08:07:16] [run_formula] Running formula qspiflash_dualflexpress_divfive-p050 with K=100 up to limit 1600
[2025-12-12 08:07:21] [generate_cnf] Generating formula qspiflash_dualflexpress_divfive-p050 with K=101
[2025-12-12 08:07:22] [run_formula] Running formula qspiflash_dualflexpress_divfive-p050 with K=101 up to limit 1600
[2025-12-12 08:07:27] [generate_cnf] Generating formula qspiflash_dualflexpress_divfive-p050 with K=102
[2025-12-12 08:07:28] [run_formula] Running formula qspiflash_dualflexpress_divfive-p050 with K=102 up to limit 1600
[2025-12-12 08:07:34] [generate_cnf] Generating formula qspiflash_dualflexpress_divfive-p050 with K=103
[2025-12-12 08:07:35] [run_formula] Running formula qspiflash_dualflexpress_divfive-p050 with K=103 up to limit 1600
[2025-12-12 08:07:41] [generate_cnf] Generating formula qspiflash_dualflexpress_divfive-p050 with K=104
[2025-12-12 08:07:42] [run_formula] Running formula qspiflash_dualflexpress_divfive-p050 with K=104 up to limit 1600
[2025-12-12 08:07:47] [generate_cnf] Generating formula qspiflash_dualflexpress_divfive-p050 with K=105
[2025-12-12 08:07:47] [run_formula] Running formula qspiflash_dualflexpress_divfive-p050 with K=105 up to limit 1600
[2025-12-12 08:07:52] [generate_cnf] Generating formula qspiflash_dualflexpress_divfive-p050 with K=106
[2025-12-12 08:07:53] [run_formula] Running formula qspiflash_dualflexpress_divfive-p050 with K=106 up to limit 1600
[2025-12-12 08:07:59] [generate_cnf] Generating formula qspiflash_dualflexpress_divfive-p050 with K=107
[2025-12-12 08:08:00] [run_formula] Running formula qspiflash_dualflexpress_divfive-p050 with K=107 up to limit 1600
[2025-12-12 08:08:06] [generate_cnf] Generating formula qspiflash_dualflexpress_divfive-p050 with K=108
[2025-12-12 08:08:07] [run_formula] Running formula qspiflash_dualflexpress_divfive-p050 with K=108 up to limit 1600
[2025-12-12 08:08:15] [generate_cnf] Generating formula qspiflash_dualflexpress_divfive-p050 with K=109
[2025-12-12 08:08:16] [run_formula] Running formula qspiflash_dualflexpress_divfive-p050 with K=109 up to limit 1600
[2025-12-12 08:08:23] [generate_cnf] Generating formula qspiflash_dualflexpress_divfive-p050 with K=110
[2025-12-12 08:08:24] [run_formula] Running formula qspiflash_dualflexpress_divfive-p050 with K=110 up to limit 1600
[2025-12-12 08:08:30] [generate_cnf] Generating formula qspiflash_dualflexpress_divfive-p050 with K=111
[2025-12-12 08:08:31] [run_formula] Running formula qspiflash_dualflexpress_divfive-p050 with K=111 up to limit 1600
[2025-12-12 08:08:37] [generate_cnf] Generating formula qspiflash_dualflexpress_divfive-p050 with K=112
[2025-12-12 08:08:37] [run_formula] Running formula qspiflash_dualflexpress_divfive-p050 with K=112 up to limit 1600
[2025-12-12 08:08:44] [generate_cnf] Generating formula qspiflash_dualflexpress_divfive-p050 with K=113
[2025-12-12 08:08:45] [run_formula] Running formula qspiflash_dualflexpress_divfive-p050 with K=113 up to limit 1600
[2025-12-12 08:08:51] [generate_cnf] Generating formula qspiflash_dualflexpress_divfive-p050 with K=114
[2025-12-12 08:08:52] [run_formula] Running formula qspiflash_dualflexpress_divfive-p050 with K=114 up to limit 1600
[2025-12-12 08:08:59] [generate_cnf] Generating formula qspiflash_dualflexpress_divfive-p050 with K=115
[2025-12-12 08:09:00] [run_formula] Running formula qspiflash_dualflexpress_divfive-p050 with K=115 up to limit 1600
[2025-12-12 08:09:07] [generate_cnf] Generating formula qspiflash_dualflexpress_divfive-p050 with K=116
[2025-12-12 08:09:08] [run_formula] Running formula qspiflash_dualflexpress_divfive-p050 with K=116 up to limit 1600
[2025-12-12 08:09:15] [generate_cnf] Generating formula qspiflash_dualflexpress_divfive-p050 with K=117
[2025-12-12 08:09:15] [run_formula] Running formula qspiflash_dualflexpress_divfive-p050 with K=117 up to limit 1600
[2025-12-12 08:09:27] [generate_cnf] Generating formula qspiflash_dualflexpress_divfive-p050 with K=118
[2025-12-12 08:09:28] [run_formula] Running formula qspiflash_dualflexpress_divfive-p050 with K=118 up to limit 1600
[2025-12-12 08:09:35] [generate_cnf] Generating formula qspiflash_dualflexpress_divfive-p050 with K=119
[2025-12-12 08:09:36] [run_formula] Running formula qspiflash_dualflexpress_divfive-p050 with K=119 up to limit 1600
[2025-12-12 08:09:45] [generate_cnf] Generating formula qspiflash_dualflexpress_divfive-p050 with K=120
[2025-12-12 08:09:46] [run_formula] Running formula qspiflash_dualflexpress_divfive-p050 with K=120 up to limit 1600
[2025-12-12 08:09:53] [generate_cnf] Generating formula qspiflash_dualflexpress_divfive-p050 with K=121
[2025-12-12 08:09:54] [run_formula] Running formula qspiflash_dualflexpress_divfive-p050 with K=121 up to limit 1600
[2025-12-12 08:10:02] [generate_cnf] Generating formula qspiflash_dualflexpress_divfive-p050 with K=122
[2025-12-12 08:10:03] [run_formula] Running formula qspiflash_dualflexpress_divfive-p050 with K=122 up to limit 1600
[2025-12-12 08:10:09] [generate_cnf] Generating formula qspiflash_dualflexpress_divfive-p050 with K=123
[2025-12-12 08:10:10] [run_formula] Running formula qspiflash_dualflexpress_divfive-p050 with K=123 up to limit 1600
[2025-12-12 08:10:18] [generate_cnf] Generating formula qspiflash_dualflexpress_divfive-p050 with K=124
[2025-12-12 08:10:18] [run_formula] Running formula qspiflash_dualflexpress_divfive-p050 with K=124 up to limit 1600
[2025-12-12 08:10:26] [generate_cnf] Generating formula qspiflash_dualflexpress_divfive-p050 with K=125
[2025-12-12 08:10:26] [run_formula] Running formula qspiflash_dualflexpress_divfive-p050 with K=125 up to limit 1600
[2025-12-12 08:10:34] [generate_cnf] Generating formula qspiflash_dualflexpress_divfive-p050 with K=126
[2025-12-12 08:10:35] [run_formula] Running formula qspiflash_dualflexpress_divfive-p050 with K=126 up to limit 1600
[2025-12-12 08:10:45] [generate_cnf] Generating formula qspiflash_dualflexpress_divfive-p050 with K=127
[2025-12-12 08:10:46] [run_formula] Running formula qspiflash_dualflexpress_divfive-p050 with K=127 up to limit 1600
[2025-12-12 08:10:53] [generate_cnf] Generating formula qspiflash_dualflexpress_divfive-p050 with K=128
[2025-12-12 08:10:54] [run_formula] Running formula qspiflash_dualflexpress_divfive-p050 with K=128 up to limit 1600
[2025-12-12 08:11:02] [generate_cnf] Generating formula qspiflash_dualflexpress_divfive-p050 with K=129
[2025-12-12 08:11:03] [run_formula] Running formula qspiflash_dualflexpress_divfive-p050 with K=129 up to limit 1600
[2025-12-12 08:11:10] [generate_cnf] Generating formula qspiflash_dualflexpress_divfive-p050 with K=130
[2025-12-12 08:11:11] [run_formula] Running formula qspiflash_dualflexpress_divfive-p050 with K=130 up to limit 1600
[2025-12-12 08:11:18] [generate_cnf] Generating formula qspiflash_dualflexpress_divfive-p050 with K=131
[2025-12-12 08:11:19] [run_formula] Running formula qspiflash_dualflexpress_divfive-p050 with K=131 up to limit 1600
[2025-12-12 08:11:29] [generate_cnf] Generating formula qspiflash_dualflexpress_divfive-p050 with K=132
[2025-12-12 08:11:30] [run_formula] Running formula qspiflash_dualflexpress_divfive-p050 with K=132 up to limit 1600
[2025-12-12 08:11:39] [generate_cnf] Generating formula qspiflash_dualflexpress_divfive-p050 with K=133
[2025-12-12 08:11:40] [run_formula] Running formula qspiflash_dualflexpress_divfive-p050 with K=133 up to limit 1600
[2025-12-12 08:11:49] [generate_cnf] Generating formula qspiflash_dualflexpress_divfive-p050 with K=134
[2025-12-12 08:11:49] [run_formula] Running formula qspiflash_dualflexpress_divfive-p050 with K=134 up to limit 1600
[2025-12-12 08:11:57] [generate_cnf] Generating formula qspiflash_dualflexpress_divfive-p050 with K=135
[2025-12-12 08:11:58] [run_formula] Running formula qspiflash_dualflexpress_divfive-p050 with K=135 up to limit 1600
[2025-12-12 08:12:08] [generate_cnf] Generating formula qspiflash_dualflexpress_divfive-p050 with K=136
[2025-12-12 08:12:09] [run_formula] Running formula qspiflash_dualflexpress_divfive-p050 with K=136 up to limit 1600
[2025-12-12 08:12:19] [generate_cnf] Generating formula qspiflash_dualflexpress_divfive-p050 with K=137
[2025-12-12 08:12:19] [run_formula] Running formula qspiflash_dualflexpress_divfive-p050 with K=137 up to limit 1600
[2025-12-12 08:12:27] [generate_cnf] Generating formula qspiflash_dualflexpress_divfive-p050 with K=138
[2025-12-12 08:12:28] [run_formula] Running formula qspiflash_dualflexpress_divfive-p050 with K=138 up to limit 1600
[2025-12-12 08:12:37] [generate_cnf] Generating formula qspiflash_dualflexpress_divfive-p050 with K=139
[2025-12-12 08:12:38] [run_formula] Running formula qspiflash_dualflexpress_divfive-p050 with K=139 up to limit 1600
[2025-12-12 08:12:51] [generate_cnf] Generating formula qspiflash_dualflexpress_divfive-p050 with K=140
[2025-12-12 08:12:52] [run_formula] Running formula qspiflash_dualflexpress_divfive-p050 with K=140 up to limit 1600
[2025-12-12 08:13:04] [generate_cnf] Generating formula qspiflash_dualflexpress_divfive-p050 with K=141
[2025-12-12 08:13:05] [run_formula] Running formula qspiflash_dualflexpress_divfive-p050 with K=141 up to limit 1600
[2025-12-12 08:13:14] [generate_cnf] Generating formula qspiflash_dualflexpress_divfive-p050 with K=142
[2025-12-12 08:13:15] [run_formula] Running formula qspiflash_dualflexpress_divfive-p050 with K=142 up to limit 1600
[2025-12-12 08:13:27] [generate_cnf] Generating formula qspiflash_dualflexpress_divfive-p050 with K=143
[2025-12-12 08:13:27] [run_formula] Running formula qspiflash_dualflexpress_divfive-p050 with K=143 up to limit 1600
[2025-12-12 08:13:37] [generate_cnf] Generating formula qspiflash_dualflexpress_divfive-p050 with K=144
[2025-12-12 08:13:38] [run_formula] Running formula qspiflash_dualflexpress_divfive-p050 with K=144 up to limit 1600
[2025-12-12 08:13:49] [generate_cnf] Generating formula qspiflash_dualflexpress_divfive-p050 with K=145
[2025-12-12 08:13:50] [run_formula] Running formula qspiflash_dualflexpress_divfive-p050 with K=145 up to limit 1600
[2025-12-12 08:14:02] [generate_cnf] Generating formula qspiflash_dualflexpress_divfive-p050 with K=146
[2025-12-12 08:14:03] [run_formula] Running formula qspiflash_dualflexpress_divfive-p050 with K=146 up to limit 1600
[2025-12-12 08:14:14] [generate_cnf] Generating formula qspiflash_dualflexpress_divfive-p050 with K=147
[2025-12-12 08:14:15] [run_formula] Running formula qspiflash_dualflexpress_divfive-p050 with K=147 up to limit 1600
[2025-12-12 08:14:25] [generate_cnf] Generating formula qspiflash_dualflexpress_divfive-p050 with K=148
[2025-12-12 08:14:26] [run_formula] Running formula qspiflash_dualflexpress_divfive-p050 with K=148 up to limit 1600
[2025-12-12 08:14:37] [generate_cnf] Generating formula qspiflash_dualflexpress_divfive-p050 with K=149
[2025-12-12 08:14:38] [run_formula] Running formula qspiflash_dualflexpress_divfive-p050 with K=149 up to limit 1600
[2025-12-12 08:14:48] [generate_cnf] Generating formula qspiflash_dualflexpress_divfive-p050 with K=150
[2025-12-12 08:14:49] [run_formula] Running formula qspiflash_dualflexpress_divfive-p050 with K=150 up to limit 1600
[2025-12-12 08:15:01] [generate_cnf] Generating formula qspiflash_dualflexpress_divfive-p050 with K=151
[2025-12-12 08:15:02] [run_formula] Running formula qspiflash_dualflexpress_divfive-p050 with K=151 up to limit 1600
[2025-12-12 08:15:16] [generate_cnf] Generating formula qspiflash_dualflexpress_divfive-p050 with K=152
[2025-12-12 08:15:17] [run_formula] Running formula qspiflash_dualflexpress_divfive-p050 with K=152 up to limit 1600
[2025-12-12 08:15:27] [generate_cnf] Generating formula qspiflash_dualflexpress_divfive-p050 with K=153
[2025-12-12 08:15:28] [run_formula] Running formula qspiflash_dualflexpress_divfive-p050 with K=153 up to limit 1600
[2025-12-12 08:15:40] [generate_cnf] Generating formula qspiflash_dualflexpress_divfive-p050 with K=154
[2025-12-12 08:15:41] [run_formula] Running formula qspiflash_dualflexpress_divfive-p050 with K=154 up to limit 1600
[2025-12-12 08:15:53] [generate_cnf] Generating formula qspiflash_dualflexpress_divfive-p050 with K=155
[2025-12-12 08:15:54] [run_formula] Running formula qspiflash_dualflexpress_divfive-p050 with K=155 up to limit 1600
[2025-12-12 08:16:06] [generate_cnf] Generating formula qspiflash_dualflexpress_divfive-p050 with K=156
[2025-12-12 08:16:07] [run_formula] Running formula qspiflash_dualflexpress_divfive-p050 with K=156 up to limit 1600
[2025-12-12 08:16:20] [generate_cnf] Generating formula qspiflash_dualflexpress_divfive-p050 with K=157
[2025-12-12 08:16:21] [run_formula] Running formula qspiflash_dualflexpress_divfive-p050 with K=157 up to limit 1600
[2025-12-12 08:16:34] [generate_cnf] Generating formula qspiflash_dualflexpress_divfive-p050 with K=158
[2025-12-12 08:16:35] [run_formula] Running formula qspiflash_dualflexpress_divfive-p050 with K=158 up to limit 1600
[2025-12-12 08:16:49] [generate_cnf] Generating formula qspiflash_dualflexpress_divfive-p050 with K=159
[2025-12-12 08:16:50] [run_formula] Running formula qspiflash_dualflexpress_divfive-p050 with K=159 up to limit 1600
[2025-12-12 08:17:05] [generate_cnf] Generating formula qspiflash_dualflexpress_divfive-p050 with K=160
[2025-12-12 08:17:06] [run_formula] Running formula qspiflash_dualflexpress_divfive-p050 with K=160 up to limit 1600
[2025-12-12 08:17:19] [generate_cnf] Generating formula qspiflash_dualflexpress_divfive-p050 with K=161
[2025-12-12 08:17:20] [run_formula] Running formula qspiflash_dualflexpress_divfive-p050 with K=161 up to limit 1600
[2025-12-12 08:17:32] [generate_cnf] Generating formula qspiflash_dualflexpress_divfive-p050 with K=162
[2025-12-12 08:17:33] [run_formula] Running formula qspiflash_dualflexpress_divfive-p050 with K=162 up to limit 1600
[2025-12-12 08:17:46] [generate_cnf] Generating formula qspiflash_dualflexpress_divfive-p050 with K=163
[2025-12-12 08:17:47] [run_formula] Running formula qspiflash_dualflexpress_divfive-p050 with K=163 up to limit 1600
[2025-12-12 08:17:59] [generate_cnf] Generating formula qspiflash_dualflexpress_divfive-p050 with K=164
[2025-12-12 08:18:00] [run_formula] Running formula qspiflash_dualflexpress_divfive-p050 with K=164 up to limit 1600
[2025-12-12 08:18:14] [generate_cnf] Generating formula qspiflash_dualflexpress_divfive-p050 with K=165
[2025-12-12 08:18:15] [run_formula] Running formula qspiflash_dualflexpress_divfive-p050 with K=165 up to limit 1600
[2025-12-12 08:18:29] [generate_cnf] Generating formula qspiflash_dualflexpress_divfive-p050 with K=166
[2025-12-12 08:18:30] [run_formula] Running formula qspiflash_dualflexpress_divfive-p050 with K=166 up to limit 1600
[2025-12-12 08:18:44] [generate_cnf] Generating formula qspiflash_dualflexpress_divfive-p050 with K=167
[2025-12-12 08:18:45] [run_formula] Running formula qspiflash_dualflexpress_divfive-p050 with K=167 up to limit 1600
[2025-12-12 08:18:59] [generate_cnf] Generating formula qspiflash_dualflexpress_divfive-p050 with K=168
[2025-12-12 08:19:00] [run_formula] Running formula qspiflash_dualflexpress_divfive-p050 with K=168 up to limit 1600
[2025-12-12 08:19:17] [generate_cnf] Generating formula qspiflash_dualflexpress_divfive-p050 with K=169
[2025-12-12 08:19:18] [run_formula] Running formula qspiflash_dualflexpress_divfive-p050 with K=169 up to limit 1600
[2025-12-12 08:19:34] [generate_cnf] Generating formula qspiflash_dualflexpress_divfive-p050 with K=170
[2025-12-12 08:19:35] [run_formula] Running formula qspiflash_dualflexpress_divfive-p050 with K=170 up to limit 1600
[2025-12-12 08:19:53] [generate_cnf] Generating formula qspiflash_dualflexpress_divfive-p050 with K=171
[2025-12-12 08:19:54] [run_formula] Running formula qspiflash_dualflexpress_divfive-p050 with K=171 up to limit 1600
[2025-12-12 08:20:08] [generate_cnf] Generating formula qspiflash_dualflexpress_divfive-p050 with K=172
[2025-12-12 08:20:09] [run_formula] Running formula qspiflash_dualflexpress_divfive-p050 with K=172 up to limit 1600
[2025-12-12 08:20:21] [generate_cnf] Generating formula qspiflash_dualflexpress_divfive-p050 with K=173
[2025-12-12 08:20:22] [run_formula] Running formula qspiflash_dualflexpress_divfive-p050 with K=173 up to limit 1600
[2025-12-12 08:20:39] [generate_cnf] Generating formula qspiflash_dualflexpress_divfive-p050 with K=174
[2025-12-12 08:20:40] [run_formula] Running formula qspiflash_dualflexpress_divfive-p050 with K=174 up to limit 1600
[2025-12-12 08:21:03] [generate_cnf] Generating formula qspiflash_dualflexpress_divfive-p050 with K=175
[2025-12-12 08:21:04] [run_formula] Running formula qspiflash_dualflexpress_divfive-p050 with K=175 up to limit 1600
[2025-12-12 08:21:20] [generate_cnf] Generating formula qspiflash_dualflexpress_divfive-p050 with K=176
[2025-12-12 08:21:21] [run_formula] Running formula qspiflash_dualflexpress_divfive-p050 with K=176 up to limit 1600
[2025-12-12 08:21:37] [generate_cnf] Generating formula qspiflash_dualflexpress_divfive-p050 with K=177
[2025-12-12 08:21:38] [run_formula] Running formula qspiflash_dualflexpress_divfive-p050 with K=177 up to limit 1600
[2025-12-12 08:21:55] [generate_cnf] Generating formula qspiflash_dualflexpress_divfive-p050 with K=178
[2025-12-12 08:21:56] [run_formula] Running formula qspiflash_dualflexpress_divfive-p050 with K=178 up to limit 1600
[2025-12-12 08:22:12] [generate_cnf] Generating formula qspiflash_dualflexpress_divfive-p050 with K=179
[2025-12-12 08:22:14] [run_formula] Running formula qspiflash_dualflexpress_divfive-p050 with K=179 up to limit 1600
[2025-12-12 08:22:35] [generate_cnf] Generating formula qspiflash_dualflexpress_divfive-p050 with K=180
[2025-12-12 08:22:36] [run_formula] Running formula qspiflash_dualflexpress_divfive-p050 with K=180 up to limit 1600
[2025-12-12 08:22:51] [generate_cnf] Generating formula qspiflash_dualflexpress_divfive-p050 with K=181
[2025-12-12 08:22:52] [run_formula] Running formula qspiflash_dualflexpress_divfive-p050 with K=181 up to limit 1600
[2025-12-12 08:23:07] [generate_cnf] Generating formula qspiflash_dualflexpress_divfive-p050 with K=182
[2025-12-12 08:23:08] [run_formula] Running formula qspiflash_dualflexpress_divfive-p050 with K=182 up to limit 1600
[2025-12-12 08:23:25] [generate_cnf] Generating formula qspiflash_dualflexpress_divfive-p050 with K=183
[2025-12-12 08:23:27] [run_formula] Running formula qspiflash_dualflexpress_divfive-p050 with K=183 up to limit 1600
[2025-12-12 08:23:44] [generate_cnf] Generating formula qspiflash_dualflexpress_divfive-p050 with K=184
[2025-12-12 08:23:45] [run_formula] Running formula qspiflash_dualflexpress_divfive-p050 with K=184 up to limit 1600
[2025-12-12 08:24:06] [generate_cnf] Generating formula qspiflash_dualflexpress_divfive-p050 with K=185
[2025-12-12 08:24:07] [run_formula] Running formula qspiflash_dualflexpress_divfive-p050 with K=185 up to limit 1600
[2025-12-12 08:24:27] [generate_cnf] Generating formula qspiflash_dualflexpress_divfive-p050 with K=186
[2025-12-12 08:24:28] [run_formula] Running formula qspiflash_dualflexpress_divfive-p050 with K=186 up to limit 1600
[2025-12-12 08:24:45] [generate_cnf] Generating formula qspiflash_dualflexpress_divfive-p050 with K=187
[2025-12-12 08:24:46] [run_formula] Running formula qspiflash_dualflexpress_divfive-p050 with K=187 up to limit 1600
[2025-12-12 08:25:04] [generate_cnf] Generating formula qspiflash_dualflexpress_divfive-p050 with K=188
[2025-12-12 08:25:05] [run_formula] Running formula qspiflash_dualflexpress_divfive-p050 with K=188 up to limit 1600
[2025-12-12 08:25:25] [generate_cnf] Generating formula qspiflash_dualflexpress_divfive-p050 with K=189
[2025-12-12 08:25:26] [run_formula] Running formula qspiflash_dualflexpress_divfive-p050 with K=189 up to limit 1600
[2025-12-12 08:25:47] [generate_cnf] Generating formula qspiflash_dualflexpress_divfive-p050 with K=190
[2025-12-12 08:25:48] [run_formula] Running formula qspiflash_dualflexpress_divfive-p050 with K=190 up to limit 1600
[2025-12-12 08:26:09] [generate_cnf] Generating formula qspiflash_dualflexpress_divfive-p050 with K=191
[2025-12-12 08:26:11] [run_formula] Running formula qspiflash_dualflexpress_divfive-p050 with K=191 up to limit 1600
[2025-12-12 08:26:29] [generate_cnf] Generating formula qspiflash_dualflexpress_divfive-p050 with K=192
[2025-12-12 08:26:31] [run_formula] Running formula qspiflash_dualflexpress_divfive-p050 with K=192 up to limit 1600
[2025-12-12 08:26:55] [generate_cnf] Generating formula qspiflash_dualflexpress_divfive-p050 with K=193
[2025-12-12 08:26:56] [run_formula] Running formula qspiflash_dualflexpress_divfive-p050 with K=193 up to limit 1600
[2025-12-12 08:27:15] [generate_cnf] Generating formula qspiflash_dualflexpress_divfive-p050 with K=194
[2025-12-12 08:27:16] [run_formula] Running formula qspiflash_dualflexpress_divfive-p050 with K=194 up to limit 1600
[2025-12-12 08:27:35] [generate_cnf] Generating formula qspiflash_dualflexpress_divfive-p050 with K=195
[2025-12-12 08:27:37] [run_formula] Running formula qspiflash_dualflexpress_divfive-p050 with K=195 up to limit 1600
[2025-12-12 08:27:55] [generate_cnf] Generating formula qspiflash_dualflexpress_divfive-p050 with K=196
[2025-12-12 08:27:56] [run_formula] Running formula qspiflash_dualflexpress_divfive-p050 with K=196 up to limit 1600
[2025-12-12 08:28:22] [run_formula] Error running formula qspiflash_dualflexpress_divfive-p050 with K=196: [Errno 122] Disk quota exceeded: './results/solving_logs/qspiflash_dualflexpress_divfive-p050//qspiflash_dualflexpress_divfive-p050.196.log'
[2025-12-12 08:28:22] [generate_and_run_up_to_limit] Failed to run formula qspiflash_dualflexpress_divfive-p050 with K=196, halting
