CNF written.
CNF written.
CNF written.
CNF written.
CNF written.
CNF written.
CNF written.
CNF written.
CNF written.
CNF written.
CNF written.
CNF written.
CNF written.
CNF written.
CNF written.
CNF written.
CNF written.
CNF written.
CNF written.
CNF written.
CNF written.
CNF written.
CNF written.
CNF written.
CNF written.
CNF written.
CNF written.
CNF written.
CNF written.
CNF written.
CNF written.
CNF written.
CNF written.
CNF written.
CNF written.
CNF written.
CNF written.
CNF written.
CNF written.
CNF written.
CNF written.
CNF written.
CNF written.
CNF written.
CNF written.
CNF written.
CNF written.
CNF written.
CNF written.
CNF written.
CNF written.
CNF written.
CNF written.
CNF written.
CNF written.
CNF written.
CNF written.
CNF written.
CNF written.
CNF written.
CNF written.
CNF written.
CNF written.
CNF written.
CNF written.
CNF written.
CNF written.
CNF written.
CNF written.
CNF written.
CNF written.
CNF written.
CNF written.
CNF written.
CNF written.
CNF written.
CNF written.
CNF written.
CNF written.
CNF written.
CNF written.
CNF written.
CNF written.
CNF written.
CNF written.
CNF written.
CNF written.
CNF written.
CNF written.
CNF written.
CNF written.
CNF written.
CNF written.
CNF written.
CNF written.
CNF written.
CNF written.
CNF written.
CNF written.
CNF written.
CNF written.
CNF written.
CNF written.
CNF written.
CNF written.
CNF written.
CNF written.
CNF written.
CNF written.
CNF written.
CNF written.
CNF written.
CNF written.
CNF written.
CNF written.
CNF written.
CNF written.
CNF written.
CNF written.
CNF written.
CNF written.
CNF written.
CNF written.
CNF written.
CNF written.
CNF written.
CNF written.
CNF written.
CNF written.
CNF written.
CNF written.
CNF written.
CNF written.
CNF written.
CNF written.
CNF written.
CNF written.
CNF written.
CNF written.
CNF written.
CNF written.
CNF written.
CNF written.
CNF written.
CNF written.
CNF written.
CNF written.
CNF written.
CNF written.
CNF written.
CNF written.
CNF written.
CNF written.
CNF written.
CNF written.
CNF written.
CNF written.
CNF written.
CNF written.
CNF written.
CNF written.
CNF written.
CNF written.
CNF written.
CNF written.
CNF written.
CNF written.
CNF written.
CNF written.
CNF written.
CNF written.
CNF written.
CNF written.
CNF written.
CNF written.
CNF written.
CNF written.
CNF written.
CNF written.
CNF written.
CNF written.
CNF written.
CNF written.
CNF written.
CNF written.
CNF written.
CNF written.
CNF written.
CNF written.
CNF written.
CNF written.
CNF written.
CNF written.
CNF written.
CNF written.
CNF written.
CNF written.
CNF written.
CNF written.
CNF written.
CNF written.
CNF written.
CNF written.
CNF written.
CNF written.
CNF written.
CNF written.
CNF written.
CNF written.
CNF written.
CNF written.
CNF written.
CNF written.
CNF written.
CNF written.
CNF written.
CNF written.
CNF written.
CNF written.
CNF written.
CNF written.
CNF written.
CNF written.
CNF written.
CNF written.
CNF written.
CNF written.
CNF written.
CNF written.
CNF written.
CNF written.
CNF written.
CNF written.
CNF written.
CNF written.
CNF written.
CNF written.
CNF written.
CNF written.
CNF written.
CNF written.
CNF written.
CNF written.
CNF written.
CNF written.
CNF written.
CNF written.
CNF written.
CNF written.
CNF written.
CNF written.
CNF written.
CNF written.
CNF written.
CNF written.
CNF written.
[2025-12-12 07:03:56] [generate_and_run_up_to_limit] Generating and running qspiflash_qflexpress_divfive-p139 with K<=500 up to limit 1600
[2025-12-12 07:03:56] [generate_cnf] Generating formula qspiflash_qflexpress_divfive-p139 with K=1
[2025-12-12 07:03:56] [run_formula] Running formula qspiflash_qflexpress_divfive-p139 with K=1 up to limit 1600
[2025-12-12 07:03:56] [generate_cnf] Generating formula qspiflash_qflexpress_divfive-p139 with K=2
[2025-12-12 07:03:56] [run_formula] Running formula qspiflash_qflexpress_divfive-p139 with K=2 up to limit 1600
[2025-12-12 07:03:56] [generate_cnf] Generating formula qspiflash_qflexpress_divfive-p139 with K=3
[2025-12-12 07:03:56] [run_formula] Running formula qspiflash_qflexpress_divfive-p139 with K=3 up to limit 1600
[2025-12-12 07:03:56] [generate_cnf] Generating formula qspiflash_qflexpress_divfive-p139 with K=4
[2025-12-12 07:03:56] [run_formula] Running formula qspiflash_qflexpress_divfive-p139 with K=4 up to limit 1600
[2025-12-12 07:03:56] [generate_cnf] Generating formula qspiflash_qflexpress_divfive-p139 with K=5
[2025-12-12 07:03:56] [run_formula] Running formula qspiflash_qflexpress_divfive-p139 with K=5 up to limit 1600
[2025-12-12 07:03:56] [generate_cnf] Generating formula qspiflash_qflexpress_divfive-p139 with K=6
[2025-12-12 07:03:56] [run_formula] Running formula qspiflash_qflexpress_divfive-p139 with K=6 up to limit 1600
[2025-12-12 07:03:56] [generate_cnf] Generating formula qspiflash_qflexpress_divfive-p139 with K=7
[2025-12-12 07:03:56] [run_formula] Running formula qspiflash_qflexpress_divfive-p139 with K=7 up to limit 1600
[2025-12-12 07:03:56] [generate_cnf] Generating formula qspiflash_qflexpress_divfive-p139 with K=8
[2025-12-12 07:03:56] [run_formula] Running formula qspiflash_qflexpress_divfive-p139 with K=8 up to limit 1600
[2025-12-12 07:03:56] [generate_cnf] Generating formula qspiflash_qflexpress_divfive-p139 with K=9
[2025-12-12 07:03:57] [run_formula] Running formula qspiflash_qflexpress_divfive-p139 with K=9 up to limit 1600
[2025-12-12 07:03:57] [generate_cnf] Generating formula qspiflash_qflexpress_divfive-p139 with K=10
[2025-12-12 07:03:57] [run_formula] Running formula qspiflash_qflexpress_divfive-p139 with K=10 up to limit 1600
[2025-12-12 07:03:57] [generate_cnf] Generating formula qspiflash_qflexpress_divfive-p139 with K=11
[2025-12-12 07:03:57] [run_formula] Running formula qspiflash_qflexpress_divfive-p139 with K=11 up to limit 1600
[2025-12-12 07:03:57] [generate_cnf] Generating formula qspiflash_qflexpress_divfive-p139 with K=12
[2025-12-12 07:03:57] [run_formula] Running formula qspiflash_qflexpress_divfive-p139 with K=12 up to limit 1600
[2025-12-12 07:03:57] [generate_cnf] Generating formula qspiflash_qflexpress_divfive-p139 with K=13
[2025-12-12 07:03:57] [run_formula] Running formula qspiflash_qflexpress_divfive-p139 with K=13 up to limit 1600
[2025-12-12 07:03:57] [generate_cnf] Generating formula qspiflash_qflexpress_divfive-p139 with K=14
[2025-12-12 07:03:57] [run_formula] Running formula qspiflash_qflexpress_divfive-p139 with K=14 up to limit 1600
[2025-12-12 07:03:57] [generate_cnf] Generating formula qspiflash_qflexpress_divfive-p139 with K=15
[2025-12-12 07:03:57] [run_formula] Running formula qspiflash_qflexpress_divfive-p139 with K=15 up to limit 1600
[2025-12-12 07:03:58] [generate_cnf] Generating formula qspiflash_qflexpress_divfive-p139 with K=16
[2025-12-12 07:03:58] [run_formula] Running formula qspiflash_qflexpress_divfive-p139 with K=16 up to limit 1600
[2025-12-12 07:03:58] [generate_cnf] Generating formula qspiflash_qflexpress_divfive-p139 with K=17
[2025-12-12 07:03:58] [run_formula] Running formula qspiflash_qflexpress_divfive-p139 with K=17 up to limit 1600
[2025-12-12 07:03:58] [generate_cnf] Generating formula qspiflash_qflexpress_divfive-p139 with K=18
[2025-12-12 07:03:58] [run_formula] Running formula qspiflash_qflexpress_divfive-p139 with K=18 up to limit 1600
[2025-12-12 07:03:58] [generate_cnf] Generating formula qspiflash_qflexpress_divfive-p139 with K=19
[2025-12-12 07:03:58] [run_formula] Running formula qspiflash_qflexpress_divfive-p139 with K=19 up to limit 1600
[2025-12-12 07:03:58] [generate_cnf] Generating formula qspiflash_qflexpress_divfive-p139 with K=20
[2025-12-12 07:03:59] [run_formula] Running formula qspiflash_qflexpress_divfive-p139 with K=20 up to limit 1600
[2025-12-12 07:03:59] [generate_cnf] Generating formula qspiflash_qflexpress_divfive-p139 with K=21
[2025-12-12 07:03:59] [run_formula] Running formula qspiflash_qflexpress_divfive-p139 with K=21 up to limit 1600
[2025-12-12 07:03:59] [generate_cnf] Generating formula qspiflash_qflexpress_divfive-p139 with K=22
[2025-12-12 07:03:59] [run_formula] Running formula qspiflash_qflexpress_divfive-p139 with K=22 up to limit 1600
[2025-12-12 07:03:59] [generate_cnf] Generating formula qspiflash_qflexpress_divfive-p139 with K=23
[2025-12-12 07:03:59] [run_formula] Running formula qspiflash_qflexpress_divfive-p139 with K=23 up to limit 1600
[2025-12-12 07:04:00] [generate_cnf] Generating formula qspiflash_qflexpress_divfive-p139 with K=24
[2025-12-12 07:04:00] [run_formula] Running formula qspiflash_qflexpress_divfive-p139 with K=24 up to limit 1600
[2025-12-12 07:04:00] [generate_cnf] Generating formula qspiflash_qflexpress_divfive-p139 with K=25
[2025-12-12 07:04:00] [run_formula] Running formula qspiflash_qflexpress_divfive-p139 with K=25 up to limit 1600
[2025-12-12 07:04:00] [generate_cnf] Generating formula qspiflash_qflexpress_divfive-p139 with K=26
[2025-12-12 07:04:00] [run_formula] Running formula qspiflash_qflexpress_divfive-p139 with K=26 up to limit 1600
[2025-12-12 07:04:00] [generate_cnf] Generating formula qspiflash_qflexpress_divfive-p139 with K=27
[2025-12-12 07:04:01] [run_formula] Running formula qspiflash_qflexpress_divfive-p139 with K=27 up to limit 1600
[2025-12-12 07:04:01] [generate_cnf] Generating formula qspiflash_qflexpress_divfive-p139 with K=28
[2025-12-12 07:04:01] [run_formula] Running formula qspiflash_qflexpress_divfive-p139 with K=28 up to limit 1600
[2025-12-12 07:04:01] [generate_cnf] Generating formula qspiflash_qflexpress_divfive-p139 with K=29
[2025-12-12 07:04:01] [run_formula] Running formula qspiflash_qflexpress_divfive-p139 with K=29 up to limit 1600
[2025-12-12 07:04:02] [generate_cnf] Generating formula qspiflash_qflexpress_divfive-p139 with K=30
[2025-12-12 07:04:02] [run_formula] Running formula qspiflash_qflexpress_divfive-p139 with K=30 up to limit 1600
[2025-12-12 07:04:02] [generate_cnf] Generating formula qspiflash_qflexpress_divfive-p139 with K=31
[2025-12-12 07:04:02] [run_formula] Running formula qspiflash_qflexpress_divfive-p139 with K=31 up to limit 1600
[2025-12-12 07:04:03] [generate_cnf] Generating formula qspiflash_qflexpress_divfive-p139 with K=32
[2025-12-12 07:04:03] [run_formula] Running formula qspiflash_qflexpress_divfive-p139 with K=32 up to limit 1600
[2025-12-12 07:04:03] [generate_cnf] Generating formula qspiflash_qflexpress_divfive-p139 with K=33
[2025-12-12 07:04:03] [run_formula] Running formula qspiflash_qflexpress_divfive-p139 with K=33 up to limit 1600
[2025-12-12 07:04:04] [generate_cnf] Generating formula qspiflash_qflexpress_divfive-p139 with K=34
[2025-12-12 07:04:04] [run_formula] Running formula qspiflash_qflexpress_divfive-p139 with K=34 up to limit 1600
[2025-12-12 07:04:04] [generate_cnf] Generating formula qspiflash_qflexpress_divfive-p139 with K=35
[2025-12-12 07:04:04] [run_formula] Running formula qspiflash_qflexpress_divfive-p139 with K=35 up to limit 1600
[2025-12-12 07:04:05] [generate_cnf] Generating formula qspiflash_qflexpress_divfive-p139 with K=36
[2025-12-12 07:04:05] [run_formula] Running formula qspiflash_qflexpress_divfive-p139 with K=36 up to limit 1600
[2025-12-12 07:04:06] [generate_cnf] Generating formula qspiflash_qflexpress_divfive-p139 with K=37
[2025-12-12 07:04:06] [run_formula] Running formula qspiflash_qflexpress_divfive-p139 with K=37 up to limit 1600
[2025-12-12 07:04:06] [generate_cnf] Generating formula qspiflash_qflexpress_divfive-p139 with K=38
[2025-12-12 07:04:07] [run_formula] Running formula qspiflash_qflexpress_divfive-p139 with K=38 up to limit 1600
[2025-12-12 07:04:08] [generate_cnf] Generating formula qspiflash_qflexpress_divfive-p139 with K=39
[2025-12-12 07:04:08] [run_formula] Running formula qspiflash_qflexpress_divfive-p139 with K=39 up to limit 1600
[2025-12-12 07:04:08] [generate_cnf] Generating formula qspiflash_qflexpress_divfive-p139 with K=40
[2025-12-12 07:04:09] [run_formula] Running formula qspiflash_qflexpress_divfive-p139 with K=40 up to limit 1600
[2025-12-12 07:04:09] [generate_cnf] Generating formula qspiflash_qflexpress_divfive-p139 with K=41
[2025-12-12 07:04:10] [run_formula] Running formula qspiflash_qflexpress_divfive-p139 with K=41 up to limit 1600
[2025-12-12 07:04:10] [generate_cnf] Generating formula qspiflash_qflexpress_divfive-p139 with K=42
[2025-12-12 07:04:11] [run_formula] Running formula qspiflash_qflexpress_divfive-p139 with K=42 up to limit 1600
[2025-12-12 07:04:12] [generate_cnf] Generating formula qspiflash_qflexpress_divfive-p139 with K=43
[2025-12-12 07:04:12] [run_formula] Running formula qspiflash_qflexpress_divfive-p139 with K=43 up to limit 1600
[2025-12-12 07:04:13] [generate_cnf] Generating formula qspiflash_qflexpress_divfive-p139 with K=44
[2025-12-12 07:04:13] [run_formula] Running formula qspiflash_qflexpress_divfive-p139 with K=44 up to limit 1600
[2025-12-12 07:04:14] [generate_cnf] Generating formula qspiflash_qflexpress_divfive-p139 with K=45
[2025-12-12 07:04:15] [run_formula] Running formula qspiflash_qflexpress_divfive-p139 with K=45 up to limit 1600
[2025-12-12 07:04:16] [generate_cnf] Generating formula qspiflash_qflexpress_divfive-p139 with K=46
[2025-12-12 07:04:16] [run_formula] Running formula qspiflash_qflexpress_divfive-p139 with K=46 up to limit 1600
[2025-12-12 07:04:17] [generate_cnf] Generating formula qspiflash_qflexpress_divfive-p139 with K=47
[2025-12-12 07:04:18] [run_formula] Running formula qspiflash_qflexpress_divfive-p139 with K=47 up to limit 1600
[2025-12-12 07:04:19] [generate_cnf] Generating formula qspiflash_qflexpress_divfive-p139 with K=48
[2025-12-12 07:04:20] [run_formula] Running formula qspiflash_qflexpress_divfive-p139 with K=48 up to limit 1600
[2025-12-12 07:04:21] [generate_cnf] Generating formula qspiflash_qflexpress_divfive-p139 with K=49
[2025-12-12 07:04:22] [run_formula] Running formula qspiflash_qflexpress_divfive-p139 with K=49 up to limit 1600
[2025-12-12 07:04:23] [generate_cnf] Generating formula qspiflash_qflexpress_divfive-p139 with K=50
[2025-12-12 07:04:24] [run_formula] Running formula qspiflash_qflexpress_divfive-p139 with K=50 up to limit 1600
[2025-12-12 07:04:26] [generate_cnf] Generating formula qspiflash_qflexpress_divfive-p139 with K=51
[2025-12-12 07:04:26] [run_formula] Running formula qspiflash_qflexpress_divfive-p139 with K=51 up to limit 1600
[2025-12-12 07:04:28] [generate_cnf] Generating formula qspiflash_qflexpress_divfive-p139 with K=52
[2025-12-12 07:04:28] [run_formula] Running formula qspiflash_qflexpress_divfive-p139 with K=52 up to limit 1600
[2025-12-12 07:04:30] [generate_cnf] Generating formula qspiflash_qflexpress_divfive-p139 with K=53
[2025-12-12 07:04:30] [run_formula] Running formula qspiflash_qflexpress_divfive-p139 with K=53 up to limit 1600
[2025-12-12 07:04:33] [generate_cnf] Generating formula qspiflash_qflexpress_divfive-p139 with K=54
[2025-12-12 07:04:33] [run_formula] Running formula qspiflash_qflexpress_divfive-p139 with K=54 up to limit 1600
[2025-12-12 07:04:35] [generate_cnf] Generating formula qspiflash_qflexpress_divfive-p139 with K=55
[2025-12-12 07:04:35] [run_formula] Running formula qspiflash_qflexpress_divfive-p139 with K=55 up to limit 1600
[2025-12-12 07:04:38] [generate_cnf] Generating formula qspiflash_qflexpress_divfive-p139 with K=56
[2025-12-12 07:04:38] [run_formula] Running formula qspiflash_qflexpress_divfive-p139 with K=56 up to limit 1600
[2025-12-12 07:04:41] [generate_cnf] Generating formula qspiflash_qflexpress_divfive-p139 with K=57
[2025-12-12 07:04:41] [run_formula] Running formula qspiflash_qflexpress_divfive-p139 with K=57 up to limit 1600
[2025-12-12 07:04:43] [generate_cnf] Generating formula qspiflash_qflexpress_divfive-p139 with K=58
[2025-12-12 07:04:44] [run_formula] Running formula qspiflash_qflexpress_divfive-p139 with K=58 up to limit 1600
[2025-12-12 07:04:47] [generate_cnf] Generating formula qspiflash_qflexpress_divfive-p139 with K=59
[2025-12-12 07:04:47] [run_formula] Running formula qspiflash_qflexpress_divfive-p139 with K=59 up to limit 1600
[2025-12-12 07:04:50] [generate_cnf] Generating formula qspiflash_qflexpress_divfive-p139 with K=60
[2025-12-12 07:04:50] [run_formula] Running formula qspiflash_qflexpress_divfive-p139 with K=60 up to limit 1600
[2025-12-12 07:04:53] [generate_cnf] Generating formula qspiflash_qflexpress_divfive-p139 with K=61
[2025-12-12 07:04:54] [run_formula] Running formula qspiflash_qflexpress_divfive-p139 with K=61 up to limit 1600
[2025-12-12 07:04:56] [generate_cnf] Generating formula qspiflash_qflexpress_divfive-p139 with K=62
[2025-12-12 07:04:57] [run_formula] Running formula qspiflash_qflexpress_divfive-p139 with K=62 up to limit 1600
[2025-12-12 07:04:59] [generate_cnf] Generating formula qspiflash_qflexpress_divfive-p139 with K=63
[2025-12-12 07:05:00] [run_formula] Running formula qspiflash_qflexpress_divfive-p139 with K=63 up to limit 1600
[2025-12-12 07:05:03] [generate_cnf] Generating formula qspiflash_qflexpress_divfive-p139 with K=64
[2025-12-12 07:05:03] [run_formula] Running formula qspiflash_qflexpress_divfive-p139 with K=64 up to limit 1600
[2025-12-12 07:05:06] [generate_cnf] Generating formula qspiflash_qflexpress_divfive-p139 with K=65
[2025-12-12 07:05:07] [run_formula] Running formula qspiflash_qflexpress_divfive-p139 with K=65 up to limit 1600
[2025-12-12 07:05:10] [generate_cnf] Generating formula qspiflash_qflexpress_divfive-p139 with K=66
[2025-12-12 07:05:10] [run_formula] Running formula qspiflash_qflexpress_divfive-p139 with K=66 up to limit 1600
[2025-12-12 07:05:14] [generate_cnf] Generating formula qspiflash_qflexpress_divfive-p139 with K=67
[2025-12-12 07:05:15] [run_formula] Running formula qspiflash_qflexpress_divfive-p139 with K=67 up to limit 1600
[2025-12-12 07:05:19] [generate_cnf] Generating formula qspiflash_qflexpress_divfive-p139 with K=68
[2025-12-12 07:05:19] [run_formula] Running formula qspiflash_qflexpress_divfive-p139 with K=68 up to limit 1600
[2025-12-12 07:05:24] [generate_cnf] Generating formula qspiflash_qflexpress_divfive-p139 with K=69
[2025-12-12 07:05:24] [run_formula] Running formula qspiflash_qflexpress_divfive-p139 with K=69 up to limit 1600
[2025-12-12 07:05:30] [generate_cnf] Generating formula qspiflash_qflexpress_divfive-p139 with K=70
[2025-12-12 07:05:31] [run_formula] Running formula qspiflash_qflexpress_divfive-p139 with K=70 up to limit 1600
[2025-12-12 07:05:36] [generate_cnf] Generating formula qspiflash_qflexpress_divfive-p139 with K=71
[2025-12-12 07:05:36] [run_formula] Running formula qspiflash_qflexpress_divfive-p139 with K=71 up to limit 1600
[2025-12-12 07:05:41] [generate_cnf] Generating formula qspiflash_qflexpress_divfive-p139 with K=72
[2025-12-12 07:05:41] [run_formula] Running formula qspiflash_qflexpress_divfive-p139 with K=72 up to limit 1600
[2025-12-12 07:05:45] [generate_cnf] Generating formula qspiflash_qflexpress_divfive-p139 with K=73
[2025-12-12 07:05:46] [run_formula] Running formula qspiflash_qflexpress_divfive-p139 with K=73 up to limit 1600
[2025-12-12 07:05:50] [generate_cnf] Generating formula qspiflash_qflexpress_divfive-p139 with K=74
[2025-12-12 07:05:51] [run_formula] Running formula qspiflash_qflexpress_divfive-p139 with K=74 up to limit 1600
[2025-12-12 07:05:56] [generate_cnf] Generating formula qspiflash_qflexpress_divfive-p139 with K=75
[2025-12-12 07:05:57] [run_formula] Running formula qspiflash_qflexpress_divfive-p139 with K=75 up to limit 1600
[2025-12-12 07:06:02] [generate_cnf] Generating formula qspiflash_qflexpress_divfive-p139 with K=76
[2025-12-12 07:06:02] [run_formula] Running formula qspiflash_qflexpress_divfive-p139 with K=76 up to limit 1600
[2025-12-12 07:06:07] [generate_cnf] Generating formula qspiflash_qflexpress_divfive-p139 with K=77
[2025-12-12 07:06:08] [run_formula] Running formula qspiflash_qflexpress_divfive-p139 with K=77 up to limit 1600
[2025-12-12 07:06:13] [generate_cnf] Generating formula qspiflash_qflexpress_divfive-p139 with K=78
[2025-12-12 07:06:14] [run_formula] Running formula qspiflash_qflexpress_divfive-p139 with K=78 up to limit 1600
[2025-12-12 07:06:20] [generate_cnf] Generating formula qspiflash_qflexpress_divfive-p139 with K=79
[2025-12-12 07:06:20] [run_formula] Running formula qspiflash_qflexpress_divfive-p139 with K=79 up to limit 1600
[2025-12-12 07:06:26] [generate_cnf] Generating formula qspiflash_qflexpress_divfive-p139 with K=80
[2025-12-12 07:06:27] [run_formula] Running formula qspiflash_qflexpress_divfive-p139 with K=80 up to limit 1600
[2025-12-12 07:06:33] [generate_cnf] Generating formula qspiflash_qflexpress_divfive-p139 with K=81
[2025-12-12 07:06:34] [run_formula] Running formula qspiflash_qflexpress_divfive-p139 with K=81 up to limit 1600
[2025-12-12 07:06:41] [generate_cnf] Generating formula qspiflash_qflexpress_divfive-p139 with K=82
[2025-12-12 07:06:41] [run_formula] Running formula qspiflash_qflexpress_divfive-p139 with K=82 up to limit 1600
[2025-12-12 07:06:49] [generate_cnf] Generating formula qspiflash_qflexpress_divfive-p139 with K=83
[2025-12-12 07:06:49] [run_formula] Running formula qspiflash_qflexpress_divfive-p139 with K=83 up to limit 1600
[2025-12-12 07:06:57] [generate_cnf] Generating formula qspiflash_qflexpress_divfive-p139 with K=84
[2025-12-12 07:06:58] [run_formula] Running formula qspiflash_qflexpress_divfive-p139 with K=84 up to limit 1600
[2025-12-12 07:07:04] [generate_cnf] Generating formula qspiflash_qflexpress_divfive-p139 with K=85
[2025-12-12 07:07:05] [run_formula] Running formula qspiflash_qflexpress_divfive-p139 with K=85 up to limit 1600
[2025-12-12 07:07:13] [generate_cnf] Generating formula qspiflash_qflexpress_divfive-p139 with K=86
[2025-12-12 07:07:14] [run_formula] Running formula qspiflash_qflexpress_divfive-p139 with K=86 up to limit 1600
[2025-12-12 07:07:20] [generate_cnf] Generating formula qspiflash_qflexpress_divfive-p139 with K=87
[2025-12-12 07:07:21] [run_formula] Running formula qspiflash_qflexpress_divfive-p139 with K=87 up to limit 1600
[2025-12-12 07:07:29] [generate_cnf] Generating formula qspiflash_qflexpress_divfive-p139 with K=88
[2025-12-12 07:07:29] [run_formula] Running formula qspiflash_qflexpress_divfive-p139 with K=88 up to limit 1600
[2025-12-12 07:07:38] [generate_cnf] Generating formula qspiflash_qflexpress_divfive-p139 with K=89
[2025-12-12 07:07:38] [run_formula] Running formula qspiflash_qflexpress_divfive-p139 with K=89 up to limit 1600
[2025-12-12 07:07:47] [generate_cnf] Generating formula qspiflash_qflexpress_divfive-p139 with K=90
[2025-12-12 07:07:48] [run_formula] Running formula qspiflash_qflexpress_divfive-p139 with K=90 up to limit 1600
[2025-12-12 07:07:56] [generate_cnf] Generating formula qspiflash_qflexpress_divfive-p139 with K=91
[2025-12-12 07:07:57] [run_formula] Running formula qspiflash_qflexpress_divfive-p139 with K=91 up to limit 1600
[2025-12-12 07:08:05] [generate_cnf] Generating formula qspiflash_qflexpress_divfive-p139 with K=92
[2025-12-12 07:08:05] [run_formula] Running formula qspiflash_qflexpress_divfive-p139 with K=92 up to limit 1600
[2025-12-12 07:08:13] [generate_cnf] Generating formula qspiflash_qflexpress_divfive-p139 with K=93
[2025-12-12 07:08:14] [run_formula] Running formula qspiflash_qflexpress_divfive-p139 with K=93 up to limit 1600
[2025-12-12 07:08:23] [generate_cnf] Generating formula qspiflash_qflexpress_divfive-p139 with K=94
[2025-12-12 07:08:24] [run_formula] Running formula qspiflash_qflexpress_divfive-p139 with K=94 up to limit 1600
[2025-12-12 07:08:31] [generate_cnf] Generating formula qspiflash_qflexpress_divfive-p139 with K=95
[2025-12-12 07:08:32] [run_formula] Running formula qspiflash_qflexpress_divfive-p139 with K=95 up to limit 1600
[2025-12-12 07:08:41] [generate_cnf] Generating formula qspiflash_qflexpress_divfive-p139 with K=96
[2025-12-12 07:08:41] [run_formula] Running formula qspiflash_qflexpress_divfive-p139 with K=96 up to limit 1600
[2025-12-12 07:08:50] [generate_cnf] Generating formula qspiflash_qflexpress_divfive-p139 with K=97
[2025-12-12 07:08:51] [run_formula] Running formula qspiflash_qflexpress_divfive-p139 with K=97 up to limit 1600
[2025-12-12 07:09:00] [generate_cnf] Generating formula qspiflash_qflexpress_divfive-p139 with K=98
[2025-12-12 07:09:01] [run_formula] Running formula qspiflash_qflexpress_divfive-p139 with K=98 up to limit 1600
[2025-12-12 07:09:13] [generate_cnf] Generating formula qspiflash_qflexpress_divfive-p139 with K=99
[2025-12-12 07:09:14] [run_formula] Running formula qspiflash_qflexpress_divfive-p139 with K=99 up to limit 1600
[2025-12-12 07:09:23] [generate_cnf] Generating formula qspiflash_qflexpress_divfive-p139 with K=100
[2025-12-12 07:09:24] [run_formula] Running formula qspiflash_qflexpress_divfive-p139 with K=100 up to limit 1600
[2025-12-12 07:09:33] [generate_cnf] Generating formula qspiflash_qflexpress_divfive-p139 with K=101
[2025-12-12 07:09:34] [run_formula] Running formula qspiflash_qflexpress_divfive-p139 with K=101 up to limit 1600
[2025-12-12 07:09:42] [generate_cnf] Generating formula qspiflash_qflexpress_divfive-p139 with K=102
[2025-12-12 07:09:43] [run_formula] Running formula qspiflash_qflexpress_divfive-p139 with K=102 up to limit 1600
[2025-12-12 07:09:54] [generate_cnf] Generating formula qspiflash_qflexpress_divfive-p139 with K=103
[2025-12-12 07:09:55] [run_formula] Running formula qspiflash_qflexpress_divfive-p139 with K=103 up to limit 1600
[2025-12-12 07:10:05] [generate_cnf] Generating formula qspiflash_qflexpress_divfive-p139 with K=104
[2025-12-12 07:10:06] [run_formula] Running formula qspiflash_qflexpress_divfive-p139 with K=104 up to limit 1600
[2025-12-12 07:10:17] [generate_cnf] Generating formula qspiflash_qflexpress_divfive-p139 with K=105
[2025-12-12 07:10:18] [run_formula] Running formula qspiflash_qflexpress_divfive-p139 with K=105 up to limit 1600
[2025-12-12 07:10:28] [generate_cnf] Generating formula qspiflash_qflexpress_divfive-p139 with K=106
[2025-12-12 07:10:29] [run_formula] Running formula qspiflash_qflexpress_divfive-p139 with K=106 up to limit 1600
[2025-12-12 07:10:40] [generate_cnf] Generating formula qspiflash_qflexpress_divfive-p139 with K=107
[2025-12-12 07:10:41] [run_formula] Running formula qspiflash_qflexpress_divfive-p139 with K=107 up to limit 1600
[2025-12-12 07:10:51] [generate_cnf] Generating formula qspiflash_qflexpress_divfive-p139 with K=108
[2025-12-12 07:10:52] [run_formula] Running formula qspiflash_qflexpress_divfive-p139 with K=108 up to limit 1600
[2025-12-12 07:11:03] [generate_cnf] Generating formula qspiflash_qflexpress_divfive-p139 with K=109
[2025-12-12 07:11:04] [run_formula] Running formula qspiflash_qflexpress_divfive-p139 with K=109 up to limit 1600
[2025-12-12 07:11:17] [generate_cnf] Generating formula qspiflash_qflexpress_divfive-p139 with K=110
[2025-12-12 07:11:18] [run_formula] Running formula qspiflash_qflexpress_divfive-p139 with K=110 up to limit 1600
[2025-12-12 07:11:29] [generate_cnf] Generating formula qspiflash_qflexpress_divfive-p139 with K=111
[2025-12-12 07:11:29] [run_formula] Running formula qspiflash_qflexpress_divfive-p139 with K=111 up to limit 1600
[2025-12-12 07:11:40] [generate_cnf] Generating formula qspiflash_qflexpress_divfive-p139 with K=112
[2025-12-12 07:11:41] [run_formula] Running formula qspiflash_qflexpress_divfive-p139 with K=112 up to limit 1600
[2025-12-12 07:11:53] [generate_cnf] Generating formula qspiflash_qflexpress_divfive-p139 with K=113
[2025-12-12 07:11:54] [run_formula] Running formula qspiflash_qflexpress_divfive-p139 with K=113 up to limit 1600
[2025-12-12 07:12:07] [generate_cnf] Generating formula qspiflash_qflexpress_divfive-p139 with K=114
[2025-12-12 07:12:07] [run_formula] Running formula qspiflash_qflexpress_divfive-p139 with K=114 up to limit 1600
[2025-12-12 07:12:20] [generate_cnf] Generating formula qspiflash_qflexpress_divfive-p139 with K=115
[2025-12-12 07:12:21] [run_formula] Running formula qspiflash_qflexpress_divfive-p139 with K=115 up to limit 1600
[2025-12-12 07:12:33] [generate_cnf] Generating formula qspiflash_qflexpress_divfive-p139 with K=116
[2025-12-12 07:12:34] [run_formula] Running formula qspiflash_qflexpress_divfive-p139 with K=116 up to limit 1600
[2025-12-12 07:12:46] [generate_cnf] Generating formula qspiflash_qflexpress_divfive-p139 with K=117
[2025-12-12 07:12:47] [run_formula] Running formula qspiflash_qflexpress_divfive-p139 with K=117 up to limit 1600
[2025-12-12 07:13:02] [generate_cnf] Generating formula qspiflash_qflexpress_divfive-p139 with K=118
[2025-12-12 07:13:03] [run_formula] Running formula qspiflash_qflexpress_divfive-p139 with K=118 up to limit 1600
[2025-12-12 07:13:13] [generate_cnf] Generating formula qspiflash_qflexpress_divfive-p139 with K=119
[2025-12-12 07:13:14] [run_formula] Running formula qspiflash_qflexpress_divfive-p139 with K=119 up to limit 1600
[2025-12-12 07:13:26] [generate_cnf] Generating formula qspiflash_qflexpress_divfive-p139 with K=120
[2025-12-12 07:13:27] [run_formula] Running formula qspiflash_qflexpress_divfive-p139 with K=120 up to limit 1600
[2025-12-12 07:13:41] [generate_cnf] Generating formula qspiflash_qflexpress_divfive-p139 with K=121
[2025-12-12 07:13:42] [run_formula] Running formula qspiflash_qflexpress_divfive-p139 with K=121 up to limit 1600
[2025-12-12 07:13:56] [generate_cnf] Generating formula qspiflash_qflexpress_divfive-p139 with K=122
[2025-12-12 07:13:57] [run_formula] Running formula qspiflash_qflexpress_divfive-p139 with K=122 up to limit 1600
[2025-12-12 07:14:08] [generate_cnf] Generating formula qspiflash_qflexpress_divfive-p139 with K=123
[2025-12-12 07:14:09] [run_formula] Running formula qspiflash_qflexpress_divfive-p139 with K=123 up to limit 1600
[2025-12-12 07:14:23] [generate_cnf] Generating formula qspiflash_qflexpress_divfive-p139 with K=124
[2025-12-12 07:14:24] [run_formula] Running formula qspiflash_qflexpress_divfive-p139 with K=124 up to limit 1600
[2025-12-12 07:14:41] [generate_cnf] Generating formula qspiflash_qflexpress_divfive-p139 with K=125
[2025-12-12 07:14:42] [run_formula] Running formula qspiflash_qflexpress_divfive-p139 with K=125 up to limit 1600
[2025-12-12 07:14:56] [generate_cnf] Generating formula qspiflash_qflexpress_divfive-p139 with K=126
[2025-12-12 07:14:57] [run_formula] Running formula qspiflash_qflexpress_divfive-p139 with K=126 up to limit 1600
[2025-12-12 07:15:11] [generate_cnf] Generating formula qspiflash_qflexpress_divfive-p139 with K=127
[2025-12-12 07:15:12] [run_formula] Running formula qspiflash_qflexpress_divfive-p139 with K=127 up to limit 1600
[2025-12-12 07:15:28] [generate_cnf] Generating formula qspiflash_qflexpress_divfive-p139 with K=128
[2025-12-12 07:15:29] [run_formula] Running formula qspiflash_qflexpress_divfive-p139 with K=128 up to limit 1600
[2025-12-12 07:15:44] [generate_cnf] Generating formula qspiflash_qflexpress_divfive-p139 with K=129
[2025-12-12 07:15:45] [run_formula] Running formula qspiflash_qflexpress_divfive-p139 with K=129 up to limit 1600
[2025-12-12 07:15:59] [generate_cnf] Generating formula qspiflash_qflexpress_divfive-p139 with K=130
[2025-12-12 07:16:00] [run_formula] Running formula qspiflash_qflexpress_divfive-p139 with K=130 up to limit 1600
[2025-12-12 07:16:15] [generate_cnf] Generating formula qspiflash_qflexpress_divfive-p139 with K=131
[2025-12-12 07:16:16] [run_formula] Running formula qspiflash_qflexpress_divfive-p139 with K=131 up to limit 1600
[2025-12-12 07:16:30] [generate_cnf] Generating formula qspiflash_qflexpress_divfive-p139 with K=132
[2025-12-12 07:16:31] [run_formula] Running formula qspiflash_qflexpress_divfive-p139 with K=132 up to limit 1600
[2025-12-12 07:16:49] [generate_cnf] Generating formula qspiflash_qflexpress_divfive-p139 with K=133
[2025-12-12 07:16:50] [run_formula] Running formula qspiflash_qflexpress_divfive-p139 with K=133 up to limit 1600
[2025-12-12 07:17:06] [generate_cnf] Generating formula qspiflash_qflexpress_divfive-p139 with K=134
[2025-12-12 07:17:07] [run_formula] Running formula qspiflash_qflexpress_divfive-p139 with K=134 up to limit 1600
[2025-12-12 07:17:22] [generate_cnf] Generating formula qspiflash_qflexpress_divfive-p139 with K=135
[2025-12-12 07:17:23] [run_formula] Running formula qspiflash_qflexpress_divfive-p139 with K=135 up to limit 1600
[2025-12-12 07:17:39] [generate_cnf] Generating formula qspiflash_qflexpress_divfive-p139 with K=136
[2025-12-12 07:17:40] [run_formula] Running formula qspiflash_qflexpress_divfive-p139 with K=136 up to limit 1600
[2025-12-12 07:17:56] [generate_cnf] Generating formula qspiflash_qflexpress_divfive-p139 with K=137
[2025-12-12 07:17:57] [run_formula] Running formula qspiflash_qflexpress_divfive-p139 with K=137 up to limit 1600
[2025-12-12 07:18:13] [generate_cnf] Generating formula qspiflash_qflexpress_divfive-p139 with K=138
[2025-12-12 07:18:14] [run_formula] Running formula qspiflash_qflexpress_divfive-p139 with K=138 up to limit 1600
[2025-12-12 07:18:33] [generate_cnf] Generating formula qspiflash_qflexpress_divfive-p139 with K=139
[2025-12-12 07:18:34] [run_formula] Running formula qspiflash_qflexpress_divfive-p139 with K=139 up to limit 1600
[2025-12-12 07:18:53] [generate_cnf] Generating formula qspiflash_qflexpress_divfive-p139 with K=140
[2025-12-12 07:18:54] [run_formula] Running formula qspiflash_qflexpress_divfive-p139 with K=140 up to limit 1600
[2025-12-12 07:19:13] [generate_cnf] Generating formula qspiflash_qflexpress_divfive-p139 with K=141
[2025-12-12 07:19:14] [run_formula] Running formula qspiflash_qflexpress_divfive-p139 with K=141 up to limit 1600
[2025-12-12 07:19:34] [generate_cnf] Generating formula qspiflash_qflexpress_divfive-p139 with K=142
[2025-12-12 07:19:35] [run_formula] Running formula qspiflash_qflexpress_divfive-p139 with K=142 up to limit 1600
[2025-12-12 07:19:50] [generate_cnf] Generating formula qspiflash_qflexpress_divfive-p139 with K=143
[2025-12-12 07:19:51] [run_formula] Running formula qspiflash_qflexpress_divfive-p139 with K=143 up to limit 1600
[2025-12-12 07:20:14] [generate_cnf] Generating formula qspiflash_qflexpress_divfive-p139 with K=144
[2025-12-12 07:20:15] [run_formula] Running formula qspiflash_qflexpress_divfive-p139 with K=144 up to limit 1600
[2025-12-12 07:20:32] [generate_cnf] Generating formula qspiflash_qflexpress_divfive-p139 with K=145
[2025-12-12 07:20:33] [run_formula] Running formula qspiflash_qflexpress_divfive-p139 with K=145 up to limit 1600
[2025-12-12 07:20:52] [generate_cnf] Generating formula qspiflash_qflexpress_divfive-p139 with K=146
[2025-12-12 07:20:53] [run_formula] Running formula qspiflash_qflexpress_divfive-p139 with K=146 up to limit 1600
[2025-12-12 07:21:13] [generate_cnf] Generating formula qspiflash_qflexpress_divfive-p139 with K=147
[2025-12-12 07:21:14] [run_formula] Running formula qspiflash_qflexpress_divfive-p139 with K=147 up to limit 1600
[2025-12-12 07:21:36] [generate_cnf] Generating formula qspiflash_qflexpress_divfive-p139 with K=148
[2025-12-12 07:21:37] [run_formula] Running formula qspiflash_qflexpress_divfive-p139 with K=148 up to limit 1600
[2025-12-12 07:21:57] [generate_cnf] Generating formula qspiflash_qflexpress_divfive-p139 with K=149
[2025-12-12 07:21:59] [run_formula] Running formula qspiflash_qflexpress_divfive-p139 with K=149 up to limit 1600
[2025-12-12 07:22:21] [generate_cnf] Generating formula qspiflash_qflexpress_divfive-p139 with K=150
[2025-12-12 07:22:22] [run_formula] Running formula qspiflash_qflexpress_divfive-p139 with K=150 up to limit 1600
[2025-12-12 07:22:41] [generate_cnf] Generating formula qspiflash_qflexpress_divfive-p139 with K=151
[2025-12-12 07:22:42] [run_formula] Running formula qspiflash_qflexpress_divfive-p139 with K=151 up to limit 1600
[2025-12-12 07:23:04] [generate_cnf] Generating formula qspiflash_qflexpress_divfive-p139 with K=152
[2025-12-12 07:23:05] [run_formula] Running formula qspiflash_qflexpress_divfive-p139 with K=152 up to limit 1600
[2025-12-12 07:23:25] [generate_cnf] Generating formula qspiflash_qflexpress_divfive-p139 with K=153
[2025-12-12 07:23:26] [run_formula] Running formula qspiflash_qflexpress_divfive-p139 with K=153 up to limit 1600
[2025-12-12 07:23:49] [generate_cnf] Generating formula qspiflash_qflexpress_divfive-p139 with K=154
[2025-12-12 07:23:51] [run_formula] Running formula qspiflash_qflexpress_divfive-p139 with K=154 up to limit 1600
[2025-12-12 07:24:16] [generate_cnf] Generating formula qspiflash_qflexpress_divfive-p139 with K=155
[2025-12-12 07:24:17] [run_formula] Running formula qspiflash_qflexpress_divfive-p139 with K=155 up to limit 1600
[2025-12-12 07:24:36] [generate_cnf] Generating formula qspiflash_qflexpress_divfive-p139 with K=156
[2025-12-12 07:24:38] [run_formula] Running formula qspiflash_qflexpress_divfive-p139 with K=156 up to limit 1600
[2025-12-12 07:24:58] [generate_cnf] Generating formula qspiflash_qflexpress_divfive-p139 with K=157
[2025-12-12 07:25:00] [run_formula] Running formula qspiflash_qflexpress_divfive-p139 with K=157 up to limit 1600
[2025-12-12 07:25:27] [generate_cnf] Generating formula qspiflash_qflexpress_divfive-p139 with K=158
[2025-12-12 07:25:29] [run_formula] Running formula qspiflash_qflexpress_divfive-p139 with K=158 up to limit 1600
[2025-12-12 07:25:56] [generate_cnf] Generating formula qspiflash_qflexpress_divfive-p139 with K=159
[2025-12-12 07:25:57] [run_formula] Running formula qspiflash_qflexpress_divfive-p139 with K=159 up to limit 1600
[2025-12-12 07:26:25] [generate_cnf] Generating formula qspiflash_qflexpress_divfive-p139 with K=160
[2025-12-12 07:26:26] [run_formula] Running formula qspiflash_qflexpress_divfive-p139 with K=160 up to limit 1600
[2025-12-12 07:26:51] [generate_cnf] Generating formula qspiflash_qflexpress_divfive-p139 with K=161
[2025-12-12 07:26:53] [run_formula] Running formula qspiflash_qflexpress_divfive-p139 with K=161 up to limit 1600
[2025-12-12 07:27:18] [generate_cnf] Generating formula qspiflash_qflexpress_divfive-p139 with K=162
[2025-12-12 07:27:19] [run_formula] Running formula qspiflash_qflexpress_divfive-p139 with K=162 up to limit 1600
[2025-12-12 07:27:45] [generate_cnf] Generating formula qspiflash_qflexpress_divfive-p139 with K=163
[2025-12-12 07:27:46] [run_formula] Running formula qspiflash_qflexpress_divfive-p139 with K=163 up to limit 1600
[2025-12-12 07:28:13] [generate_cnf] Generating formula qspiflash_qflexpress_divfive-p139 with K=164
[2025-12-12 07:28:14] [run_formula] Running formula qspiflash_qflexpress_divfive-p139 with K=164 up to limit 1600
[2025-12-12 07:28:36] [generate_cnf] Generating formula qspiflash_qflexpress_divfive-p139 with K=165
[2025-12-12 07:28:37] [run_formula] Running formula qspiflash_qflexpress_divfive-p139 with K=165 up to limit 1600
[2025-12-12 07:29:04] [generate_cnf] Generating formula qspiflash_qflexpress_divfive-p139 with K=166
[2025-12-12 07:29:06] [run_formula] Running formula qspiflash_qflexpress_divfive-p139 with K=166 up to limit 1600
[2025-12-12 07:29:27] [generate_cnf] Generating formula qspiflash_qflexpress_divfive-p139 with K=167
[2025-12-12 07:29:28] [run_formula] Running formula qspiflash_qflexpress_divfive-p139 with K=167 up to limit 1600
[2025-12-12 07:29:52] [generate_cnf] Generating formula qspiflash_qflexpress_divfive-p139 with K=168
[2025-12-12 07:29:53] [run_formula] Running formula qspiflash_qflexpress_divfive-p139 with K=168 up to limit 1600
[2025-12-12 07:30:18] [generate_cnf] Generating formula qspiflash_qflexpress_divfive-p139 with K=169
[2025-12-12 07:30:19] [run_formula] Running formula qspiflash_qflexpress_divfive-p139 with K=169 up to limit 1600
[2025-12-12 07:30:47] [generate_cnf] Generating formula qspiflash_qflexpress_divfive-p139 with K=170
[2025-12-12 07:30:49] [run_formula] Running formula qspiflash_qflexpress_divfive-p139 with K=170 up to limit 1600
[2025-12-12 07:31:13] [generate_cnf] Generating formula qspiflash_qflexpress_divfive-p139 with K=171
[2025-12-12 07:31:14] [run_formula] Running formula qspiflash_qflexpress_divfive-p139 with K=171 up to limit 1600
[2025-12-12 07:31:42] [generate_cnf] Generating formula qspiflash_qflexpress_divfive-p139 with K=172
[2025-12-12 07:31:43] [run_formula] Running formula qspiflash_qflexpress_divfive-p139 with K=172 up to limit 1600
[2025-12-12 07:32:11] [generate_cnf] Generating formula qspiflash_qflexpress_divfive-p139 with K=173
[2025-12-12 07:32:12] [run_formula] Running formula qspiflash_qflexpress_divfive-p139 with K=173 up to limit 1600
[2025-12-12 07:32:33] [generate_cnf] Generating formula qspiflash_qflexpress_divfive-p139 with K=174
[2025-12-12 07:32:34] [run_formula] Running formula qspiflash_qflexpress_divfive-p139 with K=174 up to limit 1600
[2025-12-12 07:32:58] [generate_cnf] Generating formula qspiflash_qflexpress_divfive-p139 with K=175
[2025-12-12 07:32:59] [run_formula] Running formula qspiflash_qflexpress_divfive-p139 with K=175 up to limit 1600
[2025-12-12 07:33:25] [generate_cnf] Generating formula qspiflash_qflexpress_divfive-p139 with K=176
[2025-12-12 07:33:27] [run_formula] Running formula qspiflash_qflexpress_divfive-p139 with K=176 up to limit 1600
[2025-12-12 07:33:56] [generate_cnf] Generating formula qspiflash_qflexpress_divfive-p139 with K=177
[2025-12-12 07:33:58] [run_formula] Running formula qspiflash_qflexpress_divfive-p139 with K=177 up to limit 1600
[2025-12-12 07:34:24] [generate_cnf] Generating formula qspiflash_qflexpress_divfive-p139 with K=178
[2025-12-12 07:34:26] [run_formula] Running formula qspiflash_qflexpress_divfive-p139 with K=178 up to limit 1600
[2025-12-12 07:34:53] [generate_cnf] Generating formula qspiflash_qflexpress_divfive-p139 with K=179
[2025-12-12 07:34:54] [run_formula] Running formula qspiflash_qflexpress_divfive-p139 with K=179 up to limit 1600
[2025-12-12 07:35:22] [generate_cnf] Generating formula qspiflash_qflexpress_divfive-p139 with K=180
[2025-12-12 07:35:23] [run_formula] Running formula qspiflash_qflexpress_divfive-p139 with K=180 up to limit 1600
[2025-12-12 07:35:55] [generate_cnf] Generating formula qspiflash_qflexpress_divfive-p139 with K=181
[2025-12-12 07:35:56] [run_formula] Running formula qspiflash_qflexpress_divfive-p139 with K=181 up to limit 1600
[2025-12-12 07:36:24] [generate_cnf] Generating formula qspiflash_qflexpress_divfive-p139 with K=182
[2025-12-12 07:36:25] [run_formula] Running formula qspiflash_qflexpress_divfive-p139 with K=182 up to limit 1600
[2025-12-12 07:36:53] [generate_cnf] Generating formula qspiflash_qflexpress_divfive-p139 with K=183
[2025-12-12 07:36:54] [run_formula] Running formula qspiflash_qflexpress_divfive-p139 with K=183 up to limit 1600
[2025-12-12 07:37:21] [generate_cnf] Generating formula qspiflash_qflexpress_divfive-p139 with K=184
[2025-12-12 07:37:22] [run_formula] Running formula qspiflash_qflexpress_divfive-p139 with K=184 up to limit 1600
[2025-12-12 07:37:46] [generate_cnf] Generating formula qspiflash_qflexpress_divfive-p139 with K=185
[2025-12-12 07:37:47] [run_formula] Running formula qspiflash_qflexpress_divfive-p139 with K=185 up to limit 1600
[2025-12-12 07:38:15] [generate_cnf] Generating formula qspiflash_qflexpress_divfive-p139 with K=186
[2025-12-12 07:38:16] [run_formula] Running formula qspiflash_qflexpress_divfive-p139 with K=186 up to limit 1600
[2025-12-12 07:38:42] [generate_cnf] Generating formula qspiflash_qflexpress_divfive-p139 with K=187
[2025-12-12 07:38:43] [run_formula] Running formula qspiflash_qflexpress_divfive-p139 with K=187 up to limit 1600
[2025-12-12 07:39:14] [generate_cnf] Generating formula qspiflash_qflexpress_divfive-p139 with K=188
[2025-12-12 07:39:16] [run_formula] Running formula qspiflash_qflexpress_divfive-p139 with K=188 up to limit 1600
[2025-12-12 07:39:44] [generate_cnf] Generating formula qspiflash_qflexpress_divfive-p139 with K=189
[2025-12-12 07:39:45] [run_formula] Running formula qspiflash_qflexpress_divfive-p139 with K=189 up to limit 1600
[2025-12-12 07:40:11] [generate_cnf] Generating formula qspiflash_qflexpress_divfive-p139 with K=190
[2025-12-12 07:40:13] [run_formula] Running formula qspiflash_qflexpress_divfive-p139 with K=190 up to limit 1600
[2025-12-12 07:40:47] [generate_cnf] Generating formula qspiflash_qflexpress_divfive-p139 with K=191
[2025-12-12 07:40:48] [run_formula] Running formula qspiflash_qflexpress_divfive-p139 with K=191 up to limit 1600
[2025-12-12 07:41:24] [generate_cnf] Generating formula qspiflash_qflexpress_divfive-p139 with K=192
[2025-12-12 07:41:25] [run_formula] Running formula qspiflash_qflexpress_divfive-p139 with K=192 up to limit 1600
[2025-12-12 07:41:53] [generate_cnf] Generating formula qspiflash_qflexpress_divfive-p139 with K=193
[2025-12-12 07:41:55] [run_formula] Running formula qspiflash_qflexpress_divfive-p139 with K=193 up to limit 1600
[2025-12-12 07:42:28] [generate_cnf] Generating formula qspiflash_qflexpress_divfive-p139 with K=194
[2025-12-12 07:42:29] [run_formula] Running formula qspiflash_qflexpress_divfive-p139 with K=194 up to limit 1600
[2025-12-12 07:42:59] [generate_cnf] Generating formula qspiflash_qflexpress_divfive-p139 with K=195
[2025-12-12 07:43:01] [run_formula] Running formula qspiflash_qflexpress_divfive-p139 with K=195 up to limit 1600
[2025-12-12 07:43:34] [generate_cnf] Generating formula qspiflash_qflexpress_divfive-p139 with K=196
[2025-12-12 07:43:35] [run_formula] Running formula qspiflash_qflexpress_divfive-p139 with K=196 up to limit 1600
[2025-12-12 07:44:06] [generate_cnf] Generating formula qspiflash_qflexpress_divfive-p139 with K=197
[2025-12-12 07:44:07] [run_formula] Running formula qspiflash_qflexpress_divfive-p139 with K=197 up to limit 1600
[2025-12-12 07:44:36] [generate_cnf] Generating formula qspiflash_qflexpress_divfive-p139 with K=198
[2025-12-12 07:44:37] [run_formula] Running formula qspiflash_qflexpress_divfive-p139 with K=198 up to limit 1600
[2025-12-12 07:45:05] [generate_cnf] Generating formula qspiflash_qflexpress_divfive-p139 with K=199
[2025-12-12 07:45:06] [run_formula] Running formula qspiflash_qflexpress_divfive-p139 with K=199 up to limit 1600
[2025-12-12 07:45:40] [generate_cnf] Generating formula qspiflash_qflexpress_divfive-p139 with K=200
[2025-12-12 07:45:41] [run_formula] Running formula qspiflash_qflexpress_divfive-p139 with K=200 up to limit 1600
[2025-12-12 07:46:15] [generate_cnf] Generating formula qspiflash_qflexpress_divfive-p139 with K=201
[2025-12-12 07:46:17] [run_formula] Running formula qspiflash_qflexpress_divfive-p139 with K=201 up to limit 1600
[2025-12-12 07:46:48] [generate_cnf] Generating formula qspiflash_qflexpress_divfive-p139 with K=202
[2025-12-12 07:46:49] [run_formula] Running formula qspiflash_qflexpress_divfive-p139 with K=202 up to limit 1600
[2025-12-12 07:47:18] [generate_cnf] Generating formula qspiflash_qflexpress_divfive-p139 with K=203
[2025-12-12 07:47:20] [run_formula] Running formula qspiflash_qflexpress_divfive-p139 with K=203 up to limit 1600
[2025-12-12 07:47:51] [generate_cnf] Generating formula qspiflash_qflexpress_divfive-p139 with K=204
[2025-12-12 07:47:53] [run_formula] Running formula qspiflash_qflexpress_divfive-p139 with K=204 up to limit 1600
[2025-12-12 07:48:21] [generate_cnf] Generating formula qspiflash_qflexpress_divfive-p139 with K=205
[2025-12-12 07:48:23] [run_formula] Running formula qspiflash_qflexpress_divfive-p139 with K=205 up to limit 1600
[2025-12-12 07:48:55] [generate_cnf] Generating formula qspiflash_qflexpress_divfive-p139 with K=206
[2025-12-12 07:48:56] [run_formula] Running formula qspiflash_qflexpress_divfive-p139 with K=206 up to limit 1600
[2025-12-12 07:49:20] [generate_cnf] Generating formula qspiflash_qflexpress_divfive-p139 with K=207
[2025-12-12 07:49:22] [run_formula] Running formula qspiflash_qflexpress_divfive-p139 with K=207 up to limit 1600
[2025-12-12 07:49:57] [generate_cnf] Generating formula qspiflash_qflexpress_divfive-p139 with K=208
[2025-12-12 07:49:58] [run_formula] Running formula qspiflash_qflexpress_divfive-p139 with K=208 up to limit 1600
[2025-12-12 07:50:33] [generate_cnf] Generating formula qspiflash_qflexpress_divfive-p139 with K=209
[2025-12-12 07:50:35] [run_formula] Running formula qspiflash_qflexpress_divfive-p139 with K=209 up to limit 1600
[2025-12-12 07:51:08] [generate_cnf] Generating formula qspiflash_qflexpress_divfive-p139 with K=210
[2025-12-12 07:51:09] [run_formula] Running formula qspiflash_qflexpress_divfive-p139 with K=210 up to limit 1600
[2025-12-12 07:51:46] [generate_cnf] Generating formula qspiflash_qflexpress_divfive-p139 with K=211
[2025-12-12 07:51:47] [run_formula] Running formula qspiflash_qflexpress_divfive-p139 with K=211 up to limit 1600
[2025-12-12 07:52:23] [generate_cnf] Generating formula qspiflash_qflexpress_divfive-p139 with K=212
[2025-12-12 07:52:25] [run_formula] Running formula qspiflash_qflexpress_divfive-p139 with K=212 up to limit 1600
[2025-12-12 07:53:00] [generate_cnf] Generating formula qspiflash_qflexpress_divfive-p139 with K=213
[2025-12-12 07:53:02] [run_formula] Running formula qspiflash_qflexpress_divfive-p139 with K=213 up to limit 1600
[2025-12-12 07:53:38] [generate_cnf] Generating formula qspiflash_qflexpress_divfive-p139 with K=214
[2025-12-12 07:53:39] [run_formula] Running formula qspiflash_qflexpress_divfive-p139 with K=214 up to limit 1600
[2025-12-12 07:54:13] [generate_cnf] Generating formula qspiflash_qflexpress_divfive-p139 with K=215
[2025-12-12 07:54:15] [run_formula] Running formula qspiflash_qflexpress_divfive-p139 with K=215 up to limit 1600
[2025-12-12 07:54:51] [generate_cnf] Generating formula qspiflash_qflexpress_divfive-p139 with K=216
[2025-12-12 07:54:52] [run_formula] Running formula qspiflash_qflexpress_divfive-p139 with K=216 up to limit 1600
[2025-12-12 07:55:31] [generate_cnf] Generating formula qspiflash_qflexpress_divfive-p139 with K=217
[2025-12-12 07:55:33] [run_formula] Running formula qspiflash_qflexpress_divfive-p139 with K=217 up to limit 1600
[2025-12-12 07:56:12] [generate_cnf] Generating formula qspiflash_qflexpress_divfive-p139 with K=218
[2025-12-12 07:56:13] [run_formula] Running formula qspiflash_qflexpress_divfive-p139 with K=218 up to limit 1600
[2025-12-12 07:56:51] [generate_cnf] Generating formula qspiflash_qflexpress_divfive-p139 with K=219
[2025-12-12 07:56:52] [run_formula] Running formula qspiflash_qflexpress_divfive-p139 with K=219 up to limit 1600
[2025-12-12 07:57:31] [generate_cnf] Generating formula qspiflash_qflexpress_divfive-p139 with K=220
[2025-12-12 07:57:32] [run_formula] Running formula qspiflash_qflexpress_divfive-p139 with K=220 up to limit 1600
[2025-12-12 07:58:08] [generate_cnf] Generating formula qspiflash_qflexpress_divfive-p139 with K=221
[2025-12-12 07:58:10] [run_formula] Running formula qspiflash_qflexpress_divfive-p139 with K=221 up to limit 1600
[2025-12-12 07:58:45] [generate_cnf] Generating formula qspiflash_qflexpress_divfive-p139 with K=222
[2025-12-12 07:58:47] [run_formula] Running formula qspiflash_qflexpress_divfive-p139 with K=222 up to limit 1600
[2025-12-12 07:59:29] [generate_cnf] Generating formula qspiflash_qflexpress_divfive-p139 with K=223
[2025-12-12 07:59:31] [run_formula] Running formula qspiflash_qflexpress_divfive-p139 with K=223 up to limit 1600
[2025-12-12 08:00:06] [generate_cnf] Generating formula qspiflash_qflexpress_divfive-p139 with K=224
[2025-12-12 08:00:08] [run_formula] Running formula qspiflash_qflexpress_divfive-p139 with K=224 up to limit 1600
[2025-12-12 08:00:44] [generate_cnf] Generating formula qspiflash_qflexpress_divfive-p139 with K=225
[2025-12-12 08:00:46] [run_formula] Running formula qspiflash_qflexpress_divfive-p139 with K=225 up to limit 1600
[2025-12-12 08:01:28] [generate_cnf] Generating formula qspiflash_qflexpress_divfive-p139 with K=226
[2025-12-12 08:01:29] [run_formula] Running formula qspiflash_qflexpress_divfive-p139 with K=226 up to limit 1600
[2025-12-12 08:02:11] [generate_cnf] Generating formula qspiflash_qflexpress_divfive-p139 with K=227
[2025-12-12 08:02:13] [run_formula] Running formula qspiflash_qflexpress_divfive-p139 with K=227 up to limit 1600
[2025-12-12 08:02:53] [generate_cnf] Generating formula qspiflash_qflexpress_divfive-p139 with K=228
[2025-12-12 08:02:54] [run_formula] Running formula qspiflash_qflexpress_divfive-p139 with K=228 up to limit 1600
[2025-12-12 08:03:35] [generate_cnf] Generating formula qspiflash_qflexpress_divfive-p139 with K=229
[2025-12-12 08:03:37] [run_formula] Running formula qspiflash_qflexpress_divfive-p139 with K=229 up to limit 1600
[2025-12-12 08:04:19] [generate_cnf] Generating formula qspiflash_qflexpress_divfive-p139 with K=230
[2025-12-12 08:04:21] [run_formula] Running formula qspiflash_qflexpress_divfive-p139 with K=230 up to limit 1600
[2025-12-12 08:05:11] [generate_cnf] Generating formula qspiflash_qflexpress_divfive-p139 with K=231
[2025-12-12 08:05:13] [run_formula] Running formula qspiflash_qflexpress_divfive-p139 with K=231 up to limit 1600
[2025-12-12 08:05:50] [generate_cnf] Generating formula qspiflash_qflexpress_divfive-p139 with K=232
[2025-12-12 08:05:52] [run_formula] Running formula qspiflash_qflexpress_divfive-p139 with K=232 up to limit 1600
[2025-12-12 08:06:37] [generate_cnf] Generating formula qspiflash_qflexpress_divfive-p139 with K=233
[2025-12-12 08:06:39] [run_formula] Running formula qspiflash_qflexpress_divfive-p139 with K=233 up to limit 1600
[2025-12-12 08:07:28] [generate_cnf] Generating formula qspiflash_qflexpress_divfive-p139 with K=234
[2025-12-12 08:07:30] [run_formula] Running formula qspiflash_qflexpress_divfive-p139 with K=234 up to limit 1600
[2025-12-12 08:08:14] [generate_cnf] Generating formula qspiflash_qflexpress_divfive-p139 with K=235
[2025-12-12 08:08:16] [run_formula] Running formula qspiflash_qflexpress_divfive-p139 with K=235 up to limit 1600
[2025-12-12 08:09:08] [generate_cnf] Generating formula qspiflash_qflexpress_divfive-p139 with K=236
[2025-12-12 08:09:10] [run_formula] Running formula qspiflash_qflexpress_divfive-p139 with K=236 up to limit 1600
[2025-12-12 08:09:51] [generate_cnf] Generating formula qspiflash_qflexpress_divfive-p139 with K=237
[2025-12-12 08:09:53] [run_formula] Running formula qspiflash_qflexpress_divfive-p139 with K=237 up to limit 1600
[2025-12-12 08:10:38] [generate_cnf] Generating formula qspiflash_qflexpress_divfive-p139 with K=238
[2025-12-12 08:10:40] [run_formula] Running formula qspiflash_qflexpress_divfive-p139 with K=238 up to limit 1600
[2025-12-12 08:11:18] [generate_cnf] Generating formula qspiflash_qflexpress_divfive-p139 with K=239
[2025-12-12 08:11:20] [run_formula] Running formula qspiflash_qflexpress_divfive-p139 with K=239 up to limit 1600
[2025-12-12 08:12:06] [generate_cnf] Generating formula qspiflash_qflexpress_divfive-p139 with K=240
[2025-12-12 08:12:08] [run_formula] Running formula qspiflash_qflexpress_divfive-p139 with K=240 up to limit 1600
[2025-12-12 08:12:50] [generate_cnf] Generating formula qspiflash_qflexpress_divfive-p139 with K=241
[2025-12-12 08:12:53] [run_formula] Running formula qspiflash_qflexpress_divfive-p139 with K=241 up to limit 1600
[2025-12-12 08:13:38] [generate_cnf] Generating formula qspiflash_qflexpress_divfive-p139 with K=242
[2025-12-12 08:13:40] [run_formula] Running formula qspiflash_qflexpress_divfive-p139 with K=242 up to limit 1600
[2025-12-12 08:14:20] [generate_cnf] Generating formula qspiflash_qflexpress_divfive-p139 with K=243
[2025-12-12 08:14:22] [run_formula] Running formula qspiflash_qflexpress_divfive-p139 with K=243 up to limit 1600
[2025-12-12 08:15:12] [generate_cnf] Generating formula qspiflash_qflexpress_divfive-p139 with K=244
[2025-12-12 08:15:14] [run_formula] Running formula qspiflash_qflexpress_divfive-p139 with K=244 up to limit 1600
[2025-12-12 08:15:53] [generate_cnf] Generating formula qspiflash_qflexpress_divfive-p139 with K=245
[2025-12-12 08:15:55] [run_formula] Running formula qspiflash_qflexpress_divfive-p139 with K=245 up to limit 1600
[2025-12-12 08:16:50] [generate_cnf] Generating formula qspiflash_qflexpress_divfive-p139 with K=246
[2025-12-12 08:16:51] [run_formula] Running formula qspiflash_qflexpress_divfive-p139 with K=246 up to limit 1600
[2025-12-12 08:17:44] [generate_cnf] Generating formula qspiflash_qflexpress_divfive-p139 with K=247
[2025-12-12 08:17:46] [run_formula] Running formula qspiflash_qflexpress_divfive-p139 with K=247 up to limit 1600
[2025-12-12 08:18:37] [generate_cnf] Generating formula qspiflash_qflexpress_divfive-p139 with K=248
[2025-12-12 08:18:39] [run_formula] Running formula qspiflash_qflexpress_divfive-p139 with K=248 up to limit 1600
[2025-12-12 08:19:29] [generate_cnf] Generating formula qspiflash_qflexpress_divfive-p139 with K=249
[2025-12-12 08:19:31] [run_formula] Running formula qspiflash_qflexpress_divfive-p139 with K=249 up to limit 1600
[2025-12-12 08:20:36] [generate_cnf] Generating formula qspiflash_qflexpress_divfive-p139 with K=250
[2025-12-12 08:20:38] [run_formula] Running formula qspiflash_qflexpress_divfive-p139 with K=250 up to limit 1600
[2025-12-12 08:21:33] [generate_cnf] Generating formula qspiflash_qflexpress_divfive-p139 with K=251
[2025-12-12 08:21:35] [run_formula] Running formula qspiflash_qflexpress_divfive-p139 with K=251 up to limit 1600
[2025-12-12 08:22:48] [generate_cnf] Generating formula qspiflash_qflexpress_divfive-p139 with K=252
[2025-12-12 08:22:50] [run_formula] Running formula qspiflash_qflexpress_divfive-p139 with K=252 up to limit 1600
[2025-12-12 08:23:59] [generate_cnf] Generating formula qspiflash_qflexpress_divfive-p139 with K=253
[2025-12-12 08:24:01] [run_formula] Running formula qspiflash_qflexpress_divfive-p139 with K=253 up to limit 1600
[2025-12-12 08:25:12] [generate_cnf] Generating formula qspiflash_qflexpress_divfive-p139 with K=254
[2025-12-12 08:25:14] [run_formula] Running formula qspiflash_qflexpress_divfive-p139 with K=254 up to limit 1600
[2025-12-12 08:26:17] [generate_cnf] Generating formula qspiflash_qflexpress_divfive-p139 with K=255
[2025-12-12 08:26:19] [run_formula] Running formula qspiflash_qflexpress_divfive-p139 with K=255 up to limit 1600
[2025-12-12 08:27:21] [generate_cnf] Generating formula qspiflash_qflexpress_divfive-p139 with K=256
[2025-12-12 08:27:23] [run_formula] Running formula qspiflash_qflexpress_divfive-p139 with K=256 up to limit 1600
[2025-12-12 08:28:15] [run_formula] Error running formula qspiflash_qflexpress_divfive-p139 with K=256: [Errno 122] Disk quota exceeded: './results/solving_logs/qspiflash_qflexpress_divfive-p139//qspiflash_qflexpress_divfive-p139.256.log'
[2025-12-12 08:28:15] [generate_and_run_up_to_limit] Failed to run formula qspiflash_qflexpress_divfive-p139 with K=256, halting
