CNF written.
CNF written.
CNF written.
CNF written.
CNF written.
CNF written.
CNF written.
CNF written.
CNF written.
CNF written.
CNF written.
CNF written.
CNF written.
CNF written.
CNF written.
CNF written.
CNF written.
CNF written.
CNF written.
CNF written.
CNF written.
CNF written.
CNF written.
CNF written.
CNF written.
CNF written.
CNF written.
CNF written.
CNF written.
CNF written.
CNF written.
CNF written.
CNF written.
CNF written.
CNF written.
CNF written.
CNF written.
CNF written.
CNF written.
CNF written.
CNF written.
CNF written.
CNF written.
CNF written.
CNF written.
CNF written.
CNF written.
CNF written.
CNF written.
CNF written.
CNF written.
CNF written.
CNF written.
CNF written.
CNF written.
CNF written.
CNF written.
CNF written.
CNF written.
CNF written.
CNF written.
CNF written.
CNF written.
CNF written.
CNF written.
CNF written.
CNF written.
CNF written.
CNF written.
CNF written.
CNF written.
CNF written.
CNF written.
CNF written.
CNF written.
CNF written.
CNF written.
CNF written.
CNF written.
CNF written.
CNF written.
CNF written.
CNF written.
CNF written.
CNF written.
CNF written.
CNF written.
CNF written.
CNF written.
CNF written.
CNF written.
CNF written.
CNF written.
CNF written.
CNF written.
CNF written.
CNF written.
CNF written.
CNF written.
CNF written.
CNF written.
CNF written.
CNF written.
CNF written.
CNF written.
CNF written.
CNF written.
CNF written.
CNF written.
CNF written.
CNF written.
CNF written.
CNF written.
CNF written.
CNF written.
CNF written.
CNF written.
CNF written.
CNF written.
CNF written.
CNF written.
CNF written.
CNF written.
CNF written.
CNF written.
CNF written.
CNF written.
CNF written.
CNF written.
CNF written.
CNF written.
CNF written.
CNF written.
CNF written.
CNF written.
CNF written.
CNF written.
CNF written.
CNF written.
CNF written.
CNF written.
CNF written.
CNF written.
CNF written.
CNF written.
CNF written.
CNF written.
CNF written.
CNF written.
CNF written.
CNF written.
CNF written.
CNF written.
CNF written.
CNF written.
CNF written.
CNF written.
CNF written.
CNF written.
CNF written.
CNF written.
CNF written.
CNF written.
CNF written.
CNF written.
CNF written.
CNF written.
CNF written.
CNF written.
CNF written.
CNF written.
CNF written.
CNF written.
CNF written.
CNF written.
CNF written.
CNF written.
CNF written.
[2025-12-12 07:17:15] [generate_and_run_up_to_limit] Generating and running rast-p18 with K<=500 up to limit 1600
[2025-12-12 07:17:15] [generate_cnf] Generating formula rast-p18 with K=1
[2025-12-12 07:17:15] [run_formula] Running formula rast-p18 with K=1 up to limit 1600
[2025-12-12 07:17:15] [generate_cnf] Generating formula rast-p18 with K=2
[2025-12-12 07:17:16] [run_formula] Running formula rast-p18 with K=2 up to limit 1600
[2025-12-12 07:17:16] [generate_cnf] Generating formula rast-p18 with K=3
[2025-12-12 07:17:16] [run_formula] Running formula rast-p18 with K=3 up to limit 1600
[2025-12-12 07:17:17] [generate_cnf] Generating formula rast-p18 with K=4
[2025-12-12 07:17:17] [run_formula] Running formula rast-p18 with K=4 up to limit 1600
[2025-12-12 07:17:17] [generate_cnf] Generating formula rast-p18 with K=5
[2025-12-12 07:17:18] [run_formula] Running formula rast-p18 with K=5 up to limit 1600
[2025-12-12 07:17:19] [generate_cnf] Generating formula rast-p18 with K=6
[2025-12-12 07:17:20] [run_formula] Running formula rast-p18 with K=6 up to limit 1600
[2025-12-12 07:17:20] [generate_cnf] Generating formula rast-p18 with K=7
[2025-12-12 07:17:21] [run_formula] Running formula rast-p18 with K=7 up to limit 1600
[2025-12-12 07:17:22] [generate_cnf] Generating formula rast-p18 with K=8
[2025-12-12 07:17:23] [run_formula] Running formula rast-p18 with K=8 up to limit 1600
[2025-12-12 07:17:23] [generate_cnf] Generating formula rast-p18 with K=9
[2025-12-12 07:17:25] [run_formula] Running formula rast-p18 with K=9 up to limit 1600
[2025-12-12 07:17:26] [generate_cnf] Generating formula rast-p18 with K=10
[2025-12-12 07:17:27] [run_formula] Running formula rast-p18 with K=10 up to limit 1600
[2025-12-12 07:17:28] [generate_cnf] Generating formula rast-p18 with K=11
[2025-12-12 07:17:30] [run_formula] Running formula rast-p18 with K=11 up to limit 1600
[2025-12-12 07:17:31] [generate_cnf] Generating formula rast-p18 with K=12
[2025-12-12 07:17:32] [run_formula] Running formula rast-p18 with K=12 up to limit 1600
[2025-12-12 07:17:33] [generate_cnf] Generating formula rast-p18 with K=13
[2025-12-12 07:17:35] [run_formula] Running formula rast-p18 with K=13 up to limit 1600
[2025-12-12 07:17:36] [generate_cnf] Generating formula rast-p18 with K=14
[2025-12-12 07:17:38] [run_formula] Running formula rast-p18 with K=14 up to limit 1600
[2025-12-12 07:17:39] [generate_cnf] Generating formula rast-p18 with K=15
[2025-12-12 07:17:42] [run_formula] Running formula rast-p18 with K=15 up to limit 1600
[2025-12-12 07:17:43] [generate_cnf] Generating formula rast-p18 with K=16
[2025-12-12 07:17:45] [run_formula] Running formula rast-p18 with K=16 up to limit 1600
[2025-12-12 07:17:46] [generate_cnf] Generating formula rast-p18 with K=17
[2025-12-12 07:17:49] [run_formula] Running formula rast-p18 with K=17 up to limit 1600
[2025-12-12 07:17:50] [generate_cnf] Generating formula rast-p18 with K=18
[2025-12-12 07:17:52] [run_formula] Running formula rast-p18 with K=18 up to limit 1600
[2025-12-12 07:17:54] [generate_cnf] Generating formula rast-p18 with K=19
[2025-12-12 07:17:56] [run_formula] Running formula rast-p18 with K=19 up to limit 1600
[2025-12-12 07:17:58] [generate_cnf] Generating formula rast-p18 with K=20
[2025-12-12 07:18:00] [run_formula] Running formula rast-p18 with K=20 up to limit 1600
[2025-12-12 07:18:02] [generate_cnf] Generating formula rast-p18 with K=21
[2025-12-12 07:18:05] [run_formula] Running formula rast-p18 with K=21 up to limit 1600
[2025-12-12 07:18:06] [generate_cnf] Generating formula rast-p18 with K=22
[2025-12-12 07:18:10] [run_formula] Running formula rast-p18 with K=22 up to limit 1600
[2025-12-12 07:18:11] [generate_cnf] Generating formula rast-p18 with K=23
[2025-12-12 07:18:15] [run_formula] Running formula rast-p18 with K=23 up to limit 1600
[2025-12-12 07:18:16] [generate_cnf] Generating formula rast-p18 with K=24
[2025-12-12 07:18:20] [run_formula] Running formula rast-p18 with K=24 up to limit 1600
[2025-12-12 07:18:22] [generate_cnf] Generating formula rast-p18 with K=25
[2025-12-12 07:18:25] [run_formula] Running formula rast-p18 with K=25 up to limit 1600
[2025-12-12 07:18:27] [generate_cnf] Generating formula rast-p18 with K=26
[2025-12-12 07:18:30] [run_formula] Running formula rast-p18 with K=26 up to limit 1600
[2025-12-12 07:18:33] [generate_cnf] Generating formula rast-p18 with K=27
[2025-12-12 07:18:36] [run_formula] Running formula rast-p18 with K=27 up to limit 1600
[2025-12-12 07:18:38] [generate_cnf] Generating formula rast-p18 with K=28
[2025-12-12 07:18:42] [run_formula] Running formula rast-p18 with K=28 up to limit 1600
[2025-12-12 07:18:44] [generate_cnf] Generating formula rast-p18 with K=29
[2025-12-12 07:18:48] [run_formula] Running formula rast-p18 with K=29 up to limit 1600
[2025-12-12 07:18:51] [generate_cnf] Generating formula rast-p18 with K=30
[2025-12-12 07:18:55] [run_formula] Running formula rast-p18 with K=30 up to limit 1600
[2025-12-12 07:18:56] [generate_cnf] Generating formula rast-p18 with K=31
[2025-12-12 07:19:00] [run_formula] Running formula rast-p18 with K=31 up to limit 1600
[2025-12-12 07:19:03] [generate_cnf] Generating formula rast-p18 with K=32
[2025-12-12 07:19:07] [run_formula] Running formula rast-p18 with K=32 up to limit 1600
[2025-12-12 07:19:10] [generate_cnf] Generating formula rast-p18 with K=33
[2025-12-12 07:19:15] [run_formula] Running formula rast-p18 with K=33 up to limit 1600
[2025-12-12 07:19:17] [generate_cnf] Generating formula rast-p18 with K=34
[2025-12-12 07:19:22] [run_formula] Running formula rast-p18 with K=34 up to limit 1600
[2025-12-12 07:19:26] [generate_cnf] Generating formula rast-p18 with K=35
[2025-12-12 07:19:31] [run_formula] Running formula rast-p18 with K=35 up to limit 1600
[2025-12-12 07:19:34] [generate_cnf] Generating formula rast-p18 with K=36
[2025-12-12 07:19:38] [run_formula] Running formula rast-p18 with K=36 up to limit 1600
[2025-12-12 07:19:41] [generate_cnf] Generating formula rast-p18 with K=37
[2025-12-12 07:19:46] [run_formula] Running formula rast-p18 with K=37 up to limit 1600
[2025-12-12 07:19:49] [generate_cnf] Generating formula rast-p18 with K=38
[2025-12-12 07:19:54] [run_formula] Running formula rast-p18 with K=38 up to limit 1600
[2025-12-12 07:19:57] [generate_cnf] Generating formula rast-p18 with K=39
[2025-12-12 07:20:02] [run_formula] Running formula rast-p18 with K=39 up to limit 1600
[2025-12-12 07:20:05] [generate_cnf] Generating formula rast-p18 with K=40
[2025-12-12 07:20:11] [run_formula] Running formula rast-p18 with K=40 up to limit 1600
[2025-12-12 07:20:13] [generate_cnf] Generating formula rast-p18 with K=41
[2025-12-12 07:20:19] [run_formula] Running formula rast-p18 with K=41 up to limit 1600
[2025-12-12 07:20:22] [generate_cnf] Generating formula rast-p18 with K=42
[2025-12-12 07:20:28] [run_formula] Running formula rast-p18 with K=42 up to limit 1600
[2025-12-12 07:20:33] [generate_cnf] Generating formula rast-p18 with K=43
[2025-12-12 07:20:39] [run_formula] Running formula rast-p18 with K=43 up to limit 1600
[2025-12-12 07:20:43] [generate_cnf] Generating formula rast-p18 with K=44
[2025-12-12 07:20:48] [run_formula] Running formula rast-p18 with K=44 up to limit 1600
[2025-12-12 07:20:53] [generate_cnf] Generating formula rast-p18 with K=45
[2025-12-12 07:20:59] [run_formula] Running formula rast-p18 with K=45 up to limit 1600
[2025-12-12 07:21:02] [generate_cnf] Generating formula rast-p18 with K=46
[2025-12-12 07:21:08] [run_formula] Running formula rast-p18 with K=46 up to limit 1600
[2025-12-12 07:21:12] [generate_cnf] Generating formula rast-p18 with K=47
[2025-12-12 07:21:19] [run_formula] Running formula rast-p18 with K=47 up to limit 1600
[2025-12-12 07:21:23] [generate_cnf] Generating formula rast-p18 with K=48
[2025-12-12 07:21:30] [run_formula] Running formula rast-p18 with K=48 up to limit 1600
[2025-12-12 07:21:35] [generate_cnf] Generating formula rast-p18 with K=49
[2025-12-12 07:21:42] [run_formula] Running formula rast-p18 with K=49 up to limit 1600
[2025-12-12 07:21:46] [generate_cnf] Generating formula rast-p18 with K=50
[2025-12-12 07:21:54] [run_formula] Running formula rast-p18 with K=50 up to limit 1600
[2025-12-12 07:22:00] [generate_cnf] Generating formula rast-p18 with K=51
[2025-12-12 07:22:06] [run_formula] Running formula rast-p18 with K=51 up to limit 1600
[2025-12-12 07:22:13] [generate_cnf] Generating formula rast-p18 with K=52
[2025-12-12 07:22:20] [run_formula] Running formula rast-p18 with K=52 up to limit 1600
[2025-12-12 07:22:24] [generate_cnf] Generating formula rast-p18 with K=53
[2025-12-12 07:22:31] [run_formula] Running formula rast-p18 with K=53 up to limit 1600
[2025-12-12 07:22:38] [generate_cnf] Generating formula rast-p18 with K=54
[2025-12-12 07:22:45] [run_formula] Running formula rast-p18 with K=54 up to limit 1600
[2025-12-12 07:22:54] [generate_cnf] Generating formula rast-p18 with K=55
[2025-12-12 07:23:02] [run_formula] Running formula rast-p18 with K=55 up to limit 1600
[2025-12-12 07:23:07] [generate_cnf] Generating formula rast-p18 with K=56
[2025-12-12 07:23:15] [run_formula] Running formula rast-p18 with K=56 up to limit 1600
[2025-12-12 07:23:22] [generate_cnf] Generating formula rast-p18 with K=57
[2025-12-12 07:23:29] [run_formula] Running formula rast-p18 with K=57 up to limit 1600
[2025-12-12 07:23:35] [generate_cnf] Generating formula rast-p18 with K=58
[2025-12-12 07:23:43] [run_formula] Running formula rast-p18 with K=58 up to limit 1600
[2025-12-12 07:23:49] [generate_cnf] Generating formula rast-p18 with K=59
[2025-12-12 07:23:57] [run_formula] Running formula rast-p18 with K=59 up to limit 1600
[2025-12-12 07:24:01] [generate_cnf] Generating formula rast-p18 with K=60
[2025-12-12 07:24:10] [run_formula] Running formula rast-p18 with K=60 up to limit 1600
[2025-12-12 07:24:15] [generate_cnf] Generating formula rast-p18 with K=61
[2025-12-12 07:24:23] [run_formula] Running formula rast-p18 with K=61 up to limit 1600
[2025-12-12 07:24:30] [generate_cnf] Generating formula rast-p18 with K=62
[2025-12-12 07:24:38] [run_formula] Running formula rast-p18 with K=62 up to limit 1600
[2025-12-12 07:24:45] [generate_cnf] Generating formula rast-p18 with K=63
[2025-12-12 07:24:53] [run_formula] Running formula rast-p18 with K=63 up to limit 1600
[2025-12-12 07:25:02] [generate_cnf] Generating formula rast-p18 with K=64
[2025-12-12 07:25:11] [run_formula] Running formula rast-p18 with K=64 up to limit 1600
[2025-12-12 07:25:17] [generate_cnf] Generating formula rast-p18 with K=65
[2025-12-12 07:25:26] [run_formula] Running formula rast-p18 with K=65 up to limit 1600
[2025-12-12 07:25:34] [generate_cnf] Generating formula rast-p18 with K=66
[2025-12-12 07:25:43] [run_formula] Running formula rast-p18 with K=66 up to limit 1600
[2025-12-12 07:25:50] [generate_cnf] Generating formula rast-p18 with K=67
[2025-12-12 07:25:59] [run_formula] Running formula rast-p18 with K=67 up to limit 1600
[2025-12-12 07:26:07] [generate_cnf] Generating formula rast-p18 with K=68
[2025-12-12 07:26:17] [run_formula] Running formula rast-p18 with K=68 up to limit 1600
[2025-12-12 07:26:24] [generate_cnf] Generating formula rast-p18 with K=69
[2025-12-12 07:26:34] [run_formula] Running formula rast-p18 with K=69 up to limit 1600
[2025-12-12 07:26:42] [generate_cnf] Generating formula rast-p18 with K=70
[2025-12-12 07:26:52] [run_formula] Running formula rast-p18 with K=70 up to limit 1600
[2025-12-12 07:27:02] [generate_cnf] Generating formula rast-p18 with K=71
[2025-12-12 07:27:12] [run_formula] Running formula rast-p18 with K=71 up to limit 1600
[2025-12-12 07:27:23] [generate_cnf] Generating formula rast-p18 with K=72
[2025-12-12 07:27:32] [run_formula] Running formula rast-p18 with K=72 up to limit 1600
[2025-12-12 07:27:40] [generate_cnf] Generating formula rast-p18 with K=73
[2025-12-12 07:27:49] [run_formula] Running formula rast-p18 with K=73 up to limit 1600
[2025-12-12 07:27:58] [generate_cnf] Generating formula rast-p18 with K=74
[2025-12-12 07:28:08] [run_formula] Running formula rast-p18 with K=74 up to limit 1600
[2025-12-12 07:28:17] [generate_cnf] Generating formula rast-p18 with K=75
[2025-12-12 07:28:28] [run_formula] Running formula rast-p18 with K=75 up to limit 1600
[2025-12-12 07:28:36] [generate_cnf] Generating formula rast-p18 with K=76
[2025-12-12 07:28:46] [run_formula] Running formula rast-p18 with K=76 up to limit 1600
[2025-12-12 07:28:52] [generate_cnf] Generating formula rast-p18 with K=77
[2025-12-12 07:29:02] [run_formula] Running formula rast-p18 with K=77 up to limit 1600
[2025-12-12 07:29:10] [generate_cnf] Generating formula rast-p18 with K=78
[2025-12-12 07:29:21] [run_formula] Running formula rast-p18 with K=78 up to limit 1600
[2025-12-12 07:29:32] [generate_cnf] Generating formula rast-p18 with K=79
[2025-12-12 07:29:42] [run_formula] Running formula rast-p18 with K=79 up to limit 1600
[2025-12-12 07:29:49] [generate_cnf] Generating formula rast-p18 with K=80
[2025-12-12 07:30:00] [run_formula] Running formula rast-p18 with K=80 up to limit 1600
[2025-12-12 07:30:09] [generate_cnf] Generating formula rast-p18 with K=81
[2025-12-12 07:30:20] [run_formula] Running formula rast-p18 with K=81 up to limit 1600
[2025-12-12 07:30:28] [generate_cnf] Generating formula rast-p18 with K=82
[2025-12-12 07:30:41] [run_formula] Running formula rast-p18 with K=82 up to limit 1600
[2025-12-12 07:30:50] [generate_cnf] Generating formula rast-p18 with K=83
[2025-12-12 07:31:06] [run_formula] Running formula rast-p18 with K=83 up to limit 1600
[2025-12-12 07:31:15] [generate_cnf] Generating formula rast-p18 with K=84
[2025-12-12 07:31:27] [run_formula] Running formula rast-p18 with K=84 up to limit 1600
[2025-12-12 07:31:36] [generate_cnf] Generating formula rast-p18 with K=85
[2025-12-12 07:31:49] [run_formula] Running formula rast-p18 with K=85 up to limit 1600
[2025-12-12 07:31:58] [generate_cnf] Generating formula rast-p18 with K=86
[2025-12-12 07:32:11] [run_formula] Running formula rast-p18 with K=86 up to limit 1600
[2025-12-12 07:32:22] [generate_cnf] Generating formula rast-p18 with K=87
[2025-12-12 07:32:35] [run_formula] Running formula rast-p18 with K=87 up to limit 1600
[2025-12-12 07:32:46] [generate_cnf] Generating formula rast-p18 with K=88
[2025-12-12 07:32:59] [run_formula] Running formula rast-p18 with K=88 up to limit 1600
[2025-12-12 07:33:09] [generate_cnf] Generating formula rast-p18 with K=89
[2025-12-12 07:33:23] [run_formula] Running formula rast-p18 with K=89 up to limit 1600
[2025-12-12 07:33:31] [generate_cnf] Generating formula rast-p18 with K=90
[2025-12-12 07:33:44] [run_formula] Running formula rast-p18 with K=90 up to limit 1600
[2025-12-12 07:33:55] [generate_cnf] Generating formula rast-p18 with K=91
[2025-12-12 07:34:08] [run_formula] Running formula rast-p18 with K=91 up to limit 1600
[2025-12-12 07:34:19] [generate_cnf] Generating formula rast-p18 with K=92
[2025-12-12 07:34:32] [run_formula] Running formula rast-p18 with K=92 up to limit 1600
[2025-12-12 07:34:43] [generate_cnf] Generating formula rast-p18 with K=93
[2025-12-12 07:34:57] [run_formula] Running formula rast-p18 with K=93 up to limit 1600
[2025-12-12 07:35:07] [generate_cnf] Generating formula rast-p18 with K=94
[2025-12-12 07:35:21] [run_formula] Running formula rast-p18 with K=94 up to limit 1600
[2025-12-12 07:35:30] [generate_cnf] Generating formula rast-p18 with K=95
[2025-12-12 07:35:44] [run_formula] Running formula rast-p18 with K=95 up to limit 1600
[2025-12-12 07:35:54] [generate_cnf] Generating formula rast-p18 with K=96
[2025-12-12 07:36:10] [run_formula] Running formula rast-p18 with K=96 up to limit 1600
[2025-12-12 07:36:20] [generate_cnf] Generating formula rast-p18 with K=97
[2025-12-12 07:36:34] [run_formula] Running formula rast-p18 with K=97 up to limit 1600
[2025-12-12 07:36:43] [generate_cnf] Generating formula rast-p18 with K=98
[2025-12-12 07:36:57] [run_formula] Running formula rast-p18 with K=98 up to limit 1600
[2025-12-12 07:37:08] [generate_cnf] Generating formula rast-p18 with K=99
[2025-12-12 07:37:23] [run_formula] Running formula rast-p18 with K=99 up to limit 1600
[2025-12-12 07:37:34] [generate_cnf] Generating formula rast-p18 with K=100
[2025-12-12 07:37:49] [run_formula] Running formula rast-p18 with K=100 up to limit 1600
[2025-12-12 07:38:00] [generate_cnf] Generating formula rast-p18 with K=101
[2025-12-12 07:38:15] [run_formula] Running formula rast-p18 with K=101 up to limit 1600
[2025-12-12 07:38:28] [generate_cnf] Generating formula rast-p18 with K=102
[2025-12-12 07:38:43] [run_formula] Running formula rast-p18 with K=102 up to limit 1600
[2025-12-12 07:38:52] [generate_cnf] Generating formula rast-p18 with K=103
[2025-12-12 07:39:08] [run_formula] Running formula rast-p18 with K=103 up to limit 1600
[2025-12-12 07:39:19] [generate_cnf] Generating formula rast-p18 with K=104
[2025-12-12 07:39:34] [run_formula] Running formula rast-p18 with K=104 up to limit 1600
[2025-12-12 07:39:45] [generate_cnf] Generating formula rast-p18 with K=105
[2025-12-12 07:40:01] [run_formula] Running formula rast-p18 with K=105 up to limit 1600
[2025-12-12 07:40:12] [generate_cnf] Generating formula rast-p18 with K=106
[2025-12-12 07:40:28] [run_formula] Running formula rast-p18 with K=106 up to limit 1600
[2025-12-12 07:40:41] [generate_cnf] Generating formula rast-p18 with K=107
[2025-12-12 07:40:57] [run_formula] Running formula rast-p18 with K=107 up to limit 1600
[2025-12-12 07:41:08] [generate_cnf] Generating formula rast-p18 with K=108
[2025-12-12 07:41:24] [run_formula] Running formula rast-p18 with K=108 up to limit 1600
[2025-12-12 07:41:36] [generate_cnf] Generating formula rast-p18 with K=109
[2025-12-12 07:41:52] [run_formula] Running formula rast-p18 with K=109 up to limit 1600
[2025-12-12 07:42:09] [generate_cnf] Generating formula rast-p18 with K=110
[2025-12-12 07:42:26] [run_formula] Running formula rast-p18 with K=110 up to limit 1600
[2025-12-12 07:42:39] [generate_cnf] Generating formula rast-p18 with K=111
[2025-12-12 07:42:55] [run_formula] Running formula rast-p18 with K=111 up to limit 1600
[2025-12-12 07:43:09] [generate_cnf] Generating formula rast-p18 with K=112
[2025-12-12 07:43:26] [run_formula] Running formula rast-p18 with K=112 up to limit 1600
[2025-12-12 07:43:38] [generate_cnf] Generating formula rast-p18 with K=113
[2025-12-12 07:43:54] [run_formula] Running formula rast-p18 with K=113 up to limit 1600
[2025-12-12 07:44:03] [generate_cnf] Generating formula rast-p18 with K=114
[2025-12-12 07:44:21] [run_formula] Running formula rast-p18 with K=114 up to limit 1600
[2025-12-12 07:44:34] [generate_cnf] Generating formula rast-p18 with K=115
[2025-12-12 07:44:52] [run_formula] Running formula rast-p18 with K=115 up to limit 1600
[2025-12-12 07:45:05] [generate_cnf] Generating formula rast-p18 with K=116
[2025-12-12 07:45:22] [run_formula] Running formula rast-p18 with K=116 up to limit 1600
[2025-12-12 07:45:35] [generate_cnf] Generating formula rast-p18 with K=117
[2025-12-12 07:45:53] [run_formula] Running formula rast-p18 with K=117 up to limit 1600
[2025-12-12 07:46:07] [generate_cnf] Generating formula rast-p18 with K=118
[2025-12-12 07:46:24] [run_formula] Running formula rast-p18 with K=118 up to limit 1600
[2025-12-12 07:46:40] [generate_cnf] Generating formula rast-p18 with K=119
[2025-12-12 07:46:59] [run_formula] Running formula rast-p18 with K=119 up to limit 1600
[2025-12-12 07:47:12] [generate_cnf] Generating formula rast-p18 with K=120
[2025-12-12 07:47:30] [run_formula] Running formula rast-p18 with K=120 up to limit 1600
[2025-12-12 07:47:43] [generate_cnf] Generating formula rast-p18 with K=121
[2025-12-12 07:48:02] [run_formula] Running formula rast-p18 with K=121 up to limit 1600
[2025-12-12 07:48:13] [generate_cnf] Generating formula rast-p18 with K=122
[2025-12-12 07:48:33] [run_formula] Running formula rast-p18 with K=122 up to limit 1600
[2025-12-12 07:48:43] [generate_cnf] Generating formula rast-p18 with K=123
[2025-12-12 07:49:01] [run_formula] Running formula rast-p18 with K=123 up to limit 1600
[2025-12-12 07:49:16] [generate_cnf] Generating formula rast-p18 with K=124
[2025-12-12 07:49:35] [run_formula] Running formula rast-p18 with K=124 up to limit 1600
[2025-12-12 07:49:48] [generate_cnf] Generating formula rast-p18 with K=125
[2025-12-12 07:50:07] [run_formula] Running formula rast-p18 with K=125 up to limit 1600
[2025-12-12 07:50:23] [generate_cnf] Generating formula rast-p18 with K=126
[2025-12-12 07:50:42] [run_formula] Running formula rast-p18 with K=126 up to limit 1600
[2025-12-12 07:50:55] [generate_cnf] Generating formula rast-p18 with K=127
[2025-12-12 07:51:14] [run_formula] Running formula rast-p18 with K=127 up to limit 1600
[2025-12-12 07:51:29] [generate_cnf] Generating formula rast-p18 with K=128
[2025-12-12 07:51:48] [run_formula] Running formula rast-p18 with K=128 up to limit 1600
[2025-12-12 07:52:01] [generate_cnf] Generating formula rast-p18 with K=129
[2025-12-12 07:52:21] [run_formula] Running formula rast-p18 with K=129 up to limit 1600
[2025-12-12 07:52:33] [generate_cnf] Generating formula rast-p18 with K=130
[2025-12-12 07:52:53] [run_formula] Running formula rast-p18 with K=130 up to limit 1600
[2025-12-12 07:53:07] [generate_cnf] Generating formula rast-p18 with K=131
[2025-12-12 07:53:26] [run_formula] Running formula rast-p18 with K=131 up to limit 1600
[2025-12-12 07:53:39] [generate_cnf] Generating formula rast-p18 with K=132
[2025-12-12 07:53:59] [run_formula] Running formula rast-p18 with K=132 up to limit 1600
[2025-12-12 07:54:13] [generate_cnf] Generating formula rast-p18 with K=133
[2025-12-12 07:54:33] [run_formula] Running formula rast-p18 with K=133 up to limit 1600
[2025-12-12 07:54:50] [generate_cnf] Generating formula rast-p18 with K=134
[2025-12-12 07:55:11] [run_formula] Running formula rast-p18 with K=134 up to limit 1600
[2025-12-12 07:55:25] [generate_cnf] Generating formula rast-p18 with K=135
[2025-12-12 07:55:45] [run_formula] Running formula rast-p18 with K=135 up to limit 1600
[2025-12-12 07:56:02] [generate_cnf] Generating formula rast-p18 with K=136
[2025-12-12 07:56:23] [run_formula] Running formula rast-p18 with K=136 up to limit 1600
[2025-12-12 07:56:39] [generate_cnf] Generating formula rast-p18 with K=137
[2025-12-12 07:56:59] [run_formula] Running formula rast-p18 with K=137 up to limit 1600
[2025-12-12 07:57:15] [generate_cnf] Generating formula rast-p18 with K=138
[2025-12-12 07:57:36] [run_formula] Running formula rast-p18 with K=138 up to limit 1600
[2025-12-12 07:57:50] [generate_cnf] Generating formula rast-p18 with K=139
[2025-12-12 07:58:13] [run_formula] Running formula rast-p18 with K=139 up to limit 1600
[2025-12-12 07:58:30] [generate_cnf] Generating formula rast-p18 with K=140
[2025-12-12 07:58:51] [run_formula] Running formula rast-p18 with K=140 up to limit 1600
[2025-12-12 07:59:06] [generate_cnf] Generating formula rast-p18 with K=141
[2025-12-12 07:59:28] [run_formula] Running formula rast-p18 with K=141 up to limit 1600
[2025-12-12 07:59:46] [generate_cnf] Generating formula rast-p18 with K=142
[2025-12-12 08:00:07] [run_formula] Running formula rast-p18 with K=142 up to limit 1600
[2025-12-12 08:00:23] [generate_cnf] Generating formula rast-p18 with K=143
[2025-12-12 08:00:45] [run_formula] Running formula rast-p18 with K=143 up to limit 1600
[2025-12-12 08:01:02] [generate_cnf] Generating formula rast-p18 with K=144
[2025-12-12 08:01:25] [run_formula] Running formula rast-p18 with K=144 up to limit 1600
[2025-12-12 08:01:42] [generate_cnf] Generating formula rast-p18 with K=145
[2025-12-12 08:02:03] [run_formula] Running formula rast-p18 with K=145 up to limit 1600
[2025-12-12 08:02:20] [generate_cnf] Generating formula rast-p18 with K=146
[2025-12-12 08:02:42] [run_formula] Running formula rast-p18 with K=146 up to limit 1600
[2025-12-12 08:02:58] [generate_cnf] Generating formula rast-p18 with K=147
[2025-12-12 08:03:20] [run_formula] Running formula rast-p18 with K=147 up to limit 1600
[2025-12-12 08:03:39] [generate_cnf] Generating formula rast-p18 with K=148
[2025-12-12 08:04:02] [run_formula] Running formula rast-p18 with K=148 up to limit 1600
[2025-12-12 08:04:19] [generate_cnf] Generating formula rast-p18 with K=149
[2025-12-12 08:04:42] [run_formula] Running formula rast-p18 with K=149 up to limit 1600
[2025-12-12 08:04:58] [generate_cnf] Generating formula rast-p18 with K=150
[2025-12-12 08:05:21] [run_formula] Running formula rast-p18 with K=150 up to limit 1600
[2025-12-12 08:05:49] [generate_cnf] Generating formula rast-p18 with K=151
[2025-12-12 08:06:12] [run_formula] Running formula rast-p18 with K=151 up to limit 1600
[2025-12-12 08:06:32] [generate_cnf] Generating formula rast-p18 with K=152
[2025-12-12 08:06:55] [run_formula] Running formula rast-p18 with K=152 up to limit 1600
[2025-12-12 08:07:15] [generate_cnf] Generating formula rast-p18 with K=153
[2025-12-12 08:07:39] [run_formula] Running formula rast-p18 with K=153 up to limit 1600
[2025-12-12 08:07:57] [generate_cnf] Generating formula rast-p18 with K=154
[2025-12-12 08:08:21] [run_formula] Running formula rast-p18 with K=154 up to limit 1600
[2025-12-12 08:08:40] [generate_cnf] Generating formula rast-p18 with K=155
[2025-12-12 08:09:05] [run_formula] Running formula rast-p18 with K=155 up to limit 1600
[2025-12-12 08:09:24] [generate_cnf] Generating formula rast-p18 with K=156
[2025-12-12 08:09:49] [run_formula] Running formula rast-p18 with K=156 up to limit 1600
[2025-12-12 08:10:10] [generate_cnf] Generating formula rast-p18 with K=157
[2025-12-12 08:10:34] [run_formula] Running formula rast-p18 with K=157 up to limit 1600
[2025-12-12 08:10:53] [generate_cnf] Generating formula rast-p18 with K=158
[2025-12-12 08:11:20] [run_formula] Running formula rast-p18 with K=158 up to limit 1600
[2025-12-12 08:11:44] [generate_cnf] Generating formula rast-p18 with K=159
[2025-12-12 08:12:10] [run_formula] Running formula rast-p18 with K=159 up to limit 1600
[2025-12-12 08:12:24] [generate_cnf] Generating formula rast-p18 with K=160
[2025-12-12 08:12:51] [run_formula] Running formula rast-p18 with K=160 up to limit 1600
[2025-12-12 08:13:28] [generate_cnf] Generating formula rast-p18 with K=161
[2025-12-12 08:13:56] [run_formula] Running formula rast-p18 with K=161 up to limit 1600
[2025-12-12 08:14:25] [generate_cnf] Generating formula rast-p18 with K=162
[2025-12-12 08:14:55] [run_formula] Running formula rast-p18 with K=162 up to limit 1600
[2025-12-12 08:15:30] [generate_cnf] Generating formula rast-p18 with K=163
[2025-12-12 08:15:59] [run_formula] Running formula rast-p18 with K=163 up to limit 1600
[2025-12-12 08:16:22] [generate_cnf] Generating formula rast-p18 with K=164
[2025-12-12 08:16:52] [run_formula] Running formula rast-p18 with K=164 up to limit 1600
[2025-12-12 08:17:19] [generate_cnf] Generating formula rast-p18 with K=165
[2025-12-12 08:17:48] [run_formula] Running formula rast-p18 with K=165 up to limit 1600
[2025-12-12 08:18:02] [generate_cnf] Generating formula rast-p18 with K=166
[2025-12-12 08:18:31] [run_formula] Running formula rast-p18 with K=166 up to limit 1600
[2025-12-12 08:18:44] [generate_cnf] Generating formula rast-p18 with K=167
[2025-12-12 08:19:11] [run_formula] Running formula rast-p18 with K=167 up to limit 1600
[2025-12-12 08:19:31] [generate_cnf] Generating formula rast-p18 with K=168
[2025-12-12 08:19:59] [run_formula] Running formula rast-p18 with K=168 up to limit 1600
[2025-12-12 08:20:20] [generate_cnf] Generating formula rast-p18 with K=169
[2025-12-12 08:20:48] [run_formula] Running formula rast-p18 with K=169 up to limit 1600
[2025-12-12 08:21:08] [generate_cnf] Generating formula rast-p18 with K=170
[2025-12-12 08:21:36] [run_formula] Running formula rast-p18 with K=170 up to limit 1600
[2025-12-12 08:21:55] [generate_cnf] Generating formula rast-p18 with K=171
[2025-12-12 08:22:23] [run_formula] Running formula rast-p18 with K=171 up to limit 1600
[2025-12-12 08:22:46] [generate_cnf] Generating formula rast-p18 with K=172
[2025-12-12 08:23:17] [run_formula] Running formula rast-p18 with K=172 up to limit 1600
[2025-12-12 08:23:35] [generate_cnf] Generating formula rast-p18 with K=173
[2025-12-12 08:24:06] [run_formula] Running formula rast-p18 with K=173 up to limit 1600
[2025-12-12 08:24:23] [generate_cnf] Generating formula rast-p18 with K=174
[2025-12-12 08:24:55] [run_formula] Running formula rast-p18 with K=174 up to limit 1600
[2025-12-12 08:25:14] [generate_cnf] Generating formula rast-p18 with K=175
[2025-12-12 08:25:45] [run_formula] Running formula rast-p18 with K=175 up to limit 1600
[2025-12-12 08:26:05] [generate_cnf] Generating formula rast-p18 with K=176
[2025-12-12 08:26:35] [run_formula] Running formula rast-p18 with K=176 up to limit 1600
[2025-12-12 08:26:53] [generate_cnf] Generating formula rast-p18 with K=177
[2025-12-12 08:27:23] [run_formula] Running formula rast-p18 with K=177 up to limit 1600
[2025-12-12 08:27:46] [generate_cnf] Generating formula rast-p18 with K=178
[2025-12-12 08:28:03] [generate_and_run_up_to_limit] Failed to generate CNF for rast-p18 with K=178, halting
