CNF written.
CNF written.
CNF written.
CNF written.
CNF written.
CNF written.
CNF written.
CNF written.
CNF written.
CNF written.
CNF written.
CNF written.
CNF written.
CNF written.
CNF written.
CNF written.
CNF written.
CNF written.
CNF written.
CNF written.
CNF written.
CNF written.
CNF written.
CNF written.
CNF written.
CNF written.
CNF written.
CNF written.
CNF written.
CNF written.
CNF written.
CNF written.
CNF written.
CNF written.
[2025-12-12 08:03:39] [generate_and_run_up_to_limit] Generating and running rast-p00 with K<=500 up to limit 1600
[2025-12-12 08:03:39] [generate_cnf] Generating formula rast-p00 with K=1
[2025-12-12 08:03:40] [run_formula] Running formula rast-p00 with K=1 up to limit 1600
[2025-12-12 08:03:40] [generate_cnf] Generating formula rast-p00 with K=2
[2025-12-12 08:03:40] [run_formula] Running formula rast-p00 with K=2 up to limit 1600
[2025-12-12 08:03:40] [generate_cnf] Generating formula rast-p00 with K=3
[2025-12-12 08:03:41] [run_formula] Running formula rast-p00 with K=3 up to limit 1600
[2025-12-12 08:03:41] [generate_cnf] Generating formula rast-p00 with K=4
[2025-12-12 08:03:42] [run_formula] Running formula rast-p00 with K=4 up to limit 1600
[2025-12-12 08:03:42] [generate_cnf] Generating formula rast-p00 with K=5
[2025-12-12 08:03:43] [run_formula] Running formula rast-p00 with K=5 up to limit 1600
[2025-12-12 08:03:43] [generate_cnf] Generating formula rast-p00 with K=6
[2025-12-12 08:03:44] [run_formula] Running formula rast-p00 with K=6 up to limit 1600
[2025-12-12 08:03:44] [generate_cnf] Generating formula rast-p00 with K=7
[2025-12-12 08:03:46] [run_formula] Running formula rast-p00 with K=7 up to limit 1600
[2025-12-12 08:03:46] [generate_cnf] Generating formula rast-p00 with K=8
[2025-12-12 08:03:47] [run_formula] Running formula rast-p00 with K=8 up to limit 1600
[2025-12-12 08:03:48] [generate_cnf] Generating formula rast-p00 with K=9
[2025-12-12 08:03:49] [run_formula] Running formula rast-p00 with K=9 up to limit 1600
[2025-12-12 08:03:50] [generate_cnf] Generating formula rast-p00 with K=10
[2025-12-12 08:03:52] [run_formula] Running formula rast-p00 with K=10 up to limit 1600
[2025-12-12 08:03:53] [generate_cnf] Generating formula rast-p00 with K=11
[2025-12-12 08:03:55] [run_formula] Running formula rast-p00 with K=11 up to limit 1600
[2025-12-12 08:03:57] [generate_cnf] Generating formula rast-p00 with K=12
[2025-12-12 08:03:58] [run_formula] Running formula rast-p00 with K=12 up to limit 1600
[2025-12-12 08:04:01] [generate_cnf] Generating formula rast-p00 with K=13
[2025-12-12 08:04:03] [run_formula] Running formula rast-p00 with K=13 up to limit 1600
[2025-12-12 08:04:06] [generate_cnf] Generating formula rast-p00 with K=14
[2025-12-12 08:04:08] [run_formula] Running formula rast-p00 with K=14 up to limit 1600
[2025-12-12 08:04:13] [generate_cnf] Generating formula rast-p00 with K=15
[2025-12-12 08:04:15] [run_formula] Running formula rast-p00 with K=15 up to limit 1600
[2025-12-12 08:04:22] [generate_cnf] Generating formula rast-p00 with K=16
[2025-12-12 08:04:24] [run_formula] Running formula rast-p00 with K=16 up to limit 1600
[2025-12-12 08:04:32] [generate_cnf] Generating formula rast-p00 with K=17
[2025-12-12 08:04:35] [run_formula] Running formula rast-p00 with K=17 up to limit 1600
[2025-12-12 08:04:45] [generate_cnf] Generating formula rast-p00 with K=18
[2025-12-12 08:04:48] [run_formula] Running formula rast-p00 with K=18 up to limit 1600
[2025-12-12 08:05:05] [generate_cnf] Generating formula rast-p00 with K=19
[2025-12-12 08:05:08] [run_formula] Running formula rast-p00 with K=19 up to limit 1600
[2025-12-12 08:05:22] [generate_cnf] Generating formula rast-p00 with K=20
[2025-12-12 08:05:25] [run_formula] Running formula rast-p00 with K=20 up to limit 1600
[2025-12-12 08:05:50] [generate_cnf] Generating formula rast-p00 with K=21
[2025-12-12 08:05:53] [run_formula] Running formula rast-p00 with K=21 up to limit 1600
[2025-12-12 08:06:20] [generate_cnf] Generating formula rast-p00 with K=22
[2025-12-12 08:06:24] [run_formula] Running formula rast-p00 with K=22 up to limit 1600
[2025-12-12 08:07:05] [generate_cnf] Generating formula rast-p00 with K=23
[2025-12-12 08:07:08] [run_formula] Running formula rast-p00 with K=23 up to limit 1600
[2025-12-12 08:07:41] [generate_cnf] Generating formula rast-p00 with K=24
[2025-12-12 08:07:44] [run_formula] Running formula rast-p00 with K=24 up to limit 1600
[2025-12-12 08:08:37] [generate_cnf] Generating formula rast-p00 with K=25
[2025-12-12 08:08:41] [run_formula] Running formula rast-p00 with K=25 up to limit 1600
[2025-12-12 08:09:34] [generate_cnf] Generating formula rast-p00 with K=26
[2025-12-12 08:09:37] [run_formula] Running formula rast-p00 with K=26 up to limit 1600
[2025-12-12 08:10:56] [generate_cnf] Generating formula rast-p00 with K=27
[2025-12-12 08:11:00] [run_formula] Running formula rast-p00 with K=27 up to limit 1600
[2025-12-12 08:12:45] [generate_cnf] Generating formula rast-p00 with K=28
[2025-12-12 08:12:49] [run_formula] Running formula rast-p00 with K=28 up to limit 1600
[2025-12-12 08:14:28] [generate_cnf] Generating formula rast-p00 with K=29
[2025-12-12 08:14:32] [run_formula] Running formula rast-p00 with K=29 up to limit 1600
[2025-12-12 08:16:39] [generate_cnf] Generating formula rast-p00 with K=30
[2025-12-12 08:16:43] [run_formula] Running formula rast-p00 with K=30 up to limit 1600
[2025-12-12 08:18:38] [generate_cnf] Generating formula rast-p00 with K=31
[2025-12-12 08:18:42] [run_formula] Running formula rast-p00 with K=31 up to limit 1600
[2025-12-12 08:20:54] [generate_cnf] Generating formula rast-p00 with K=32
[2025-12-12 08:20:59] [run_formula] Running formula rast-p00 with K=32 up to limit 1600
[2025-12-12 08:23:37] [generate_cnf] Generating formula rast-p00 with K=33
[2025-12-12 08:23:42] [run_formula] Running formula rast-p00 with K=33 up to limit 1600
[2025-12-12 08:27:11] [generate_cnf] Generating formula rast-p00 with K=34
[2025-12-12 08:27:15] [run_formula] Running formula rast-p00 with K=34 up to limit 1600
[2025-12-12 08:30:57] [run_formula] Error running formula rast-p00 with K=34: [Errno 122] Disk quota exceeded: './results/solving_logs/rast-p00//rast-p00.34.log'
[2025-12-12 08:30:57] [generate_and_run_up_to_limit] Failed to run formula rast-p00 with K=34, halting
