CNF written.
CNF written.
CNF written.
CNF written.
CNF written.
CNF written.
CNF written.
CNF written.
CNF written.
CNF written.
CNF written.
CNF written.
CNF written.
CNF written.
CNF written.
CNF written.
CNF written.
CNF written.
CNF written.
CNF written.
CNF written.
CNF written.
CNF written.
CNF written.
CNF written.
CNF written.
CNF written.
CNF written.
CNF written.
CNF written.
CNF written.
CNF written.
CNF written.
CNF written.
CNF written.
CNF written.
CNF written.
CNF written.
CNF written.
CNF written.
CNF written.
CNF written.
CNF written.
CNF written.
CNF written.
CNF written.
CNF written.
CNF written.
CNF written.
CNF written.
CNF written.
CNF written.
CNF written.
CNF written.
CNF written.
CNF written.
CNF written.
CNF written.
CNF written.
CNF written.
CNF written.
CNF written.
CNF written.
CNF written.
CNF written.
CNF written.
CNF written.
CNF written.
CNF written.
CNF written.
CNF written.
CNF written.
CNF written.
CNF written.
CNF written.
CNF written.
CNF written.
CNF written.
CNF written.
CNF written.
CNF written.
CNF written.
CNF written.
CNF written.
CNF written.
CNF written.
CNF written.
CNF written.
CNF written.
CNF written.
CNF written.
CNF written.
CNF written.
CNF written.
CNF written.
CNF written.
CNF written.
CNF written.
CNF written.
CNF written.
CNF written.
CNF written.
CNF written.
CNF written.
CNF written.
CNF written.
CNF written.
CNF written.
CNF written.
CNF written.
CNF written.
CNF written.
CNF written.
CNF written.
CNF written.
CNF written.
CNF written.
CNF written.
[2025-12-12 07:57:05] [generate_and_run_up_to_limit] Generating and running rast-p01 with K<=500 up to limit 1600
[2025-12-12 07:57:05] [generate_cnf] Generating formula rast-p01 with K=1
[2025-12-12 07:57:06] [run_formula] Running formula rast-p01 with K=1 up to limit 1600
[2025-12-12 07:57:06] [generate_cnf] Generating formula rast-p01 with K=2
[2025-12-12 07:57:06] [run_formula] Running formula rast-p01 with K=2 up to limit 1600
[2025-12-12 07:57:06] [generate_cnf] Generating formula rast-p01 with K=3
[2025-12-12 07:57:07] [run_formula] Running formula rast-p01 with K=3 up to limit 1600
[2025-12-12 07:57:07] [generate_cnf] Generating formula rast-p01 with K=4
[2025-12-12 07:57:08] [run_formula] Running formula rast-p01 with K=4 up to limit 1600
[2025-12-12 07:57:08] [generate_cnf] Generating formula rast-p01 with K=5
[2025-12-12 07:57:09] [run_formula] Running formula rast-p01 with K=5 up to limit 1600
[2025-12-12 07:57:09] [generate_cnf] Generating formula rast-p01 with K=6
[2025-12-12 07:57:10] [run_formula] Running formula rast-p01 with K=6 up to limit 1600
[2025-12-12 07:57:11] [generate_cnf] Generating formula rast-p01 with K=7
[2025-12-12 07:57:12] [run_formula] Running formula rast-p01 with K=7 up to limit 1600
[2025-12-12 07:57:12] [generate_cnf] Generating formula rast-p01 with K=8
[2025-12-12 07:57:14] [run_formula] Running formula rast-p01 with K=8 up to limit 1600
[2025-12-12 07:57:14] [generate_cnf] Generating formula rast-p01 with K=9
[2025-12-12 07:57:16] [run_formula] Running formula rast-p01 with K=9 up to limit 1600
[2025-12-12 07:57:17] [generate_cnf] Generating formula rast-p01 with K=10
[2025-12-12 07:57:18] [run_formula] Running formula rast-p01 with K=10 up to limit 1600
[2025-12-12 07:57:19] [generate_cnf] Generating formula rast-p01 with K=11
[2025-12-12 07:57:21] [run_formula] Running formula rast-p01 with K=11 up to limit 1600
[2025-12-12 07:57:21] [generate_cnf] Generating formula rast-p01 with K=12
[2025-12-12 07:57:23] [run_formula] Running formula rast-p01 with K=12 up to limit 1600
[2025-12-12 07:57:24] [generate_cnf] Generating formula rast-p01 with K=13
[2025-12-12 07:57:26] [run_formula] Running formula rast-p01 with K=13 up to limit 1600
[2025-12-12 07:57:27] [generate_cnf] Generating formula rast-p01 with K=14
[2025-12-12 07:57:29] [run_formula] Running formula rast-p01 with K=14 up to limit 1600
[2025-12-12 07:57:30] [generate_cnf] Generating formula rast-p01 with K=15
[2025-12-12 07:57:32] [run_formula] Running formula rast-p01 with K=15 up to limit 1600
[2025-12-12 07:57:33] [generate_cnf] Generating formula rast-p01 with K=16
[2025-12-12 07:57:35] [run_formula] Running formula rast-p01 with K=16 up to limit 1600
[2025-12-12 07:57:36] [generate_cnf] Generating formula rast-p01 with K=17
[2025-12-12 07:57:39] [run_formula] Running formula rast-p01 with K=17 up to limit 1600
[2025-12-12 07:57:40] [generate_cnf] Generating formula rast-p01 with K=18
[2025-12-12 07:57:43] [run_formula] Running formula rast-p01 with K=18 up to limit 1600
[2025-12-12 07:57:44] [generate_cnf] Generating formula rast-p01 with K=19
[2025-12-12 07:57:47] [run_formula] Running formula rast-p01 with K=19 up to limit 1600
[2025-12-12 07:57:49] [generate_cnf] Generating formula rast-p01 with K=20
[2025-12-12 07:57:52] [run_formula] Running formula rast-p01 with K=20 up to limit 1600
[2025-12-12 07:57:53] [generate_cnf] Generating formula rast-p01 with K=21
[2025-12-12 07:57:56] [run_formula] Running formula rast-p01 with K=21 up to limit 1600
[2025-12-12 07:57:57] [generate_cnf] Generating formula rast-p01 with K=22
[2025-12-12 07:58:01] [run_formula] Running formula rast-p01 with K=22 up to limit 1600
[2025-12-12 07:58:02] [generate_cnf] Generating formula rast-p01 with K=23
[2025-12-12 07:58:06] [run_formula] Running formula rast-p01 with K=23 up to limit 1600
[2025-12-12 07:58:07] [generate_cnf] Generating formula rast-p01 with K=24
[2025-12-12 07:58:11] [run_formula] Running formula rast-p01 with K=24 up to limit 1600
[2025-12-12 07:58:12] [generate_cnf] Generating formula rast-p01 with K=25
[2025-12-12 07:58:16] [run_formula] Running formula rast-p01 with K=25 up to limit 1600
[2025-12-12 07:58:18] [generate_cnf] Generating formula rast-p01 with K=26
[2025-12-12 07:58:22] [run_formula] Running formula rast-p01 with K=26 up to limit 1600
[2025-12-12 07:58:23] [generate_cnf] Generating formula rast-p01 with K=27
[2025-12-12 07:58:27] [run_formula] Running formula rast-p01 with K=27 up to limit 1600
[2025-12-12 07:58:29] [generate_cnf] Generating formula rast-p01 with K=28
[2025-12-12 07:58:34] [run_formula] Running formula rast-p01 with K=28 up to limit 1600
[2025-12-12 07:58:35] [generate_cnf] Generating formula rast-p01 with K=29
[2025-12-12 07:58:40] [run_formula] Running formula rast-p01 with K=29 up to limit 1600
[2025-12-12 07:58:41] [generate_cnf] Generating formula rast-p01 with K=30
[2025-12-12 07:58:46] [run_formula] Running formula rast-p01 with K=30 up to limit 1600
[2025-12-12 07:58:48] [generate_cnf] Generating formula rast-p01 with K=31
[2025-12-12 07:58:53] [run_formula] Running formula rast-p01 with K=31 up to limit 1600
[2025-12-12 07:58:55] [generate_cnf] Generating formula rast-p01 with K=32
[2025-12-12 07:59:00] [run_formula] Running formula rast-p01 with K=32 up to limit 1600
[2025-12-12 07:59:02] [generate_cnf] Generating formula rast-p01 with K=33
[2025-12-12 07:59:07] [run_formula] Running formula rast-p01 with K=33 up to limit 1600
[2025-12-12 07:59:09] [generate_cnf] Generating formula rast-p01 with K=34
[2025-12-12 07:59:14] [run_formula] Running formula rast-p01 with K=34 up to limit 1600
[2025-12-12 07:59:16] [generate_cnf] Generating formula rast-p01 with K=35
[2025-12-12 07:59:22] [run_formula] Running formula rast-p01 with K=35 up to limit 1600
[2025-12-12 07:59:24] [generate_cnf] Generating formula rast-p01 with K=36
[2025-12-12 07:59:29] [run_formula] Running formula rast-p01 with K=36 up to limit 1600
[2025-12-12 07:59:31] [generate_cnf] Generating formula rast-p01 with K=37
[2025-12-12 07:59:37] [run_formula] Running formula rast-p01 with K=37 up to limit 1600
[2025-12-12 07:59:39] [generate_cnf] Generating formula rast-p01 with K=38
[2025-12-12 07:59:45] [run_formula] Running formula rast-p01 with K=38 up to limit 1600
[2025-12-12 07:59:48] [generate_cnf] Generating formula rast-p01 with K=39
[2025-12-12 07:59:54] [run_formula] Running formula rast-p01 with K=39 up to limit 1600
[2025-12-12 07:59:56] [generate_cnf] Generating formula rast-p01 with K=40
[2025-12-12 08:00:02] [run_formula] Running formula rast-p01 with K=40 up to limit 1600
[2025-12-12 08:00:05] [generate_cnf] Generating formula rast-p01 with K=41
[2025-12-12 08:00:11] [run_formula] Running formula rast-p01 with K=41 up to limit 1600
[2025-12-12 08:00:14] [generate_cnf] Generating formula rast-p01 with K=42
[2025-12-12 08:00:20] [run_formula] Running formula rast-p01 with K=42 up to limit 1600
[2025-12-12 08:00:25] [generate_cnf] Generating formula rast-p01 with K=43
[2025-12-12 08:00:32] [run_formula] Running formula rast-p01 with K=43 up to limit 1600
[2025-12-12 08:00:34] [generate_cnf] Generating formula rast-p01 with K=44
[2025-12-12 08:00:41] [run_formula] Running formula rast-p01 with K=44 up to limit 1600
[2025-12-12 08:00:45] [generate_cnf] Generating formula rast-p01 with K=45
[2025-12-12 08:00:52] [run_formula] Running formula rast-p01 with K=45 up to limit 1600
[2025-12-12 08:00:55] [generate_cnf] Generating formula rast-p01 with K=46
[2025-12-12 08:01:02] [run_formula] Running formula rast-p01 with K=46 up to limit 1600
[2025-12-12 08:01:06] [generate_cnf] Generating formula rast-p01 with K=47
[2025-12-12 08:01:14] [run_formula] Running formula rast-p01 with K=47 up to limit 1600
[2025-12-12 08:01:16] [generate_cnf] Generating formula rast-p01 with K=48
[2025-12-12 08:01:24] [run_formula] Running formula rast-p01 with K=48 up to limit 1600
[2025-12-12 08:01:30] [generate_cnf] Generating formula rast-p01 with K=49
[2025-12-12 08:01:38] [run_formula] Running formula rast-p01 with K=49 up to limit 1600
[2025-12-12 08:01:41] [generate_cnf] Generating formula rast-p01 with K=50
[2025-12-12 08:01:49] [run_formula] Running formula rast-p01 with K=50 up to limit 1600
[2025-12-12 08:01:54] [generate_cnf] Generating formula rast-p01 with K=51
[2025-12-12 08:02:02] [run_formula] Running formula rast-p01 with K=51 up to limit 1600
[2025-12-12 08:02:04] [generate_cnf] Generating formula rast-p01 with K=52
[2025-12-12 08:02:13] [run_formula] Running formula rast-p01 with K=52 up to limit 1600
[2025-12-12 08:02:18] [generate_cnf] Generating formula rast-p01 with K=53
[2025-12-12 08:02:26] [run_formula] Running formula rast-p01 with K=53 up to limit 1600
[2025-12-12 08:02:29] [generate_cnf] Generating formula rast-p01 with K=54
[2025-12-12 08:02:37] [run_formula] Running formula rast-p01 with K=54 up to limit 1600
[2025-12-12 08:02:43] [generate_cnf] Generating formula rast-p01 with K=55
[2025-12-12 08:02:52] [run_formula] Running formula rast-p01 with K=55 up to limit 1600
[2025-12-12 08:02:54] [generate_cnf] Generating formula rast-p01 with K=56
[2025-12-12 08:03:03] [run_formula] Running formula rast-p01 with K=56 up to limit 1600
[2025-12-12 08:03:11] [generate_cnf] Generating formula rast-p01 with K=57
[2025-12-12 08:03:20] [run_formula] Running formula rast-p01 with K=57 up to limit 1600
[2025-12-12 08:03:23] [generate_cnf] Generating formula rast-p01 with K=58
[2025-12-12 08:03:32] [run_formula] Running formula rast-p01 with K=58 up to limit 1600
[2025-12-12 08:03:36] [generate_cnf] Generating formula rast-p01 with K=59
[2025-12-12 08:03:45] [run_formula] Running formula rast-p01 with K=59 up to limit 1600
[2025-12-12 08:03:50] [generate_cnf] Generating formula rast-p01 with K=60
[2025-12-12 08:04:00] [run_formula] Running formula rast-p01 with K=60 up to limit 1600
[2025-12-12 08:04:06] [generate_cnf] Generating formula rast-p01 with K=61
[2025-12-12 08:04:15] [run_formula] Running formula rast-p01 with K=61 up to limit 1600
[2025-12-12 08:04:23] [generate_cnf] Generating formula rast-p01 with K=62
[2025-12-12 08:04:33] [run_formula] Running formula rast-p01 with K=62 up to limit 1600
[2025-12-12 08:04:39] [generate_cnf] Generating formula rast-p01 with K=63
[2025-12-12 08:04:49] [run_formula] Running formula rast-p01 with K=63 up to limit 1600
[2025-12-12 08:04:59] [generate_cnf] Generating formula rast-p01 with K=64
[2025-12-12 08:05:09] [run_formula] Running formula rast-p01 with K=64 up to limit 1600
[2025-12-12 08:05:22] [generate_cnf] Generating formula rast-p01 with K=65
[2025-12-12 08:05:32] [run_formula] Running formula rast-p01 with K=65 up to limit 1600
[2025-12-12 08:05:40] [generate_cnf] Generating formula rast-p01 with K=66
[2025-12-12 08:05:51] [run_formula] Running formula rast-p01 with K=66 up to limit 1600
[2025-12-12 08:06:00] [generate_cnf] Generating formula rast-p01 with K=67
[2025-12-12 08:06:11] [run_formula] Running formula rast-p01 with K=67 up to limit 1600
[2025-12-12 08:06:19] [generate_cnf] Generating formula rast-p01 with K=68
[2025-12-12 08:06:30] [run_formula] Running formula rast-p01 with K=68 up to limit 1600
[2025-12-12 08:06:39] [generate_cnf] Generating formula rast-p01 with K=69
[2025-12-12 08:06:50] [run_formula] Running formula rast-p01 with K=69 up to limit 1600
[2025-12-12 08:07:00] [generate_cnf] Generating formula rast-p01 with K=70
[2025-12-12 08:07:11] [run_formula] Running formula rast-p01 with K=70 up to limit 1600
[2025-12-12 08:07:23] [generate_cnf] Generating formula rast-p01 with K=71
[2025-12-12 08:07:34] [run_formula] Running formula rast-p01 with K=71 up to limit 1600
[2025-12-12 08:07:44] [generate_cnf] Generating formula rast-p01 with K=72
[2025-12-12 08:07:55] [run_formula] Running formula rast-p01 with K=72 up to limit 1600
[2025-12-12 08:08:05] [generate_cnf] Generating formula rast-p01 with K=73
[2025-12-12 08:08:17] [run_formula] Running formula rast-p01 with K=73 up to limit 1600
[2025-12-12 08:08:28] [generate_cnf] Generating formula rast-p01 with K=74
[2025-12-12 08:08:40] [run_formula] Running formula rast-p01 with K=74 up to limit 1600
[2025-12-12 08:08:47] [generate_cnf] Generating formula rast-p01 with K=75
[2025-12-12 08:08:59] [run_formula] Running formula rast-p01 with K=75 up to limit 1600
[2025-12-12 08:09:05] [generate_cnf] Generating formula rast-p01 with K=76
[2025-12-12 08:09:17] [run_formula] Running formula rast-p01 with K=76 up to limit 1600
[2025-12-12 08:09:27] [generate_cnf] Generating formula rast-p01 with K=77
[2025-12-12 08:09:39] [run_formula] Running formula rast-p01 with K=77 up to limit 1600
[2025-12-12 08:09:51] [generate_cnf] Generating formula rast-p01 with K=78
[2025-12-12 08:10:03] [run_formula] Running formula rast-p01 with K=78 up to limit 1600
[2025-12-12 08:10:10] [generate_cnf] Generating formula rast-p01 with K=79
[2025-12-12 08:10:22] [run_formula] Running formula rast-p01 with K=79 up to limit 1600
[2025-12-12 08:10:33] [generate_cnf] Generating formula rast-p01 with K=80
[2025-12-12 08:10:45] [run_formula] Running formula rast-p01 with K=80 up to limit 1600
[2025-12-12 08:10:53] [generate_cnf] Generating formula rast-p01 with K=81
[2025-12-12 08:11:06] [run_formula] Running formula rast-p01 with K=81 up to limit 1600
[2025-12-12 08:11:15] [generate_cnf] Generating formula rast-p01 with K=82
[2025-12-12 08:11:28] [run_formula] Running formula rast-p01 with K=82 up to limit 1600
[2025-12-12 08:11:34] [generate_cnf] Generating formula rast-p01 with K=83
[2025-12-12 08:11:47] [run_formula] Running formula rast-p01 with K=83 up to limit 1600
[2025-12-12 08:11:56] [generate_cnf] Generating formula rast-p01 with K=84
[2025-12-12 08:12:09] [run_formula] Running formula rast-p01 with K=84 up to limit 1600
[2025-12-12 08:12:17] [generate_cnf] Generating formula rast-p01 with K=85
[2025-12-12 08:12:30] [run_formula] Running formula rast-p01 with K=85 up to limit 1600
[2025-12-12 08:12:39] [generate_cnf] Generating formula rast-p01 with K=86
[2025-12-12 08:12:53] [run_formula] Running formula rast-p01 with K=86 up to limit 1600
[2025-12-12 08:13:00] [generate_cnf] Generating formula rast-p01 with K=87
[2025-12-12 08:13:14] [run_formula] Running formula rast-p01 with K=87 up to limit 1600
[2025-12-12 08:13:21] [generate_cnf] Generating formula rast-p01 with K=88
[2025-12-12 08:13:35] [run_formula] Running formula rast-p01 with K=88 up to limit 1600
[2025-12-12 08:13:47] [generate_cnf] Generating formula rast-p01 with K=89
[2025-12-12 08:14:01] [run_formula] Running formula rast-p01 with K=89 up to limit 1600
[2025-12-12 08:14:11] [generate_cnf] Generating formula rast-p01 with K=90
[2025-12-12 08:14:25] [run_formula] Running formula rast-p01 with K=90 up to limit 1600
[2025-12-12 08:14:37] [generate_cnf] Generating formula rast-p01 with K=91
[2025-12-12 08:14:52] [run_formula] Running formula rast-p01 with K=91 up to limit 1600
[2025-12-12 08:15:02] [generate_cnf] Generating formula rast-p01 with K=92
[2025-12-12 08:15:17] [run_formula] Running formula rast-p01 with K=92 up to limit 1600
[2025-12-12 08:15:31] [generate_cnf] Generating formula rast-p01 with K=93
[2025-12-12 08:15:45] [run_formula] Running formula rast-p01 with K=93 up to limit 1600
[2025-12-12 08:15:56] [generate_cnf] Generating formula rast-p01 with K=94
[2025-12-12 08:16:10] [run_formula] Running formula rast-p01 with K=94 up to limit 1600
[2025-12-12 08:16:23] [generate_cnf] Generating formula rast-p01 with K=95
[2025-12-12 08:16:38] [run_formula] Running formula rast-p01 with K=95 up to limit 1600
[2025-12-12 08:16:47] [generate_cnf] Generating formula rast-p01 with K=96
[2025-12-12 08:17:01] [run_formula] Running formula rast-p01 with K=96 up to limit 1600
[2025-12-12 08:17:14] [generate_cnf] Generating formula rast-p01 with K=97
[2025-12-12 08:17:29] [run_formula] Running formula rast-p01 with K=97 up to limit 1600
[2025-12-12 08:17:40] [generate_cnf] Generating formula rast-p01 with K=98
[2025-12-12 08:17:55] [run_formula] Running formula rast-p01 with K=98 up to limit 1600
[2025-12-12 08:18:06] [generate_cnf] Generating formula rast-p01 with K=99
[2025-12-12 08:18:22] [run_formula] Running formula rast-p01 with K=99 up to limit 1600
[2025-12-12 08:18:35] [generate_cnf] Generating formula rast-p01 with K=100
[2025-12-12 08:18:51] [run_formula] Running formula rast-p01 with K=100 up to limit 1600
[2025-12-12 08:19:05] [generate_cnf] Generating formula rast-p01 with K=101
[2025-12-12 08:19:21] [run_formula] Running formula rast-p01 with K=101 up to limit 1600
[2025-12-12 08:19:30] [generate_cnf] Generating formula rast-p01 with K=102
[2025-12-12 08:19:46] [run_formula] Running formula rast-p01 with K=102 up to limit 1600
[2025-12-12 08:19:59] [generate_cnf] Generating formula rast-p01 with K=103
[2025-12-12 08:20:16] [run_formula] Running formula rast-p01 with K=103 up to limit 1600
[2025-12-12 08:20:28] [generate_cnf] Generating formula rast-p01 with K=104
[2025-12-12 08:20:44] [run_formula] Running formula rast-p01 with K=104 up to limit 1600
[2025-12-12 08:20:57] [generate_cnf] Generating formula rast-p01 with K=105
[2025-12-12 08:21:13] [run_formula] Running formula rast-p01 with K=105 up to limit 1600
[2025-12-12 08:21:25] [generate_cnf] Generating formula rast-p01 with K=106
[2025-12-12 08:21:42] [run_formula] Running formula rast-p01 with K=106 up to limit 1600
[2025-12-12 08:21:53] [generate_cnf] Generating formula rast-p01 with K=107
[2025-12-12 08:22:10] [run_formula] Running formula rast-p01 with K=107 up to limit 1600
[2025-12-12 08:22:24] [generate_cnf] Generating formula rast-p01 with K=108
[2025-12-12 08:22:41] [run_formula] Running formula rast-p01 with K=108 up to limit 1600
[2025-12-12 08:22:54] [generate_cnf] Generating formula rast-p01 with K=109
[2025-12-12 08:23:12] [run_formula] Running formula rast-p01 with K=109 up to limit 1600
[2025-12-12 08:23:26] [generate_cnf] Generating formula rast-p01 with K=110
[2025-12-12 08:23:44] [run_formula] Running formula rast-p01 with K=110 up to limit 1600
[2025-12-12 08:23:58] [generate_cnf] Generating formula rast-p01 with K=111
[2025-12-12 08:24:15] [run_formula] Running formula rast-p01 with K=111 up to limit 1600
[2025-12-12 08:24:28] [generate_cnf] Generating formula rast-p01 with K=112
[2025-12-12 08:24:46] [run_formula] Running formula rast-p01 with K=112 up to limit 1600
[2025-12-12 08:24:56] [generate_cnf] Generating formula rast-p01 with K=113
[2025-12-12 08:25:13] [run_formula] Running formula rast-p01 with K=113 up to limit 1600
[2025-12-12 08:25:26] [generate_cnf] Generating formula rast-p01 with K=114
[2025-12-12 08:25:44] [run_formula] Running formula rast-p01 with K=114 up to limit 1600
[2025-12-12 08:25:58] [generate_cnf] Generating formula rast-p01 with K=115
[2025-12-12 08:26:16] [run_formula] Running formula rast-p01 with K=115 up to limit 1600
[2025-12-12 08:26:26] [generate_cnf] Generating formula rast-p01 with K=116
[2025-12-12 08:26:45] [run_formula] Running formula rast-p01 with K=116 up to limit 1600
[2025-12-12 08:26:59] [generate_cnf] Generating formula rast-p01 with K=117
[2025-12-12 08:27:17] [run_formula] Running formula rast-p01 with K=117 up to limit 1600
[2025-12-12 08:27:34] [generate_cnf] Generating formula rast-p01 with K=118
[2025-12-12 08:27:53] [run_formula] Running formula rast-p01 with K=118 up to limit 1600
[2025-12-12 08:28:07] [run_formula] Error running formula rast-p01 with K=118: [Errno 122] Disk quota exceeded: './results/solving_logs/rast-p01//rast-p01.118.log'
[2025-12-12 08:28:07] [generate_and_run_up_to_limit] Failed to run formula rast-p01 with K=118, halting
