CNF written.
CNF written.
CNF written.
CNF written.
CNF written.
CNF written.
CNF written.
CNF written.
CNF written.
CNF written.
CNF written.
CNF written.
CNF written.
CNF written.
CNF written.
CNF written.
CNF written.
CNF written.
CNF written.
CNF written.
CNF written.
CNF written.
CNF written.
CNF written.
[2025-12-12 07:46:43] [generate_and_run_up_to_limit] Generating and running shift_register_top_w16_d32_e0 with K<=500 up to limit 1600
[2025-12-12 07:46:43] [generate_cnf] Generating formula shift_register_top_w16_d32_e0 with K=1
[2025-12-12 07:46:43] [run_formula] Running formula shift_register_top_w16_d32_e0 with K=1 up to limit 1600
[2025-12-12 07:46:43] [generate_cnf] Generating formula shift_register_top_w16_d32_e0 with K=2
[2025-12-12 07:46:43] [run_formula] Running formula shift_register_top_w16_d32_e0 with K=2 up to limit 1600
[2025-12-12 07:46:43] [generate_cnf] Generating formula shift_register_top_w16_d32_e0 with K=3
[2025-12-12 07:46:43] [run_formula] Running formula shift_register_top_w16_d32_e0 with K=3 up to limit 1600
[2025-12-12 07:46:43] [generate_cnf] Generating formula shift_register_top_w16_d32_e0 with K=4
[2025-12-12 07:46:43] [run_formula] Running formula shift_register_top_w16_d32_e0 with K=4 up to limit 1600
[2025-12-12 07:46:43] [generate_cnf] Generating formula shift_register_top_w16_d32_e0 with K=5
[2025-12-12 07:46:44] [run_formula] Running formula shift_register_top_w16_d32_e0 with K=5 up to limit 1600
[2025-12-12 07:46:44] [generate_cnf] Generating formula shift_register_top_w16_d32_e0 with K=6
[2025-12-12 07:46:44] [run_formula] Running formula shift_register_top_w16_d32_e0 with K=6 up to limit 1600
[2025-12-12 07:46:44] [generate_cnf] Generating formula shift_register_top_w16_d32_e0 with K=7
[2025-12-12 07:46:44] [run_formula] Running formula shift_register_top_w16_d32_e0 with K=7 up to limit 1600
[2025-12-12 07:46:44] [generate_cnf] Generating formula shift_register_top_w16_d32_e0 with K=8
[2025-12-12 07:46:44] [run_formula] Running formula shift_register_top_w16_d32_e0 with K=8 up to limit 1600
[2025-12-12 07:46:44] [generate_cnf] Generating formula shift_register_top_w16_d32_e0 with K=9
[2025-12-12 07:46:45] [run_formula] Running formula shift_register_top_w16_d32_e0 with K=9 up to limit 1600
[2025-12-12 07:46:45] [generate_cnf] Generating formula shift_register_top_w16_d32_e0 with K=10
[2025-12-12 07:46:45] [run_formula] Running formula shift_register_top_w16_d32_e0 with K=10 up to limit 1600
[2025-12-12 07:46:46] [generate_cnf] Generating formula shift_register_top_w16_d32_e0 with K=11
[2025-12-12 07:46:46] [run_formula] Running formula shift_register_top_w16_d32_e0 with K=11 up to limit 1600
[2025-12-12 07:46:48] [generate_cnf] Generating formula shift_register_top_w16_d32_e0 with K=12
[2025-12-12 07:46:48] [run_formula] Running formula shift_register_top_w16_d32_e0 with K=12 up to limit 1600
[2025-12-12 07:46:50] [generate_cnf] Generating formula shift_register_top_w16_d32_e0 with K=13
[2025-12-12 07:46:50] [run_formula] Running formula shift_register_top_w16_d32_e0 with K=13 up to limit 1600
[2025-12-12 07:46:54] [generate_cnf] Generating formula shift_register_top_w16_d32_e0 with K=14
[2025-12-12 07:46:54] [run_formula] Running formula shift_register_top_w16_d32_e0 with K=14 up to limit 1600
[2025-12-12 07:47:00] [generate_cnf] Generating formula shift_register_top_w16_d32_e0 with K=15
[2025-12-12 07:47:00] [run_formula] Running formula shift_register_top_w16_d32_e0 with K=15 up to limit 1600
[2025-12-12 07:47:09] [generate_cnf] Generating formula shift_register_top_w16_d32_e0 with K=16
[2025-12-12 07:47:09] [run_formula] Running formula shift_register_top_w16_d32_e0 with K=16 up to limit 1600
[2025-12-12 07:47:24] [generate_cnf] Generating formula shift_register_top_w16_d32_e0 with K=17
[2025-12-12 07:47:24] [run_formula] Running formula shift_register_top_w16_d32_e0 with K=17 up to limit 1600
[2025-12-12 07:47:45] [generate_cnf] Generating formula shift_register_top_w16_d32_e0 with K=18
[2025-12-12 07:47:45] [run_formula] Running formula shift_register_top_w16_d32_e0 with K=18 up to limit 1600
[2025-12-12 07:48:24] [generate_cnf] Generating formula shift_register_top_w16_d32_e0 with K=19
[2025-12-12 07:48:24] [run_formula] Running formula shift_register_top_w16_d32_e0 with K=19 up to limit 1600
[2025-12-12 07:49:12] [generate_cnf] Generating formula shift_register_top_w16_d32_e0 with K=20
[2025-12-12 07:49:12] [run_formula] Running formula shift_register_top_w16_d32_e0 with K=20 up to limit 1600
[2025-12-12 07:50:56] [generate_cnf] Generating formula shift_register_top_w16_d32_e0 with K=21
[2025-12-12 07:50:56] [run_formula] Running formula shift_register_top_w16_d32_e0 with K=21 up to limit 1600
[2025-12-12 07:55:09] [generate_cnf] Generating formula shift_register_top_w16_d32_e0 with K=22
[2025-12-12 07:55:10] [run_formula] Running formula shift_register_top_w16_d32_e0 with K=22 up to limit 1600
[2025-12-12 08:01:46] [generate_cnf] Generating formula shift_register_top_w16_d32_e0 with K=23
[2025-12-12 08:01:46] [run_formula] Running formula shift_register_top_w16_d32_e0 with K=23 up to limit 1600
[2025-12-12 08:11:22] [generate_cnf] Generating formula shift_register_top_w16_d32_e0 with K=24
[2025-12-12 08:11:23] [run_formula] Running formula shift_register_top_w16_d32_e0 with K=24 up to limit 1600
[2025-12-12 08:29:37] [run_formula] Error running formula shift_register_top_w16_d32_e0 with K=24: [Errno 122] Disk quota exceeded: './results/solving_logs/shift_register_top_w16_d32_e0//shift_register_top_w16_d32_e0.24.log'
[2025-12-12 08:29:37] [generate_and_run_up_to_limit] Failed to run formula shift_register_top_w16_d32_e0 with K=24, halting
