[2025-12-12 16:10:15] [generate_and_run_up_to_limit] Generating and running shift_register_top_w128_d16_e0 with K<=500 up to limit 1600
[2025-12-12 16:10:15] [generate_cnf] Generating formula shift_register_top_w128_d16_e0 with K=1
[2025-12-12 16:10:15] [run_formula] Running formula shift_register_top_w128_d16_e0 with K=1 up to limit 1600
[2025-12-12 16:10:15] [generate_cnf] Generating formula shift_register_top_w128_d16_e0 with K=2
[2025-12-12 16:10:15] [run_formula] Running formula shift_register_top_w128_d16_e0 with K=2 up to limit 1600
[2025-12-12 16:10:15] [generate_cnf] Generating formula shift_register_top_w128_d16_e0 with K=3
[2025-12-12 16:10:15] [run_formula] Running formula shift_register_top_w128_d16_e0 with K=3 up to limit 1600
[2025-12-12 16:10:15] [generate_cnf] Generating formula shift_register_top_w128_d16_e0 with K=4
[2025-12-12 16:10:15] [run_formula] Running formula shift_register_top_w128_d16_e0 with K=4 up to limit 1600
[2025-12-12 16:10:15] [generate_cnf] Generating formula shift_register_top_w128_d16_e0 with K=5
[2025-12-12 16:10:15] [run_formula] Running formula shift_register_top_w128_d16_e0 with K=5 up to limit 1600
[2025-12-12 16:10:15] [generate_cnf] Generating formula shift_register_top_w128_d16_e0 with K=6
[2025-12-12 16:10:15] [run_formula] Running formula shift_register_top_w128_d16_e0 with K=6 up to limit 1600
[2025-12-12 16:10:15] [generate_cnf] Generating formula shift_register_top_w128_d16_e0 with K=7
[2025-12-12 16:10:15] [run_formula] Running formula shift_register_top_w128_d16_e0 with K=7 up to limit 1600
[2025-12-12 16:10:15] [generate_cnf] Generating formula shift_register_top_w128_d16_e0 with K=8
[2025-12-12 16:10:15] [run_formula] Running formula shift_register_top_w128_d16_e0 with K=8 up to limit 1600
[2025-12-12 16:10:15] [generate_cnf] Generating formula shift_register_top_w128_d16_e0 with K=9
[2025-12-12 16:10:15] [run_formula] Running formula shift_register_top_w128_d16_e0 with K=9 up to limit 1600
[2025-12-12 16:10:15] [generate_cnf] Generating formula shift_register_top_w128_d16_e0 with K=10
[2025-12-12 16:10:15] [run_formula] Running formula shift_register_top_w128_d16_e0 with K=10 up to limit 1600
[2025-12-12 16:10:15] [generate_cnf] Generating formula shift_register_top_w128_d16_e0 with K=11
[2025-12-12 16:10:15] [run_formula] Running formula shift_register_top_w128_d16_e0 with K=11 up to limit 1600
[2025-12-12 16:10:15] [generate_cnf] Generating formula shift_register_top_w128_d16_e0 with K=12
[2025-12-12 16:10:15] [run_formula] Running formula shift_register_top_w128_d16_e0 with K=12 up to limit 1600
[2025-12-12 16:10:15] [generate_cnf] Generating formula shift_register_top_w128_d16_e0 with K=13
[2025-12-12 16:10:15] [run_formula] Running formula shift_register_top_w128_d16_e0 with K=13 up to limit 1600
[2025-12-12 16:10:15] [generate_cnf] Generating formula shift_register_top_w128_d16_e0 with K=14
[2025-12-12 16:10:15] [run_formula] Running formula shift_register_top_w128_d16_e0 with K=14 up to limit 1600
[2025-12-12 16:10:15] [generate_cnf] Generating formula shift_register_top_w128_d16_e0 with K=15
[2025-12-12 16:10:15] [run_formula] Running formula shift_register_top_w128_d16_e0 with K=15 up to limit 1600
[2025-12-12 16:10:15] [generate_cnf] Generating formula shift_register_top_w128_d16_e0 with K=16
[2025-12-12 16:10:15] [run_formula] Running formula shift_register_top_w128_d16_e0 with K=16 up to limit 1600
[2025-12-12 16:10:15] [generate_cnf] Generating formula shift_register_top_w128_d16_e0 with K=17
[2025-12-12 16:10:15] [run_formula] Running formula shift_register_top_w128_d16_e0 with K=17 up to limit 1600
[2025-12-12 16:10:15] [generate_cnf] Generating formula shift_register_top_w128_d16_e0 with K=18
[2025-12-12 16:10:15] [run_formula] Running formula shift_register_top_w128_d16_e0 with K=18 up to limit 1600
[2025-12-12 16:36:55] [run_formula] Formula shift_register_top_w128_d16_e0 with K=18 timed out after 1600 seconds
[2025-12-12 16:36:55] [generate_and_run_up_to_limit] Failed to run formula shift_register_top_w128_d16_e0 with K=18, halting
