CNF written.
CNF written.
CNF written.
CNF written.
CNF written.
CNF written.
CNF written.
CNF written.
CNF written.
CNF written.
CNF written.
CNF written.
CNF written.
CNF written.
CNF written.
CNF written.
CNF written.
CNF written.
CNF written.
CNF written.
CNF written.
CNF written.
CNF written.
CNF written.
CNF written.
CNF written.
CNF written.
CNF written.
CNF written.
CNF written.
CNF written.
CNF written.
CNF written.
CNF written.
CNF written.
CNF written.
CNF written.
CNF written.
CNF written.
CNF written.
CNF written.
CNF written.
CNF written.
CNF written.
CNF written.
CNF written.
CNF written.
CNF written.
CNF written.
CNF written.
CNF written.
CNF written.
CNF written.
CNF written.
CNF written.
CNF written.
CNF written.
CNF written.
CNF written.
CNF written.
CNF written.
CNF written.
CNF written.
CNF written.
CNF written.
CNF written.
CNF written.
CNF written.
CNF written.
CNF written.
CNF written.
CNF written.
CNF written.
CNF written.
CNF written.
CNF written.
CNF written.
CNF written.
CNF written.
CNF written.
CNF written.
CNF written.
CNF written.
CNF written.
CNF written.
CNF written.
CNF written.
CNF written.
CNF written.
CNF written.
CNF written.
CNF written.
CNF written.
CNF written.
CNF written.
CNF written.
CNF written.
CNF written.
CNF written.
CNF written.
CNF written.
CNF written.
CNF written.
CNF written.
CNF written.
CNF written.
CNF written.
CNF written.
CNF written.
CNF written.
CNF written.
CNF written.
CNF written.
CNF written.
CNF written.
CNF written.
CNF written.
CNF written.
CNF written.
CNF written.
CNF written.
CNF written.
CNF written.
CNF written.
CNF written.
CNF written.
CNF written.
CNF written.
CNF written.
CNF written.
CNF written.
CNF written.
CNF written.
CNF written.
CNF written.
CNF written.
CNF written.
CNF written.
CNF written.
CNF written.
CNF written.
CNF written.
CNF written.
CNF written.
CNF written.
CNF written.
CNF written.
CNF written.
CNF written.
CNF written.
CNF written.
CNF written.
CNF written.
CNF written.
CNF written.
CNF written.
CNF written.
CNF written.
CNF written.
CNF written.
CNF written.
CNF written.
CNF written.
CNF written.
CNF written.
CNF written.
CNF written.
CNF written.
CNF written.
CNF written.
CNF written.
CNF written.
CNF written.
CNF written.
CNF written.
CNF written.
CNF written.
CNF written.
CNF written.
CNF written.
CNF written.
CNF written.
CNF written.
CNF written.
CNF written.
CNF written.
CNF written.
CNF written.
CNF written.
CNF written.
CNF written.
CNF written.
CNF written.
CNF written.
CNF written.
CNF written.
CNF written.
CNF written.
CNF written.
CNF written.
CNF written.
CNF written.
CNF written.
CNF written.
CNF written.
CNF written.
CNF written.
CNF written.
CNF written.
CNF written.
CNF written.
CNF written.
CNF written.
CNF written.
CNF written.
CNF written.
CNF written.
CNF written.
CNF written.
CNF written.
CNF written.
CNF written.
CNF written.
CNF written.
CNF written.
CNF written.
CNF written.
CNF written.
CNF written.
CNF written.
CNF written.
CNF written.
CNF written.
CNF written.
CNF written.
CNF written.
CNF written.
CNF written.
CNF written.
CNF written.
CNF written.
CNF written.
CNF written.
CNF written.
CNF written.
CNF written.
CNF written.
CNF written.
CNF written.
CNF written.
CNF written.
CNF written.
[2025-12-12 07:17:15] [generate_and_run_up_to_limit] Generating and running stack-p2 with K<=500 up to limit 1600
[2025-12-12 07:17:15] [generate_cnf] Generating formula stack-p2 with K=1
[2025-12-12 07:17:15] [run_formula] Running formula stack-p2 with K=1 up to limit 1600
[2025-12-12 07:17:15] [generate_cnf] Generating formula stack-p2 with K=2
[2025-12-12 07:17:16] [run_formula] Running formula stack-p2 with K=2 up to limit 1600
[2025-12-12 07:17:16] [generate_cnf] Generating formula stack-p2 with K=3
[2025-12-12 07:17:16] [run_formula] Running formula stack-p2 with K=3 up to limit 1600
[2025-12-12 07:17:16] [generate_cnf] Generating formula stack-p2 with K=4
[2025-12-12 07:17:17] [run_formula] Running formula stack-p2 with K=4 up to limit 1600
[2025-12-12 07:17:17] [generate_cnf] Generating formula stack-p2 with K=5
[2025-12-12 07:17:18] [run_formula] Running formula stack-p2 with K=5 up to limit 1600
[2025-12-12 07:17:18] [generate_cnf] Generating formula stack-p2 with K=6
[2025-12-12 07:17:19] [run_formula] Running formula stack-p2 with K=6 up to limit 1600
[2025-12-12 07:17:19] [generate_cnf] Generating formula stack-p2 with K=7
[2025-12-12 07:17:20] [run_formula] Running formula stack-p2 with K=7 up to limit 1600
[2025-12-12 07:17:20] [generate_cnf] Generating formula stack-p2 with K=8
[2025-12-12 07:17:21] [run_formula] Running formula stack-p2 with K=8 up to limit 1600
[2025-12-12 07:17:21] [generate_cnf] Generating formula stack-p2 with K=9
[2025-12-12 07:17:22] [run_formula] Running formula stack-p2 with K=9 up to limit 1600
[2025-12-12 07:17:22] [generate_cnf] Generating formula stack-p2 with K=10
[2025-12-12 07:17:24] [run_formula] Running formula stack-p2 with K=10 up to limit 1600
[2025-12-12 07:17:24] [generate_cnf] Generating formula stack-p2 with K=11
[2025-12-12 07:17:25] [run_formula] Running formula stack-p2 with K=11 up to limit 1600
[2025-12-12 07:17:25] [generate_cnf] Generating formula stack-p2 with K=12
[2025-12-12 07:17:27] [run_formula] Running formula stack-p2 with K=12 up to limit 1600
[2025-12-12 07:17:27] [generate_cnf] Generating formula stack-p2 with K=13
[2025-12-12 07:17:28] [run_formula] Running formula stack-p2 with K=13 up to limit 1600
[2025-12-12 07:17:29] [generate_cnf] Generating formula stack-p2 with K=14
[2025-12-12 07:17:30] [run_formula] Running formula stack-p2 with K=14 up to limit 1600
[2025-12-12 07:17:31] [generate_cnf] Generating formula stack-p2 with K=15
[2025-12-12 07:17:32] [run_formula] Running formula stack-p2 with K=15 up to limit 1600
[2025-12-12 07:17:33] [generate_cnf] Generating formula stack-p2 with K=16
[2025-12-12 07:17:34] [run_formula] Running formula stack-p2 with K=16 up to limit 1600
[2025-12-12 07:17:35] [generate_cnf] Generating formula stack-p2 with K=17
[2025-12-12 07:17:37] [run_formula] Running formula stack-p2 with K=17 up to limit 1600
[2025-12-12 07:17:37] [generate_cnf] Generating formula stack-p2 with K=18
[2025-12-12 07:17:39] [run_formula] Running formula stack-p2 with K=18 up to limit 1600
[2025-12-12 07:17:39] [generate_cnf] Generating formula stack-p2 with K=19
[2025-12-12 07:17:41] [run_formula] Running formula stack-p2 with K=19 up to limit 1600
[2025-12-12 07:17:42] [generate_cnf] Generating formula stack-p2 with K=20
[2025-12-12 07:17:44] [run_formula] Running formula stack-p2 with K=20 up to limit 1600
[2025-12-12 07:17:45] [generate_cnf] Generating formula stack-p2 with K=21
[2025-12-12 07:17:47] [run_formula] Running formula stack-p2 with K=21 up to limit 1600
[2025-12-12 07:17:47] [generate_cnf] Generating formula stack-p2 with K=22
[2025-12-12 07:17:49] [run_formula] Running formula stack-p2 with K=22 up to limit 1600
[2025-12-12 07:17:50] [generate_cnf] Generating formula stack-p2 with K=23
[2025-12-12 07:17:52] [run_formula] Running formula stack-p2 with K=23 up to limit 1600
[2025-12-12 07:17:53] [generate_cnf] Generating formula stack-p2 with K=24
[2025-12-12 07:17:55] [run_formula] Running formula stack-p2 with K=24 up to limit 1600
[2025-12-12 07:17:56] [generate_cnf] Generating formula stack-p2 with K=25
[2025-12-12 07:17:58] [run_formula] Running formula stack-p2 with K=25 up to limit 1600
[2025-12-12 07:17:59] [generate_cnf] Generating formula stack-p2 with K=26
[2025-12-12 07:18:01] [run_formula] Running formula stack-p2 with K=26 up to limit 1600
[2025-12-12 07:18:02] [generate_cnf] Generating formula stack-p2 with K=27
[2025-12-12 07:18:05] [run_formula] Running formula stack-p2 with K=27 up to limit 1600
[2025-12-12 07:18:05] [generate_cnf] Generating formula stack-p2 with K=28
[2025-12-12 07:18:08] [run_formula] Running formula stack-p2 with K=28 up to limit 1600
[2025-12-12 07:18:09] [generate_cnf] Generating formula stack-p2 with K=29
[2025-12-12 07:18:12] [run_formula] Running formula stack-p2 with K=29 up to limit 1600
[2025-12-12 07:18:13] [generate_cnf] Generating formula stack-p2 with K=30
[2025-12-12 07:18:16] [run_formula] Running formula stack-p2 with K=30 up to limit 1600
[2025-12-12 07:18:16] [generate_cnf] Generating formula stack-p2 with K=31
[2025-12-12 07:18:19] [run_formula] Running formula stack-p2 with K=31 up to limit 1600
[2025-12-12 07:18:20] [generate_cnf] Generating formula stack-p2 with K=32
[2025-12-12 07:18:23] [run_formula] Running formula stack-p2 with K=32 up to limit 1600
[2025-12-12 07:18:24] [generate_cnf] Generating formula stack-p2 with K=33
[2025-12-12 07:18:27] [run_formula] Running formula stack-p2 with K=33 up to limit 1600
[2025-12-12 07:18:28] [generate_cnf] Generating formula stack-p2 with K=34
[2025-12-12 07:18:31] [run_formula] Running formula stack-p2 with K=34 up to limit 1600
[2025-12-12 07:18:32] [generate_cnf] Generating formula stack-p2 with K=35
[2025-12-12 07:18:36] [run_formula] Running formula stack-p2 with K=35 up to limit 1600
[2025-12-12 07:18:36] [generate_cnf] Generating formula stack-p2 with K=36
[2025-12-12 07:18:40] [run_formula] Running formula stack-p2 with K=36 up to limit 1600
[2025-12-12 07:18:41] [generate_cnf] Generating formula stack-p2 with K=37
[2025-12-12 07:18:44] [run_formula] Running formula stack-p2 with K=37 up to limit 1600
[2025-12-12 07:18:45] [generate_cnf] Generating formula stack-p2 with K=38
[2025-12-12 07:18:49] [run_formula] Running formula stack-p2 with K=38 up to limit 1600
[2025-12-12 07:18:50] [generate_cnf] Generating formula stack-p2 with K=39
[2025-12-12 07:18:54] [run_formula] Running formula stack-p2 with K=39 up to limit 1600
[2025-12-12 07:18:55] [generate_cnf] Generating formula stack-p2 with K=40
[2025-12-12 07:18:59] [run_formula] Running formula stack-p2 with K=40 up to limit 1600
[2025-12-12 07:19:00] [generate_cnf] Generating formula stack-p2 with K=41
[2025-12-12 07:19:03] [run_formula] Running formula stack-p2 with K=41 up to limit 1600
[2025-12-12 07:19:04] [generate_cnf] Generating formula stack-p2 with K=42
[2025-12-12 07:19:08] [run_formula] Running formula stack-p2 with K=42 up to limit 1600
[2025-12-12 07:19:09] [generate_cnf] Generating formula stack-p2 with K=43
[2025-12-12 07:19:14] [run_formula] Running formula stack-p2 with K=43 up to limit 1600
[2025-12-12 07:19:15] [generate_cnf] Generating formula stack-p2 with K=44
[2025-12-12 07:19:19] [run_formula] Running formula stack-p2 with K=44 up to limit 1600
[2025-12-12 07:19:20] [generate_cnf] Generating formula stack-p2 with K=45
[2025-12-12 07:19:25] [run_formula] Running formula stack-p2 with K=45 up to limit 1600
[2025-12-12 07:19:26] [generate_cnf] Generating formula stack-p2 with K=46
[2025-12-12 07:19:30] [run_formula] Running formula stack-p2 with K=46 up to limit 1600
[2025-12-12 07:19:31] [generate_cnf] Generating formula stack-p2 with K=47
[2025-12-12 07:19:36] [run_formula] Running formula stack-p2 with K=47 up to limit 1600
[2025-12-12 07:19:37] [generate_cnf] Generating formula stack-p2 with K=48
[2025-12-12 07:19:41] [run_formula] Running formula stack-p2 with K=48 up to limit 1600
[2025-12-12 07:19:42] [generate_cnf] Generating formula stack-p2 with K=49
[2025-12-12 07:19:47] [run_formula] Running formula stack-p2 with K=49 up to limit 1600
[2025-12-12 07:19:48] [generate_cnf] Generating formula stack-p2 with K=50
[2025-12-12 07:19:53] [run_formula] Running formula stack-p2 with K=50 up to limit 1600
[2025-12-12 07:19:54] [generate_cnf] Generating formula stack-p2 with K=51
[2025-12-12 07:19:59] [run_formula] Running formula stack-p2 with K=51 up to limit 1600
[2025-12-12 07:20:00] [generate_cnf] Generating formula stack-p2 with K=52
[2025-12-12 07:20:05] [run_formula] Running formula stack-p2 with K=52 up to limit 1600
[2025-12-12 07:20:06] [generate_cnf] Generating formula stack-p2 with K=53
[2025-12-12 07:20:11] [run_formula] Running formula stack-p2 with K=53 up to limit 1600
[2025-12-12 07:20:13] [generate_cnf] Generating formula stack-p2 with K=54
[2025-12-12 07:20:18] [run_formula] Running formula stack-p2 with K=54 up to limit 1600
[2025-12-12 07:20:19] [generate_cnf] Generating formula stack-p2 with K=55
[2025-12-12 07:20:25] [run_formula] Running formula stack-p2 with K=55 up to limit 1600
[2025-12-12 07:20:26] [generate_cnf] Generating formula stack-p2 with K=56
[2025-12-12 07:20:31] [run_formula] Running formula stack-p2 with K=56 up to limit 1600
[2025-12-12 07:20:32] [generate_cnf] Generating formula stack-p2 with K=57
[2025-12-12 07:20:38] [run_formula] Running formula stack-p2 with K=57 up to limit 1600
[2025-12-12 07:20:39] [generate_cnf] Generating formula stack-p2 with K=58
[2025-12-12 07:20:45] [run_formula] Running formula stack-p2 with K=58 up to limit 1600
[2025-12-12 07:20:46] [generate_cnf] Generating formula stack-p2 with K=59
[2025-12-12 07:20:51] [run_formula] Running formula stack-p2 with K=59 up to limit 1600
[2025-12-12 07:20:53] [generate_cnf] Generating formula stack-p2 with K=60
[2025-12-12 07:20:58] [run_formula] Running formula stack-p2 with K=60 up to limit 1600
[2025-12-12 07:21:00] [generate_cnf] Generating formula stack-p2 with K=61
[2025-12-12 07:21:06] [run_formula] Running formula stack-p2 with K=61 up to limit 1600
[2025-12-12 07:21:07] [generate_cnf] Generating formula stack-p2 with K=62
[2025-12-12 07:21:14] [run_formula] Running formula stack-p2 with K=62 up to limit 1600
[2025-12-12 07:21:15] [generate_cnf] Generating formula stack-p2 with K=63
[2025-12-12 07:21:21] [run_formula] Running formula stack-p2 with K=63 up to limit 1600
[2025-12-12 07:21:22] [generate_cnf] Generating formula stack-p2 with K=64
[2025-12-12 07:21:29] [run_formula] Running formula stack-p2 with K=64 up to limit 1600
[2025-12-12 07:21:30] [generate_cnf] Generating formula stack-p2 with K=65
[2025-12-12 07:21:36] [run_formula] Running formula stack-p2 with K=65 up to limit 1600
[2025-12-12 07:21:38] [generate_cnf] Generating formula stack-p2 with K=66
[2025-12-12 07:21:44] [run_formula] Running formula stack-p2 with K=66 up to limit 1600
[2025-12-12 07:21:46] [generate_cnf] Generating formula stack-p2 with K=67
[2025-12-12 07:21:53] [run_formula] Running formula stack-p2 with K=67 up to limit 1600
[2025-12-12 07:21:54] [generate_cnf] Generating formula stack-p2 with K=68
[2025-12-12 07:22:01] [run_formula] Running formula stack-p2 with K=68 up to limit 1600
[2025-12-12 07:22:03] [generate_cnf] Generating formula stack-p2 with K=69
[2025-12-12 07:22:09] [run_formula] Running formula stack-p2 with K=69 up to limit 1600
[2025-12-12 07:22:10] [generate_cnf] Generating formula stack-p2 with K=70
[2025-12-12 07:22:17] [run_formula] Running formula stack-p2 with K=70 up to limit 1600
[2025-12-12 07:22:19] [generate_cnf] Generating formula stack-p2 with K=71
[2025-12-12 07:22:25] [run_formula] Running formula stack-p2 with K=71 up to limit 1600
[2025-12-12 07:22:27] [generate_cnf] Generating formula stack-p2 with K=72
[2025-12-12 07:22:34] [run_formula] Running formula stack-p2 with K=72 up to limit 1600
[2025-12-12 07:22:36] [generate_cnf] Generating formula stack-p2 with K=73
[2025-12-12 07:22:43] [run_formula] Running formula stack-p2 with K=73 up to limit 1600
[2025-12-12 07:22:44] [generate_cnf] Generating formula stack-p2 with K=74
[2025-12-12 07:22:54] [run_formula] Running formula stack-p2 with K=74 up to limit 1600
[2025-12-12 07:22:56] [generate_cnf] Generating formula stack-p2 with K=75
[2025-12-12 07:23:03] [run_formula] Running formula stack-p2 with K=75 up to limit 1600
[2025-12-12 07:23:05] [generate_cnf] Generating formula stack-p2 with K=76
[2025-12-12 07:23:12] [run_formula] Running formula stack-p2 with K=76 up to limit 1600
[2025-12-12 07:23:14] [generate_cnf] Generating formula stack-p2 with K=77
[2025-12-12 07:23:22] [run_formula] Running formula stack-p2 with K=77 up to limit 1600
[2025-12-12 07:23:24] [generate_cnf] Generating formula stack-p2 with K=78
[2025-12-12 07:23:31] [run_formula] Running formula stack-p2 with K=78 up to limit 1600
[2025-12-12 07:23:33] [generate_cnf] Generating formula stack-p2 with K=79
[2025-12-12 07:23:41] [run_formula] Running formula stack-p2 with K=79 up to limit 1600
[2025-12-12 07:23:42] [generate_cnf] Generating formula stack-p2 with K=80
[2025-12-12 07:23:50] [run_formula] Running formula stack-p2 with K=80 up to limit 1600
[2025-12-12 07:23:52] [generate_cnf] Generating formula stack-p2 with K=81
[2025-12-12 07:23:59] [run_formula] Running formula stack-p2 with K=81 up to limit 1600
[2025-12-12 07:24:01] [generate_cnf] Generating formula stack-p2 with K=82
[2025-12-12 07:24:09] [run_formula] Running formula stack-p2 with K=82 up to limit 1600
[2025-12-12 07:24:11] [generate_cnf] Generating formula stack-p2 with K=83
[2025-12-12 07:24:19] [run_formula] Running formula stack-p2 with K=83 up to limit 1600
[2025-12-12 07:24:21] [generate_cnf] Generating formula stack-p2 with K=84
[2025-12-12 07:24:29] [run_formula] Running formula stack-p2 with K=84 up to limit 1600
[2025-12-12 07:24:31] [generate_cnf] Generating formula stack-p2 with K=85
[2025-12-12 07:24:39] [run_formula] Running formula stack-p2 with K=85 up to limit 1600
[2025-12-12 07:24:41] [generate_cnf] Generating formula stack-p2 with K=86
[2025-12-12 07:24:50] [run_formula] Running formula stack-p2 with K=86 up to limit 1600
[2025-12-12 07:24:52] [generate_cnf] Generating formula stack-p2 with K=87
[2025-12-12 07:25:00] [run_formula] Running formula stack-p2 with K=87 up to limit 1600
[2025-12-12 07:25:03] [generate_cnf] Generating formula stack-p2 with K=88
[2025-12-12 07:25:11] [run_formula] Running formula stack-p2 with K=88 up to limit 1600
[2025-12-12 07:25:13] [generate_cnf] Generating formula stack-p2 with K=89
[2025-12-12 07:25:22] [run_formula] Running formula stack-p2 with K=89 up to limit 1600
[2025-12-12 07:25:24] [generate_cnf] Generating formula stack-p2 with K=90
[2025-12-12 07:25:33] [run_formula] Running formula stack-p2 with K=90 up to limit 1600
[2025-12-12 07:25:35] [generate_cnf] Generating formula stack-p2 with K=91
[2025-12-12 07:25:44] [run_formula] Running formula stack-p2 with K=91 up to limit 1600
[2025-12-12 07:25:46] [generate_cnf] Generating formula stack-p2 with K=92
[2025-12-12 07:25:55] [run_formula] Running formula stack-p2 with K=92 up to limit 1600
[2025-12-12 07:25:57] [generate_cnf] Generating formula stack-p2 with K=93
[2025-12-12 07:26:06] [run_formula] Running formula stack-p2 with K=93 up to limit 1600
[2025-12-12 07:26:08] [generate_cnf] Generating formula stack-p2 with K=94
[2025-12-12 07:26:17] [run_formula] Running formula stack-p2 with K=94 up to limit 1600
[2025-12-12 07:26:19] [generate_cnf] Generating formula stack-p2 with K=95
[2025-12-12 07:26:29] [run_formula] Running formula stack-p2 with K=95 up to limit 1600
[2025-12-12 07:26:31] [generate_cnf] Generating formula stack-p2 with K=96
[2025-12-12 07:26:40] [run_formula] Running formula stack-p2 with K=96 up to limit 1600
[2025-12-12 07:26:42] [generate_cnf] Generating formula stack-p2 with K=97
[2025-12-12 07:26:52] [run_formula] Running formula stack-p2 with K=97 up to limit 1600
[2025-12-12 07:26:54] [generate_cnf] Generating formula stack-p2 with K=98
[2025-12-12 07:27:04] [run_formula] Running formula stack-p2 with K=98 up to limit 1600
[2025-12-12 07:27:07] [generate_cnf] Generating formula stack-p2 with K=99
[2025-12-12 07:27:16] [run_formula] Running formula stack-p2 with K=99 up to limit 1600
[2025-12-12 07:27:19] [generate_cnf] Generating formula stack-p2 with K=100
[2025-12-12 07:27:29] [run_formula] Running formula stack-p2 with K=100 up to limit 1600
[2025-12-12 07:27:31] [generate_cnf] Generating formula stack-p2 with K=101
[2025-12-12 07:27:41] [run_formula] Running formula stack-p2 with K=101 up to limit 1600
[2025-12-12 07:27:43] [generate_cnf] Generating formula stack-p2 with K=102
[2025-12-12 07:27:53] [run_formula] Running formula stack-p2 with K=102 up to limit 1600
[2025-12-12 07:27:56] [generate_cnf] Generating formula stack-p2 with K=103
[2025-12-12 07:28:06] [run_formula] Running formula stack-p2 with K=103 up to limit 1600
[2025-12-12 07:28:08] [generate_cnf] Generating formula stack-p2 with K=104
[2025-12-12 07:28:18] [run_formula] Running formula stack-p2 with K=104 up to limit 1600
[2025-12-12 07:28:21] [generate_cnf] Generating formula stack-p2 with K=105
[2025-12-12 07:28:30] [run_formula] Running formula stack-p2 with K=105 up to limit 1600
[2025-12-12 07:28:33] [generate_cnf] Generating formula stack-p2 with K=106
[2025-12-12 07:28:44] [run_formula] Running formula stack-p2 with K=106 up to limit 1600
[2025-12-12 07:28:46] [generate_cnf] Generating formula stack-p2 with K=107
[2025-12-12 07:28:57] [run_formula] Running formula stack-p2 with K=107 up to limit 1600
[2025-12-12 07:28:59] [generate_cnf] Generating formula stack-p2 with K=108
[2025-12-12 07:29:09] [run_formula] Running formula stack-p2 with K=108 up to limit 1600
[2025-12-12 07:29:12] [generate_cnf] Generating formula stack-p2 with K=109
[2025-12-12 07:29:22] [run_formula] Running formula stack-p2 with K=109 up to limit 1600
[2025-12-12 07:29:25] [generate_cnf] Generating formula stack-p2 with K=110
[2025-12-12 07:29:36] [run_formula] Running formula stack-p2 with K=110 up to limit 1600
[2025-12-12 07:29:39] [generate_cnf] Generating formula stack-p2 with K=111
[2025-12-12 07:29:50] [run_formula] Running formula stack-p2 with K=111 up to limit 1600
[2025-12-12 07:29:52] [generate_cnf] Generating formula stack-p2 with K=112
[2025-12-12 07:30:03] [run_formula] Running formula stack-p2 with K=112 up to limit 1600
[2025-12-12 07:30:06] [generate_cnf] Generating formula stack-p2 with K=113
[2025-12-12 07:30:17] [run_formula] Running formula stack-p2 with K=113 up to limit 1600
[2025-12-12 07:30:19] [generate_cnf] Generating formula stack-p2 with K=114
[2025-12-12 07:30:31] [run_formula] Running formula stack-p2 with K=114 up to limit 1600
[2025-12-12 07:30:34] [generate_cnf] Generating formula stack-p2 with K=115
[2025-12-12 07:30:45] [run_formula] Running formula stack-p2 with K=115 up to limit 1600
[2025-12-12 07:30:48] [generate_cnf] Generating formula stack-p2 with K=116
[2025-12-12 07:31:03] [run_formula] Running formula stack-p2 with K=116 up to limit 1600
[2025-12-12 07:31:07] [generate_cnf] Generating formula stack-p2 with K=117
[2025-12-12 07:31:18] [run_formula] Running formula stack-p2 with K=117 up to limit 1600
[2025-12-12 07:31:21] [generate_cnf] Generating formula stack-p2 with K=118
[2025-12-12 07:31:33] [run_formula] Running formula stack-p2 with K=118 up to limit 1600
[2025-12-12 07:31:36] [generate_cnf] Generating formula stack-p2 with K=119
[2025-12-12 07:31:48] [run_formula] Running formula stack-p2 with K=119 up to limit 1600
[2025-12-12 07:31:51] [generate_cnf] Generating formula stack-p2 with K=120
[2025-12-12 07:32:04] [run_formula] Running formula stack-p2 with K=120 up to limit 1600
[2025-12-12 07:32:07] [generate_cnf] Generating formula stack-p2 with K=121
[2025-12-12 07:32:19] [run_formula] Running formula stack-p2 with K=121 up to limit 1600
[2025-12-12 07:32:22] [generate_cnf] Generating formula stack-p2 with K=122
[2025-12-12 07:32:35] [run_formula] Running formula stack-p2 with K=122 up to limit 1600
[2025-12-12 07:32:38] [generate_cnf] Generating formula stack-p2 with K=123
[2025-12-12 07:32:51] [run_formula] Running formula stack-p2 with K=123 up to limit 1600
[2025-12-12 07:32:54] [generate_cnf] Generating formula stack-p2 with K=124
[2025-12-12 07:33:07] [run_formula] Running formula stack-p2 with K=124 up to limit 1600
[2025-12-12 07:33:10] [generate_cnf] Generating formula stack-p2 with K=125
[2025-12-12 07:33:23] [run_formula] Running formula stack-p2 with K=125 up to limit 1600
[2025-12-12 07:33:26] [generate_cnf] Generating formula stack-p2 with K=126
[2025-12-12 07:33:39] [run_formula] Running formula stack-p2 with K=126 up to limit 1600
[2025-12-12 07:33:43] [generate_cnf] Generating formula stack-p2 with K=127
[2025-12-12 07:33:55] [run_formula] Running formula stack-p2 with K=127 up to limit 1600
[2025-12-12 07:33:59] [generate_cnf] Generating formula stack-p2 with K=128
[2025-12-12 07:34:11] [run_formula] Running formula stack-p2 with K=128 up to limit 1600
[2025-12-12 07:34:14] [generate_cnf] Generating formula stack-p2 with K=129
[2025-12-12 07:34:27] [run_formula] Running formula stack-p2 with K=129 up to limit 1600
[2025-12-12 07:34:31] [generate_cnf] Generating formula stack-p2 with K=130
[2025-12-12 07:34:44] [run_formula] Running formula stack-p2 with K=130 up to limit 1600
[2025-12-12 07:34:47] [generate_cnf] Generating formula stack-p2 with K=131
[2025-12-12 07:35:00] [run_formula] Running formula stack-p2 with K=131 up to limit 1600
[2025-12-12 07:35:03] [generate_cnf] Generating formula stack-p2 with K=132
[2025-12-12 07:35:16] [run_formula] Running formula stack-p2 with K=132 up to limit 1600
[2025-12-12 07:35:20] [generate_cnf] Generating formula stack-p2 with K=133
[2025-12-12 07:35:33] [run_formula] Running formula stack-p2 with K=133 up to limit 1600
[2025-12-12 07:35:37] [generate_cnf] Generating formula stack-p2 with K=134
[2025-12-12 07:35:50] [run_formula] Running formula stack-p2 with K=134 up to limit 1600
[2025-12-12 07:35:53] [generate_cnf] Generating formula stack-p2 with K=135
[2025-12-12 07:36:09] [run_formula] Running formula stack-p2 with K=135 up to limit 1600
[2025-12-12 07:36:12] [generate_cnf] Generating formula stack-p2 with K=136
[2025-12-12 07:36:26] [run_formula] Running formula stack-p2 with K=136 up to limit 1600
[2025-12-12 07:36:30] [generate_cnf] Generating formula stack-p2 with K=137
[2025-12-12 07:36:43] [run_formula] Running formula stack-p2 with K=137 up to limit 1600
[2025-12-12 07:36:47] [generate_cnf] Generating formula stack-p2 with K=138
[2025-12-12 07:37:00] [run_formula] Running formula stack-p2 with K=138 up to limit 1600
[2025-12-12 07:37:04] [generate_cnf] Generating formula stack-p2 with K=139
[2025-12-12 07:37:18] [run_formula] Running formula stack-p2 with K=139 up to limit 1600
[2025-12-12 07:37:22] [generate_cnf] Generating formula stack-p2 with K=140
[2025-12-12 07:37:36] [run_formula] Running formula stack-p2 with K=140 up to limit 1600
[2025-12-12 07:37:40] [generate_cnf] Generating formula stack-p2 with K=141
[2025-12-12 07:37:54] [run_formula] Running formula stack-p2 with K=141 up to limit 1600
[2025-12-12 07:37:58] [generate_cnf] Generating formula stack-p2 with K=142
[2025-12-12 07:38:12] [run_formula] Running formula stack-p2 with K=142 up to limit 1600
[2025-12-12 07:38:16] [generate_cnf] Generating formula stack-p2 with K=143
[2025-12-12 07:38:30] [run_formula] Running formula stack-p2 with K=143 up to limit 1600
[2025-12-12 07:38:34] [generate_cnf] Generating formula stack-p2 with K=144
[2025-12-12 07:38:49] [run_formula] Running formula stack-p2 with K=144 up to limit 1600
[2025-12-12 07:38:53] [generate_cnf] Generating formula stack-p2 with K=145
[2025-12-12 07:39:08] [run_formula] Running formula stack-p2 with K=145 up to limit 1600
[2025-12-12 07:39:11] [generate_cnf] Generating formula stack-p2 with K=146
[2025-12-12 07:39:26] [run_formula] Running formula stack-p2 with K=146 up to limit 1600
[2025-12-12 07:39:30] [generate_cnf] Generating formula stack-p2 with K=147
[2025-12-12 07:39:45] [run_formula] Running formula stack-p2 with K=147 up to limit 1600
[2025-12-12 07:39:49] [generate_cnf] Generating formula stack-p2 with K=148
[2025-12-12 07:40:04] [run_formula] Running formula stack-p2 with K=148 up to limit 1600
[2025-12-12 07:40:08] [generate_cnf] Generating formula stack-p2 with K=149
[2025-12-12 07:40:24] [run_formula] Running formula stack-p2 with K=149 up to limit 1600
[2025-12-12 07:40:28] [generate_cnf] Generating formula stack-p2 with K=150
[2025-12-12 07:40:44] [run_formula] Running formula stack-p2 with K=150 up to limit 1600
[2025-12-12 07:40:48] [generate_cnf] Generating formula stack-p2 with K=151
[2025-12-12 07:41:04] [run_formula] Running formula stack-p2 with K=151 up to limit 1600
[2025-12-12 07:41:08] [generate_cnf] Generating formula stack-p2 with K=152
[2025-12-12 07:41:24] [run_formula] Running formula stack-p2 with K=152 up to limit 1600
[2025-12-12 07:41:28] [generate_cnf] Generating formula stack-p2 with K=153
[2025-12-12 07:41:44] [run_formula] Running formula stack-p2 with K=153 up to limit 1600
[2025-12-12 07:41:48] [generate_cnf] Generating formula stack-p2 with K=154
[2025-12-12 07:42:05] [run_formula] Running formula stack-p2 with K=154 up to limit 1600
[2025-12-12 07:42:09] [generate_cnf] Generating formula stack-p2 with K=155
[2025-12-12 07:42:25] [run_formula] Running formula stack-p2 with K=155 up to limit 1600
[2025-12-12 07:42:29] [generate_cnf] Generating formula stack-p2 with K=156
[2025-12-12 07:42:45] [run_formula] Running formula stack-p2 with K=156 up to limit 1600
[2025-12-12 07:42:49] [generate_cnf] Generating formula stack-p2 with K=157
[2025-12-12 07:43:05] [run_formula] Running formula stack-p2 with K=157 up to limit 1600
[2025-12-12 07:43:09] [generate_cnf] Generating formula stack-p2 with K=158
[2025-12-12 07:43:25] [run_formula] Running formula stack-p2 with K=158 up to limit 1600
[2025-12-12 07:43:29] [generate_cnf] Generating formula stack-p2 with K=159
[2025-12-12 07:43:46] [run_formula] Running formula stack-p2 with K=159 up to limit 1600
[2025-12-12 07:43:50] [generate_cnf] Generating formula stack-p2 with K=160
[2025-12-12 07:44:05] [run_formula] Running formula stack-p2 with K=160 up to limit 1600
[2025-12-12 07:44:10] [generate_cnf] Generating formula stack-p2 with K=161
[2025-12-12 07:44:26] [run_formula] Running formula stack-p2 with K=161 up to limit 1600
[2025-12-12 07:44:31] [generate_cnf] Generating formula stack-p2 with K=162
[2025-12-12 07:44:48] [run_formula] Running formula stack-p2 with K=162 up to limit 1600
[2025-12-12 07:44:52] [generate_cnf] Generating formula stack-p2 with K=163
[2025-12-12 07:45:11] [run_formula] Running formula stack-p2 with K=163 up to limit 1600
[2025-12-12 07:45:15] [generate_cnf] Generating formula stack-p2 with K=164
[2025-12-12 07:45:32] [run_formula] Running formula stack-p2 with K=164 up to limit 1600
[2025-12-12 07:45:36] [generate_cnf] Generating formula stack-p2 with K=165
[2025-12-12 07:45:54] [run_formula] Running formula stack-p2 with K=165 up to limit 1600
[2025-12-12 07:45:58] [generate_cnf] Generating formula stack-p2 with K=166
[2025-12-12 07:46:16] [run_formula] Running formula stack-p2 with K=166 up to limit 1600
[2025-12-12 07:46:20] [generate_cnf] Generating formula stack-p2 with K=167
[2025-12-12 07:46:37] [run_formula] Running formula stack-p2 with K=167 up to limit 1600
[2025-12-12 07:46:41] [generate_cnf] Generating formula stack-p2 with K=168
[2025-12-12 07:46:59] [run_formula] Running formula stack-p2 with K=168 up to limit 1600
[2025-12-12 07:47:04] [generate_cnf] Generating formula stack-p2 with K=169
[2025-12-12 07:47:21] [run_formula] Running formula stack-p2 with K=169 up to limit 1600
[2025-12-12 07:47:26] [generate_cnf] Generating formula stack-p2 with K=170
[2025-12-12 07:47:43] [run_formula] Running formula stack-p2 with K=170 up to limit 1600
[2025-12-12 07:47:48] [generate_cnf] Generating formula stack-p2 with K=171
[2025-12-12 07:48:05] [run_formula] Running formula stack-p2 with K=171 up to limit 1600
[2025-12-12 07:48:09] [generate_cnf] Generating formula stack-p2 with K=172
[2025-12-12 07:48:28] [run_formula] Running formula stack-p2 with K=172 up to limit 1600
[2025-12-12 07:48:33] [generate_cnf] Generating formula stack-p2 with K=173
[2025-12-12 07:48:52] [run_formula] Running formula stack-p2 with K=173 up to limit 1600
[2025-12-12 07:48:57] [generate_cnf] Generating formula stack-p2 with K=174
[2025-12-12 07:49:15] [run_formula] Running formula stack-p2 with K=174 up to limit 1600
[2025-12-12 07:49:20] [generate_cnf] Generating formula stack-p2 with K=175
[2025-12-12 07:49:38] [run_formula] Running formula stack-p2 with K=175 up to limit 1600
[2025-12-12 07:49:43] [generate_cnf] Generating formula stack-p2 with K=176
[2025-12-12 07:50:02] [run_formula] Running formula stack-p2 with K=176 up to limit 1600
[2025-12-12 07:50:06] [generate_cnf] Generating formula stack-p2 with K=177
[2025-12-12 07:50:25] [run_formula] Running formula stack-p2 with K=177 up to limit 1600
[2025-12-12 07:50:29] [generate_cnf] Generating formula stack-p2 with K=178
[2025-12-12 07:50:47] [run_formula] Running formula stack-p2 with K=178 up to limit 1600
[2025-12-12 07:50:52] [generate_cnf] Generating formula stack-p2 with K=179
[2025-12-12 07:51:11] [run_formula] Running formula stack-p2 with K=179 up to limit 1600
[2025-12-12 07:51:16] [generate_cnf] Generating formula stack-p2 with K=180
[2025-12-12 07:51:35] [run_formula] Running formula stack-p2 with K=180 up to limit 1600
[2025-12-12 07:51:40] [generate_cnf] Generating formula stack-p2 with K=181
[2025-12-12 07:52:02] [run_formula] Running formula stack-p2 with K=181 up to limit 1600
[2025-12-12 07:52:07] [generate_cnf] Generating formula stack-p2 with K=182
[2025-12-12 07:52:26] [run_formula] Running formula stack-p2 with K=182 up to limit 1600
[2025-12-12 07:52:31] [generate_cnf] Generating formula stack-p2 with K=183
[2025-12-12 07:52:50] [run_formula] Running formula stack-p2 with K=183 up to limit 1600
[2025-12-12 07:52:55] [generate_cnf] Generating formula stack-p2 with K=184
[2025-12-12 07:53:14] [run_formula] Running formula stack-p2 with K=184 up to limit 1600
[2025-12-12 07:53:19] [generate_cnf] Generating formula stack-p2 with K=185
[2025-12-12 07:53:39] [run_formula] Running formula stack-p2 with K=185 up to limit 1600
[2025-12-12 07:53:43] [generate_cnf] Generating formula stack-p2 with K=186
[2025-12-12 07:54:03] [run_formula] Running formula stack-p2 with K=186 up to limit 1600
[2025-12-12 07:54:08] [generate_cnf] Generating formula stack-p2 with K=187
[2025-12-12 07:54:27] [run_formula] Running formula stack-p2 with K=187 up to limit 1600
[2025-12-12 07:54:32] [generate_cnf] Generating formula stack-p2 with K=188
[2025-12-12 07:54:52] [run_formula] Running formula stack-p2 with K=188 up to limit 1600
[2025-12-12 07:54:57] [generate_cnf] Generating formula stack-p2 with K=189
[2025-12-12 07:55:16] [run_formula] Running formula stack-p2 with K=189 up to limit 1600
[2025-12-12 07:55:21] [generate_cnf] Generating formula stack-p2 with K=190
[2025-12-12 07:55:41] [run_formula] Running formula stack-p2 with K=190 up to limit 1600
[2025-12-12 07:55:46] [generate_cnf] Generating formula stack-p2 with K=191
[2025-12-12 07:56:06] [run_formula] Running formula stack-p2 with K=191 up to limit 1600
[2025-12-12 07:56:11] [generate_cnf] Generating formula stack-p2 with K=192
[2025-12-12 07:56:31] [run_formula] Running formula stack-p2 with K=192 up to limit 1600
[2025-12-12 07:56:36] [generate_cnf] Generating formula stack-p2 with K=193
[2025-12-12 07:56:56] [run_formula] Running formula stack-p2 with K=193 up to limit 1600
[2025-12-12 07:57:01] [generate_cnf] Generating formula stack-p2 with K=194
[2025-12-12 07:57:22] [run_formula] Running formula stack-p2 with K=194 up to limit 1600
[2025-12-12 07:57:27] [generate_cnf] Generating formula stack-p2 with K=195
[2025-12-12 07:57:47] [run_formula] Running formula stack-p2 with K=195 up to limit 1600
[2025-12-12 07:57:52] [generate_cnf] Generating formula stack-p2 with K=196
[2025-12-12 07:58:14] [run_formula] Running formula stack-p2 with K=196 up to limit 1600
[2025-12-12 07:58:19] [generate_cnf] Generating formula stack-p2 with K=197
[2025-12-12 07:58:40] [run_formula] Running formula stack-p2 with K=197 up to limit 1600
[2025-12-12 07:58:45] [generate_cnf] Generating formula stack-p2 with K=198
[2025-12-12 07:59:05] [run_formula] Running formula stack-p2 with K=198 up to limit 1600
[2025-12-12 07:59:11] [generate_cnf] Generating formula stack-p2 with K=199
[2025-12-12 07:59:31] [run_formula] Running formula stack-p2 with K=199 up to limit 1600
[2025-12-12 07:59:37] [generate_cnf] Generating formula stack-p2 with K=200
[2025-12-12 07:59:58] [run_formula] Running formula stack-p2 with K=200 up to limit 1600
[2025-12-12 08:00:03] [generate_cnf] Generating formula stack-p2 with K=201
[2025-12-12 08:00:30] [run_formula] Running formula stack-p2 with K=201 up to limit 1600
[2025-12-12 08:00:35] [generate_cnf] Generating formula stack-p2 with K=202
[2025-12-12 08:00:57] [run_formula] Running formula stack-p2 with K=202 up to limit 1600
[2025-12-12 08:01:03] [generate_cnf] Generating formula stack-p2 with K=203
[2025-12-12 08:01:25] [run_formula] Running formula stack-p2 with K=203 up to limit 1600
[2025-12-12 08:01:31] [generate_cnf] Generating formula stack-p2 with K=204
[2025-12-12 08:01:52] [run_formula] Running formula stack-p2 with K=204 up to limit 1600
[2025-12-12 08:01:58] [generate_cnf] Generating formula stack-p2 with K=205
[2025-12-12 08:02:19] [run_formula] Running formula stack-p2 with K=205 up to limit 1600
[2025-12-12 08:02:24] [generate_cnf] Generating formula stack-p2 with K=206
[2025-12-12 08:02:47] [run_formula] Running formula stack-p2 with K=206 up to limit 1600
[2025-12-12 08:02:52] [generate_cnf] Generating formula stack-p2 with K=207
[2025-12-12 08:03:14] [run_formula] Running formula stack-p2 with K=207 up to limit 1600
[2025-12-12 08:03:20] [generate_cnf] Generating formula stack-p2 with K=208
[2025-12-12 08:03:41] [run_formula] Running formula stack-p2 with K=208 up to limit 1600
[2025-12-12 08:03:47] [generate_cnf] Generating formula stack-p2 with K=209
[2025-12-12 08:04:09] [run_formula] Running formula stack-p2 with K=209 up to limit 1600
[2025-12-12 08:04:15] [generate_cnf] Generating formula stack-p2 with K=210
[2025-12-12 08:04:37] [run_formula] Running formula stack-p2 with K=210 up to limit 1600
[2025-12-12 08:04:43] [generate_cnf] Generating formula stack-p2 with K=211
[2025-12-12 08:05:05] [run_formula] Running formula stack-p2 with K=211 up to limit 1600
[2025-12-12 08:05:10] [generate_cnf] Generating formula stack-p2 with K=212
[2025-12-12 08:05:32] [run_formula] Running formula stack-p2 with K=212 up to limit 1600
[2025-12-12 08:05:38] [generate_cnf] Generating formula stack-p2 with K=213
[2025-12-12 08:06:02] [run_formula] Running formula stack-p2 with K=213 up to limit 1600
[2025-12-12 08:06:08] [generate_cnf] Generating formula stack-p2 with K=214
[2025-12-12 08:06:30] [run_formula] Running formula stack-p2 with K=214 up to limit 1600
[2025-12-12 08:06:36] [generate_cnf] Generating formula stack-p2 with K=215
[2025-12-12 08:06:58] [run_formula] Running formula stack-p2 with K=215 up to limit 1600
[2025-12-12 08:07:04] [generate_cnf] Generating formula stack-p2 with K=216
[2025-12-12 08:07:28] [run_formula] Running formula stack-p2 with K=216 up to limit 1600
[2025-12-12 08:07:34] [generate_cnf] Generating formula stack-p2 with K=217
[2025-12-12 08:07:57] [run_formula] Running formula stack-p2 with K=217 up to limit 1600
[2025-12-12 08:08:02] [generate_cnf] Generating formula stack-p2 with K=218
[2025-12-12 08:08:25] [run_formula] Running formula stack-p2 with K=218 up to limit 1600
[2025-12-12 08:08:31] [generate_cnf] Generating formula stack-p2 with K=219
[2025-12-12 08:08:55] [run_formula] Running formula stack-p2 with K=219 up to limit 1600
[2025-12-12 08:09:01] [generate_cnf] Generating formula stack-p2 with K=220
[2025-12-12 08:09:24] [run_formula] Running formula stack-p2 with K=220 up to limit 1600
[2025-12-12 08:09:30] [generate_cnf] Generating formula stack-p2 with K=221
[2025-12-12 08:09:53] [run_formula] Running formula stack-p2 with K=221 up to limit 1600
[2025-12-12 08:10:00] [generate_cnf] Generating formula stack-p2 with K=222
[2025-12-12 08:10:24] [run_formula] Running formula stack-p2 with K=222 up to limit 1600
[2025-12-12 08:10:30] [generate_cnf] Generating formula stack-p2 with K=223
[2025-12-12 08:10:55] [run_formula] Running formula stack-p2 with K=223 up to limit 1600
[2025-12-12 08:11:02] [generate_cnf] Generating formula stack-p2 with K=224
[2025-12-12 08:11:27] [run_formula] Running formula stack-p2 with K=224 up to limit 1600
[2025-12-12 08:11:33] [generate_cnf] Generating formula stack-p2 with K=225
[2025-12-12 08:11:59] [run_formula] Running formula stack-p2 with K=225 up to limit 1600
[2025-12-12 08:12:06] [generate_cnf] Generating formula stack-p2 with K=226
[2025-12-12 08:12:34] [run_formula] Running formula stack-p2 with K=226 up to limit 1600
[2025-12-12 08:12:41] [generate_cnf] Generating formula stack-p2 with K=227
[2025-12-12 08:13:09] [run_formula] Running formula stack-p2 with K=227 up to limit 1600
[2025-12-12 08:13:17] [generate_cnf] Generating formula stack-p2 with K=228
[2025-12-12 08:13:45] [run_formula] Running formula stack-p2 with K=228 up to limit 1600
[2025-12-12 08:13:52] [generate_cnf] Generating formula stack-p2 with K=229
[2025-12-12 08:14:20] [run_formula] Running formula stack-p2 with K=229 up to limit 1600
[2025-12-12 08:14:27] [generate_cnf] Generating formula stack-p2 with K=230
[2025-12-12 08:14:56] [run_formula] Running formula stack-p2 with K=230 up to limit 1600
[2025-12-12 08:15:03] [generate_cnf] Generating formula stack-p2 with K=231
[2025-12-12 08:15:33] [run_formula] Running formula stack-p2 with K=231 up to limit 1600
[2025-12-12 08:15:41] [generate_cnf] Generating formula stack-p2 with K=232
[2025-12-12 08:16:09] [run_formula] Running formula stack-p2 with K=232 up to limit 1600
[2025-12-12 08:16:17] [generate_cnf] Generating formula stack-p2 with K=233
[2025-12-12 08:16:46] [run_formula] Running formula stack-p2 with K=233 up to limit 1600
[2025-12-12 08:16:54] [generate_cnf] Generating formula stack-p2 with K=234
[2025-12-12 08:17:22] [run_formula] Running formula stack-p2 with K=234 up to limit 1600
[2025-12-12 08:17:29] [generate_cnf] Generating formula stack-p2 with K=235
[2025-12-12 08:17:57] [run_formula] Running formula stack-p2 with K=235 up to limit 1600
[2025-12-12 08:18:05] [generate_cnf] Generating formula stack-p2 with K=236
[2025-12-12 08:18:32] [run_formula] Running formula stack-p2 with K=236 up to limit 1600
[2025-12-12 08:18:39] [generate_cnf] Generating formula stack-p2 with K=237
[2025-12-12 08:19:06] [run_formula] Running formula stack-p2 with K=237 up to limit 1600
[2025-12-12 08:19:13] [generate_cnf] Generating formula stack-p2 with K=238
[2025-12-12 08:19:39] [run_formula] Running formula stack-p2 with K=238 up to limit 1600
[2025-12-12 08:19:46] [generate_cnf] Generating formula stack-p2 with K=239
[2025-12-12 08:20:13] [run_formula] Running formula stack-p2 with K=239 up to limit 1600
[2025-12-12 08:20:21] [generate_cnf] Generating formula stack-p2 with K=240
[2025-12-12 08:20:48] [run_formula] Running formula stack-p2 with K=240 up to limit 1600
[2025-12-12 08:20:55] [generate_cnf] Generating formula stack-p2 with K=241
[2025-12-12 08:21:23] [run_formula] Running formula stack-p2 with K=241 up to limit 1600
[2025-12-12 08:21:30] [generate_cnf] Generating formula stack-p2 with K=242
[2025-12-12 08:21:58] [run_formula] Running formula stack-p2 with K=242 up to limit 1600
[2025-12-12 08:22:05] [generate_cnf] Generating formula stack-p2 with K=243
[2025-12-12 08:22:32] [run_formula] Running formula stack-p2 with K=243 up to limit 1600
[2025-12-12 08:22:40] [generate_cnf] Generating formula stack-p2 with K=244
[2025-12-12 08:23:10] [run_formula] Running formula stack-p2 with K=244 up to limit 1600
[2025-12-12 08:23:17] [generate_cnf] Generating formula stack-p2 with K=245
[2025-12-12 08:23:47] [run_formula] Running formula stack-p2 with K=245 up to limit 1600
[2025-12-12 08:23:55] [generate_cnf] Generating formula stack-p2 with K=246
[2025-12-12 08:24:25] [run_formula] Running formula stack-p2 with K=246 up to limit 1600
[2025-12-12 08:24:32] [generate_cnf] Generating formula stack-p2 with K=247
[2025-12-12 08:25:02] [run_formula] Running formula stack-p2 with K=247 up to limit 1600
[2025-12-12 08:25:09] [generate_cnf] Generating formula stack-p2 with K=248
[2025-12-12 08:25:39] [run_formula] Running formula stack-p2 with K=248 up to limit 1600
[2025-12-12 08:25:47] [generate_cnf] Generating formula stack-p2 with K=249
[2025-12-12 08:26:17] [run_formula] Running formula stack-p2 with K=249 up to limit 1600
[2025-12-12 08:26:25] [generate_cnf] Generating formula stack-p2 with K=250
[2025-12-12 08:26:55] [run_formula] Running formula stack-p2 with K=250 up to limit 1600
[2025-12-12 08:27:02] [generate_cnf] Generating formula stack-p2 with K=251
[2025-12-12 08:27:32] [run_formula] Running formula stack-p2 with K=251 up to limit 1600
[2025-12-12 08:27:40] [generate_cnf] Generating formula stack-p2 with K=252
[2025-12-12 08:28:09] [run_formula] Running formula stack-p2 with K=252 up to limit 1600
[2025-12-12 08:28:16] [run_formula] Error running formula stack-p2 with K=252: [Errno 122] Disk quota exceeded: './results/solving_logs/stack-p2//stack-p2.252.log'
[2025-12-12 08:28:16] [generate_and_run_up_to_limit] Failed to run formula stack-p2 with K=252, halting
