CNF written.
CNF written.
CNF written.
CNF written.
CNF written.
CNF written.
CNF written.
CNF written.
CNF written.
CNF written.
CNF written.
CNF written.
CNF written.
CNF written.
CNF written.
CNF written.
CNF written.
CNF written.
CNF written.
CNF written.
CNF written.
CNF written.
CNF written.
CNF written.
CNF written.
CNF written.
CNF written.
CNF written.
CNF written.
CNF written.
CNF written.
CNF written.
CNF written.
CNF written.
CNF written.
CNF written.
CNF written.
CNF written.
CNF written.
CNF written.
CNF written.
CNF written.
CNF written.
CNF written.
CNF written.
CNF written.
CNF written.
CNF written.
CNF written.
CNF written.
CNF written.
CNF written.
CNF written.
CNF written.
CNF written.
CNF written.
CNF written.
CNF written.
CNF written.
CNF written.
CNF written.
CNF written.
CNF written.
CNF written.
CNF written.
CNF written.
CNF written.
CNF written.
CNF written.
CNF written.
CNF written.
CNF written.
CNF written.
CNF written.
CNF written.
CNF written.
CNF written.
CNF written.
CNF written.
CNF written.
CNF written.
CNF written.
CNF written.
CNF written.
CNF written.
CNF written.
CNF written.
CNF written.
CNF written.
CNF written.
CNF written.
CNF written.
CNF written.
CNF written.
CNF written.
CNF written.
CNF written.
CNF written.
CNF written.
[2025-12-12 08:00:33] [generate_and_run_up_to_limit] Generating and running texaspimainp05 with K<=500 up to limit 1600
[2025-12-12 08:00:33] [generate_cnf] Generating formula texaspimainp05 with K=1
[2025-12-12 08:00:33] [run_formula] Running formula texaspimainp05 with K=1 up to limit 1600
[2025-12-12 08:00:33] [generate_cnf] Generating formula texaspimainp05 with K=2
[2025-12-12 08:00:33] [run_formula] Running formula texaspimainp05 with K=2 up to limit 1600
[2025-12-12 08:00:33] [generate_cnf] Generating formula texaspimainp05 with K=3
[2025-12-12 08:00:33] [run_formula] Running formula texaspimainp05 with K=3 up to limit 1600
[2025-12-12 08:00:33] [generate_cnf] Generating formula texaspimainp05 with K=4
[2025-12-12 08:00:33] [run_formula] Running formula texaspimainp05 with K=4 up to limit 1600
[2025-12-12 08:00:33] [generate_cnf] Generating formula texaspimainp05 with K=5
[2025-12-12 08:00:33] [run_formula] Running formula texaspimainp05 with K=5 up to limit 1600
[2025-12-12 08:00:33] [generate_cnf] Generating formula texaspimainp05 with K=6
[2025-12-12 08:00:34] [run_formula] Running formula texaspimainp05 with K=6 up to limit 1600
[2025-12-12 08:00:34] [generate_cnf] Generating formula texaspimainp05 with K=7
[2025-12-12 08:00:34] [run_formula] Running formula texaspimainp05 with K=7 up to limit 1600
[2025-12-12 08:00:34] [generate_cnf] Generating formula texaspimainp05 with K=8
[2025-12-12 08:00:34] [run_formula] Running formula texaspimainp05 with K=8 up to limit 1600
[2025-12-12 08:00:34] [generate_cnf] Generating formula texaspimainp05 with K=9
[2025-12-12 08:00:34] [run_formula] Running formula texaspimainp05 with K=9 up to limit 1600
[2025-12-12 08:00:34] [generate_cnf] Generating formula texaspimainp05 with K=10
[2025-12-12 08:00:35] [run_formula] Running formula texaspimainp05 with K=10 up to limit 1600
[2025-12-12 08:00:35] [generate_cnf] Generating formula texaspimainp05 with K=11
[2025-12-12 08:00:35] [run_formula] Running formula texaspimainp05 with K=11 up to limit 1600
[2025-12-12 08:00:35] [generate_cnf] Generating formula texaspimainp05 with K=12
[2025-12-12 08:00:35] [run_formula] Running formula texaspimainp05 with K=12 up to limit 1600
[2025-12-12 08:00:36] [generate_cnf] Generating formula texaspimainp05 with K=13
[2025-12-12 08:00:36] [run_formula] Running formula texaspimainp05 with K=13 up to limit 1600
[2025-12-12 08:00:36] [generate_cnf] Generating formula texaspimainp05 with K=14
[2025-12-12 08:00:37] [run_formula] Running formula texaspimainp05 with K=14 up to limit 1600
[2025-12-12 08:00:37] [generate_cnf] Generating formula texaspimainp05 with K=15
[2025-12-12 08:00:37] [run_formula] Running formula texaspimainp05 with K=15 up to limit 1600
[2025-12-12 08:00:37] [generate_cnf] Generating formula texaspimainp05 with K=16
[2025-12-12 08:00:38] [run_formula] Running formula texaspimainp05 with K=16 up to limit 1600
[2025-12-12 08:00:38] [generate_cnf] Generating formula texaspimainp05 with K=17
[2025-12-12 08:00:38] [run_formula] Running formula texaspimainp05 with K=17 up to limit 1600
[2025-12-12 08:00:39] [generate_cnf] Generating formula texaspimainp05 with K=18
[2025-12-12 08:00:39] [run_formula] Running formula texaspimainp05 with K=18 up to limit 1600
[2025-12-12 08:00:39] [generate_cnf] Generating formula texaspimainp05 with K=19
[2025-12-12 08:00:40] [run_formula] Running formula texaspimainp05 with K=19 up to limit 1600
[2025-12-12 08:00:41] [generate_cnf] Generating formula texaspimainp05 with K=20
[2025-12-12 08:00:41] [run_formula] Running formula texaspimainp05 with K=20 up to limit 1600
[2025-12-12 08:00:42] [generate_cnf] Generating formula texaspimainp05 with K=21
[2025-12-12 08:00:42] [run_formula] Running formula texaspimainp05 with K=21 up to limit 1600
[2025-12-12 08:00:43] [generate_cnf] Generating formula texaspimainp05 with K=22
[2025-12-12 08:00:44] [run_formula] Running formula texaspimainp05 with K=22 up to limit 1600
[2025-12-12 08:00:44] [generate_cnf] Generating formula texaspimainp05 with K=23
[2025-12-12 08:00:45] [run_formula] Running formula texaspimainp05 with K=23 up to limit 1600
[2025-12-12 08:00:46] [generate_cnf] Generating formula texaspimainp05 with K=24
[2025-12-12 08:00:47] [run_formula] Running formula texaspimainp05 with K=24 up to limit 1600
[2025-12-12 08:00:48] [generate_cnf] Generating formula texaspimainp05 with K=25
[2025-12-12 08:00:49] [run_formula] Running formula texaspimainp05 with K=25 up to limit 1600
[2025-12-12 08:00:52] [generate_cnf] Generating formula texaspimainp05 with K=26
[2025-12-12 08:00:52] [run_formula] Running formula texaspimainp05 with K=26 up to limit 1600
[2025-12-12 08:00:54] [generate_cnf] Generating formula texaspimainp05 with K=27
[2025-12-12 08:00:55] [run_formula] Running formula texaspimainp05 with K=27 up to limit 1600
[2025-12-12 08:00:57] [generate_cnf] Generating formula texaspimainp05 with K=28
[2025-12-12 08:00:57] [run_formula] Running formula texaspimainp05 with K=28 up to limit 1600
[2025-12-12 08:00:59] [generate_cnf] Generating formula texaspimainp05 with K=29
[2025-12-12 08:01:00] [run_formula] Running formula texaspimainp05 with K=29 up to limit 1600
[2025-12-12 08:01:02] [generate_cnf] Generating formula texaspimainp05 with K=30
[2025-12-12 08:01:02] [run_formula] Running formula texaspimainp05 with K=30 up to limit 1600
[2025-12-12 08:01:05] [generate_cnf] Generating formula texaspimainp05 with K=31
[2025-12-12 08:01:06] [run_formula] Running formula texaspimainp05 with K=31 up to limit 1600
[2025-12-12 08:01:08] [generate_cnf] Generating formula texaspimainp05 with K=32
[2025-12-12 08:01:09] [run_formula] Running formula texaspimainp05 with K=32 up to limit 1600
[2025-12-12 08:01:11] [generate_cnf] Generating formula texaspimainp05 with K=33
[2025-12-12 08:01:12] [run_formula] Running formula texaspimainp05 with K=33 up to limit 1600
[2025-12-12 08:01:16] [generate_cnf] Generating formula texaspimainp05 with K=34
[2025-12-12 08:01:17] [run_formula] Running formula texaspimainp05 with K=34 up to limit 1600
[2025-12-12 08:01:19] [generate_cnf] Generating formula texaspimainp05 with K=35
[2025-12-12 08:01:20] [run_formula] Running formula texaspimainp05 with K=35 up to limit 1600
[2025-12-12 08:01:25] [generate_cnf] Generating formula texaspimainp05 with K=36
[2025-12-12 08:01:25] [run_formula] Running formula texaspimainp05 with K=36 up to limit 1600
[2025-12-12 08:01:33] [generate_cnf] Generating formula texaspimainp05 with K=37
[2025-12-12 08:01:34] [run_formula] Running formula texaspimainp05 with K=37 up to limit 1600
[2025-12-12 08:01:39] [generate_cnf] Generating formula texaspimainp05 with K=38
[2025-12-12 08:01:44] [run_formula] Running formula texaspimainp05 with K=38 up to limit 1600
[2025-12-12 08:01:47] [generate_cnf] Generating formula texaspimainp05 with K=39
[2025-12-12 08:01:48] [run_formula] Running formula texaspimainp05 with K=39 up to limit 1600
[2025-12-12 08:01:51] [generate_cnf] Generating formula texaspimainp05 with K=40
[2025-12-12 08:01:52] [run_formula] Running formula texaspimainp05 with K=40 up to limit 1600
[2025-12-12 08:01:55] [generate_cnf] Generating formula texaspimainp05 with K=41
[2025-12-12 08:01:56] [run_formula] Running formula texaspimainp05 with K=41 up to limit 1600
[2025-12-12 08:02:04] [generate_cnf] Generating formula texaspimainp05 with K=42
[2025-12-12 08:02:05] [run_formula] Running formula texaspimainp05 with K=42 up to limit 1600
[2025-12-12 08:02:10] [generate_cnf] Generating formula texaspimainp05 with K=43
[2025-12-12 08:02:11] [run_formula] Running formula texaspimainp05 with K=43 up to limit 1600
[2025-12-12 08:02:19] [generate_cnf] Generating formula texaspimainp05 with K=44
[2025-12-12 08:02:20] [run_formula] Running formula texaspimainp05 with K=44 up to limit 1600
[2025-12-12 08:02:29] [generate_cnf] Generating formula texaspimainp05 with K=45
[2025-12-12 08:02:30] [run_formula] Running formula texaspimainp05 with K=45 up to limit 1600
[2025-12-12 08:02:35] [generate_cnf] Generating formula texaspimainp05 with K=46
[2025-12-12 08:02:36] [run_formula] Running formula texaspimainp05 with K=46 up to limit 1600
[2025-12-12 08:02:46] [generate_cnf] Generating formula texaspimainp05 with K=47
[2025-12-12 08:02:47] [run_formula] Running formula texaspimainp05 with K=47 up to limit 1600
[2025-12-12 08:02:56] [generate_cnf] Generating formula texaspimainp05 with K=48
[2025-12-12 08:02:57] [run_formula] Running formula texaspimainp05 with K=48 up to limit 1600
[2025-12-12 08:03:06] [generate_cnf] Generating formula texaspimainp05 with K=49
[2025-12-12 08:03:07] [run_formula] Running formula texaspimainp05 with K=49 up to limit 1600
[2025-12-12 08:03:16] [generate_cnf] Generating formula texaspimainp05 with K=50
[2025-12-12 08:03:17] [run_formula] Running formula texaspimainp05 with K=50 up to limit 1600
[2025-12-12 08:03:27] [generate_cnf] Generating formula texaspimainp05 with K=51
[2025-12-12 08:03:28] [run_formula] Running formula texaspimainp05 with K=51 up to limit 1600
[2025-12-12 08:03:38] [generate_cnf] Generating formula texaspimainp05 with K=52
[2025-12-12 08:03:39] [run_formula] Running formula texaspimainp05 with K=52 up to limit 1600
[2025-12-12 08:03:52] [generate_cnf] Generating formula texaspimainp05 with K=53
[2025-12-12 08:03:53] [run_formula] Running formula texaspimainp05 with K=53 up to limit 1600
[2025-12-12 08:04:05] [generate_cnf] Generating formula texaspimainp05 with K=54
[2025-12-12 08:04:06] [run_formula] Running formula texaspimainp05 with K=54 up to limit 1600
[2025-12-12 08:04:18] [generate_cnf] Generating formula texaspimainp05 with K=55
[2025-12-12 08:04:19] [run_formula] Running formula texaspimainp05 with K=55 up to limit 1600
[2025-12-12 08:04:34] [generate_cnf] Generating formula texaspimainp05 with K=56
[2025-12-12 08:04:35] [run_formula] Running formula texaspimainp05 with K=56 up to limit 1600
[2025-12-12 08:04:48] [generate_cnf] Generating formula texaspimainp05 with K=57
[2025-12-12 08:04:49] [run_formula] Running formula texaspimainp05 with K=57 up to limit 1600
[2025-12-12 08:05:10] [generate_cnf] Generating formula texaspimainp05 with K=58
[2025-12-12 08:05:12] [run_formula] Running formula texaspimainp05 with K=58 up to limit 1600
[2025-12-12 08:05:28] [generate_cnf] Generating formula texaspimainp05 with K=59
[2025-12-12 08:05:29] [run_formula] Running formula texaspimainp05 with K=59 up to limit 1600
[2025-12-12 08:05:58] [generate_cnf] Generating formula texaspimainp05 with K=60
[2025-12-12 08:05:59] [run_formula] Running formula texaspimainp05 with K=60 up to limit 1600
[2025-12-12 08:06:15] [generate_cnf] Generating formula texaspimainp05 with K=61
[2025-12-12 08:06:16] [run_formula] Running formula texaspimainp05 with K=61 up to limit 1600
[2025-12-12 08:06:30] [generate_cnf] Generating formula texaspimainp05 with K=62
[2025-12-12 08:06:31] [run_formula] Running formula texaspimainp05 with K=62 up to limit 1600
[2025-12-12 08:06:47] [generate_cnf] Generating formula texaspimainp05 with K=63
[2025-12-12 08:06:48] [run_formula] Running formula texaspimainp05 with K=63 up to limit 1600
[2025-12-12 08:07:05] [generate_cnf] Generating formula texaspimainp05 with K=64
[2025-12-12 08:07:06] [run_formula] Running formula texaspimainp05 with K=64 up to limit 1600
[2025-12-12 08:07:18] [generate_cnf] Generating formula texaspimainp05 with K=65
[2025-12-12 08:07:19] [run_formula] Running formula texaspimainp05 with K=65 up to limit 1600
[2025-12-12 08:07:37] [generate_cnf] Generating formula texaspimainp05 with K=66
[2025-12-12 08:07:39] [run_formula] Running formula texaspimainp05 with K=66 up to limit 1600
[2025-12-12 08:08:01] [generate_cnf] Generating formula texaspimainp05 with K=67
[2025-12-12 08:08:03] [run_formula] Running formula texaspimainp05 with K=67 up to limit 1600
[2025-12-12 08:08:15] [generate_cnf] Generating formula texaspimainp05 with K=68
[2025-12-12 08:08:17] [run_formula] Running formula texaspimainp05 with K=68 up to limit 1600
[2025-12-12 08:08:30] [generate_cnf] Generating formula texaspimainp05 with K=69
[2025-12-12 08:08:32] [run_formula] Running formula texaspimainp05 with K=69 up to limit 1600
[2025-12-12 08:08:58] [generate_cnf] Generating formula texaspimainp05 with K=70
[2025-12-12 08:09:00] [run_formula] Running formula texaspimainp05 with K=70 up to limit 1600
[2025-12-12 08:09:22] [generate_cnf] Generating formula texaspimainp05 with K=71
[2025-12-12 08:09:24] [run_formula] Running formula texaspimainp05 with K=71 up to limit 1600
[2025-12-12 08:09:48] [generate_cnf] Generating formula texaspimainp05 with K=72
[2025-12-12 08:09:50] [run_formula] Running formula texaspimainp05 with K=72 up to limit 1600
[2025-12-12 08:10:16] [generate_cnf] Generating formula texaspimainp05 with K=73
[2025-12-12 08:10:17] [run_formula] Running formula texaspimainp05 with K=73 up to limit 1600
[2025-12-12 08:10:42] [generate_cnf] Generating formula texaspimainp05 with K=74
[2025-12-12 08:10:44] [run_formula] Running formula texaspimainp05 with K=74 up to limit 1600
[2025-12-12 08:11:01] [generate_cnf] Generating formula texaspimainp05 with K=75
[2025-12-12 08:11:03] [run_formula] Running formula texaspimainp05 with K=75 up to limit 1600
[2025-12-12 08:11:29] [generate_cnf] Generating formula texaspimainp05 with K=76
[2025-12-12 08:11:31] [run_formula] Running formula texaspimainp05 with K=76 up to limit 1600
[2025-12-12 08:11:55] [generate_cnf] Generating formula texaspimainp05 with K=77
[2025-12-12 08:11:56] [run_formula] Running formula texaspimainp05 with K=77 up to limit 1600
[2025-12-12 08:12:24] [generate_cnf] Generating formula texaspimainp05 with K=78
[2025-12-12 08:12:26] [run_formula] Running formula texaspimainp05 with K=78 up to limit 1600
[2025-12-12 08:12:59] [generate_cnf] Generating formula texaspimainp05 with K=79
[2025-12-12 08:13:00] [run_formula] Running formula texaspimainp05 with K=79 up to limit 1600
[2025-12-12 08:13:22] [generate_cnf] Generating formula texaspimainp05 with K=80
[2025-12-12 08:13:23] [run_formula] Running formula texaspimainp05 with K=80 up to limit 1600
[2025-12-12 08:13:51] [generate_cnf] Generating formula texaspimainp05 with K=81
[2025-12-12 08:13:53] [run_formula] Running formula texaspimainp05 with K=81 up to limit 1600
[2025-12-12 08:14:12] [generate_cnf] Generating formula texaspimainp05 with K=82
[2025-12-12 08:14:14] [run_formula] Running formula texaspimainp05 with K=82 up to limit 1600
[2025-12-12 08:14:38] [generate_cnf] Generating formula texaspimainp05 with K=83
[2025-12-12 08:14:40] [run_formula] Running formula texaspimainp05 with K=83 up to limit 1600
[2025-12-12 08:15:37] [generate_cnf] Generating formula texaspimainp05 with K=84
[2025-12-12 08:15:39] [run_formula] Running formula texaspimainp05 with K=84 up to limit 1600
[2025-12-12 08:16:30] [generate_cnf] Generating formula texaspimainp05 with K=85
[2025-12-12 08:16:32] [run_formula] Running formula texaspimainp05 with K=85 up to limit 1600
[2025-12-12 08:16:57] [generate_cnf] Generating formula texaspimainp05 with K=86
[2025-12-12 08:16:59] [run_formula] Running formula texaspimainp05 with K=86 up to limit 1600
[2025-12-12 08:17:44] [generate_cnf] Generating formula texaspimainp05 with K=87
[2025-12-12 08:17:45] [run_formula] Running formula texaspimainp05 with K=87 up to limit 1600
[2025-12-12 08:18:39] [generate_cnf] Generating formula texaspimainp05 with K=88
[2025-12-12 08:18:41] [run_formula] Running formula texaspimainp05 with K=88 up to limit 1600
[2025-12-12 08:19:34] [generate_cnf] Generating formula texaspimainp05 with K=89
[2025-12-12 08:19:36] [run_formula] Running formula texaspimainp05 with K=89 up to limit 1600
[2025-12-12 08:20:29] [generate_cnf] Generating formula texaspimainp05 with K=90
[2025-12-12 08:20:31] [run_formula] Running formula texaspimainp05 with K=90 up to limit 1600
[2025-12-12 08:21:17] [generate_cnf] Generating formula texaspimainp05 with K=91
[2025-12-12 08:21:19] [run_formula] Running formula texaspimainp05 with K=91 up to limit 1600
[2025-12-12 08:22:03] [generate_cnf] Generating formula texaspimainp05 with K=92
[2025-12-12 08:22:05] [run_formula] Running formula texaspimainp05 with K=92 up to limit 1600
[2025-12-12 08:22:54] [generate_cnf] Generating formula texaspimainp05 with K=93
[2025-12-12 08:22:56] [run_formula] Running formula texaspimainp05 with K=93 up to limit 1600
[2025-12-12 08:23:46] [generate_cnf] Generating formula texaspimainp05 with K=94
[2025-12-12 08:23:48] [run_formula] Running formula texaspimainp05 with K=94 up to limit 1600
[2025-12-12 08:24:37] [generate_cnf] Generating formula texaspimainp05 with K=95
[2025-12-12 08:24:39] [run_formula] Running formula texaspimainp05 with K=95 up to limit 1600
[2025-12-12 08:25:02] [generate_cnf] Generating formula texaspimainp05 with K=96
[2025-12-12 08:25:04] [run_formula] Running formula texaspimainp05 with K=96 up to limit 1600
[2025-12-12 08:25:54] [generate_cnf] Generating formula texaspimainp05 with K=97
[2025-12-12 08:25:56] [run_formula] Running formula texaspimainp05 with K=97 up to limit 1600
[2025-12-12 08:26:59] [generate_cnf] Generating formula texaspimainp05 with K=98
[2025-12-12 08:27:01] [run_formula] Running formula texaspimainp05 with K=98 up to limit 1600
[2025-12-12 08:27:54] [generate_cnf] Generating formula texaspimainp05 with K=99
[2025-12-12 08:27:56] [run_formula] Running formula texaspimainp05 with K=99 up to limit 1600
[2025-12-12 08:28:34] [run_formula] Error running formula texaspimainp05 with K=99: [Errno 122] Disk quota exceeded: './results/solving_logs/texaspimainp05//texaspimainp05.99.log'
[2025-12-12 08:28:34] [generate_and_run_up_to_limit] Failed to run formula texaspimainp05 with K=99, halting
