CNF written.
CNF written.
CNF written.
CNF written.
CNF written.
CNF written.
CNF written.
CNF written.
CNF written.
CNF written.
CNF written.
CNF written.
CNF written.
CNF written.
CNF written.
CNF written.
CNF written.
CNF written.
CNF written.
CNF written.
CNF written.
CNF written.
CNF written.
CNF written.
CNF written.
CNF written.
CNF written.
CNF written.
CNF written.
CNF written.
CNF written.
CNF written.
CNF written.
CNF written.
CNF written.
CNF written.
CNF written.
CNF written.
CNF written.
CNF written.
CNF written.
CNF written.
CNF written.
CNF written.
CNF written.
CNF written.
CNF written.
CNF written.
CNF written.
CNF written.
CNF written.
CNF written.
CNF written.
CNF written.
CNF written.
CNF written.
CNF written.
CNF written.
CNF written.
CNF written.
CNF written.
CNF written.
CNF written.
CNF written.
CNF written.
CNF written.
CNF written.
CNF written.
CNF written.
CNF written.
CNF written.
CNF written.
CNF written.
CNF written.
CNF written.
CNF written.
CNF written.
CNF written.
CNF written.
CNF written.
CNF written.
CNF written.
CNF written.
CNF written.
CNF written.
CNF written.
CNF written.
CNF written.
CNF written.
CNF written.
CNF written.
CNF written.
CNF written.
CNF written.
CNF written.
CNF written.
CNF written.
CNF written.
CNF written.
CNF written.
CNF written.
CNF written.
CNF written.
CNF written.
CNF written.
CNF written.
CNF written.
CNF written.
CNF written.
CNF written.
CNF written.
CNF written.
CNF written.
CNF written.
CNF written.
CNF written.
CNF written.
CNF written.
CNF written.
CNF written.
CNF written.
CNF written.
CNF written.
CNF written.
CNF written.
CNF written.
CNF written.
CNF written.
CNF written.
CNF written.
CNF written.
CNF written.
CNF written.
CNF written.
CNF written.
CNF written.
CNF written.
CNF written.
CNF written.
CNF written.
CNF written.
CNF written.
CNF written.
CNF written.
CNF written.
CNF written.
CNF written.
CNF written.
CNF written.
CNF written.
CNF written.
CNF written.
CNF written.
CNF written.
CNF written.
CNF written.
CNF written.
CNF written.
CNF written.
CNF written.
CNF written.
CNF written.
CNF written.
CNF written.
CNF written.
CNF written.
CNF written.
CNF written.
CNF written.
CNF written.
CNF written.
CNF written.
CNF written.
CNF written.
CNF written.
CNF written.
CNF written.
CNF written.
CNF written.
CNF written.
CNF written.
CNF written.
CNF written.
CNF written.
CNF written.
CNF written.
CNF written.
CNF written.
CNF written.
CNF written.
CNF written.
CNF written.
CNF written.
CNF written.
CNF written.
CNF written.
CNF written.
CNF written.
CNF written.
CNF written.
CNF written.
CNF written.
CNF written.
CNF written.
CNF written.
CNF written.
CNF written.
CNF written.
CNF written.
CNF written.
CNF written.
CNF written.
CNF written.
CNF written.
CNF written.
CNF written.
CNF written.
CNF written.
CNF written.
CNF written.
CNF written.
CNF written.
CNF written.
CNF written.
CNF written.
CNF written.
CNF written.
CNF written.
CNF written.
CNF written.
CNF written.
CNF written.
CNF written.
CNF written.
CNF written.
CNF written.
CNF written.
CNF written.
CNF written.
CNF written.
CNF written.
CNF written.
CNF written.
CNF written.
CNF written.
CNF written.
CNF written.
CNF written.
CNF written.
CNF written.
CNF written.
CNF written.
CNF written.
CNF written.
CNF written.
CNF written.
CNF written.
CNF written.
CNF written.
CNF written.
CNF written.
CNF written.
CNF written.
CNF written.
CNF written.
CNF written.
CNF written.
CNF written.
CNF written.
CNF written.
CNF written.
CNF written.
CNF written.
CNF written.
CNF written.
CNF written.
CNF written.
CNF written.
CNF written.
CNF written.
CNF written.
CNF written.
CNF written.
CNF written.
CNF written.
CNF written.
CNF written.
CNF written.
CNF written.
CNF written.
CNF written.
CNF written.
CNF written.
CNF written.
CNF written.
CNF written.
CNF written.
CNF written.
CNF written.
CNF written.
CNF written.
CNF written.
CNF written.
CNF written.
CNF written.
CNF written.
CNF written.
CNF written.
CNF written.
CNF written.
CNF written.
CNF written.
CNF written.
CNF written.
CNF written.
CNF written.
CNF written.
CNF written.
CNF written.
CNF written.
CNF written.
CNF written.
CNF written.
CNF written.
CNF written.
CNF written.
CNF written.
CNF written.
CNF written.
CNF written.
CNF written.
CNF written.
CNF written.
CNF written.
CNF written.
CNF written.
CNF written.
CNF written.
CNF written.
CNF written.
CNF written.
CNF written.
CNF written.
CNF written.
CNF written.
CNF written.
CNF written.
CNF written.
CNF written.
CNF written.
CNF written.
CNF written.
CNF written.
CNF written.
CNF written.
CNF written.
CNF written.
CNF written.
[2025-12-12 07:36:48] [generate_and_run_up_to_limit] Generating and running vis_arrays_buf_bug with K<=500 up to limit 1600
[2025-12-12 07:36:48] [generate_cnf] Generating formula vis_arrays_buf_bug with K=1
[2025-12-12 07:36:48] [run_formula] Running formula vis_arrays_buf_bug with K=1 up to limit 1600
[2025-12-12 07:36:48] [generate_cnf] Generating formula vis_arrays_buf_bug with K=2
[2025-12-12 07:36:48] [run_formula] Running formula vis_arrays_buf_bug with K=2 up to limit 1600
[2025-12-12 07:36:48] [generate_cnf] Generating formula vis_arrays_buf_bug with K=3
[2025-12-12 07:36:48] [run_formula] Running formula vis_arrays_buf_bug with K=3 up to limit 1600
[2025-12-12 07:36:48] [generate_cnf] Generating formula vis_arrays_buf_bug with K=4
[2025-12-12 07:36:48] [run_formula] Running formula vis_arrays_buf_bug with K=4 up to limit 1600
[2025-12-12 07:36:48] [generate_cnf] Generating formula vis_arrays_buf_bug with K=5
[2025-12-12 07:36:48] [run_formula] Running formula vis_arrays_buf_bug with K=5 up to limit 1600
[2025-12-12 07:36:48] [generate_cnf] Generating formula vis_arrays_buf_bug with K=6
[2025-12-12 07:36:48] [run_formula] Running formula vis_arrays_buf_bug with K=6 up to limit 1600
[2025-12-12 07:36:48] [generate_cnf] Generating formula vis_arrays_buf_bug with K=7
[2025-12-12 07:36:48] [run_formula] Running formula vis_arrays_buf_bug with K=7 up to limit 1600
[2025-12-12 07:36:48] [generate_cnf] Generating formula vis_arrays_buf_bug with K=8
[2025-12-12 07:36:48] [run_formula] Running formula vis_arrays_buf_bug with K=8 up to limit 1600
[2025-12-12 07:36:48] [generate_cnf] Generating formula vis_arrays_buf_bug with K=9
[2025-12-12 07:36:48] [run_formula] Running formula vis_arrays_buf_bug with K=9 up to limit 1600
[2025-12-12 07:36:48] [generate_cnf] Generating formula vis_arrays_buf_bug with K=10
[2025-12-12 07:36:48] [run_formula] Running formula vis_arrays_buf_bug with K=10 up to limit 1600
[2025-12-12 07:36:48] [generate_cnf] Generating formula vis_arrays_buf_bug with K=11
[2025-12-12 07:36:48] [run_formula] Running formula vis_arrays_buf_bug with K=11 up to limit 1600
[2025-12-12 07:36:48] [generate_cnf] Generating formula vis_arrays_buf_bug with K=12
[2025-12-12 07:36:48] [run_formula] Running formula vis_arrays_buf_bug with K=12 up to limit 1600
[2025-12-12 07:36:49] [generate_cnf] Generating formula vis_arrays_buf_bug with K=13
[2025-12-12 07:36:49] [run_formula] Running formula vis_arrays_buf_bug with K=13 up to limit 1600
[2025-12-12 07:36:49] [generate_cnf] Generating formula vis_arrays_buf_bug with K=14
[2025-12-12 07:36:49] [run_formula] Running formula vis_arrays_buf_bug with K=14 up to limit 1600
[2025-12-12 07:36:49] [generate_cnf] Generating formula vis_arrays_buf_bug with K=15
[2025-12-12 07:36:49] [run_formula] Running formula vis_arrays_buf_bug with K=15 up to limit 1600
[2025-12-12 07:36:50] [generate_cnf] Generating formula vis_arrays_buf_bug with K=16
[2025-12-12 07:36:50] [run_formula] Running formula vis_arrays_buf_bug with K=16 up to limit 1600
[2025-12-12 07:36:50] [generate_cnf] Generating formula vis_arrays_buf_bug with K=17
[2025-12-12 07:36:50] [run_formula] Running formula vis_arrays_buf_bug with K=17 up to limit 1600
[2025-12-12 07:36:52] [generate_cnf] Generating formula vis_arrays_buf_bug with K=18
[2025-12-12 07:36:52] [run_formula] Running formula vis_arrays_buf_bug with K=18 up to limit 1600
[2025-12-12 07:36:52] [generate_cnf] Generating formula vis_arrays_buf_bug with K=19
[2025-12-12 07:36:52] [run_formula] Running formula vis_arrays_buf_bug with K=19 up to limit 1600
[2025-12-12 07:36:52] [generate_cnf] Generating formula vis_arrays_buf_bug with K=20
[2025-12-12 07:36:52] [run_formula] Running formula vis_arrays_buf_bug with K=20 up to limit 1600
[2025-12-12 07:36:52] [generate_cnf] Generating formula vis_arrays_buf_bug with K=21
[2025-12-12 07:36:52] [run_formula] Running formula vis_arrays_buf_bug with K=21 up to limit 1600
[2025-12-12 07:36:52] [generate_cnf] Generating formula vis_arrays_buf_bug with K=22
[2025-12-12 07:36:52] [run_formula] Running formula vis_arrays_buf_bug with K=22 up to limit 1600
[2025-12-12 07:36:52] [generate_cnf] Generating formula vis_arrays_buf_bug with K=23
[2025-12-12 07:36:52] [run_formula] Running formula vis_arrays_buf_bug with K=23 up to limit 1600
[2025-12-12 07:36:53] [generate_cnf] Generating formula vis_arrays_buf_bug with K=24
[2025-12-12 07:36:53] [run_formula] Running formula vis_arrays_buf_bug with K=24 up to limit 1600
[2025-12-12 07:36:53] [generate_cnf] Generating formula vis_arrays_buf_bug with K=25
[2025-12-12 07:36:53] [run_formula] Running formula vis_arrays_buf_bug with K=25 up to limit 1600
[2025-12-12 07:36:53] [generate_cnf] Generating formula vis_arrays_buf_bug with K=26
[2025-12-12 07:36:53] [run_formula] Running formula vis_arrays_buf_bug with K=26 up to limit 1600
[2025-12-12 07:36:53] [generate_cnf] Generating formula vis_arrays_buf_bug with K=27
[2025-12-12 07:36:53] [run_formula] Running formula vis_arrays_buf_bug with K=27 up to limit 1600
[2025-12-12 07:36:53] [generate_cnf] Generating formula vis_arrays_buf_bug with K=28
[2025-12-12 07:36:53] [run_formula] Running formula vis_arrays_buf_bug with K=28 up to limit 1600
[2025-12-12 07:36:53] [generate_cnf] Generating formula vis_arrays_buf_bug with K=29
[2025-12-12 07:36:53] [run_formula] Running formula vis_arrays_buf_bug with K=29 up to limit 1600
[2025-12-12 07:36:53] [generate_cnf] Generating formula vis_arrays_buf_bug with K=30
[2025-12-12 07:36:54] [run_formula] Running formula vis_arrays_buf_bug with K=30 up to limit 1600
[2025-12-12 07:36:54] [generate_cnf] Generating formula vis_arrays_buf_bug with K=31
[2025-12-12 07:36:54] [run_formula] Running formula vis_arrays_buf_bug with K=31 up to limit 1600
[2025-12-12 07:36:54] [generate_cnf] Generating formula vis_arrays_buf_bug with K=32
[2025-12-12 07:36:54] [run_formula] Running formula vis_arrays_buf_bug with K=32 up to limit 1600
[2025-12-12 07:36:54] [generate_cnf] Generating formula vis_arrays_buf_bug with K=33
[2025-12-12 07:36:54] [run_formula] Running formula vis_arrays_buf_bug with K=33 up to limit 1600
[2025-12-12 07:36:54] [generate_cnf] Generating formula vis_arrays_buf_bug with K=34
[2025-12-12 07:36:54] [run_formula] Running formula vis_arrays_buf_bug with K=34 up to limit 1600
[2025-12-12 07:36:54] [generate_cnf] Generating formula vis_arrays_buf_bug with K=35
[2025-12-12 07:36:54] [run_formula] Running formula vis_arrays_buf_bug with K=35 up to limit 1600
[2025-12-12 07:36:55] [generate_cnf] Generating formula vis_arrays_buf_bug with K=36
[2025-12-12 07:36:55] [run_formula] Running formula vis_arrays_buf_bug with K=36 up to limit 1600
[2025-12-12 07:36:55] [generate_cnf] Generating formula vis_arrays_buf_bug with K=37
[2025-12-12 07:36:55] [run_formula] Running formula vis_arrays_buf_bug with K=37 up to limit 1600
[2025-12-12 07:36:55] [generate_cnf] Generating formula vis_arrays_buf_bug with K=38
[2025-12-12 07:36:55] [run_formula] Running formula vis_arrays_buf_bug with K=38 up to limit 1600
[2025-12-12 07:36:55] [generate_cnf] Generating formula vis_arrays_buf_bug with K=39
[2025-12-12 07:36:55] [run_formula] Running formula vis_arrays_buf_bug with K=39 up to limit 1600
[2025-12-12 07:36:55] [generate_cnf] Generating formula vis_arrays_buf_bug with K=40
[2025-12-12 07:36:55] [run_formula] Running formula vis_arrays_buf_bug with K=40 up to limit 1600
[2025-12-12 07:36:56] [generate_cnf] Generating formula vis_arrays_buf_bug with K=41
[2025-12-12 07:36:56] [run_formula] Running formula vis_arrays_buf_bug with K=41 up to limit 1600
[2025-12-12 07:36:56] [generate_cnf] Generating formula vis_arrays_buf_bug with K=42
[2025-12-12 07:36:56] [run_formula] Running formula vis_arrays_buf_bug with K=42 up to limit 1600
[2025-12-12 07:36:56] [generate_cnf] Generating formula vis_arrays_buf_bug with K=43
[2025-12-12 07:36:56] [run_formula] Running formula vis_arrays_buf_bug with K=43 up to limit 1600
[2025-12-12 07:36:56] [generate_cnf] Generating formula vis_arrays_buf_bug with K=44
[2025-12-12 07:36:56] [run_formula] Running formula vis_arrays_buf_bug with K=44 up to limit 1600
[2025-12-12 07:36:56] [generate_cnf] Generating formula vis_arrays_buf_bug with K=45
[2025-12-12 07:36:56] [run_formula] Running formula vis_arrays_buf_bug with K=45 up to limit 1600
[2025-12-12 07:36:57] [generate_cnf] Generating formula vis_arrays_buf_bug with K=46
[2025-12-12 07:36:57] [run_formula] Running formula vis_arrays_buf_bug with K=46 up to limit 1600
[2025-12-12 07:36:57] [generate_cnf] Generating formula vis_arrays_buf_bug with K=47
[2025-12-12 07:36:57] [run_formula] Running formula vis_arrays_buf_bug with K=47 up to limit 1600
[2025-12-12 07:36:57] [generate_cnf] Generating formula vis_arrays_buf_bug with K=48
[2025-12-12 07:36:57] [run_formula] Running formula vis_arrays_buf_bug with K=48 up to limit 1600
[2025-12-12 07:36:57] [generate_cnf] Generating formula vis_arrays_buf_bug with K=49
[2025-12-12 07:36:57] [run_formula] Running formula vis_arrays_buf_bug with K=49 up to limit 1600
[2025-12-12 07:36:58] [generate_cnf] Generating formula vis_arrays_buf_bug with K=50
[2025-12-12 07:36:58] [run_formula] Running formula vis_arrays_buf_bug with K=50 up to limit 1600
[2025-12-12 07:36:58] [generate_cnf] Generating formula vis_arrays_buf_bug with K=51
[2025-12-12 07:36:58] [run_formula] Running formula vis_arrays_buf_bug with K=51 up to limit 1600
[2025-12-12 07:36:58] [generate_cnf] Generating formula vis_arrays_buf_bug with K=52
[2025-12-12 07:36:58] [run_formula] Running formula vis_arrays_buf_bug with K=52 up to limit 1600
[2025-12-12 07:36:58] [generate_cnf] Generating formula vis_arrays_buf_bug with K=53
[2025-12-12 07:36:58] [run_formula] Running formula vis_arrays_buf_bug with K=53 up to limit 1600
[2025-12-12 07:36:59] [generate_cnf] Generating formula vis_arrays_buf_bug with K=54
[2025-12-12 07:36:59] [run_formula] Running formula vis_arrays_buf_bug with K=54 up to limit 1600
[2025-12-12 07:36:59] [generate_cnf] Generating formula vis_arrays_buf_bug with K=55
[2025-12-12 07:36:59] [run_formula] Running formula vis_arrays_buf_bug with K=55 up to limit 1600
[2025-12-12 07:36:59] [generate_cnf] Generating formula vis_arrays_buf_bug with K=56
[2025-12-12 07:37:00] [run_formula] Running formula vis_arrays_buf_bug with K=56 up to limit 1600
[2025-12-12 07:37:00] [generate_cnf] Generating formula vis_arrays_buf_bug with K=57
[2025-12-12 07:37:00] [run_formula] Running formula vis_arrays_buf_bug with K=57 up to limit 1600
[2025-12-12 07:37:00] [generate_cnf] Generating formula vis_arrays_buf_bug with K=58
[2025-12-12 07:37:00] [run_formula] Running formula vis_arrays_buf_bug with K=58 up to limit 1600
[2025-12-12 07:37:00] [generate_cnf] Generating formula vis_arrays_buf_bug with K=59
[2025-12-12 07:37:00] [run_formula] Running formula vis_arrays_buf_bug with K=59 up to limit 1600
[2025-12-12 07:37:01] [generate_cnf] Generating formula vis_arrays_buf_bug with K=60
[2025-12-12 07:37:01] [run_formula] Running formula vis_arrays_buf_bug with K=60 up to limit 1600
[2025-12-12 07:37:01] [generate_cnf] Generating formula vis_arrays_buf_bug with K=61
[2025-12-12 07:37:01] [run_formula] Running formula vis_arrays_buf_bug with K=61 up to limit 1600
[2025-12-12 07:37:01] [generate_cnf] Generating formula vis_arrays_buf_bug with K=62
[2025-12-12 07:37:01] [run_formula] Running formula vis_arrays_buf_bug with K=62 up to limit 1600
[2025-12-12 07:37:02] [generate_cnf] Generating formula vis_arrays_buf_bug with K=63
[2025-12-12 07:37:02] [run_formula] Running formula vis_arrays_buf_bug with K=63 up to limit 1600
[2025-12-12 07:37:02] [generate_cnf] Generating formula vis_arrays_buf_bug with K=64
[2025-12-12 07:37:02] [run_formula] Running formula vis_arrays_buf_bug with K=64 up to limit 1600
[2025-12-12 07:37:02] [generate_cnf] Generating formula vis_arrays_buf_bug with K=65
[2025-12-12 07:37:02] [run_formula] Running formula vis_arrays_buf_bug with K=65 up to limit 1600
[2025-12-12 07:37:03] [generate_cnf] Generating formula vis_arrays_buf_bug with K=66
[2025-12-12 07:37:03] [run_formula] Running formula vis_arrays_buf_bug with K=66 up to limit 1600
[2025-12-12 07:37:03] [generate_cnf] Generating formula vis_arrays_buf_bug with K=67
[2025-12-12 07:37:04] [run_formula] Running formula vis_arrays_buf_bug with K=67 up to limit 1600
[2025-12-12 07:37:04] [generate_cnf] Generating formula vis_arrays_buf_bug with K=68
[2025-12-12 07:37:05] [run_formula] Running formula vis_arrays_buf_bug with K=68 up to limit 1600
[2025-12-12 07:37:05] [generate_cnf] Generating formula vis_arrays_buf_bug with K=69
[2025-12-12 07:37:05] [run_formula] Running formula vis_arrays_buf_bug with K=69 up to limit 1600
[2025-12-12 07:37:05] [generate_cnf] Generating formula vis_arrays_buf_bug with K=70
[2025-12-12 07:37:05] [run_formula] Running formula vis_arrays_buf_bug with K=70 up to limit 1600
[2025-12-12 07:37:06] [generate_cnf] Generating formula vis_arrays_buf_bug with K=71
[2025-12-12 07:37:06] [run_formula] Running formula vis_arrays_buf_bug with K=71 up to limit 1600
[2025-12-12 07:37:07] [generate_cnf] Generating formula vis_arrays_buf_bug with K=72
[2025-12-12 07:37:07] [run_formula] Running formula vis_arrays_buf_bug with K=72 up to limit 1600
[2025-12-12 07:37:07] [generate_cnf] Generating formula vis_arrays_buf_bug with K=73
[2025-12-12 07:37:07] [run_formula] Running formula vis_arrays_buf_bug with K=73 up to limit 1600
[2025-12-12 07:37:09] [generate_cnf] Generating formula vis_arrays_buf_bug with K=74
[2025-12-12 07:37:09] [run_formula] Running formula vis_arrays_buf_bug with K=74 up to limit 1600
[2025-12-12 07:37:09] [generate_cnf] Generating formula vis_arrays_buf_bug with K=75
[2025-12-12 07:37:09] [run_formula] Running formula vis_arrays_buf_bug with K=75 up to limit 1600
[2025-12-12 07:37:10] [generate_cnf] Generating formula vis_arrays_buf_bug with K=76
[2025-12-12 07:37:10] [run_formula] Running formula vis_arrays_buf_bug with K=76 up to limit 1600
[2025-12-12 07:37:12] [generate_cnf] Generating formula vis_arrays_buf_bug with K=77
[2025-12-12 07:37:12] [run_formula] Running formula vis_arrays_buf_bug with K=77 up to limit 1600
[2025-12-12 07:37:13] [generate_cnf] Generating formula vis_arrays_buf_bug with K=78
[2025-12-12 07:37:13] [run_formula] Running formula vis_arrays_buf_bug with K=78 up to limit 1600
[2025-12-12 07:37:14] [generate_cnf] Generating formula vis_arrays_buf_bug with K=79
[2025-12-12 07:37:14] [run_formula] Running formula vis_arrays_buf_bug with K=79 up to limit 1600
[2025-12-12 07:37:15] [generate_cnf] Generating formula vis_arrays_buf_bug with K=80
[2025-12-12 07:37:15] [run_formula] Running formula vis_arrays_buf_bug with K=80 up to limit 1600
[2025-12-12 07:37:16] [generate_cnf] Generating formula vis_arrays_buf_bug with K=81
[2025-12-12 07:37:16] [run_formula] Running formula vis_arrays_buf_bug with K=81 up to limit 1600
[2025-12-12 07:37:17] [generate_cnf] Generating formula vis_arrays_buf_bug with K=82
[2025-12-12 07:37:17] [run_formula] Running formula vis_arrays_buf_bug with K=82 up to limit 1600
[2025-12-12 07:37:17] [generate_cnf] Generating formula vis_arrays_buf_bug with K=83
[2025-12-12 07:37:17] [run_formula] Running formula vis_arrays_buf_bug with K=83 up to limit 1600
[2025-12-12 07:37:18] [generate_cnf] Generating formula vis_arrays_buf_bug with K=84
[2025-12-12 07:37:18] [run_formula] Running formula vis_arrays_buf_bug with K=84 up to limit 1600
[2025-12-12 07:37:22] [generate_cnf] Generating formula vis_arrays_buf_bug with K=85
[2025-12-12 07:37:22] [run_formula] Running formula vis_arrays_buf_bug with K=85 up to limit 1600
[2025-12-12 07:37:22] [generate_cnf] Generating formula vis_arrays_buf_bug with K=86
[2025-12-12 07:37:22] [run_formula] Running formula vis_arrays_buf_bug with K=86 up to limit 1600
[2025-12-12 07:37:24] [generate_cnf] Generating formula vis_arrays_buf_bug with K=87
[2025-12-12 07:37:24] [run_formula] Running formula vis_arrays_buf_bug with K=87 up to limit 1600
[2025-12-12 07:37:25] [generate_cnf] Generating formula vis_arrays_buf_bug with K=88
[2025-12-12 07:37:25] [run_formula] Running formula vis_arrays_buf_bug with K=88 up to limit 1600
[2025-12-12 07:37:26] [generate_cnf] Generating formula vis_arrays_buf_bug with K=89
[2025-12-12 07:37:26] [run_formula] Running formula vis_arrays_buf_bug with K=89 up to limit 1600
[2025-12-12 07:37:26] [generate_cnf] Generating formula vis_arrays_buf_bug with K=90
[2025-12-12 07:37:26] [run_formula] Running formula vis_arrays_buf_bug with K=90 up to limit 1600
[2025-12-12 07:37:27] [generate_cnf] Generating formula vis_arrays_buf_bug with K=91
[2025-12-12 07:37:27] [run_formula] Running formula vis_arrays_buf_bug with K=91 up to limit 1600
[2025-12-12 07:37:29] [generate_cnf] Generating formula vis_arrays_buf_bug with K=92
[2025-12-12 07:37:29] [run_formula] Running formula vis_arrays_buf_bug with K=92 up to limit 1600
[2025-12-12 07:37:30] [generate_cnf] Generating formula vis_arrays_buf_bug with K=93
[2025-12-12 07:37:30] [run_formula] Running formula vis_arrays_buf_bug with K=93 up to limit 1600
[2025-12-12 07:37:33] [generate_cnf] Generating formula vis_arrays_buf_bug with K=94
[2025-12-12 07:37:33] [run_formula] Running formula vis_arrays_buf_bug with K=94 up to limit 1600
[2025-12-12 07:37:34] [generate_cnf] Generating formula vis_arrays_buf_bug with K=95
[2025-12-12 07:37:35] [run_formula] Running formula vis_arrays_buf_bug with K=95 up to limit 1600
[2025-12-12 07:37:35] [generate_cnf] Generating formula vis_arrays_buf_bug with K=96
[2025-12-12 07:37:35] [run_formula] Running formula vis_arrays_buf_bug with K=96 up to limit 1600
[2025-12-12 07:37:36] [generate_cnf] Generating formula vis_arrays_buf_bug with K=97
[2025-12-12 07:37:36] [run_formula] Running formula vis_arrays_buf_bug with K=97 up to limit 1600
[2025-12-12 07:37:42] [generate_cnf] Generating formula vis_arrays_buf_bug with K=98
[2025-12-12 07:37:42] [run_formula] Running formula vis_arrays_buf_bug with K=98 up to limit 1600
[2025-12-12 07:37:44] [generate_cnf] Generating formula vis_arrays_buf_bug with K=99
[2025-12-12 07:37:44] [run_formula] Running formula vis_arrays_buf_bug with K=99 up to limit 1600
[2025-12-12 07:37:46] [generate_cnf] Generating formula vis_arrays_buf_bug with K=100
[2025-12-12 07:37:46] [run_formula] Running formula vis_arrays_buf_bug with K=100 up to limit 1600
[2025-12-12 07:37:46] [generate_cnf] Generating formula vis_arrays_buf_bug with K=101
[2025-12-12 07:37:46] [run_formula] Running formula vis_arrays_buf_bug with K=101 up to limit 1600
[2025-12-12 07:37:49] [generate_cnf] Generating formula vis_arrays_buf_bug with K=102
[2025-12-12 07:37:49] [run_formula] Running formula vis_arrays_buf_bug with K=102 up to limit 1600
[2025-12-12 07:37:51] [generate_cnf] Generating formula vis_arrays_buf_bug with K=103
[2025-12-12 07:37:51] [run_formula] Running formula vis_arrays_buf_bug with K=103 up to limit 1600
[2025-12-12 07:37:54] [generate_cnf] Generating formula vis_arrays_buf_bug with K=104
[2025-12-12 07:37:54] [run_formula] Running formula vis_arrays_buf_bug with K=104 up to limit 1600
[2025-12-12 07:37:57] [generate_cnf] Generating formula vis_arrays_buf_bug with K=105
[2025-12-12 07:37:57] [run_formula] Running formula vis_arrays_buf_bug with K=105 up to limit 1600
[2025-12-12 07:37:59] [generate_cnf] Generating formula vis_arrays_buf_bug with K=106
[2025-12-12 07:37:59] [run_formula] Running formula vis_arrays_buf_bug with K=106 up to limit 1600
[2025-12-12 07:37:59] [generate_cnf] Generating formula vis_arrays_buf_bug with K=107
[2025-12-12 07:38:00] [run_formula] Running formula vis_arrays_buf_bug with K=107 up to limit 1600
[2025-12-12 07:38:03] [generate_cnf] Generating formula vis_arrays_buf_bug with K=108
[2025-12-12 07:38:03] [run_formula] Running formula vis_arrays_buf_bug with K=108 up to limit 1600
[2025-12-12 07:38:05] [generate_cnf] Generating formula vis_arrays_buf_bug with K=109
[2025-12-12 07:38:05] [run_formula] Running formula vis_arrays_buf_bug with K=109 up to limit 1600
[2025-12-12 07:38:06] [generate_cnf] Generating formula vis_arrays_buf_bug with K=110
[2025-12-12 07:38:06] [run_formula] Running formula vis_arrays_buf_bug with K=110 up to limit 1600
[2025-12-12 07:38:07] [generate_cnf] Generating formula vis_arrays_buf_bug with K=111
[2025-12-12 07:38:07] [run_formula] Running formula vis_arrays_buf_bug with K=111 up to limit 1600
[2025-12-12 07:38:08] [generate_cnf] Generating formula vis_arrays_buf_bug with K=112
[2025-12-12 07:38:08] [run_formula] Running formula vis_arrays_buf_bug with K=112 up to limit 1600
[2025-12-12 07:38:11] [generate_cnf] Generating formula vis_arrays_buf_bug with K=113
[2025-12-12 07:38:11] [run_formula] Running formula vis_arrays_buf_bug with K=113 up to limit 1600
[2025-12-12 07:38:16] [generate_cnf] Generating formula vis_arrays_buf_bug with K=114
[2025-12-12 07:38:16] [run_formula] Running formula vis_arrays_buf_bug with K=114 up to limit 1600
[2025-12-12 07:38:18] [generate_cnf] Generating formula vis_arrays_buf_bug with K=115
[2025-12-12 07:38:18] [run_formula] Running formula vis_arrays_buf_bug with K=115 up to limit 1600
[2025-12-12 07:38:21] [generate_cnf] Generating formula vis_arrays_buf_bug with K=116
[2025-12-12 07:38:21] [run_formula] Running formula vis_arrays_buf_bug with K=116 up to limit 1600
[2025-12-12 07:38:22] [generate_cnf] Generating formula vis_arrays_buf_bug with K=117
[2025-12-12 07:38:22] [run_formula] Running formula vis_arrays_buf_bug with K=117 up to limit 1600
[2025-12-12 07:38:25] [generate_cnf] Generating formula vis_arrays_buf_bug with K=118
[2025-12-12 07:38:25] [run_formula] Running formula vis_arrays_buf_bug with K=118 up to limit 1600
[2025-12-12 07:38:27] [generate_cnf] Generating formula vis_arrays_buf_bug with K=119
[2025-12-12 07:38:27] [run_formula] Running formula vis_arrays_buf_bug with K=119 up to limit 1600
[2025-12-12 07:38:31] [generate_cnf] Generating formula vis_arrays_buf_bug with K=120
[2025-12-12 07:38:31] [run_formula] Running formula vis_arrays_buf_bug with K=120 up to limit 1600
[2025-12-12 07:38:34] [generate_cnf] Generating formula vis_arrays_buf_bug with K=121
[2025-12-12 07:38:34] [run_formula] Running formula vis_arrays_buf_bug with K=121 up to limit 1600
[2025-12-12 07:38:35] [generate_cnf] Generating formula vis_arrays_buf_bug with K=122
[2025-12-12 07:38:35] [run_formula] Running formula vis_arrays_buf_bug with K=122 up to limit 1600
[2025-12-12 07:38:38] [generate_cnf] Generating formula vis_arrays_buf_bug with K=123
[2025-12-12 07:38:38] [run_formula] Running formula vis_arrays_buf_bug with K=123 up to limit 1600
[2025-12-12 07:38:43] [generate_cnf] Generating formula vis_arrays_buf_bug with K=124
[2025-12-12 07:38:44] [run_formula] Running formula vis_arrays_buf_bug with K=124 up to limit 1600
[2025-12-12 07:38:46] [generate_cnf] Generating formula vis_arrays_buf_bug with K=125
[2025-12-12 07:38:46] [run_formula] Running formula vis_arrays_buf_bug with K=125 up to limit 1600
[2025-12-12 07:38:50] [generate_cnf] Generating formula vis_arrays_buf_bug with K=126
[2025-12-12 07:38:50] [run_formula] Running formula vis_arrays_buf_bug with K=126 up to limit 1600
[2025-12-12 07:38:55] [generate_cnf] Generating formula vis_arrays_buf_bug with K=127
[2025-12-12 07:38:55] [run_formula] Running formula vis_arrays_buf_bug with K=127 up to limit 1600
[2025-12-12 07:38:59] [generate_cnf] Generating formula vis_arrays_buf_bug with K=128
[2025-12-12 07:38:59] [run_formula] Running formula vis_arrays_buf_bug with K=128 up to limit 1600
[2025-12-12 07:39:03] [generate_cnf] Generating formula vis_arrays_buf_bug with K=129
[2025-12-12 07:39:03] [run_formula] Running formula vis_arrays_buf_bug with K=129 up to limit 1600
[2025-12-12 07:39:07] [generate_cnf] Generating formula vis_arrays_buf_bug with K=130
[2025-12-12 07:39:07] [run_formula] Running formula vis_arrays_buf_bug with K=130 up to limit 1600
[2025-12-12 07:39:08] [generate_cnf] Generating formula vis_arrays_buf_bug with K=131
[2025-12-12 07:39:08] [run_formula] Running formula vis_arrays_buf_bug with K=131 up to limit 1600
[2025-12-12 07:39:11] [generate_cnf] Generating formula vis_arrays_buf_bug with K=132
[2025-12-12 07:39:11] [run_formula] Running formula vis_arrays_buf_bug with K=132 up to limit 1600
[2025-12-12 07:39:20] [generate_cnf] Generating formula vis_arrays_buf_bug with K=133
[2025-12-12 07:39:20] [run_formula] Running formula vis_arrays_buf_bug with K=133 up to limit 1600
[2025-12-12 07:39:24] [generate_cnf] Generating formula vis_arrays_buf_bug with K=134
[2025-12-12 07:39:24] [run_formula] Running formula vis_arrays_buf_bug with K=134 up to limit 1600
[2025-12-12 07:39:28] [generate_cnf] Generating formula vis_arrays_buf_bug with K=135
[2025-12-12 07:39:28] [run_formula] Running formula vis_arrays_buf_bug with K=135 up to limit 1600
[2025-12-12 07:39:29] [generate_cnf] Generating formula vis_arrays_buf_bug with K=136
[2025-12-12 07:39:30] [run_formula] Running formula vis_arrays_buf_bug with K=136 up to limit 1600
[2025-12-12 07:39:33] [generate_cnf] Generating formula vis_arrays_buf_bug with K=137
[2025-12-12 07:39:33] [run_formula] Running formula vis_arrays_buf_bug with K=137 up to limit 1600
[2025-12-12 07:39:41] [generate_cnf] Generating formula vis_arrays_buf_bug with K=138
[2025-12-12 07:39:41] [run_formula] Running formula vis_arrays_buf_bug with K=138 up to limit 1600
[2025-12-12 07:39:44] [generate_cnf] Generating formula vis_arrays_buf_bug with K=139
[2025-12-12 07:39:44] [run_formula] Running formula vis_arrays_buf_bug with K=139 up to limit 1600
[2025-12-12 07:39:49] [generate_cnf] Generating formula vis_arrays_buf_bug with K=140
[2025-12-12 07:39:49] [run_formula] Running formula vis_arrays_buf_bug with K=140 up to limit 1600
[2025-12-12 07:39:49] [generate_cnf] Generating formula vis_arrays_buf_bug with K=141
[2025-12-12 07:39:50] [run_formula] Running formula vis_arrays_buf_bug with K=141 up to limit 1600
[2025-12-12 07:40:07] [generate_cnf] Generating formula vis_arrays_buf_bug with K=142
[2025-12-12 07:40:07] [run_formula] Running formula vis_arrays_buf_bug with K=142 up to limit 1600
[2025-12-12 07:40:08] [generate_cnf] Generating formula vis_arrays_buf_bug with K=143
[2025-12-12 07:40:08] [run_formula] Running formula vis_arrays_buf_bug with K=143 up to limit 1600
[2025-12-12 07:40:10] [generate_cnf] Generating formula vis_arrays_buf_bug with K=144
[2025-12-12 07:40:10] [run_formula] Running formula vis_arrays_buf_bug with K=144 up to limit 1600
[2025-12-12 07:40:10] [generate_cnf] Generating formula vis_arrays_buf_bug with K=145
[2025-12-12 07:40:10] [run_formula] Running formula vis_arrays_buf_bug with K=145 up to limit 1600
[2025-12-12 07:40:16] [generate_cnf] Generating formula vis_arrays_buf_bug with K=146
[2025-12-12 07:40:16] [run_formula] Running formula vis_arrays_buf_bug with K=146 up to limit 1600
[2025-12-12 07:40:20] [generate_cnf] Generating formula vis_arrays_buf_bug with K=147
[2025-12-12 07:40:20] [run_formula] Running formula vis_arrays_buf_bug with K=147 up to limit 1600
[2025-12-12 07:40:21] [generate_cnf] Generating formula vis_arrays_buf_bug with K=148
[2025-12-12 07:40:21] [run_formula] Running formula vis_arrays_buf_bug with K=148 up to limit 1600
[2025-12-12 07:40:27] [generate_cnf] Generating formula vis_arrays_buf_bug with K=149
[2025-12-12 07:40:27] [run_formula] Running formula vis_arrays_buf_bug with K=149 up to limit 1600
[2025-12-12 07:40:28] [generate_cnf] Generating formula vis_arrays_buf_bug with K=150
[2025-12-12 07:40:28] [run_formula] Running formula vis_arrays_buf_bug with K=150 up to limit 1600
[2025-12-12 07:40:30] [generate_cnf] Generating formula vis_arrays_buf_bug with K=151
[2025-12-12 07:40:30] [run_formula] Running formula vis_arrays_buf_bug with K=151 up to limit 1600
[2025-12-12 07:40:33] [generate_cnf] Generating formula vis_arrays_buf_bug with K=152
[2025-12-12 07:40:33] [run_formula] Running formula vis_arrays_buf_bug with K=152 up to limit 1600
[2025-12-12 07:40:37] [generate_cnf] Generating formula vis_arrays_buf_bug with K=153
[2025-12-12 07:40:37] [run_formula] Running formula vis_arrays_buf_bug with K=153 up to limit 1600
[2025-12-12 07:40:57] [generate_cnf] Generating formula vis_arrays_buf_bug with K=154
[2025-12-12 07:40:57] [run_formula] Running formula vis_arrays_buf_bug with K=154 up to limit 1600
[2025-12-12 07:41:01] [generate_cnf] Generating formula vis_arrays_buf_bug with K=155
[2025-12-12 07:41:01] [run_formula] Running formula vis_arrays_buf_bug with K=155 up to limit 1600
[2025-12-12 07:41:08] [generate_cnf] Generating formula vis_arrays_buf_bug with K=156
[2025-12-12 07:41:08] [run_formula] Running formula vis_arrays_buf_bug with K=156 up to limit 1600
[2025-12-12 07:41:14] [generate_cnf] Generating formula vis_arrays_buf_bug with K=157
[2025-12-12 07:41:14] [run_formula] Running formula vis_arrays_buf_bug with K=157 up to limit 1600
[2025-12-12 07:41:14] [generate_cnf] Generating formula vis_arrays_buf_bug with K=158
[2025-12-12 07:41:15] [run_formula] Running formula vis_arrays_buf_bug with K=158 up to limit 1600
[2025-12-12 07:41:17] [generate_cnf] Generating formula vis_arrays_buf_bug with K=159
[2025-12-12 07:41:17] [run_formula] Running formula vis_arrays_buf_bug with K=159 up to limit 1600
[2025-12-12 07:41:22] [generate_cnf] Generating formula vis_arrays_buf_bug with K=160
[2025-12-12 07:41:22] [run_formula] Running formula vis_arrays_buf_bug with K=160 up to limit 1600
[2025-12-12 07:41:22] [generate_cnf] Generating formula vis_arrays_buf_bug with K=161
[2025-12-12 07:41:22] [run_formula] Running formula vis_arrays_buf_bug with K=161 up to limit 1600
[2025-12-12 07:41:23] [generate_cnf] Generating formula vis_arrays_buf_bug with K=162
[2025-12-12 07:41:23] [run_formula] Running formula vis_arrays_buf_bug with K=162 up to limit 1600
[2025-12-12 07:41:27] [generate_cnf] Generating formula vis_arrays_buf_bug with K=163
[2025-12-12 07:41:27] [run_formula] Running formula vis_arrays_buf_bug with K=163 up to limit 1600
[2025-12-12 07:41:37] [generate_cnf] Generating formula vis_arrays_buf_bug with K=164
[2025-12-12 07:41:37] [run_formula] Running formula vis_arrays_buf_bug with K=164 up to limit 1600
[2025-12-12 07:41:46] [generate_cnf] Generating formula vis_arrays_buf_bug with K=165
[2025-12-12 07:41:47] [run_formula] Running formula vis_arrays_buf_bug with K=165 up to limit 1600
[2025-12-12 07:41:47] [generate_cnf] Generating formula vis_arrays_buf_bug with K=166
[2025-12-12 07:41:47] [run_formula] Running formula vis_arrays_buf_bug with K=166 up to limit 1600
[2025-12-12 07:41:48] [generate_cnf] Generating formula vis_arrays_buf_bug with K=167
[2025-12-12 07:41:48] [run_formula] Running formula vis_arrays_buf_bug with K=167 up to limit 1600
[2025-12-12 07:42:00] [generate_cnf] Generating formula vis_arrays_buf_bug with K=168
[2025-12-12 07:42:00] [run_formula] Running formula vis_arrays_buf_bug with K=168 up to limit 1600
[2025-12-12 07:42:10] [generate_cnf] Generating formula vis_arrays_buf_bug with K=169
[2025-12-12 07:42:10] [run_formula] Running formula vis_arrays_buf_bug with K=169 up to limit 1600
[2025-12-12 07:42:16] [generate_cnf] Generating formula vis_arrays_buf_bug with K=170
[2025-12-12 07:42:16] [run_formula] Running formula vis_arrays_buf_bug with K=170 up to limit 1600
[2025-12-12 07:42:26] [generate_cnf] Generating formula vis_arrays_buf_bug with K=171
[2025-12-12 07:42:26] [run_formula] Running formula vis_arrays_buf_bug with K=171 up to limit 1600
[2025-12-12 07:42:55] [generate_cnf] Generating formula vis_arrays_buf_bug with K=172
[2025-12-12 07:42:55] [run_formula] Running formula vis_arrays_buf_bug with K=172 up to limit 1600
[2025-12-12 07:42:56] [generate_cnf] Generating formula vis_arrays_buf_bug with K=173
[2025-12-12 07:42:56] [run_formula] Running formula vis_arrays_buf_bug with K=173 up to limit 1600
[2025-12-12 07:43:04] [generate_cnf] Generating formula vis_arrays_buf_bug with K=174
[2025-12-12 07:43:04] [run_formula] Running formula vis_arrays_buf_bug with K=174 up to limit 1600
[2025-12-12 07:43:07] [generate_cnf] Generating formula vis_arrays_buf_bug with K=175
[2025-12-12 07:43:07] [run_formula] Running formula vis_arrays_buf_bug with K=175 up to limit 1600
[2025-12-12 07:43:08] [generate_cnf] Generating formula vis_arrays_buf_bug with K=176
[2025-12-12 07:43:08] [run_formula] Running formula vis_arrays_buf_bug with K=176 up to limit 1600
[2025-12-12 07:43:18] [generate_cnf] Generating formula vis_arrays_buf_bug with K=177
[2025-12-12 07:43:19] [run_formula] Running formula vis_arrays_buf_bug with K=177 up to limit 1600
[2025-12-12 07:43:22] [generate_cnf] Generating formula vis_arrays_buf_bug with K=178
[2025-12-12 07:43:22] [run_formula] Running formula vis_arrays_buf_bug with K=178 up to limit 1600
[2025-12-12 07:43:25] [generate_cnf] Generating formula vis_arrays_buf_bug with K=179
[2025-12-12 07:43:25] [run_formula] Running formula vis_arrays_buf_bug with K=179 up to limit 1600
[2025-12-12 07:43:29] [generate_cnf] Generating formula vis_arrays_buf_bug with K=180
[2025-12-12 07:43:29] [run_formula] Running formula vis_arrays_buf_bug with K=180 up to limit 1600
[2025-12-12 07:43:32] [generate_cnf] Generating formula vis_arrays_buf_bug with K=181
[2025-12-12 07:43:33] [run_formula] Running formula vis_arrays_buf_bug with K=181 up to limit 1600
[2025-12-12 07:43:38] [generate_cnf] Generating formula vis_arrays_buf_bug with K=182
[2025-12-12 07:43:38] [run_formula] Running formula vis_arrays_buf_bug with K=182 up to limit 1600
[2025-12-12 07:43:41] [generate_cnf] Generating formula vis_arrays_buf_bug with K=183
[2025-12-12 07:43:41] [run_formula] Running formula vis_arrays_buf_bug with K=183 up to limit 1600
[2025-12-12 07:43:42] [generate_cnf] Generating formula vis_arrays_buf_bug with K=184
[2025-12-12 07:43:42] [run_formula] Running formula vis_arrays_buf_bug with K=184 up to limit 1600
[2025-12-12 07:43:54] [generate_cnf] Generating formula vis_arrays_buf_bug with K=185
[2025-12-12 07:43:55] [run_formula] Running formula vis_arrays_buf_bug with K=185 up to limit 1600
[2025-12-12 07:44:09] [generate_cnf] Generating formula vis_arrays_buf_bug with K=186
[2025-12-12 07:44:10] [run_formula] Running formula vis_arrays_buf_bug with K=186 up to limit 1600
[2025-12-12 07:44:41] [generate_cnf] Generating formula vis_arrays_buf_bug with K=187
[2025-12-12 07:44:41] [run_formula] Running formula vis_arrays_buf_bug with K=187 up to limit 1600
[2025-12-12 07:44:50] [generate_cnf] Generating formula vis_arrays_buf_bug with K=188
[2025-12-12 07:44:51] [run_formula] Running formula vis_arrays_buf_bug with K=188 up to limit 1600
[2025-12-12 07:44:59] [generate_cnf] Generating formula vis_arrays_buf_bug with K=189
[2025-12-12 07:45:00] [run_formula] Running formula vis_arrays_buf_bug with K=189 up to limit 1600
[2025-12-12 07:45:11] [generate_cnf] Generating formula vis_arrays_buf_bug with K=190
[2025-12-12 07:45:11] [run_formula] Running formula vis_arrays_buf_bug with K=190 up to limit 1600
[2025-12-12 07:45:11] [generate_cnf] Generating formula vis_arrays_buf_bug with K=191
[2025-12-12 07:45:11] [run_formula] Running formula vis_arrays_buf_bug with K=191 up to limit 1600
[2025-12-12 07:45:14] [generate_cnf] Generating formula vis_arrays_buf_bug with K=192
[2025-12-12 07:45:14] [run_formula] Running formula vis_arrays_buf_bug with K=192 up to limit 1600
[2025-12-12 07:45:19] [generate_cnf] Generating formula vis_arrays_buf_bug with K=193
[2025-12-12 07:45:19] [run_formula] Running formula vis_arrays_buf_bug with K=193 up to limit 1600
[2025-12-12 07:45:30] [generate_cnf] Generating formula vis_arrays_buf_bug with K=194
[2025-12-12 07:45:30] [run_formula] Running formula vis_arrays_buf_bug with K=194 up to limit 1600
[2025-12-12 07:45:42] [generate_cnf] Generating formula vis_arrays_buf_bug with K=195
[2025-12-12 07:45:42] [run_formula] Running formula vis_arrays_buf_bug with K=195 up to limit 1600
[2025-12-12 07:45:52] [generate_cnf] Generating formula vis_arrays_buf_bug with K=196
[2025-12-12 07:45:52] [run_formula] Running formula vis_arrays_buf_bug with K=196 up to limit 1600
[2025-12-12 07:45:56] [generate_cnf] Generating formula vis_arrays_buf_bug with K=197
[2025-12-12 07:45:56] [run_formula] Running formula vis_arrays_buf_bug with K=197 up to limit 1600
[2025-12-12 07:45:57] [generate_cnf] Generating formula vis_arrays_buf_bug with K=198
[2025-12-12 07:45:57] [run_formula] Running formula vis_arrays_buf_bug with K=198 up to limit 1600
[2025-12-12 07:45:57] [generate_cnf] Generating formula vis_arrays_buf_bug with K=199
[2025-12-12 07:45:58] [run_formula] Running formula vis_arrays_buf_bug with K=199 up to limit 1600
[2025-12-12 07:46:01] [generate_cnf] Generating formula vis_arrays_buf_bug with K=200
[2025-12-12 07:46:02] [run_formula] Running formula vis_arrays_buf_bug with K=200 up to limit 1600
[2025-12-12 07:46:14] [generate_cnf] Generating formula vis_arrays_buf_bug with K=201
[2025-12-12 07:46:14] [run_formula] Running formula vis_arrays_buf_bug with K=201 up to limit 1600
[2025-12-12 07:46:27] [generate_cnf] Generating formula vis_arrays_buf_bug with K=202
[2025-12-12 07:46:27] [run_formula] Running formula vis_arrays_buf_bug with K=202 up to limit 1600
[2025-12-12 07:46:32] [generate_cnf] Generating formula vis_arrays_buf_bug with K=203
[2025-12-12 07:46:32] [run_formula] Running formula vis_arrays_buf_bug with K=203 up to limit 1600
[2025-12-12 07:46:43] [generate_cnf] Generating formula vis_arrays_buf_bug with K=204
[2025-12-12 07:46:43] [run_formula] Running formula vis_arrays_buf_bug with K=204 up to limit 1600
[2025-12-12 07:46:43] [generate_cnf] Generating formula vis_arrays_buf_bug with K=205
[2025-12-12 07:46:43] [run_formula] Running formula vis_arrays_buf_bug with K=205 up to limit 1600
[2025-12-12 07:46:58] [generate_cnf] Generating formula vis_arrays_buf_bug with K=206
[2025-12-12 07:46:58] [run_formula] Running formula vis_arrays_buf_bug with K=206 up to limit 1600
[2025-12-12 07:47:00] [generate_cnf] Generating formula vis_arrays_buf_bug with K=207
[2025-12-12 07:47:00] [run_formula] Running formula vis_arrays_buf_bug with K=207 up to limit 1600
[2025-12-12 07:47:13] [generate_cnf] Generating formula vis_arrays_buf_bug with K=208
[2025-12-12 07:47:13] [run_formula] Running formula vis_arrays_buf_bug with K=208 up to limit 1600
[2025-12-12 07:47:26] [generate_cnf] Generating formula vis_arrays_buf_bug with K=209
[2025-12-12 07:47:26] [run_formula] Running formula vis_arrays_buf_bug with K=209 up to limit 1600
[2025-12-12 07:47:27] [generate_cnf] Generating formula vis_arrays_buf_bug with K=210
[2025-12-12 07:47:27] [run_formula] Running formula vis_arrays_buf_bug with K=210 up to limit 1600
[2025-12-12 07:47:36] [generate_cnf] Generating formula vis_arrays_buf_bug with K=211
[2025-12-12 07:47:36] [run_formula] Running formula vis_arrays_buf_bug with K=211 up to limit 1600
[2025-12-12 07:47:37] [generate_cnf] Generating formula vis_arrays_buf_bug with K=212
[2025-12-12 07:47:37] [run_formula] Running formula vis_arrays_buf_bug with K=212 up to limit 1600
[2025-12-12 07:47:38] [generate_cnf] Generating formula vis_arrays_buf_bug with K=213
[2025-12-12 07:47:38] [run_formula] Running formula vis_arrays_buf_bug with K=213 up to limit 1600
[2025-12-12 07:47:59] [generate_cnf] Generating formula vis_arrays_buf_bug with K=214
[2025-12-12 07:47:59] [run_formula] Running formula vis_arrays_buf_bug with K=214 up to limit 1600
[2025-12-12 07:48:10] [generate_cnf] Generating formula vis_arrays_buf_bug with K=215
[2025-12-12 07:48:10] [run_formula] Running formula vis_arrays_buf_bug with K=215 up to limit 1600
[2025-12-12 07:48:17] [generate_cnf] Generating formula vis_arrays_buf_bug with K=216
[2025-12-12 07:48:17] [run_formula] Running formula vis_arrays_buf_bug with K=216 up to limit 1600
[2025-12-12 07:48:25] [generate_cnf] Generating formula vis_arrays_buf_bug with K=217
[2025-12-12 07:48:25] [run_formula] Running formula vis_arrays_buf_bug with K=217 up to limit 1600
[2025-12-12 07:48:29] [generate_cnf] Generating formula vis_arrays_buf_bug with K=218
[2025-12-12 07:48:30] [run_formula] Running formula vis_arrays_buf_bug with K=218 up to limit 1600
[2025-12-12 07:48:30] [generate_cnf] Generating formula vis_arrays_buf_bug with K=219
[2025-12-12 07:48:30] [run_formula] Running formula vis_arrays_buf_bug with K=219 up to limit 1600
[2025-12-12 07:48:31] [generate_cnf] Generating formula vis_arrays_buf_bug with K=220
[2025-12-12 07:48:31] [run_formula] Running formula vis_arrays_buf_bug with K=220 up to limit 1600
[2025-12-12 07:48:44] [generate_cnf] Generating formula vis_arrays_buf_bug with K=221
[2025-12-12 07:48:45] [run_formula] Running formula vis_arrays_buf_bug with K=221 up to limit 1600
[2025-12-12 07:48:56] [generate_cnf] Generating formula vis_arrays_buf_bug with K=222
[2025-12-12 07:48:57] [run_formula] Running formula vis_arrays_buf_bug with K=222 up to limit 1600
[2025-12-12 07:49:09] [generate_cnf] Generating formula vis_arrays_buf_bug with K=223
[2025-12-12 07:49:09] [run_formula] Running formula vis_arrays_buf_bug with K=223 up to limit 1600
[2025-12-12 07:49:13] [generate_cnf] Generating formula vis_arrays_buf_bug with K=224
[2025-12-12 07:49:13] [run_formula] Running formula vis_arrays_buf_bug with K=224 up to limit 1600
[2025-12-12 07:49:14] [generate_cnf] Generating formula vis_arrays_buf_bug with K=225
[2025-12-12 07:49:14] [run_formula] Running formula vis_arrays_buf_bug with K=225 up to limit 1600
[2025-12-12 07:49:14] [generate_cnf] Generating formula vis_arrays_buf_bug with K=226
[2025-12-12 07:49:14] [run_formula] Running formula vis_arrays_buf_bug with K=226 up to limit 1600
[2025-12-12 07:49:15] [generate_cnf] Generating formula vis_arrays_buf_bug with K=227
[2025-12-12 07:49:15] [run_formula] Running formula vis_arrays_buf_bug with K=227 up to limit 1600
[2025-12-12 07:49:15] [generate_cnf] Generating formula vis_arrays_buf_bug with K=228
[2025-12-12 07:49:16] [run_formula] Running formula vis_arrays_buf_bug with K=228 up to limit 1600
[2025-12-12 07:49:28] [generate_cnf] Generating formula vis_arrays_buf_bug with K=229
[2025-12-12 07:49:28] [run_formula] Running formula vis_arrays_buf_bug with K=229 up to limit 1600
[2025-12-12 07:49:34] [generate_cnf] Generating formula vis_arrays_buf_bug with K=230
[2025-12-12 07:49:34] [run_formula] Running formula vis_arrays_buf_bug with K=230 up to limit 1600
[2025-12-12 07:49:48] [generate_cnf] Generating formula vis_arrays_buf_bug with K=231
[2025-12-12 07:49:48] [run_formula] Running formula vis_arrays_buf_bug with K=231 up to limit 1600
[2025-12-12 07:49:52] [generate_cnf] Generating formula vis_arrays_buf_bug with K=232
[2025-12-12 07:49:52] [run_formula] Running formula vis_arrays_buf_bug with K=232 up to limit 1600
[2025-12-12 07:50:09] [generate_cnf] Generating formula vis_arrays_buf_bug with K=233
[2025-12-12 07:50:10] [run_formula] Running formula vis_arrays_buf_bug with K=233 up to limit 1600
[2025-12-12 07:50:23] [generate_cnf] Generating formula vis_arrays_buf_bug with K=234
[2025-12-12 07:50:23] [run_formula] Running formula vis_arrays_buf_bug with K=234 up to limit 1600
[2025-12-12 07:50:28] [generate_cnf] Generating formula vis_arrays_buf_bug with K=235
[2025-12-12 07:50:28] [run_formula] Running formula vis_arrays_buf_bug with K=235 up to limit 1600
[2025-12-12 07:50:43] [generate_cnf] Generating formula vis_arrays_buf_bug with K=236
[2025-12-12 07:50:43] [run_formula] Running formula vis_arrays_buf_bug with K=236 up to limit 1600
[2025-12-12 07:50:59] [generate_cnf] Generating formula vis_arrays_buf_bug with K=237
[2025-12-12 07:50:59] [run_formula] Running formula vis_arrays_buf_bug with K=237 up to limit 1600
[2025-12-12 07:51:04] [generate_cnf] Generating formula vis_arrays_buf_bug with K=238
[2025-12-12 07:51:04] [run_formula] Running formula vis_arrays_buf_bug with K=238 up to limit 1600
[2025-12-12 07:51:44] [generate_cnf] Generating formula vis_arrays_buf_bug with K=239
[2025-12-12 07:51:45] [run_formula] Running formula vis_arrays_buf_bug with K=239 up to limit 1600
[2025-12-12 07:51:58] [generate_cnf] Generating formula vis_arrays_buf_bug with K=240
[2025-12-12 07:51:58] [run_formula] Running formula vis_arrays_buf_bug with K=240 up to limit 1600
[2025-12-12 07:51:59] [generate_cnf] Generating formula vis_arrays_buf_bug with K=241
[2025-12-12 07:51:59] [run_formula] Running formula vis_arrays_buf_bug with K=241 up to limit 1600
[2025-12-12 07:52:49] [generate_cnf] Generating formula vis_arrays_buf_bug with K=242
[2025-12-12 07:52:49] [run_formula] Running formula vis_arrays_buf_bug with K=242 up to limit 1600
[2025-12-12 07:52:50] [generate_cnf] Generating formula vis_arrays_buf_bug with K=243
[2025-12-12 07:52:50] [run_formula] Running formula vis_arrays_buf_bug with K=243 up to limit 1600
[2025-12-12 07:53:38] [generate_cnf] Generating formula vis_arrays_buf_bug with K=244
[2025-12-12 07:53:38] [run_formula] Running formula vis_arrays_buf_bug with K=244 up to limit 1600
[2025-12-12 07:53:58] [generate_cnf] Generating formula vis_arrays_buf_bug with K=245
[2025-12-12 07:53:58] [run_formula] Running formula vis_arrays_buf_bug with K=245 up to limit 1600
[2025-12-12 07:54:12] [generate_cnf] Generating formula vis_arrays_buf_bug with K=246
[2025-12-12 07:54:12] [run_formula] Running formula vis_arrays_buf_bug with K=246 up to limit 1600
[2025-12-12 07:54:26] [generate_cnf] Generating formula vis_arrays_buf_bug with K=247
[2025-12-12 07:54:26] [run_formula] Running formula vis_arrays_buf_bug with K=247 up to limit 1600
[2025-12-12 07:54:36] [generate_cnf] Generating formula vis_arrays_buf_bug with K=248
[2025-12-12 07:54:36] [run_formula] Running formula vis_arrays_buf_bug with K=248 up to limit 1600
[2025-12-12 07:54:51] [generate_cnf] Generating formula vis_arrays_buf_bug with K=249
[2025-12-12 07:54:52] [run_formula] Running formula vis_arrays_buf_bug with K=249 up to limit 1600
[2025-12-12 07:55:04] [generate_cnf] Generating formula vis_arrays_buf_bug with K=250
[2025-12-12 07:55:05] [run_formula] Running formula vis_arrays_buf_bug with K=250 up to limit 1600
[2025-12-12 07:55:51] [generate_cnf] Generating formula vis_arrays_buf_bug with K=251
[2025-12-12 07:55:51] [run_formula] Running formula vis_arrays_buf_bug with K=251 up to limit 1600
[2025-12-12 07:56:03] [generate_cnf] Generating formula vis_arrays_buf_bug with K=252
[2025-12-12 07:56:03] [run_formula] Running formula vis_arrays_buf_bug with K=252 up to limit 1600
[2025-12-12 07:56:18] [generate_cnf] Generating formula vis_arrays_buf_bug with K=253
[2025-12-12 07:56:18] [run_formula] Running formula vis_arrays_buf_bug with K=253 up to limit 1600
[2025-12-12 07:56:33] [generate_cnf] Generating formula vis_arrays_buf_bug with K=254
[2025-12-12 07:56:33] [run_formula] Running formula vis_arrays_buf_bug with K=254 up to limit 1600
[2025-12-12 07:56:49] [generate_cnf] Generating formula vis_arrays_buf_bug with K=255
[2025-12-12 07:56:49] [run_formula] Running formula vis_arrays_buf_bug with K=255 up to limit 1600
[2025-12-12 07:57:02] [generate_cnf] Generating formula vis_arrays_buf_bug with K=256
[2025-12-12 07:57:02] [run_formula] Running formula vis_arrays_buf_bug with K=256 up to limit 1600
[2025-12-12 07:57:03] [generate_cnf] Generating formula vis_arrays_buf_bug with K=257
[2025-12-12 07:57:03] [run_formula] Running formula vis_arrays_buf_bug with K=257 up to limit 1600
[2025-12-12 07:57:51] [generate_cnf] Generating formula vis_arrays_buf_bug with K=258
[2025-12-12 07:57:51] [run_formula] Running formula vis_arrays_buf_bug with K=258 up to limit 1600
[2025-12-12 07:57:52] [generate_cnf] Generating formula vis_arrays_buf_bug with K=259
[2025-12-12 07:57:53] [run_formula] Running formula vis_arrays_buf_bug with K=259 up to limit 1600
[2025-12-12 07:58:00] [generate_cnf] Generating formula vis_arrays_buf_bug with K=260
[2025-12-12 07:58:01] [run_formula] Running formula vis_arrays_buf_bug with K=260 up to limit 1600
[2025-12-12 07:58:16] [generate_cnf] Generating formula vis_arrays_buf_bug with K=261
[2025-12-12 07:58:16] [run_formula] Running formula vis_arrays_buf_bug with K=261 up to limit 1600
[2025-12-12 07:59:16] [generate_cnf] Generating formula vis_arrays_buf_bug with K=262
[2025-12-12 07:59:17] [run_formula] Running formula vis_arrays_buf_bug with K=262 up to limit 1600
[2025-12-12 07:59:33] [generate_cnf] Generating formula vis_arrays_buf_bug with K=263
[2025-12-12 07:59:33] [run_formula] Running formula vis_arrays_buf_bug with K=263 up to limit 1600
[2025-12-12 07:59:34] [generate_cnf] Generating formula vis_arrays_buf_bug with K=264
[2025-12-12 07:59:34] [run_formula] Running formula vis_arrays_buf_bug with K=264 up to limit 1600
[2025-12-12 07:59:37] [generate_cnf] Generating formula vis_arrays_buf_bug with K=265
[2025-12-12 07:59:38] [run_formula] Running formula vis_arrays_buf_bug with K=265 up to limit 1600
[2025-12-12 07:59:55] [generate_cnf] Generating formula vis_arrays_buf_bug with K=266
[2025-12-12 07:59:55] [run_formula] Running formula vis_arrays_buf_bug with K=266 up to limit 1600
[2025-12-12 08:00:10] [generate_cnf] Generating formula vis_arrays_buf_bug with K=267
[2025-12-12 08:00:10] [run_formula] Running formula vis_arrays_buf_bug with K=267 up to limit 1600
[2025-12-12 08:00:11] [generate_cnf] Generating formula vis_arrays_buf_bug with K=268
[2025-12-12 08:00:11] [run_formula] Running formula vis_arrays_buf_bug with K=268 up to limit 1600
[2025-12-12 08:00:25] [generate_cnf] Generating formula vis_arrays_buf_bug with K=269
[2025-12-12 08:00:26] [run_formula] Running formula vis_arrays_buf_bug with K=269 up to limit 1600
[2025-12-12 08:00:27] [generate_cnf] Generating formula vis_arrays_buf_bug with K=270
[2025-12-12 08:00:27] [run_formula] Running formula vis_arrays_buf_bug with K=270 up to limit 1600
[2025-12-12 08:01:05] [generate_cnf] Generating formula vis_arrays_buf_bug with K=271
[2025-12-12 08:01:05] [run_formula] Running formula vis_arrays_buf_bug with K=271 up to limit 1600
[2025-12-12 08:01:14] [generate_cnf] Generating formula vis_arrays_buf_bug with K=272
[2025-12-12 08:01:15] [run_formula] Running formula vis_arrays_buf_bug with K=272 up to limit 1600
[2025-12-12 08:01:53] [generate_cnf] Generating formula vis_arrays_buf_bug with K=273
[2025-12-12 08:01:53] [run_formula] Running formula vis_arrays_buf_bug with K=273 up to limit 1600
[2025-12-12 08:02:11] [generate_cnf] Generating formula vis_arrays_buf_bug with K=274
[2025-12-12 08:02:11] [run_formula] Running formula vis_arrays_buf_bug with K=274 up to limit 1600
[2025-12-12 08:02:13] [generate_cnf] Generating formula vis_arrays_buf_bug with K=275
[2025-12-12 08:02:13] [run_formula] Running formula vis_arrays_buf_bug with K=275 up to limit 1600
[2025-12-12 08:02:29] [generate_cnf] Generating formula vis_arrays_buf_bug with K=276
[2025-12-12 08:02:29] [run_formula] Running formula vis_arrays_buf_bug with K=276 up to limit 1600
[2025-12-12 08:02:32] [generate_cnf] Generating formula vis_arrays_buf_bug with K=277
[2025-12-12 08:02:33] [run_formula] Running formula vis_arrays_buf_bug with K=277 up to limit 1600
[2025-12-12 08:02:51] [generate_cnf] Generating formula vis_arrays_buf_bug with K=278
[2025-12-12 08:02:51] [run_formula] Running formula vis_arrays_buf_bug with K=278 up to limit 1600
[2025-12-12 08:02:52] [generate_cnf] Generating formula vis_arrays_buf_bug with K=279
[2025-12-12 08:02:52] [run_formula] Running formula vis_arrays_buf_bug with K=279 up to limit 1600
[2025-12-12 08:03:08] [generate_cnf] Generating formula vis_arrays_buf_bug with K=280
[2025-12-12 08:03:08] [run_formula] Running formula vis_arrays_buf_bug with K=280 up to limit 1600
[2025-12-12 08:03:10] [generate_cnf] Generating formula vis_arrays_buf_bug with K=281
[2025-12-12 08:03:10] [run_formula] Running formula vis_arrays_buf_bug with K=281 up to limit 1600
[2025-12-12 08:04:00] [generate_cnf] Generating formula vis_arrays_buf_bug with K=282
[2025-12-12 08:04:01] [run_formula] Running formula vis_arrays_buf_bug with K=282 up to limit 1600
[2025-12-12 08:04:01] [generate_cnf] Generating formula vis_arrays_buf_bug with K=283
[2025-12-12 08:04:02] [run_formula] Running formula vis_arrays_buf_bug with K=283 up to limit 1600
[2025-12-12 08:04:13] [generate_cnf] Generating formula vis_arrays_buf_bug with K=284
[2025-12-12 08:04:14] [run_formula] Running formula vis_arrays_buf_bug with K=284 up to limit 1600
[2025-12-12 08:04:15] [generate_cnf] Generating formula vis_arrays_buf_bug with K=285
[2025-12-12 08:04:15] [run_formula] Running formula vis_arrays_buf_bug with K=285 up to limit 1600
[2025-12-12 08:04:36] [generate_cnf] Generating formula vis_arrays_buf_bug with K=286
[2025-12-12 08:04:36] [run_formula] Running formula vis_arrays_buf_bug with K=286 up to limit 1600
[2025-12-12 08:04:51] [generate_cnf] Generating formula vis_arrays_buf_bug with K=287
[2025-12-12 08:04:51] [run_formula] Running formula vis_arrays_buf_bug with K=287 up to limit 1600
[2025-12-12 08:04:55] [generate_cnf] Generating formula vis_arrays_buf_bug with K=288
[2025-12-12 08:04:56] [run_formula] Running formula vis_arrays_buf_bug with K=288 up to limit 1600
[2025-12-12 08:05:10] [generate_cnf] Generating formula vis_arrays_buf_bug with K=289
[2025-12-12 08:05:10] [run_formula] Running formula vis_arrays_buf_bug with K=289 up to limit 1600
[2025-12-12 08:05:29] [generate_cnf] Generating formula vis_arrays_buf_bug with K=290
[2025-12-12 08:05:29] [run_formula] Running formula vis_arrays_buf_bug with K=290 up to limit 1600
[2025-12-12 08:05:42] [generate_cnf] Generating formula vis_arrays_buf_bug with K=291
[2025-12-12 08:05:42] [run_formula] Running formula vis_arrays_buf_bug with K=291 up to limit 1600
[2025-12-12 08:05:56] [generate_cnf] Generating formula vis_arrays_buf_bug with K=292
[2025-12-12 08:05:56] [run_formula] Running formula vis_arrays_buf_bug with K=292 up to limit 1600
[2025-12-12 08:06:12] [generate_cnf] Generating formula vis_arrays_buf_bug with K=293
[2025-12-12 08:06:12] [run_formula] Running formula vis_arrays_buf_bug with K=293 up to limit 1600
[2025-12-12 08:06:33] [generate_cnf] Generating formula vis_arrays_buf_bug with K=294
[2025-12-12 08:06:33] [run_formula] Running formula vis_arrays_buf_bug with K=294 up to limit 1600
[2025-12-12 08:06:45] [generate_cnf] Generating formula vis_arrays_buf_bug with K=295
[2025-12-12 08:06:45] [run_formula] Running formula vis_arrays_buf_bug with K=295 up to limit 1600
[2025-12-12 08:07:00] [generate_cnf] Generating formula vis_arrays_buf_bug with K=296
[2025-12-12 08:07:00] [run_formula] Running formula vis_arrays_buf_bug with K=296 up to limit 1600
[2025-12-12 08:07:15] [generate_cnf] Generating formula vis_arrays_buf_bug with K=297
[2025-12-12 08:07:16] [run_formula] Running formula vis_arrays_buf_bug with K=297 up to limit 1600
[2025-12-12 08:07:30] [generate_cnf] Generating formula vis_arrays_buf_bug with K=298
[2025-12-12 08:07:30] [run_formula] Running formula vis_arrays_buf_bug with K=298 up to limit 1600
[2025-12-12 08:07:44] [generate_cnf] Generating formula vis_arrays_buf_bug with K=299
[2025-12-12 08:07:44] [run_formula] Running formula vis_arrays_buf_bug with K=299 up to limit 1600
[2025-12-12 08:07:51] [generate_cnf] Generating formula vis_arrays_buf_bug with K=300
[2025-12-12 08:07:52] [run_formula] Running formula vis_arrays_buf_bug with K=300 up to limit 1600
[2025-12-12 08:08:08] [generate_cnf] Generating formula vis_arrays_buf_bug with K=301
[2025-12-12 08:08:08] [run_formula] Running formula vis_arrays_buf_bug with K=301 up to limit 1600
[2025-12-12 08:08:15] [generate_cnf] Generating formula vis_arrays_buf_bug with K=302
[2025-12-12 08:08:15] [run_formula] Running formula vis_arrays_buf_bug with K=302 up to limit 1600
[2025-12-12 08:08:35] [generate_cnf] Generating formula vis_arrays_buf_bug with K=303
[2025-12-12 08:08:36] [run_formula] Running formula vis_arrays_buf_bug with K=303 up to limit 1600
[2025-12-12 08:09:31] [generate_cnf] Generating formula vis_arrays_buf_bug with K=304
[2025-12-12 08:09:31] [run_formula] Running formula vis_arrays_buf_bug with K=304 up to limit 1600
[2025-12-12 08:09:39] [generate_cnf] Generating formula vis_arrays_buf_bug with K=305
[2025-12-12 08:09:39] [run_formula] Running formula vis_arrays_buf_bug with K=305 up to limit 1600
[2025-12-12 08:09:41] [generate_cnf] Generating formula vis_arrays_buf_bug with K=306
[2025-12-12 08:09:41] [run_formula] Running formula vis_arrays_buf_bug with K=306 up to limit 1600
[2025-12-12 08:09:48] [generate_cnf] Generating formula vis_arrays_buf_bug with K=307
[2025-12-12 08:09:48] [run_formula] Running formula vis_arrays_buf_bug with K=307 up to limit 1600
[2025-12-12 08:10:06] [generate_cnf] Generating formula vis_arrays_buf_bug with K=308
[2025-12-12 08:10:06] [run_formula] Running formula vis_arrays_buf_bug with K=308 up to limit 1600
[2025-12-12 08:10:21] [generate_cnf] Generating formula vis_arrays_buf_bug with K=309
[2025-12-12 08:10:22] [run_formula] Running formula vis_arrays_buf_bug with K=309 up to limit 1600
[2025-12-12 08:11:11] [generate_cnf] Generating formula vis_arrays_buf_bug with K=310
[2025-12-12 08:11:11] [run_formula] Running formula vis_arrays_buf_bug with K=310 up to limit 1600
[2025-12-12 08:11:12] [generate_cnf] Generating formula vis_arrays_buf_bug with K=311
[2025-12-12 08:11:13] [run_formula] Running formula vis_arrays_buf_bug with K=311 up to limit 1600
[2025-12-12 08:11:31] [generate_cnf] Generating formula vis_arrays_buf_bug with K=312
[2025-12-12 08:11:31] [run_formula] Running formula vis_arrays_buf_bug with K=312 up to limit 1600
[2025-12-12 08:11:53] [generate_cnf] Generating formula vis_arrays_buf_bug with K=313
[2025-12-12 08:11:53] [run_formula] Running formula vis_arrays_buf_bug with K=313 up to limit 1600
[2025-12-12 08:12:03] [generate_cnf] Generating formula vis_arrays_buf_bug with K=314
[2025-12-12 08:12:03] [run_formula] Running formula vis_arrays_buf_bug with K=314 up to limit 1600
[2025-12-12 08:12:18] [generate_cnf] Generating formula vis_arrays_buf_bug with K=315
[2025-12-12 08:12:18] [run_formula] Running formula vis_arrays_buf_bug with K=315 up to limit 1600
[2025-12-12 08:12:30] [generate_cnf] Generating formula vis_arrays_buf_bug with K=316
[2025-12-12 08:12:30] [run_formula] Running formula vis_arrays_buf_bug with K=316 up to limit 1600
[2025-12-12 08:12:46] [generate_cnf] Generating formula vis_arrays_buf_bug with K=317
[2025-12-12 08:12:46] [run_formula] Running formula vis_arrays_buf_bug with K=317 up to limit 1600
[2025-12-12 08:12:48] [generate_cnf] Generating formula vis_arrays_buf_bug with K=318
[2025-12-12 08:12:48] [run_formula] Running formula vis_arrays_buf_bug with K=318 up to limit 1600
[2025-12-12 08:13:07] [generate_cnf] Generating formula vis_arrays_buf_bug with K=319
[2025-12-12 08:13:08] [run_formula] Running formula vis_arrays_buf_bug with K=319 up to limit 1600
[2025-12-12 08:14:03] [generate_cnf] Generating formula vis_arrays_buf_bug with K=320
[2025-12-12 08:14:03] [run_formula] Running formula vis_arrays_buf_bug with K=320 up to limit 1600
[2025-12-12 08:14:24] [generate_cnf] Generating formula vis_arrays_buf_bug with K=321
[2025-12-12 08:14:24] [run_formula] Running formula vis_arrays_buf_bug with K=321 up to limit 1600
[2025-12-12 08:14:41] [generate_cnf] Generating formula vis_arrays_buf_bug with K=322
[2025-12-12 08:14:42] [run_formula] Running formula vis_arrays_buf_bug with K=322 up to limit 1600
[2025-12-12 08:14:59] [generate_cnf] Generating formula vis_arrays_buf_bug with K=323
[2025-12-12 08:14:59] [run_formula] Running formula vis_arrays_buf_bug with K=323 up to limit 1600
[2025-12-12 08:15:01] [generate_cnf] Generating formula vis_arrays_buf_bug with K=324
[2025-12-12 08:15:02] [run_formula] Running formula vis_arrays_buf_bug with K=324 up to limit 1600
[2025-12-12 08:15:14] [generate_cnf] Generating formula vis_arrays_buf_bug with K=325
[2025-12-12 08:15:14] [run_formula] Running formula vis_arrays_buf_bug with K=325 up to limit 1600
[2025-12-12 08:15:16] [generate_cnf] Generating formula vis_arrays_buf_bug with K=326
[2025-12-12 08:15:16] [run_formula] Running formula vis_arrays_buf_bug with K=326 up to limit 1600
[2025-12-12 08:15:22] [generate_cnf] Generating formula vis_arrays_buf_bug with K=327
[2025-12-12 08:15:23] [run_formula] Running formula vis_arrays_buf_bug with K=327 up to limit 1600
[2025-12-12 08:15:39] [generate_cnf] Generating formula vis_arrays_buf_bug with K=328
[2025-12-12 08:15:39] [run_formula] Running formula vis_arrays_buf_bug with K=328 up to limit 1600
[2025-12-12 08:15:56] [generate_cnf] Generating formula vis_arrays_buf_bug with K=329
[2025-12-12 08:15:56] [run_formula] Running formula vis_arrays_buf_bug with K=329 up to limit 1600
[2025-12-12 08:15:59] [generate_cnf] Generating formula vis_arrays_buf_bug with K=330
[2025-12-12 08:15:59] [run_formula] Running formula vis_arrays_buf_bug with K=330 up to limit 1600
[2025-12-12 08:16:15] [generate_cnf] Generating formula vis_arrays_buf_bug with K=331
[2025-12-12 08:16:15] [run_formula] Running formula vis_arrays_buf_bug with K=331 up to limit 1600
[2025-12-12 08:16:32] [generate_cnf] Generating formula vis_arrays_buf_bug with K=332
[2025-12-12 08:16:33] [run_formula] Running formula vis_arrays_buf_bug with K=332 up to limit 1600
[2025-12-12 08:16:35] [generate_cnf] Generating formula vis_arrays_buf_bug with K=333
[2025-12-12 08:16:35] [run_formula] Running formula vis_arrays_buf_bug with K=333 up to limit 1600
[2025-12-12 08:16:36] [generate_cnf] Generating formula vis_arrays_buf_bug with K=334
[2025-12-12 08:16:36] [run_formula] Running formula vis_arrays_buf_bug with K=334 up to limit 1600
[2025-12-12 08:16:44] [generate_cnf] Generating formula vis_arrays_buf_bug with K=335
[2025-12-12 08:16:44] [run_formula] Running formula vis_arrays_buf_bug with K=335 up to limit 1600
[2025-12-12 08:16:59] [generate_cnf] Generating formula vis_arrays_buf_bug with K=336
[2025-12-12 08:17:00] [run_formula] Running formula vis_arrays_buf_bug with K=336 up to limit 1600
[2025-12-12 08:17:20] [generate_cnf] Generating formula vis_arrays_buf_bug with K=337
[2025-12-12 08:17:20] [run_formula] Running formula vis_arrays_buf_bug with K=337 up to limit 1600
[2025-12-12 08:17:21] [generate_cnf] Generating formula vis_arrays_buf_bug with K=338
[2025-12-12 08:17:21] [run_formula] Running formula vis_arrays_buf_bug with K=338 up to limit 1600
[2025-12-12 08:18:11] [generate_cnf] Generating formula vis_arrays_buf_bug with K=339
[2025-12-12 08:18:11] [run_formula] Running formula vis_arrays_buf_bug with K=339 up to limit 1600
[2025-12-12 08:18:25] [generate_cnf] Generating formula vis_arrays_buf_bug with K=340
[2025-12-12 08:18:26] [run_formula] Running formula vis_arrays_buf_bug with K=340 up to limit 1600
[2025-12-12 08:18:44] [generate_cnf] Generating formula vis_arrays_buf_bug with K=341
[2025-12-12 08:18:45] [run_formula] Running formula vis_arrays_buf_bug with K=341 up to limit 1600
[2025-12-12 08:18:45] [generate_cnf] Generating formula vis_arrays_buf_bug with K=342
[2025-12-12 08:18:45] [run_formula] Running formula vis_arrays_buf_bug with K=342 up to limit 1600
[2025-12-12 08:19:45] [generate_cnf] Generating formula vis_arrays_buf_bug with K=343
[2025-12-12 08:19:45] [run_formula] Running formula vis_arrays_buf_bug with K=343 up to limit 1600
[2025-12-12 08:20:05] [generate_cnf] Generating formula vis_arrays_buf_bug with K=344
[2025-12-12 08:20:05] [run_formula] Running formula vis_arrays_buf_bug with K=344 up to limit 1600
[2025-12-12 08:20:15] [generate_cnf] Generating formula vis_arrays_buf_bug with K=345
[2025-12-12 08:20:15] [run_formula] Running formula vis_arrays_buf_bug with K=345 up to limit 1600
[2025-12-12 08:21:17] [generate_cnf] Generating formula vis_arrays_buf_bug with K=346
[2025-12-12 08:21:17] [run_formula] Running formula vis_arrays_buf_bug with K=346 up to limit 1600
[2025-12-12 08:22:21] [generate_cnf] Generating formula vis_arrays_buf_bug with K=347
[2025-12-12 08:22:21] [run_formula] Running formula vis_arrays_buf_bug with K=347 up to limit 1600
[2025-12-12 08:22:42] [generate_cnf] Generating formula vis_arrays_buf_bug with K=348
[2025-12-12 08:22:42] [run_formula] Running formula vis_arrays_buf_bug with K=348 up to limit 1600
[2025-12-12 08:23:05] [generate_cnf] Generating formula vis_arrays_buf_bug with K=349
[2025-12-12 08:23:05] [run_formula] Running formula vis_arrays_buf_bug with K=349 up to limit 1600
[2025-12-12 08:24:06] [generate_cnf] Generating formula vis_arrays_buf_bug with K=350
[2025-12-12 08:24:06] [run_formula] Running formula vis_arrays_buf_bug with K=350 up to limit 1600
[2025-12-12 08:24:16] [generate_cnf] Generating formula vis_arrays_buf_bug with K=351
[2025-12-12 08:24:16] [run_formula] Running formula vis_arrays_buf_bug with K=351 up to limit 1600
[2025-12-12 08:24:36] [generate_cnf] Generating formula vis_arrays_buf_bug with K=352
[2025-12-12 08:24:37] [run_formula] Running formula vis_arrays_buf_bug with K=352 up to limit 1600
[2025-12-12 08:24:44] [generate_cnf] Generating formula vis_arrays_buf_bug with K=353
[2025-12-12 08:24:44] [run_formula] Running formula vis_arrays_buf_bug with K=353 up to limit 1600
[2025-12-12 08:24:47] [generate_cnf] Generating formula vis_arrays_buf_bug with K=354
[2025-12-12 08:24:48] [run_formula] Running formula vis_arrays_buf_bug with K=354 up to limit 1600
[2025-12-12 08:25:11] [generate_cnf] Generating formula vis_arrays_buf_bug with K=355
[2025-12-12 08:25:12] [run_formula] Running formula vis_arrays_buf_bug with K=355 up to limit 1600
[2025-12-12 08:25:34] [generate_cnf] Generating formula vis_arrays_buf_bug with K=356
[2025-12-12 08:25:34] [run_formula] Running formula vis_arrays_buf_bug with K=356 up to limit 1600
[2025-12-12 08:26:35] [generate_cnf] Generating formula vis_arrays_buf_bug with K=357
[2025-12-12 08:26:35] [run_formula] Running formula vis_arrays_buf_bug with K=357 up to limit 1600
[2025-12-12 08:27:38] [generate_cnf] Generating formula vis_arrays_buf_bug with K=358
[2025-12-12 08:27:38] [run_formula] Running formula vis_arrays_buf_bug with K=358 up to limit 1600
[2025-12-12 08:28:42] [run_formula] Error running formula vis_arrays_buf_bug with K=358: [Errno 122] Disk quota exceeded: './results/solving_logs/vis_arrays_buf_bug//vis_arrays_buf_bug.358.log'
[2025-12-12 08:28:42] [generate_and_run_up_to_limit] Failed to run formula vis_arrays_buf_bug with K=358, halting
