CNF written.
CNF written.
CNF written.
CNF written.
CNF written.
CNF written.
CNF written.
CNF written.
CNF written.
CNF written.
CNF written.
CNF written.
CNF written.
CNF written.
CNF written.
CNF written.
CNF written.
CNF written.
CNF written.
CNF written.
CNF written.
CNF written.
CNF written.
CNF written.
CNF written.
CNF written.
CNF written.
CNF written.
CNF written.
CNF written.
CNF written.
CNF written.
CNF written.
CNF written.
CNF written.
CNF written.
CNF written.
CNF written.
CNF written.
CNF written.
CNF written.
CNF written.
CNF written.
CNF written.
CNF written.
CNF written.
CNF written.
CNF written.
CNF written.
CNF written.
CNF written.
CNF written.
CNF written.
CNF written.
CNF written.
CNF written.
CNF written.
CNF written.
CNF written.
CNF written.
CNF written.
CNF written.
CNF written.
CNF written.
CNF written.
CNF written.
CNF written.
CNF written.
CNF written.
CNF written.
CNF written.
CNF written.
CNF written.
CNF written.
CNF written.
CNF written.
CNF written.
CNF written.
[2025-12-12 07:53:30] [generate_and_run_up_to_limit] Generating and running zipcpu-busdelay-p46 with K<=500 up to limit 1600
[2025-12-12 07:53:30] [generate_cnf] Generating formula zipcpu-busdelay-p46 with K=1
[2025-12-12 07:53:30] [run_formula] Running formula zipcpu-busdelay-p46 with K=1 up to limit 1600
[2025-12-12 07:53:30] [generate_cnf] Generating formula zipcpu-busdelay-p46 with K=2
[2025-12-12 07:53:30] [run_formula] Running formula zipcpu-busdelay-p46 with K=2 up to limit 1600
[2025-12-12 07:53:30] [generate_cnf] Generating formula zipcpu-busdelay-p46 with K=3
[2025-12-12 07:53:30] [run_formula] Running formula zipcpu-busdelay-p46 with K=3 up to limit 1600
[2025-12-12 07:53:30] [generate_cnf] Generating formula zipcpu-busdelay-p46 with K=4
[2025-12-12 07:53:30] [run_formula] Running formula zipcpu-busdelay-p46 with K=4 up to limit 1600
[2025-12-12 07:53:30] [generate_cnf] Generating formula zipcpu-busdelay-p46 with K=5
[2025-12-12 07:53:30] [run_formula] Running formula zipcpu-busdelay-p46 with K=5 up to limit 1600
[2025-12-12 07:53:30] [generate_cnf] Generating formula zipcpu-busdelay-p46 with K=6
[2025-12-12 07:53:30] [run_formula] Running formula zipcpu-busdelay-p46 with K=6 up to limit 1600
[2025-12-12 07:53:30] [generate_cnf] Generating formula zipcpu-busdelay-p46 with K=7
[2025-12-12 07:53:30] [run_formula] Running formula zipcpu-busdelay-p46 with K=7 up to limit 1600
[2025-12-12 07:53:30] [generate_cnf] Generating formula zipcpu-busdelay-p46 with K=8
[2025-12-12 07:53:30] [run_formula] Running formula zipcpu-busdelay-p46 with K=8 up to limit 1600
[2025-12-12 07:53:30] [generate_cnf] Generating formula zipcpu-busdelay-p46 with K=9
[2025-12-12 07:53:30] [run_formula] Running formula zipcpu-busdelay-p46 with K=9 up to limit 1600
[2025-12-12 07:53:30] [generate_cnf] Generating formula zipcpu-busdelay-p46 with K=10
[2025-12-12 07:53:30] [run_formula] Running formula zipcpu-busdelay-p46 with K=10 up to limit 1600
[2025-12-12 07:53:31] [generate_cnf] Generating formula zipcpu-busdelay-p46 with K=11
[2025-12-12 07:53:31] [run_formula] Running formula zipcpu-busdelay-p46 with K=11 up to limit 1600
[2025-12-12 07:53:31] [generate_cnf] Generating formula zipcpu-busdelay-p46 with K=12
[2025-12-12 07:53:31] [run_formula] Running formula zipcpu-busdelay-p46 with K=12 up to limit 1600
[2025-12-12 07:53:31] [generate_cnf] Generating formula zipcpu-busdelay-p46 with K=13
[2025-12-12 07:53:31] [run_formula] Running formula zipcpu-busdelay-p46 with K=13 up to limit 1600
[2025-12-12 07:53:31] [generate_cnf] Generating formula zipcpu-busdelay-p46 with K=14
[2025-12-12 07:53:31] [run_formula] Running formula zipcpu-busdelay-p46 with K=14 up to limit 1600
[2025-12-12 07:53:31] [generate_cnf] Generating formula zipcpu-busdelay-p46 with K=15
[2025-12-12 07:53:32] [run_formula] Running formula zipcpu-busdelay-p46 with K=15 up to limit 1600
[2025-12-12 07:53:32] [generate_cnf] Generating formula zipcpu-busdelay-p46 with K=16
[2025-12-12 07:53:32] [run_formula] Running formula zipcpu-busdelay-p46 with K=16 up to limit 1600
[2025-12-12 07:53:32] [generate_cnf] Generating formula zipcpu-busdelay-p46 with K=17
[2025-12-12 07:53:32] [run_formula] Running formula zipcpu-busdelay-p46 with K=17 up to limit 1600
[2025-12-12 07:53:33] [generate_cnf] Generating formula zipcpu-busdelay-p46 with K=18
[2025-12-12 07:53:33] [run_formula] Running formula zipcpu-busdelay-p46 with K=18 up to limit 1600
[2025-12-12 07:53:34] [generate_cnf] Generating formula zipcpu-busdelay-p46 with K=19
[2025-12-12 07:53:34] [run_formula] Running formula zipcpu-busdelay-p46 with K=19 up to limit 1600
[2025-12-12 07:53:34] [generate_cnf] Generating formula zipcpu-busdelay-p46 with K=20
[2025-12-12 07:53:35] [run_formula] Running formula zipcpu-busdelay-p46 with K=20 up to limit 1600
[2025-12-12 07:53:35] [generate_cnf] Generating formula zipcpu-busdelay-p46 with K=21
[2025-12-12 07:53:35] [run_formula] Running formula zipcpu-busdelay-p46 with K=21 up to limit 1600
[2025-12-12 07:53:37] [generate_cnf] Generating formula zipcpu-busdelay-p46 with K=22
[2025-12-12 07:53:37] [run_formula] Running formula zipcpu-busdelay-p46 with K=22 up to limit 1600
[2025-12-12 07:53:38] [generate_cnf] Generating formula zipcpu-busdelay-p46 with K=23
[2025-12-12 07:53:39] [run_formula] Running formula zipcpu-busdelay-p46 with K=23 up to limit 1600
[2025-12-12 07:53:40] [generate_cnf] Generating formula zipcpu-busdelay-p46 with K=24
[2025-12-12 07:53:41] [run_formula] Running formula zipcpu-busdelay-p46 with K=24 up to limit 1600
[2025-12-12 07:53:43] [generate_cnf] Generating formula zipcpu-busdelay-p46 with K=25
[2025-12-12 07:53:43] [run_formula] Running formula zipcpu-busdelay-p46 with K=25 up to limit 1600
[2025-12-12 07:53:45] [generate_cnf] Generating formula zipcpu-busdelay-p46 with K=26
[2025-12-12 07:53:46] [run_formula] Running formula zipcpu-busdelay-p46 with K=26 up to limit 1600
[2025-12-12 07:53:49] [generate_cnf] Generating formula zipcpu-busdelay-p46 with K=27
[2025-12-12 07:53:49] [run_formula] Running formula zipcpu-busdelay-p46 with K=27 up to limit 1600
[2025-12-12 07:53:52] [generate_cnf] Generating formula zipcpu-busdelay-p46 with K=28
[2025-12-12 07:53:52] [run_formula] Running formula zipcpu-busdelay-p46 with K=28 up to limit 1600
[2025-12-12 07:53:55] [generate_cnf] Generating formula zipcpu-busdelay-p46 with K=29
[2025-12-12 07:53:55] [run_formula] Running formula zipcpu-busdelay-p46 with K=29 up to limit 1600
[2025-12-12 07:53:59] [generate_cnf] Generating formula zipcpu-busdelay-p46 with K=30
[2025-12-12 07:53:59] [run_formula] Running formula zipcpu-busdelay-p46 with K=30 up to limit 1600
[2025-12-12 07:54:05] [generate_cnf] Generating formula zipcpu-busdelay-p46 with K=31
[2025-12-12 07:54:05] [run_formula] Running formula zipcpu-busdelay-p46 with K=31 up to limit 1600
[2025-12-12 07:54:10] [generate_cnf] Generating formula zipcpu-busdelay-p46 with K=32
[2025-12-12 07:54:11] [run_formula] Running formula zipcpu-busdelay-p46 with K=32 up to limit 1600
[2025-12-12 07:54:19] [generate_cnf] Generating formula zipcpu-busdelay-p46 with K=33
[2025-12-12 07:54:19] [run_formula] Running formula zipcpu-busdelay-p46 with K=33 up to limit 1600
[2025-12-12 07:54:27] [generate_cnf] Generating formula zipcpu-busdelay-p46 with K=34
[2025-12-12 07:54:27] [run_formula] Running formula zipcpu-busdelay-p46 with K=34 up to limit 1600
[2025-12-12 07:54:36] [generate_cnf] Generating formula zipcpu-busdelay-p46 with K=35
[2025-12-12 07:54:36] [run_formula] Running formula zipcpu-busdelay-p46 with K=35 up to limit 1600
[2025-12-12 07:54:46] [generate_cnf] Generating formula zipcpu-busdelay-p46 with K=36
[2025-12-12 07:54:46] [run_formula] Running formula zipcpu-busdelay-p46 with K=36 up to limit 1600
[2025-12-12 07:54:59] [generate_cnf] Generating formula zipcpu-busdelay-p46 with K=37
[2025-12-12 07:54:59] [run_formula] Running formula zipcpu-busdelay-p46 with K=37 up to limit 1600
[2025-12-12 07:55:10] [generate_cnf] Generating formula zipcpu-busdelay-p46 with K=38
[2025-12-12 07:55:10] [run_formula] Running formula zipcpu-busdelay-p46 with K=38 up to limit 1600
[2025-12-12 07:55:21] [generate_cnf] Generating formula zipcpu-busdelay-p46 with K=39
[2025-12-12 07:55:22] [run_formula] Running formula zipcpu-busdelay-p46 with K=39 up to limit 1600
[2025-12-12 07:55:34] [generate_cnf] Generating formula zipcpu-busdelay-p46 with K=40
[2025-12-12 07:55:34] [run_formula] Running formula zipcpu-busdelay-p46 with K=40 up to limit 1600
[2025-12-12 07:55:47] [generate_cnf] Generating formula zipcpu-busdelay-p46 with K=41
[2025-12-12 07:55:47] [run_formula] Running formula zipcpu-busdelay-p46 with K=41 up to limit 1600
[2025-12-12 07:55:58] [generate_cnf] Generating formula zipcpu-busdelay-p46 with K=42
[2025-12-12 07:55:58] [run_formula] Running formula zipcpu-busdelay-p46 with K=42 up to limit 1600
[2025-12-12 07:56:16] [generate_cnf] Generating formula zipcpu-busdelay-p46 with K=43
[2025-12-12 07:56:16] [run_formula] Running formula zipcpu-busdelay-p46 with K=43 up to limit 1600
[2025-12-12 07:56:32] [generate_cnf] Generating formula zipcpu-busdelay-p46 with K=44
[2025-12-12 07:56:33] [run_formula] Running formula zipcpu-busdelay-p46 with K=44 up to limit 1600
[2025-12-12 07:56:53] [generate_cnf] Generating formula zipcpu-busdelay-p46 with K=45
[2025-12-12 07:56:54] [run_formula] Running formula zipcpu-busdelay-p46 with K=45 up to limit 1600
[2025-12-12 07:57:16] [generate_cnf] Generating formula zipcpu-busdelay-p46 with K=46
[2025-12-12 07:57:16] [run_formula] Running formula zipcpu-busdelay-p46 with K=46 up to limit 1600
[2025-12-12 07:57:34] [generate_cnf] Generating formula zipcpu-busdelay-p46 with K=47
[2025-12-12 07:57:34] [run_formula] Running formula zipcpu-busdelay-p46 with K=47 up to limit 1600
[2025-12-12 07:58:01] [generate_cnf] Generating formula zipcpu-busdelay-p46 with K=48
[2025-12-12 07:58:02] [run_formula] Running formula zipcpu-busdelay-p46 with K=48 up to limit 1600
[2025-12-12 07:58:23] [generate_cnf] Generating formula zipcpu-busdelay-p46 with K=49
[2025-12-12 07:58:23] [run_formula] Running formula zipcpu-busdelay-p46 with K=49 up to limit 1600
[2025-12-12 07:58:47] [generate_cnf] Generating formula zipcpu-busdelay-p46 with K=50
[2025-12-12 07:58:47] [run_formula] Running formula zipcpu-busdelay-p46 with K=50 up to limit 1600
[2025-12-12 07:59:10] [generate_cnf] Generating formula zipcpu-busdelay-p46 with K=51
[2025-12-12 07:59:10] [run_formula] Running formula zipcpu-busdelay-p46 with K=51 up to limit 1600
[2025-12-12 07:59:43] [generate_cnf] Generating formula zipcpu-busdelay-p46 with K=52
[2025-12-12 07:59:43] [run_formula] Running formula zipcpu-busdelay-p46 with K=52 up to limit 1600
[2025-12-12 08:00:23] [generate_cnf] Generating formula zipcpu-busdelay-p46 with K=53
[2025-12-12 08:00:23] [run_formula] Running formula zipcpu-busdelay-p46 with K=53 up to limit 1600
[2025-12-12 08:00:45] [generate_cnf] Generating formula zipcpu-busdelay-p46 with K=54
[2025-12-12 08:00:46] [run_formula] Running formula zipcpu-busdelay-p46 with K=54 up to limit 1600
[2025-12-12 08:01:27] [generate_cnf] Generating formula zipcpu-busdelay-p46 with K=55
[2025-12-12 08:01:27] [run_formula] Running formula zipcpu-busdelay-p46 with K=55 up to limit 1600
[2025-12-12 08:02:10] [generate_cnf] Generating formula zipcpu-busdelay-p46 with K=56
[2025-12-12 08:02:10] [run_formula] Running formula zipcpu-busdelay-p46 with K=56 up to limit 1600
[2025-12-12 08:02:56] [generate_cnf] Generating formula zipcpu-busdelay-p46 with K=57
[2025-12-12 08:02:56] [run_formula] Running formula zipcpu-busdelay-p46 with K=57 up to limit 1600
[2025-12-12 08:03:39] [generate_cnf] Generating formula zipcpu-busdelay-p46 with K=58
[2025-12-12 08:03:40] [run_formula] Running formula zipcpu-busdelay-p46 with K=58 up to limit 1600
[2025-12-12 08:04:32] [generate_cnf] Generating formula zipcpu-busdelay-p46 with K=59
[2025-12-12 08:04:32] [run_formula] Running formula zipcpu-busdelay-p46 with K=59 up to limit 1600
[2025-12-12 08:05:11] [generate_cnf] Generating formula zipcpu-busdelay-p46 with K=60
[2025-12-12 08:05:12] [run_formula] Running formula zipcpu-busdelay-p46 with K=60 up to limit 1600
[2025-12-12 08:06:05] [generate_cnf] Generating formula zipcpu-busdelay-p46 with K=61
[2025-12-12 08:06:06] [run_formula] Running formula zipcpu-busdelay-p46 with K=61 up to limit 1600
[2025-12-12 08:07:06] [generate_cnf] Generating formula zipcpu-busdelay-p46 with K=62
[2025-12-12 08:07:06] [run_formula] Running formula zipcpu-busdelay-p46 with K=62 up to limit 1600
[2025-12-12 08:07:58] [generate_cnf] Generating formula zipcpu-busdelay-p46 with K=63
[2025-12-12 08:07:59] [run_formula] Running formula zipcpu-busdelay-p46 with K=63 up to limit 1600
[2025-12-12 08:08:52] [generate_cnf] Generating formula zipcpu-busdelay-p46 with K=64
[2025-12-12 08:08:53] [run_formula] Running formula zipcpu-busdelay-p46 with K=64 up to limit 1600
[2025-12-12 08:10:00] [generate_cnf] Generating formula zipcpu-busdelay-p46 with K=65
[2025-12-12 08:10:01] [run_formula] Running formula zipcpu-busdelay-p46 with K=65 up to limit 1600
[2025-12-12 08:10:48] [generate_cnf] Generating formula zipcpu-busdelay-p46 with K=66
[2025-12-12 08:10:48] [run_formula] Running formula zipcpu-busdelay-p46 with K=66 up to limit 1600
[2025-12-12 08:11:59] [generate_cnf] Generating formula zipcpu-busdelay-p46 with K=67
[2025-12-12 08:12:00] [run_formula] Running formula zipcpu-busdelay-p46 with K=67 up to limit 1600
[2025-12-12 08:12:59] [generate_cnf] Generating formula zipcpu-busdelay-p46 with K=68
[2025-12-12 08:13:00] [run_formula] Running formula zipcpu-busdelay-p46 with K=68 up to limit 1600
[2025-12-12 08:14:09] [generate_cnf] Generating formula zipcpu-busdelay-p46 with K=69
[2025-12-12 08:14:09] [run_formula] Running formula zipcpu-busdelay-p46 with K=69 up to limit 1600
[2025-12-12 08:15:15] [generate_cnf] Generating formula zipcpu-busdelay-p46 with K=70
[2025-12-12 08:15:16] [run_formula] Running formula zipcpu-busdelay-p46 with K=70 up to limit 1600
[2025-12-12 08:16:15] [generate_cnf] Generating formula zipcpu-busdelay-p46 with K=71
[2025-12-12 08:16:16] [run_formula] Running formula zipcpu-busdelay-p46 with K=71 up to limit 1600
[2025-12-12 08:17:32] [generate_cnf] Generating formula zipcpu-busdelay-p46 with K=72
[2025-12-12 08:17:33] [run_formula] Running formula zipcpu-busdelay-p46 with K=72 up to limit 1600
[2025-12-12 08:18:41] [generate_cnf] Generating formula zipcpu-busdelay-p46 with K=73
[2025-12-12 08:18:42] [run_formula] Running formula zipcpu-busdelay-p46 with K=73 up to limit 1600
[2025-12-12 08:19:58] [generate_cnf] Generating formula zipcpu-busdelay-p46 with K=74
[2025-12-12 08:19:59] [run_formula] Running formula zipcpu-busdelay-p46 with K=74 up to limit 1600
[2025-12-12 08:21:45] [generate_cnf] Generating formula zipcpu-busdelay-p46 with K=75
[2025-12-12 08:21:45] [run_formula] Running formula zipcpu-busdelay-p46 with K=75 up to limit 1600
[2025-12-12 08:23:29] [generate_cnf] Generating formula zipcpu-busdelay-p46 with K=76
[2025-12-12 08:23:30] [run_formula] Running formula zipcpu-busdelay-p46 with K=76 up to limit 1600
[2025-12-12 08:24:54] [generate_cnf] Generating formula zipcpu-busdelay-p46 with K=77
[2025-12-12 08:24:55] [run_formula] Running formula zipcpu-busdelay-p46 with K=77 up to limit 1600
[2025-12-12 08:27:10] [generate_cnf] Generating formula zipcpu-busdelay-p46 with K=78
[2025-12-12 08:27:10] [run_formula] Running formula zipcpu-busdelay-p46 with K=78 up to limit 1600
[2025-12-12 08:28:38] [run_formula] Error running formula zipcpu-busdelay-p46 with K=78: [Errno 122] Disk quota exceeded: './results/solving_logs/zipcpu-busdelay-p46//zipcpu-busdelay-p46.78.log'
[2025-12-12 08:28:38] [generate_and_run_up_to_limit] Failed to run formula zipcpu-busdelay-p46 with K=78, halting
